
         /\      Grafana   /‾‾/  
    /\  /  \     |\  __   /  /   
   /  \/    \    | |/ /  /   ‾‾\ 
  /          \   |   (  |  (‾)  |
 / __________ \  |_|\_\  \_____/ 


     execution: local
        script: /scripts/load-test.js
        output: json (/results/results.json)

     scenarios: (100.00%) 1 scenario, 12 max VUs, 12m30s max duration (incl. graceful stop):
              * gradual_ramp: Up to 12 looping VUs for 12m0s over 4 stages (gracefulRampDown: 30s, gracefulStop: 30s)

time="2026-08-16T11:59:28Z" level=info msg="Seeding and pre-authenticating 120 users..." source=console

Run            [ 100% ] setup()
gradual_ramp   [   0% ]

Run            [ 100% ] setup()
gradual_ramp   [   0% ]

Run            [ 100% ] setup()
gradual_ramp   [   0% ]

Run            [ 100% ] setup()
gradual_ramp   [   0% ]

Run            [ 100% ] setup()
gradual_ramp   [   0% ]

Run            [ 100% ] setup()
gradual_ramp   [   0% ]

Run            [ 100% ] setup()
gradual_ramp   [   0% ]

Run            [ 100% ] setup()
gradual_ramp   [   0% ]

Run            [ 100% ] setup()
gradual_ramp   [   0% ]

Run            [ 100% ] setup()
gradual_ramp   [   0% ]

Run            [ 100% ] setup()
gradual_ramp   [   0% ]

Run            [ 100% ] setup()
gradual_ramp   [   0% ]

Run            [ 100% ] setup()
gradual_ramp   [   0% ]

Run            [ 100% ] setup()
gradual_ramp   [   0% ]

Run            [ 100% ] setup()
gradual_ramp   [   0% ]

Run            [ 100% ] setup()
gradual_ramp   [   0% ]

Run            [ 100% ] setup()
gradual_ramp   [   0% ]

Run            [ 100% ] setup()
gradual_ramp   [   0% ]

Run            [ 100% ] setup()
gradual_ramp   [   0% ]

Run            [ 100% ] setup()
gradual_ramp   [   0% ]

Run            [ 100% ] setup()
gradual_ramp   [   0% ]

Run            [ 100% ] setup()
gradual_ramp   [   0% ]

Run            [ 100% ] setup()
gradual_ramp   [   0% ]

Run            [ 100% ] setup()
gradual_ramp   [   0% ]

Run            [ 100% ] setup()
gradual_ramp   [   0% ]

Run            [ 100% ] setup()
gradual_ramp   [   0% ]

Run            [ 100% ] setup()
gradual_ramp   [   0% ]

Run            [ 100% ] setup()
gradual_ramp   [   0% ]
time="2026-08-16T11:59:56Z" level=info msg="Pre-auth complete: 120/120 tokens obtained" source=console

running (00m29.0s), 01/12 VUs, 22 complete and 0 interrupted iterations
gradual_ramp   [   0% ] 01/12 VUs  00m00.9s/12m00.0s

running (00m30.0s), 01/12 VUs, 32 complete and 0 interrupted iterations
gradual_ramp   [   0% ] 01/12 VUs  00m01.9s/12m00.0s

running (00m31.0s), 01/12 VUs, 37 complete and 0 interrupted iterations
gradual_ramp   [   0% ] 01/12 VUs  00m02.9s/12m00.0s

running (00m32.0s), 01/12 VUs, 83 complete and 0 interrupted iterations
gradual_ramp   [   1% ] 01/12 VUs  00m03.9s/12m00.0s

running (00m33.0s), 01/12 VUs, 97 complete and 0 interrupted iterations
gradual_ramp   [   1% ] 01/12 VUs  00m04.9s/12m00.0s

running (00m34.0s), 01/12 VUs, 111 complete and 0 interrupted iterations
gradual_ramp   [   1% ] 01/12 VUs  00m05.9s/12m00.0s

running (00m35.0s), 01/12 VUs, 119 complete and 0 interrupted iterations
gradual_ramp   [   1% ] 01/12 VUs  00m06.9s/12m00.0s

running (00m36.0s), 01/12 VUs, 122 complete and 0 interrupted iterations
gradual_ramp   [   1% ] 01/12 VUs  00m07.9s/12m00.0s

running (00m37.0s), 01/12 VUs, 125 complete and 0 interrupted iterations
gradual_ramp   [   1% ] 01/12 VUs  00m08.9s/12m00.0s

running (00m38.0s), 01/12 VUs, 159 complete and 0 interrupted iterations
gradual_ramp   [   1% ] 01/12 VUs  00m09.9s/12m00.0s

running (00m39.0s), 01/12 VUs, 174 complete and 0 interrupted iterations
gradual_ramp   [   2% ] 01/12 VUs  00m10.9s/12m00.0s

running (00m40.0s), 01/12 VUs, 177 complete and 0 interrupted iterations
gradual_ramp   [   2% ] 01/12 VUs  00m11.9s/12m00.0s

running (00m41.0s), 01/12 VUs, 190 complete and 0 interrupted iterations
gradual_ramp   [   2% ] 01/12 VUs  00m12.9s/12m00.0s

running (00m42.0s), 01/12 VUs, 206 complete and 0 interrupted iterations
gradual_ramp   [   2% ] 01/12 VUs  00m13.9s/12m00.0s

running (00m43.0s), 01/12 VUs, 207 complete and 0 interrupted iterations
gradual_ramp   [   2% ] 01/12 VUs  00m14.9s/12m00.0s

running (00m44.0s), 01/12 VUs, 234 complete and 0 interrupted iterations
gradual_ramp   [   2% ] 01/12 VUs  00m15.9s/12m00.0s

running (00m45.0s), 01/12 VUs, 260 complete and 0 interrupted iterations
gradual_ramp   [   2% ] 01/12 VUs  00m16.9s/12m00.0s

running (00m46.0s), 01/12 VUs, 265 complete and 0 interrupted iterations
gradual_ramp   [   2% ] 01/12 VUs  00m17.9s/12m00.0s

running (00m47.0s), 01/12 VUs, 278 complete and 0 interrupted iterations
gradual_ramp   [   3% ] 01/12 VUs  00m18.9s/12m00.0s

running (00m48.0s), 01/12 VUs, 289 complete and 0 interrupted iterations
gradual_ramp   [   3% ] 01/12 VUs  00m19.9s/12m00.0s

running (00m49.0s), 01/12 VUs, 302 complete and 0 interrupted iterations
gradual_ramp   [   3% ] 01/12 VUs  00m20.9s/12m00.0s

running (00m50.0s), 01/12 VUs, 308 complete and 0 interrupted iterations
gradual_ramp   [   3% ] 01/12 VUs  00m21.9s/12m00.0s

running (00m51.0s), 01/12 VUs, 331 complete and 0 interrupted iterations
gradual_ramp   [   3% ] 01/12 VUs  00m22.9s/12m00.0s

running (00m52.0s), 01/12 VUs, 349 complete and 0 interrupted iterations
gradual_ramp   [   3% ] 01/12 VUs  00m23.9s/12m00.0s

running (00m53.0s), 01/12 VUs, 350 complete and 0 interrupted iterations
gradual_ramp   [   3% ] 01/12 VUs  00m24.9s/12m00.0s

running (00m54.0s), 01/12 VUs, 376 complete and 0 interrupted iterations
gradual_ramp   [   4% ] 01/12 VUs  00m25.9s/12m00.0s

running (00m55.0s), 01/12 VUs, 393 complete and 0 interrupted iterations
gradual_ramp   [   4% ] 01/12 VUs  00m26.9s/12m00.0s

running (00m56.0s), 01/12 VUs, 400 complete and 0 interrupted iterations
gradual_ramp   [   4% ] 01/12 VUs  00m27.9s/12m00.0s

running (00m57.0s), 01/12 VUs, 421 complete and 0 interrupted iterations
gradual_ramp   [   4% ] 01/12 VUs  00m28.9s/12m00.0s

running (00m58.0s), 01/12 VUs, 431 complete and 0 interrupted iterations
gradual_ramp   [   4% ] 01/12 VUs  00m29.9s/12m00.0s

running (00m59.0s), 01/12 VUs, 454 complete and 0 interrupted iterations
gradual_ramp   [   4% ] 01/12 VUs  00m30.9s/12m00.0s

running (01m00.0s), 01/12 VUs, 484 complete and 0 interrupted iterations
gradual_ramp   [   4% ] 01/12 VUs  00m31.9s/12m00.0s

running (01m01.0s), 01/12 VUs, 488 complete and 0 interrupted iterations
gradual_ramp   [   5% ] 01/12 VUs  00m32.9s/12m00.0s

running (01m02.0s), 01/12 VUs, 494 complete and 0 interrupted iterations
gradual_ramp   [   5% ] 01/12 VUs  00m33.9s/12m00.0s

running (01m03.0s), 01/12 VUs, 499 complete and 0 interrupted iterations
gradual_ramp   [   5% ] 01/12 VUs  00m34.9s/12m00.0s

running (01m04.0s), 01/12 VUs, 505 complete and 0 interrupted iterations
gradual_ramp   [   5% ] 01/12 VUs  00m35.9s/12m00.0s

running (01m05.0s), 01/12 VUs, 521 complete and 0 interrupted iterations
gradual_ramp   [   5% ] 01/12 VUs  00m36.9s/12m00.0s

running (01m06.0s), 01/12 VUs, 526 complete and 0 interrupted iterations
gradual_ramp   [   5% ] 01/12 VUs  00m37.9s/12m00.0s

running (01m07.0s), 01/12 VUs, 528 complete and 0 interrupted iterations
gradual_ramp   [   5% ] 01/12 VUs  00m38.9s/12m00.0s

running (01m08.0s), 01/12 VUs, 552 complete and 0 interrupted iterations
gradual_ramp   [   6% ] 01/12 VUs  00m39.9s/12m00.0s

running (01m09.0s), 01/12 VUs, 561 complete and 0 interrupted iterations
gradual_ramp   [   6% ] 01/12 VUs  00m40.9s/12m00.0s

running (01m10.0s), 01/12 VUs, 569 complete and 0 interrupted iterations
gradual_ramp   [   6% ] 01/12 VUs  00m41.9s/12m00.0s

running (01m11.0s), 01/12 VUs, 591 complete and 0 interrupted iterations
gradual_ramp   [   6% ] 01/12 VUs  00m42.9s/12m00.0s

running (01m12.0s), 01/12 VUs, 608 complete and 0 interrupted iterations
gradual_ramp   [   6% ] 01/12 VUs  00m43.9s/12m00.0s

running (01m13.0s), 01/12 VUs, 611 complete and 0 interrupted iterations
gradual_ramp   [   6% ] 01/12 VUs  00m44.9s/12m00.0s

running (01m14.0s), 01/12 VUs, 613 complete and 0 interrupted iterations
gradual_ramp   [   6% ] 01/12 VUs  00m45.9s/12m00.0s

running (01m15.0s), 01/12 VUs, 627 complete and 0 interrupted iterations
gradual_ramp   [   7% ] 01/12 VUs  00m46.9s/12m00.0s

running (01m16.0s), 01/12 VUs, 640 complete and 0 interrupted iterations
gradual_ramp   [   7% ] 01/12 VUs  00m47.9s/12m00.0s

running (01m17.0s), 01/12 VUs, 656 complete and 0 interrupted iterations
gradual_ramp   [   7% ] 01/12 VUs  00m48.9s/12m00.0s

running (01m18.0s), 01/12 VUs, 659 complete and 0 interrupted iterations
gradual_ramp   [   7% ] 01/12 VUs  00m49.9s/12m00.0s

running (01m19.0s), 01/12 VUs, 676 complete and 0 interrupted iterations
gradual_ramp   [   7% ] 01/12 VUs  00m50.9s/12m00.0s

running (01m20.0s), 01/12 VUs, 687 complete and 0 interrupted iterations
gradual_ramp   [   7% ] 01/12 VUs  00m51.9s/12m00.0s

running (01m21.0s), 01/12 VUs, 694 complete and 0 interrupted iterations
gradual_ramp   [   7% ] 01/12 VUs  00m52.9s/12m00.0s

running (01m22.0s), 01/12 VUs, 721 complete and 0 interrupted iterations
gradual_ramp   [   7% ] 01/12 VUs  00m53.9s/12m00.0s

running (01m23.0s), 01/12 VUs, 736 complete and 0 interrupted iterations
gradual_ramp   [   8% ] 01/12 VUs  00m54.9s/12m00.0s

running (01m24.0s), 01/12 VUs, 765 complete and 0 interrupted iterations
gradual_ramp   [   8% ] 01/12 VUs  00m55.9s/12m00.0s

running (01m25.0s), 01/12 VUs, 809 complete and 0 interrupted iterations
gradual_ramp   [   8% ] 01/12 VUs  00m56.9s/12m00.0s

running (01m26.0s), 01/12 VUs, 831 complete and 0 interrupted iterations
gradual_ramp   [   8% ] 01/12 VUs  00m57.9s/12m00.0s

running (01m27.0s), 01/12 VUs, 836 complete and 0 interrupted iterations
gradual_ramp   [   8% ] 01/12 VUs  00m58.9s/12m00.0s

running (01m28.0s), 01/12 VUs, 843 complete and 0 interrupted iterations
gradual_ramp   [   8% ] 01/12 VUs  00m59.9s/12m00.0s

running (01m29.0s), 01/12 VUs, 845 complete and 0 interrupted iterations
gradual_ramp   [   8% ] 01/12 VUs  01m00.9s/12m00.0s

running (01m30.0s), 01/12 VUs, 885 complete and 0 interrupted iterations
gradual_ramp   [   9% ] 01/12 VUs  01m01.9s/12m00.0s

running (01m31.0s), 01/12 VUs, 907 complete and 0 interrupted iterations
gradual_ramp   [   9% ] 01/12 VUs  01m02.9s/12m00.0s

running (01m32.0s), 01/12 VUs, 928 complete and 0 interrupted iterations
gradual_ramp   [   9% ] 01/12 VUs  01m03.9s/12m00.0s

running (01m33.0s), 01/12 VUs, 936 complete and 0 interrupted iterations
gradual_ramp   [   9% ] 01/12 VUs  01m04.9s/12m00.0s

running (01m34.0s), 01/12 VUs, 949 complete and 0 interrupted iterations
gradual_ramp   [   9% ] 01/12 VUs  01m05.9s/12m00.0s

running (01m35.0s), 01/12 VUs, 957 complete and 0 interrupted iterations
gradual_ramp   [   9% ] 01/12 VUs  01m06.9s/12m00.0s

running (01m36.0s), 01/12 VUs, 975 complete and 0 interrupted iterations
gradual_ramp   [   9% ] 01/12 VUs  01m07.9s/12m00.0s

running (01m37.0s), 01/12 VUs, 992 complete and 0 interrupted iterations
gradual_ramp   [  10% ] 01/12 VUs  01m08.9s/12m00.0s

running (01m38.0s), 01/12 VUs, 1006 complete and 0 interrupted iterations
gradual_ramp   [  10% ] 01/12 VUs  01m09.9s/12m00.0s

running (01m39.0s), 01/12 VUs, 1031 complete and 0 interrupted iterations
gradual_ramp   [  10% ] 01/12 VUs  01m10.9s/12m00.0s

running (01m40.0s), 01/12 VUs, 1035 complete and 0 interrupted iterations
gradual_ramp   [  10% ] 01/12 VUs  01m11.9s/12m00.0s

running (01m41.0s), 01/12 VUs, 1061 complete and 0 interrupted iterations
gradual_ramp   [  10% ] 01/12 VUs  01m12.9s/12m00.0s

running (01m42.0s), 01/12 VUs, 1068 complete and 0 interrupted iterations
gradual_ramp   [  10% ] 01/12 VUs  01m13.9s/12m00.0s

running (01m43.0s), 01/12 VUs, 1070 complete and 0 interrupted iterations
gradual_ramp   [  10% ] 01/12 VUs  01m14.9s/12m00.0s

running (01m44.0s), 01/12 VUs, 1075 complete and 0 interrupted iterations
gradual_ramp   [  11% ] 01/12 VUs  01m15.9s/12m00.0s

running (01m45.0s), 01/12 VUs, 1078 complete and 0 interrupted iterations
gradual_ramp   [  11% ] 01/12 VUs  01m16.9s/12m00.0s

running (01m46.0s), 01/12 VUs, 1086 complete and 0 interrupted iterations
gradual_ramp   [  11% ] 01/12 VUs  01m17.9s/12m00.0s

running (01m47.0s), 01/12 VUs, 1116 complete and 0 interrupted iterations
gradual_ramp   [  11% ] 01/12 VUs  01m18.9s/12m00.0s

running (01m48.0s), 01/12 VUs, 1123 complete and 0 interrupted iterations
gradual_ramp   [  11% ] 01/12 VUs  01m19.9s/12m00.0s

running (01m49.0s), 01/12 VUs, 1170 complete and 0 interrupted iterations
gradual_ramp   [  11% ] 01/12 VUs  01m20.9s/12m00.0s

running (01m50.0s), 01/12 VUs, 1184 complete and 0 interrupted iterations
gradual_ramp   [  11% ] 01/12 VUs  01m21.9s/12m00.0s

running (01m51.0s), 01/12 VUs, 1203 complete and 0 interrupted iterations
gradual_ramp   [  12% ] 01/12 VUs  01m22.9s/12m00.0s

running (01m52.0s), 01/12 VUs, 1212 complete and 0 interrupted iterations
gradual_ramp   [  12% ] 01/12 VUs  01m23.9s/12m00.0s

running (01m53.0s), 01/12 VUs, 1222 complete and 0 interrupted iterations
gradual_ramp   [  12% ] 01/12 VUs  01m24.9s/12m00.0s

running (01m54.0s), 01/12 VUs, 1231 complete and 0 interrupted iterations
gradual_ramp   [  12% ] 01/12 VUs  01m25.9s/12m00.0s

running (01m55.0s), 01/12 VUs, 1243 complete and 0 interrupted iterations
gradual_ramp   [  12% ] 01/12 VUs  01m26.9s/12m00.0s

running (01m56.0s), 01/12 VUs, 1246 complete and 0 interrupted iterations
gradual_ramp   [  12% ] 01/12 VUs  01m27.9s/12m00.0s

running (01m57.0s), 01/12 VUs, 1252 complete and 0 interrupted iterations
gradual_ramp   [  12% ] 01/12 VUs  01m28.9s/12m00.0s

running (01m58.0s), 01/12 VUs, 1263 complete and 0 interrupted iterations
gradual_ramp   [  12% ] 01/12 VUs  01m29.9s/12m00.0s

running (01m59.0s), 01/12 VUs, 1275 complete and 0 interrupted iterations
gradual_ramp   [  13% ] 01/12 VUs  01m30.9s/12m00.0s

running (02m00.0s), 01/12 VUs, 1298 complete and 0 interrupted iterations
gradual_ramp   [  13% ] 01/12 VUs  01m31.9s/12m00.0s

running (02m01.0s), 01/12 VUs, 1309 complete and 0 interrupted iterations
gradual_ramp   [  13% ] 01/12 VUs  01m32.9s/12m00.0s

running (02m02.0s), 01/12 VUs, 1331 complete and 0 interrupted iterations
gradual_ramp   [  13% ] 01/12 VUs  01m33.9s/12m00.0s

running (02m03.0s), 01/12 VUs, 1337 complete and 0 interrupted iterations
gradual_ramp   [  13% ] 01/12 VUs  01m34.9s/12m00.0s

running (02m04.0s), 01/12 VUs, 1338 complete and 0 interrupted iterations
gradual_ramp   [  13% ] 01/12 VUs  01m35.9s/12m00.0s

running (02m05.0s), 01/12 VUs, 1346 complete and 0 interrupted iterations
gradual_ramp   [  13% ] 01/12 VUs  01m36.9s/12m00.0s

running (02m06.0s), 01/12 VUs, 1354 complete and 0 interrupted iterations
gradual_ramp   [  14% ] 01/12 VUs  01m37.9s/12m00.0s

running (02m07.0s), 01/12 VUs, 1367 complete and 0 interrupted iterations
gradual_ramp   [  14% ] 01/12 VUs  01m38.9s/12m00.0s

running (02m08.0s), 01/12 VUs, 1378 complete and 0 interrupted iterations
gradual_ramp   [  14% ] 01/12 VUs  01m39.9s/12m00.0s

running (02m09.0s), 01/12 VUs, 1380 complete and 0 interrupted iterations
gradual_ramp   [  14% ] 01/12 VUs  01m40.9s/12m00.0s

running (02m10.0s), 01/12 VUs, 1386 complete and 0 interrupted iterations
gradual_ramp   [  14% ] 01/12 VUs  01m41.9s/12m00.0s

running (02m11.0s), 01/12 VUs, 1389 complete and 0 interrupted iterations
gradual_ramp   [  14% ] 01/12 VUs  01m42.9s/12m00.0s

running (02m12.0s), 01/12 VUs, 1395 complete and 0 interrupted iterations
gradual_ramp   [  14% ] 01/12 VUs  01m43.9s/12m00.0s

running (02m13.0s), 01/12 VUs, 1413 complete and 0 interrupted iterations
gradual_ramp   [  15% ] 01/12 VUs  01m44.9s/12m00.0s

running (02m14.0s), 01/12 VUs, 1422 complete and 0 interrupted iterations
gradual_ramp   [  15% ] 01/12 VUs  01m45.9s/12m00.0s

running (02m15.0s), 01/12 VUs, 1432 complete and 0 interrupted iterations
gradual_ramp   [  15% ] 01/12 VUs  01m46.9s/12m00.0s

running (02m16.0s), 01/12 VUs, 1446 complete and 0 interrupted iterations
gradual_ramp   [  15% ] 01/12 VUs  01m47.9s/12m00.0s

running (02m17.0s), 01/12 VUs, 1469 complete and 0 interrupted iterations
gradual_ramp   [  15% ] 01/12 VUs  01m48.9s/12m00.0s

running (02m18.0s), 01/12 VUs, 1495 complete and 0 interrupted iterations
gradual_ramp   [  15% ] 01/12 VUs  01m49.9s/12m00.0s

running (02m19.0s), 01/12 VUs, 1503 complete and 0 interrupted iterations
gradual_ramp   [  15% ] 01/12 VUs  01m50.9s/12m00.0s

running (02m20.0s), 01/12 VUs, 1523 complete and 0 interrupted iterations
gradual_ramp   [  16% ] 01/12 VUs  01m51.9s/12m00.0s

running (02m21.0s), 01/12 VUs, 1536 complete and 0 interrupted iterations
gradual_ramp   [  16% ] 01/12 VUs  01m52.9s/12m00.0s

running (02m22.0s), 01/12 VUs, 1542 complete and 0 interrupted iterations
gradual_ramp   [  16% ] 01/12 VUs  01m53.9s/12m00.0s

running (02m23.0s), 01/12 VUs, 1578 complete and 0 interrupted iterations
gradual_ramp   [  16% ] 01/12 VUs  01m54.9s/12m00.0s

running (02m24.0s), 01/12 VUs, 1588 complete and 0 interrupted iterations
gradual_ramp   [  16% ] 01/12 VUs  01m55.9s/12m00.0s

running (02m25.0s), 01/12 VUs, 1601 complete and 0 interrupted iterations
gradual_ramp   [  16% ] 01/12 VUs  01m56.9s/12m00.0s

running (02m26.0s), 01/12 VUs, 1607 complete and 0 interrupted iterations
gradual_ramp   [  16% ] 01/12 VUs  01m57.9s/12m00.0s

running (02m27.0s), 01/12 VUs, 1620 complete and 0 interrupted iterations
gradual_ramp   [  17% ] 01/12 VUs  01m58.9s/12m00.0s

running (02m28.0s), 01/12 VUs, 1632 complete and 0 interrupted iterations
gradual_ramp   [  17% ] 01/12 VUs  01m59.9s/12m00.0s

running (02m29.0s), 01/12 VUs, 1665 complete and 0 interrupted iterations
gradual_ramp   [  17% ] 01/12 VUs  02m00.9s/12m00.0s

running (02m30.0s), 01/12 VUs, 1673 complete and 0 interrupted iterations
gradual_ramp   [  17% ] 01/12 VUs  02m01.9s/12m00.0s

running (02m31.0s), 01/12 VUs, 1678 complete and 0 interrupted iterations
gradual_ramp   [  17% ] 01/12 VUs  02m02.9s/12m00.0s

running (02m32.0s), 01/12 VUs, 1707 complete and 0 interrupted iterations
gradual_ramp   [  17% ] 01/12 VUs  02m03.9s/12m00.0s

running (02m33.0s), 01/12 VUs, 1711 complete and 0 interrupted iterations
gradual_ramp   [  17% ] 01/12 VUs  02m04.9s/12m00.0s

running (02m34.0s), 01/12 VUs, 1715 complete and 0 interrupted iterations
gradual_ramp   [  17% ] 01/12 VUs  02m05.9s/12m00.0s

running (02m35.0s), 01/12 VUs, 1719 complete and 0 interrupted iterations
gradual_ramp   [  18% ] 01/12 VUs  02m06.9s/12m00.0s

running (02m36.0s), 01/12 VUs, 1733 complete and 0 interrupted iterations
gradual_ramp   [  18% ] 01/12 VUs  02m07.9s/12m00.0s

running (02m37.0s), 01/12 VUs, 1741 complete and 0 interrupted iterations
gradual_ramp   [  18% ] 01/12 VUs  02m08.9s/12m00.0s

running (02m38.0s), 01/12 VUs, 1754 complete and 0 interrupted iterations
gradual_ramp   [  18% ] 01/12 VUs  02m09.9s/12m00.0s

running (02m39.0s), 01/12 VUs, 1759 complete and 0 interrupted iterations
gradual_ramp   [  18% ] 01/12 VUs  02m10.9s/12m00.0s

running (02m40.0s), 01/12 VUs, 1773 complete and 0 interrupted iterations
gradual_ramp   [  18% ] 01/12 VUs  02m11.9s/12m00.0s

running (02m41.0s), 01/12 VUs, 1795 complete and 0 interrupted iterations
gradual_ramp   [  18% ] 01/12 VUs  02m12.9s/12m00.0s

running (02m42.0s), 01/12 VUs, 1804 complete and 0 interrupted iterations
gradual_ramp   [  19% ] 01/12 VUs  02m13.9s/12m00.0s

running (02m43.0s), 01/12 VUs, 1818 complete and 0 interrupted iterations
gradual_ramp   [  19% ] 01/12 VUs  02m14.9s/12m00.0s

running (02m44.0s), 01/12 VUs, 1838 complete and 0 interrupted iterations
gradual_ramp   [  19% ] 01/12 VUs  02m15.9s/12m00.0s

running (02m45.0s), 01/12 VUs, 1853 complete and 0 interrupted iterations
gradual_ramp   [  19% ] 01/12 VUs  02m16.9s/12m00.0s

running (02m46.0s), 01/12 VUs, 1869 complete and 0 interrupted iterations
gradual_ramp   [  19% ] 01/12 VUs  02m17.9s/12m00.0s

running (02m47.0s), 01/12 VUs, 1880 complete and 0 interrupted iterations
gradual_ramp   [  19% ] 01/12 VUs  02m18.9s/12m00.0s

running (02m48.0s), 01/12 VUs, 1880 complete and 0 interrupted iterations
gradual_ramp   [  19% ] 01/12 VUs  02m19.9s/12m00.0s

running (02m49.0s), 01/12 VUs, 1893 complete and 0 interrupted iterations
gradual_ramp   [  20% ] 01/12 VUs  02m20.9s/12m00.0s

running (02m50.0s), 01/12 VUs, 1928 complete and 0 interrupted iterations
gradual_ramp   [  20% ] 01/12 VUs  02m21.9s/12m00.0s

running (02m51.0s), 01/12 VUs, 1933 complete and 0 interrupted iterations
gradual_ramp   [  20% ] 01/12 VUs  02m22.9s/12m00.0s

running (02m52.0s), 01/12 VUs, 1938 complete and 0 interrupted iterations
gradual_ramp   [  20% ] 01/12 VUs  02m23.9s/12m00.0s

running (02m53.0s), 01/12 VUs, 1973 complete and 0 interrupted iterations
gradual_ramp   [  20% ] 01/12 VUs  02m24.9s/12m00.0s

running (02m54.0s), 01/12 VUs, 1997 complete and 0 interrupted iterations
gradual_ramp   [  20% ] 01/12 VUs  02m25.9s/12m00.0s

running (02m55.0s), 01/12 VUs, 2025 complete and 0 interrupted iterations
gradual_ramp   [  20% ] 01/12 VUs  02m26.9s/12m00.0s

running (02m56.0s), 02/12 VUs, 2053 complete and 0 interrupted iterations
gradual_ramp   [  21% ] 02/12 VUs  02m27.9s/12m00.0s

running (02m57.0s), 02/12 VUs, 2095 complete and 0 interrupted iterations
gradual_ramp   [  21% ] 02/12 VUs  02m28.9s/12m00.0s

running (02m58.0s), 02/12 VUs, 2110 complete and 0 interrupted iterations
gradual_ramp   [  21% ] 02/12 VUs  02m29.9s/12m00.0s

running (02m59.0s), 02/12 VUs, 2124 complete and 0 interrupted iterations
gradual_ramp   [  21% ] 02/12 VUs  02m30.9s/12m00.0s

running (03m00.0s), 02/12 VUs, 2127 complete and 0 interrupted iterations
gradual_ramp   [  21% ] 02/12 VUs  02m31.9s/12m00.0s

running (03m01.0s), 02/12 VUs, 2142 complete and 0 interrupted iterations
gradual_ramp   [  21% ] 02/12 VUs  02m32.9s/12m00.0s

running (03m02.0s), 02/12 VUs, 2161 complete and 0 interrupted iterations
gradual_ramp   [  21% ] 02/12 VUs  02m33.9s/12m00.0s

running (03m03.0s), 02/12 VUs, 2167 complete and 0 interrupted iterations
gradual_ramp   [  22% ] 02/12 VUs  02m34.9s/12m00.0s

running (03m04.0s), 02/12 VUs, 2174 complete and 0 interrupted iterations
gradual_ramp   [  22% ] 02/12 VUs  02m35.9s/12m00.0s

running (03m05.0s), 02/12 VUs, 2195 complete and 0 interrupted iterations
gradual_ramp   [  22% ] 02/12 VUs  02m36.9s/12m00.0s

running (03m06.0s), 02/12 VUs, 2201 complete and 0 interrupted iterations
gradual_ramp   [  22% ] 02/12 VUs  02m37.9s/12m00.0s

running (03m07.0s), 02/12 VUs, 2210 complete and 0 interrupted iterations
gradual_ramp   [  22% ] 02/12 VUs  02m38.9s/12m00.0s

running (03m08.0s), 02/12 VUs, 2243 complete and 0 interrupted iterations
gradual_ramp   [  22% ] 02/12 VUs  02m39.9s/12m00.0s

running (03m09.0s), 02/12 VUs, 2255 complete and 0 interrupted iterations
gradual_ramp   [  22% ] 02/12 VUs  02m40.9s/12m00.0s

running (03m10.0s), 02/12 VUs, 2265 complete and 0 interrupted iterations
gradual_ramp   [  22% ] 02/12 VUs  02m41.9s/12m00.0s

running (03m11.0s), 02/12 VUs, 2270 complete and 0 interrupted iterations
gradual_ramp   [  23% ] 02/12 VUs  02m42.9s/12m00.0s

running (03m12.0s), 02/12 VUs, 2280 complete and 0 interrupted iterations
gradual_ramp   [  23% ] 02/12 VUs  02m43.9s/12m00.0s

running (03m13.0s), 02/12 VUs, 2298 complete and 0 interrupted iterations
gradual_ramp   [  23% ] 02/12 VUs  02m44.9s/12m00.0s

running (03m14.0s), 02/12 VUs, 2307 complete and 0 interrupted iterations
gradual_ramp   [  23% ] 02/12 VUs  02m45.9s/12m00.0s

running (03m15.0s), 02/12 VUs, 2326 complete and 0 interrupted iterations
gradual_ramp   [  23% ] 02/12 VUs  02m46.9s/12m00.0s

running (03m16.0s), 02/12 VUs, 2333 complete and 0 interrupted iterations
gradual_ramp   [  23% ] 02/12 VUs  02m47.9s/12m00.0s

running (03m17.0s), 02/12 VUs, 2342 complete and 0 interrupted iterations
gradual_ramp   [  23% ] 02/12 VUs  02m48.9s/12m00.0s

running (03m18.0s), 02/12 VUs, 2367 complete and 0 interrupted iterations
gradual_ramp   [  24% ] 02/12 VUs  02m49.9s/12m00.0s

running (03m19.0s), 02/12 VUs, 2372 complete and 0 interrupted iterations
gradual_ramp   [  24% ] 02/12 VUs  02m50.9s/12m00.0s

running (03m20.0s), 02/12 VUs, 2392 complete and 0 interrupted iterations
gradual_ramp   [  24% ] 02/12 VUs  02m51.9s/12m00.0s

running (03m21.0s), 02/12 VUs, 2401 complete and 0 interrupted iterations
gradual_ramp   [  24% ] 02/12 VUs  02m52.9s/12m00.0s

running (03m22.0s), 02/12 VUs, 2408 complete and 0 interrupted iterations
gradual_ramp   [  24% ] 02/12 VUs  02m53.9s/12m00.0s

running (03m23.0s), 03/12 VUs, 2415 complete and 0 interrupted iterations
gradual_ramp   [  24% ] 03/12 VUs  02m54.9s/12m00.0s

running (03m24.0s), 03/12 VUs, 2435 complete and 0 interrupted iterations
gradual_ramp   [  24% ] 03/12 VUs  02m55.9s/12m00.0s

running (03m25.0s), 03/12 VUs, 2437 complete and 0 interrupted iterations
gradual_ramp   [  25% ] 03/12 VUs  02m56.9s/12m00.0s

running (03m26.0s), 03/12 VUs, 2465 complete and 0 interrupted iterations
gradual_ramp   [  25% ] 03/12 VUs  02m57.9s/12m00.0s

running (03m27.0s), 03/12 VUs, 2465 complete and 0 interrupted iterations
gradual_ramp   [  25% ] 03/12 VUs  02m58.9s/12m00.0s

running (03m28.0s), 03/12 VUs, 2481 complete and 0 interrupted iterations
gradual_ramp   [  25% ] 03/12 VUs  02m59.9s/12m00.0s

running (03m29.0s), 03/12 VUs, 2489 complete and 0 interrupted iterations
gradual_ramp   [  25% ] 03/12 VUs  03m00.9s/12m00.0s

running (03m30.0s), 03/12 VUs, 2500 complete and 0 interrupted iterations
gradual_ramp   [  25% ] 03/12 VUs  03m01.9s/12m00.0s

running (03m31.0s), 03/12 VUs, 2513 complete and 0 interrupted iterations
gradual_ramp   [  25% ] 03/12 VUs  03m02.9s/12m00.0s

running (03m32.0s), 03/12 VUs, 2527 complete and 0 interrupted iterations
gradual_ramp   [  26% ] 03/12 VUs  03m03.9s/12m00.0s

running (03m33.0s), 03/12 VUs, 2541 complete and 0 interrupted iterations
gradual_ramp   [  26% ] 03/12 VUs  03m04.9s/12m00.0s

running (03m34.0s), 03/12 VUs, 2556 complete and 0 interrupted iterations
gradual_ramp   [  26% ] 03/12 VUs  03m05.9s/12m00.0s

running (03m35.0s), 03/12 VUs, 2579 complete and 0 interrupted iterations
gradual_ramp   [  26% ] 03/12 VUs  03m06.9s/12m00.0s

running (03m36.0s), 03/12 VUs, 2598 complete and 0 interrupted iterations
gradual_ramp   [  26% ] 03/12 VUs  03m07.9s/12m00.0s

running (03m37.0s), 03/12 VUs, 2604 complete and 0 interrupted iterations
gradual_ramp   [  26% ] 03/12 VUs  03m08.9s/12m00.0s

running (03m38.0s), 03/12 VUs, 2617 complete and 0 interrupted iterations
gradual_ramp   [  26% ] 03/12 VUs  03m09.9s/12m00.0s

running (03m39.0s), 03/12 VUs, 2621 complete and 0 interrupted iterations
gradual_ramp   [  27% ] 03/12 VUs  03m10.9s/12m00.0s

running (03m40.0s), 03/12 VUs, 2642 complete and 0 interrupted iterations
gradual_ramp   [  27% ] 03/12 VUs  03m11.9s/12m00.0s

running (03m41.0s), 03/12 VUs, 2652 complete and 0 interrupted iterations
gradual_ramp   [  27% ] 03/12 VUs  03m12.9s/12m00.0s

running (03m42.0s), 03/12 VUs, 2658 complete and 0 interrupted iterations
gradual_ramp   [  27% ] 03/12 VUs  03m13.9s/12m00.0s

running (03m43.0s), 03/12 VUs, 2667 complete and 0 interrupted iterations
gradual_ramp   [  27% ] 03/12 VUs  03m14.9s/12m00.0s

running (03m44.0s), 03/12 VUs, 2672 complete and 0 interrupted iterations
gradual_ramp   [  27% ] 03/12 VUs  03m15.9s/12m00.0s

running (03m45.0s), 03/12 VUs, 2682 complete and 0 interrupted iterations
gradual_ramp   [  27% ] 03/12 VUs  03m16.9s/12m00.0s

running (03m46.0s), 03/12 VUs, 2689 complete and 0 interrupted iterations
gradual_ramp   [  27% ] 03/12 VUs  03m17.9s/12m00.0s

running (03m47.0s), 03/12 VUs, 2701 complete and 0 interrupted iterations
gradual_ramp   [  28% ] 03/12 VUs  03m18.9s/12m00.0s

running (03m48.0s), 03/12 VUs, 2705 complete and 0 interrupted iterations
gradual_ramp   [  28% ] 03/12 VUs  03m19.9s/12m00.0s

running (03m49.0s), 03/12 VUs, 2713 complete and 0 interrupted iterations
gradual_ramp   [  28% ] 03/12 VUs  03m20.9s/12m00.0s

running (03m50.0s), 04/12 VUs, 2719 complete and 0 interrupted iterations
gradual_ramp   [  28% ] 04/12 VUs  03m21.9s/12m00.0s

running (03m51.0s), 04/12 VUs, 2728 complete and 0 interrupted iterations
gradual_ramp   [  28% ] 04/12 VUs  03m22.9s/12m00.0s

running (03m52.0s), 04/12 VUs, 2732 complete and 0 interrupted iterations
gradual_ramp   [  28% ] 04/12 VUs  03m23.9s/12m00.0s

running (03m53.0s), 04/12 VUs, 2741 complete and 0 interrupted iterations
gradual_ramp   [  28% ] 04/12 VUs  03m24.9s/12m00.0s

running (03m54.0s), 04/12 VUs, 2746 complete and 0 interrupted iterations
gradual_ramp   [  29% ] 04/12 VUs  03m25.9s/12m00.0s

running (03m55.0s), 04/12 VUs, 2748 complete and 0 interrupted iterations
gradual_ramp   [  29% ] 04/12 VUs  03m26.9s/12m00.0s

running (03m56.0s), 04/12 VUs, 2772 complete and 0 interrupted iterations
gradual_ramp   [  29% ] 04/12 VUs  03m27.9s/12m00.0s

running (03m57.0s), 04/12 VUs, 2779 complete and 0 interrupted iterations
gradual_ramp   [  29% ] 04/12 VUs  03m28.9s/12m00.0s

running (03m58.0s), 04/12 VUs, 2779 complete and 0 interrupted iterations
gradual_ramp   [  29% ] 04/12 VUs  03m29.9s/12m00.0s

running (03m59.0s), 04/12 VUs, 2801 complete and 0 interrupted iterations
gradual_ramp   [  29% ] 04/12 VUs  03m30.9s/12m00.0s

running (04m00.0s), 04/12 VUs, 2803 complete and 0 interrupted iterations
gradual_ramp   [  29% ] 04/12 VUs  03m31.9s/12m00.0s

running (04m01.0s), 04/12 VUs, 2813 complete and 0 interrupted iterations
gradual_ramp   [  30% ] 04/12 VUs  03m32.9s/12m00.0s

running (04m02.0s), 04/12 VUs, 2822 complete and 0 interrupted iterations
gradual_ramp   [  30% ] 04/12 VUs  03m33.9s/12m00.0s

running (04m03.0s), 04/12 VUs, 2828 complete and 0 interrupted iterations
gradual_ramp   [  30% ] 04/12 VUs  03m34.9s/12m00.0s

running (04m04.0s), 04/12 VUs, 2850 complete and 0 interrupted iterations
gradual_ramp   [  30% ] 04/12 VUs  03m35.9s/12m00.0s

running (04m05.0s), 04/12 VUs, 2861 complete and 0 interrupted iterations
gradual_ramp   [  30% ] 04/12 VUs  03m36.9s/12m00.0s

running (04m06.0s), 04/12 VUs, 2898 complete and 0 interrupted iterations
gradual_ramp   [  30% ] 04/12 VUs  03m37.9s/12m00.0s

running (04m07.0s), 04/12 VUs, 2905 complete and 0 interrupted iterations
gradual_ramp   [  30% ] 04/12 VUs  03m38.9s/12m00.0s

running (04m08.0s), 04/12 VUs, 2908 complete and 0 interrupted iterations
gradual_ramp   [  31% ] 04/12 VUs  03m39.9s/12m00.0s

running (04m09.0s), 04/12 VUs, 2931 complete and 0 interrupted iterations
gradual_ramp   [  31% ] 04/12 VUs  03m40.9s/12m00.0s

running (04m10.0s), 04/12 VUs, 2950 complete and 0 interrupted iterations
gradual_ramp   [  31% ] 04/12 VUs  03m41.9s/12m00.0s

running (04m11.0s), 04/12 VUs, 2972 complete and 0 interrupted iterations
gradual_ramp   [  31% ] 04/12 VUs  03m42.9s/12m00.0s

running (04m12.0s), 04/12 VUs, 2983 complete and 0 interrupted iterations
gradual_ramp   [  31% ] 04/12 VUs  03m43.9s/12m00.0s

running (04m13.0s), 04/12 VUs, 2983 complete and 0 interrupted iterations
gradual_ramp   [  31% ] 04/12 VUs  03m44.9s/12m00.0s

running (04m14.0s), 04/12 VUs, 3002 complete and 0 interrupted iterations
gradual_ramp   [  31% ] 04/12 VUs  03m45.9s/12m00.0s

running (04m15.0s), 04/12 VUs, 3005 complete and 0 interrupted iterations
gradual_ramp   [  32% ] 04/12 VUs  03m46.9s/12m00.0s

running (04m16.0s), 04/12 VUs, 3014 complete and 0 interrupted iterations
gradual_ramp   [  32% ] 04/12 VUs  03m47.9s/12m00.0s

running (04m17.0s), 04/12 VUs, 3027 complete and 0 interrupted iterations
gradual_ramp   [  32% ] 04/12 VUs  03m48.9s/12m00.0s

running (04m18.0s), 05/12 VUs, 3043 complete and 0 interrupted iterations
gradual_ramp   [  32% ] 05/12 VUs  03m49.9s/12m00.0s

running (04m19.0s), 05/12 VUs, 3064 complete and 0 interrupted iterations
gradual_ramp   [  32% ] 05/12 VUs  03m50.9s/12m00.0s

running (04m20.0s), 05/12 VUs, 3076 complete and 0 interrupted iterations
gradual_ramp   [  32% ] 05/12 VUs  03m51.9s/12m00.0s

running (04m21.0s), 05/12 VUs, 3091 complete and 0 interrupted iterations
gradual_ramp   [  32% ] 05/12 VUs  03m52.9s/12m00.0s

running (04m22.0s), 05/12 VUs, 3106 complete and 0 interrupted iterations
gradual_ramp   [  32% ] 05/12 VUs  03m53.9s/12m00.0s

running (04m23.0s), 05/12 VUs, 3106 complete and 0 interrupted iterations
gradual_ramp   [  33% ] 05/12 VUs  03m54.9s/12m00.0s

running (04m24.0s), 05/12 VUs, 3121 complete and 0 interrupted iterations
gradual_ramp   [  33% ] 05/12 VUs  03m55.9s/12m00.0s

running (04m25.0s), 05/12 VUs, 3132 complete and 0 interrupted iterations
gradual_ramp   [  33% ] 05/12 VUs  03m56.9s/12m00.0s

running (04m26.0s), 05/12 VUs, 3134 complete and 0 interrupted iterations
gradual_ramp   [  33% ] 05/12 VUs  03m57.9s/12m00.0s

running (04m27.0s), 05/12 VUs, 3157 complete and 0 interrupted iterations
gradual_ramp   [  33% ] 05/12 VUs  03m58.9s/12m00.0s

running (04m28.0s), 05/12 VUs, 3184 complete and 0 interrupted iterations
gradual_ramp   [  33% ] 05/12 VUs  03m59.9s/12m00.0s

running (04m29.0s), 05/12 VUs, 3196 complete and 0 interrupted iterations
gradual_ramp   [  33% ] 05/12 VUs  04m00.9s/12m00.0s

running (04m30.0s), 05/12 VUs, 3203 complete and 0 interrupted iterations
gradual_ramp   [  34% ] 05/12 VUs  04m01.9s/12m00.0s

running (04m31.0s), 05/12 VUs, 3230 complete and 0 interrupted iterations
gradual_ramp   [  34% ] 05/12 VUs  04m02.9s/12m00.0s

running (04m32.0s), 05/12 VUs, 3231 complete and 0 interrupted iterations
gradual_ramp   [  34% ] 05/12 VUs  04m03.9s/12m00.0s

running (04m33.0s), 05/12 VUs, 3236 complete and 0 interrupted iterations
gradual_ramp   [  34% ] 05/12 VUs  04m04.9s/12m00.0s

running (04m34.0s), 05/12 VUs, 3246 complete and 0 interrupted iterations
gradual_ramp   [  34% ] 05/12 VUs  04m05.9s/12m00.0s

running (04m35.0s), 05/12 VUs, 3259 complete and 0 interrupted iterations
gradual_ramp   [  34% ] 05/12 VUs  04m06.9s/12m00.0s

running (04m36.0s), 05/12 VUs, 3265 complete and 0 interrupted iterations
gradual_ramp   [  34% ] 05/12 VUs  04m07.9s/12m00.0s

running (04m37.0s), 05/12 VUs, 3282 complete and 0 interrupted iterations
gradual_ramp   [  35% ] 05/12 VUs  04m08.9s/12m00.0s

running (04m38.0s), 05/12 VUs, 3287 complete and 0 interrupted iterations
gradual_ramp   [  35% ] 05/12 VUs  04m09.9s/12m00.0s

running (04m39.0s), 05/12 VUs, 3288 complete and 0 interrupted iterations
gradual_ramp   [  35% ] 05/12 VUs  04m10.9s/12m00.0s

running (04m40.0s), 05/12 VUs, 3303 complete and 0 interrupted iterations
gradual_ramp   [  35% ] 05/12 VUs  04m11.9s/12m00.0s

running (04m41.0s), 05/12 VUs, 3310 complete and 0 interrupted iterations
gradual_ramp   [  35% ] 05/12 VUs  04m12.9s/12m00.0s

running (04m42.0s), 05/12 VUs, 3321 complete and 0 interrupted iterations
gradual_ramp   [  35% ] 05/12 VUs  04m13.9s/12m00.0s

running (04m43.0s), 05/12 VUs, 3338 complete and 0 interrupted iterations
gradual_ramp   [  35% ] 05/12 VUs  04m14.9s/12m00.0s

running (04m44.0s), 05/12 VUs, 3349 complete and 0 interrupted iterations
gradual_ramp   [  36% ] 05/12 VUs  04m15.9s/12m00.0s

running (04m45.0s), 06/12 VUs, 3356 complete and 0 interrupted iterations
gradual_ramp   [  36% ] 06/12 VUs  04m16.9s/12m00.0s

running (04m46.0s), 06/12 VUs, 3387 complete and 0 interrupted iterations
gradual_ramp   [  36% ] 06/12 VUs  04m17.9s/12m00.0s

running (04m47.0s), 06/12 VUs, 3402 complete and 0 interrupted iterations
gradual_ramp   [  36% ] 06/12 VUs  04m18.9s/12m00.0s

running (04m48.0s), 06/12 VUs, 3402 complete and 0 interrupted iterations
gradual_ramp   [  36% ] 06/12 VUs  04m19.9s/12m00.0s

running (04m49.0s), 06/12 VUs, 3410 complete and 0 interrupted iterations
gradual_ramp   [  36% ] 06/12 VUs  04m20.9s/12m00.0s

running (04m50.0s), 06/12 VUs, 3435 complete and 0 interrupted iterations
gradual_ramp   [  36% ] 06/12 VUs  04m21.9s/12m00.0s

running (04m51.0s), 06/12 VUs, 3463 complete and 0 interrupted iterations
gradual_ramp   [  37% ] 06/12 VUs  04m22.9s/12m00.0s

running (04m52.0s), 06/12 VUs, 3473 complete and 0 interrupted iterations
gradual_ramp   [  37% ] 06/12 VUs  04m23.9s/12m00.0s

running (04m53.0s), 06/12 VUs, 3483 complete and 0 interrupted iterations
gradual_ramp   [  37% ] 06/12 VUs  04m24.9s/12m00.0s

running (04m54.0s), 06/12 VUs, 3487 complete and 0 interrupted iterations
gradual_ramp   [  37% ] 06/12 VUs  04m25.9s/12m00.0s

running (04m55.0s), 06/12 VUs, 3498 complete and 0 interrupted iterations
gradual_ramp   [  37% ] 06/12 VUs  04m26.9s/12m00.0s

running (04m56.0s), 06/12 VUs, 3511 complete and 0 interrupted iterations
gradual_ramp   [  37% ] 06/12 VUs  04m27.9s/12m00.0s

running (04m57.0s), 06/12 VUs, 3524 complete and 0 interrupted iterations
gradual_ramp   [  37% ] 06/12 VUs  04m28.9s/12m00.0s

running (04m58.0s), 06/12 VUs, 3545 complete and 0 interrupted iterations
gradual_ramp   [  37% ] 06/12 VUs  04m29.9s/12m00.0s

running (04m59.0s), 06/12 VUs, 3554 complete and 0 interrupted iterations
gradual_ramp   [  38% ] 06/12 VUs  04m30.9s/12m00.0s

running (05m00.0s), 06/12 VUs, 3568 complete and 0 interrupted iterations
gradual_ramp   [  38% ] 06/12 VUs  04m31.9s/12m00.0s

running (05m01.0s), 06/12 VUs, 3582 complete and 0 interrupted iterations
gradual_ramp   [  38% ] 06/12 VUs  04m32.9s/12m00.0s

running (05m02.0s), 06/12 VUs, 3606 complete and 0 interrupted iterations
gradual_ramp   [  38% ] 06/12 VUs  04m33.9s/12m00.0s

running (05m03.0s), 06/12 VUs, 3620 complete and 0 interrupted iterations
gradual_ramp   [  38% ] 06/12 VUs  04m34.9s/12m00.0s

running (05m04.0s), 06/12 VUs, 3642 complete and 0 interrupted iterations
gradual_ramp   [  38% ] 06/12 VUs  04m35.9s/12m00.0s

running (05m05.0s), 06/12 VUs, 3649 complete and 0 interrupted iterations
gradual_ramp   [  38% ] 06/12 VUs  04m36.9s/12m00.0s

running (05m06.0s), 06/12 VUs, 3662 complete and 0 interrupted iterations
gradual_ramp   [  39% ] 06/12 VUs  04m37.9s/12m00.0s

running (05m07.0s), 06/12 VUs, 3673 complete and 0 interrupted iterations
gradual_ramp   [  39% ] 06/12 VUs  04m38.9s/12m00.0s

running (05m08.0s), 06/12 VUs, 3684 complete and 0 interrupted iterations
gradual_ramp   [  39% ] 06/12 VUs  04m39.9s/12m00.0s

running (05m09.0s), 06/12 VUs, 3703 complete and 0 interrupted iterations
gradual_ramp   [  39% ] 06/12 VUs  04m40.9s/12m00.0s

running (05m10.0s), 06/12 VUs, 3714 complete and 0 interrupted iterations
gradual_ramp   [  39% ] 06/12 VUs  04m41.9s/12m00.0s

running (05m11.0s), 06/12 VUs, 3714 complete and 0 interrupted iterations
gradual_ramp   [  39% ] 06/12 VUs  04m42.9s/12m00.0s

running (05m12.0s), 07/12 VUs, 3721 complete and 0 interrupted iterations
gradual_ramp   [  39% ] 07/12 VUs  04m43.9s/12m00.0s

running (05m13.0s), 07/12 VUs, 3743 complete and 0 interrupted iterations
gradual_ramp   [  40% ] 07/12 VUs  04m44.9s/12m00.0s

running (05m14.0s), 07/12 VUs, 3755 complete and 0 interrupted iterations
gradual_ramp   [  40% ] 07/12 VUs  04m45.9s/12m00.0s

running (05m15.0s), 07/12 VUs, 3758 complete and 0 interrupted iterations
gradual_ramp   [  40% ] 07/12 VUs  04m46.9s/12m00.0s

running (05m16.0s), 07/12 VUs, 3760 complete and 0 interrupted iterations
gradual_ramp   [  40% ] 07/12 VUs  04m47.9s/12m00.0s

running (05m17.0s), 07/12 VUs, 3773 complete and 0 interrupted iterations
gradual_ramp   [  40% ] 07/12 VUs  04m48.9s/12m00.0s

running (05m18.0s), 07/12 VUs, 3786 complete and 0 interrupted iterations
gradual_ramp   [  40% ] 07/12 VUs  04m49.9s/12m00.0s

running (05m19.0s), 07/12 VUs, 3813 complete and 0 interrupted iterations
gradual_ramp   [  40% ] 07/12 VUs  04m50.9s/12m00.0s

running (05m20.0s), 07/12 VUs, 3832 complete and 0 interrupted iterations
gradual_ramp   [  41% ] 07/12 VUs  04m51.9s/12m00.0s

running (05m21.0s), 07/12 VUs, 3842 complete and 0 interrupted iterations
gradual_ramp   [  41% ] 07/12 VUs  04m52.9s/12m00.0s

running (05m22.0s), 07/12 VUs, 3853 complete and 0 interrupted iterations
gradual_ramp   [  41% ] 07/12 VUs  04m53.9s/12m00.0s

running (05m23.0s), 07/12 VUs, 3866 complete and 0 interrupted iterations
gradual_ramp   [  41% ] 07/12 VUs  04m54.9s/12m00.0s

running (05m24.0s), 07/12 VUs, 3893 complete and 0 interrupted iterations
gradual_ramp   [  41% ] 07/12 VUs  04m55.9s/12m00.0s

running (05m25.0s), 07/12 VUs, 3925 complete and 0 interrupted iterations
gradual_ramp   [  41% ] 07/12 VUs  04m56.9s/12m00.0s

running (05m26.0s), 07/12 VUs, 3948 complete and 0 interrupted iterations
gradual_ramp   [  41% ] 07/12 VUs  04m57.9s/12m00.0s

running (05m27.0s), 07/12 VUs, 3962 complete and 0 interrupted iterations
gradual_ramp   [  42% ] 07/12 VUs  04m58.9s/12m00.0s

running (05m28.0s), 07/12 VUs, 3965 complete and 0 interrupted iterations
gradual_ramp   [  42% ] 07/12 VUs  04m59.9s/12m00.0s

running (05m29.0s), 07/12 VUs, 3975 complete and 0 interrupted iterations
gradual_ramp   [  42% ] 07/12 VUs  05m00.9s/12m00.0s

running (05m30.0s), 07/12 VUs, 3990 complete and 0 interrupted iterations
gradual_ramp   [  42% ] 07/12 VUs  05m01.9s/12m00.0s

running (05m31.0s), 07/12 VUs, 3997 complete and 0 interrupted iterations
gradual_ramp   [  42% ] 07/12 VUs  05m02.9s/12m00.0s

running (05m32.0s), 07/12 VUs, 4004 complete and 0 interrupted iterations
gradual_ramp   [  42% ] 07/12 VUs  05m03.9s/12m00.0s

running (05m33.0s), 07/12 VUs, 4013 complete and 0 interrupted iterations
gradual_ramp   [  42% ] 07/12 VUs  05m04.9s/12m00.0s

running (05m34.0s), 07/12 VUs, 4023 complete and 0 interrupted iterations
gradual_ramp   [  42% ] 07/12 VUs  05m05.9s/12m00.0s

running (05m35.0s), 07/12 VUs, 4032 complete and 0 interrupted iterations
gradual_ramp   [  43% ] 07/12 VUs  05m06.9s/12m00.0s

running (05m36.0s), 07/12 VUs, 4045 complete and 0 interrupted iterations
gradual_ramp   [  43% ] 07/12 VUs  05m07.9s/12m00.0s

running (05m37.0s), 07/12 VUs, 4071 complete and 0 interrupted iterations
gradual_ramp   [  43% ] 07/12 VUs  05m08.9s/12m00.0s

running (05m38.0s), 07/12 VUs, 4100 complete and 0 interrupted iterations
gradual_ramp   [  43% ] 07/12 VUs  05m09.9s/12m00.0s

running (05m39.0s), 07/12 VUs, 4117 complete and 0 interrupted iterations
gradual_ramp   [  43% ] 07/12 VUs  05m10.9s/12m00.0s

running (05m40.0s), 08/12 VUs, 4131 complete and 0 interrupted iterations
gradual_ramp   [  43% ] 08/12 VUs  05m11.9s/12m00.0s

running (05m41.0s), 08/12 VUs, 4153 complete and 0 interrupted iterations
gradual_ramp   [  43% ] 08/12 VUs  05m12.9s/12m00.0s

running (05m42.0s), 08/12 VUs, 4159 complete and 0 interrupted iterations
gradual_ramp   [  44% ] 08/12 VUs  05m13.9s/12m00.0s

running (05m43.0s), 08/12 VUs, 4162 complete and 0 interrupted iterations
gradual_ramp   [  44% ] 08/12 VUs  05m14.9s/12m00.0s

running (05m44.0s), 08/12 VUs, 4162 complete and 0 interrupted iterations
gradual_ramp   [  44% ] 08/12 VUs  05m15.9s/12m00.0s

running (05m45.0s), 08/12 VUs, 4167 complete and 0 interrupted iterations
gradual_ramp   [  44% ] 08/12 VUs  05m16.9s/12m00.0s

running (05m46.0s), 08/12 VUs, 4184 complete and 0 interrupted iterations
gradual_ramp   [  44% ] 08/12 VUs  05m17.9s/12m00.0s

running (05m47.0s), 08/12 VUs, 4250 complete and 0 interrupted iterations
gradual_ramp   [  44% ] 08/12 VUs  05m18.9s/12m00.0s

running (05m48.0s), 08/12 VUs, 4278 complete and 0 interrupted iterations
gradual_ramp   [  44% ] 08/12 VUs  05m19.9s/12m00.0s

running (05m49.0s), 08/12 VUs, 4295 complete and 0 interrupted iterations
gradual_ramp   [  45% ] 08/12 VUs  05m20.9s/12m00.0s

running (05m50.0s), 08/12 VUs, 4306 complete and 0 interrupted iterations
gradual_ramp   [  45% ] 08/12 VUs  05m21.9s/12m00.0s

running (05m51.0s), 08/12 VUs, 4316 complete and 0 interrupted iterations
gradual_ramp   [  45% ] 08/12 VUs  05m22.9s/12m00.0s

running (05m52.0s), 08/12 VUs, 4316 complete and 0 interrupted iterations
gradual_ramp   [  45% ] 08/12 VUs  05m23.9s/12m00.0s

running (05m53.0s), 08/12 VUs, 4316 complete and 0 interrupted iterations
gradual_ramp   [  45% ] 08/12 VUs  05m24.9s/12m00.0s

running (05m54.0s), 08/12 VUs, 4318 complete and 0 interrupted iterations
gradual_ramp   [  45% ] 08/12 VUs  05m25.9s/12m00.0s

running (05m55.0s), 08/12 VUs, 4342 complete and 0 interrupted iterations
gradual_ramp   [  45% ] 08/12 VUs  05m26.9s/12m00.0s

running (05m56.0s), 08/12 VUs, 4370 complete and 0 interrupted iterations
gradual_ramp   [  46% ] 08/12 VUs  05m27.9s/12m00.0s

running (05m57.0s), 08/12 VUs, 4387 complete and 0 interrupted iterations
gradual_ramp   [  46% ] 08/12 VUs  05m28.9s/12m00.0s

running (05m58.0s), 08/12 VUs, 4407 complete and 0 interrupted iterations
gradual_ramp   [  46% ] 08/12 VUs  05m29.9s/12m00.0s

running (05m59.0s), 08/12 VUs, 4429 complete and 0 interrupted iterations
gradual_ramp   [  46% ] 08/12 VUs  05m30.9s/12m00.0s

running (06m00.0s), 08/12 VUs, 4445 complete and 0 interrupted iterations
gradual_ramp   [  46% ] 08/12 VUs  05m31.9s/12m00.0s

running (06m01.0s), 08/12 VUs, 4454 complete and 0 interrupted iterations
gradual_ramp   [  46% ] 08/12 VUs  05m32.9s/12m00.0s

running (06m02.0s), 08/12 VUs, 4462 complete and 0 interrupted iterations
gradual_ramp   [  46% ] 08/12 VUs  05m33.9s/12m00.0s

running (06m03.0s), 08/12 VUs, 4476 complete and 0 interrupted iterations
gradual_ramp   [  47% ] 08/12 VUs  05m34.9s/12m00.0s

running (06m04.0s), 08/12 VUs, 4487 complete and 0 interrupted iterations
gradual_ramp   [  47% ] 08/12 VUs  05m35.9s/12m00.0s

running (06m05.0s), 08/12 VUs, 4501 complete and 0 interrupted iterations
gradual_ramp   [  47% ] 08/12 VUs  05m36.9s/12m00.0s

running (06m06.0s), 08/12 VUs, 4517 complete and 0 interrupted iterations
gradual_ramp   [  47% ] 08/12 VUs  05m37.9s/12m00.0s

running (06m07.0s), 09/12 VUs, 4522 complete and 0 interrupted iterations
gradual_ramp   [  47% ] 09/12 VUs  05m38.9s/12m00.0s

running (06m08.0s), 09/12 VUs, 4525 complete and 0 interrupted iterations
gradual_ramp   [  47% ] 09/12 VUs  05m39.9s/12m00.0s

running (06m09.0s), 09/12 VUs, 4533 complete and 0 interrupted iterations
gradual_ramp   [  47% ] 09/12 VUs  05m40.9s/12m00.0s

running (06m10.0s), 09/12 VUs, 4546 complete and 0 interrupted iterations
gradual_ramp   [  47% ] 09/12 VUs  05m41.9s/12m00.0s

running (06m11.0s), 09/12 VUs, 4559 complete and 0 interrupted iterations
gradual_ramp   [  48% ] 09/12 VUs  05m42.9s/12m00.0s

running (06m12.0s), 09/12 VUs, 4566 complete and 0 interrupted iterations
gradual_ramp   [  48% ] 09/12 VUs  05m43.9s/12m00.0s

running (06m13.0s), 09/12 VUs, 4578 complete and 0 interrupted iterations
gradual_ramp   [  48% ] 09/12 VUs  05m44.9s/12m00.0s

running (06m14.0s), 09/12 VUs, 4604 complete and 0 interrupted iterations
gradual_ramp   [  48% ] 09/12 VUs  05m45.9s/12m00.0s

running (06m15.0s), 09/12 VUs, 4642 complete and 0 interrupted iterations
gradual_ramp   [  48% ] 09/12 VUs  05m46.9s/12m00.0s

running (06m16.0s), 09/12 VUs, 4661 complete and 0 interrupted iterations
gradual_ramp   [  48% ] 09/12 VUs  05m47.9s/12m00.0s

running (06m17.0s), 09/12 VUs, 4671 complete and 0 interrupted iterations
gradual_ramp   [  48% ] 09/12 VUs  05m48.9s/12m00.0s

running (06m18.0s), 09/12 VUs, 4674 complete and 0 interrupted iterations
gradual_ramp   [  49% ] 09/12 VUs  05m49.9s/12m00.0s

running (06m19.0s), 09/12 VUs, 4677 complete and 0 interrupted iterations
gradual_ramp   [  49% ] 09/12 VUs  05m50.9s/12m00.0s

running (06m20.0s), 09/12 VUs, 4677 complete and 0 interrupted iterations
gradual_ramp   [  49% ] 09/12 VUs  05m51.9s/12m00.0s

running (06m21.0s), 09/12 VUs, 4689 complete and 0 interrupted iterations
gradual_ramp   [  49% ] 09/12 VUs  05m52.9s/12m00.0s

running (06m22.0s), 09/12 VUs, 4705 complete and 0 interrupted iterations
gradual_ramp   [  49% ] 09/12 VUs  05m53.9s/12m00.0s

running (06m23.0s), 09/12 VUs, 4726 complete and 0 interrupted iterations
gradual_ramp   [  49% ] 09/12 VUs  05m54.9s/12m00.0s

running (06m24.0s), 09/12 VUs, 4741 complete and 0 interrupted iterations
gradual_ramp   [  49% ] 09/12 VUs  05m55.9s/12m00.0s

running (06m25.0s), 09/12 VUs, 4757 complete and 0 interrupted iterations
gradual_ramp   [  50% ] 09/12 VUs  05m56.9s/12m00.0s

running (06m26.0s), 09/12 VUs, 4764 complete and 0 interrupted iterations
gradual_ramp   [  50% ] 09/12 VUs  05m57.9s/12m00.0s

running (06m27.0s), 09/12 VUs, 4773 complete and 0 interrupted iterations
gradual_ramp   [  50% ] 09/12 VUs  05m58.9s/12m00.0s

running (06m28.0s), 09/12 VUs, 4788 complete and 0 interrupted iterations
gradual_ramp   [  50% ] 09/12 VUs  05m59.9s/12m00.0s

running (06m29.0s), 09/12 VUs, 4793 complete and 0 interrupted iterations
gradual_ramp   [  50% ] 09/12 VUs  06m00.9s/12m00.0s

running (06m30.0s), 09/12 VUs, 4817 complete and 0 interrupted iterations
gradual_ramp   [  50% ] 09/12 VUs  06m01.9s/12m00.0s

running (06m31.0s), 09/12 VUs, 4827 complete and 0 interrupted iterations
gradual_ramp   [  50% ] 09/12 VUs  06m02.9s/12m00.0s

running (06m32.0s), 09/12 VUs, 4829 complete and 0 interrupted iterations
gradual_ramp   [  51% ] 09/12 VUs  06m03.9s/12m00.0s

running (06m33.0s), 09/12 VUs, 4831 complete and 0 interrupted iterations
gradual_ramp   [  51% ] 09/12 VUs  06m04.9s/12m00.0s

running (06m34.0s), 10/12 VUs, 4837 complete and 0 interrupted iterations
gradual_ramp   [  51% ] 10/12 VUs  06m05.9s/12m00.0s

running (06m35.0s), 10/12 VUs, 4845 complete and 0 interrupted iterations
gradual_ramp   [  51% ] 10/12 VUs  06m06.9s/12m00.0s

running (06m36.0s), 10/12 VUs, 4854 complete and 0 interrupted iterations
gradual_ramp   [  51% ] 10/12 VUs  06m07.9s/12m00.0s

running (06m37.0s), 10/12 VUs, 4858 complete and 0 interrupted iterations
gradual_ramp   [  51% ] 10/12 VUs  06m08.9s/12m00.0s

running (06m38.0s), 10/12 VUs, 4864 complete and 0 interrupted iterations
gradual_ramp   [  51% ] 10/12 VUs  06m09.9s/12m00.0s

running (06m39.0s), 10/12 VUs, 4875 complete and 0 interrupted iterations
gradual_ramp   [  52% ] 10/12 VUs  06m10.9s/12m00.0s

running (06m40.0s), 10/12 VUs, 4886 complete and 0 interrupted iterations
gradual_ramp   [  52% ] 10/12 VUs  06m11.9s/12m00.0s

running (06m41.0s), 10/12 VUs, 4896 complete and 0 interrupted iterations
gradual_ramp   [  52% ] 10/12 VUs  06m12.9s/12m00.0s

running (06m42.0s), 10/12 VUs, 4896 complete and 0 interrupted iterations
gradual_ramp   [  52% ] 10/12 VUs  06m13.9s/12m00.0s

running (06m43.0s), 10/12 VUs, 4901 complete and 0 interrupted iterations
gradual_ramp   [  52% ] 10/12 VUs  06m14.9s/12m00.0s

running (06m44.0s), 10/12 VUs, 4913 complete and 0 interrupted iterations
gradual_ramp   [  52% ] 10/12 VUs  06m15.9s/12m00.0s

running (06m45.0s), 10/12 VUs, 4925 complete and 0 interrupted iterations
gradual_ramp   [  52% ] 10/12 VUs  06m16.9s/12m00.0s

running (06m46.0s), 10/12 VUs, 4938 complete and 0 interrupted iterations
gradual_ramp   [  52% ] 10/12 VUs  06m17.9s/12m00.0s

running (06m47.0s), 10/12 VUs, 4944 complete and 0 interrupted iterations
gradual_ramp   [  53% ] 10/12 VUs  06m18.9s/12m00.0s

running (06m48.0s), 10/12 VUs, 4958 complete and 0 interrupted iterations
gradual_ramp   [  53% ] 10/12 VUs  06m19.9s/12m00.0s

running (06m49.0s), 10/12 VUs, 4960 complete and 0 interrupted iterations
gradual_ramp   [  53% ] 10/12 VUs  06m20.9s/12m00.0s

running (06m50.0s), 10/12 VUs, 4975 complete and 0 interrupted iterations
gradual_ramp   [  53% ] 10/12 VUs  06m21.9s/12m00.0s

running (06m51.0s), 10/12 VUs, 4994 complete and 0 interrupted iterations
gradual_ramp   [  53% ] 10/12 VUs  06m22.9s/12m00.0s

running (06m52.0s), 10/12 VUs, 5004 complete and 0 interrupted iterations
gradual_ramp   [  53% ] 10/12 VUs  06m23.9s/12m00.0s

running (06m53.0s), 10/12 VUs, 5018 complete and 0 interrupted iterations
gradual_ramp   [  53% ] 10/12 VUs  06m24.9s/12m00.0s

running (06m54.0s), 10/12 VUs, 5022 complete and 0 interrupted iterations
gradual_ramp   [  54% ] 10/12 VUs  06m25.9s/12m00.0s

running (06m55.0s), 10/12 VUs, 5035 complete and 0 interrupted iterations
gradual_ramp   [  54% ] 10/12 VUs  06m26.9s/12m00.0s

running (06m56.0s), 10/12 VUs, 5053 complete and 0 interrupted iterations
gradual_ramp   [  54% ] 10/12 VUs  06m27.9s/12m00.0s

running (06m57.0s), 10/12 VUs, 5066 complete and 0 interrupted iterations
gradual_ramp   [  54% ] 10/12 VUs  06m28.9s/12m00.0s

running (06m58.0s), 10/12 VUs, 5073 complete and 0 interrupted iterations
gradual_ramp   [  54% ] 10/12 VUs  06m29.9s/12m00.0s

running (06m59.0s), 10/12 VUs, 5079 complete and 0 interrupted iterations
gradual_ramp   [  54% ] 10/12 VUs  06m30.9s/12m00.0s

running (07m00.0s), 10/12 VUs, 5089 complete and 0 interrupted iterations
gradual_ramp   [  54% ] 10/12 VUs  06m31.9s/12m00.0s

running (07m01.0s), 11/12 VUs, 5093 complete and 0 interrupted iterations
gradual_ramp   [  55% ] 11/12 VUs  06m32.9s/12m00.0s

running (07m02.0s), 11/12 VUs, 5100 complete and 0 interrupted iterations
gradual_ramp   [  55% ] 11/12 VUs  06m33.9s/12m00.0s

running (07m03.0s), 11/12 VUs, 5110 complete and 0 interrupted iterations
gradual_ramp   [  55% ] 11/12 VUs  06m34.9s/12m00.0s

running (07m04.0s), 11/12 VUs, 5124 complete and 0 interrupted iterations
gradual_ramp   [  55% ] 11/12 VUs  06m35.9s/12m00.0s

running (07m05.0s), 11/12 VUs, 5142 complete and 0 interrupted iterations
gradual_ramp   [  55% ] 11/12 VUs  06m36.9s/12m00.0s

running (07m06.0s), 11/12 VUs, 5150 complete and 0 interrupted iterations
gradual_ramp   [  55% ] 11/12 VUs  06m37.9s/12m00.0s

running (07m07.0s), 11/12 VUs, 5163 complete and 0 interrupted iterations
gradual_ramp   [  55% ] 11/12 VUs  06m38.9s/12m00.0s

running (07m08.0s), 11/12 VUs, 5166 complete and 0 interrupted iterations
gradual_ramp   [  56% ] 11/12 VUs  06m39.9s/12m00.0s

running (07m09.0s), 11/12 VUs, 5181 complete and 0 interrupted iterations
gradual_ramp   [  56% ] 11/12 VUs  06m40.9s/12m00.0s

running (07m10.0s), 11/12 VUs, 5188 complete and 0 interrupted iterations
gradual_ramp   [  56% ] 11/12 VUs  06m41.9s/12m00.0s

running (07m11.0s), 11/12 VUs, 5206 complete and 0 interrupted iterations
gradual_ramp   [  56% ] 11/12 VUs  06m42.9s/12m00.0s

running (07m12.0s), 11/12 VUs, 5218 complete and 0 interrupted iterations
gradual_ramp   [  56% ] 11/12 VUs  06m43.9s/12m00.0s

running (07m13.0s), 11/12 VUs, 5229 complete and 0 interrupted iterations
gradual_ramp   [  56% ] 11/12 VUs  06m44.9s/12m00.0s

running (07m14.0s), 11/12 VUs, 5239 complete and 0 interrupted iterations
gradual_ramp   [  56% ] 11/12 VUs  06m45.9s/12m00.0s

running (07m15.0s), 11/12 VUs, 5245 complete and 0 interrupted iterations
gradual_ramp   [  57% ] 11/12 VUs  06m46.9s/12m00.0s

running (07m16.0s), 11/12 VUs, 5254 complete and 0 interrupted iterations
gradual_ramp   [  57% ] 11/12 VUs  06m47.9s/12m00.0s

running (07m17.0s), 11/12 VUs, 5260 complete and 0 interrupted iterations
gradual_ramp   [  57% ] 11/12 VUs  06m48.9s/12m00.0s

running (07m18.0s), 11/12 VUs, 5270 complete and 0 interrupted iterations
gradual_ramp   [  57% ] 11/12 VUs  06m49.9s/12m00.0s

running (07m19.0s), 11/12 VUs, 5272 complete and 0 interrupted iterations
gradual_ramp   [  57% ] 11/12 VUs  06m50.9s/12m00.0s

running (07m20.0s), 11/12 VUs, 5288 complete and 0 interrupted iterations
gradual_ramp   [  57% ] 11/12 VUs  06m51.9s/12m00.0s

running (07m21.0s), 11/12 VUs, 5300 complete and 0 interrupted iterations
gradual_ramp   [  57% ] 11/12 VUs  06m52.9s/12m00.0s

running (07m22.0s), 11/12 VUs, 5313 complete and 0 interrupted iterations
gradual_ramp   [  57% ] 11/12 VUs  06m53.9s/12m00.0s

running (07m23.0s), 11/12 VUs, 5316 complete and 0 interrupted iterations
gradual_ramp   [  58% ] 11/12 VUs  06m54.9s/12m00.0s

running (07m24.0s), 11/12 VUs, 5329 complete and 0 interrupted iterations
gradual_ramp   [  58% ] 11/12 VUs  06m55.9s/12m00.0s

running (07m25.0s), 11/12 VUs, 5344 complete and 0 interrupted iterations
gradual_ramp   [  58% ] 11/12 VUs  06m56.9s/12m00.0s

running (07m26.0s), 11/12 VUs, 5351 complete and 0 interrupted iterations
gradual_ramp   [  58% ] 11/12 VUs  06m57.9s/12m00.0s

running (07m27.0s), 11/12 VUs, 5361 complete and 0 interrupted iterations
gradual_ramp   [  58% ] 11/12 VUs  06m58.9s/12m00.0s

running (07m28.0s), 11/12 VUs, 5375 complete and 0 interrupted iterations
gradual_ramp   [  58% ] 11/12 VUs  06m59.9s/12m00.0s

running (07m29.0s), 12/12 VUs, 5397 complete and 0 interrupted iterations
gradual_ramp   [  58% ] 12/12 VUs  07m00.9s/12m00.0s

running (07m30.0s), 12/12 VUs, 5429 complete and 0 interrupted iterations
gradual_ramp   [  59% ] 12/12 VUs  07m01.9s/12m00.0s

running (07m31.0s), 12/12 VUs, 5439 complete and 0 interrupted iterations
gradual_ramp   [  59% ] 12/12 VUs  07m02.9s/12m00.0s

running (07m32.0s), 12/12 VUs, 5461 complete and 0 interrupted iterations
gradual_ramp   [  59% ] 12/12 VUs  07m03.9s/12m00.0s

running (07m33.0s), 12/12 VUs, 5467 complete and 0 interrupted iterations
gradual_ramp   [  59% ] 12/12 VUs  07m04.9s/12m00.0s

running (07m34.0s), 12/12 VUs, 5473 complete and 0 interrupted iterations
gradual_ramp   [  59% ] 12/12 VUs  07m05.9s/12m00.0s

running (07m35.0s), 12/12 VUs, 5497 complete and 0 interrupted iterations
gradual_ramp   [  59% ] 12/12 VUs  07m06.9s/12m00.0s

running (07m36.0s), 12/12 VUs, 5533 complete and 0 interrupted iterations
gradual_ramp   [  59% ] 12/12 VUs  07m07.9s/12m00.0s

running (07m37.0s), 12/12 VUs, 5548 complete and 0 interrupted iterations
gradual_ramp   [  60% ] 12/12 VUs  07m08.9s/12m00.0s

running (07m38.0s), 12/12 VUs, 5576 complete and 0 interrupted iterations
gradual_ramp   [  60% ] 12/12 VUs  07m09.9s/12m00.0s

running (07m39.0s), 12/12 VUs, 5595 complete and 0 interrupted iterations
gradual_ramp   [  60% ] 12/12 VUs  07m10.9s/12m00.0s

running (07m40.0s), 12/12 VUs, 5605 complete and 0 interrupted iterations
gradual_ramp   [  60% ] 12/12 VUs  07m11.9s/12m00.0s

running (07m41.0s), 12/12 VUs, 5620 complete and 0 interrupted iterations
gradual_ramp   [  60% ] 12/12 VUs  07m12.9s/12m00.0s

running (07m42.0s), 12/12 VUs, 5628 complete and 0 interrupted iterations
gradual_ramp   [  60% ] 12/12 VUs  07m13.9s/12m00.0s

running (07m43.0s), 12/12 VUs, 5636 complete and 0 interrupted iterations
gradual_ramp   [  60% ] 12/12 VUs  07m14.9s/12m00.0s

running (07m44.0s), 12/12 VUs, 5648 complete and 0 interrupted iterations
gradual_ramp   [  61% ] 12/12 VUs  07m15.9s/12m00.0s

running (07m45.0s), 12/12 VUs, 5664 complete and 0 interrupted iterations
gradual_ramp   [  61% ] 12/12 VUs  07m16.9s/12m00.0s

running (07m46.0s), 12/12 VUs, 5676 complete and 0 interrupted iterations
gradual_ramp   [  61% ] 12/12 VUs  07m17.9s/12m00.0s

running (07m47.0s), 12/12 VUs, 5678 complete and 0 interrupted iterations
gradual_ramp   [  61% ] 12/12 VUs  07m18.9s/12m00.0s

running (07m48.0s), 12/12 VUs, 5680 complete and 0 interrupted iterations
gradual_ramp   [  61% ] 12/12 VUs  07m19.9s/12m00.0s

running (07m49.0s), 12/12 VUs, 5685 complete and 0 interrupted iterations
gradual_ramp   [  61% ] 12/12 VUs  07m20.9s/12m00.0s

running (07m50.0s), 12/12 VUs, 5702 complete and 0 interrupted iterations
gradual_ramp   [  61% ] 12/12 VUs  07m21.9s/12m00.0s

running (07m51.0s), 12/12 VUs, 5716 complete and 0 interrupted iterations
gradual_ramp   [  62% ] 12/12 VUs  07m22.9s/12m00.0s

running (07m52.0s), 12/12 VUs, 5734 complete and 0 interrupted iterations
gradual_ramp   [  62% ] 12/12 VUs  07m23.9s/12m00.0s

running (07m53.0s), 12/12 VUs, 5743 complete and 0 interrupted iterations
gradual_ramp   [  62% ] 12/12 VUs  07m24.9s/12m00.0s

running (07m54.0s), 12/12 VUs, 5756 complete and 0 interrupted iterations
gradual_ramp   [  62% ] 12/12 VUs  07m25.9s/12m00.0s

running (07m55.0s), 12/12 VUs, 5770 complete and 0 interrupted iterations
gradual_ramp   [  62% ] 12/12 VUs  07m26.9s/12m00.0s

running (07m56.0s), 12/12 VUs, 5770 complete and 0 interrupted iterations
gradual_ramp   [  62% ] 12/12 VUs  07m27.9s/12m00.0s

running (07m57.0s), 12/12 VUs, 5782 complete and 0 interrupted iterations
gradual_ramp   [  62% ] 12/12 VUs  07m28.9s/12m00.0s

running (07m58.0s), 12/12 VUs, 5796 complete and 0 interrupted iterations
gradual_ramp   [  62% ] 12/12 VUs  07m29.9s/12m00.0s

running (07m59.0s), 12/12 VUs, 5817 complete and 0 interrupted iterations
gradual_ramp   [  63% ] 12/12 VUs  07m30.9s/12m00.0s

running (08m00.0s), 12/12 VUs, 5831 complete and 0 interrupted iterations
gradual_ramp   [  63% ] 12/12 VUs  07m31.9s/12m00.0s

running (08m01.0s), 12/12 VUs, 5845 complete and 0 interrupted iterations
gradual_ramp   [  63% ] 12/12 VUs  07m32.9s/12m00.0s

running (08m02.0s), 12/12 VUs, 5853 complete and 0 interrupted iterations
gradual_ramp   [  63% ] 12/12 VUs  07m33.9s/12m00.0s

running (08m03.0s), 12/12 VUs, 5863 complete and 0 interrupted iterations
gradual_ramp   [  63% ] 12/12 VUs  07m34.9s/12m00.0s

running (08m04.0s), 12/12 VUs, 5876 complete and 0 interrupted iterations
gradual_ramp   [  63% ] 12/12 VUs  07m35.9s/12m00.0s

running (08m05.0s), 12/12 VUs, 5879 complete and 0 interrupted iterations
gradual_ramp   [  63% ] 12/12 VUs  07m36.9s/12m00.0s

running (08m06.0s), 12/12 VUs, 5882 complete and 0 interrupted iterations
gradual_ramp   [  64% ] 12/12 VUs  07m37.9s/12m00.0s

running (08m07.0s), 12/12 VUs, 5896 complete and 0 interrupted iterations
gradual_ramp   [  64% ] 12/12 VUs  07m38.9s/12m00.0s

running (08m08.0s), 12/12 VUs, 5900 complete and 0 interrupted iterations
gradual_ramp   [  64% ] 12/12 VUs  07m39.9s/12m00.0s

running (08m09.0s), 12/12 VUs, 5909 complete and 0 interrupted iterations
gradual_ramp   [  64% ] 12/12 VUs  07m40.9s/12m00.0s

running (08m10.0s), 12/12 VUs, 5922 complete and 0 interrupted iterations
gradual_ramp   [  64% ] 12/12 VUs  07m41.9s/12m00.0s

running (08m11.0s), 12/12 VUs, 5931 complete and 0 interrupted iterations
gradual_ramp   [  64% ] 12/12 VUs  07m42.9s/12m00.0s

running (08m12.0s), 12/12 VUs, 5937 complete and 0 interrupted iterations
gradual_ramp   [  64% ] 12/12 VUs  07m43.9s/12m00.0s

running (08m13.0s), 12/12 VUs, 5946 complete and 0 interrupted iterations
gradual_ramp   [  65% ] 12/12 VUs  07m44.9s/12m00.0s

running (08m14.0s), 12/12 VUs, 5954 complete and 0 interrupted iterations
gradual_ramp   [  65% ] 12/12 VUs  07m45.9s/12m00.0s

running (08m15.0s), 12/12 VUs, 5968 complete and 0 interrupted iterations
gradual_ramp   [  65% ] 12/12 VUs  07m46.9s/12m00.0s

running (08m16.0s), 12/12 VUs, 5974 complete and 0 interrupted iterations
gradual_ramp   [  65% ] 12/12 VUs  07m47.9s/12m00.0s

running (08m17.0s), 12/12 VUs, 5991 complete and 0 interrupted iterations
gradual_ramp   [  65% ] 12/12 VUs  07m48.9s/12m00.0s

running (08m18.0s), 12/12 VUs, 6002 complete and 0 interrupted iterations
gradual_ramp   [  65% ] 12/12 VUs  07m49.9s/12m00.0s

running (08m19.0s), 12/12 VUs, 6014 complete and 0 interrupted iterations
gradual_ramp   [  65% ] 12/12 VUs  07m50.9s/12m00.0s

running (08m20.0s), 12/12 VUs, 6022 complete and 0 interrupted iterations
gradual_ramp   [  66% ] 12/12 VUs  07m51.9s/12m00.0s

running (08m21.0s), 12/12 VUs, 6032 complete and 0 interrupted iterations
gradual_ramp   [  66% ] 12/12 VUs  07m52.9s/12m00.0s

running (08m22.0s), 12/12 VUs, 6045 complete and 0 interrupted iterations
gradual_ramp   [  66% ] 12/12 VUs  07m53.9s/12m00.0s

running (08m23.0s), 12/12 VUs, 6052 complete and 0 interrupted iterations
gradual_ramp   [  66% ] 12/12 VUs  07m54.9s/12m00.0s

running (08m24.0s), 12/12 VUs, 6072 complete and 0 interrupted iterations
gradual_ramp   [  66% ] 12/12 VUs  07m55.9s/12m00.0s

running (08m25.0s), 12/12 VUs, 6095 complete and 0 interrupted iterations
gradual_ramp   [  66% ] 12/12 VUs  07m56.9s/12m00.0s

running (08m26.0s), 12/12 VUs, 6119 complete and 0 interrupted iterations
gradual_ramp   [  66% ] 12/12 VUs  07m57.9s/12m00.0s

running (08m27.0s), 12/12 VUs, 6138 complete and 0 interrupted iterations
gradual_ramp   [  67% ] 12/12 VUs  07m58.9s/12m00.0s

running (08m28.0s), 12/12 VUs, 6151 complete and 0 interrupted iterations
gradual_ramp   [  67% ] 12/12 VUs  07m59.9s/12m00.0s

running (08m29.0s), 12/12 VUs, 6162 complete and 0 interrupted iterations
gradual_ramp   [  67% ] 12/12 VUs  08m00.9s/12m00.0s

running (08m30.0s), 12/12 VUs, 6167 complete and 0 interrupted iterations
gradual_ramp   [  67% ] 12/12 VUs  08m01.9s/12m00.0s

running (08m31.0s), 12/12 VUs, 6167 complete and 0 interrupted iterations
gradual_ramp   [  67% ] 12/12 VUs  08m02.9s/12m00.0s

running (08m32.0s), 12/12 VUs, 6176 complete and 0 interrupted iterations
gradual_ramp   [  67% ] 12/12 VUs  08m03.9s/12m00.0s

running (08m33.0s), 12/12 VUs, 6193 complete and 0 interrupted iterations
gradual_ramp   [  67% ] 12/12 VUs  08m04.9s/12m00.0s

running (08m34.0s), 12/12 VUs, 6205 complete and 0 interrupted iterations
gradual_ramp   [  67% ] 12/12 VUs  08m05.9s/12m00.0s

running (08m35.0s), 12/12 VUs, 6210 complete and 0 interrupted iterations
gradual_ramp   [  68% ] 12/12 VUs  08m06.9s/12m00.0s

running (08m36.0s), 12/12 VUs, 6222 complete and 0 interrupted iterations
gradual_ramp   [  68% ] 12/12 VUs  08m07.9s/12m00.0s

running (08m37.0s), 12/12 VUs, 6228 complete and 0 interrupted iterations
gradual_ramp   [  68% ] 12/12 VUs  08m08.9s/12m00.0s

running (08m38.0s), 12/12 VUs, 6240 complete and 0 interrupted iterations
gradual_ramp   [  68% ] 12/12 VUs  08m09.9s/12m00.0s

running (08m39.0s), 12/12 VUs, 6261 complete and 0 interrupted iterations
gradual_ramp   [  68% ] 12/12 VUs  08m10.9s/12m00.0s

running (08m40.0s), 12/12 VUs, 6280 complete and 0 interrupted iterations
gradual_ramp   [  68% ] 12/12 VUs  08m11.9s/12m00.0s

running (08m41.0s), 12/12 VUs, 6300 complete and 0 interrupted iterations
gradual_ramp   [  68% ] 12/12 VUs  08m12.9s/12m00.0s

running (08m42.0s), 12/12 VUs, 6313 complete and 0 interrupted iterations
gradual_ramp   [  69% ] 12/12 VUs  08m13.9s/12m00.0s

running (08m43.0s), 12/12 VUs, 6325 complete and 0 interrupted iterations
gradual_ramp   [  69% ] 12/12 VUs  08m14.9s/12m00.0s

running (08m44.0s), 12/12 VUs, 6336 complete and 0 interrupted iterations
gradual_ramp   [  69% ] 12/12 VUs  08m15.9s/12m00.0s

running (08m45.0s), 12/12 VUs, 6363 complete and 0 interrupted iterations
gradual_ramp   [  69% ] 12/12 VUs  08m16.9s/12m00.0s

running (08m46.0s), 12/12 VUs, 6381 complete and 0 interrupted iterations
gradual_ramp   [  69% ] 12/12 VUs  08m17.9s/12m00.0s

running (08m47.0s), 12/12 VUs, 6393 complete and 0 interrupted iterations
gradual_ramp   [  69% ] 12/12 VUs  08m18.9s/12m00.0s

running (08m48.0s), 12/12 VUs, 6401 complete and 0 interrupted iterations
gradual_ramp   [  69% ] 12/12 VUs  08m19.9s/12m00.0s

running (08m49.0s), 12/12 VUs, 6420 complete and 0 interrupted iterations
gradual_ramp   [  70% ] 12/12 VUs  08m20.9s/12m00.0s

running (08m50.0s), 12/12 VUs, 6431 complete and 0 interrupted iterations
gradual_ramp   [  70% ] 12/12 VUs  08m21.9s/12m00.0s

running (08m51.0s), 12/12 VUs, 6446 complete and 0 interrupted iterations
gradual_ramp   [  70% ] 12/12 VUs  08m22.9s/12m00.0s

running (08m52.0s), 12/12 VUs, 6456 complete and 0 interrupted iterations
gradual_ramp   [  70% ] 12/12 VUs  08m23.9s/12m00.0s

running (08m53.0s), 12/12 VUs, 6467 complete and 0 interrupted iterations
gradual_ramp   [  70% ] 12/12 VUs  08m24.9s/12m00.0s

running (08m54.0s), 12/12 VUs, 6479 complete and 0 interrupted iterations
gradual_ramp   [  70% ] 12/12 VUs  08m25.9s/12m00.0s

running (08m55.0s), 12/12 VUs, 6499 complete and 0 interrupted iterations
gradual_ramp   [  70% ] 12/12 VUs  08m26.9s/12m00.0s

running (08m56.0s), 12/12 VUs, 6513 complete and 0 interrupted iterations
gradual_ramp   [  71% ] 12/12 VUs  08m27.9s/12m00.0s

running (08m57.0s), 12/12 VUs, 6527 complete and 0 interrupted iterations
gradual_ramp   [  71% ] 12/12 VUs  08m28.9s/12m00.0s

running (08m58.0s), 12/12 VUs, 6535 complete and 0 interrupted iterations
gradual_ramp   [  71% ] 12/12 VUs  08m29.9s/12m00.0s

running (08m59.0s), 12/12 VUs, 6544 complete and 0 interrupted iterations
gradual_ramp   [  71% ] 12/12 VUs  08m30.9s/12m00.0s

running (09m00.0s), 12/12 VUs, 6549 complete and 0 interrupted iterations
gradual_ramp   [  71% ] 12/12 VUs  08m31.9s/12m00.0s

running (09m01.0s), 12/12 VUs, 6556 complete and 0 interrupted iterations
gradual_ramp   [  71% ] 12/12 VUs  08m32.9s/12m00.0s

running (09m02.0s), 12/12 VUs, 6570 complete and 0 interrupted iterations
gradual_ramp   [  71% ] 12/12 VUs  08m33.9s/12m00.0s

running (09m03.0s), 12/12 VUs, 6574 complete and 0 interrupted iterations
gradual_ramp   [  72% ] 12/12 VUs  08m34.9s/12m00.0s

running (09m04.0s), 12/12 VUs, 6577 complete and 0 interrupted iterations
gradual_ramp   [  72% ] 12/12 VUs  08m35.9s/12m00.0s

running (09m05.0s), 12/12 VUs, 6586 complete and 0 interrupted iterations
gradual_ramp   [  72% ] 12/12 VUs  08m36.9s/12m00.0s

running (09m06.0s), 12/12 VUs, 6586 complete and 0 interrupted iterations
gradual_ramp   [  72% ] 12/12 VUs  08m37.9s/12m00.0s

running (09m07.0s), 12/12 VUs, 6598 complete and 0 interrupted iterations
gradual_ramp   [  72% ] 12/12 VUs  08m38.9s/12m00.0s

running (09m08.0s), 12/12 VUs, 6604 complete and 0 interrupted iterations
gradual_ramp   [  72% ] 12/12 VUs  08m39.9s/12m00.0s

running (09m09.0s), 12/12 VUs, 6616 complete and 0 interrupted iterations
gradual_ramp   [  72% ] 12/12 VUs  08m40.9s/12m00.0s

running (09m10.0s), 12/12 VUs, 6628 complete and 0 interrupted iterations
gradual_ramp   [  72% ] 12/12 VUs  08m41.9s/12m00.0s

running (09m11.0s), 12/12 VUs, 6636 complete and 0 interrupted iterations
gradual_ramp   [  73% ] 12/12 VUs  08m42.9s/12m00.0s

running (09m12.0s), 12/12 VUs, 6645 complete and 0 interrupted iterations
gradual_ramp   [  73% ] 12/12 VUs  08m43.9s/12m00.0s

running (09m13.0s), 12/12 VUs, 6660 complete and 0 interrupted iterations
gradual_ramp   [  73% ] 12/12 VUs  08m44.9s/12m00.0s

running (09m14.0s), 12/12 VUs, 6678 complete and 0 interrupted iterations
gradual_ramp   [  73% ] 12/12 VUs  08m45.9s/12m00.0s

running (09m15.0s), 12/12 VUs, 6710 complete and 0 interrupted iterations
gradual_ramp   [  73% ] 12/12 VUs  08m46.9s/12m00.0s

running (09m16.0s), 12/12 VUs, 6734 complete and 0 interrupted iterations
gradual_ramp   [  73% ] 12/12 VUs  08m47.9s/12m00.0s

running (09m17.0s), 12/12 VUs, 6751 complete and 0 interrupted iterations
gradual_ramp   [  73% ] 12/12 VUs  08m48.9s/12m00.0s

running (09m18.0s), 12/12 VUs, 6763 complete and 0 interrupted iterations
gradual_ramp   [  74% ] 12/12 VUs  08m49.9s/12m00.0s

running (09m19.0s), 12/12 VUs, 6772 complete and 0 interrupted iterations
gradual_ramp   [  74% ] 12/12 VUs  08m50.9s/12m00.0s

running (09m20.0s), 12/12 VUs, 6784 complete and 0 interrupted iterations
gradual_ramp   [  74% ] 12/12 VUs  08m51.9s/12m00.0s

running (09m21.0s), 12/12 VUs, 6812 complete and 0 interrupted iterations
gradual_ramp   [  74% ] 12/12 VUs  08m52.9s/12m00.0s

running (09m22.0s), 12/12 VUs, 6826 complete and 0 interrupted iterations
gradual_ramp   [  74% ] 12/12 VUs  08m53.9s/12m00.0s

running (09m23.0s), 12/12 VUs, 6845 complete and 0 interrupted iterations
gradual_ramp   [  74% ] 12/12 VUs  08m54.9s/12m00.0s

running (09m24.0s), 12/12 VUs, 6871 complete and 0 interrupted iterations
gradual_ramp   [  74% ] 12/12 VUs  08m55.9s/12m00.0s

running (09m25.0s), 12/12 VUs, 6919 complete and 0 interrupted iterations
gradual_ramp   [  75% ] 12/12 VUs  08m56.9s/12m00.0s

running (09m26.0s), 12/12 VUs, 6930 complete and 0 interrupted iterations
gradual_ramp   [  75% ] 12/12 VUs  08m57.9s/12m00.0s

running (09m27.0s), 12/12 VUs, 6934 complete and 0 interrupted iterations
gradual_ramp   [  75% ] 12/12 VUs  08m58.9s/12m00.0s

running (09m28.0s), 12/12 VUs, 6939 complete and 0 interrupted iterations
gradual_ramp   [  75% ] 12/12 VUs  08m59.9s/12m00.0s

running (09m29.0s), 12/12 VUs, 6949 complete and 0 interrupted iterations
gradual_ramp   [  75% ] 12/12 VUs  09m00.9s/12m00.0s

running (09m30.0s), 12/12 VUs, 6959 complete and 0 interrupted iterations
gradual_ramp   [  75% ] 12/12 VUs  09m01.9s/12m00.0s

running (09m31.0s), 12/12 VUs, 6985 complete and 0 interrupted iterations
gradual_ramp   [  75% ] 12/12 VUs  09m02.9s/12m00.0s

running (09m32.0s), 12/12 VUs, 7007 complete and 0 interrupted iterations
gradual_ramp   [  76% ] 12/12 VUs  09m03.9s/12m00.0s

running (09m33.0s), 12/12 VUs, 7021 complete and 0 interrupted iterations
gradual_ramp   [  76% ] 12/12 VUs  09m04.9s/12m00.0s

running (09m34.0s), 12/12 VUs, 7048 complete and 0 interrupted iterations
gradual_ramp   [  76% ] 12/12 VUs  09m05.9s/12m00.0s

running (09m35.0s), 12/12 VUs, 7068 complete and 0 interrupted iterations
gradual_ramp   [  76% ] 12/12 VUs  09m06.9s/12m00.0s

running (09m36.0s), 12/12 VUs, 7096 complete and 0 interrupted iterations
gradual_ramp   [  76% ] 12/12 VUs  09m07.9s/12m00.0s

running (09m37.0s), 12/12 VUs, 7107 complete and 0 interrupted iterations
gradual_ramp   [  76% ] 12/12 VUs  09m08.9s/12m00.0s

running (09m38.0s), 12/12 VUs, 7113 complete and 0 interrupted iterations
gradual_ramp   [  76% ] 12/12 VUs  09m09.9s/12m00.0s

running (09m39.0s), 12/12 VUs, 7118 complete and 0 interrupted iterations
gradual_ramp   [  77% ] 12/12 VUs  09m10.9s/12m00.0s

running (09m40.0s), 12/12 VUs, 7118 complete and 0 interrupted iterations
gradual_ramp   [  77% ] 12/12 VUs  09m11.9s/12m00.0s

running (09m41.0s), 12/12 VUs, 7127 complete and 0 interrupted iterations
gradual_ramp   [  77% ] 12/12 VUs  09m12.9s/12m00.0s

running (09m42.0s), 12/12 VUs, 7136 complete and 0 interrupted iterations
gradual_ramp   [  77% ] 12/12 VUs  09m13.9s/12m00.0s

running (09m43.0s), 12/12 VUs, 7138 complete and 0 interrupted iterations
gradual_ramp   [  77% ] 12/12 VUs  09m14.9s/12m00.0s

running (09m44.0s), 12/12 VUs, 7147 complete and 0 interrupted iterations
gradual_ramp   [  77% ] 12/12 VUs  09m15.9s/12m00.0s

running (09m45.0s), 12/12 VUs, 7158 complete and 0 interrupted iterations
gradual_ramp   [  77% ] 12/12 VUs  09m16.9s/12m00.0s

running (09m46.0s), 12/12 VUs, 7160 complete and 0 interrupted iterations
gradual_ramp   [  77% ] 12/12 VUs  09m17.9s/12m00.0s

running (09m47.0s), 11/12 VUs, 7168 complete and 0 interrupted iterations
gradual_ramp   [  78% ] 11/12 VUs  09m18.9s/12m00.0s

running (09m48.0s), 11/12 VUs, 7176 complete and 0 interrupted iterations
gradual_ramp   [  78% ] 11/12 VUs  09m19.9s/12m00.0s

running (09m49.0s), 11/12 VUs, 7178 complete and 0 interrupted iterations
gradual_ramp   [  78% ] 11/12 VUs  09m20.9s/12m00.0s

running (09m50.0s), 11/12 VUs, 7185 complete and 0 interrupted iterations
gradual_ramp   [  78% ] 11/12 VUs  09m21.9s/12m00.0s

running (09m51.0s), 11/12 VUs, 7196 complete and 0 interrupted iterations
gradual_ramp   [  78% ] 11/12 VUs  09m22.9s/12m00.0s

running (09m52.0s), 11/12 VUs, 7223 complete and 0 interrupted iterations
gradual_ramp   [  78% ] 11/12 VUs  09m23.9s/12m00.0s

running (09m53.0s), 11/12 VUs, 7233 complete and 0 interrupted iterations
gradual_ramp   [  78% ] 11/12 VUs  09m24.9s/12m00.0s

running (09m54.0s), 11/12 VUs, 7233 complete and 0 interrupted iterations
gradual_ramp   [  79% ] 11/12 VUs  09m25.9s/12m00.0s

running (09m55.0s), 11/12 VUs, 7240 complete and 0 interrupted iterations
gradual_ramp   [  79% ] 11/12 VUs  09m26.9s/12m00.0s

running (09m56.0s), 11/12 VUs, 7244 complete and 0 interrupted iterations
gradual_ramp   [  79% ] 11/12 VUs  09m27.9s/12m00.0s

running (09m57.0s), 11/12 VUs, 7248 complete and 0 interrupted iterations
gradual_ramp   [  79% ] 11/12 VUs  09m28.9s/12m00.0s

running (09m58.0s), 11/12 VUs, 7258 complete and 0 interrupted iterations
gradual_ramp   [  79% ] 11/12 VUs  09m29.9s/12m00.0s

running (09m59.0s), 11/12 VUs, 7266 complete and 0 interrupted iterations
gradual_ramp   [  79% ] 11/12 VUs  09m30.9s/12m00.0s

running (10m00.0s), 11/12 VUs, 7279 complete and 0 interrupted iterations
gradual_ramp   [  79% ] 11/12 VUs  09m31.9s/12m00.0s

running (10m01.0s), 10/12 VUs, 7325 complete and 0 interrupted iterations
gradual_ramp   [  80% ] 10/12 VUs  09m32.9s/12m00.0s

running (10m02.0s), 10/12 VUs, 7340 complete and 0 interrupted iterations
gradual_ramp   [  80% ] 10/12 VUs  09m33.9s/12m00.0s

running (10m03.0s), 10/12 VUs, 7347 complete and 0 interrupted iterations
gradual_ramp   [  80% ] 10/12 VUs  09m34.9s/12m00.0s

running (10m04.0s), 10/12 VUs, 7347 complete and 0 interrupted iterations
gradual_ramp   [  80% ] 10/12 VUs  09m35.9s/12m00.0s

running (10m05.0s), 10/12 VUs, 7354 complete and 0 interrupted iterations
gradual_ramp   [  80% ] 10/12 VUs  09m36.9s/12m00.0s

running (10m06.0s), 10/12 VUs, 7372 complete and 0 interrupted iterations
gradual_ramp   [  80% ] 10/12 VUs  09m37.9s/12m00.0s

running (10m07.0s), 10/12 VUs, 7386 complete and 0 interrupted iterations
gradual_ramp   [  80% ] 10/12 VUs  09m38.9s/12m00.0s

running (10m08.0s), 10/12 VUs, 7401 complete and 0 interrupted iterations
gradual_ramp   [  81% ] 10/12 VUs  09m39.9s/12m00.0s

running (10m09.0s), 10/12 VUs, 7413 complete and 0 interrupted iterations
gradual_ramp   [  81% ] 10/12 VUs  09m40.9s/12m00.0s

running (10m10.0s), 10/12 VUs, 7426 complete and 0 interrupted iterations
gradual_ramp   [  81% ] 10/12 VUs  09m41.9s/12m00.0s

running (10m11.0s), 10/12 VUs, 7437 complete and 0 interrupted iterations
gradual_ramp   [  81% ] 10/12 VUs  09m42.9s/12m00.0s

running (10m12.0s), 10/12 VUs, 7453 complete and 0 interrupted iterations
gradual_ramp   [  81% ] 10/12 VUs  09m43.9s/12m00.0s

running (10m13.0s), 10/12 VUs, 7465 complete and 0 interrupted iterations
gradual_ramp   [  81% ] 10/12 VUs  09m44.9s/12m00.0s

running (10m14.0s), 09/12 VUs, 7482 complete and 0 interrupted iterations
gradual_ramp   [  81% ] 09/12 VUs  09m45.9s/12m00.0s

running (10m15.0s), 09/12 VUs, 7493 complete and 0 interrupted iterations
gradual_ramp   [  82% ] 09/12 VUs  09m46.9s/12m00.0s

running (10m16.0s), 09/12 VUs, 7503 complete and 0 interrupted iterations
gradual_ramp   [  82% ] 09/12 VUs  09m47.9s/12m00.0s

running (10m17.0s), 09/12 VUs, 7506 complete and 0 interrupted iterations
gradual_ramp   [  82% ] 09/12 VUs  09m48.9s/12m00.0s

running (10m18.0s), 09/12 VUs, 7512 complete and 0 interrupted iterations
gradual_ramp   [  82% ] 09/12 VUs  09m49.9s/12m00.0s

running (10m19.0s), 09/12 VUs, 7522 complete and 0 interrupted iterations
gradual_ramp   [  82% ] 09/12 VUs  09m50.9s/12m00.0s

running (10m20.0s), 09/12 VUs, 7540 complete and 0 interrupted iterations
gradual_ramp   [  82% ] 09/12 VUs  09m51.9s/12m00.0s

running (10m21.0s), 09/12 VUs, 7560 complete and 0 interrupted iterations
gradual_ramp   [  82% ] 09/12 VUs  09m52.9s/12m00.0s

running (10m22.0s), 09/12 VUs, 7567 complete and 0 interrupted iterations
gradual_ramp   [  82% ] 09/12 VUs  09m53.9s/12m00.0s

running (10m23.0s), 09/12 VUs, 7582 complete and 0 interrupted iterations
gradual_ramp   [  83% ] 09/12 VUs  09m54.9s/12m00.0s

running (10m24.0s), 09/12 VUs, 7590 complete and 0 interrupted iterations
gradual_ramp   [  83% ] 09/12 VUs  09m55.9s/12m00.0s

running (10m25.0s), 09/12 VUs, 7591 complete and 0 interrupted iterations
gradual_ramp   [  83% ] 09/12 VUs  09m56.9s/12m00.0s

running (10m26.0s), 09/12 VUs, 7598 complete and 0 interrupted iterations
gradual_ramp   [  83% ] 09/12 VUs  09m57.9s/12m00.0s

running (10m27.0s), 09/12 VUs, 7620 complete and 0 interrupted iterations
gradual_ramp   [  83% ] 09/12 VUs  09m58.9s/12m00.0s

running (10m28.0s), 09/12 VUs, 7632 complete and 0 interrupted iterations
gradual_ramp   [  83% ] 09/12 VUs  09m59.9s/12m00.0s

running (10m29.0s), 08/12 VUs, 7661 complete and 0 interrupted iterations
gradual_ramp   [  83% ] 08/12 VUs  10m00.9s/12m00.0s

running (10m30.0s), 08/12 VUs, 7706 complete and 0 interrupted iterations
gradual_ramp   [  84% ] 08/12 VUs  10m01.9s/12m00.0s

running (10m31.0s), 08/12 VUs, 7720 complete and 0 interrupted iterations
gradual_ramp   [  84% ] 08/12 VUs  10m02.9s/12m00.0s

running (10m32.0s), 08/12 VUs, 7722 complete and 0 interrupted iterations
gradual_ramp   [  84% ] 08/12 VUs  10m03.9s/12m00.0s

running (10m33.0s), 08/12 VUs, 7729 complete and 0 interrupted iterations
gradual_ramp   [  84% ] 08/12 VUs  10m04.9s/12m00.0s

running (10m34.0s), 08/12 VUs, 7734 complete and 0 interrupted iterations
gradual_ramp   [  84% ] 08/12 VUs  10m05.9s/12m00.0s

running (10m35.0s), 08/12 VUs, 7744 complete and 0 interrupted iterations
gradual_ramp   [  84% ] 08/12 VUs  10m06.9s/12m00.0s

running (10m36.0s), 08/12 VUs, 7751 complete and 0 interrupted iterations
gradual_ramp   [  84% ] 08/12 VUs  10m07.9s/12m00.0s

running (10m37.0s), 08/12 VUs, 7765 complete and 0 interrupted iterations
gradual_ramp   [  85% ] 08/12 VUs  10m08.9s/12m00.0s

running (10m38.0s), 08/12 VUs, 7765 complete and 0 interrupted iterations
gradual_ramp   [  85% ] 08/12 VUs  10m09.9s/12m00.0s

running (10m39.0s), 08/12 VUs, 7793 complete and 0 interrupted iterations
gradual_ramp   [  85% ] 08/12 VUs  10m10.9s/12m00.0s

running (10m40.0s), 08/12 VUs, 7827 complete and 0 interrupted iterations
gradual_ramp   [  85% ] 08/12 VUs  10m11.9s/12m00.0s

running (10m41.0s), 08/12 VUs, 7837 complete and 0 interrupted iterations
gradual_ramp   [  85% ] 08/12 VUs  10m12.9s/12m00.0s

running (10m42.0s), 08/12 VUs, 7837 complete and 0 interrupted iterations
gradual_ramp   [  85% ] 08/12 VUs  10m13.9s/12m00.0s

running (10m43.0s), 08/12 VUs, 7851 complete and 0 interrupted iterations
gradual_ramp   [  85% ] 08/12 VUs  10m14.9s/12m00.0s

running (10m44.0s), 08/12 VUs, 7863 complete and 0 interrupted iterations
gradual_ramp   [  86% ] 08/12 VUs  10m15.9s/12m00.0s

running (10m45.0s), 07/12 VUs, 7880 complete and 0 interrupted iterations
gradual_ramp   [  86% ] 07/12 VUs  10m16.9s/12m00.0s

running (10m46.0s), 07/12 VUs, 7892 complete and 0 interrupted iterations
gradual_ramp   [  86% ] 07/12 VUs  10m17.9s/12m00.0s

running (10m47.0s), 07/12 VUs, 7914 complete and 0 interrupted iterations
gradual_ramp   [  86% ] 07/12 VUs  10m18.9s/12m00.0s

running (10m48.0s), 07/12 VUs, 7914 complete and 0 interrupted iterations
gradual_ramp   [  86% ] 07/12 VUs  10m19.9s/12m00.0s

running (10m49.0s), 07/12 VUs, 7917 complete and 0 interrupted iterations
gradual_ramp   [  86% ] 07/12 VUs  10m20.9s/12m00.0s

running (10m50.0s), 07/12 VUs, 7928 complete and 0 interrupted iterations
gradual_ramp   [  86% ] 07/12 VUs  10m21.9s/12m00.0s

running (10m51.0s), 07/12 VUs, 7960 complete and 0 interrupted iterations
gradual_ramp   [  87% ] 07/12 VUs  10m22.9s/12m00.0s

running (10m52.0s), 07/12 VUs, 7981 complete and 0 interrupted iterations
gradual_ramp   [  87% ] 07/12 VUs  10m23.9s/12m00.0s

running (10m53.0s), 07/12 VUs, 7999 complete and 0 interrupted iterations
gradual_ramp   [  87% ] 07/12 VUs  10m24.9s/12m00.0s

running (10m54.0s), 07/12 VUs, 8016 complete and 0 interrupted iterations
gradual_ramp   [  87% ] 07/12 VUs  10m25.9s/12m00.0s

running (10m55.0s), 07/12 VUs, 8032 complete and 0 interrupted iterations
gradual_ramp   [  87% ] 07/12 VUs  10m26.9s/12m00.0s

running (10m56.0s), 07/12 VUs, 8043 complete and 0 interrupted iterations
gradual_ramp   [  87% ] 07/12 VUs  10m27.9s/12m00.0s

running (10m57.0s), 07/12 VUs, 8057 complete and 0 interrupted iterations
gradual_ramp   [  87% ] 07/12 VUs  10m28.9s/12m00.0s

running (10m58.0s), 07/12 VUs, 8070 complete and 0 interrupted iterations
gradual_ramp   [  87% ] 07/12 VUs  10m29.9s/12m00.0s

running (10m59.0s), 06/12 VUs, 8081 complete and 0 interrupted iterations
gradual_ramp   [  88% ] 06/12 VUs  10m30.9s/12m00.0s

running (11m00.0s), 06/12 VUs, 8127 complete and 0 interrupted iterations
gradual_ramp   [  88% ] 06/12 VUs  10m31.9s/12m00.0s

running (11m01.0s), 06/12 VUs, 8136 complete and 0 interrupted iterations
gradual_ramp   [  88% ] 06/12 VUs  10m32.9s/12m00.0s

running (11m02.0s), 06/12 VUs, 8136 complete and 0 interrupted iterations
gradual_ramp   [  88% ] 06/12 VUs  10m33.9s/12m00.0s

running (11m03.0s), 06/12 VUs, 8151 complete and 0 interrupted iterations
gradual_ramp   [  88% ] 06/12 VUs  10m34.9s/12m00.0s

running (11m04.0s), 06/12 VUs, 8192 complete and 0 interrupted iterations
gradual_ramp   [  88% ] 06/12 VUs  10m35.9s/12m00.0s

running (11m05.0s), 06/12 VUs, 8201 complete and 0 interrupted iterations
gradual_ramp   [  88% ] 06/12 VUs  10m36.9s/12m00.0s

running (11m06.0s), 06/12 VUs, 8214 complete and 0 interrupted iterations
gradual_ramp   [  89% ] 06/12 VUs  10m37.9s/12m00.0s

running (11m07.0s), 06/12 VUs, 8242 complete and 0 interrupted iterations
gradual_ramp   [  89% ] 06/12 VUs  10m38.9s/12m00.0s

running (11m08.0s), 06/12 VUs, 8266 complete and 0 interrupted iterations
gradual_ramp   [  89% ] 06/12 VUs  10m39.9s/12m00.0s

running (11m09.0s), 06/12 VUs, 8282 complete and 0 interrupted iterations
gradual_ramp   [  89% ] 06/12 VUs  10m40.9s/12m00.0s

running (11m10.0s), 06/12 VUs, 8288 complete and 0 interrupted iterations
gradual_ramp   [  89% ] 06/12 VUs  10m41.9s/12m00.0s

running (11m11.0s), 06/12 VUs, 8305 complete and 0 interrupted iterations
gradual_ramp   [  89% ] 06/12 VUs  10m42.9s/12m00.0s

running (11m12.0s), 06/12 VUs, 8314 complete and 0 interrupted iterations
gradual_ramp   [  89% ] 06/12 VUs  10m43.9s/12m00.0s

running (11m13.0s), 06/12 VUs, 8322 complete and 0 interrupted iterations
gradual_ramp   [  90% ] 06/12 VUs  10m44.9s/12m00.0s

running (11m14.0s), 05/12 VUs, 8337 complete and 0 interrupted iterations
gradual_ramp   [  90% ] 05/12 VUs  10m45.9s/12m00.0s

running (11m15.0s), 05/12 VUs, 8348 complete and 0 interrupted iterations
gradual_ramp   [  90% ] 05/12 VUs  10m46.9s/12m00.0s

running (11m16.0s), 05/12 VUs, 8352 complete and 0 interrupted iterations
gradual_ramp   [  90% ] 05/12 VUs  10m47.9s/12m00.0s

running (11m17.0s), 05/12 VUs, 8370 complete and 0 interrupted iterations
gradual_ramp   [  90% ] 05/12 VUs  10m48.9s/12m00.0s

running (11m18.0s), 05/12 VUs, 8399 complete and 0 interrupted iterations
gradual_ramp   [  90% ] 05/12 VUs  10m49.9s/12m00.0s

running (11m19.0s), 05/12 VUs, 8399 complete and 0 interrupted iterations
gradual_ramp   [  90% ] 05/12 VUs  10m50.9s/12m00.0s

running (11m20.0s), 05/12 VUs, 8404 complete and 0 interrupted iterations
gradual_ramp   [  91% ] 05/12 VUs  10m51.9s/12m00.0s

running (11m21.0s), 05/12 VUs, 8425 complete and 0 interrupted iterations
gradual_ramp   [  91% ] 05/12 VUs  10m52.9s/12m00.0s

running (11m22.0s), 05/12 VUs, 8441 complete and 0 interrupted iterations
gradual_ramp   [  91% ] 05/12 VUs  10m53.9s/12m00.0s

running (11m23.0s), 05/12 VUs, 8455 complete and 0 interrupted iterations
gradual_ramp   [  91% ] 05/12 VUs  10m54.9s/12m00.0s

running (11m24.0s), 05/12 VUs, 8475 complete and 0 interrupted iterations
gradual_ramp   [  91% ] 05/12 VUs  10m55.9s/12m00.0s

running (11m25.0s), 05/12 VUs, 8484 complete and 0 interrupted iterations
gradual_ramp   [  91% ] 05/12 VUs  10m56.9s/12m00.0s

running (11m26.0s), 05/12 VUs, 8507 complete and 0 interrupted iterations
gradual_ramp   [  91% ] 05/12 VUs  10m57.9s/12m00.0s

running (11m27.0s), 05/12 VUs, 8514 complete and 0 interrupted iterations
gradual_ramp   [  92% ] 05/12 VUs  10m58.9s/12m00.0s

running (11m28.0s), 05/12 VUs, 8517 complete and 0 interrupted iterations
gradual_ramp   [  92% ] 05/12 VUs  10m59.9s/12m00.0s

running (11m29.0s), 05/12 VUs, 8525 complete and 0 interrupted iterations
gradual_ramp   [  92% ] 05/12 VUs  11m00.9s/12m00.0s

running (11m30.0s), 04/12 VUs, 8543 complete and 0 interrupted iterations
gradual_ramp   [  92% ] 04/12 VUs  11m01.9s/12m00.0s

running (11m31.0s), 04/12 VUs, 8547 complete and 0 interrupted iterations
gradual_ramp   [  92% ] 04/12 VUs  11m02.9s/12m00.0s

running (11m32.0s), 04/12 VUs, 8576 complete and 0 interrupted iterations
gradual_ramp   [  92% ] 04/12 VUs  11m03.9s/12m00.0s

running (11m33.0s), 04/12 VUs, 8590 complete and 0 interrupted iterations
gradual_ramp   [  92% ] 04/12 VUs  11m04.9s/12m00.0s

running (11m34.0s), 04/12 VUs, 8590 complete and 0 interrupted iterations
gradual_ramp   [  92% ] 04/12 VUs  11m05.9s/12m00.0s

running (11m35.0s), 04/12 VUs, 8610 complete and 0 interrupted iterations
gradual_ramp   [  93% ] 04/12 VUs  11m06.9s/12m00.0s

running (11m36.0s), 04/12 VUs, 8612 complete and 0 interrupted iterations
gradual_ramp   [  93% ] 04/12 VUs  11m07.9s/12m00.0s

running (11m37.0s), 04/12 VUs, 8630 complete and 0 interrupted iterations
gradual_ramp   [  93% ] 04/12 VUs  11m08.9s/12m00.0s

running (11m38.0s), 04/12 VUs, 8649 complete and 0 interrupted iterations
gradual_ramp   [  93% ] 04/12 VUs  11m09.9s/12m00.0s

running (11m39.0s), 04/12 VUs, 8658 complete and 0 interrupted iterations
gradual_ramp   [  93% ] 04/12 VUs  11m10.9s/12m00.0s

running (11m40.0s), 04/12 VUs, 8658 complete and 0 interrupted iterations
gradual_ramp   [  93% ] 04/12 VUs  11m11.9s/12m00.0s

running (11m41.0s), 04/12 VUs, 8690 complete and 0 interrupted iterations
gradual_ramp   [  93% ] 04/12 VUs  11m12.9s/12m00.0s

running (11m42.0s), 04/12 VUs, 8693 complete and 0 interrupted iterations
gradual_ramp   [  94% ] 04/12 VUs  11m13.9s/12m00.0s

running (11m43.0s), 04/12 VUs, 8695 complete and 0 interrupted iterations
gradual_ramp   [  94% ] 04/12 VUs  11m14.9s/12m00.0s

running (11m44.0s), 03/12 VUs, 8702 complete and 0 interrupted iterations
gradual_ramp   [  94% ] 03/12 VUs  11m15.9s/12m00.0s

running (11m45.0s), 03/12 VUs, 8706 complete and 0 interrupted iterations
gradual_ramp   [  94% ] 03/12 VUs  11m16.9s/12m00.0s

running (11m46.0s), 03/12 VUs, 8711 complete and 0 interrupted iterations
gradual_ramp   [  94% ] 03/12 VUs  11m17.9s/12m00.0s

running (11m47.0s), 03/12 VUs, 8738 complete and 0 interrupted iterations
gradual_ramp   [  94% ] 03/12 VUs  11m18.9s/12m00.0s

running (11m48.0s), 03/12 VUs, 8741 complete and 0 interrupted iterations
gradual_ramp   [  94% ] 03/12 VUs  11m19.9s/12m00.0s

running (11m49.0s), 03/12 VUs, 8754 complete and 0 interrupted iterations
gradual_ramp   [  95% ] 03/12 VUs  11m20.9s/12m00.0s

running (11m50.0s), 03/12 VUs, 8759 complete and 0 interrupted iterations
gradual_ramp   [  95% ] 03/12 VUs  11m21.9s/12m00.0s

running (11m51.0s), 03/12 VUs, 8784 complete and 0 interrupted iterations
gradual_ramp   [  95% ] 03/12 VUs  11m22.9s/12m00.0s

running (11m52.0s), 03/12 VUs, 8787 complete and 0 interrupted iterations
gradual_ramp   [  95% ] 03/12 VUs  11m23.9s/12m00.0s

running (11m53.0s), 03/12 VUs, 8807 complete and 0 interrupted iterations
gradual_ramp   [  95% ] 03/12 VUs  11m24.9s/12m00.0s

running (11m54.0s), 03/12 VUs, 8828 complete and 0 interrupted iterations
gradual_ramp   [  95% ] 03/12 VUs  11m25.9s/12m00.0s

running (11m55.0s), 03/12 VUs, 8833 complete and 0 interrupted iterations
gradual_ramp   [  95% ] 03/12 VUs  11m26.9s/12m00.0s

running (11m56.0s), 03/12 VUs, 8834 complete and 0 interrupted iterations
gradual_ramp   [  96% ] 03/12 VUs  11m27.9s/12m00.0s

running (11m57.0s), 03/12 VUs, 8847 complete and 0 interrupted iterations
gradual_ramp   [  96% ] 03/12 VUs  11m28.9s/12m00.0s

running (11m58.0s), 03/12 VUs, 8851 complete and 0 interrupted iterations
gradual_ramp   [  96% ] 03/12 VUs  11m29.9s/12m00.0s

running (11m59.0s), 03/12 VUs, 8856 complete and 0 interrupted iterations
gradual_ramp   [  96% ] 03/12 VUs  11m30.9s/12m00.0s

running (12m00.0s), 02/12 VUs, 8879 complete and 0 interrupted iterations
gradual_ramp   [  96% ] 02/12 VUs  11m31.9s/12m00.0s

running (12m01.0s), 02/12 VUs, 8884 complete and 0 interrupted iterations
gradual_ramp   [  96% ] 02/12 VUs  11m32.9s/12m00.0s

running (12m02.0s), 02/12 VUs, 8897 complete and 0 interrupted iterations
gradual_ramp   [  96% ] 02/12 VUs  11m33.9s/12m00.0s

running (12m03.0s), 02/12 VUs, 8917 complete and 0 interrupted iterations
gradual_ramp   [  97% ] 02/12 VUs  11m34.9s/12m00.0s

running (12m04.0s), 02/12 VUs, 8938 complete and 0 interrupted iterations
gradual_ramp   [  97% ] 02/12 VUs  11m35.9s/12m00.0s

running (12m05.0s), 02/12 VUs, 8953 complete and 0 interrupted iterations
gradual_ramp   [  97% ] 02/12 VUs  11m36.9s/12m00.0s

running (12m06.0s), 02/12 VUs, 8974 complete and 0 interrupted iterations
gradual_ramp   [  97% ] 02/12 VUs  11m37.9s/12m00.0s

running (12m07.0s), 02/12 VUs, 8981 complete and 0 interrupted iterations
gradual_ramp   [  97% ] 02/12 VUs  11m38.9s/12m00.0s

running (12m08.0s), 02/12 VUs, 8985 complete and 0 interrupted iterations
gradual_ramp   [  97% ] 02/12 VUs  11m39.9s/12m00.0s

running (12m09.0s), 02/12 VUs, 8993 complete and 0 interrupted iterations
gradual_ramp   [  97% ] 02/12 VUs  11m40.9s/12m00.0s

running (12m10.0s), 02/12 VUs, 8999 complete and 0 interrupted iterations
gradual_ramp   [  97% ] 02/12 VUs  11m41.9s/12m00.0s

running (12m11.0s), 02/12 VUs, 9010 complete and 0 interrupted iterations
gradual_ramp   [  98% ] 02/12 VUs  11m42.9s/12m00.0s

running (12m12.0s), 02/12 VUs, 9024 complete and 0 interrupted iterations
gradual_ramp   [  98% ] 02/12 VUs  11m43.9s/12m00.0s

running (12m13.0s), 02/12 VUs, 9033 complete and 0 interrupted iterations
gradual_ramp   [  98% ] 02/12 VUs  11m44.9s/12m00.0s

running (12m14.0s), 01/12 VUs, 9044 complete and 0 interrupted iterations
gradual_ramp   [  98% ] 01/12 VUs  11m45.9s/12m00.0s

running (12m15.0s), 01/12 VUs, 9099 complete and 0 interrupted iterations
gradual_ramp   [  98% ] 01/12 VUs  11m46.9s/12m00.0s

running (12m16.0s), 01/12 VUs, 9112 complete and 0 interrupted iterations
gradual_ramp   [  98% ] 01/12 VUs  11m47.9s/12m00.0s

running (12m17.0s), 01/12 VUs, 9119 complete and 0 interrupted iterations
gradual_ramp   [  98% ] 01/12 VUs  11m48.9s/12m00.0s

running (12m18.0s), 01/12 VUs, 9136 complete and 0 interrupted iterations
gradual_ramp   [  99% ] 01/12 VUs  11m49.9s/12m00.0s

running (12m19.0s), 01/12 VUs, 9153 complete and 0 interrupted iterations
gradual_ramp   [  99% ] 01/12 VUs  11m50.9s/12m00.0s

running (12m20.0s), 01/12 VUs, 9159 complete and 0 interrupted iterations
gradual_ramp   [  99% ] 01/12 VUs  11m51.9s/12m00.0s

running (12m21.0s), 01/12 VUs, 9173 complete and 0 interrupted iterations
gradual_ramp   [  99% ] 01/12 VUs  11m52.9s/12m00.0s

running (12m22.0s), 01/12 VUs, 9201 complete and 0 interrupted iterations
gradual_ramp   [  99% ] 01/12 VUs  11m53.9s/12m00.0s

running (12m23.0s), 01/12 VUs, 9228 complete and 0 interrupted iterations
gradual_ramp   [  99% ] 01/12 VUs  11m54.9s/12m00.0s

running (12m24.0s), 01/12 VUs, 9249 complete and 0 interrupted iterations
gradual_ramp   [  99% ] 01/12 VUs  11m55.9s/12m00.0s

running (12m25.0s), 01/12 VUs, 9261 complete and 0 interrupted iterations
gradual_ramp   [ 100% ] 01/12 VUs  11m56.9s/12m00.0s

running (12m26.0s), 01/12 VUs, 9265 complete and 0 interrupted iterations
gradual_ramp   [ 100% ] 01/12 VUs  11m57.9s/12m00.0s

running (12m27.0s), 01/12 VUs, 9275 complete and 0 interrupted iterations
gradual_ramp   [ 100% ] 01/12 VUs  11m58.9s/12m00.0s

running (12m28.0s), 01/12 VUs, 9307 complete and 0 interrupted iterations
gradual_ramp   [ 100% ] 01/12 VUs  11m59.9s/12m00.0s


  █ THRESHOLDS 

    http_req_duration
    ✗ 'p(95)<2000' p(95)=3.29s

    http_req_failed
    ✓ 'rate<0.05' rate=0.00%


  █ TOTAL RESULTS 

    checks_total.......: 27924  37.320708/s
    checks_succeeded...: 96.30% 26891 out of 27924
    checks_failed......: 3.69%  1033 out of 27924

    ✓ login status is 200
    ✓ login returns access token
    ✗ login response time < 1000ms
      ↳  64% — ✓ 1778 / ✗ 966
    ✓ me status is 200
    ✓ me returns user data
    ✗ me response time < 500ms
      ↳  98% — ✓ 6497 / ✗ 67

    HTTP
    http_req_duration..............: avg=483.6ms  min=2.14ms med=97.35ms max=9s p(90)=1.01s p(95)=3.29s
      { expected_response:true }...: avg=483.6ms  min=2.14ms med=97.35ms max=9s p(90)=1.01s p(95)=3.29s
    http_req_failed................: 0.00%  0 out of 9428
    http_reqs......................: 9428   12.600617/s

    EXECUTION
    iteration_duration.............: avg=487.86ms min=2.81ms med=98.42ms max=9s p(90)=1.08s p(95)=3.39s
    iterations.....................: 9308   12.440236/s
    vus............................: 1      min=0         max=12
    vus_max........................: 12     min=12        max=12

    NETWORK
    data_received..................: 5.0 MB 6.6 kB/s
    data_sent......................: 4.6 MB 6.2 kB/s




running (12m28.2s), 00/12 VUs, 9308 complete and 0 interrupted iterations
gradual_ramp ✓ [ 100% ] 00/12 VUs  12m0s
time="2026-08-16T12:11:57Z" level=error msg="thresholds on metrics 'http_req_duration' have been crossed"
