
         /\      Grafana   /‾‾/  
    /\  /  \     |\  __   /  /   
   /  \/    \    | |/ /  /   ‾‾\ 
  /          \   |   (  |  (‾)  |
 / __________ \  |_|\_\  \_____/ 


     execution: local
        script: /scripts/load-test.js
        output: json (/results/results.json)

     scenarios: (100.00%) 1 scenario, 12 max VUs, 12m30s max duration (incl. graceful stop):
              * oscillating: Up to 12 looping VUs for 12m0s over 12 stages (gracefulRampDown: 30s, gracefulStop: 30s)

time="2026-08-16T14:36:34Z" level=info msg="Seeding and pre-authenticating 120 users..." source=console

Run           [ 100% ] setup()
oscillating   [   0% ]

Run           [ 100% ] setup()
oscillating   [   0% ]

Run           [ 100% ] setup()
oscillating   [   0% ]

Run           [ 100% ] setup()
oscillating   [   0% ]

Run           [ 100% ] setup()
oscillating   [   0% ]

Run           [ 100% ] setup()
oscillating   [   0% ]

Run           [ 100% ] setup()
oscillating   [   0% ]

Run           [ 100% ] setup()
oscillating   [   0% ]

Run           [ 100% ] setup()
oscillating   [   0% ]

Run           [ 100% ] setup()
oscillating   [   0% ]

Run           [ 100% ] setup()
oscillating   [   0% ]

Run           [ 100% ] setup()
oscillating   [   0% ]

Run           [ 100% ] setup()
oscillating   [   0% ]

Run           [ 100% ] setup()
oscillating   [   0% ]

Run           [ 100% ] setup()
oscillating   [   0% ]

Run           [ 100% ] setup()
oscillating   [   0% ]

Run           [ 100% ] setup()
oscillating   [   0% ]

Run           [ 100% ] setup()
oscillating   [   0% ]

Run           [ 100% ] setup()
oscillating   [   0% ]

Run           [ 100% ] setup()
oscillating   [   0% ]

Run           [ 100% ] setup()
oscillating   [   0% ]

Run           [ 100% ] setup()
oscillating   [   0% ]

Run           [ 100% ] setup()
oscillating   [   0% ]

Run           [ 100% ] setup()
oscillating   [   0% ]

Run           [ 100% ] setup()
oscillating   [   0% ]

Run           [ 100% ] setup()
oscillating   [   0% ]

Run           [ 100% ] setup()
oscillating   [   0% ]

Run           [ 100% ] setup()
oscillating   [   0% ]
time="2026-08-16T14:37:02Z" level=info msg="Pre-auth complete: 120/120 tokens obtained" source=console

running (00m29.0s), 01/12 VUs, 0 complete and 0 interrupted iterations
oscillating   [   0% ] 01/12 VUs  00m00.1s/12m00.0s

running (00m30.0s), 01/12 VUs, 11 complete and 0 interrupted iterations
oscillating   [   0% ] 01/12 VUs  00m01.1s/12m00.0s

running (00m31.0s), 01/12 VUs, 36 complete and 0 interrupted iterations
oscillating   [   0% ] 01/12 VUs  00m02.1s/12m00.0s

running (00m32.0s), 01/12 VUs, 53 complete and 0 interrupted iterations
oscillating   [   0% ] 01/12 VUs  00m03.1s/12m00.0s

running (00m33.0s), 01/12 VUs, 70 complete and 0 interrupted iterations
oscillating   [   1% ] 01/12 VUs  00m04.1s/12m00.0s

running (00m34.0s), 01/12 VUs, 77 complete and 0 interrupted iterations
oscillating   [   1% ] 01/12 VUs  00m05.1s/12m00.0s

running (00m35.0s), 01/12 VUs, 82 complete and 0 interrupted iterations
oscillating   [   1% ] 01/12 VUs  00m06.1s/12m00.0s

running (00m36.0s), 01/12 VUs, 112 complete and 0 interrupted iterations
oscillating   [   1% ] 01/12 VUs  00m07.1s/12m00.0s

running (00m37.0s), 01/12 VUs, 119 complete and 0 interrupted iterations
oscillating   [   1% ] 01/12 VUs  00m08.1s/12m00.0s

running (00m38.0s), 01/12 VUs, 130 complete and 0 interrupted iterations
oscillating   [   1% ] 01/12 VUs  00m09.1s/12m00.0s

running (00m39.0s), 01/12 VUs, 149 complete and 0 interrupted iterations
oscillating   [   1% ] 01/12 VUs  00m10.1s/12m00.0s

running (00m40.0s), 01/12 VUs, 161 complete and 0 interrupted iterations
oscillating   [   2% ] 01/12 VUs  00m11.1s/12m00.0s

running (00m41.0s), 01/12 VUs, 169 complete and 0 interrupted iterations
oscillating   [   2% ] 01/12 VUs  00m12.1s/12m00.0s

running (00m42.0s), 01/12 VUs, 182 complete and 0 interrupted iterations
oscillating   [   2% ] 01/12 VUs  00m13.1s/12m00.0s

running (00m43.0s), 01/12 VUs, 202 complete and 0 interrupted iterations
oscillating   [   2% ] 01/12 VUs  00m14.1s/12m00.0s

running (00m44.0s), 01/12 VUs, 218 complete and 0 interrupted iterations
oscillating   [   2% ] 01/12 VUs  00m15.1s/12m00.0s

running (00m45.0s), 01/12 VUs, 225 complete and 0 interrupted iterations
oscillating   [   2% ] 01/12 VUs  00m16.1s/12m00.0s

running (00m46.0s), 01/12 VUs, 250 complete and 0 interrupted iterations
oscillating   [   2% ] 01/12 VUs  00m17.1s/12m00.0s

running (00m47.0s), 01/12 VUs, 251 complete and 0 interrupted iterations
oscillating   [   3% ] 01/12 VUs  00m18.1s/12m00.0s

running (00m48.0s), 01/12 VUs, 261 complete and 0 interrupted iterations
oscillating   [   3% ] 01/12 VUs  00m19.1s/12m00.0s

running (00m49.0s), 01/12 VUs, 277 complete and 0 interrupted iterations
oscillating   [   3% ] 01/12 VUs  00m20.1s/12m00.0s

running (00m50.0s), 01/12 VUs, 312 complete and 0 interrupted iterations
oscillating   [   3% ] 01/12 VUs  00m21.1s/12m00.0s

running (00m51.0s), 01/12 VUs, 321 complete and 0 interrupted iterations
oscillating   [   3% ] 01/12 VUs  00m22.1s/12m00.0s

running (00m52.0s), 01/12 VUs, 347 complete and 0 interrupted iterations
oscillating   [   3% ] 01/12 VUs  00m23.1s/12m00.0s

running (00m53.0s), 01/12 VUs, 356 complete and 0 interrupted iterations
oscillating   [   3% ] 01/12 VUs  00m24.1s/12m00.0s

running (00m54.0s), 01/12 VUs, 365 complete and 0 interrupted iterations
oscillating   [   3% ] 01/12 VUs  00m25.1s/12m00.0s

running (00m55.0s), 01/12 VUs, 387 complete and 0 interrupted iterations
oscillating   [   4% ] 01/12 VUs  00m26.1s/12m00.0s

running (00m56.0s), 01/12 VUs, 389 complete and 0 interrupted iterations
oscillating   [   4% ] 01/12 VUs  00m27.1s/12m00.0s

running (00m57.0s), 01/12 VUs, 398 complete and 0 interrupted iterations
oscillating   [   4% ] 01/12 VUs  00m28.1s/12m00.0s

running (00m58.0s), 01/12 VUs, 429 complete and 0 interrupted iterations
oscillating   [   4% ] 01/12 VUs  00m29.1s/12m00.0s

running (00m59.0s), 01/12 VUs, 433 complete and 0 interrupted iterations
oscillating   [   4% ] 01/12 VUs  00m30.1s/12m00.0s

running (01m00.0s), 01/12 VUs, 446 complete and 0 interrupted iterations
oscillating   [   4% ] 01/12 VUs  00m31.1s/12m00.0s

running (01m01.0s), 01/12 VUs, 474 complete and 0 interrupted iterations
oscillating   [   4% ] 01/12 VUs  00m32.1s/12m00.0s

running (01m02.0s), 01/12 VUs, 476 complete and 0 interrupted iterations
oscillating   [   5% ] 01/12 VUs  00m33.1s/12m00.0s

running (01m03.0s), 01/12 VUs, 483 complete and 0 interrupted iterations
oscillating   [   5% ] 01/12 VUs  00m34.1s/12m00.0s

running (01m04.0s), 01/12 VUs, 505 complete and 0 interrupted iterations
oscillating   [   5% ] 01/12 VUs  00m35.1s/12m00.0s

running (01m05.0s), 01/12 VUs, 516 complete and 0 interrupted iterations
oscillating   [   5% ] 01/12 VUs  00m36.1s/12m00.0s

running (01m06.0s), 01/12 VUs, 538 complete and 0 interrupted iterations
oscillating   [   5% ] 01/12 VUs  00m37.1s/12m00.0s

running (01m07.0s), 01/12 VUs, 547 complete and 0 interrupted iterations
oscillating   [   5% ] 01/12 VUs  00m38.1s/12m00.0s

running (01m08.0s), 01/12 VUs, 566 complete and 0 interrupted iterations
oscillating   [   5% ] 01/12 VUs  00m39.1s/12m00.0s

running (01m09.0s), 01/12 VUs, 567 complete and 0 interrupted iterations
oscillating   [   6% ] 01/12 VUs  00m40.1s/12m00.0s

running (01m10.0s), 01/12 VUs, 572 complete and 0 interrupted iterations
oscillating   [   6% ] 01/12 VUs  00m41.1s/12m00.0s

running (01m11.0s), 01/12 VUs, 585 complete and 0 interrupted iterations
oscillating   [   6% ] 01/12 VUs  00m42.1s/12m00.0s

running (01m12.0s), 01/12 VUs, 595 complete and 0 interrupted iterations
oscillating   [   6% ] 01/12 VUs  00m43.1s/12m00.0s

running (01m13.0s), 01/12 VUs, 600 complete and 0 interrupted iterations
oscillating   [   6% ] 01/12 VUs  00m44.1s/12m00.0s

running (01m14.0s), 01/12 VUs, 608 complete and 0 interrupted iterations
oscillating   [   6% ] 01/12 VUs  00m45.1s/12m00.0s

running (01m15.0s), 01/12 VUs, 616 complete and 0 interrupted iterations
oscillating   [   6% ] 01/12 VUs  00m46.1s/12m00.0s

running (01m16.0s), 01/12 VUs, 624 complete and 0 interrupted iterations
oscillating   [   7% ] 01/12 VUs  00m47.1s/12m00.0s

running (01m17.0s), 01/12 VUs, 633 complete and 0 interrupted iterations
oscillating   [   7% ] 01/12 VUs  00m48.1s/12m00.0s

running (01m18.0s), 01/12 VUs, 649 complete and 0 interrupted iterations
oscillating   [   7% ] 01/12 VUs  00m49.1s/12m00.0s

running (01m19.0s), 01/12 VUs, 694 complete and 0 interrupted iterations
oscillating   [   7% ] 01/12 VUs  00m50.1s/12m00.0s

running (01m20.0s), 01/12 VUs, 705 complete and 0 interrupted iterations
oscillating   [   7% ] 01/12 VUs  00m51.1s/12m00.0s

running (01m21.0s), 01/12 VUs, 734 complete and 0 interrupted iterations
oscillating   [   7% ] 01/12 VUs  00m52.1s/12m00.0s

running (01m22.0s), 01/12 VUs, 736 complete and 0 interrupted iterations
oscillating   [   7% ] 01/12 VUs  00m53.1s/12m00.0s

running (01m23.0s), 01/12 VUs, 754 complete and 0 interrupted iterations
oscillating   [   8% ] 01/12 VUs  00m54.1s/12m00.0s

running (01m24.0s), 01/12 VUs, 769 complete and 0 interrupted iterations
oscillating   [   8% ] 01/12 VUs  00m55.1s/12m00.0s

running (01m25.0s), 01/12 VUs, 772 complete and 0 interrupted iterations
oscillating   [   8% ] 01/12 VUs  00m56.1s/12m00.0s

running (01m26.0s), 01/12 VUs, 788 complete and 0 interrupted iterations
oscillating   [   8% ] 01/12 VUs  00m57.1s/12m00.0s

running (01m27.0s), 01/12 VUs, 798 complete and 0 interrupted iterations
oscillating   [   8% ] 01/12 VUs  00m58.1s/12m00.0s

running (01m28.0s), 01/12 VUs, 817 complete and 0 interrupted iterations
oscillating   [   8% ] 01/12 VUs  00m59.1s/12m00.0s

running (01m29.0s), 01/12 VUs, 819 complete and 0 interrupted iterations
oscillating   [   8% ] 01/12 VUs  01m00.1s/12m00.0s

running (01m30.0s), 01/12 VUs, 834 complete and 0 interrupted iterations
oscillating   [   8% ] 01/12 VUs  01m01.1s/12m00.0s

running (01m31.0s), 01/12 VUs, 849 complete and 0 interrupted iterations
oscillating   [   9% ] 01/12 VUs  01m02.1s/12m00.0s

running (01m32.0s), 01/12 VUs, 870 complete and 0 interrupted iterations
oscillating   [   9% ] 01/12 VUs  01m03.1s/12m00.0s

running (01m33.0s), 01/12 VUs, 886 complete and 0 interrupted iterations
oscillating   [   9% ] 01/12 VUs  01m04.1s/12m00.0s

running (01m34.0s), 01/12 VUs, 902 complete and 0 interrupted iterations
oscillating   [   9% ] 01/12 VUs  01m05.1s/12m00.0s

running (01m35.0s), 01/12 VUs, 909 complete and 0 interrupted iterations
oscillating   [   9% ] 01/12 VUs  01m06.1s/12m00.0s

running (01m36.0s), 01/12 VUs, 931 complete and 0 interrupted iterations
oscillating   [   9% ] 01/12 VUs  01m07.1s/12m00.0s

running (01m37.0s), 01/12 VUs, 942 complete and 0 interrupted iterations
oscillating   [   9% ] 01/12 VUs  01m08.1s/12m00.0s

running (01m38.0s), 01/12 VUs, 956 complete and 0 interrupted iterations
oscillating   [  10% ] 01/12 VUs  01m09.1s/12m00.0s

running (01m39.0s), 01/12 VUs, 964 complete and 0 interrupted iterations
oscillating   [  10% ] 01/12 VUs  01m10.1s/12m00.0s

running (01m40.0s), 01/12 VUs, 994 complete and 0 interrupted iterations
oscillating   [  10% ] 01/12 VUs  01m11.1s/12m00.0s

running (01m41.0s), 01/12 VUs, 1001 complete and 0 interrupted iterations
oscillating   [  10% ] 01/12 VUs  01m12.1s/12m00.0s

running (01m42.0s), 01/12 VUs, 1024 complete and 0 interrupted iterations
oscillating   [  10% ] 01/12 VUs  01m13.1s/12m00.0s

running (01m43.0s), 01/12 VUs, 1029 complete and 0 interrupted iterations
oscillating   [  10% ] 01/12 VUs  01m14.1s/12m00.0s

running (01m44.0s), 01/12 VUs, 1037 complete and 0 interrupted iterations
oscillating   [  10% ] 01/12 VUs  01m15.1s/12m00.0s

running (01m45.0s), 01/12 VUs, 1056 complete and 0 interrupted iterations
oscillating   [  11% ] 01/12 VUs  01m16.1s/12m00.0s

running (01m46.0s), 01/12 VUs, 1061 complete and 0 interrupted iterations
oscillating   [  11% ] 01/12 VUs  01m17.1s/12m00.0s

running (01m47.0s), 01/12 VUs, 1067 complete and 0 interrupted iterations
oscillating   [  11% ] 01/12 VUs  01m18.1s/12m00.0s

running (01m48.0s), 01/12 VUs, 1070 complete and 0 interrupted iterations
oscillating   [  11% ] 01/12 VUs  01m19.1s/12m00.0s

running (01m49.0s), 01/12 VUs, 1079 complete and 0 interrupted iterations
oscillating   [  11% ] 01/12 VUs  01m20.1s/12m00.0s

running (01m50.0s), 01/12 VUs, 1097 complete and 0 interrupted iterations
oscillating   [  11% ] 01/12 VUs  01m21.1s/12m00.0s

running (01m51.0s), 01/12 VUs, 1115 complete and 0 interrupted iterations
oscillating   [  11% ] 01/12 VUs  01m22.1s/12m00.0s

running (01m52.0s), 01/12 VUs, 1123 complete and 0 interrupted iterations
oscillating   [  12% ] 01/12 VUs  01m23.1s/12m00.0s

running (01m53.0s), 01/12 VUs, 1136 complete and 0 interrupted iterations
oscillating   [  12% ] 01/12 VUs  01m24.1s/12m00.0s

running (01m54.0s), 01/12 VUs, 1157 complete and 0 interrupted iterations
oscillating   [  12% ] 01/12 VUs  01m25.1s/12m00.0s

running (01m55.0s), 01/12 VUs, 1161 complete and 0 interrupted iterations
oscillating   [  12% ] 01/12 VUs  01m26.1s/12m00.0s

running (01m56.0s), 01/12 VUs, 1186 complete and 0 interrupted iterations
oscillating   [  12% ] 01/12 VUs  01m27.1s/12m00.0s

running (01m57.0s), 01/12 VUs, 1212 complete and 0 interrupted iterations
oscillating   [  12% ] 01/12 VUs  01m28.1s/12m00.0s

running (01m58.0s), 01/12 VUs, 1218 complete and 0 interrupted iterations
oscillating   [  12% ] 01/12 VUs  01m29.1s/12m00.0s

running (01m59.0s), 01/12 VUs, 1238 complete and 0 interrupted iterations
oscillating   [  13% ] 01/12 VUs  01m30.1s/12m00.0s

running (02m00.0s), 01/12 VUs, 1254 complete and 0 interrupted iterations
oscillating   [  13% ] 01/12 VUs  01m31.1s/12m00.0s

running (02m01.0s), 01/12 VUs, 1257 complete and 0 interrupted iterations
oscillating   [  13% ] 01/12 VUs  01m32.1s/12m00.0s

running (02m02.0s), 01/12 VUs, 1268 complete and 0 interrupted iterations
oscillating   [  13% ] 01/12 VUs  01m33.1s/12m00.0s

running (02m03.0s), 01/12 VUs, 1279 complete and 0 interrupted iterations
oscillating   [  13% ] 01/12 VUs  01m34.1s/12m00.0s

running (02m04.0s), 01/12 VUs, 1292 complete and 0 interrupted iterations
oscillating   [  13% ] 01/12 VUs  01m35.1s/12m00.0s

running (02m05.0s), 01/12 VUs, 1299 complete and 0 interrupted iterations
oscillating   [  13% ] 01/12 VUs  01m36.1s/12m00.0s

running (02m06.0s), 01/12 VUs, 1318 complete and 0 interrupted iterations
oscillating   [  13% ] 01/12 VUs  01m37.1s/12m00.0s

running (02m07.0s), 01/12 VUs, 1333 complete and 0 interrupted iterations
oscillating   [  14% ] 01/12 VUs  01m38.1s/12m00.0s

running (02m08.0s), 01/12 VUs, 1346 complete and 0 interrupted iterations
oscillating   [  14% ] 01/12 VUs  01m39.1s/12m00.0s

running (02m09.0s), 01/12 VUs, 1353 complete and 0 interrupted iterations
oscillating   [  14% ] 01/12 VUs  01m40.1s/12m00.0s

running (02m10.0s), 01/12 VUs, 1374 complete and 0 interrupted iterations
oscillating   [  14% ] 01/12 VUs  01m41.1s/12m00.0s

running (02m11.0s), 01/12 VUs, 1375 complete and 0 interrupted iterations
oscillating   [  14% ] 01/12 VUs  01m42.1s/12m00.0s

running (02m12.0s), 01/12 VUs, 1389 complete and 0 interrupted iterations
oscillating   [  14% ] 01/12 VUs  01m43.1s/12m00.0s

running (02m13.0s), 01/12 VUs, 1404 complete and 0 interrupted iterations
oscillating   [  14% ] 01/12 VUs  01m44.1s/12m00.0s

running (02m14.0s), 01/12 VUs, 1414 complete and 0 interrupted iterations
oscillating   [  15% ] 01/12 VUs  01m45.1s/12m00.0s

running (02m15.0s), 01/12 VUs, 1417 complete and 0 interrupted iterations
oscillating   [  15% ] 01/12 VUs  01m46.1s/12m00.0s

running (02m16.0s), 01/12 VUs, 1425 complete and 0 interrupted iterations
oscillating   [  15% ] 01/12 VUs  01m47.1s/12m00.0s

running (02m17.0s), 01/12 VUs, 1430 complete and 0 interrupted iterations
oscillating   [  15% ] 01/12 VUs  01m48.1s/12m00.0s

running (02m18.0s), 01/12 VUs, 1443 complete and 0 interrupted iterations
oscillating   [  15% ] 01/12 VUs  01m49.1s/12m00.0s

running (02m19.0s), 01/12 VUs, 1461 complete and 0 interrupted iterations
oscillating   [  15% ] 01/12 VUs  01m50.1s/12m00.0s

running (02m20.0s), 01/12 VUs, 1491 complete and 0 interrupted iterations
oscillating   [  15% ] 01/12 VUs  01m51.1s/12m00.0s

running (02m21.0s), 01/12 VUs, 1495 complete and 0 interrupted iterations
oscillating   [  16% ] 01/12 VUs  01m52.1s/12m00.0s

running (02m22.0s), 01/12 VUs, 1498 complete and 0 interrupted iterations
oscillating   [  16% ] 01/12 VUs  01m53.1s/12m00.0s

running (02m23.0s), 01/12 VUs, 1525 complete and 0 interrupted iterations
oscillating   [  16% ] 01/12 VUs  01m54.1s/12m00.0s

running (02m24.0s), 01/12 VUs, 1545 complete and 0 interrupted iterations
oscillating   [  16% ] 01/12 VUs  01m55.1s/12m00.0s

running (02m25.0s), 01/12 VUs, 1563 complete and 0 interrupted iterations
oscillating   [  16% ] 01/12 VUs  01m56.1s/12m00.0s

running (02m26.0s), 01/12 VUs, 1575 complete and 0 interrupted iterations
oscillating   [  16% ] 01/12 VUs  01m57.1s/12m00.0s

running (02m27.0s), 01/12 VUs, 1579 complete and 0 interrupted iterations
oscillating   [  16% ] 01/12 VUs  01m58.1s/12m00.0s

running (02m28.0s), 01/12 VUs, 1583 complete and 0 interrupted iterations
oscillating   [  17% ] 01/12 VUs  01m59.1s/12m00.0s

running (02m29.0s), 01/12 VUs, 1587 complete and 0 interrupted iterations
oscillating   [  17% ] 01/12 VUs  02m00.1s/12m00.0s

running (02m30.0s), 02/12 VUs, 1626 complete and 0 interrupted iterations
oscillating   [  17% ] 02/12 VUs  02m01.1s/12m00.0s

running (02m31.0s), 03/12 VUs, 1652 complete and 0 interrupted iterations
oscillating   [  17% ] 03/12 VUs  02m02.1s/12m00.0s

running (02m32.0s), 04/12 VUs, 1682 complete and 0 interrupted iterations
oscillating   [  17% ] 04/12 VUs  02m03.1s/12m00.0s

running (02m33.0s), 05/12 VUs, 1701 complete and 0 interrupted iterations
oscillating   [  17% ] 05/12 VUs  02m04.1s/12m00.0s

running (02m34.0s), 06/12 VUs, 1720 complete and 0 interrupted iterations
oscillating   [  17% ] 06/12 VUs  02m05.1s/12m00.0s

running (02m35.0s), 07/12 VUs, 1753 complete and 0 interrupted iterations
oscillating   [  18% ] 07/12 VUs  02m06.1s/12m00.0s

running (02m36.0s), 08/12 VUs, 1765 complete and 0 interrupted iterations
oscillating   [  18% ] 08/12 VUs  02m07.1s/12m00.0s

running (02m37.0s), 09/12 VUs, 1772 complete and 0 interrupted iterations
oscillating   [  18% ] 09/12 VUs  02m08.1s/12m00.0s

running (02m38.0s), 11/12 VUs, 1782 complete and 0 interrupted iterations
oscillating   [  18% ] 11/12 VUs  02m09.1s/12m00.0s

running (02m39.0s), 12/12 VUs, 1790 complete and 0 interrupted iterations
oscillating   [  18% ] 12/12 VUs  02m10.1s/12m00.0s

running (02m40.0s), 12/12 VUs, 1802 complete and 0 interrupted iterations
oscillating   [  18% ] 12/12 VUs  02m11.1s/12m00.0s

running (02m41.0s), 12/12 VUs, 1809 complete and 0 interrupted iterations
oscillating   [  18% ] 12/12 VUs  02m12.1s/12m00.0s

running (02m42.0s), 12/12 VUs, 1826 complete and 0 interrupted iterations
oscillating   [  18% ] 12/12 VUs  02m13.1s/12m00.0s

running (02m43.0s), 12/12 VUs, 1845 complete and 0 interrupted iterations
oscillating   [  19% ] 12/12 VUs  02m14.1s/12m00.0s

running (02m44.0s), 12/12 VUs, 1862 complete and 0 interrupted iterations
oscillating   [  19% ] 12/12 VUs  02m15.1s/12m00.0s

running (02m45.0s), 12/12 VUs, 1880 complete and 0 interrupted iterations
oscillating   [  19% ] 12/12 VUs  02m16.1s/12m00.0s

running (02m46.0s), 12/12 VUs, 1893 complete and 0 interrupted iterations
oscillating   [  19% ] 12/12 VUs  02m17.1s/12m00.0s

running (02m47.0s), 12/12 VUs, 1913 complete and 0 interrupted iterations
oscillating   [  19% ] 12/12 VUs  02m18.1s/12m00.0s

running (02m48.0s), 12/12 VUs, 1933 complete and 0 interrupted iterations
oscillating   [  19% ] 12/12 VUs  02m19.1s/12m00.0s

running (02m49.0s), 12/12 VUs, 1947 complete and 0 interrupted iterations
oscillating   [  19% ] 12/12 VUs  02m20.1s/12m00.0s

running (02m50.0s), 12/12 VUs, 1971 complete and 0 interrupted iterations
oscillating   [  20% ] 12/12 VUs  02m21.1s/12m00.0s

running (02m51.0s), 12/12 VUs, 1982 complete and 0 interrupted iterations
oscillating   [  20% ] 12/12 VUs  02m22.1s/12m00.0s

running (02m52.0s), 12/12 VUs, 1992 complete and 0 interrupted iterations
oscillating   [  20% ] 12/12 VUs  02m23.1s/12m00.0s

running (02m53.0s), 12/12 VUs, 2004 complete and 0 interrupted iterations
oscillating   [  20% ] 12/12 VUs  02m24.1s/12m00.0s

running (02m54.0s), 12/12 VUs, 2004 complete and 0 interrupted iterations
oscillating   [  20% ] 12/12 VUs  02m25.1s/12m00.0s

running (02m55.0s), 12/12 VUs, 2012 complete and 0 interrupted iterations
oscillating   [  20% ] 12/12 VUs  02m26.1s/12m00.0s

running (02m56.0s), 12/12 VUs, 2024 complete and 0 interrupted iterations
oscillating   [  20% ] 12/12 VUs  02m27.1s/12m00.0s

running (02m57.0s), 12/12 VUs, 2039 complete and 0 interrupted iterations
oscillating   [  21% ] 12/12 VUs  02m28.1s/12m00.0s

running (02m58.0s), 12/12 VUs, 2058 complete and 0 interrupted iterations
oscillating   [  21% ] 12/12 VUs  02m29.1s/12m00.0s

running (02m59.0s), 12/12 VUs, 2078 complete and 0 interrupted iterations
oscillating   [  21% ] 12/12 VUs  02m30.1s/12m00.0s

running (03m00.0s), 12/12 VUs, 2080 complete and 0 interrupted iterations
oscillating   [  21% ] 12/12 VUs  02m31.1s/12m00.0s

running (03m01.0s), 12/12 VUs, 2080 complete and 0 interrupted iterations
oscillating   [  21% ] 12/12 VUs  02m32.1s/12m00.0s

running (03m02.0s), 12/12 VUs, 2089 complete and 0 interrupted iterations
oscillating   [  21% ] 12/12 VUs  02m33.1s/12m00.0s

running (03m03.0s), 12/12 VUs, 2102 complete and 0 interrupted iterations
oscillating   [  21% ] 12/12 VUs  02m34.1s/12m00.0s

running (03m04.0s), 12/12 VUs, 2116 complete and 0 interrupted iterations
oscillating   [  22% ] 12/12 VUs  02m35.1s/12m00.0s

running (03m05.0s), 12/12 VUs, 2131 complete and 0 interrupted iterations
oscillating   [  22% ] 12/12 VUs  02m36.1s/12m00.0s

running (03m06.0s), 12/12 VUs, 2144 complete and 0 interrupted iterations
oscillating   [  22% ] 12/12 VUs  02m37.1s/12m00.0s

running (03m07.0s), 12/12 VUs, 2163 complete and 0 interrupted iterations
oscillating   [  22% ] 12/12 VUs  02m38.1s/12m00.0s

running (03m08.0s), 12/12 VUs, 2164 complete and 0 interrupted iterations
oscillating   [  22% ] 12/12 VUs  02m39.1s/12m00.0s

running (03m09.0s), 12/12 VUs, 2171 complete and 0 interrupted iterations
oscillating   [  22% ] 12/12 VUs  02m40.1s/12m00.0s

running (03m10.0s), 12/12 VUs, 2175 complete and 0 interrupted iterations
oscillating   [  22% ] 12/12 VUs  02m41.1s/12m00.0s

running (03m11.0s), 12/12 VUs, 2176 complete and 0 interrupted iterations
oscillating   [  23% ] 12/12 VUs  02m42.1s/12m00.0s

running (03m12.0s), 12/12 VUs, 2179 complete and 0 interrupted iterations
oscillating   [  23% ] 12/12 VUs  02m43.1s/12m00.0s

running (03m13.0s), 12/12 VUs, 2190 complete and 0 interrupted iterations
oscillating   [  23% ] 12/12 VUs  02m44.1s/12m00.0s

running (03m14.0s), 12/12 VUs, 2199 complete and 0 interrupted iterations
oscillating   [  23% ] 12/12 VUs  02m45.1s/12m00.0s

running (03m15.0s), 12/12 VUs, 2210 complete and 0 interrupted iterations
oscillating   [  23% ] 12/12 VUs  02m46.1s/12m00.0s

running (03m16.0s), 12/12 VUs, 2224 complete and 0 interrupted iterations
oscillating   [  23% ] 12/12 VUs  02m47.1s/12m00.0s

running (03m17.0s), 12/12 VUs, 2238 complete and 0 interrupted iterations
oscillating   [  23% ] 12/12 VUs  02m48.1s/12m00.0s

running (03m18.0s), 12/12 VUs, 2257 complete and 0 interrupted iterations
oscillating   [  23% ] 12/12 VUs  02m49.1s/12m00.0s

running (03m19.0s), 12/12 VUs, 2281 complete and 0 interrupted iterations
oscillating   [  24% ] 12/12 VUs  02m50.1s/12m00.0s

running (03m20.0s), 12/12 VUs, 2291 complete and 0 interrupted iterations
oscillating   [  24% ] 12/12 VUs  02m51.1s/12m00.0s

running (03m21.0s), 12/12 VUs, 2315 complete and 0 interrupted iterations
oscillating   [  24% ] 12/12 VUs  02m52.1s/12m00.0s

running (03m22.0s), 12/12 VUs, 2332 complete and 0 interrupted iterations
oscillating   [  24% ] 12/12 VUs  02m53.1s/12m00.0s

running (03m23.0s), 12/12 VUs, 2343 complete and 0 interrupted iterations
oscillating   [  24% ] 12/12 VUs  02m54.1s/12m00.0s

running (03m24.0s), 12/12 VUs, 2354 complete and 0 interrupted iterations
oscillating   [  24% ] 12/12 VUs  02m55.1s/12m00.0s

running (03m25.0s), 12/12 VUs, 2361 complete and 0 interrupted iterations
oscillating   [  24% ] 12/12 VUs  02m56.1s/12m00.0s

running (03m26.0s), 12/12 VUs, 2361 complete and 0 interrupted iterations
oscillating   [  25% ] 12/12 VUs  02m57.1s/12m00.0s

running (03m27.0s), 12/12 VUs, 2374 complete and 0 interrupted iterations
oscillating   [  25% ] 12/12 VUs  02m58.1s/12m00.0s

running (03m28.0s), 12/12 VUs, 2393 complete and 0 interrupted iterations
oscillating   [  25% ] 12/12 VUs  02m59.1s/12m00.0s

running (03m29.0s), 12/12 VUs, 2403 complete and 0 interrupted iterations
oscillating   [  25% ] 12/12 VUs  03m00.1s/12m00.0s

running (03m30.0s), 12/12 VUs, 2409 complete and 0 interrupted iterations
oscillating   [  25% ] 12/12 VUs  03m01.1s/12m00.0s

running (03m31.0s), 12/12 VUs, 2417 complete and 0 interrupted iterations
oscillating   [  25% ] 12/12 VUs  03m02.1s/12m00.0s

running (03m32.0s), 12/12 VUs, 2426 complete and 0 interrupted iterations
oscillating   [  25% ] 12/12 VUs  03m03.1s/12m00.0s

running (03m33.0s), 12/12 VUs, 2432 complete and 0 interrupted iterations
oscillating   [  26% ] 12/12 VUs  03m04.1s/12m00.0s

running (03m34.0s), 12/12 VUs, 2442 complete and 0 interrupted iterations
oscillating   [  26% ] 12/12 VUs  03m05.1s/12m00.0s

running (03m35.0s), 12/12 VUs, 2455 complete and 0 interrupted iterations
oscillating   [  26% ] 12/12 VUs  03m06.1s/12m00.0s

running (03m36.0s), 12/12 VUs, 2474 complete and 0 interrupted iterations
oscillating   [  26% ] 12/12 VUs  03m07.1s/12m00.0s

running (03m37.0s), 12/12 VUs, 2493 complete and 0 interrupted iterations
oscillating   [  26% ] 12/12 VUs  03m08.1s/12m00.0s

running (03m38.0s), 12/12 VUs, 2514 complete and 0 interrupted iterations
oscillating   [  26% ] 12/12 VUs  03m09.1s/12m00.0s

running (03m39.0s), 12/12 VUs, 2521 complete and 0 interrupted iterations
oscillating   [  26% ] 12/12 VUs  03m10.1s/12m00.0s

running (03m40.0s), 12/12 VUs, 2535 complete and 0 interrupted iterations
oscillating   [  27% ] 12/12 VUs  03m11.1s/12m00.0s

running (03m41.0s), 12/12 VUs, 2553 complete and 0 interrupted iterations
oscillating   [  27% ] 12/12 VUs  03m12.1s/12m00.0s

running (03m42.0s), 12/12 VUs, 2574 complete and 0 interrupted iterations
oscillating   [  27% ] 12/12 VUs  03m13.1s/12m00.0s

running (03m43.0s), 12/12 VUs, 2586 complete and 0 interrupted iterations
oscillating   [  27% ] 12/12 VUs  03m14.1s/12m00.0s

running (03m44.0s), 12/12 VUs, 2605 complete and 0 interrupted iterations
oscillating   [  27% ] 12/12 VUs  03m15.1s/12m00.0s

running (03m45.0s), 12/12 VUs, 2614 complete and 0 interrupted iterations
oscillating   [  27% ] 12/12 VUs  03m16.1s/12m00.0s

running (03m46.0s), 12/12 VUs, 2632 complete and 0 interrupted iterations
oscillating   [  27% ] 12/12 VUs  03m17.1s/12m00.0s

running (03m47.0s), 12/12 VUs, 2644 complete and 0 interrupted iterations
oscillating   [  28% ] 12/12 VUs  03m18.1s/12m00.0s

running (03m48.0s), 12/12 VUs, 2655 complete and 0 interrupted iterations
oscillating   [  28% ] 12/12 VUs  03m19.1s/12m00.0s

running (03m49.0s), 12/12 VUs, 2664 complete and 0 interrupted iterations
oscillating   [  28% ] 12/12 VUs  03m20.1s/12m00.0s

running (03m50.0s), 12/12 VUs, 2678 complete and 0 interrupted iterations
oscillating   [  28% ] 12/12 VUs  03m21.1s/12m00.0s

running (03m51.0s), 12/12 VUs, 2685 complete and 0 interrupted iterations
oscillating   [  28% ] 12/12 VUs  03m22.1s/12m00.0s

running (03m52.0s), 12/12 VUs, 2700 complete and 0 interrupted iterations
oscillating   [  28% ] 12/12 VUs  03m23.1s/12m00.0s

running (03m53.0s), 12/12 VUs, 2713 complete and 0 interrupted iterations
oscillating   [  28% ] 12/12 VUs  03m24.1s/12m00.0s

running (03m54.0s), 12/12 VUs, 2718 complete and 0 interrupted iterations
oscillating   [  28% ] 12/12 VUs  03m25.1s/12m00.0s

running (03m55.0s), 12/12 VUs, 2722 complete and 0 interrupted iterations
oscillating   [  29% ] 12/12 VUs  03m26.1s/12m00.0s

running (03m56.0s), 12/12 VUs, 2733 complete and 0 interrupted iterations
oscillating   [  29% ] 12/12 VUs  03m27.1s/12m00.0s

running (03m57.0s), 12/12 VUs, 2741 complete and 0 interrupted iterations
oscillating   [  29% ] 12/12 VUs  03m28.1s/12m00.0s

running (03m58.0s), 12/12 VUs, 2752 complete and 0 interrupted iterations
oscillating   [  29% ] 12/12 VUs  03m29.1s/12m00.0s

running (03m59.0s), 12/12 VUs, 2768 complete and 0 interrupted iterations
oscillating   [  29% ] 12/12 VUs  03m30.1s/12m00.0s

running (04m00.0s), 11/12 VUs, 2773 complete and 0 interrupted iterations
oscillating   [  29% ] 11/12 VUs  03m31.1s/12m00.0s

running (04m01.0s), 11/12 VUs, 2792 complete and 0 interrupted iterations
oscillating   [  29% ] 11/12 VUs  03m32.1s/12m00.0s

running (04m02.0s), 11/12 VUs, 2799 complete and 0 interrupted iterations
oscillating   [  30% ] 11/12 VUs  03m33.1s/12m00.0s

running (04m03.0s), 11/12 VUs, 2806 complete and 0 interrupted iterations
oscillating   [  30% ] 11/12 VUs  03m34.1s/12m00.0s

running (04m04.0s), 09/12 VUs, 2826 complete and 0 interrupted iterations
oscillating   [  30% ] 09/12 VUs  03m35.1s/12m00.0s

running (04m05.0s), 08/12 VUs, 2842 complete and 0 interrupted iterations
oscillating   [  30% ] 08/12 VUs  03m36.1s/12m00.0s

running (04m06.0s), 06/12 VUs, 2846 complete and 0 interrupted iterations
oscillating   [  30% ] 06/12 VUs  03m37.1s/12m00.0s

running (04m07.0s), 06/12 VUs, 2849 complete and 0 interrupted iterations
oscillating   [  30% ] 06/12 VUs  03m38.1s/12m00.0s

running (04m08.0s), 04/12 VUs, 2874 complete and 0 interrupted iterations
oscillating   [  30% ] 04/12 VUs  03m39.1s/12m00.0s

running (04m09.0s), 03/12 VUs, 2875 complete and 0 interrupted iterations
oscillating   [  31% ] 03/12 VUs  03m40.1s/12m00.0s

running (04m10.0s), 01/12 VUs, 2888 complete and 0 interrupted iterations
oscillating   [  31% ] 01/12 VUs  03m41.1s/12m00.0s

running (04m11.0s), 01/12 VUs, 2913 complete and 0 interrupted iterations
oscillating   [  31% ] 01/12 VUs  03m42.1s/12m00.0s

running (04m12.0s), 01/12 VUs, 2920 complete and 0 interrupted iterations
oscillating   [  31% ] 01/12 VUs  03m43.1s/12m00.0s

running (04m13.0s), 01/12 VUs, 2933 complete and 0 interrupted iterations
oscillating   [  31% ] 01/12 VUs  03m44.1s/12m00.0s

running (04m14.0s), 01/12 VUs, 2939 complete and 0 interrupted iterations
oscillating   [  31% ] 01/12 VUs  03m45.1s/12m00.0s

running (04m15.0s), 01/12 VUs, 2943 complete and 0 interrupted iterations
oscillating   [  31% ] 01/12 VUs  03m46.1s/12m00.0s

running (04m16.0s), 01/12 VUs, 2952 complete and 0 interrupted iterations
oscillating   [  32% ] 01/12 VUs  03m47.1s/12m00.0s

running (04m17.0s), 01/12 VUs, 2966 complete and 0 interrupted iterations
oscillating   [  32% ] 01/12 VUs  03m48.1s/12m00.0s

running (04m18.0s), 01/12 VUs, 2970 complete and 0 interrupted iterations
oscillating   [  32% ] 01/12 VUs  03m49.1s/12m00.0s

running (04m19.0s), 01/12 VUs, 2979 complete and 0 interrupted iterations
oscillating   [  32% ] 01/12 VUs  03m50.1s/12m00.0s

running (04m20.0s), 01/12 VUs, 2990 complete and 0 interrupted iterations
oscillating   [  32% ] 01/12 VUs  03m51.1s/12m00.0s

running (04m21.0s), 01/12 VUs, 3002 complete and 0 interrupted iterations
oscillating   [  32% ] 01/12 VUs  03m52.1s/12m00.0s

running (04m22.0s), 01/12 VUs, 3008 complete and 0 interrupted iterations
oscillating   [  32% ] 01/12 VUs  03m53.1s/12m00.0s

running (04m23.0s), 01/12 VUs, 3026 complete and 0 interrupted iterations
oscillating   [  33% ] 01/12 VUs  03m54.1s/12m00.0s

running (04m24.0s), 01/12 VUs, 3031 complete and 0 interrupted iterations
oscillating   [  33% ] 01/12 VUs  03m55.1s/12m00.0s

running (04m25.0s), 01/12 VUs, 3045 complete and 0 interrupted iterations
oscillating   [  33% ] 01/12 VUs  03m56.1s/12m00.0s

running (04m26.0s), 01/12 VUs, 3058 complete and 0 interrupted iterations
oscillating   [  33% ] 01/12 VUs  03m57.1s/12m00.0s

running (04m27.0s), 01/12 VUs, 3070 complete and 0 interrupted iterations
oscillating   [  33% ] 01/12 VUs  03m58.1s/12m00.0s

running (04m28.0s), 01/12 VUs, 3076 complete and 0 interrupted iterations
oscillating   [  33% ] 01/12 VUs  03m59.1s/12m00.0s

running (04m29.0s), 01/12 VUs, 3082 complete and 0 interrupted iterations
oscillating   [  33% ] 01/12 VUs  04m00.1s/12m00.0s

running (04m30.0s), 01/12 VUs, 3098 complete and 0 interrupted iterations
oscillating   [  33% ] 01/12 VUs  04m01.1s/12m00.0s

running (04m31.0s), 01/12 VUs, 3112 complete and 0 interrupted iterations
oscillating   [  34% ] 01/12 VUs  04m02.1s/12m00.0s

running (04m32.0s), 01/12 VUs, 3116 complete and 0 interrupted iterations
oscillating   [  34% ] 01/12 VUs  04m03.1s/12m00.0s

running (04m33.0s), 01/12 VUs, 3124 complete and 0 interrupted iterations
oscillating   [  34% ] 01/12 VUs  04m04.1s/12m00.0s

running (04m34.0s), 01/12 VUs, 3139 complete and 0 interrupted iterations
oscillating   [  34% ] 01/12 VUs  04m05.1s/12m00.0s

running (04m35.0s), 01/12 VUs, 3143 complete and 0 interrupted iterations
oscillating   [  34% ] 01/12 VUs  04m06.1s/12m00.0s

running (04m36.0s), 01/12 VUs, 3163 complete and 0 interrupted iterations
oscillating   [  34% ] 01/12 VUs  04m07.1s/12m00.0s

running (04m37.0s), 01/12 VUs, 3168 complete and 0 interrupted iterations
oscillating   [  34% ] 01/12 VUs  04m08.1s/12m00.0s

running (04m38.0s), 01/12 VUs, 3191 complete and 0 interrupted iterations
oscillating   [  35% ] 01/12 VUs  04m09.1s/12m00.0s

running (04m39.0s), 01/12 VUs, 3206 complete and 0 interrupted iterations
oscillating   [  35% ] 01/12 VUs  04m10.1s/12m00.0s

running (04m40.0s), 01/12 VUs, 3214 complete and 0 interrupted iterations
oscillating   [  35% ] 01/12 VUs  04m11.1s/12m00.0s

running (04m41.0s), 01/12 VUs, 3218 complete and 0 interrupted iterations
oscillating   [  35% ] 01/12 VUs  04m12.1s/12m00.0s

running (04m42.0s), 01/12 VUs, 3221 complete and 0 interrupted iterations
oscillating   [  35% ] 01/12 VUs  04m13.1s/12m00.0s

running (04m43.0s), 01/12 VUs, 3232 complete and 0 interrupted iterations
oscillating   [  35% ] 01/12 VUs  04m14.1s/12m00.0s

running (04m44.0s), 01/12 VUs, 3244 complete and 0 interrupted iterations
oscillating   [  35% ] 01/12 VUs  04m15.1s/12m00.0s

running (04m45.0s), 01/12 VUs, 3257 complete and 0 interrupted iterations
oscillating   [  36% ] 01/12 VUs  04m16.1s/12m00.0s

running (04m46.0s), 01/12 VUs, 3263 complete and 0 interrupted iterations
oscillating   [  36% ] 01/12 VUs  04m17.1s/12m00.0s

running (04m47.0s), 01/12 VUs, 3268 complete and 0 interrupted iterations
oscillating   [  36% ] 01/12 VUs  04m18.1s/12m00.0s

running (04m48.0s), 01/12 VUs, 3273 complete and 0 interrupted iterations
oscillating   [  36% ] 01/12 VUs  04m19.1s/12m00.0s

running (04m49.0s), 01/12 VUs, 3281 complete and 0 interrupted iterations
oscillating   [  36% ] 01/12 VUs  04m20.1s/12m00.0s

running (04m50.0s), 01/12 VUs, 3302 complete and 0 interrupted iterations
oscillating   [  36% ] 01/12 VUs  04m21.1s/12m00.0s

running (04m51.0s), 01/12 VUs, 3310 complete and 0 interrupted iterations
oscillating   [  36% ] 01/12 VUs  04m22.1s/12m00.0s

running (04m52.0s), 01/12 VUs, 3320 complete and 0 interrupted iterations
oscillating   [  37% ] 01/12 VUs  04m23.1s/12m00.0s

running (04m53.0s), 01/12 VUs, 3322 complete and 0 interrupted iterations
oscillating   [  37% ] 01/12 VUs  04m24.1s/12m00.0s

running (04m54.0s), 01/12 VUs, 3343 complete and 0 interrupted iterations
oscillating   [  37% ] 01/12 VUs  04m25.1s/12m00.0s

running (04m55.0s), 01/12 VUs, 3357 complete and 0 interrupted iterations
oscillating   [  37% ] 01/12 VUs  04m26.1s/12m00.0s

running (04m56.0s), 01/12 VUs, 3366 complete and 0 interrupted iterations
oscillating   [  37% ] 01/12 VUs  04m27.1s/12m00.0s

running (04m57.0s), 01/12 VUs, 3373 complete and 0 interrupted iterations
oscillating   [  37% ] 01/12 VUs  04m28.1s/12m00.0s

running (04m58.0s), 01/12 VUs, 3386 complete and 0 interrupted iterations
oscillating   [  37% ] 01/12 VUs  04m29.1s/12m00.0s

running (04m59.0s), 01/12 VUs, 3406 complete and 0 interrupted iterations
oscillating   [  38% ] 01/12 VUs  04m30.1s/12m00.0s

running (05m00.0s), 01/12 VUs, 3408 complete and 0 interrupted iterations
oscillating   [  38% ] 01/12 VUs  04m31.1s/12m00.0s

running (05m01.0s), 01/12 VUs, 3423 complete and 0 interrupted iterations
oscillating   [  38% ] 01/12 VUs  04m32.1s/12m00.0s

running (05m02.0s), 01/12 VUs, 3428 complete and 0 interrupted iterations
oscillating   [  38% ] 01/12 VUs  04m33.1s/12m00.0s

running (05m03.0s), 01/12 VUs, 3451 complete and 0 interrupted iterations
oscillating   [  38% ] 01/12 VUs  04m34.1s/12m00.0s

running (05m04.0s), 01/12 VUs, 3468 complete and 0 interrupted iterations
oscillating   [  38% ] 01/12 VUs  04m35.1s/12m00.0s

running (05m05.0s), 01/12 VUs, 3484 complete and 0 interrupted iterations
oscillating   [  38% ] 01/12 VUs  04m36.1s/12m00.0s

running (05m06.0s), 01/12 VUs, 3506 complete and 0 interrupted iterations
oscillating   [  38% ] 01/12 VUs  04m37.1s/12m00.0s

running (05m07.0s), 01/12 VUs, 3519 complete and 0 interrupted iterations
oscillating   [  39% ] 01/12 VUs  04m38.1s/12m00.0s

running (05m08.0s), 01/12 VUs, 3531 complete and 0 interrupted iterations
oscillating   [  39% ] 01/12 VUs  04m39.1s/12m00.0s

running (05m09.0s), 01/12 VUs, 3534 complete and 0 interrupted iterations
oscillating   [  39% ] 01/12 VUs  04m40.1s/12m00.0s

running (05m10.0s), 01/12 VUs, 3572 complete and 0 interrupted iterations
oscillating   [  39% ] 01/12 VUs  04m41.1s/12m00.0s

running (05m11.0s), 01/12 VUs, 3591 complete and 0 interrupted iterations
oscillating   [  39% ] 01/12 VUs  04m42.1s/12m00.0s

running (05m12.0s), 01/12 VUs, 3595 complete and 0 interrupted iterations
oscillating   [  39% ] 01/12 VUs  04m43.1s/12m00.0s

running (05m13.0s), 01/12 VUs, 3613 complete and 0 interrupted iterations
oscillating   [  39% ] 01/12 VUs  04m44.1s/12m00.0s

running (05m14.0s), 01/12 VUs, 3618 complete and 0 interrupted iterations
oscillating   [  40% ] 01/12 VUs  04m45.1s/12m00.0s

running (05m15.0s), 01/12 VUs, 3634 complete and 0 interrupted iterations
oscillating   [  40% ] 01/12 VUs  04m46.1s/12m00.0s

running (05m16.0s), 01/12 VUs, 3642 complete and 0 interrupted iterations
oscillating   [  40% ] 01/12 VUs  04m47.1s/12m00.0s

running (05m17.0s), 01/12 VUs, 3645 complete and 0 interrupted iterations
oscillating   [  40% ] 01/12 VUs  04m48.1s/12m00.0s

running (05m18.0s), 01/12 VUs, 3675 complete and 0 interrupted iterations
oscillating   [  40% ] 01/12 VUs  04m49.1s/12m00.0s

running (05m19.0s), 01/12 VUs, 3678 complete and 0 interrupted iterations
oscillating   [  40% ] 01/12 VUs  04m50.1s/12m00.0s

running (05m20.0s), 01/12 VUs, 3712 complete and 0 interrupted iterations
oscillating   [  40% ] 01/12 VUs  04m51.1s/12m00.0s

running (05m21.0s), 01/12 VUs, 3719 complete and 0 interrupted iterations
oscillating   [  41% ] 01/12 VUs  04m52.1s/12m00.0s

running (05m22.0s), 01/12 VUs, 3735 complete and 0 interrupted iterations
oscillating   [  41% ] 01/12 VUs  04m53.1s/12m00.0s

running (05m23.0s), 01/12 VUs, 3745 complete and 0 interrupted iterations
oscillating   [  41% ] 01/12 VUs  04m54.1s/12m00.0s

running (05m24.0s), 01/12 VUs, 3753 complete and 0 interrupted iterations
oscillating   [  41% ] 01/12 VUs  04m55.1s/12m00.0s

running (05m25.0s), 01/12 VUs, 3768 complete and 0 interrupted iterations
oscillating   [  41% ] 01/12 VUs  04m56.1s/12m00.0s

running (05m26.0s), 01/12 VUs, 3773 complete and 0 interrupted iterations
oscillating   [  41% ] 01/12 VUs  04m57.1s/12m00.0s

running (05m27.0s), 01/12 VUs, 3781 complete and 0 interrupted iterations
oscillating   [  41% ] 01/12 VUs  04m58.1s/12m00.0s

running (05m28.0s), 01/12 VUs, 3793 complete and 0 interrupted iterations
oscillating   [  42% ] 01/12 VUs  04m59.1s/12m00.0s

running (05m29.0s), 01/12 VUs, 3796 complete and 0 interrupted iterations
oscillating   [  42% ] 01/12 VUs  05m00.1s/12m00.0s

running (05m30.0s), 02/12 VUs, 3815 complete and 0 interrupted iterations
oscillating   [  42% ] 02/12 VUs  05m01.1s/12m00.0s

running (05m31.0s), 03/12 VUs, 3838 complete and 0 interrupted iterations
oscillating   [  42% ] 03/12 VUs  05m02.1s/12m00.0s

running (05m32.0s), 04/12 VUs, 3850 complete and 0 interrupted iterations
oscillating   [  42% ] 04/12 VUs  05m03.1s/12m00.0s

running (05m33.0s), 05/12 VUs, 3859 complete and 0 interrupted iterations
oscillating   [  42% ] 05/12 VUs  05m04.1s/12m00.0s

running (05m34.0s), 06/12 VUs, 3878 complete and 0 interrupted iterations
oscillating   [  42% ] 06/12 VUs  05m05.1s/12m00.0s

running (05m35.0s), 07/12 VUs, 3887 complete and 0 interrupted iterations
oscillating   [  43% ] 07/12 VUs  05m06.1s/12m00.0s

running (05m36.0s), 08/12 VUs, 3903 complete and 0 interrupted iterations
oscillating   [  43% ] 08/12 VUs  05m07.1s/12m00.0s

running (05m37.0s), 09/12 VUs, 3916 complete and 0 interrupted iterations
oscillating   [  43% ] 09/12 VUs  05m08.1s/12m00.0s

running (05m38.0s), 11/12 VUs, 3929 complete and 0 interrupted iterations
oscillating   [  43% ] 11/12 VUs  05m09.1s/12m00.0s

running (05m39.0s), 12/12 VUs, 3938 complete and 0 interrupted iterations
oscillating   [  43% ] 12/12 VUs  05m10.1s/12m00.0s

running (05m40.0s), 12/12 VUs, 3954 complete and 0 interrupted iterations
oscillating   [  43% ] 12/12 VUs  05m11.1s/12m00.0s

running (05m41.0s), 12/12 VUs, 3966 complete and 0 interrupted iterations
oscillating   [  43% ] 12/12 VUs  05m12.1s/12m00.0s

running (05m42.0s), 12/12 VUs, 3983 complete and 0 interrupted iterations
oscillating   [  43% ] 12/12 VUs  05m13.1s/12m00.0s

running (05m43.0s), 12/12 VUs, 3996 complete and 0 interrupted iterations
oscillating   [  44% ] 12/12 VUs  05m14.1s/12m00.0s

running (05m44.0s), 12/12 VUs, 4008 complete and 0 interrupted iterations
oscillating   [  44% ] 12/12 VUs  05m15.1s/12m00.0s

running (05m45.0s), 12/12 VUs, 4017 complete and 0 interrupted iterations
oscillating   [  44% ] 12/12 VUs  05m16.1s/12m00.0s

running (05m46.0s), 12/12 VUs, 4025 complete and 0 interrupted iterations
oscillating   [  44% ] 12/12 VUs  05m17.1s/12m00.0s

running (05m47.0s), 12/12 VUs, 4035 complete and 0 interrupted iterations
oscillating   [  44% ] 12/12 VUs  05m18.1s/12m00.0s

running (05m48.0s), 12/12 VUs, 4045 complete and 0 interrupted iterations
oscillating   [  44% ] 12/12 VUs  05m19.1s/12m00.0s

running (05m49.0s), 12/12 VUs, 4058 complete and 0 interrupted iterations
oscillating   [  44% ] 12/12 VUs  05m20.1s/12m00.0s

running (05m50.0s), 12/12 VUs, 4071 complete and 0 interrupted iterations
oscillating   [  45% ] 12/12 VUs  05m21.1s/12m00.0s

running (05m51.0s), 12/12 VUs, 4095 complete and 0 interrupted iterations
oscillating   [  45% ] 12/12 VUs  05m22.1s/12m00.0s

running (05m52.0s), 12/12 VUs, 4126 complete and 0 interrupted iterations
oscillating   [  45% ] 12/12 VUs  05m23.1s/12m00.0s

running (05m53.0s), 12/12 VUs, 4166 complete and 0 interrupted iterations
oscillating   [  45% ] 12/12 VUs  05m24.1s/12m00.0s

running (05m54.0s), 12/12 VUs, 4194 complete and 0 interrupted iterations
oscillating   [  45% ] 12/12 VUs  05m25.1s/12m00.0s

running (05m55.0s), 12/12 VUs, 4215 complete and 0 interrupted iterations
oscillating   [  45% ] 12/12 VUs  05m26.1s/12m00.0s

running (05m56.0s), 12/12 VUs, 4229 complete and 0 interrupted iterations
oscillating   [  45% ] 12/12 VUs  05m27.1s/12m00.0s

running (05m57.0s), 12/12 VUs, 4257 complete and 0 interrupted iterations
oscillating   [  46% ] 12/12 VUs  05m28.1s/12m00.0s

running (05m58.0s), 12/12 VUs, 4268 complete and 0 interrupted iterations
oscillating   [  46% ] 12/12 VUs  05m29.1s/12m00.0s

running (05m59.0s), 12/12 VUs, 4277 complete and 0 interrupted iterations
oscillating   [  46% ] 12/12 VUs  05m30.1s/12m00.0s

running (06m00.0s), 12/12 VUs, 4296 complete and 0 interrupted iterations
oscillating   [  46% ] 12/12 VUs  05m31.1s/12m00.0s

running (06m01.0s), 12/12 VUs, 4314 complete and 0 interrupted iterations
oscillating   [  46% ] 12/12 VUs  05m32.1s/12m00.0s

running (06m02.0s), 12/12 VUs, 4325 complete and 0 interrupted iterations
oscillating   [  46% ] 12/12 VUs  05m33.1s/12m00.0s

running (06m03.0s), 12/12 VUs, 4339 complete and 0 interrupted iterations
oscillating   [  46% ] 12/12 VUs  05m34.1s/12m00.0s

running (06m04.0s), 12/12 VUs, 4348 complete and 0 interrupted iterations
oscillating   [  47% ] 12/12 VUs  05m35.1s/12m00.0s

running (06m05.0s), 12/12 VUs, 4362 complete and 0 interrupted iterations
oscillating   [  47% ] 12/12 VUs  05m36.1s/12m00.0s

running (06m06.0s), 12/12 VUs, 4372 complete and 0 interrupted iterations
oscillating   [  47% ] 12/12 VUs  05m37.1s/12m00.0s

running (06m07.0s), 12/12 VUs, 4386 complete and 0 interrupted iterations
oscillating   [  47% ] 12/12 VUs  05m38.1s/12m00.0s

running (06m08.0s), 12/12 VUs, 4397 complete and 0 interrupted iterations
oscillating   [  47% ] 12/12 VUs  05m39.1s/12m00.0s

running (06m09.0s), 12/12 VUs, 4409 complete and 0 interrupted iterations
oscillating   [  47% ] 12/12 VUs  05m40.1s/12m00.0s

running (06m10.0s), 12/12 VUs, 4420 complete and 0 interrupted iterations
oscillating   [  47% ] 12/12 VUs  05m41.1s/12m00.0s

running (06m11.0s), 12/12 VUs, 4439 complete and 0 interrupted iterations
oscillating   [  48% ] 12/12 VUs  05m42.1s/12m00.0s

running (06m12.0s), 12/12 VUs, 4457 complete and 0 interrupted iterations
oscillating   [  48% ] 12/12 VUs  05m43.1s/12m00.0s

running (06m13.0s), 12/12 VUs, 4475 complete and 0 interrupted iterations
oscillating   [  48% ] 12/12 VUs  05m44.1s/12m00.0s

running (06m14.0s), 12/12 VUs, 4486 complete and 0 interrupted iterations
oscillating   [  48% ] 12/12 VUs  05m45.1s/12m00.0s

running (06m15.0s), 12/12 VUs, 4495 complete and 0 interrupted iterations
oscillating   [  48% ] 12/12 VUs  05m46.1s/12m00.0s

running (06m16.0s), 12/12 VUs, 4504 complete and 0 interrupted iterations
oscillating   [  48% ] 12/12 VUs  05m47.1s/12m00.0s

running (06m17.0s), 12/12 VUs, 4524 complete and 0 interrupted iterations
oscillating   [  48% ] 12/12 VUs  05m48.1s/12m00.0s

running (06m18.0s), 12/12 VUs, 4540 complete and 0 interrupted iterations
oscillating   [  48% ] 12/12 VUs  05m49.1s/12m00.0s

running (06m19.0s), 12/12 VUs, 4551 complete and 0 interrupted iterations
oscillating   [  49% ] 12/12 VUs  05m50.1s/12m00.0s

running (06m20.0s), 12/12 VUs, 4563 complete and 0 interrupted iterations
oscillating   [  49% ] 12/12 VUs  05m51.1s/12m00.0s

running (06m21.0s), 12/12 VUs, 4573 complete and 0 interrupted iterations
oscillating   [  49% ] 12/12 VUs  05m52.1s/12m00.0s

running (06m22.0s), 12/12 VUs, 4582 complete and 0 interrupted iterations
oscillating   [  49% ] 12/12 VUs  05m53.1s/12m00.0s

running (06m23.0s), 12/12 VUs, 4597 complete and 0 interrupted iterations
oscillating   [  49% ] 12/12 VUs  05m54.1s/12m00.0s

running (06m24.0s), 12/12 VUs, 4600 complete and 0 interrupted iterations
oscillating   [  49% ] 12/12 VUs  05m55.1s/12m00.0s

running (06m25.0s), 12/12 VUs, 4605 complete and 0 interrupted iterations
oscillating   [  49% ] 12/12 VUs  05m56.1s/12m00.0s

running (06m26.0s), 12/12 VUs, 4623 complete and 0 interrupted iterations
oscillating   [  50% ] 12/12 VUs  05m57.1s/12m00.0s

running (06m27.0s), 12/12 VUs, 4635 complete and 0 interrupted iterations
oscillating   [  50% ] 12/12 VUs  05m58.1s/12m00.0s

running (06m28.0s), 12/12 VUs, 4650 complete and 0 interrupted iterations
oscillating   [  50% ] 12/12 VUs  05m59.1s/12m00.0s

running (06m29.0s), 12/12 VUs, 4664 complete and 0 interrupted iterations
oscillating   [  50% ] 12/12 VUs  06m00.1s/12m00.0s

running (06m30.0s), 12/12 VUs, 4673 complete and 0 interrupted iterations
oscillating   [  50% ] 12/12 VUs  06m01.1s/12m00.0s

running (06m31.0s), 12/12 VUs, 4686 complete and 0 interrupted iterations
oscillating   [  50% ] 12/12 VUs  06m02.1s/12m00.0s

running (06m32.0s), 12/12 VUs, 4701 complete and 0 interrupted iterations
oscillating   [  50% ] 12/12 VUs  06m03.1s/12m00.0s

running (06m33.0s), 12/12 VUs, 4719 complete and 0 interrupted iterations
oscillating   [  51% ] 12/12 VUs  06m04.1s/12m00.0s

running (06m34.0s), 12/12 VUs, 4737 complete and 0 interrupted iterations
oscillating   [  51% ] 12/12 VUs  06m05.1s/12m00.0s

running (06m35.0s), 12/12 VUs, 4751 complete and 0 interrupted iterations
oscillating   [  51% ] 12/12 VUs  06m06.1s/12m00.0s

running (06m36.0s), 12/12 VUs, 4754 complete and 0 interrupted iterations
oscillating   [  51% ] 12/12 VUs  06m07.1s/12m00.0s

running (06m37.0s), 12/12 VUs, 4761 complete and 0 interrupted iterations
oscillating   [  51% ] 12/12 VUs  06m08.1s/12m00.0s

running (06m38.0s), 12/12 VUs, 4768 complete and 0 interrupted iterations
oscillating   [  51% ] 12/12 VUs  06m09.1s/12m00.0s

running (06m39.0s), 12/12 VUs, 4786 complete and 0 interrupted iterations
oscillating   [  51% ] 12/12 VUs  06m10.1s/12m00.0s

running (06m40.0s), 12/12 VUs, 4791 complete and 0 interrupted iterations
oscillating   [  52% ] 12/12 VUs  06m11.1s/12m00.0s

running (06m41.0s), 12/12 VUs, 4792 complete and 0 interrupted iterations
oscillating   [  52% ] 12/12 VUs  06m12.1s/12m00.0s

running (06m42.0s), 12/12 VUs, 4806 complete and 0 interrupted iterations
oscillating   [  52% ] 12/12 VUs  06m13.1s/12m00.0s

running (06m43.0s), 12/12 VUs, 4811 complete and 0 interrupted iterations
oscillating   [  52% ] 12/12 VUs  06m14.1s/12m00.0s

running (06m44.0s), 12/12 VUs, 4827 complete and 0 interrupted iterations
oscillating   [  52% ] 12/12 VUs  06m15.1s/12m00.0s

running (06m45.0s), 12/12 VUs, 4854 complete and 0 interrupted iterations
oscillating   [  52% ] 12/12 VUs  06m16.1s/12m00.0s

running (06m46.0s), 12/12 VUs, 4901 complete and 0 interrupted iterations
oscillating   [  52% ] 12/12 VUs  06m17.1s/12m00.0s

running (06m47.0s), 12/12 VUs, 4906 complete and 0 interrupted iterations
oscillating   [  53% ] 12/12 VUs  06m18.1s/12m00.0s

running (06m48.0s), 12/12 VUs, 4916 complete and 0 interrupted iterations
oscillating   [  53% ] 12/12 VUs  06m19.1s/12m00.0s

running (06m49.0s), 12/12 VUs, 4928 complete and 0 interrupted iterations
oscillating   [  53% ] 12/12 VUs  06m20.1s/12m00.0s

running (06m50.0s), 12/12 VUs, 4933 complete and 0 interrupted iterations
oscillating   [  53% ] 12/12 VUs  06m21.1s/12m00.0s

running (06m51.0s), 12/12 VUs, 4948 complete and 0 interrupted iterations
oscillating   [  53% ] 12/12 VUs  06m22.1s/12m00.0s

running (06m52.0s), 12/12 VUs, 4958 complete and 0 interrupted iterations
oscillating   [  53% ] 12/12 VUs  06m23.1s/12m00.0s

running (06m53.0s), 12/12 VUs, 4964 complete and 0 interrupted iterations
oscillating   [  53% ] 12/12 VUs  06m24.1s/12m00.0s

running (06m54.0s), 12/12 VUs, 4973 complete and 0 interrupted iterations
oscillating   [  53% ] 12/12 VUs  06m25.1s/12m00.0s

running (06m55.0s), 12/12 VUs, 4984 complete and 0 interrupted iterations
oscillating   [  54% ] 12/12 VUs  06m26.1s/12m00.0s

running (06m56.0s), 12/12 VUs, 5001 complete and 0 interrupted iterations
oscillating   [  54% ] 12/12 VUs  06m27.1s/12m00.0s

running (06m57.0s), 12/12 VUs, 5019 complete and 0 interrupted iterations
oscillating   [  54% ] 12/12 VUs  06m28.1s/12m00.0s

running (06m58.0s), 12/12 VUs, 5030 complete and 0 interrupted iterations
oscillating   [  54% ] 12/12 VUs  06m29.1s/12m00.0s

running (06m59.0s), 12/12 VUs, 5043 complete and 0 interrupted iterations
oscillating   [  54% ] 12/12 VUs  06m30.1s/12m00.0s

running (07m00.0s), 12/12 VUs, 5062 complete and 0 interrupted iterations
oscillating   [  54% ] 12/12 VUs  06m31.1s/12m00.0s

running (07m01.0s), 12/12 VUs, 5068 complete and 0 interrupted iterations
oscillating   [  54% ] 12/12 VUs  06m32.1s/12m00.0s

running (07m02.0s), 11/12 VUs, 5071 complete and 0 interrupted iterations
oscillating   [  55% ] 11/12 VUs  06m33.1s/12m00.0s

running (07m03.0s), 11/12 VUs, 5075 complete and 0 interrupted iterations
oscillating   [  55% ] 11/12 VUs  06m34.1s/12m00.0s

running (07m04.0s), 09/12 VUs, 5082 complete and 0 interrupted iterations
oscillating   [  55% ] 09/12 VUs  06m35.1s/12m00.0s

running (07m05.0s), 09/12 VUs, 5092 complete and 0 interrupted iterations
oscillating   [  55% ] 09/12 VUs  06m36.1s/12m00.0s

running (07m06.0s), 05/12 VUs, 5111 complete and 0 interrupted iterations
oscillating   [  55% ] 05/12 VUs  06m37.1s/12m00.0s

running (07m07.0s), 05/12 VUs, 5116 complete and 0 interrupted iterations
oscillating   [  55% ] 05/12 VUs  06m38.1s/12m00.0s

running (07m08.0s), 04/12 VUs, 5125 complete and 0 interrupted iterations
oscillating   [  55% ] 04/12 VUs  06m39.1s/12m00.0s

running (07m09.0s), 03/12 VUs, 5131 complete and 0 interrupted iterations
oscillating   [  56% ] 03/12 VUs  06m40.1s/12m00.0s

running (07m10.0s), 01/12 VUs, 5138 complete and 0 interrupted iterations
oscillating   [  56% ] 01/12 VUs  06m41.1s/12m00.0s

running (07m11.0s), 01/12 VUs, 5141 complete and 0 interrupted iterations
oscillating   [  56% ] 01/12 VUs  06m42.1s/12m00.0s

running (07m12.0s), 01/12 VUs, 5149 complete and 0 interrupted iterations
oscillating   [  56% ] 01/12 VUs  06m43.1s/12m00.0s

running (07m13.0s), 01/12 VUs, 5155 complete and 0 interrupted iterations
oscillating   [  56% ] 01/12 VUs  06m44.1s/12m00.0s

running (07m14.0s), 01/12 VUs, 5162 complete and 0 interrupted iterations
oscillating   [  56% ] 01/12 VUs  06m45.1s/12m00.0s

running (07m15.0s), 01/12 VUs, 5170 complete and 0 interrupted iterations
oscillating   [  56% ] 01/12 VUs  06m46.1s/12m00.0s

running (07m16.0s), 01/12 VUs, 5175 complete and 0 interrupted iterations
oscillating   [  57% ] 01/12 VUs  06m47.1s/12m00.0s

running (07m17.0s), 01/12 VUs, 5181 complete and 0 interrupted iterations
oscillating   [  57% ] 01/12 VUs  06m48.1s/12m00.0s

running (07m18.0s), 01/12 VUs, 5188 complete and 0 interrupted iterations
oscillating   [  57% ] 01/12 VUs  06m49.1s/12m00.0s

running (07m19.0s), 01/12 VUs, 5189 complete and 0 interrupted iterations
oscillating   [  57% ] 01/12 VUs  06m50.1s/12m00.0s

running (07m20.0s), 01/12 VUs, 5214 complete and 0 interrupted iterations
oscillating   [  57% ] 01/12 VUs  06m51.1s/12m00.0s

running (07m21.0s), 01/12 VUs, 5218 complete and 0 interrupted iterations
oscillating   [  57% ] 01/12 VUs  06m52.1s/12m00.0s

running (07m22.0s), 01/12 VUs, 5226 complete and 0 interrupted iterations
oscillating   [  57% ] 01/12 VUs  06m53.1s/12m00.0s

running (07m23.0s), 01/12 VUs, 5232 complete and 0 interrupted iterations
oscillating   [  58% ] 01/12 VUs  06m54.1s/12m00.0s

running (07m24.0s), 01/12 VUs, 5240 complete and 0 interrupted iterations
oscillating   [  58% ] 01/12 VUs  06m55.1s/12m00.0s

running (07m25.0s), 01/12 VUs, 5245 complete and 0 interrupted iterations
oscillating   [  58% ] 01/12 VUs  06m56.1s/12m00.0s

running (07m26.0s), 01/12 VUs, 5254 complete and 0 interrupted iterations
oscillating   [  58% ] 01/12 VUs  06m57.1s/12m00.0s

running (07m27.0s), 01/12 VUs, 5263 complete and 0 interrupted iterations
oscillating   [  58% ] 01/12 VUs  06m58.1s/12m00.0s

running (07m28.0s), 01/12 VUs, 5272 complete and 0 interrupted iterations
oscillating   [  58% ] 01/12 VUs  06m59.1s/12m00.0s

running (07m29.0s), 01/12 VUs, 5277 complete and 0 interrupted iterations
oscillating   [  58% ] 01/12 VUs  07m00.1s/12m00.0s

running (07m30.0s), 01/12 VUs, 5293 complete and 0 interrupted iterations
oscillating   [  58% ] 01/12 VUs  07m01.1s/12m00.0s

running (07m31.0s), 01/12 VUs, 5300 complete and 0 interrupted iterations
oscillating   [  59% ] 01/12 VUs  07m02.1s/12m00.0s

running (07m32.0s), 01/12 VUs, 5314 complete and 0 interrupted iterations
oscillating   [  59% ] 01/12 VUs  07m03.1s/12m00.0s

running (07m33.0s), 01/12 VUs, 5328 complete and 0 interrupted iterations
oscillating   [  59% ] 01/12 VUs  07m04.1s/12m00.0s

running (07m34.0s), 01/12 VUs, 5347 complete and 0 interrupted iterations
oscillating   [  59% ] 01/12 VUs  07m05.1s/12m00.0s

running (07m35.0s), 01/12 VUs, 5363 complete and 0 interrupted iterations
oscillating   [  59% ] 01/12 VUs  07m06.1s/12m00.0s

running (07m36.0s), 01/12 VUs, 5379 complete and 0 interrupted iterations
oscillating   [  59% ] 01/12 VUs  07m07.1s/12m00.0s

running (07m37.0s), 01/12 VUs, 5395 complete and 0 interrupted iterations
oscillating   [  59% ] 01/12 VUs  07m08.1s/12m00.0s

running (07m38.0s), 01/12 VUs, 5400 complete and 0 interrupted iterations
oscillating   [  60% ] 01/12 VUs  07m09.1s/12m00.0s

running (07m39.0s), 01/12 VUs, 5422 complete and 0 interrupted iterations
oscillating   [  60% ] 01/12 VUs  07m10.1s/12m00.0s

running (07m40.0s), 01/12 VUs, 5430 complete and 0 interrupted iterations
oscillating   [  60% ] 01/12 VUs  07m11.1s/12m00.0s

running (07m41.0s), 01/12 VUs, 5436 complete and 0 interrupted iterations
oscillating   [  60% ] 01/12 VUs  07m12.1s/12m00.0s

running (07m42.0s), 01/12 VUs, 5446 complete and 0 interrupted iterations
oscillating   [  60% ] 01/12 VUs  07m13.1s/12m00.0s

running (07m43.0s), 01/12 VUs, 5454 complete and 0 interrupted iterations
oscillating   [  60% ] 01/12 VUs  07m14.1s/12m00.0s

running (07m44.0s), 01/12 VUs, 5457 complete and 0 interrupted iterations
oscillating   [  60% ] 01/12 VUs  07m15.1s/12m00.0s

running (07m45.0s), 01/12 VUs, 5478 complete and 0 interrupted iterations
oscillating   [  61% ] 01/12 VUs  07m16.1s/12m00.0s

running (07m46.0s), 01/12 VUs, 5481 complete and 0 interrupted iterations
oscillating   [  61% ] 01/12 VUs  07m17.1s/12m00.0s

running (07m47.0s), 01/12 VUs, 5505 complete and 0 interrupted iterations
oscillating   [  61% ] 01/12 VUs  07m18.1s/12m00.0s

running (07m48.0s), 01/12 VUs, 5517 complete and 0 interrupted iterations
oscillating   [  61% ] 01/12 VUs  07m19.1s/12m00.0s

running (07m49.0s), 01/12 VUs, 5541 complete and 0 interrupted iterations
oscillating   [  61% ] 01/12 VUs  07m20.1s/12m00.0s

running (07m50.0s), 01/12 VUs, 5544 complete and 0 interrupted iterations
oscillating   [  61% ] 01/12 VUs  07m21.1s/12m00.0s

running (07m51.0s), 01/12 VUs, 5547 complete and 0 interrupted iterations
oscillating   [  61% ] 01/12 VUs  07m22.1s/12m00.0s

running (07m52.0s), 01/12 VUs, 5554 complete and 0 interrupted iterations
oscillating   [  62% ] 01/12 VUs  07m23.1s/12m00.0s

running (07m53.0s), 01/12 VUs, 5566 complete and 0 interrupted iterations
oscillating   [  62% ] 01/12 VUs  07m24.1s/12m00.0s

running (07m54.0s), 01/12 VUs, 5572 complete and 0 interrupted iterations
oscillating   [  62% ] 01/12 VUs  07m25.1s/12m00.0s

running (07m55.0s), 01/12 VUs, 5589 complete and 0 interrupted iterations
oscillating   [  62% ] 01/12 VUs  07m26.1s/12m00.0s

running (07m56.0s), 01/12 VUs, 5593 complete and 0 interrupted iterations
oscillating   [  62% ] 01/12 VUs  07m27.1s/12m00.0s

running (07m57.0s), 01/12 VUs, 5602 complete and 0 interrupted iterations
oscillating   [  62% ] 01/12 VUs  07m28.1s/12m00.0s

running (07m58.0s), 01/12 VUs, 5623 complete and 0 interrupted iterations
oscillating   [  62% ] 01/12 VUs  07m29.1s/12m00.0s

running (07m59.0s), 01/12 VUs, 5635 complete and 0 interrupted iterations
oscillating   [  63% ] 01/12 VUs  07m30.1s/12m00.0s

running (08m00.0s), 01/12 VUs, 5658 complete and 0 interrupted iterations
oscillating   [  63% ] 01/12 VUs  07m31.1s/12m00.0s

running (08m01.0s), 01/12 VUs, 5687 complete and 0 interrupted iterations
oscillating   [  63% ] 01/12 VUs  07m32.1s/12m00.0s

running (08m02.0s), 01/12 VUs, 5699 complete and 0 interrupted iterations
oscillating   [  63% ] 01/12 VUs  07m33.1s/12m00.0s

running (08m03.0s), 01/12 VUs, 5709 complete and 0 interrupted iterations
oscillating   [  63% ] 01/12 VUs  07m34.1s/12m00.0s

running (08m04.0s), 01/12 VUs, 5738 complete and 0 interrupted iterations
oscillating   [  63% ] 01/12 VUs  07m35.1s/12m00.0s

running (08m05.0s), 01/12 VUs, 5749 complete and 0 interrupted iterations
oscillating   [  63% ] 01/12 VUs  07m36.1s/12m00.0s

running (08m06.0s), 01/12 VUs, 5768 complete and 0 interrupted iterations
oscillating   [  63% ] 01/12 VUs  07m37.1s/12m00.0s

running (08m07.0s), 01/12 VUs, 5781 complete and 0 interrupted iterations
oscillating   [  64% ] 01/12 VUs  07m38.1s/12m00.0s

running (08m08.0s), 01/12 VUs, 5785 complete and 0 interrupted iterations
oscillating   [  64% ] 01/12 VUs  07m39.1s/12m00.0s

running (08m09.0s), 01/12 VUs, 5795 complete and 0 interrupted iterations
oscillating   [  64% ] 01/12 VUs  07m40.1s/12m00.0s

running (08m10.0s), 01/12 VUs, 5805 complete and 0 interrupted iterations
oscillating   [  64% ] 01/12 VUs  07m41.1s/12m00.0s

running (08m11.0s), 01/12 VUs, 5811 complete and 0 interrupted iterations
oscillating   [  64% ] 01/12 VUs  07m42.1s/12m00.0s

running (08m12.0s), 01/12 VUs, 5821 complete and 0 interrupted iterations
oscillating   [  64% ] 01/12 VUs  07m43.1s/12m00.0s

running (08m13.0s), 01/12 VUs, 5828 complete and 0 interrupted iterations
oscillating   [  64% ] 01/12 VUs  07m44.1s/12m00.0s

running (08m14.0s), 01/12 VUs, 5831 complete and 0 interrupted iterations
oscillating   [  65% ] 01/12 VUs  07m45.1s/12m00.0s

running (08m15.0s), 01/12 VUs, 5842 complete and 0 interrupted iterations
oscillating   [  65% ] 01/12 VUs  07m46.1s/12m00.0s

running (08m16.0s), 01/12 VUs, 5847 complete and 0 interrupted iterations
oscillating   [  65% ] 01/12 VUs  07m47.1s/12m00.0s

running (08m17.0s), 01/12 VUs, 5875 complete and 0 interrupted iterations
oscillating   [  65% ] 01/12 VUs  07m48.1s/12m00.0s

running (08m18.0s), 01/12 VUs, 5889 complete and 0 interrupted iterations
oscillating   [  65% ] 01/12 VUs  07m49.1s/12m00.0s

running (08m19.0s), 01/12 VUs, 5917 complete and 0 interrupted iterations
oscillating   [  65% ] 01/12 VUs  07m50.1s/12m00.0s

running (08m20.0s), 01/12 VUs, 5920 complete and 0 interrupted iterations
oscillating   [  65% ] 01/12 VUs  07m51.1s/12m00.0s

running (08m21.0s), 01/12 VUs, 5934 complete and 0 interrupted iterations
oscillating   [  66% ] 01/12 VUs  07m52.1s/12m00.0s

running (08m22.0s), 01/12 VUs, 5955 complete and 0 interrupted iterations
oscillating   [  66% ] 01/12 VUs  07m53.1s/12m00.0s

running (08m23.0s), 01/12 VUs, 5967 complete and 0 interrupted iterations
oscillating   [  66% ] 01/12 VUs  07m54.1s/12m00.0s

running (08m24.0s), 01/12 VUs, 5998 complete and 0 interrupted iterations
oscillating   [  66% ] 01/12 VUs  07m55.1s/12m00.0s

running (08m25.0s), 01/12 VUs, 6003 complete and 0 interrupted iterations
oscillating   [  66% ] 01/12 VUs  07m56.1s/12m00.0s

running (08m26.0s), 01/12 VUs, 6031 complete and 0 interrupted iterations
oscillating   [  66% ] 01/12 VUs  07m57.1s/12m00.0s

running (08m27.0s), 01/12 VUs, 6065 complete and 0 interrupted iterations
oscillating   [  66% ] 01/12 VUs  07m58.1s/12m00.0s

running (08m28.0s), 01/12 VUs, 6077 complete and 0 interrupted iterations
oscillating   [  67% ] 01/12 VUs  07m59.1s/12m00.0s

running (08m29.0s), 01/12 VUs, 6082 complete and 0 interrupted iterations
oscillating   [  67% ] 01/12 VUs  08m00.1s/12m00.0s

running (08m30.0s), 02/12 VUs, 6097 complete and 0 interrupted iterations
oscillating   [  67% ] 02/12 VUs  08m01.1s/12m00.0s

running (08m31.0s), 03/12 VUs, 6125 complete and 0 interrupted iterations
oscillating   [  67% ] 03/12 VUs  08m02.1s/12m00.0s

running (08m32.0s), 04/12 VUs, 6143 complete and 0 interrupted iterations
oscillating   [  67% ] 04/12 VUs  08m03.1s/12m00.0s

running (08m33.0s), 05/12 VUs, 6156 complete and 0 interrupted iterations
oscillating   [  67% ] 05/12 VUs  08m04.1s/12m00.0s

running (08m34.0s), 06/12 VUs, 6165 complete and 0 interrupted iterations
oscillating   [  67% ] 06/12 VUs  08m05.1s/12m00.0s

running (08m35.0s), 07/12 VUs, 6179 complete and 0 interrupted iterations
oscillating   [  68% ] 07/12 VUs  08m06.1s/12m00.0s

running (08m36.0s), 08/12 VUs, 6193 complete and 0 interrupted iterations
oscillating   [  68% ] 08/12 VUs  08m07.1s/12m00.0s

running (08m37.0s), 09/12 VUs, 6214 complete and 0 interrupted iterations
oscillating   [  68% ] 09/12 VUs  08m08.1s/12m00.0s

running (08m38.0s), 11/12 VUs, 6230 complete and 0 interrupted iterations
oscillating   [  68% ] 11/12 VUs  08m09.1s/12m00.0s

running (08m39.0s), 12/12 VUs, 6250 complete and 0 interrupted iterations
oscillating   [  68% ] 12/12 VUs  08m10.1s/12m00.0s

running (08m40.0s), 12/12 VUs, 6259 complete and 0 interrupted iterations
oscillating   [  68% ] 12/12 VUs  08m11.1s/12m00.0s

running (08m41.0s), 12/12 VUs, 6270 complete and 0 interrupted iterations
oscillating   [  68% ] 12/12 VUs  08m12.1s/12m00.0s

running (08m42.0s), 12/12 VUs, 6290 complete and 0 interrupted iterations
oscillating   [  68% ] 12/12 VUs  08m13.1s/12m00.0s

running (08m43.0s), 12/12 VUs, 6307 complete and 0 interrupted iterations
oscillating   [  69% ] 12/12 VUs  08m14.1s/12m00.0s

running (08m44.0s), 12/12 VUs, 6317 complete and 0 interrupted iterations
oscillating   [  69% ] 12/12 VUs  08m15.1s/12m00.0s

running (08m45.0s), 12/12 VUs, 6340 complete and 0 interrupted iterations
oscillating   [  69% ] 12/12 VUs  08m16.1s/12m00.0s

running (08m46.0s), 12/12 VUs, 6358 complete and 0 interrupted iterations
oscillating   [  69% ] 12/12 VUs  08m17.1s/12m00.0s

running (08m47.0s), 12/12 VUs, 6370 complete and 0 interrupted iterations
oscillating   [  69% ] 12/12 VUs  08m18.1s/12m00.0s

running (08m48.0s), 12/12 VUs, 6392 complete and 0 interrupted iterations
oscillating   [  69% ] 12/12 VUs  08m19.1s/12m00.0s

running (08m49.0s), 12/12 VUs, 6398 complete and 0 interrupted iterations
oscillating   [  69% ] 12/12 VUs  08m20.1s/12m00.0s

running (08m50.0s), 12/12 VUs, 6410 complete and 0 interrupted iterations
oscillating   [  70% ] 12/12 VUs  08m21.1s/12m00.0s

running (08m51.0s), 12/12 VUs, 6420 complete and 0 interrupted iterations
oscillating   [  70% ] 12/12 VUs  08m22.1s/12m00.0s

running (08m52.0s), 12/12 VUs, 6431 complete and 0 interrupted iterations
oscillating   [  70% ] 12/12 VUs  08m23.1s/12m00.0s

running (08m53.0s), 12/12 VUs, 6439 complete and 0 interrupted iterations
oscillating   [  70% ] 12/12 VUs  08m24.1s/12m00.0s

running (08m54.0s), 12/12 VUs, 6456 complete and 0 interrupted iterations
oscillating   [  70% ] 12/12 VUs  08m25.1s/12m00.0s

running (08m55.0s), 12/12 VUs, 6472 complete and 0 interrupted iterations
oscillating   [  70% ] 12/12 VUs  08m26.1s/12m00.0s

running (08m56.0s), 12/12 VUs, 6490 complete and 0 interrupted iterations
oscillating   [  70% ] 12/12 VUs  08m27.1s/12m00.0s

running (08m57.0s), 12/12 VUs, 6508 complete and 0 interrupted iterations
oscillating   [  71% ] 12/12 VUs  08m28.1s/12m00.0s

running (08m58.0s), 12/12 VUs, 6525 complete and 0 interrupted iterations
oscillating   [  71% ] 12/12 VUs  08m29.1s/12m00.0s

running (08m59.0s), 12/12 VUs, 6543 complete and 0 interrupted iterations
oscillating   [  71% ] 12/12 VUs  08m30.1s/12m00.0s

running (09m00.0s), 12/12 VUs, 6547 complete and 0 interrupted iterations
oscillating   [  71% ] 12/12 VUs  08m31.1s/12m00.0s

running (09m01.0s), 12/12 VUs, 6555 complete and 0 interrupted iterations
oscillating   [  71% ] 12/12 VUs  08m32.1s/12m00.0s

running (09m02.0s), 12/12 VUs, 6576 complete and 0 interrupted iterations
oscillating   [  71% ] 12/12 VUs  08m33.1s/12m00.0s

running (09m03.0s), 12/12 VUs, 6601 complete and 0 interrupted iterations
oscillating   [  71% ] 12/12 VUs  08m34.1s/12m00.0s

running (09m04.0s), 12/12 VUs, 6613 complete and 0 interrupted iterations
oscillating   [  72% ] 12/12 VUs  08m35.1s/12m00.0s

running (09m05.0s), 12/12 VUs, 6623 complete and 0 interrupted iterations
oscillating   [  72% ] 12/12 VUs  08m36.1s/12m00.0s

running (09m06.0s), 12/12 VUs, 6623 complete and 0 interrupted iterations
oscillating   [  72% ] 12/12 VUs  08m37.1s/12m00.0s

running (09m07.0s), 12/12 VUs, 6628 complete and 0 interrupted iterations
oscillating   [  72% ] 12/12 VUs  08m38.1s/12m00.0s

running (09m08.0s), 12/12 VUs, 6643 complete and 0 interrupted iterations
oscillating   [  72% ] 12/12 VUs  08m39.1s/12m00.0s

running (09m09.0s), 12/12 VUs, 6661 complete and 0 interrupted iterations
oscillating   [  72% ] 12/12 VUs  08m40.1s/12m00.0s

running (09m10.0s), 12/12 VUs, 6688 complete and 0 interrupted iterations
oscillating   [  72% ] 12/12 VUs  08m41.1s/12m00.0s

running (09m11.0s), 12/12 VUs, 6710 complete and 0 interrupted iterations
oscillating   [  73% ] 12/12 VUs  08m42.1s/12m00.0s

running (09m12.0s), 12/12 VUs, 6719 complete and 0 interrupted iterations
oscillating   [  73% ] 12/12 VUs  08m43.1s/12m00.0s

running (09m13.0s), 12/12 VUs, 6729 complete and 0 interrupted iterations
oscillating   [  73% ] 12/12 VUs  08m44.1s/12m00.0s

running (09m14.0s), 12/12 VUs, 6742 complete and 0 interrupted iterations
oscillating   [  73% ] 12/12 VUs  08m45.1s/12m00.0s

running (09m15.0s), 12/12 VUs, 6747 complete and 0 interrupted iterations
oscillating   [  73% ] 12/12 VUs  08m46.1s/12m00.0s

running (09m16.0s), 12/12 VUs, 6750 complete and 0 interrupted iterations
oscillating   [  73% ] 12/12 VUs  08m47.1s/12m00.0s

running (09m17.0s), 12/12 VUs, 6763 complete and 0 interrupted iterations
oscillating   [  73% ] 12/12 VUs  08m48.1s/12m00.0s

running (09m18.0s), 12/12 VUs, 6773 complete and 0 interrupted iterations
oscillating   [  73% ] 12/12 VUs  08m49.1s/12m00.0s

running (09m19.0s), 12/12 VUs, 6785 complete and 0 interrupted iterations
oscillating   [  74% ] 12/12 VUs  08m50.1s/12m00.0s

running (09m20.0s), 12/12 VUs, 6795 complete and 0 interrupted iterations
oscillating   [  74% ] 12/12 VUs  08m51.1s/12m00.0s

running (09m21.0s), 12/12 VUs, 6810 complete and 0 interrupted iterations
oscillating   [  74% ] 12/12 VUs  08m52.1s/12m00.0s

running (09m22.0s), 12/12 VUs, 6822 complete and 0 interrupted iterations
oscillating   [  74% ] 12/12 VUs  08m53.1s/12m00.0s

running (09m23.0s), 12/12 VUs, 6834 complete and 0 interrupted iterations
oscillating   [  74% ] 12/12 VUs  08m54.1s/12m00.0s

running (09m24.0s), 12/12 VUs, 6850 complete and 0 interrupted iterations
oscillating   [  74% ] 12/12 VUs  08m55.1s/12m00.0s

running (09m25.0s), 12/12 VUs, 6853 complete and 0 interrupted iterations
oscillating   [  74% ] 12/12 VUs  08m56.1s/12m00.0s

running (09m26.0s), 12/12 VUs, 6861 complete and 0 interrupted iterations
oscillating   [  75% ] 12/12 VUs  08m57.1s/12m00.0s

running (09m27.0s), 12/12 VUs, 6861 complete and 0 interrupted iterations
oscillating   [  75% ] 12/12 VUs  08m58.1s/12m00.0s

running (09m28.0s), 12/12 VUs, 6868 complete and 0 interrupted iterations
oscillating   [  75% ] 12/12 VUs  08m59.1s/12m00.0s

running (09m29.0s), 12/12 VUs, 6876 complete and 0 interrupted iterations
oscillating   [  75% ] 12/12 VUs  09m00.1s/12m00.0s

running (09m30.0s), 12/12 VUs, 6891 complete and 0 interrupted iterations
oscillating   [  75% ] 12/12 VUs  09m01.1s/12m00.0s

running (09m31.0s), 12/12 VUs, 6900 complete and 0 interrupted iterations
oscillating   [  75% ] 12/12 VUs  09m02.1s/12m00.0s

running (09m32.0s), 12/12 VUs, 6903 complete and 0 interrupted iterations
oscillating   [  75% ] 12/12 VUs  09m03.1s/12m00.0s

running (09m33.0s), 12/12 VUs, 6914 complete and 0 interrupted iterations
oscillating   [  76% ] 12/12 VUs  09m04.1s/12m00.0s

running (09m34.0s), 12/12 VUs, 6921 complete and 0 interrupted iterations
oscillating   [  76% ] 12/12 VUs  09m05.1s/12m00.0s

running (09m35.0s), 12/12 VUs, 6933 complete and 0 interrupted iterations
oscillating   [  76% ] 12/12 VUs  09m06.1s/12m00.0s

running (09m36.0s), 12/12 VUs, 6944 complete and 0 interrupted iterations
oscillating   [  76% ] 12/12 VUs  09m07.1s/12m00.0s

running (09m37.0s), 12/12 VUs, 6952 complete and 0 interrupted iterations
oscillating   [  76% ] 12/12 VUs  09m08.1s/12m00.0s

running (09m38.0s), 12/12 VUs, 6958 complete and 0 interrupted iterations
oscillating   [  76% ] 12/12 VUs  09m09.1s/12m00.0s

running (09m39.0s), 12/12 VUs, 6970 complete and 0 interrupted iterations
oscillating   [  76% ] 12/12 VUs  09m10.1s/12m00.0s

running (09m40.0s), 12/12 VUs, 6980 complete and 0 interrupted iterations
oscillating   [  77% ] 12/12 VUs  09m11.1s/12m00.0s

running (09m41.0s), 12/12 VUs, 6989 complete and 0 interrupted iterations
oscillating   [  77% ] 12/12 VUs  09m12.1s/12m00.0s

running (09m42.0s), 12/12 VUs, 7011 complete and 0 interrupted iterations
oscillating   [  77% ] 12/12 VUs  09m13.1s/12m00.0s

running (09m43.0s), 12/12 VUs, 7019 complete and 0 interrupted iterations
oscillating   [  77% ] 12/12 VUs  09m14.1s/12m00.0s

running (09m44.0s), 11/12 VUs, 7032 complete and 0 interrupted iterations
oscillating   [  77% ] 11/12 VUs  09m15.1s/12m00.0s

running (09m45.0s), 11/12 VUs, 7046 complete and 0 interrupted iterations
oscillating   [  77% ] 11/12 VUs  09m16.1s/12m00.0s

running (09m46.0s), 11/12 VUs, 7055 complete and 0 interrupted iterations
oscillating   [  77% ] 11/12 VUs  09m17.1s/12m00.0s

running (09m47.0s), 11/12 VUs, 7068 complete and 0 interrupted iterations
oscillating   [  78% ] 11/12 VUs  09m18.1s/12m00.0s

running (09m48.0s), 11/12 VUs, 7092 complete and 0 interrupted iterations
oscillating   [  78% ] 11/12 VUs  09m19.1s/12m00.0s

running (09m49.0s), 11/12 VUs, 7101 complete and 0 interrupted iterations
oscillating   [  78% ] 11/12 VUs  09m20.1s/12m00.0s

running (09m50.0s), 11/12 VUs, 7111 complete and 0 interrupted iterations
oscillating   [  78% ] 11/12 VUs  09m21.1s/12m00.0s

running (09m51.0s), 11/12 VUs, 7127 complete and 0 interrupted iterations
oscillating   [  78% ] 11/12 VUs  09m22.1s/12m00.0s

running (09m52.0s), 11/12 VUs, 7133 complete and 0 interrupted iterations
oscillating   [  78% ] 11/12 VUs  09m23.1s/12m00.0s

running (09m53.0s), 11/12 VUs, 7133 complete and 0 interrupted iterations
oscillating   [  78% ] 11/12 VUs  09m24.1s/12m00.0s

running (09m54.0s), 11/12 VUs, 7135 complete and 0 interrupted iterations
oscillating   [  78% ] 11/12 VUs  09m25.1s/12m00.0s

running (09m55.0s), 11/12 VUs, 7148 complete and 0 interrupted iterations
oscillating   [  79% ] 11/12 VUs  09m26.1s/12m00.0s

running (09m56.0s), 11/12 VUs, 7165 complete and 0 interrupted iterations
oscillating   [  79% ] 11/12 VUs  09m27.1s/12m00.0s

running (09m57.0s), 11/12 VUs, 7184 complete and 0 interrupted iterations
oscillating   [  79% ] 11/12 VUs  09m28.1s/12m00.0s

running (09m58.0s), 11/12 VUs, 7217 complete and 0 interrupted iterations
oscillating   [  79% ] 11/12 VUs  09m29.1s/12m00.0s

running (09m59.0s), 11/12 VUs, 7239 complete and 0 interrupted iterations
oscillating   [  79% ] 11/12 VUs  09m30.1s/12m00.0s

running (10m00.0s), 10/12 VUs, 7265 complete and 0 interrupted iterations
oscillating   [  79% ] 10/12 VUs  09m31.1s/12m00.0s

running (10m01.0s), 10/12 VUs, 7274 complete and 0 interrupted iterations
oscillating   [  79% ] 10/12 VUs  09m32.1s/12m00.0s

running (10m02.0s), 10/12 VUs, 7284 complete and 0 interrupted iterations
oscillating   [  80% ] 10/12 VUs  09m33.1s/12m00.0s

running (10m03.0s), 10/12 VUs, 7295 complete and 0 interrupted iterations
oscillating   [  80% ] 10/12 VUs  09m34.1s/12m00.0s

running (10m04.0s), 10/12 VUs, 7311 complete and 0 interrupted iterations
oscillating   [  80% ] 10/12 VUs  09m35.1s/12m00.0s

running (10m05.0s), 10/12 VUs, 7324 complete and 0 interrupted iterations
oscillating   [  80% ] 10/12 VUs  09m36.1s/12m00.0s

running (10m06.0s), 10/12 VUs, 7342 complete and 0 interrupted iterations
oscillating   [  80% ] 10/12 VUs  09m37.1s/12m00.0s

running (10m07.0s), 10/12 VUs, 7356 complete and 0 interrupted iterations
oscillating   [  80% ] 10/12 VUs  09m38.1s/12m00.0s

running (10m08.0s), 10/12 VUs, 7373 complete and 0 interrupted iterations
oscillating   [  80% ] 10/12 VUs  09m39.1s/12m00.0s

running (10m09.0s), 10/12 VUs, 7386 complete and 0 interrupted iterations
oscillating   [  81% ] 10/12 VUs  09m40.1s/12m00.0s

running (10m10.0s), 10/12 VUs, 7406 complete and 0 interrupted iterations
oscillating   [  81% ] 10/12 VUs  09m41.1s/12m00.0s

running (10m11.0s), 10/12 VUs, 7415 complete and 0 interrupted iterations
oscillating   [  81% ] 10/12 VUs  09m42.1s/12m00.0s

running (10m12.0s), 10/12 VUs, 7421 complete and 0 interrupted iterations
oscillating   [  81% ] 10/12 VUs  09m43.1s/12m00.0s

running (10m13.0s), 10/12 VUs, 7425 complete and 0 interrupted iterations
oscillating   [  81% ] 10/12 VUs  09m44.1s/12m00.0s

running (10m14.0s), 10/12 VUs, 7439 complete and 0 interrupted iterations
oscillating   [  81% ] 10/12 VUs  09m45.1s/12m00.0s

running (10m15.0s), 10/12 VUs, 7448 complete and 0 interrupted iterations
oscillating   [  81% ] 10/12 VUs  09m46.1s/12m00.0s

running (10m16.0s), 10/12 VUs, 7459 complete and 0 interrupted iterations
oscillating   [  82% ] 10/12 VUs  09m47.1s/12m00.0s

running (10m17.0s), 09/12 VUs, 7469 complete and 0 interrupted iterations
oscillating   [  82% ] 09/12 VUs  09m48.1s/12m00.0s

running (10m18.0s), 09/12 VUs, 7472 complete and 0 interrupted iterations
oscillating   [  82% ] 09/12 VUs  09m49.1s/12m00.0s

running (10m19.0s), 09/12 VUs, 7474 complete and 0 interrupted iterations
oscillating   [  82% ] 09/12 VUs  09m50.1s/12m00.0s

running (10m20.0s), 09/12 VUs, 7477 complete and 0 interrupted iterations
oscillating   [  82% ] 09/12 VUs  09m51.1s/12m00.0s

running (10m21.0s), 09/12 VUs, 7489 complete and 0 interrupted iterations
oscillating   [  82% ] 09/12 VUs  09m52.1s/12m00.0s

running (10m22.0s), 09/12 VUs, 7503 complete and 0 interrupted iterations
oscillating   [  82% ] 09/12 VUs  09m53.1s/12m00.0s

running (10m23.0s), 09/12 VUs, 7526 complete and 0 interrupted iterations
oscillating   [  83% ] 09/12 VUs  09m54.1s/12m00.0s

running (10m24.0s), 09/12 VUs, 7539 complete and 0 interrupted iterations
oscillating   [  83% ] 09/12 VUs  09m55.1s/12m00.0s

running (10m25.0s), 09/12 VUs, 7544 complete and 0 interrupted iterations
oscillating   [  83% ] 09/12 VUs  09m56.1s/12m00.0s

running (10m26.0s), 09/12 VUs, 7553 complete and 0 interrupted iterations
oscillating   [  83% ] 09/12 VUs  09m57.1s/12m00.0s

running (10m27.0s), 09/12 VUs, 7558 complete and 0 interrupted iterations
oscillating   [  83% ] 09/12 VUs  09m58.1s/12m00.0s

running (10m28.0s), 09/12 VUs, 7570 complete and 0 interrupted iterations
oscillating   [  83% ] 09/12 VUs  09m59.1s/12m00.0s

running (10m29.0s), 09/12 VUs, 7582 complete and 0 interrupted iterations
oscillating   [  83% ] 09/12 VUs  10m00.1s/12m00.0s

running (10m30.0s), 09/12 VUs, 7594 complete and 0 interrupted iterations
oscillating   [  83% ] 09/12 VUs  10m01.1s/12m00.0s

running (10m31.0s), 09/12 VUs, 7611 complete and 0 interrupted iterations
oscillating   [  84% ] 09/12 VUs  10m02.1s/12m00.0s

running (10m32.0s), 09/12 VUs, 7631 complete and 0 interrupted iterations
oscillating   [  84% ] 09/12 VUs  10m03.1s/12m00.0s

running (10m33.0s), 08/12 VUs, 7647 complete and 0 interrupted iterations
oscillating   [  84% ] 08/12 VUs  10m04.1s/12m00.0s

running (10m34.0s), 08/12 VUs, 7665 complete and 0 interrupted iterations
oscillating   [  84% ] 08/12 VUs  10m05.1s/12m00.0s

running (10m35.0s), 08/12 VUs, 7678 complete and 0 interrupted iterations
oscillating   [  84% ] 08/12 VUs  10m06.1s/12m00.0s

running (10m36.0s), 08/12 VUs, 7683 complete and 0 interrupted iterations
oscillating   [  84% ] 08/12 VUs  10m07.1s/12m00.0s

running (10m37.0s), 08/12 VUs, 7693 complete and 0 interrupted iterations
oscillating   [  84% ] 08/12 VUs  10m08.1s/12m00.0s

running (10m38.0s), 08/12 VUs, 7703 complete and 0 interrupted iterations
oscillating   [  85% ] 08/12 VUs  10m09.1s/12m00.0s

running (10m39.0s), 08/12 VUs, 7718 complete and 0 interrupted iterations
oscillating   [  85% ] 08/12 VUs  10m10.1s/12m00.0s

running (10m40.0s), 08/12 VUs, 7732 complete and 0 interrupted iterations
oscillating   [  85% ] 08/12 VUs  10m11.1s/12m00.0s

running (10m41.0s), 08/12 VUs, 7745 complete and 0 interrupted iterations
oscillating   [  85% ] 08/12 VUs  10m12.1s/12m00.0s

running (10m42.0s), 08/12 VUs, 7760 complete and 0 interrupted iterations
oscillating   [  85% ] 08/12 VUs  10m13.1s/12m00.0s

running (10m43.0s), 08/12 VUs, 7773 complete and 0 interrupted iterations
oscillating   [  85% ] 08/12 VUs  10m14.1s/12m00.0s

running (10m44.0s), 08/12 VUs, 7786 complete and 0 interrupted iterations
oscillating   [  85% ] 08/12 VUs  10m15.1s/12m00.0s

running (10m45.0s), 07/12 VUs, 7804 complete and 0 interrupted iterations
oscillating   [  86% ] 07/12 VUs  10m16.1s/12m00.0s

running (10m46.0s), 07/12 VUs, 7816 complete and 0 interrupted iterations
oscillating   [  86% ] 07/12 VUs  10m17.1s/12m00.0s

running (10m47.0s), 07/12 VUs, 7831 complete and 0 interrupted iterations
oscillating   [  86% ] 07/12 VUs  10m18.1s/12m00.0s

running (10m48.0s), 07/12 VUs, 7847 complete and 0 interrupted iterations
oscillating   [  86% ] 07/12 VUs  10m19.1s/12m00.0s

running (10m49.0s), 07/12 VUs, 7870 complete and 0 interrupted iterations
oscillating   [  86% ] 07/12 VUs  10m20.1s/12m00.0s

running (10m50.0s), 07/12 VUs, 7880 complete and 0 interrupted iterations
oscillating   [  86% ] 07/12 VUs  10m21.1s/12m00.0s

running (10m51.0s), 07/12 VUs, 7891 complete and 0 interrupted iterations
oscillating   [  86% ] 07/12 VUs  10m22.1s/12m00.0s

running (10m52.0s), 07/12 VUs, 7905 complete and 0 interrupted iterations
oscillating   [  87% ] 07/12 VUs  10m23.1s/12m00.0s

running (10m53.0s), 07/12 VUs, 7921 complete and 0 interrupted iterations
oscillating   [  87% ] 07/12 VUs  10m24.1s/12m00.0s

running (10m54.0s), 07/12 VUs, 7925 complete and 0 interrupted iterations
oscillating   [  87% ] 07/12 VUs  10m25.1s/12m00.0s

running (10m55.0s), 07/12 VUs, 7932 complete and 0 interrupted iterations
oscillating   [  87% ] 07/12 VUs  10m26.1s/12m00.0s

running (10m56.0s), 07/12 VUs, 7936 complete and 0 interrupted iterations
oscillating   [  87% ] 07/12 VUs  10m27.1s/12m00.0s

running (10m57.0s), 07/12 VUs, 7937 complete and 0 interrupted iterations
oscillating   [  87% ] 07/12 VUs  10m28.1s/12m00.0s

running (10m58.0s), 07/12 VUs, 7937 complete and 0 interrupted iterations
oscillating   [  87% ] 07/12 VUs  10m29.1s/12m00.0s

running (10m59.0s), 07/12 VUs, 7976 complete and 0 interrupted iterations
oscillating   [  88% ] 07/12 VUs  10m30.1s/12m00.0s

running (11m00.0s), 07/12 VUs, 8002 complete and 0 interrupted iterations
oscillating   [  88% ] 07/12 VUs  10m31.1s/12m00.0s

running (11m01.0s), 07/12 VUs, 8007 complete and 0 interrupted iterations
oscillating   [  88% ] 07/12 VUs  10m32.1s/12m00.0s

running (11m02.0s), 07/12 VUs, 8010 complete and 0 interrupted iterations
oscillating   [  88% ] 07/12 VUs  10m33.1s/12m00.0s

running (11m03.0s), 06/12 VUs, 8016 complete and 0 interrupted iterations
oscillating   [  88% ] 06/12 VUs  10m34.1s/12m00.0s

running (11m04.0s), 06/12 VUs, 8023 complete and 0 interrupted iterations
oscillating   [  88% ] 06/12 VUs  10m35.1s/12m00.0s

running (11m05.0s), 06/12 VUs, 8026 complete and 0 interrupted iterations
oscillating   [  88% ] 06/12 VUs  10m36.1s/12m00.0s

running (11m06.0s), 06/12 VUs, 8046 complete and 0 interrupted iterations
oscillating   [  88% ] 06/12 VUs  10m37.1s/12m00.0s

running (11m07.0s), 06/12 VUs, 8073 complete and 0 interrupted iterations
oscillating   [  89% ] 06/12 VUs  10m38.1s/12m00.0s

running (11m08.0s), 06/12 VUs, 8089 complete and 0 interrupted iterations
oscillating   [  89% ] 06/12 VUs  10m39.1s/12m00.0s

running (11m09.0s), 06/12 VUs, 8090 complete and 0 interrupted iterations
oscillating   [  89% ] 06/12 VUs  10m40.1s/12m00.0s

running (11m10.0s), 06/12 VUs, 8090 complete and 0 interrupted iterations
oscillating   [  89% ] 06/12 VUs  10m41.1s/12m00.0s

running (11m11.0s), 06/12 VUs, 8106 complete and 0 interrupted iterations
oscillating   [  89% ] 06/12 VUs  10m42.1s/12m00.0s

running (11m12.0s), 06/12 VUs, 8128 complete and 0 interrupted iterations
oscillating   [  89% ] 06/12 VUs  10m43.1s/12m00.0s

running (11m13.0s), 06/12 VUs, 8152 complete and 0 interrupted iterations
oscillating   [  89% ] 06/12 VUs  10m44.1s/12m00.0s

running (11m14.0s), 06/12 VUs, 8164 complete and 0 interrupted iterations
oscillating   [  90% ] 06/12 VUs  10m45.1s/12m00.0s

running (11m15.0s), 06/12 VUs, 8176 complete and 0 interrupted iterations
oscillating   [  90% ] 06/12 VUs  10m46.1s/12m00.0s

running (11m16.0s), 05/12 VUs, 8189 complete and 0 interrupted iterations
oscillating   [  90% ] 05/12 VUs  10m47.1s/12m00.0s

running (11m17.0s), 05/12 VUs, 8197 complete and 0 interrupted iterations
oscillating   [  90% ] 05/12 VUs  10m48.1s/12m00.0s

running (11m18.0s), 05/12 VUs, 8202 complete and 0 interrupted iterations
oscillating   [  90% ] 05/12 VUs  10m49.1s/12m00.0s

running (11m19.0s), 05/12 VUs, 8226 complete and 0 interrupted iterations
oscillating   [  90% ] 05/12 VUs  10m50.1s/12m00.0s

running (11m20.0s), 05/12 VUs, 8262 complete and 0 interrupted iterations
oscillating   [  90% ] 05/12 VUs  10m51.1s/12m00.0s

running (11m21.0s), 05/12 VUs, 8280 complete and 0 interrupted iterations
oscillating   [  91% ] 05/12 VUs  10m52.1s/12m00.0s

running (11m22.0s), 05/12 VUs, 8301 complete and 0 interrupted iterations
oscillating   [  91% ] 05/12 VUs  10m53.1s/12m00.0s

running (11m23.0s), 05/12 VUs, 8316 complete and 0 interrupted iterations
oscillating   [  91% ] 05/12 VUs  10m54.1s/12m00.0s

running (11m24.0s), 05/12 VUs, 8316 complete and 0 interrupted iterations
oscillating   [  91% ] 05/12 VUs  10m55.1s/12m00.0s

running (11m25.0s), 05/12 VUs, 8325 complete and 0 interrupted iterations
oscillating   [  91% ] 05/12 VUs  10m56.1s/12m00.0s

running (11m26.0s), 05/12 VUs, 8349 complete and 0 interrupted iterations
oscillating   [  91% ] 05/12 VUs  10m57.1s/12m00.0s

running (11m27.0s), 05/12 VUs, 8359 complete and 0 interrupted iterations
oscillating   [  91% ] 05/12 VUs  10m58.1s/12m00.0s

running (11m28.0s), 05/12 VUs, 8365 complete and 0 interrupted iterations
oscillating   [  92% ] 05/12 VUs  10m59.1s/12m00.0s

running (11m29.0s), 04/12 VUs, 8393 complete and 0 interrupted iterations
oscillating   [  92% ] 04/12 VUs  11m00.1s/12m00.0s

running (11m30.0s), 04/12 VUs, 8395 complete and 0 interrupted iterations
oscillating   [  92% ] 04/12 VUs  11m01.1s/12m00.0s

running (11m31.0s), 04/12 VUs, 8395 complete and 0 interrupted iterations
oscillating   [  92% ] 04/12 VUs  11m02.1s/12m00.0s

running (11m32.0s), 04/12 VUs, 8420 complete and 0 interrupted iterations
oscillating   [  92% ] 04/12 VUs  11m03.1s/12m00.0s

running (11m33.0s), 04/12 VUs, 8437 complete and 0 interrupted iterations
oscillating   [  92% ] 04/12 VUs  11m04.1s/12m00.0s

running (11m34.0s), 04/12 VUs, 8445 complete and 0 interrupted iterations
oscillating   [  92% ] 04/12 VUs  11m05.1s/12m00.0s

running (11m35.0s), 04/12 VUs, 8446 complete and 0 interrupted iterations
oscillating   [  93% ] 04/12 VUs  11m06.1s/12m00.0s

running (11m36.0s), 04/12 VUs, 8457 complete and 0 interrupted iterations
oscillating   [  93% ] 04/12 VUs  11m07.1s/12m00.0s

running (11m37.0s), 04/12 VUs, 8483 complete and 0 interrupted iterations
oscillating   [  93% ] 04/12 VUs  11m08.1s/12m00.0s

running (11m38.0s), 04/12 VUs, 8495 complete and 0 interrupted iterations
oscillating   [  93% ] 04/12 VUs  11m09.1s/12m00.0s

running (11m39.0s), 04/12 VUs, 8518 complete and 0 interrupted iterations
oscillating   [  93% ] 04/12 VUs  11m10.1s/12m00.0s

running (11m40.0s), 04/12 VUs, 8528 complete and 0 interrupted iterations
oscillating   [  93% ] 04/12 VUs  11m11.1s/12m00.0s

running (11m41.0s), 04/12 VUs, 8543 complete and 0 interrupted iterations
oscillating   [  93% ] 04/12 VUs  11m12.1s/12m00.0s

running (11m42.0s), 04/12 VUs, 8551 complete and 0 interrupted iterations
oscillating   [  93% ] 04/12 VUs  11m13.1s/12m00.0s

running (11m43.0s), 04/12 VUs, 8555 complete and 0 interrupted iterations
oscillating   [  94% ] 04/12 VUs  11m14.1s/12m00.0s

running (11m44.0s), 04/12 VUs, 8564 complete and 0 interrupted iterations
oscillating   [  94% ] 04/12 VUs  11m15.1s/12m00.0s

running (11m45.0s), 04/12 VUs, 8575 complete and 0 interrupted iterations
oscillating   [  94% ] 04/12 VUs  11m16.1s/12m00.0s

running (11m46.0s), 03/12 VUs, 8585 complete and 0 interrupted iterations
oscillating   [  94% ] 03/12 VUs  11m17.1s/12m00.0s

running (11m47.0s), 03/12 VUs, 8587 complete and 0 interrupted iterations
oscillating   [  94% ] 03/12 VUs  11m18.1s/12m00.0s

running (11m48.0s), 03/12 VUs, 8593 complete and 0 interrupted iterations
oscillating   [  94% ] 03/12 VUs  11m19.1s/12m00.0s

running (11m49.0s), 03/12 VUs, 8596 complete and 0 interrupted iterations
oscillating   [  94% ] 03/12 VUs  11m20.1s/12m00.0s

running (11m50.0s), 03/12 VUs, 8617 complete and 0 interrupted iterations
oscillating   [  95% ] 03/12 VUs  11m21.1s/12m00.0s

running (11m51.0s), 03/12 VUs, 8623 complete and 0 interrupted iterations
oscillating   [  95% ] 03/12 VUs  11m22.1s/12m00.0s

running (11m52.0s), 03/12 VUs, 8626 complete and 0 interrupted iterations
oscillating   [  95% ] 03/12 VUs  11m23.1s/12m00.0s

running (11m53.0s), 03/12 VUs, 8638 complete and 0 interrupted iterations
oscillating   [  95% ] 03/12 VUs  11m24.1s/12m00.0s

running (11m54.0s), 03/12 VUs, 8649 complete and 0 interrupted iterations
oscillating   [  95% ] 03/12 VUs  11m25.1s/12m00.0s

running (11m55.0s), 03/12 VUs, 8687 complete and 0 interrupted iterations
oscillating   [  95% ] 03/12 VUs  11m26.1s/12m00.0s

running (11m56.0s), 03/12 VUs, 8703 complete and 0 interrupted iterations
oscillating   [  95% ] 03/12 VUs  11m27.1s/12m00.0s

running (11m57.0s), 03/12 VUs, 8716 complete and 0 interrupted iterations
oscillating   [  96% ] 03/12 VUs  11m28.1s/12m00.0s

running (11m58.0s), 03/12 VUs, 8744 complete and 0 interrupted iterations
oscillating   [  96% ] 03/12 VUs  11m29.1s/12m00.0s

running (11m59.0s), 03/12 VUs, 8748 complete and 0 interrupted iterations
oscillating   [  96% ] 03/12 VUs  11m30.1s/12m00.0s

running (12m00.0s), 02/12 VUs, 8753 complete and 0 interrupted iterations
oscillating   [  96% ] 02/12 VUs  11m31.1s/12m00.0s

running (12m01.0s), 02/12 VUs, 8763 complete and 0 interrupted iterations
oscillating   [  96% ] 02/12 VUs  11m32.1s/12m00.0s

running (12m02.0s), 02/12 VUs, 8777 complete and 0 interrupted iterations
oscillating   [  96% ] 02/12 VUs  11m33.1s/12m00.0s

running (12m03.0s), 02/12 VUs, 8780 complete and 0 interrupted iterations
oscillating   [  96% ] 02/12 VUs  11m34.1s/12m00.0s

running (12m04.0s), 02/12 VUs, 8819 complete and 0 interrupted iterations
oscillating   [  97% ] 02/12 VUs  11m35.1s/12m00.0s

running (12m05.0s), 02/12 VUs, 8836 complete and 0 interrupted iterations
oscillating   [  97% ] 02/12 VUs  11m36.1s/12m00.0s

running (12m06.0s), 02/12 VUs, 8842 complete and 0 interrupted iterations
oscillating   [  97% ] 02/12 VUs  11m37.1s/12m00.0s

running (12m07.0s), 02/12 VUs, 8858 complete and 0 interrupted iterations
oscillating   [  97% ] 02/12 VUs  11m38.1s/12m00.0s

running (12m08.0s), 02/12 VUs, 8876 complete and 0 interrupted iterations
oscillating   [  97% ] 02/12 VUs  11m39.1s/12m00.0s

running (12m09.0s), 02/12 VUs, 8895 complete and 0 interrupted iterations
oscillating   [  97% ] 02/12 VUs  11m40.1s/12m00.0s

running (12m10.0s), 02/12 VUs, 8961 complete and 0 interrupted iterations
oscillating   [  97% ] 02/12 VUs  11m41.1s/12m00.0s

running (12m11.0s), 02/12 VUs, 8978 complete and 0 interrupted iterations
oscillating   [  98% ] 02/12 VUs  11m42.1s/12m00.0s

running (12m12.0s), 02/12 VUs, 8992 complete and 0 interrupted iterations
oscillating   [  98% ] 02/12 VUs  11m43.1s/12m00.0s

running (12m13.0s), 02/12 VUs, 9003 complete and 0 interrupted iterations
oscillating   [  98% ] 02/12 VUs  11m44.1s/12m00.0s

running (12m14.0s), 02/12 VUs, 9013 complete and 0 interrupted iterations
oscillating   [  98% ] 02/12 VUs  11m45.1s/12m00.0s

running (12m15.0s), 01/12 VUs, 9019 complete and 0 interrupted iterations
oscillating   [  98% ] 01/12 VUs  11m46.1s/12m00.0s

running (12m16.0s), 01/12 VUs, 9027 complete and 0 interrupted iterations
oscillating   [  98% ] 01/12 VUs  11m47.1s/12m00.0s

running (12m17.0s), 01/12 VUs, 9028 complete and 0 interrupted iterations
oscillating   [  98% ] 01/12 VUs  11m48.1s/12m00.0s

running (12m18.0s), 01/12 VUs, 9043 complete and 0 interrupted iterations
oscillating   [  98% ] 01/12 VUs  11m49.1s/12m00.0s

running (12m19.0s), 01/12 VUs, 9052 complete and 0 interrupted iterations
oscillating   [  99% ] 01/12 VUs  11m50.1s/12m00.0s

running (12m20.0s), 01/12 VUs, 9060 complete and 0 interrupted iterations
oscillating   [  99% ] 01/12 VUs  11m51.1s/12m00.0s

running (12m21.0s), 01/12 VUs, 9065 complete and 0 interrupted iterations
oscillating   [  99% ] 01/12 VUs  11m52.1s/12m00.0s

running (12m22.0s), 01/12 VUs, 9092 complete and 0 interrupted iterations
oscillating   [  99% ] 01/12 VUs  11m53.1s/12m00.0s

running (12m23.0s), 01/12 VUs, 9121 complete and 0 interrupted iterations
oscillating   [  99% ] 01/12 VUs  11m54.1s/12m00.0s

running (12m24.0s), 01/12 VUs, 9130 complete and 0 interrupted iterations
oscillating   [  99% ] 01/12 VUs  11m55.1s/12m00.0s

running (12m25.0s), 01/12 VUs, 9136 complete and 0 interrupted iterations
oscillating   [  99% ] 01/12 VUs  11m56.1s/12m00.0s

running (12m26.0s), 01/12 VUs, 9142 complete and 0 interrupted iterations
oscillating   [ 100% ] 01/12 VUs  11m57.1s/12m00.0s

running (12m27.0s), 01/12 VUs, 9161 complete and 0 interrupted iterations
oscillating   [ 100% ] 01/12 VUs  11m58.1s/12m00.0s

running (12m28.0s), 01/12 VUs, 9186 complete and 0 interrupted iterations
oscillating   [ 100% ] 01/12 VUs  11m59.1s/12m00.0s

running (12m29.0s), 01/12 VUs, 9191 complete and 0 interrupted iterations
oscillating ↓ [ 100% ] 01/12 VUs  12m0s


  █ THRESHOLDS 

    http_req_duration
    ✗ 'p(95)<2000' p(95)=3.2s

    http_req_failed
    ✓ 'rate<0.05' rate=0.00%


  █ TOTAL RESULTS 

    checks_total.......: 27576  36.801856/s
    checks_succeeded...: 96.69% 26665 out of 27576
    checks_failed......: 3.30%  911 out of 27576

    ✓ login status is 200
    ✓ login returns access token
    ✗ login response time < 1000ms
      ↳  72% — ✓ 2061 / ✗ 785
    ✓ me status is 200
    ✓ me returns user data
    ✗ me response time < 500ms
      ↳  98% — ✓ 6220 / ✗ 126

    HTTP
    http_req_duration..............: avg=468.28ms min=2.13ms med=96.57ms max=9.79s p(90)=794.13ms p(95)=3.2s 
      { expected_response:true }...: avg=468.28ms min=2.13ms med=96.57ms max=9.79s p(90)=794.13ms p(95)=3.2s 
    http_req_failed................: 0.00%  0 out of 9312
    http_reqs......................: 9312   12.427433/s

    EXECUTION
    iteration_duration.............: avg=472.26ms min=2.84ms med=97.74ms max=9.79s p(90)=797.43ms p(95)=3.29s
    iterations.....................: 9192   12.267285/s
    vus............................: 1      min=0         max=12
    vus_max........................: 12     min=12        max=12

    NETWORK
    data_received..................: 5.0 MB 6.7 kB/s
    data_sent......................: 4.5 MB 6.0 kB/s




running (12m29.3s), 00/12 VUs, 9192 complete and 0 interrupted iterations
oscillating ✓ [ 100% ] 00/12 VUs  12m0s
time="2026-08-16T14:49:03Z" level=error msg="thresholds on metrics 'http_req_duration' have been crossed"
