
         /\      Grafana   /‾‾/  
    /\  /  \     |\  __   /  /   
   /  \/    \    | |/ /  /   ‾‾\ 
  /          \   |   (  |  (‾)  |
 / __________ \  |_|\_\  \_____/ 


     execution: local
        script: /scripts/load-test.js
        output: json (/results/results.json)

     scenarios: (100.00%) 1 scenario, 12 max VUs, 12m30s max duration (incl. graceful stop):
              * oscillating: Up to 12 looping VUs for 12m0s over 12 stages (gracefulRampDown: 30s, gracefulStop: 30s)

time="2026-08-17T00:49:50Z" level=info msg="Seeding and pre-authenticating 120 users..." source=console

Run           [ 100% ] setup()
oscillating   [   0% ]

Run           [ 100% ] setup()
oscillating   [   0% ]

Run           [ 100% ] setup()
oscillating   [   0% ]

Run           [ 100% ] setup()
oscillating   [   0% ]

Run           [ 100% ] setup()
oscillating   [   0% ]

Run           [ 100% ] setup()
oscillating   [   0% ]

Run           [ 100% ] setup()
oscillating   [   0% ]

Run           [ 100% ] setup()
oscillating   [   0% ]

Run           [ 100% ] setup()
oscillating   [   0% ]

Run           [ 100% ] setup()
oscillating   [   0% ]

Run           [ 100% ] setup()
oscillating   [   0% ]

Run           [ 100% ] setup()
oscillating   [   0% ]

Run           [ 100% ] setup()
oscillating   [   0% ]

Run           [ 100% ] setup()
oscillating   [   0% ]

Run           [ 100% ] setup()
oscillating   [   0% ]

Run           [ 100% ] setup()
oscillating   [   0% ]

Run           [ 100% ] setup()
oscillating   [   0% ]

Run           [ 100% ] setup()
oscillating   [   0% ]

Run           [ 100% ] setup()
oscillating   [   0% ]

Run           [ 100% ] setup()
oscillating   [   0% ]

Run           [ 100% ] setup()
oscillating   [   0% ]

Run           [ 100% ] setup()
oscillating   [   0% ]

Run           [ 100% ] setup()
oscillating   [   0% ]

Run           [ 100% ] setup()
oscillating   [   0% ]

Run           [ 100% ] setup()
oscillating   [   0% ]

Run           [ 100% ] setup()
oscillating   [   0% ]

Run           [ 100% ] setup()
oscillating   [   0% ]

Run           [ 100% ] setup()
oscillating   [   0% ]
time="2026-08-17T00:50:19Z" level=info msg="Pre-auth complete: 120/120 tokens obtained" source=console

running (00m29.0s), 01/12 VUs, 20 complete and 0 interrupted iterations
oscillating   [   0% ] 01/12 VUs  00m00.8s/12m00.0s

running (00m30.0s), 01/12 VUs, 31 complete and 0 interrupted iterations
oscillating   [   0% ] 01/12 VUs  00m01.8s/12m00.0s

running (00m31.0s), 01/12 VUs, 37 complete and 0 interrupted iterations
oscillating   [   0% ] 01/12 VUs  00m02.8s/12m00.0s

running (00m32.0s), 01/12 VUs, 49 complete and 0 interrupted iterations
oscillating   [   1% ] 01/12 VUs  00m03.8s/12m00.0s

running (00m33.0s), 01/12 VUs, 110 complete and 0 interrupted iterations
oscillating   [   1% ] 01/12 VUs  00m04.8s/12m00.0s

running (00m34.0s), 01/12 VUs, 123 complete and 0 interrupted iterations
oscillating   [   1% ] 01/12 VUs  00m05.8s/12m00.0s

running (00m35.0s), 01/12 VUs, 131 complete and 0 interrupted iterations
oscillating   [   1% ] 01/12 VUs  00m06.8s/12m00.0s

running (00m36.0s), 01/12 VUs, 143 complete and 0 interrupted iterations
oscillating   [   1% ] 01/12 VUs  00m07.8s/12m00.0s

running (00m37.0s), 01/12 VUs, 165 complete and 0 interrupted iterations
oscillating   [   1% ] 01/12 VUs  00m08.8s/12m00.0s

running (00m38.0s), 01/12 VUs, 166 complete and 0 interrupted iterations
oscillating   [   1% ] 01/12 VUs  00m09.8s/12m00.0s

running (00m39.0s), 01/12 VUs, 173 complete and 0 interrupted iterations
oscillating   [   1% ] 01/12 VUs  00m10.8s/12m00.0s

running (00m40.0s), 01/12 VUs, 183 complete and 0 interrupted iterations
oscillating   [   2% ] 01/12 VUs  00m11.8s/12m00.0s

running (00m41.0s), 01/12 VUs, 194 complete and 0 interrupted iterations
oscillating   [   2% ] 01/12 VUs  00m12.8s/12m00.0s

running (00m42.0s), 01/12 VUs, 204 complete and 0 interrupted iterations
oscillating   [   2% ] 01/12 VUs  00m13.8s/12m00.0s

running (00m43.0s), 01/12 VUs, 209 complete and 0 interrupted iterations
oscillating   [   2% ] 01/12 VUs  00m14.8s/12m00.0s

running (00m44.0s), 01/12 VUs, 214 complete and 0 interrupted iterations
oscillating   [   2% ] 01/12 VUs  00m15.8s/12m00.0s

running (00m45.0s), 01/12 VUs, 220 complete and 0 interrupted iterations
oscillating   [   2% ] 01/12 VUs  00m16.8s/12m00.0s

running (00m46.0s), 01/12 VUs, 232 complete and 0 interrupted iterations
oscillating   [   2% ] 01/12 VUs  00m17.8s/12m00.0s

running (00m47.0s), 01/12 VUs, 234 complete and 0 interrupted iterations
oscillating   [   3% ] 01/12 VUs  00m18.8s/12m00.0s

running (00m48.0s), 01/12 VUs, 256 complete and 0 interrupted iterations
oscillating   [   3% ] 01/12 VUs  00m19.8s/12m00.0s

running (00m49.0s), 01/12 VUs, 265 complete and 0 interrupted iterations
oscillating   [   3% ] 01/12 VUs  00m20.8s/12m00.0s

running (00m50.0s), 01/12 VUs, 278 complete and 0 interrupted iterations
oscillating   [   3% ] 01/12 VUs  00m21.8s/12m00.0s

running (00m51.0s), 01/12 VUs, 291 complete and 0 interrupted iterations
oscillating   [   3% ] 01/12 VUs  00m22.8s/12m00.0s

running (00m52.0s), 01/12 VUs, 313 complete and 0 interrupted iterations
oscillating   [   3% ] 01/12 VUs  00m23.8s/12m00.0s

running (00m53.0s), 01/12 VUs, 322 complete and 0 interrupted iterations
oscillating   [   3% ] 01/12 VUs  00m24.8s/12m00.0s

running (00m54.0s), 01/12 VUs, 326 complete and 0 interrupted iterations
oscillating   [   4% ] 01/12 VUs  00m25.8s/12m00.0s

running (00m55.0s), 01/12 VUs, 360 complete and 0 interrupted iterations
oscillating   [   4% ] 01/12 VUs  00m26.8s/12m00.0s

running (00m56.0s), 01/12 VUs, 376 complete and 0 interrupted iterations
oscillating   [   4% ] 01/12 VUs  00m27.8s/12m00.0s

running (00m57.0s), 01/12 VUs, 397 complete and 0 interrupted iterations
oscillating   [   4% ] 01/12 VUs  00m28.8s/12m00.0s

running (00m58.0s), 01/12 VUs, 419 complete and 0 interrupted iterations
oscillating   [   4% ] 01/12 VUs  00m29.8s/12m00.0s

running (00m59.0s), 01/12 VUs, 433 complete and 0 interrupted iterations
oscillating   [   4% ] 01/12 VUs  00m30.8s/12m00.0s

running (01m00.0s), 01/12 VUs, 455 complete and 0 interrupted iterations
oscillating   [   4% ] 01/12 VUs  00m31.8s/12m00.0s

running (01m01.0s), 01/12 VUs, 459 complete and 0 interrupted iterations
oscillating   [   5% ] 01/12 VUs  00m32.8s/12m00.0s

running (01m02.0s), 01/12 VUs, 474 complete and 0 interrupted iterations
oscillating   [   5% ] 01/12 VUs  00m33.8s/12m00.0s

running (01m03.0s), 01/12 VUs, 483 complete and 0 interrupted iterations
oscillating   [   5% ] 01/12 VUs  00m34.8s/12m00.0s

running (01m04.0s), 01/12 VUs, 489 complete and 0 interrupted iterations
oscillating   [   5% ] 01/12 VUs  00m35.8s/12m00.0s

running (01m05.0s), 01/12 VUs, 496 complete and 0 interrupted iterations
oscillating   [   5% ] 01/12 VUs  00m36.8s/12m00.0s

running (01m06.0s), 01/12 VUs, 497 complete and 0 interrupted iterations
oscillating   [   5% ] 01/12 VUs  00m37.8s/12m00.0s

running (01m07.0s), 01/12 VUs, 507 complete and 0 interrupted iterations
oscillating   [   5% ] 01/12 VUs  00m38.8s/12m00.0s

running (01m08.0s), 01/12 VUs, 534 complete and 0 interrupted iterations
oscillating   [   6% ] 01/12 VUs  00m39.8s/12m00.0s

running (01m09.0s), 01/12 VUs, 550 complete and 0 interrupted iterations
oscillating   [   6% ] 01/12 VUs  00m40.8s/12m00.0s

running (01m10.0s), 01/12 VUs, 569 complete and 0 interrupted iterations
oscillating   [   6% ] 01/12 VUs  00m41.8s/12m00.0s

running (01m11.0s), 01/12 VUs, 599 complete and 0 interrupted iterations
oscillating   [   6% ] 01/12 VUs  00m42.8s/12m00.0s

running (01m12.0s), 01/12 VUs, 603 complete and 0 interrupted iterations
oscillating   [   6% ] 01/12 VUs  00m43.8s/12m00.0s

running (01m13.0s), 01/12 VUs, 611 complete and 0 interrupted iterations
oscillating   [   6% ] 01/12 VUs  00m44.8s/12m00.0s

running (01m14.0s), 01/12 VUs, 624 complete and 0 interrupted iterations
oscillating   [   6% ] 01/12 VUs  00m45.8s/12m00.0s

running (01m15.0s), 01/12 VUs, 629 complete and 0 interrupted iterations
oscillating   [   6% ] 01/12 VUs  00m46.8s/12m00.0s

running (01m16.0s), 01/12 VUs, 658 complete and 0 interrupted iterations
oscillating   [   7% ] 01/12 VUs  00m47.8s/12m00.0s

running (01m17.0s), 01/12 VUs, 664 complete and 0 interrupted iterations
oscillating   [   7% ] 01/12 VUs  00m48.8s/12m00.0s

running (01m18.0s), 01/12 VUs, 697 complete and 0 interrupted iterations
oscillating   [   7% ] 01/12 VUs  00m49.8s/12m00.0s

running (01m19.0s), 01/12 VUs, 718 complete and 0 interrupted iterations
oscillating   [   7% ] 01/12 VUs  00m50.8s/12m00.0s

running (01m20.0s), 01/12 VUs, 720 complete and 0 interrupted iterations
oscillating   [   7% ] 01/12 VUs  00m51.8s/12m00.0s

running (01m21.0s), 01/12 VUs, 745 complete and 0 interrupted iterations
oscillating   [   7% ] 01/12 VUs  00m52.8s/12m00.0s

running (01m22.0s), 01/12 VUs, 756 complete and 0 interrupted iterations
oscillating   [   7% ] 01/12 VUs  00m53.8s/12m00.0s

running (01m23.0s), 01/12 VUs, 771 complete and 0 interrupted iterations
oscillating   [   8% ] 01/12 VUs  00m54.8s/12m00.0s

running (01m24.0s), 01/12 VUs, 782 complete and 0 interrupted iterations
oscillating   [   8% ] 01/12 VUs  00m55.8s/12m00.0s

running (01m25.0s), 01/12 VUs, 797 complete and 0 interrupted iterations
oscillating   [   8% ] 01/12 VUs  00m56.8s/12m00.0s

running (01m26.0s), 01/12 VUs, 814 complete and 0 interrupted iterations
oscillating   [   8% ] 01/12 VUs  00m57.8s/12m00.0s

running (01m27.0s), 01/12 VUs, 845 complete and 0 interrupted iterations
oscillating   [   8% ] 01/12 VUs  00m58.8s/12m00.0s

running (01m28.0s), 01/12 VUs, 866 complete and 0 interrupted iterations
oscillating   [   8% ] 01/12 VUs  00m59.8s/12m00.0s

running (01m29.0s), 01/12 VUs, 881 complete and 0 interrupted iterations
oscillating   [   8% ] 01/12 VUs  01m00.8s/12m00.0s

running (01m30.0s), 01/12 VUs, 890 complete and 0 interrupted iterations
oscillating   [   9% ] 01/12 VUs  01m01.8s/12m00.0s

running (01m31.0s), 01/12 VUs, 897 complete and 0 interrupted iterations
oscillating   [   9% ] 01/12 VUs  01m02.8s/12m00.0s

running (01m32.0s), 01/12 VUs, 939 complete and 0 interrupted iterations
oscillating   [   9% ] 01/12 VUs  01m03.8s/12m00.0s

running (01m33.0s), 01/12 VUs, 945 complete and 0 interrupted iterations
oscillating   [   9% ] 01/12 VUs  01m04.8s/12m00.0s

running (01m34.0s), 01/12 VUs, 949 complete and 0 interrupted iterations
oscillating   [   9% ] 01/12 VUs  01m05.8s/12m00.0s

running (01m35.0s), 01/12 VUs, 976 complete and 0 interrupted iterations
oscillating   [   9% ] 01/12 VUs  01m06.8s/12m00.0s

running (01m36.0s), 01/12 VUs, 984 complete and 0 interrupted iterations
oscillating   [   9% ] 01/12 VUs  01m07.8s/12m00.0s

running (01m37.0s), 01/12 VUs, 989 complete and 0 interrupted iterations
oscillating   [  10% ] 01/12 VUs  01m08.8s/12m00.0s

running (01m38.0s), 01/12 VUs, 1006 complete and 0 interrupted iterations
oscillating   [  10% ] 01/12 VUs  01m09.8s/12m00.0s

running (01m39.0s), 01/12 VUs, 1018 complete and 0 interrupted iterations
oscillating   [  10% ] 01/12 VUs  01m10.8s/12m00.0s

running (01m40.0s), 01/12 VUs, 1047 complete and 0 interrupted iterations
oscillating   [  10% ] 01/12 VUs  01m11.8s/12m00.0s

running (01m41.0s), 01/12 VUs, 1063 complete and 0 interrupted iterations
oscillating   [  10% ] 01/12 VUs  01m12.8s/12m00.0s

running (01m42.0s), 01/12 VUs, 1083 complete and 0 interrupted iterations
oscillating   [  10% ] 01/12 VUs  01m13.8s/12m00.0s

running (01m43.0s), 01/12 VUs, 1101 complete and 0 interrupted iterations
oscillating   [  10% ] 01/12 VUs  01m14.8s/12m00.0s

running (01m44.0s), 01/12 VUs, 1125 complete and 0 interrupted iterations
oscillating   [  11% ] 01/12 VUs  01m15.8s/12m00.0s

running (01m45.0s), 01/12 VUs, 1135 complete and 0 interrupted iterations
oscillating   [  11% ] 01/12 VUs  01m16.8s/12m00.0s

running (01m46.0s), 01/12 VUs, 1148 complete and 0 interrupted iterations
oscillating   [  11% ] 01/12 VUs  01m17.8s/12m00.0s

running (01m47.0s), 01/12 VUs, 1155 complete and 0 interrupted iterations
oscillating   [  11% ] 01/12 VUs  01m18.8s/12m00.0s

running (01m48.0s), 01/12 VUs, 1160 complete and 0 interrupted iterations
oscillating   [  11% ] 01/12 VUs  01m19.8s/12m00.0s

running (01m49.0s), 01/12 VUs, 1173 complete and 0 interrupted iterations
oscillating   [  11% ] 01/12 VUs  01m20.8s/12m00.0s

running (01m50.0s), 01/12 VUs, 1179 complete and 0 interrupted iterations
oscillating   [  11% ] 01/12 VUs  01m21.8s/12m00.0s

running (01m51.0s), 01/12 VUs, 1201 complete and 0 interrupted iterations
oscillating   [  11% ] 01/12 VUs  01m22.8s/12m00.0s

running (01m52.0s), 01/12 VUs, 1209 complete and 0 interrupted iterations
oscillating   [  12% ] 01/12 VUs  01m23.8s/12m00.0s

running (01m53.0s), 01/12 VUs, 1214 complete and 0 interrupted iterations
oscillating   [  12% ] 01/12 VUs  01m24.8s/12m00.0s

running (01m54.0s), 01/12 VUs, 1258 complete and 0 interrupted iterations
oscillating   [  12% ] 01/12 VUs  01m25.8s/12m00.0s

running (01m55.0s), 01/12 VUs, 1267 complete and 0 interrupted iterations
oscillating   [  12% ] 01/12 VUs  01m26.8s/12m00.0s

running (01m56.0s), 01/12 VUs, 1330 complete and 0 interrupted iterations
oscillating   [  12% ] 01/12 VUs  01m27.8s/12m00.0s

running (01m57.0s), 01/12 VUs, 1336 complete and 0 interrupted iterations
oscillating   [  12% ] 01/12 VUs  01m28.8s/12m00.0s

running (01m58.0s), 01/12 VUs, 1367 complete and 0 interrupted iterations
oscillating   [  12% ] 01/12 VUs  01m29.8s/12m00.0s

running (01m59.0s), 01/12 VUs, 1385 complete and 0 interrupted iterations
oscillating   [  13% ] 01/12 VUs  01m30.8s/12m00.0s

running (02m00.0s), 01/12 VUs, 1397 complete and 0 interrupted iterations
oscillating   [  13% ] 01/12 VUs  01m31.8s/12m00.0s

running (02m01.0s), 01/12 VUs, 1400 complete and 0 interrupted iterations
oscillating   [  13% ] 01/12 VUs  01m32.8s/12m00.0s

running (02m02.0s), 01/12 VUs, 1409 complete and 0 interrupted iterations
oscillating   [  13% ] 01/12 VUs  01m33.8s/12m00.0s

running (02m03.0s), 01/12 VUs, 1434 complete and 0 interrupted iterations
oscillating   [  13% ] 01/12 VUs  01m34.8s/12m00.0s

running (02m04.0s), 01/12 VUs, 1437 complete and 0 interrupted iterations
oscillating   [  13% ] 01/12 VUs  01m35.8s/12m00.0s

running (02m05.0s), 01/12 VUs, 1448 complete and 0 interrupted iterations
oscillating   [  13% ] 01/12 VUs  01m36.8s/12m00.0s

running (02m06.0s), 01/12 VUs, 1460 complete and 0 interrupted iterations
oscillating   [  14% ] 01/12 VUs  01m37.8s/12m00.0s

running (02m07.0s), 01/12 VUs, 1484 complete and 0 interrupted iterations
oscillating   [  14% ] 01/12 VUs  01m38.8s/12m00.0s

running (02m08.0s), 01/12 VUs, 1491 complete and 0 interrupted iterations
oscillating   [  14% ] 01/12 VUs  01m39.8s/12m00.0s

running (02m09.0s), 01/12 VUs, 1513 complete and 0 interrupted iterations
oscillating   [  14% ] 01/12 VUs  01m40.8s/12m00.0s

running (02m10.0s), 01/12 VUs, 1533 complete and 0 interrupted iterations
oscillating   [  14% ] 01/12 VUs  01m41.8s/12m00.0s

running (02m11.0s), 01/12 VUs, 1549 complete and 0 interrupted iterations
oscillating   [  14% ] 01/12 VUs  01m42.8s/12m00.0s

running (02m12.0s), 01/12 VUs, 1555 complete and 0 interrupted iterations
oscillating   [  14% ] 01/12 VUs  01m43.8s/12m00.0s

running (02m13.0s), 01/12 VUs, 1558 complete and 0 interrupted iterations
oscillating   [  15% ] 01/12 VUs  01m44.8s/12m00.0s

running (02m14.0s), 01/12 VUs, 1566 complete and 0 interrupted iterations
oscillating   [  15% ] 01/12 VUs  01m45.8s/12m00.0s

running (02m15.0s), 01/12 VUs, 1586 complete and 0 interrupted iterations
oscillating   [  15% ] 01/12 VUs  01m46.8s/12m00.0s

running (02m16.0s), 01/12 VUs, 1591 complete and 0 interrupted iterations
oscillating   [  15% ] 01/12 VUs  01m47.8s/12m00.0s

running (02m17.0s), 01/12 VUs, 1597 complete and 0 interrupted iterations
oscillating   [  15% ] 01/12 VUs  01m48.8s/12m00.0s

running (02m18.0s), 01/12 VUs, 1622 complete and 0 interrupted iterations
oscillating   [  15% ] 01/12 VUs  01m49.8s/12m00.0s

running (02m19.0s), 01/12 VUs, 1643 complete and 0 interrupted iterations
oscillating   [  15% ] 01/12 VUs  01m50.8s/12m00.0s

running (02m20.0s), 01/12 VUs, 1656 complete and 0 interrupted iterations
oscillating   [  16% ] 01/12 VUs  01m51.8s/12m00.0s

running (02m21.0s), 01/12 VUs, 1658 complete and 0 interrupted iterations
oscillating   [  16% ] 01/12 VUs  01m52.8s/12m00.0s

running (02m22.0s), 01/12 VUs, 1669 complete and 0 interrupted iterations
oscillating   [  16% ] 01/12 VUs  01m53.8s/12m00.0s

running (02m23.0s), 01/12 VUs, 1713 complete and 0 interrupted iterations
oscillating   [  16% ] 01/12 VUs  01m54.8s/12m00.0s

running (02m24.0s), 01/12 VUs, 1716 complete and 0 interrupted iterations
oscillating   [  16% ] 01/12 VUs  01m55.8s/12m00.0s

running (02m25.0s), 01/12 VUs, 1747 complete and 0 interrupted iterations
oscillating   [  16% ] 01/12 VUs  01m56.8s/12m00.0s

running (02m26.0s), 01/12 VUs, 1762 complete and 0 interrupted iterations
oscillating   [  16% ] 01/12 VUs  01m57.8s/12m00.0s

running (02m27.0s), 01/12 VUs, 1775 complete and 0 interrupted iterations
oscillating   [  16% ] 01/12 VUs  01m58.8s/12m00.0s

running (02m28.0s), 01/12 VUs, 1784 complete and 0 interrupted iterations
oscillating   [  17% ] 01/12 VUs  01m59.8s/12m00.0s

running (02m29.0s), 01/12 VUs, 1800 complete and 0 interrupted iterations
oscillating   [  17% ] 01/12 VUs  02m00.8s/12m00.0s

running (02m30.0s), 02/12 VUs, 1812 complete and 0 interrupted iterations
oscillating   [  17% ] 02/12 VUs  02m01.8s/12m00.0s

running (02m31.0s), 04/12 VUs, 1826 complete and 0 interrupted iterations
oscillating   [  17% ] 04/12 VUs  02m02.8s/12m00.0s

running (02m32.0s), 05/12 VUs, 1868 complete and 0 interrupted iterations
oscillating   [  17% ] 05/12 VUs  02m03.8s/12m00.0s

running (02m33.0s), 06/12 VUs, 1880 complete and 0 interrupted iterations
oscillating   [  17% ] 06/12 VUs  02m04.8s/12m00.0s

running (02m34.0s), 07/12 VUs, 1883 complete and 0 interrupted iterations
oscillating   [  17% ] 07/12 VUs  02m05.8s/12m00.0s

running (02m35.0s), 08/12 VUs, 1915 complete and 0 interrupted iterations
oscillating   [  18% ] 08/12 VUs  02m06.8s/12m00.0s

running (02m36.0s), 09/12 VUs, 1953 complete and 0 interrupted iterations
oscillating   [  18% ] 09/12 VUs  02m07.8s/12m00.0s

running (02m37.0s), 10/12 VUs, 1996 complete and 0 interrupted iterations
oscillating   [  18% ] 10/12 VUs  02m08.8s/12m00.0s

running (02m38.0s), 11/12 VUs, 2059 complete and 0 interrupted iterations
oscillating   [  18% ] 11/12 VUs  02m09.8s/12m00.0s

running (02m39.0s), 12/12 VUs, 2091 complete and 0 interrupted iterations
oscillating   [  18% ] 12/12 VUs  02m10.8s/12m00.0s

running (02m40.0s), 12/12 VUs, 2122 complete and 0 interrupted iterations
oscillating   [  18% ] 12/12 VUs  02m11.8s/12m00.0s

running (02m41.0s), 12/12 VUs, 2144 complete and 0 interrupted iterations
oscillating   [  18% ] 12/12 VUs  02m12.8s/12m00.0s

running (02m42.0s), 12/12 VUs, 2176 complete and 0 interrupted iterations
oscillating   [  19% ] 12/12 VUs  02m13.8s/12m00.0s

running (02m43.0s), 12/12 VUs, 2211 complete and 0 interrupted iterations
oscillating   [  19% ] 12/12 VUs  02m14.8s/12m00.0s

running (02m44.0s), 12/12 VUs, 2250 complete and 0 interrupted iterations
oscillating   [  19% ] 12/12 VUs  02m15.8s/12m00.0s

running (02m45.0s), 12/12 VUs, 2280 complete and 0 interrupted iterations
oscillating   [  19% ] 12/12 VUs  02m16.8s/12m00.0s

running (02m46.0s), 12/12 VUs, 2284 complete and 0 interrupted iterations
oscillating   [  19% ] 12/12 VUs  02m17.8s/12m00.0s

running (02m47.0s), 12/12 VUs, 2309 complete and 0 interrupted iterations
oscillating   [  19% ] 12/12 VUs  02m18.8s/12m00.0s

running (02m48.0s), 12/12 VUs, 2332 complete and 0 interrupted iterations
oscillating   [  19% ] 12/12 VUs  02m19.8s/12m00.0s

running (02m49.0s), 12/12 VUs, 2357 complete and 0 interrupted iterations
oscillating   [  20% ] 12/12 VUs  02m20.8s/12m00.0s

running (02m50.0s), 12/12 VUs, 2378 complete and 0 interrupted iterations
oscillating   [  20% ] 12/12 VUs  02m21.8s/12m00.0s

running (02m51.0s), 12/12 VUs, 2427 complete and 0 interrupted iterations
oscillating   [  20% ] 12/12 VUs  02m22.8s/12m00.0s

running (02m52.0s), 12/12 VUs, 2470 complete and 0 interrupted iterations
oscillating   [  20% ] 12/12 VUs  02m23.8s/12m00.0s

running (02m53.0s), 12/12 VUs, 2484 complete and 0 interrupted iterations
oscillating   [  20% ] 12/12 VUs  02m24.8s/12m00.0s

running (02m54.0s), 12/12 VUs, 2496 complete and 0 interrupted iterations
oscillating   [  20% ] 12/12 VUs  02m25.8s/12m00.0s

running (02m55.0s), 12/12 VUs, 2553 complete and 0 interrupted iterations
oscillating   [  20% ] 12/12 VUs  02m26.8s/12m00.0s

running (02m56.0s), 12/12 VUs, 2577 complete and 0 interrupted iterations
oscillating   [  21% ] 12/12 VUs  02m27.8s/12m00.0s

running (02m57.0s), 12/12 VUs, 2606 complete and 0 interrupted iterations
oscillating   [  21% ] 12/12 VUs  02m28.8s/12m00.0s

running (02m58.0s), 12/12 VUs, 2620 complete and 0 interrupted iterations
oscillating   [  21% ] 12/12 VUs  02m29.8s/12m00.0s

running (02m59.0s), 12/12 VUs, 2660 complete and 0 interrupted iterations
oscillating   [  21% ] 12/12 VUs  02m30.8s/12m00.0s

running (03m00.0s), 12/12 VUs, 2689 complete and 0 interrupted iterations
oscillating   [  21% ] 12/12 VUs  02m31.8s/12m00.0s

running (03m01.0s), 12/12 VUs, 2736 complete and 0 interrupted iterations
oscillating   [  21% ] 12/12 VUs  02m32.8s/12m00.0s

running (03m02.0s), 12/12 VUs, 2784 complete and 0 interrupted iterations
oscillating   [  21% ] 12/12 VUs  02m33.8s/12m00.0s

running (03m03.0s), 12/12 VUs, 2812 complete and 0 interrupted iterations
oscillating   [  21% ] 12/12 VUs  02m34.8s/12m00.0s

running (03m04.0s), 12/12 VUs, 2850 complete and 0 interrupted iterations
oscillating   [  22% ] 12/12 VUs  02m35.8s/12m00.0s

running (03m05.0s), 12/12 VUs, 2881 complete and 0 interrupted iterations
oscillating   [  22% ] 12/12 VUs  02m36.8s/12m00.0s

running (03m06.0s), 12/12 VUs, 2914 complete and 0 interrupted iterations
oscillating   [  22% ] 12/12 VUs  02m37.8s/12m00.0s

running (03m07.0s), 12/12 VUs, 2937 complete and 0 interrupted iterations
oscillating   [  22% ] 12/12 VUs  02m38.8s/12m00.0s

running (03m08.0s), 12/12 VUs, 2955 complete and 0 interrupted iterations
oscillating   [  22% ] 12/12 VUs  02m39.8s/12m00.0s

running (03m09.0s), 12/12 VUs, 2982 complete and 0 interrupted iterations
oscillating   [  22% ] 12/12 VUs  02m40.8s/12m00.0s

running (03m10.0s), 12/12 VUs, 3007 complete and 0 interrupted iterations
oscillating   [  22% ] 12/12 VUs  02m41.8s/12m00.0s

running (03m11.0s), 12/12 VUs, 3025 complete and 0 interrupted iterations
oscillating   [  23% ] 12/12 VUs  02m42.8s/12m00.0s

running (03m12.0s), 12/12 VUs, 3036 complete and 0 interrupted iterations
oscillating   [  23% ] 12/12 VUs  02m43.8s/12m00.0s

running (03m13.0s), 12/12 VUs, 3048 complete and 0 interrupted iterations
oscillating   [  23% ] 12/12 VUs  02m44.8s/12m00.0s

running (03m14.0s), 12/12 VUs, 3116 complete and 0 interrupted iterations
oscillating   [  23% ] 12/12 VUs  02m45.8s/12m00.0s

running (03m15.0s), 12/12 VUs, 3164 complete and 0 interrupted iterations
oscillating   [  23% ] 12/12 VUs  02m46.8s/12m00.0s

running (03m16.0s), 12/12 VUs, 3222 complete and 0 interrupted iterations
oscillating   [  23% ] 12/12 VUs  02m47.8s/12m00.0s

running (03m17.0s), 12/12 VUs, 3244 complete and 0 interrupted iterations
oscillating   [  23% ] 12/12 VUs  02m48.8s/12m00.0s

running (03m18.0s), 12/12 VUs, 3269 complete and 0 interrupted iterations
oscillating   [  24% ] 12/12 VUs  02m49.8s/12m00.0s

running (03m19.0s), 12/12 VUs, 3324 complete and 0 interrupted iterations
oscillating   [  24% ] 12/12 VUs  02m50.8s/12m00.0s

running (03m20.0s), 12/12 VUs, 3347 complete and 0 interrupted iterations
oscillating   [  24% ] 12/12 VUs  02m51.8s/12m00.0s

running (03m21.0s), 12/12 VUs, 3371 complete and 0 interrupted iterations
oscillating   [  24% ] 12/12 VUs  02m52.8s/12m00.0s

running (03m22.0s), 12/12 VUs, 3414 complete and 0 interrupted iterations
oscillating   [  24% ] 12/12 VUs  02m53.8s/12m00.0s

running (03m23.0s), 12/12 VUs, 3464 complete and 0 interrupted iterations
oscillating   [  24% ] 12/12 VUs  02m54.8s/12m00.0s

running (03m24.0s), 12/12 VUs, 3518 complete and 0 interrupted iterations
oscillating   [  24% ] 12/12 VUs  02m55.8s/12m00.0s

running (03m25.0s), 12/12 VUs, 3565 complete and 0 interrupted iterations
oscillating   [  25% ] 12/12 VUs  02m56.8s/12m00.0s

running (03m26.0s), 12/12 VUs, 3634 complete and 0 interrupted iterations
oscillating   [  25% ] 12/12 VUs  02m57.8s/12m00.0s

running (03m27.0s), 12/12 VUs, 3673 complete and 0 interrupted iterations
oscillating   [  25% ] 12/12 VUs  02m58.8s/12m00.0s

running (03m28.0s), 12/12 VUs, 3710 complete and 0 interrupted iterations
oscillating   [  25% ] 12/12 VUs  02m59.8s/12m00.0s

running (03m29.0s), 12/12 VUs, 3747 complete and 0 interrupted iterations
oscillating   [  25% ] 12/12 VUs  03m00.8s/12m00.0s

running (03m30.0s), 12/12 VUs, 3789 complete and 0 interrupted iterations
oscillating   [  25% ] 12/12 VUs  03m01.8s/12m00.0s

running (03m31.0s), 12/12 VUs, 3833 complete and 0 interrupted iterations
oscillating   [  25% ] 12/12 VUs  03m02.8s/12m00.0s

running (03m32.0s), 12/12 VUs, 3864 complete and 0 interrupted iterations
oscillating   [  26% ] 12/12 VUs  03m03.8s/12m00.0s

running (03m33.0s), 12/12 VUs, 3911 complete and 0 interrupted iterations
oscillating   [  26% ] 12/12 VUs  03m04.8s/12m00.0s

running (03m34.0s), 12/12 VUs, 3957 complete and 0 interrupted iterations
oscillating   [  26% ] 12/12 VUs  03m05.8s/12m00.0s

running (03m35.0s), 12/12 VUs, 3989 complete and 0 interrupted iterations
oscillating   [  26% ] 12/12 VUs  03m06.8s/12m00.0s

running (03m36.0s), 12/12 VUs, 4011 complete and 0 interrupted iterations
oscillating   [  26% ] 12/12 VUs  03m07.8s/12m00.0s

running (03m37.0s), 12/12 VUs, 4083 complete and 0 interrupted iterations
oscillating   [  26% ] 12/12 VUs  03m08.8s/12m00.0s

running (03m38.0s), 12/12 VUs, 4151 complete and 0 interrupted iterations
oscillating   [  26% ] 12/12 VUs  03m09.8s/12m00.0s

running (03m39.0s), 12/12 VUs, 4203 complete and 0 interrupted iterations
oscillating   [  26% ] 12/12 VUs  03m10.8s/12m00.0s

running (03m40.0s), 12/12 VUs, 4249 complete and 0 interrupted iterations
oscillating   [  27% ] 12/12 VUs  03m11.8s/12m00.0s

running (03m41.0s), 12/12 VUs, 4295 complete and 0 interrupted iterations
oscillating   [  27% ] 12/12 VUs  03m12.8s/12m00.0s

running (03m42.0s), 12/12 VUs, 4355 complete and 0 interrupted iterations
oscillating   [  27% ] 12/12 VUs  03m13.8s/12m00.0s

running (03m43.0s), 12/12 VUs, 4432 complete and 0 interrupted iterations
oscillating   [  27% ] 12/12 VUs  03m14.8s/12m00.0s

running (03m44.0s), 12/12 VUs, 4490 complete and 0 interrupted iterations
oscillating   [  27% ] 12/12 VUs  03m15.8s/12m00.0s

running (03m45.0s), 12/12 VUs, 4520 complete and 0 interrupted iterations
oscillating   [  27% ] 12/12 VUs  03m16.8s/12m00.0s

running (03m46.0s), 12/12 VUs, 4553 complete and 0 interrupted iterations
oscillating   [  27% ] 12/12 VUs  03m17.8s/12m00.0s

running (03m47.0s), 12/12 VUs, 4615 complete and 0 interrupted iterations
oscillating   [  28% ] 12/12 VUs  03m18.8s/12m00.0s

running (03m48.0s), 12/12 VUs, 4661 complete and 0 interrupted iterations
oscillating   [  28% ] 12/12 VUs  03m19.8s/12m00.0s

running (03m49.0s), 12/12 VUs, 4692 complete and 0 interrupted iterations
oscillating   [  28% ] 12/12 VUs  03m20.8s/12m00.0s

running (03m50.0s), 12/12 VUs, 4748 complete and 0 interrupted iterations
oscillating   [  28% ] 12/12 VUs  03m21.8s/12m00.0s

running (03m51.0s), 12/12 VUs, 4791 complete and 0 interrupted iterations
oscillating   [  28% ] 12/12 VUs  03m22.8s/12m00.0s

running (03m52.0s), 12/12 VUs, 4840 complete and 0 interrupted iterations
oscillating   [  28% ] 12/12 VUs  03m23.8s/12m00.0s

running (03m53.0s), 12/12 VUs, 4932 complete and 0 interrupted iterations
oscillating   [  28% ] 12/12 VUs  03m24.8s/12m00.0s

running (03m54.0s), 12/12 VUs, 4991 complete and 0 interrupted iterations
oscillating   [  29% ] 12/12 VUs  03m25.8s/12m00.0s

running (03m55.0s), 12/12 VUs, 5040 complete and 0 interrupted iterations
oscillating   [  29% ] 12/12 VUs  03m26.8s/12m00.0s

running (03m56.0s), 12/12 VUs, 5121 complete and 0 interrupted iterations
oscillating   [  29% ] 12/12 VUs  03m27.8s/12m00.0s

running (03m57.0s), 12/12 VUs, 5175 complete and 0 interrupted iterations
oscillating   [  29% ] 12/12 VUs  03m28.8s/12m00.0s

running (03m58.0s), 12/12 VUs, 5207 complete and 0 interrupted iterations
oscillating   [  29% ] 12/12 VUs  03m29.8s/12m00.0s

running (03m59.0s), 12/12 VUs, 5233 complete and 0 interrupted iterations
oscillating   [  29% ] 12/12 VUs  03m30.8s/12m00.0s

running (04m00.0s), 11/12 VUs, 5277 complete and 0 interrupted iterations
oscillating   [  29% ] 11/12 VUs  03m31.8s/12m00.0s

running (04m01.0s), 11/12 VUs, 5345 complete and 0 interrupted iterations
oscillating   [  30% ] 11/12 VUs  03m32.8s/12m00.0s

running (04m02.0s), 09/12 VUs, 5378 complete and 0 interrupted iterations
oscillating   [  30% ] 09/12 VUs  03m33.8s/12m00.0s

running (04m03.0s), 07/12 VUs, 5433 complete and 0 interrupted iterations
oscillating   [  30% ] 07/12 VUs  03m34.8s/12m00.0s

running (04m04.0s), 06/12 VUs, 5459 complete and 0 interrupted iterations
oscillating   [  30% ] 06/12 VUs  03m35.8s/12m00.0s

running (04m05.0s), 05/12 VUs, 5486 complete and 0 interrupted iterations
oscillating   [  30% ] 05/12 VUs  03m36.8s/12m00.0s

running (04m06.0s), 05/12 VUs, 5536 complete and 0 interrupted iterations
oscillating   [  30% ] 05/12 VUs  03m37.8s/12m00.0s

running (04m07.0s), 03/12 VUs, 5568 complete and 0 interrupted iterations
oscillating   [  30% ] 03/12 VUs  03m38.8s/12m00.0s

running (04m08.0s), 02/12 VUs, 5572 complete and 0 interrupted iterations
oscillating   [  31% ] 02/12 VUs  03m39.8s/12m00.0s

running (04m09.0s), 01/12 VUs, 5602 complete and 0 interrupted iterations
oscillating   [  31% ] 01/12 VUs  03m40.8s/12m00.0s

running (04m10.0s), 01/12 VUs, 5609 complete and 0 interrupted iterations
oscillating   [  31% ] 01/12 VUs  03m41.8s/12m00.0s

running (04m11.0s), 01/12 VUs, 5617 complete and 0 interrupted iterations
oscillating   [  31% ] 01/12 VUs  03m42.8s/12m00.0s

running (04m12.0s), 01/12 VUs, 5634 complete and 0 interrupted iterations
oscillating   [  31% ] 01/12 VUs  03m43.8s/12m00.0s

running (04m13.0s), 01/12 VUs, 5654 complete and 0 interrupted iterations
oscillating   [  31% ] 01/12 VUs  03m44.8s/12m00.0s

running (04m14.0s), 01/12 VUs, 5658 complete and 0 interrupted iterations
oscillating   [  31% ] 01/12 VUs  03m45.8s/12m00.0s

running (04m15.0s), 01/12 VUs, 5665 complete and 0 interrupted iterations
oscillating   [  31% ] 01/12 VUs  03m46.8s/12m00.0s

running (04m16.0s), 01/12 VUs, 5678 complete and 0 interrupted iterations
oscillating   [  32% ] 01/12 VUs  03m47.8s/12m00.0s

running (04m17.0s), 01/12 VUs, 5686 complete and 0 interrupted iterations
oscillating   [  32% ] 01/12 VUs  03m48.8s/12m00.0s

running (04m18.0s), 01/12 VUs, 5696 complete and 0 interrupted iterations
oscillating   [  32% ] 01/12 VUs  03m49.8s/12m00.0s

running (04m19.0s), 01/12 VUs, 5732 complete and 0 interrupted iterations
oscillating   [  32% ] 01/12 VUs  03m50.8s/12m00.0s

running (04m20.0s), 01/12 VUs, 5748 complete and 0 interrupted iterations
oscillating   [  32% ] 01/12 VUs  03m51.8s/12m00.0s

running (04m21.0s), 01/12 VUs, 5771 complete and 0 interrupted iterations
oscillating   [  32% ] 01/12 VUs  03m52.8s/12m00.0s

running (04m22.0s), 01/12 VUs, 5794 complete and 0 interrupted iterations
oscillating   [  32% ] 01/12 VUs  03m53.8s/12m00.0s

running (04m23.0s), 01/12 VUs, 5808 complete and 0 interrupted iterations
oscillating   [  33% ] 01/12 VUs  03m54.8s/12m00.0s

running (04m24.0s), 01/12 VUs, 5829 complete and 0 interrupted iterations
oscillating   [  33% ] 01/12 VUs  03m55.8s/12m00.0s

running (04m25.0s), 01/12 VUs, 5833 complete and 0 interrupted iterations
oscillating   [  33% ] 01/12 VUs  03m56.8s/12m00.0s

running (04m26.0s), 01/12 VUs, 5837 complete and 0 interrupted iterations
oscillating   [  33% ] 01/12 VUs  03m57.8s/12m00.0s

running (04m27.0s), 01/12 VUs, 5849 complete and 0 interrupted iterations
oscillating   [  33% ] 01/12 VUs  03m58.8s/12m00.0s

running (04m28.0s), 01/12 VUs, 5862 complete and 0 interrupted iterations
oscillating   [  33% ] 01/12 VUs  03m59.8s/12m00.0s

running (04m29.0s), 01/12 VUs, 5870 complete and 0 interrupted iterations
oscillating   [  33% ] 01/12 VUs  04m00.8s/12m00.0s

running (04m30.0s), 01/12 VUs, 5897 complete and 0 interrupted iterations
oscillating   [  34% ] 01/12 VUs  04m01.8s/12m00.0s

running (04m31.0s), 01/12 VUs, 5901 complete and 0 interrupted iterations
oscillating   [  34% ] 01/12 VUs  04m02.8s/12m00.0s

running (04m32.0s), 01/12 VUs, 5911 complete and 0 interrupted iterations
oscillating   [  34% ] 01/12 VUs  04m03.8s/12m00.0s

running (04m33.0s), 01/12 VUs, 5916 complete and 0 interrupted iterations
oscillating   [  34% ] 01/12 VUs  04m04.8s/12m00.0s

running (04m34.0s), 01/12 VUs, 5928 complete and 0 interrupted iterations
oscillating   [  34% ] 01/12 VUs  04m05.8s/12m00.0s

running (04m35.0s), 01/12 VUs, 5941 complete and 0 interrupted iterations
oscillating   [  34% ] 01/12 VUs  04m06.8s/12m00.0s

running (04m36.0s), 01/12 VUs, 5942 complete and 0 interrupted iterations
oscillating   [  34% ] 01/12 VUs  04m07.8s/12m00.0s

running (04m37.0s), 01/12 VUs, 5952 complete and 0 interrupted iterations
oscillating   [  35% ] 01/12 VUs  04m08.8s/12m00.0s

running (04m38.0s), 01/12 VUs, 5964 complete and 0 interrupted iterations
oscillating   [  35% ] 01/12 VUs  04m09.8s/12m00.0s

running (04m39.0s), 01/12 VUs, 5971 complete and 0 interrupted iterations
oscillating   [  35% ] 01/12 VUs  04m10.8s/12m00.0s

running (04m40.0s), 01/12 VUs, 5981 complete and 0 interrupted iterations
oscillating   [  35% ] 01/12 VUs  04m11.8s/12m00.0s

running (04m41.0s), 01/12 VUs, 5989 complete and 0 interrupted iterations
oscillating   [  35% ] 01/12 VUs  04m12.8s/12m00.0s

running (04m42.0s), 01/12 VUs, 6008 complete and 0 interrupted iterations
oscillating   [  35% ] 01/12 VUs  04m13.8s/12m00.0s

running (04m43.0s), 01/12 VUs, 6018 complete and 0 interrupted iterations
oscillating   [  35% ] 01/12 VUs  04m14.8s/12m00.0s

running (04m44.0s), 01/12 VUs, 6029 complete and 0 interrupted iterations
oscillating   [  36% ] 01/12 VUs  04m15.8s/12m00.0s

running (04m45.0s), 01/12 VUs, 6068 complete and 0 interrupted iterations
oscillating   [  36% ] 01/12 VUs  04m16.8s/12m00.0s

running (04m46.0s), 01/12 VUs, 6080 complete and 0 interrupted iterations
oscillating   [  36% ] 01/12 VUs  04m17.8s/12m00.0s

running (04m47.0s), 01/12 VUs, 6106 complete and 0 interrupted iterations
oscillating   [  36% ] 01/12 VUs  04m18.8s/12m00.0s

running (04m48.0s), 01/12 VUs, 6125 complete and 0 interrupted iterations
oscillating   [  36% ] 01/12 VUs  04m19.8s/12m00.0s

running (04m49.0s), 01/12 VUs, 6131 complete and 0 interrupted iterations
oscillating   [  36% ] 01/12 VUs  04m20.8s/12m00.0s

running (04m50.0s), 01/12 VUs, 6137 complete and 0 interrupted iterations
oscillating   [  36% ] 01/12 VUs  04m21.8s/12m00.0s

running (04m51.0s), 01/12 VUs, 6147 complete and 0 interrupted iterations
oscillating   [  36% ] 01/12 VUs  04m22.8s/12m00.0s

running (04m52.0s), 01/12 VUs, 6164 complete and 0 interrupted iterations
oscillating   [  37% ] 01/12 VUs  04m23.8s/12m00.0s

running (04m53.0s), 01/12 VUs, 6171 complete and 0 interrupted iterations
oscillating   [  37% ] 01/12 VUs  04m24.8s/12m00.0s

running (04m54.0s), 01/12 VUs, 6183 complete and 0 interrupted iterations
oscillating   [  37% ] 01/12 VUs  04m25.8s/12m00.0s

running (04m55.0s), 01/12 VUs, 6194 complete and 0 interrupted iterations
oscillating   [  37% ] 01/12 VUs  04m26.8s/12m00.0s

running (04m56.0s), 01/12 VUs, 6238 complete and 0 interrupted iterations
oscillating   [  37% ] 01/12 VUs  04m27.8s/12m00.0s

running (04m57.0s), 01/12 VUs, 6257 complete and 0 interrupted iterations
oscillating   [  37% ] 01/12 VUs  04m28.8s/12m00.0s

running (04m58.0s), 01/12 VUs, 6304 complete and 0 interrupted iterations
oscillating   [  37% ] 01/12 VUs  04m29.8s/12m00.0s

running (04m59.0s), 01/12 VUs, 6323 complete and 0 interrupted iterations
oscillating   [  38% ] 01/12 VUs  04m30.8s/12m00.0s

running (05m00.0s), 01/12 VUs, 6331 complete and 0 interrupted iterations
oscillating   [  38% ] 01/12 VUs  04m31.8s/12m00.0s

running (05m01.0s), 01/12 VUs, 6349 complete and 0 interrupted iterations
oscillating   [  38% ] 01/12 VUs  04m32.8s/12m00.0s

running (05m02.0s), 01/12 VUs, 6368 complete and 0 interrupted iterations
oscillating   [  38% ] 01/12 VUs  04m33.8s/12m00.0s

running (05m03.0s), 01/12 VUs, 6388 complete and 0 interrupted iterations
oscillating   [  38% ] 01/12 VUs  04m34.8s/12m00.0s

running (05m04.0s), 01/12 VUs, 6413 complete and 0 interrupted iterations
oscillating   [  38% ] 01/12 VUs  04m35.8s/12m00.0s

running (05m05.0s), 01/12 VUs, 6442 complete and 0 interrupted iterations
oscillating   [  38% ] 01/12 VUs  04m36.8s/12m00.0s

running (05m06.0s), 01/12 VUs, 6464 complete and 0 interrupted iterations
oscillating   [  39% ] 01/12 VUs  04m37.8s/12m00.0s

running (05m07.0s), 01/12 VUs, 6466 complete and 0 interrupted iterations
oscillating   [  39% ] 01/12 VUs  04m38.8s/12m00.0s

running (05m08.0s), 01/12 VUs, 6476 complete and 0 interrupted iterations
oscillating   [  39% ] 01/12 VUs  04m39.8s/12m00.0s

running (05m09.0s), 01/12 VUs, 6483 complete and 0 interrupted iterations
oscillating   [  39% ] 01/12 VUs  04m40.8s/12m00.0s

running (05m10.0s), 01/12 VUs, 6491 complete and 0 interrupted iterations
oscillating   [  39% ] 01/12 VUs  04m41.8s/12m00.0s

running (05m11.0s), 01/12 VUs, 6503 complete and 0 interrupted iterations
oscillating   [  39% ] 01/12 VUs  04m42.8s/12m00.0s

running (05m12.0s), 01/12 VUs, 6525 complete and 0 interrupted iterations
oscillating   [  39% ] 01/12 VUs  04m43.8s/12m00.0s

running (05m13.0s), 01/12 VUs, 6546 complete and 0 interrupted iterations
oscillating   [  40% ] 01/12 VUs  04m44.8s/12m00.0s

running (05m14.0s), 01/12 VUs, 6585 complete and 0 interrupted iterations
oscillating   [  40% ] 01/12 VUs  04m45.8s/12m00.0s

running (05m15.0s), 01/12 VUs, 6633 complete and 0 interrupted iterations
oscillating   [  40% ] 01/12 VUs  04m46.8s/12m00.0s

running (05m16.0s), 01/12 VUs, 6662 complete and 0 interrupted iterations
oscillating   [  40% ] 01/12 VUs  04m47.8s/12m00.0s

running (05m17.0s), 01/12 VUs, 6670 complete and 0 interrupted iterations
oscillating   [  40% ] 01/12 VUs  04m48.8s/12m00.0s

running (05m18.0s), 01/12 VUs, 6688 complete and 0 interrupted iterations
oscillating   [  40% ] 01/12 VUs  04m49.8s/12m00.0s

running (05m19.0s), 01/12 VUs, 6700 complete and 0 interrupted iterations
oscillating   [  40% ] 01/12 VUs  04m50.8s/12m00.0s

running (05m20.0s), 01/12 VUs, 6714 complete and 0 interrupted iterations
oscillating   [  41% ] 01/12 VUs  04m51.8s/12m00.0s

running (05m21.0s), 01/12 VUs, 6724 complete and 0 interrupted iterations
oscillating   [  41% ] 01/12 VUs  04m52.8s/12m00.0s

running (05m22.0s), 01/12 VUs, 6739 complete and 0 interrupted iterations
oscillating   [  41% ] 01/12 VUs  04m53.8s/12m00.0s

running (05m23.0s), 01/12 VUs, 6761 complete and 0 interrupted iterations
oscillating   [  41% ] 01/12 VUs  04m54.8s/12m00.0s

running (05m24.0s), 01/12 VUs, 6766 complete and 0 interrupted iterations
oscillating   [  41% ] 01/12 VUs  04m55.8s/12m00.0s

running (05m25.0s), 01/12 VUs, 6786 complete and 0 interrupted iterations
oscillating   [  41% ] 01/12 VUs  04m56.8s/12m00.0s

running (05m26.0s), 01/12 VUs, 6792 complete and 0 interrupted iterations
oscillating   [  41% ] 01/12 VUs  04m57.8s/12m00.0s

running (05m27.0s), 01/12 VUs, 6823 complete and 0 interrupted iterations
oscillating   [  41% ] 01/12 VUs  04m58.8s/12m00.0s

running (05m28.0s), 01/12 VUs, 6843 complete and 0 interrupted iterations
oscillating   [  42% ] 01/12 VUs  04m59.8s/12m00.0s

running (05m29.0s), 01/12 VUs, 6857 complete and 0 interrupted iterations
oscillating   [  42% ] 01/12 VUs  05m00.8s/12m00.0s

running (05m30.0s), 02/12 VUs, 6862 complete and 0 interrupted iterations
oscillating   [  42% ] 02/12 VUs  05m01.8s/12m00.0s

running (05m31.0s), 04/12 VUs, 6883 complete and 0 interrupted iterations
oscillating   [  42% ] 04/12 VUs  05m02.8s/12m00.0s

running (05m32.0s), 05/12 VUs, 6942 complete and 0 interrupted iterations
oscillating   [  42% ] 05/12 VUs  05m03.8s/12m00.0s

running (05m33.0s), 06/12 VUs, 6977 complete and 0 interrupted iterations
oscillating   [  42% ] 06/12 VUs  05m04.8s/12m00.0s

running (05m34.0s), 07/12 VUs, 7017 complete and 0 interrupted iterations
oscillating   [  42% ] 07/12 VUs  05m05.8s/12m00.0s

running (05m35.0s), 08/12 VUs, 7074 complete and 0 interrupted iterations
oscillating   [  43% ] 08/12 VUs  05m06.8s/12m00.0s

running (05m36.0s), 09/12 VUs, 7137 complete and 0 interrupted iterations
oscillating   [  43% ] 09/12 VUs  05m07.8s/12m00.0s

running (05m37.0s), 10/12 VUs, 7172 complete and 0 interrupted iterations
oscillating   [  43% ] 10/12 VUs  05m08.8s/12m00.0s

running (05m38.0s), 11/12 VUs, 7208 complete and 0 interrupted iterations
oscillating   [  43% ] 11/12 VUs  05m09.8s/12m00.0s

running (05m39.0s), 12/12 VUs, 7225 complete and 0 interrupted iterations
oscillating   [  43% ] 12/12 VUs  05m10.8s/12m00.0s

running (05m40.0s), 12/12 VUs, 7243 complete and 0 interrupted iterations
oscillating   [  43% ] 12/12 VUs  05m11.8s/12m00.0s

running (05m41.0s), 12/12 VUs, 7286 complete and 0 interrupted iterations
oscillating   [  43% ] 12/12 VUs  05m12.8s/12m00.0s

running (05m42.0s), 12/12 VUs, 7326 complete and 0 interrupted iterations
oscillating   [  44% ] 12/12 VUs  05m13.8s/12m00.0s

running (05m43.0s), 12/12 VUs, 7386 complete and 0 interrupted iterations
oscillating   [  44% ] 12/12 VUs  05m14.8s/12m00.0s

running (05m44.0s), 12/12 VUs, 7408 complete and 0 interrupted iterations
oscillating   [  44% ] 12/12 VUs  05m15.8s/12m00.0s

running (05m45.0s), 12/12 VUs, 7446 complete and 0 interrupted iterations
oscillating   [  44% ] 12/12 VUs  05m16.8s/12m00.0s

running (05m46.0s), 12/12 VUs, 7487 complete and 0 interrupted iterations
oscillating   [  44% ] 12/12 VUs  05m17.8s/12m00.0s

running (05m47.0s), 12/12 VUs, 7527 complete and 0 interrupted iterations
oscillating   [  44% ] 12/12 VUs  05m18.8s/12m00.0s

running (05m48.0s), 12/12 VUs, 7569 complete and 0 interrupted iterations
oscillating   [  44% ] 12/12 VUs  05m19.8s/12m00.0s

running (05m49.0s), 12/12 VUs, 7637 complete and 0 interrupted iterations
oscillating   [  45% ] 12/12 VUs  05m20.8s/12m00.0s

running (05m50.0s), 12/12 VUs, 7689 complete and 0 interrupted iterations
oscillating   [  45% ] 12/12 VUs  05m21.8s/12m00.0s

running (05m51.0s), 12/12 VUs, 7723 complete and 0 interrupted iterations
oscillating   [  45% ] 12/12 VUs  05m22.8s/12m00.0s

running (05m52.0s), 12/12 VUs, 7770 complete and 0 interrupted iterations
oscillating   [  45% ] 12/12 VUs  05m23.8s/12m00.0s

running (05m53.0s), 12/12 VUs, 7828 complete and 0 interrupted iterations
oscillating   [  45% ] 12/12 VUs  05m24.8s/12m00.0s

running (05m54.0s), 12/12 VUs, 7874 complete and 0 interrupted iterations
oscillating   [  45% ] 12/12 VUs  05m25.8s/12m00.0s

running (05m55.0s), 12/12 VUs, 7929 complete and 0 interrupted iterations
oscillating   [  45% ] 12/12 VUs  05m26.8s/12m00.0s

running (05m56.0s), 12/12 VUs, 7958 complete and 0 interrupted iterations
oscillating   [  46% ] 12/12 VUs  05m27.8s/12m00.0s

running (05m57.0s), 12/12 VUs, 7991 complete and 0 interrupted iterations
oscillating   [  46% ] 12/12 VUs  05m28.8s/12m00.0s

running (05m58.0s), 12/12 VUs, 8039 complete and 0 interrupted iterations
oscillating   [  46% ] 12/12 VUs  05m29.8s/12m00.0s

running (05m59.0s), 12/12 VUs, 8064 complete and 0 interrupted iterations
oscillating   [  46% ] 12/12 VUs  05m30.8s/12m00.0s

running (06m00.0s), 12/12 VUs, 8148 complete and 0 interrupted iterations
oscillating   [  46% ] 12/12 VUs  05m31.8s/12m00.0s

running (06m01.0s), 12/12 VUs, 8183 complete and 0 interrupted iterations
oscillating   [  46% ] 12/12 VUs  05m32.8s/12m00.0s

running (06m02.0s), 12/12 VUs, 8236 complete and 0 interrupted iterations
oscillating   [  46% ] 12/12 VUs  05m33.8s/12m00.0s

running (06m03.0s), 12/12 VUs, 8314 complete and 0 interrupted iterations
oscillating   [  46% ] 12/12 VUs  05m34.8s/12m00.0s

running (06m04.0s), 12/12 VUs, 8397 complete and 0 interrupted iterations
oscillating   [  47% ] 12/12 VUs  05m35.8s/12m00.0s

running (06m05.0s), 12/12 VUs, 8453 complete and 0 interrupted iterations
oscillating   [  47% ] 12/12 VUs  05m36.8s/12m00.0s

running (06m06.0s), 12/12 VUs, 8529 complete and 0 interrupted iterations
oscillating   [  47% ] 12/12 VUs  05m37.8s/12m00.0s

running (06m07.0s), 12/12 VUs, 8572 complete and 0 interrupted iterations
oscillating   [  47% ] 12/12 VUs  05m38.8s/12m00.0s

running (06m08.0s), 12/12 VUs, 8622 complete and 0 interrupted iterations
oscillating   [  47% ] 12/12 VUs  05m39.8s/12m00.0s

running (06m09.0s), 12/12 VUs, 8668 complete and 0 interrupted iterations
oscillating   [  47% ] 12/12 VUs  05m40.8s/12m00.0s

running (06m10.0s), 12/12 VUs, 8698 complete and 0 interrupted iterations
oscillating   [  47% ] 12/12 VUs  05m41.8s/12m00.0s

running (06m11.0s), 12/12 VUs, 8762 complete and 0 interrupted iterations
oscillating   [  48% ] 12/12 VUs  05m42.8s/12m00.0s

running (06m12.0s), 12/12 VUs, 8796 complete and 0 interrupted iterations
oscillating   [  48% ] 12/12 VUs  05m43.8s/12m00.0s

running (06m13.0s), 12/12 VUs, 8844 complete and 0 interrupted iterations
oscillating   [  48% ] 12/12 VUs  05m44.8s/12m00.0s

running (06m14.0s), 12/12 VUs, 8885 complete and 0 interrupted iterations
oscillating   [  48% ] 12/12 VUs  05m45.8s/12m00.0s

running (06m15.0s), 12/12 VUs, 8928 complete and 0 interrupted iterations
oscillating   [  48% ] 12/12 VUs  05m46.8s/12m00.0s

running (06m16.0s), 12/12 VUs, 8977 complete and 0 interrupted iterations
oscillating   [  48% ] 12/12 VUs  05m47.8s/12m00.0s

running (06m17.0s), 12/12 VUs, 9035 complete and 0 interrupted iterations
oscillating   [  48% ] 12/12 VUs  05m48.8s/12m00.0s

running (06m18.0s), 12/12 VUs, 9088 complete and 0 interrupted iterations
oscillating   [  49% ] 12/12 VUs  05m49.8s/12m00.0s

running (06m19.0s), 12/12 VUs, 9109 complete and 0 interrupted iterations
oscillating   [  49% ] 12/12 VUs  05m50.8s/12m00.0s

running (06m20.0s), 12/12 VUs, 9152 complete and 0 interrupted iterations
oscillating   [  49% ] 12/12 VUs  05m51.8s/12m00.0s

running (06m21.0s), 12/12 VUs, 9173 complete and 0 interrupted iterations
oscillating   [  49% ] 12/12 VUs  05m52.8s/12m00.0s

running (06m22.0s), 12/12 VUs, 9216 complete and 0 interrupted iterations
oscillating   [  49% ] 12/12 VUs  05m53.8s/12m00.0s

running (06m23.0s), 12/12 VUs, 9278 complete and 0 interrupted iterations
oscillating   [  49% ] 12/12 VUs  05m54.8s/12m00.0s

running (06m24.0s), 12/12 VUs, 9345 complete and 0 interrupted iterations
oscillating   [  49% ] 12/12 VUs  05m55.8s/12m00.0s

running (06m25.0s), 12/12 VUs, 9395 complete and 0 interrupted iterations
oscillating   [  50% ] 12/12 VUs  05m56.8s/12m00.0s

running (06m26.0s), 12/12 VUs, 9427 complete and 0 interrupted iterations
oscillating   [  50% ] 12/12 VUs  05m57.8s/12m00.0s

running (06m27.0s), 12/12 VUs, 9490 complete and 0 interrupted iterations
oscillating   [  50% ] 12/12 VUs  05m58.8s/12m00.0s

running (06m28.0s), 12/12 VUs, 9516 complete and 0 interrupted iterations
oscillating   [  50% ] 12/12 VUs  05m59.8s/12m00.0s

running (06m29.0s), 12/12 VUs, 9556 complete and 0 interrupted iterations
oscillating   [  50% ] 12/12 VUs  06m00.8s/12m00.0s

running (06m30.0s), 12/12 VUs, 9643 complete and 0 interrupted iterations
oscillating   [  50% ] 12/12 VUs  06m01.8s/12m00.0s

running (06m31.0s), 12/12 VUs, 9710 complete and 0 interrupted iterations
oscillating   [  50% ] 12/12 VUs  06m02.8s/12m00.0s

running (06m32.0s), 12/12 VUs, 9749 complete and 0 interrupted iterations
oscillating   [  51% ] 12/12 VUs  06m03.8s/12m00.0s

running (06m33.0s), 12/12 VUs, 9791 complete and 0 interrupted iterations
oscillating   [  51% ] 12/12 VUs  06m04.8s/12m00.0s

running (06m34.0s), 12/12 VUs, 9857 complete and 0 interrupted iterations
oscillating   [  51% ] 12/12 VUs  06m05.8s/12m00.0s

running (06m35.0s), 12/12 VUs, 9883 complete and 0 interrupted iterations
oscillating   [  51% ] 12/12 VUs  06m06.8s/12m00.0s

running (06m36.0s), 12/12 VUs, 9938 complete and 0 interrupted iterations
oscillating   [  51% ] 12/12 VUs  06m07.8s/12m00.0s

running (06m37.0s), 12/12 VUs, 9997 complete and 0 interrupted iterations
oscillating   [  51% ] 12/12 VUs  06m08.8s/12m00.0s

running (06m38.0s), 12/12 VUs, 10090 complete and 0 interrupted iterations
oscillating   [  51% ] 12/12 VUs  06m09.8s/12m00.0s

running (06m39.0s), 12/12 VUs, 10153 complete and 0 interrupted iterations
oscillating   [  51% ] 12/12 VUs  06m10.8s/12m00.0s

running (06m40.0s), 12/12 VUs, 10194 complete and 0 interrupted iterations
oscillating   [  52% ] 12/12 VUs  06m11.8s/12m00.0s

running (06m41.0s), 12/12 VUs, 10278 complete and 0 interrupted iterations
oscillating   [  52% ] 12/12 VUs  06m12.8s/12m00.0s

running (06m42.0s), 12/12 VUs, 10319 complete and 0 interrupted iterations
oscillating   [  52% ] 12/12 VUs  06m13.8s/12m00.0s

running (06m43.0s), 12/12 VUs, 10353 complete and 0 interrupted iterations
oscillating   [  52% ] 12/12 VUs  06m14.8s/12m00.0s

running (06m44.0s), 12/12 VUs, 10371 complete and 0 interrupted iterations
oscillating   [  52% ] 12/12 VUs  06m15.8s/12m00.0s

running (06m45.0s), 12/12 VUs, 10416 complete and 0 interrupted iterations
oscillating   [  52% ] 12/12 VUs  06m16.8s/12m00.0s

running (06m46.0s), 12/12 VUs, 10451 complete and 0 interrupted iterations
oscillating   [  52% ] 12/12 VUs  06m17.8s/12m00.0s

running (06m47.0s), 12/12 VUs, 10460 complete and 0 interrupted iterations
oscillating   [  53% ] 12/12 VUs  06m18.8s/12m00.0s

running (06m48.0s), 12/12 VUs, 10501 complete and 0 interrupted iterations
oscillating   [  53% ] 12/12 VUs  06m19.8s/12m00.0s

running (06m49.0s), 12/12 VUs, 10568 complete and 0 interrupted iterations
oscillating   [  53% ] 12/12 VUs  06m20.8s/12m00.0s

running (06m50.0s), 12/12 VUs, 10637 complete and 0 interrupted iterations
oscillating   [  53% ] 12/12 VUs  06m21.8s/12m00.0s

running (06m51.0s), 12/12 VUs, 10707 complete and 0 interrupted iterations
oscillating   [  53% ] 12/12 VUs  06m22.8s/12m00.0s

running (06m52.0s), 12/12 VUs, 10758 complete and 0 interrupted iterations
oscillating   [  53% ] 12/12 VUs  06m23.8s/12m00.0s

running (06m53.0s), 12/12 VUs, 10824 complete and 0 interrupted iterations
oscillating   [  53% ] 12/12 VUs  06m24.8s/12m00.0s

running (06m54.0s), 12/12 VUs, 10882 complete and 0 interrupted iterations
oscillating   [  54% ] 12/12 VUs  06m25.8s/12m00.0s

running (06m55.0s), 12/12 VUs, 10957 complete and 0 interrupted iterations
oscillating   [  54% ] 12/12 VUs  06m26.8s/12m00.0s

running (06m56.0s), 12/12 VUs, 10995 complete and 0 interrupted iterations
oscillating   [  54% ] 12/12 VUs  06m27.8s/12m00.0s

running (06m57.0s), 12/12 VUs, 11024 complete and 0 interrupted iterations
oscillating   [  54% ] 12/12 VUs  06m28.8s/12m00.0s

running (06m58.0s), 12/12 VUs, 11057 complete and 0 interrupted iterations
oscillating   [  54% ] 12/12 VUs  06m29.8s/12m00.0s

running (06m59.0s), 12/12 VUs, 11082 complete and 0 interrupted iterations
oscillating   [  54% ] 12/12 VUs  06m30.8s/12m00.0s

running (07m00.0s), 12/12 VUs, 11125 complete and 0 interrupted iterations
oscillating   [  54% ] 12/12 VUs  06m31.8s/12m00.0s

running (07m01.0s), 12/12 VUs, 11184 complete and 0 interrupted iterations
oscillating   [  55% ] 12/12 VUs  06m32.8s/12m00.0s

running (07m02.0s), 09/12 VUs, 11259 complete and 0 interrupted iterations
oscillating   [  55% ] 09/12 VUs  06m33.8s/12m00.0s

running (07m03.0s), 07/12 VUs, 11323 complete and 0 interrupted iterations
oscillating   [  55% ] 07/12 VUs  06m34.8s/12m00.0s

running (07m04.0s), 07/12 VUs, 11371 complete and 0 interrupted iterations
oscillating   [  55% ] 07/12 VUs  06m35.8s/12m00.0s

running (07m05.0s), 05/12 VUs, 11411 complete and 0 interrupted iterations
oscillating   [  55% ] 05/12 VUs  06m36.8s/12m00.0s

running (07m06.0s), 04/12 VUs, 11426 complete and 0 interrupted iterations
oscillating   [  55% ] 04/12 VUs  06m37.8s/12m00.0s

running (07m07.0s), 03/12 VUs, 11444 complete and 0 interrupted iterations
oscillating   [  55% ] 03/12 VUs  06m38.8s/12m00.0s

running (07m08.0s), 02/12 VUs, 11468 complete and 0 interrupted iterations
oscillating   [  56% ] 02/12 VUs  06m39.8s/12m00.0s

running (07m09.0s), 02/12 VUs, 11482 complete and 0 interrupted iterations
oscillating   [  56% ] 02/12 VUs  06m40.8s/12m00.0s

running (07m10.0s), 01/12 VUs, 11501 complete and 0 interrupted iterations
oscillating   [  56% ] 01/12 VUs  06m41.8s/12m00.0s

running (07m11.0s), 01/12 VUs, 11506 complete and 0 interrupted iterations
oscillating   [  56% ] 01/12 VUs  06m42.8s/12m00.0s

running (07m12.0s), 01/12 VUs, 11510 complete and 0 interrupted iterations
oscillating   [  56% ] 01/12 VUs  06m43.8s/12m00.0s

running (07m13.0s), 01/12 VUs, 11516 complete and 0 interrupted iterations
oscillating   [  56% ] 01/12 VUs  06m44.8s/12m00.0s

running (07m14.0s), 01/12 VUs, 11534 complete and 0 interrupted iterations
oscillating   [  56% ] 01/12 VUs  06m45.8s/12m00.0s

running (07m15.0s), 01/12 VUs, 11538 complete and 0 interrupted iterations
oscillating   [  56% ] 01/12 VUs  06m46.8s/12m00.0s

running (07m16.0s), 01/12 VUs, 11562 complete and 0 interrupted iterations
oscillating   [  57% ] 01/12 VUs  06m47.8s/12m00.0s

running (07m17.0s), 01/12 VUs, 11572 complete and 0 interrupted iterations
oscillating   [  57% ] 01/12 VUs  06m48.8s/12m00.0s

running (07m18.0s), 01/12 VUs, 11580 complete and 0 interrupted iterations
oscillating   [  57% ] 01/12 VUs  06m49.8s/12m00.0s

running (07m19.0s), 01/12 VUs, 11596 complete and 0 interrupted iterations
oscillating   [  57% ] 01/12 VUs  06m50.8s/12m00.0s

running (07m20.0s), 01/12 VUs, 11604 complete and 0 interrupted iterations
oscillating   [  57% ] 01/12 VUs  06m51.8s/12m00.0s

running (07m21.0s), 01/12 VUs, 11607 complete and 0 interrupted iterations
oscillating   [  57% ] 01/12 VUs  06m52.8s/12m00.0s

running (07m22.0s), 01/12 VUs, 11609 complete and 0 interrupted iterations
oscillating   [  57% ] 01/12 VUs  06m53.8s/12m00.0s

running (07m23.0s), 01/12 VUs, 11620 complete and 0 interrupted iterations
oscillating   [  58% ] 01/12 VUs  06m54.8s/12m00.0s

running (07m24.0s), 01/12 VUs, 11636 complete and 0 interrupted iterations
oscillating   [  58% ] 01/12 VUs  06m55.8s/12m00.0s

running (07m25.0s), 01/12 VUs, 11654 complete and 0 interrupted iterations
oscillating   [  58% ] 01/12 VUs  06m56.8s/12m00.0s

running (07m26.0s), 01/12 VUs, 11667 complete and 0 interrupted iterations
oscillating   [  58% ] 01/12 VUs  06m57.8s/12m00.0s

running (07m27.0s), 01/12 VUs, 11671 complete and 0 interrupted iterations
oscillating   [  58% ] 01/12 VUs  06m58.8s/12m00.0s

running (07m28.0s), 01/12 VUs, 11696 complete and 0 interrupted iterations
oscillating   [  58% ] 01/12 VUs  06m59.8s/12m00.0s

running (07m29.0s), 01/12 VUs, 11710 complete and 0 interrupted iterations
oscillating   [  58% ] 01/12 VUs  07m00.8s/12m00.0s

running (07m30.0s), 01/12 VUs, 11723 complete and 0 interrupted iterations
oscillating   [  59% ] 01/12 VUs  07m01.8s/12m00.0s

running (07m31.0s), 01/12 VUs, 11735 complete and 0 interrupted iterations
oscillating   [  59% ] 01/12 VUs  07m02.8s/12m00.0s

running (07m32.0s), 01/12 VUs, 11739 complete and 0 interrupted iterations
oscillating   [  59% ] 01/12 VUs  07m03.8s/12m00.0s

running (07m33.0s), 01/12 VUs, 11765 complete and 0 interrupted iterations
oscillating   [  59% ] 01/12 VUs  07m04.8s/12m00.0s

running (07m34.0s), 01/12 VUs, 11824 complete and 0 interrupted iterations
oscillating   [  59% ] 01/12 VUs  07m05.8s/12m00.0s

running (07m35.0s), 01/12 VUs, 11833 complete and 0 interrupted iterations
oscillating   [  59% ] 01/12 VUs  07m06.8s/12m00.0s

running (07m36.0s), 01/12 VUs, 11850 complete and 0 interrupted iterations
oscillating   [  59% ] 01/12 VUs  07m07.8s/12m00.0s

running (07m37.0s), 01/12 VUs, 11865 complete and 0 interrupted iterations
oscillating   [  60% ] 01/12 VUs  07m08.8s/12m00.0s

running (07m38.0s), 01/12 VUs, 11878 complete and 0 interrupted iterations
oscillating   [  60% ] 01/12 VUs  07m09.8s/12m00.0s

running (07m39.0s), 01/12 VUs, 11889 complete and 0 interrupted iterations
oscillating   [  60% ] 01/12 VUs  07m10.8s/12m00.0s

running (07m40.0s), 01/12 VUs, 11904 complete and 0 interrupted iterations
oscillating   [  60% ] 01/12 VUs  07m11.8s/12m00.0s

running (07m41.0s), 01/12 VUs, 11930 complete and 0 interrupted iterations
oscillating   [  60% ] 01/12 VUs  07m12.8s/12m00.0s

running (07m42.0s), 01/12 VUs, 11945 complete and 0 interrupted iterations
oscillating   [  60% ] 01/12 VUs  07m13.8s/12m00.0s

running (07m43.0s), 01/12 VUs, 11969 complete and 0 interrupted iterations
oscillating   [  60% ] 01/12 VUs  07m14.8s/12m00.0s

running (07m44.0s), 01/12 VUs, 11988 complete and 0 interrupted iterations
oscillating   [  61% ] 01/12 VUs  07m15.8s/12m00.0s

running (07m45.0s), 01/12 VUs, 12013 complete and 0 interrupted iterations
oscillating   [  61% ] 01/12 VUs  07m16.8s/12m00.0s

running (07m46.0s), 01/12 VUs, 12021 complete and 0 interrupted iterations
oscillating   [  61% ] 01/12 VUs  07m17.8s/12m00.0s

running (07m47.0s), 01/12 VUs, 12032 complete and 0 interrupted iterations
oscillating   [  61% ] 01/12 VUs  07m18.8s/12m00.0s

running (07m48.0s), 01/12 VUs, 12039 complete and 0 interrupted iterations
oscillating   [  61% ] 01/12 VUs  07m19.8s/12m00.0s

running (07m49.0s), 01/12 VUs, 12042 complete and 0 interrupted iterations
oscillating   [  61% ] 01/12 VUs  07m20.8s/12m00.0s

running (07m50.0s), 01/12 VUs, 12043 complete and 0 interrupted iterations
oscillating   [  61% ] 01/12 VUs  07m21.8s/12m00.0s

running (07m51.0s), 01/12 VUs, 12055 complete and 0 interrupted iterations
oscillating   [  61% ] 01/12 VUs  07m22.8s/12m00.0s

running (07m52.0s), 01/12 VUs, 12073 complete and 0 interrupted iterations
oscillating   [  62% ] 01/12 VUs  07m23.8s/12m00.0s

running (07m53.0s), 01/12 VUs, 12083 complete and 0 interrupted iterations
oscillating   [  62% ] 01/12 VUs  07m24.8s/12m00.0s

running (07m54.0s), 01/12 VUs, 12093 complete and 0 interrupted iterations
oscillating   [  62% ] 01/12 VUs  07m25.8s/12m00.0s

running (07m55.0s), 01/12 VUs, 12104 complete and 0 interrupted iterations
oscillating   [  62% ] 01/12 VUs  07m26.8s/12m00.0s

running (07m56.0s), 01/12 VUs, 12131 complete and 0 interrupted iterations
oscillating   [  62% ] 01/12 VUs  07m27.8s/12m00.0s

running (07m57.0s), 01/12 VUs, 12146 complete and 0 interrupted iterations
oscillating   [  62% ] 01/12 VUs  07m28.8s/12m00.0s

running (07m58.0s), 01/12 VUs, 12158 complete and 0 interrupted iterations
oscillating   [  62% ] 01/12 VUs  07m29.8s/12m00.0s

running (07m59.0s), 01/12 VUs, 12174 complete and 0 interrupted iterations
oscillating   [  63% ] 01/12 VUs  07m30.8s/12m00.0s

running (08m00.0s), 01/12 VUs, 12197 complete and 0 interrupted iterations
oscillating   [  63% ] 01/12 VUs  07m31.8s/12m00.0s

running (08m01.0s), 01/12 VUs, 12214 complete and 0 interrupted iterations
oscillating   [  63% ] 01/12 VUs  07m32.8s/12m00.0s

running (08m02.0s), 01/12 VUs, 12227 complete and 0 interrupted iterations
oscillating   [  63% ] 01/12 VUs  07m33.8s/12m00.0s

running (08m03.0s), 01/12 VUs, 12237 complete and 0 interrupted iterations
oscillating   [  63% ] 01/12 VUs  07m34.8s/12m00.0s

running (08m04.0s), 01/12 VUs, 12241 complete and 0 interrupted iterations
oscillating   [  63% ] 01/12 VUs  07m35.8s/12m00.0s

running (08m05.0s), 01/12 VUs, 12264 complete and 0 interrupted iterations
oscillating   [  63% ] 01/12 VUs  07m36.8s/12m00.0s

running (08m06.0s), 01/12 VUs, 12277 complete and 0 interrupted iterations
oscillating   [  64% ] 01/12 VUs  07m37.8s/12m00.0s

running (08m07.0s), 01/12 VUs, 12294 complete and 0 interrupted iterations
oscillating   [  64% ] 01/12 VUs  07m38.8s/12m00.0s

running (08m08.0s), 01/12 VUs, 12316 complete and 0 interrupted iterations
oscillating   [  64% ] 01/12 VUs  07m39.8s/12m00.0s

running (08m09.0s), 01/12 VUs, 12319 complete and 0 interrupted iterations
oscillating   [  64% ] 01/12 VUs  07m40.8s/12m00.0s

running (08m10.0s), 01/12 VUs, 12321 complete and 0 interrupted iterations
oscillating   [  64% ] 01/12 VUs  07m41.8s/12m00.0s

running (08m11.0s), 01/12 VUs, 12331 complete and 0 interrupted iterations
oscillating   [  64% ] 01/12 VUs  07m42.8s/12m00.0s

running (08m12.0s), 01/12 VUs, 12343 complete and 0 interrupted iterations
oscillating   [  64% ] 01/12 VUs  07m43.8s/12m00.0s

running (08m13.0s), 01/12 VUs, 12363 complete and 0 interrupted iterations
oscillating   [  65% ] 01/12 VUs  07m44.8s/12m00.0s

running (08m14.0s), 01/12 VUs, 12399 complete and 0 interrupted iterations
oscillating   [  65% ] 01/12 VUs  07m45.8s/12m00.0s

running (08m15.0s), 01/12 VUs, 12407 complete and 0 interrupted iterations
oscillating   [  65% ] 01/12 VUs  07m46.8s/12m00.0s

running (08m16.0s), 01/12 VUs, 12423 complete and 0 interrupted iterations
oscillating   [  65% ] 01/12 VUs  07m47.8s/12m00.0s

running (08m17.0s), 01/12 VUs, 12427 complete and 0 interrupted iterations
oscillating   [  65% ] 01/12 VUs  07m48.8s/12m00.0s

running (08m18.0s), 01/12 VUs, 12445 complete and 0 interrupted iterations
oscillating   [  65% ] 01/12 VUs  07m49.8s/12m00.0s

running (08m19.0s), 01/12 VUs, 12451 complete and 0 interrupted iterations
oscillating   [  65% ] 01/12 VUs  07m50.8s/12m00.0s

running (08m20.0s), 01/12 VUs, 12474 complete and 0 interrupted iterations
oscillating   [  66% ] 01/12 VUs  07m51.8s/12m00.0s

running (08m21.0s), 01/12 VUs, 12505 complete and 0 interrupted iterations
oscillating   [  66% ] 01/12 VUs  07m52.8s/12m00.0s

running (08m22.0s), 01/12 VUs, 12514 complete and 0 interrupted iterations
oscillating   [  66% ] 01/12 VUs  07m53.8s/12m00.0s

running (08m23.0s), 01/12 VUs, 12529 complete and 0 interrupted iterations
oscillating   [  66% ] 01/12 VUs  07m54.8s/12m00.0s

running (08m24.0s), 01/12 VUs, 12554 complete and 0 interrupted iterations
oscillating   [  66% ] 01/12 VUs  07m55.8s/12m00.0s

running (08m25.0s), 01/12 VUs, 12559 complete and 0 interrupted iterations
oscillating   [  66% ] 01/12 VUs  07m56.8s/12m00.0s

running (08m26.0s), 01/12 VUs, 12621 complete and 0 interrupted iterations
oscillating   [  66% ] 01/12 VUs  07m57.8s/12m00.0s

running (08m27.0s), 01/12 VUs, 12633 complete and 0 interrupted iterations
oscillating   [  66% ] 01/12 VUs  07m58.8s/12m00.0s

running (08m28.0s), 01/12 VUs, 12637 complete and 0 interrupted iterations
oscillating   [  67% ] 01/12 VUs  07m59.8s/12m00.0s

running (08m29.0s), 01/12 VUs, 12646 complete and 0 interrupted iterations
oscillating   [  67% ] 01/12 VUs  08m00.8s/12m00.0s

running (08m30.0s), 02/12 VUs, 12689 complete and 0 interrupted iterations
oscillating   [  67% ] 02/12 VUs  08m01.8s/12m00.0s

running (08m31.0s), 04/12 VUs, 12713 complete and 0 interrupted iterations
oscillating   [  67% ] 04/12 VUs  08m02.8s/12m00.0s

running (08m32.0s), 05/12 VUs, 12735 complete and 0 interrupted iterations
oscillating   [  67% ] 05/12 VUs  08m03.8s/12m00.0s

running (08m33.0s), 06/12 VUs, 12785 complete and 0 interrupted iterations
oscillating   [  67% ] 06/12 VUs  08m04.8s/12m00.0s

running (08m34.0s), 07/12 VUs, 12807 complete and 0 interrupted iterations
oscillating   [  67% ] 07/12 VUs  08m05.8s/12m00.0s

running (08m35.0s), 08/12 VUs, 12870 complete and 0 interrupted iterations
oscillating   [  68% ] 08/12 VUs  08m06.8s/12m00.0s

running (08m36.0s), 09/12 VUs, 12902 complete and 0 interrupted iterations
oscillating   [  68% ] 09/12 VUs  08m07.8s/12m00.0s

running (08m37.0s), 10/12 VUs, 12912 complete and 0 interrupted iterations
oscillating   [  68% ] 10/12 VUs  08m08.8s/12m00.0s

running (08m38.0s), 11/12 VUs, 12954 complete and 0 interrupted iterations
oscillating   [  68% ] 11/12 VUs  08m09.8s/12m00.0s

running (08m39.0s), 12/12 VUs, 13023 complete and 0 interrupted iterations
oscillating   [  68% ] 12/12 VUs  08m10.8s/12m00.0s

running (08m40.0s), 12/12 VUs, 13096 complete and 0 interrupted iterations
oscillating   [  68% ] 12/12 VUs  08m11.8s/12m00.0s

running (08m41.0s), 12/12 VUs, 13137 complete and 0 interrupted iterations
oscillating   [  68% ] 12/12 VUs  08m12.8s/12m00.0s

running (08m42.0s), 12/12 VUs, 13172 complete and 0 interrupted iterations
oscillating   [  69% ] 12/12 VUs  08m13.8s/12m00.0s

running (08m43.0s), 12/12 VUs, 13194 complete and 0 interrupted iterations
oscillating   [  69% ] 12/12 VUs  08m14.8s/12m00.0s

running (08m44.0s), 12/12 VUs, 13243 complete and 0 interrupted iterations
oscillating   [  69% ] 12/12 VUs  08m15.8s/12m00.0s

running (08m45.0s), 12/12 VUs, 13269 complete and 0 interrupted iterations
oscillating   [  69% ] 12/12 VUs  08m16.8s/12m00.0s

running (08m46.0s), 12/12 VUs, 13307 complete and 0 interrupted iterations
oscillating   [  69% ] 12/12 VUs  08m17.8s/12m00.0s

running (08m47.0s), 12/12 VUs, 13336 complete and 0 interrupted iterations
oscillating   [  69% ] 12/12 VUs  08m18.8s/12m00.0s

running (08m48.0s), 12/12 VUs, 13381 complete and 0 interrupted iterations
oscillating   [  69% ] 12/12 VUs  08m19.8s/12m00.0s

running (08m49.0s), 12/12 VUs, 13481 complete and 0 interrupted iterations
oscillating   [  70% ] 12/12 VUs  08m20.8s/12m00.0s

running (08m50.0s), 12/12 VUs, 13508 complete and 0 interrupted iterations
oscillating   [  70% ] 12/12 VUs  08m21.8s/12m00.0s

running (08m51.0s), 12/12 VUs, 13543 complete and 0 interrupted iterations
oscillating   [  70% ] 12/12 VUs  08m22.8s/12m00.0s

running (08m52.0s), 12/12 VUs, 13614 complete and 0 interrupted iterations
oscillating   [  70% ] 12/12 VUs  08m23.8s/12m00.0s

running (08m53.0s), 12/12 VUs, 13648 complete and 0 interrupted iterations
oscillating   [  70% ] 12/12 VUs  08m24.8s/12m00.0s

running (08m54.0s), 12/12 VUs, 13730 complete and 0 interrupted iterations
oscillating   [  70% ] 12/12 VUs  08m25.8s/12m00.0s

running (08m55.0s), 12/12 VUs, 13769 complete and 0 interrupted iterations
oscillating   [  70% ] 12/12 VUs  08m26.8s/12m00.0s

running (08m56.0s), 12/12 VUs, 13813 complete and 0 interrupted iterations
oscillating   [  71% ] 12/12 VUs  08m27.8s/12m00.0s

running (08m57.0s), 12/12 VUs, 13868 complete and 0 interrupted iterations
oscillating   [  71% ] 12/12 VUs  08m28.8s/12m00.0s

running (08m58.0s), 12/12 VUs, 13918 complete and 0 interrupted iterations
oscillating   [  71% ] 12/12 VUs  08m29.8s/12m00.0s

running (08m59.0s), 12/12 VUs, 13978 complete and 0 interrupted iterations
oscillating   [  71% ] 12/12 VUs  08m30.8s/12m00.0s

running (09m00.0s), 12/12 VUs, 14006 complete and 0 interrupted iterations
oscillating   [  71% ] 12/12 VUs  08m31.8s/12m00.0s

running (09m01.0s), 12/12 VUs, 14082 complete and 0 interrupted iterations
oscillating   [  71% ] 12/12 VUs  08m32.8s/12m00.0s

running (09m02.0s), 12/12 VUs, 14112 complete and 0 interrupted iterations
oscillating   [  71% ] 12/12 VUs  08m33.8s/12m00.0s

running (09m03.0s), 12/12 VUs, 14168 complete and 0 interrupted iterations
oscillating   [  71% ] 12/12 VUs  08m34.8s/12m00.0s

running (09m04.0s), 12/12 VUs, 14238 complete and 0 interrupted iterations
oscillating   [  72% ] 12/12 VUs  08m35.8s/12m00.0s

running (09m05.0s), 12/12 VUs, 14288 complete and 0 interrupted iterations
oscillating   [  72% ] 12/12 VUs  08m36.8s/12m00.0s

running (09m06.0s), 12/12 VUs, 14372 complete and 0 interrupted iterations
oscillating   [  72% ] 12/12 VUs  08m37.8s/12m00.0s

running (09m07.0s), 12/12 VUs, 14424 complete and 0 interrupted iterations
oscillating   [  72% ] 12/12 VUs  08m38.8s/12m00.0s

running (09m08.0s), 12/12 VUs, 14449 complete and 0 interrupted iterations
oscillating   [  72% ] 12/12 VUs  08m39.8s/12m00.0s

running (09m09.0s), 12/12 VUs, 14475 complete and 0 interrupted iterations
oscillating   [  72% ] 12/12 VUs  08m40.8s/12m00.0s

running (09m10.0s), 12/12 VUs, 14547 complete and 0 interrupted iterations
oscillating   [  72% ] 12/12 VUs  08m41.8s/12m00.0s

running (09m11.0s), 12/12 VUs, 14599 complete and 0 interrupted iterations
oscillating   [  73% ] 12/12 VUs  08m42.8s/12m00.0s

running (09m12.0s), 12/12 VUs, 14659 complete and 0 interrupted iterations
oscillating   [  73% ] 12/12 VUs  08m43.8s/12m00.0s

running (09m13.0s), 12/12 VUs, 14703 complete and 0 interrupted iterations
oscillating   [  73% ] 12/12 VUs  08m44.8s/12m00.0s

running (09m14.0s), 12/12 VUs, 14734 complete and 0 interrupted iterations
oscillating   [  73% ] 12/12 VUs  08m45.8s/12m00.0s

running (09m15.0s), 12/12 VUs, 14773 complete and 0 interrupted iterations
oscillating   [  73% ] 12/12 VUs  08m46.8s/12m00.0s

running (09m16.0s), 12/12 VUs, 14810 complete and 0 interrupted iterations
oscillating   [  73% ] 12/12 VUs  08m47.8s/12m00.0s

running (09m17.0s), 12/12 VUs, 14829 complete and 0 interrupted iterations
oscillating   [  73% ] 12/12 VUs  08m48.8s/12m00.0s

running (09m18.0s), 12/12 VUs, 14868 complete and 0 interrupted iterations
oscillating   [  74% ] 12/12 VUs  08m49.8s/12m00.0s

running (09m19.0s), 12/12 VUs, 14912 complete and 0 interrupted iterations
oscillating   [  74% ] 12/12 VUs  08m50.8s/12m00.0s

running (09m20.0s), 12/12 VUs, 14958 complete and 0 interrupted iterations
oscillating   [  74% ] 12/12 VUs  08m51.8s/12m00.0s

running (09m21.0s), 12/12 VUs, 14984 complete and 0 interrupted iterations
oscillating   [  74% ] 12/12 VUs  08m52.8s/12m00.0s

running (09m22.0s), 12/12 VUs, 15019 complete and 0 interrupted iterations
oscillating   [  74% ] 12/12 VUs  08m53.8s/12m00.0s

running (09m23.0s), 12/12 VUs, 15067 complete and 0 interrupted iterations
oscillating   [  74% ] 12/12 VUs  08m54.8s/12m00.0s

running (09m24.0s), 12/12 VUs, 15110 complete and 0 interrupted iterations
oscillating   [  74% ] 12/12 VUs  08m55.8s/12m00.0s

running (09m25.0s), 12/12 VUs, 15156 complete and 0 interrupted iterations
oscillating   [  75% ] 12/12 VUs  08m56.8s/12m00.0s

running (09m26.0s), 12/12 VUs, 15201 complete and 0 interrupted iterations
oscillating   [  75% ] 12/12 VUs  08m57.8s/12m00.0s

running (09m27.0s), 12/12 VUs, 15255 complete and 0 interrupted iterations
oscillating   [  75% ] 12/12 VUs  08m58.8s/12m00.0s

running (09m28.0s), 12/12 VUs, 15289 complete and 0 interrupted iterations
oscillating   [  75% ] 12/12 VUs  08m59.8s/12m00.0s

running (09m29.0s), 12/12 VUs, 15339 complete and 0 interrupted iterations
oscillating   [  75% ] 12/12 VUs  09m00.8s/12m00.0s

running (09m30.0s), 12/12 VUs, 15381 complete and 0 interrupted iterations
oscillating   [  75% ] 12/12 VUs  09m01.8s/12m00.0s

running (09m31.0s), 12/12 VUs, 15429 complete and 0 interrupted iterations
oscillating   [  75% ] 12/12 VUs  09m02.8s/12m00.0s

running (09m32.0s), 12/12 VUs, 15490 complete and 0 interrupted iterations
oscillating   [  76% ] 12/12 VUs  09m03.8s/12m00.0s

running (09m33.0s), 12/12 VUs, 15548 complete and 0 interrupted iterations
oscillating   [  76% ] 12/12 VUs  09m04.8s/12m00.0s

running (09m34.0s), 12/12 VUs, 15581 complete and 0 interrupted iterations
oscillating   [  76% ] 12/12 VUs  09m05.8s/12m00.0s

running (09m35.0s), 12/12 VUs, 15612 complete and 0 interrupted iterations
oscillating   [  76% ] 12/12 VUs  09m06.8s/12m00.0s

running (09m36.0s), 12/12 VUs, 15641 complete and 0 interrupted iterations
oscillating   [  76% ] 12/12 VUs  09m07.8s/12m00.0s

running (09m37.0s), 12/12 VUs, 15675 complete and 0 interrupted iterations
oscillating   [  76% ] 12/12 VUs  09m08.8s/12m00.0s

running (09m38.0s), 12/12 VUs, 15722 complete and 0 interrupted iterations
oscillating   [  76% ] 12/12 VUs  09m09.8s/12m00.0s

running (09m39.0s), 12/12 VUs, 15765 complete and 0 interrupted iterations
oscillating   [  76% ] 12/12 VUs  09m10.8s/12m00.0s

running (09m40.0s), 12/12 VUs, 15807 complete and 0 interrupted iterations
oscillating   [  77% ] 12/12 VUs  09m11.8s/12m00.0s

running (09m41.0s), 12/12 VUs, 15843 complete and 0 interrupted iterations
oscillating   [  77% ] 12/12 VUs  09m12.8s/12m00.0s

running (09m42.0s), 12/12 VUs, 15875 complete and 0 interrupted iterations
oscillating   [  77% ] 12/12 VUs  09m13.8s/12m00.0s

running (09m43.0s), 12/12 VUs, 15947 complete and 0 interrupted iterations
oscillating   [  77% ] 12/12 VUs  09m14.8s/12m00.0s

running (09m44.0s), 11/12 VUs, 16004 complete and 0 interrupted iterations
oscillating   [  77% ] 11/12 VUs  09m15.8s/12m00.0s

running (09m45.0s), 11/12 VUs, 16055 complete and 0 interrupted iterations
oscillating   [  77% ] 11/12 VUs  09m16.8s/12m00.0s

running (09m46.0s), 11/12 VUs, 16126 complete and 0 interrupted iterations
oscillating   [  77% ] 11/12 VUs  09m17.8s/12m00.0s

running (09m47.0s), 11/12 VUs, 16171 complete and 0 interrupted iterations
oscillating   [  78% ] 11/12 VUs  09m18.8s/12m00.0s

running (09m48.0s), 11/12 VUs, 16238 complete and 0 interrupted iterations
oscillating   [  78% ] 11/12 VUs  09m19.8s/12m00.0s

running (09m49.0s), 11/12 VUs, 16284 complete and 0 interrupted iterations
oscillating   [  78% ] 11/12 VUs  09m20.8s/12m00.0s

running (09m50.0s), 11/12 VUs, 16322 complete and 0 interrupted iterations
oscillating   [  78% ] 11/12 VUs  09m21.8s/12m00.0s

running (09m51.0s), 11/12 VUs, 16347 complete and 0 interrupted iterations
oscillating   [  78% ] 11/12 VUs  09m22.8s/12m00.0s

running (09m52.0s), 11/12 VUs, 16386 complete and 0 interrupted iterations
oscillating   [  78% ] 11/12 VUs  09m23.8s/12m00.0s

running (09m53.0s), 11/12 VUs, 16423 complete and 0 interrupted iterations
oscillating   [  78% ] 11/12 VUs  09m24.8s/12m00.0s

running (09m54.0s), 11/12 VUs, 16463 complete and 0 interrupted iterations
oscillating   [  79% ] 11/12 VUs  09m25.8s/12m00.0s

running (09m55.0s), 11/12 VUs, 16519 complete and 0 interrupted iterations
oscillating   [  79% ] 11/12 VUs  09m26.8s/12m00.0s

running (09m56.0s), 11/12 VUs, 16586 complete and 0 interrupted iterations
oscillating   [  79% ] 11/12 VUs  09m27.8s/12m00.0s

running (09m57.0s), 11/12 VUs, 16627 complete and 0 interrupted iterations
oscillating   [  79% ] 11/12 VUs  09m28.8s/12m00.0s

running (09m58.0s), 11/12 VUs, 16666 complete and 0 interrupted iterations
oscillating   [  79% ] 11/12 VUs  09m29.8s/12m00.0s

running (09m59.0s), 11/12 VUs, 16705 complete and 0 interrupted iterations
oscillating   [  79% ] 11/12 VUs  09m30.8s/12m00.0s

running (10m00.0s), 10/12 VUs, 16745 complete and 0 interrupted iterations
oscillating   [  79% ] 10/12 VUs  09m31.8s/12m00.0s

running (10m01.0s), 10/12 VUs, 16791 complete and 0 interrupted iterations
oscillating   [  80% ] 10/12 VUs  09m32.8s/12m00.0s

running (10m02.0s), 10/12 VUs, 16842 complete and 0 interrupted iterations
oscillating   [  80% ] 10/12 VUs  09m33.8s/12m00.0s

running (10m03.0s), 10/12 VUs, 16914 complete and 0 interrupted iterations
oscillating   [  80% ] 10/12 VUs  09m34.8s/12m00.0s

running (10m04.0s), 10/12 VUs, 16955 complete and 0 interrupted iterations
oscillating   [  80% ] 10/12 VUs  09m35.8s/12m00.0s

running (10m05.0s), 10/12 VUs, 17012 complete and 0 interrupted iterations
oscillating   [  80% ] 10/12 VUs  09m36.8s/12m00.0s

running (10m06.0s), 10/12 VUs, 17035 complete and 0 interrupted iterations
oscillating   [  80% ] 10/12 VUs  09m37.8s/12m00.0s

running (10m07.0s), 10/12 VUs, 17099 complete and 0 interrupted iterations
oscillating   [  80% ] 10/12 VUs  09m38.8s/12m00.0s

running (10m08.0s), 10/12 VUs, 17160 complete and 0 interrupted iterations
oscillating   [  81% ] 10/12 VUs  09m39.8s/12m00.0s

running (10m09.0s), 10/12 VUs, 17204 complete and 0 interrupted iterations
oscillating   [  81% ] 10/12 VUs  09m40.8s/12m00.0s

running (10m10.0s), 10/12 VUs, 17251 complete and 0 interrupted iterations
oscillating   [  81% ] 10/12 VUs  09m41.8s/12m00.0s

running (10m11.0s), 10/12 VUs, 17285 complete and 0 interrupted iterations
oscillating   [  81% ] 10/12 VUs  09m42.8s/12m00.0s

running (10m12.0s), 10/12 VUs, 17363 complete and 0 interrupted iterations
oscillating   [  81% ] 10/12 VUs  09m43.8s/12m00.0s

running (10m13.0s), 10/12 VUs, 17417 complete and 0 interrupted iterations
oscillating   [  81% ] 10/12 VUs  09m44.8s/12m00.0s

running (10m14.0s), 09/12 VUs, 17471 complete and 0 interrupted iterations
oscillating   [  81% ] 09/12 VUs  09m45.8s/12m00.0s

running (10m15.0s), 09/12 VUs, 17552 complete and 0 interrupted iterations
oscillating   [  81% ] 09/12 VUs  09m46.8s/12m00.0s

running (10m16.0s), 09/12 VUs, 17591 complete and 0 interrupted iterations
oscillating   [  82% ] 09/12 VUs  09m47.8s/12m00.0s

running (10m17.0s), 09/12 VUs, 17650 complete and 0 interrupted iterations
oscillating   [  82% ] 09/12 VUs  09m48.8s/12m00.0s

running (10m18.0s), 09/12 VUs, 17707 complete and 0 interrupted iterations
oscillating   [  82% ] 09/12 VUs  09m49.8s/12m00.0s

running (10m19.0s), 09/12 VUs, 17740 complete and 0 interrupted iterations
oscillating   [  82% ] 09/12 VUs  09m50.8s/12m00.0s

running (10m20.0s), 09/12 VUs, 17770 complete and 0 interrupted iterations
oscillating   [  82% ] 09/12 VUs  09m51.8s/12m00.0s

running (10m21.0s), 09/12 VUs, 17792 complete and 0 interrupted iterations
oscillating   [  82% ] 09/12 VUs  09m52.8s/12m00.0s

running (10m22.0s), 09/12 VUs, 17818 complete and 0 interrupted iterations
oscillating   [  82% ] 09/12 VUs  09m53.8s/12m00.0s

running (10m23.0s), 09/12 VUs, 17852 complete and 0 interrupted iterations
oscillating   [  83% ] 09/12 VUs  09m54.8s/12m00.0s

running (10m24.0s), 09/12 VUs, 17870 complete and 0 interrupted iterations
oscillating   [  83% ] 09/12 VUs  09m55.8s/12m00.0s

running (10m25.0s), 09/12 VUs, 17933 complete and 0 interrupted iterations
oscillating   [  83% ] 09/12 VUs  09m56.8s/12m00.0s

running (10m26.0s), 09/12 VUs, 17985 complete and 0 interrupted iterations
oscillating   [  83% ] 09/12 VUs  09m57.8s/12m00.0s

running (10m27.0s), 09/12 VUs, 18025 complete and 0 interrupted iterations
oscillating   [  83% ] 09/12 VUs  09m58.8s/12m00.0s

running (10m28.0s), 09/12 VUs, 18053 complete and 0 interrupted iterations
oscillating   [  83% ] 09/12 VUs  09m59.8s/12m00.0s

running (10m29.0s), 09/12 VUs, 18110 complete and 0 interrupted iterations
oscillating   [  83% ] 09/12 VUs  10m00.8s/12m00.0s

running (10m30.0s), 09/12 VUs, 18151 complete and 0 interrupted iterations
oscillating   [  84% ] 09/12 VUs  10m01.8s/12m00.0s

running (10m31.0s), 08/12 VUs, 18175 complete and 0 interrupted iterations
oscillating   [  84% ] 08/12 VUs  10m02.8s/12m00.0s

running (10m32.0s), 08/12 VUs, 18237 complete and 0 interrupted iterations
oscillating   [  84% ] 08/12 VUs  10m03.8s/12m00.0s

running (10m33.0s), 08/12 VUs, 18292 complete and 0 interrupted iterations
oscillating   [  84% ] 08/12 VUs  10m04.8s/12m00.0s

running (10m34.0s), 08/12 VUs, 18336 complete and 0 interrupted iterations
oscillating   [  84% ] 08/12 VUs  10m05.8s/12m00.0s

running (10m35.0s), 08/12 VUs, 18364 complete and 0 interrupted iterations
oscillating   [  84% ] 08/12 VUs  10m06.8s/12m00.0s

running (10m36.0s), 08/12 VUs, 18404 complete and 0 interrupted iterations
oscillating   [  84% ] 08/12 VUs  10m07.8s/12m00.0s

running (10m37.0s), 08/12 VUs, 18475 complete and 0 interrupted iterations
oscillating   [  85% ] 08/12 VUs  10m08.8s/12m00.0s

running (10m38.0s), 08/12 VUs, 18520 complete and 0 interrupted iterations
oscillating   [  85% ] 08/12 VUs  10m09.8s/12m00.0s

running (10m39.0s), 08/12 VUs, 18560 complete and 0 interrupted iterations
oscillating   [  85% ] 08/12 VUs  10m10.8s/12m00.0s

running (10m40.0s), 08/12 VUs, 18594 complete and 0 interrupted iterations
oscillating   [  85% ] 08/12 VUs  10m11.8s/12m00.0s

running (10m41.0s), 08/12 VUs, 18620 complete and 0 interrupted iterations
oscillating   [  85% ] 08/12 VUs  10m12.8s/12m00.0s

running (10m42.0s), 08/12 VUs, 18656 complete and 0 interrupted iterations
oscillating   [  85% ] 08/12 VUs  10m13.8s/12m00.0s

running (10m43.0s), 08/12 VUs, 18694 complete and 0 interrupted iterations
oscillating   [  85% ] 08/12 VUs  10m14.8s/12m00.0s

running (10m44.0s), 07/12 VUs, 18721 complete and 0 interrupted iterations
oscillating   [  86% ] 07/12 VUs  10m15.8s/12m00.0s

running (10m45.0s), 07/12 VUs, 18766 complete and 0 interrupted iterations
oscillating   [  86% ] 07/12 VUs  10m16.8s/12m00.0s

running (10m46.0s), 07/12 VUs, 18813 complete and 0 interrupted iterations
oscillating   [  86% ] 07/12 VUs  10m17.8s/12m00.0s

running (10m47.0s), 07/12 VUs, 18867 complete and 0 interrupted iterations
oscillating   [  86% ] 07/12 VUs  10m18.8s/12m00.0s

running (10m48.0s), 07/12 VUs, 18897 complete and 0 interrupted iterations
oscillating   [  86% ] 07/12 VUs  10m19.8s/12m00.0s

running (10m49.0s), 07/12 VUs, 18932 complete and 0 interrupted iterations
oscillating   [  86% ] 07/12 VUs  10m20.8s/12m00.0s

running (10m50.0s), 07/12 VUs, 18963 complete and 0 interrupted iterations
oscillating   [  86% ] 07/12 VUs  10m21.8s/12m00.0s

running (10m51.0s), 07/12 VUs, 19021 complete and 0 interrupted iterations
oscillating   [  86% ] 07/12 VUs  10m22.8s/12m00.0s

running (10m52.0s), 07/12 VUs, 19079 complete and 0 interrupted iterations
oscillating   [  87% ] 07/12 VUs  10m23.8s/12m00.0s

running (10m53.0s), 07/12 VUs, 19105 complete and 0 interrupted iterations
oscillating   [  87% ] 07/12 VUs  10m24.8s/12m00.0s

running (10m54.0s), 07/12 VUs, 19111 complete and 0 interrupted iterations
oscillating   [  87% ] 07/12 VUs  10m25.8s/12m00.0s

running (10m55.0s), 07/12 VUs, 19146 complete and 0 interrupted iterations
oscillating   [  87% ] 07/12 VUs  10m26.8s/12m00.0s

running (10m56.0s), 07/12 VUs, 19180 complete and 0 interrupted iterations
oscillating   [  87% ] 07/12 VUs  10m27.8s/12m00.0s

running (10m57.0s), 07/12 VUs, 19203 complete and 0 interrupted iterations
oscillating   [  87% ] 07/12 VUs  10m28.8s/12m00.0s

running (10m58.0s), 07/12 VUs, 19254 complete and 0 interrupted iterations
oscillating   [  87% ] 07/12 VUs  10m29.8s/12m00.0s

running (10m59.0s), 06/12 VUs, 19296 complete and 0 interrupted iterations
oscillating   [  88% ] 06/12 VUs  10m30.8s/12m00.0s

running (11m00.0s), 06/12 VUs, 19370 complete and 0 interrupted iterations
oscillating   [  88% ] 06/12 VUs  10m31.8s/12m00.0s

running (11m01.0s), 06/12 VUs, 19412 complete and 0 interrupted iterations
oscillating   [  88% ] 06/12 VUs  10m32.8s/12m00.0s

running (11m02.0s), 06/12 VUs, 19443 complete and 0 interrupted iterations
oscillating   [  88% ] 06/12 VUs  10m33.8s/12m00.0s

running (11m03.0s), 06/12 VUs, 19479 complete and 0 interrupted iterations
oscillating   [  88% ] 06/12 VUs  10m34.8s/12m00.0s

running (11m04.0s), 06/12 VUs, 19544 complete and 0 interrupted iterations
oscillating   [  88% ] 06/12 VUs  10m35.8s/12m00.0s

running (11m05.0s), 06/12 VUs, 19571 complete and 0 interrupted iterations
oscillating   [  88% ] 06/12 VUs  10m36.8s/12m00.0s

running (11m06.0s), 06/12 VUs, 19592 complete and 0 interrupted iterations
oscillating   [  89% ] 06/12 VUs  10m37.8s/12m00.0s

running (11m07.0s), 06/12 VUs, 19641 complete and 0 interrupted iterations
oscillating   [  89% ] 06/12 VUs  10m38.8s/12m00.0s

running (11m08.0s), 06/12 VUs, 19692 complete and 0 interrupted iterations
oscillating   [  89% ] 06/12 VUs  10m39.8s/12m00.0s

running (11m09.0s), 06/12 VUs, 19750 complete and 0 interrupted iterations
oscillating   [  89% ] 06/12 VUs  10m40.8s/12m00.0s

running (11m10.0s), 06/12 VUs, 19760 complete and 0 interrupted iterations
oscillating   [  89% ] 06/12 VUs  10m41.8s/12m00.0s

running (11m11.0s), 06/12 VUs, 19779 complete and 0 interrupted iterations
oscillating   [  89% ] 06/12 VUs  10m42.8s/12m00.0s

running (11m12.0s), 06/12 VUs, 19804 complete and 0 interrupted iterations
oscillating   [  89% ] 06/12 VUs  10m43.8s/12m00.0s

running (11m13.0s), 06/12 VUs, 19818 complete and 0 interrupted iterations
oscillating   [  90% ] 06/12 VUs  10m44.8s/12m00.0s

running (11m14.0s), 05/12 VUs, 19839 complete and 0 interrupted iterations
oscillating   [  90% ] 05/12 VUs  10m45.8s/12m00.0s

running (11m15.0s), 05/12 VUs, 19867 complete and 0 interrupted iterations
oscillating   [  90% ] 05/12 VUs  10m46.8s/12m00.0s

running (11m16.0s), 05/12 VUs, 19909 complete and 0 interrupted iterations
oscillating   [  90% ] 05/12 VUs  10m47.8s/12m00.0s

running (11m17.0s), 05/12 VUs, 19941 complete and 0 interrupted iterations
oscillating   [  90% ] 05/12 VUs  10m48.8s/12m00.0s

running (11m18.0s), 05/12 VUs, 19968 complete and 0 interrupted iterations
oscillating   [  90% ] 05/12 VUs  10m49.8s/12m00.0s

running (11m19.0s), 05/12 VUs, 20009 complete and 0 interrupted iterations
oscillating   [  90% ] 05/12 VUs  10m50.8s/12m00.0s

running (11m20.0s), 05/12 VUs, 20023 complete and 0 interrupted iterations
oscillating   [  91% ] 05/12 VUs  10m51.8s/12m00.0s

running (11m21.0s), 05/12 VUs, 20092 complete and 0 interrupted iterations
oscillating   [  91% ] 05/12 VUs  10m52.8s/12m00.0s

running (11m22.0s), 05/12 VUs, 20123 complete and 0 interrupted iterations
oscillating   [  91% ] 05/12 VUs  10m53.8s/12m00.0s

running (11m23.0s), 05/12 VUs, 20140 complete and 0 interrupted iterations
oscillating   [  91% ] 05/12 VUs  10m54.8s/12m00.0s

running (11m24.0s), 05/12 VUs, 20181 complete and 0 interrupted iterations
oscillating   [  91% ] 05/12 VUs  10m55.8s/12m00.0s

running (11m25.0s), 05/12 VUs, 20230 complete and 0 interrupted iterations
oscillating   [  91% ] 05/12 VUs  10m56.8s/12m00.0s

running (11m26.0s), 05/12 VUs, 20281 complete and 0 interrupted iterations
oscillating   [  91% ] 05/12 VUs  10m57.8s/12m00.0s

running (11m27.0s), 05/12 VUs, 20300 complete and 0 interrupted iterations
oscillating   [  91% ] 05/12 VUs  10m58.8s/12m00.0s

running (11m28.0s), 05/12 VUs, 20304 complete and 0 interrupted iterations
oscillating   [  92% ] 05/12 VUs  10m59.8s/12m00.0s

running (11m29.0s), 04/12 VUs, 20350 complete and 0 interrupted iterations
oscillating   [  92% ] 04/12 VUs  11m00.8s/12m00.0s

running (11m30.0s), 04/12 VUs, 20364 complete and 0 interrupted iterations
oscillating   [  92% ] 04/12 VUs  11m01.8s/12m00.0s

running (11m31.0s), 04/12 VUs, 20389 complete and 0 interrupted iterations
oscillating   [  92% ] 04/12 VUs  11m02.8s/12m00.0s

running (11m32.0s), 04/12 VUs, 20432 complete and 0 interrupted iterations
oscillating   [  92% ] 04/12 VUs  11m03.8s/12m00.0s

running (11m33.0s), 04/12 VUs, 20439 complete and 0 interrupted iterations
oscillating   [  92% ] 04/12 VUs  11m04.8s/12m00.0s

running (11m34.0s), 04/12 VUs, 20458 complete and 0 interrupted iterations
oscillating   [  92% ] 04/12 VUs  11m05.8s/12m00.0s

running (11m35.0s), 04/12 VUs, 20518 complete and 0 interrupted iterations
oscillating   [  93% ] 04/12 VUs  11m06.8s/12m00.0s

running (11m36.0s), 04/12 VUs, 20531 complete and 0 interrupted iterations
oscillating   [  93% ] 04/12 VUs  11m07.8s/12m00.0s

running (11m37.0s), 04/12 VUs, 20562 complete and 0 interrupted iterations
oscillating   [  93% ] 04/12 VUs  11m08.8s/12m00.0s

running (11m38.0s), 04/12 VUs, 20593 complete and 0 interrupted iterations
oscillating   [  93% ] 04/12 VUs  11m09.8s/12m00.0s

running (11m39.0s), 04/12 VUs, 20635 complete and 0 interrupted iterations
oscillating   [  93% ] 04/12 VUs  11m10.8s/12m00.0s

running (11m40.0s), 04/12 VUs, 20695 complete and 0 interrupted iterations
oscillating   [  93% ] 04/12 VUs  11m11.8s/12m00.0s

running (11m41.0s), 04/12 VUs, 20737 complete and 0 interrupted iterations
oscillating   [  93% ] 04/12 VUs  11m12.8s/12m00.0s

running (11m42.0s), 04/12 VUs, 20763 complete and 0 interrupted iterations
oscillating   [  94% ] 04/12 VUs  11m13.8s/12m00.0s

running (11m43.0s), 04/12 VUs, 20800 complete and 0 interrupted iterations
oscillating   [  94% ] 04/12 VUs  11m14.8s/12m00.0s

running (11m44.0s), 04/12 VUs, 20812 complete and 0 interrupted iterations
oscillating   [  94% ] 04/12 VUs  11m15.8s/12m00.0s

running (11m45.0s), 03/12 VUs, 20826 complete and 0 interrupted iterations
oscillating   [  94% ] 03/12 VUs  11m16.8s/12m00.0s

running (11m46.0s), 03/12 VUs, 20875 complete and 0 interrupted iterations
oscillating   [  94% ] 03/12 VUs  11m17.8s/12m00.0s

running (11m47.0s), 03/12 VUs, 20889 complete and 0 interrupted iterations
oscillating   [  94% ] 03/12 VUs  11m18.8s/12m00.0s

running (11m48.0s), 03/12 VUs, 20928 complete and 0 interrupted iterations
oscillating   [  94% ] 03/12 VUs  11m19.8s/12m00.0s

running (11m49.0s), 03/12 VUs, 20985 complete and 0 interrupted iterations
oscillating   [  95% ] 03/12 VUs  11m20.8s/12m00.0s

running (11m50.0s), 03/12 VUs, 21014 complete and 0 interrupted iterations
oscillating   [  95% ] 03/12 VUs  11m21.8s/12m00.0s

running (11m51.0s), 03/12 VUs, 21041 complete and 0 interrupted iterations
oscillating   [  95% ] 03/12 VUs  11m22.8s/12m00.0s

running (11m52.0s), 03/12 VUs, 21066 complete and 0 interrupted iterations
oscillating   [  95% ] 03/12 VUs  11m23.8s/12m00.0s

running (11m53.0s), 03/12 VUs, 21103 complete and 0 interrupted iterations
oscillating   [  95% ] 03/12 VUs  11m24.8s/12m00.0s

running (11m54.0s), 03/12 VUs, 21128 complete and 0 interrupted iterations
oscillating   [  95% ] 03/12 VUs  11m25.8s/12m00.0s

running (11m55.0s), 03/12 VUs, 21174 complete and 0 interrupted iterations
oscillating   [  95% ] 03/12 VUs  11m26.8s/12m00.0s

running (11m56.0s), 03/12 VUs, 21184 complete and 0 interrupted iterations
oscillating   [  96% ] 03/12 VUs  11m27.8s/12m00.0s

running (11m57.0s), 03/12 VUs, 21208 complete and 0 interrupted iterations
oscillating   [  96% ] 03/12 VUs  11m28.8s/12m00.0s

running (11m58.0s), 03/12 VUs, 21214 complete and 0 interrupted iterations
oscillating   [  96% ] 03/12 VUs  11m29.8s/12m00.0s

running (11m59.0s), 03/12 VUs, 21233 complete and 0 interrupted iterations
oscillating   [  96% ] 03/12 VUs  11m30.8s/12m00.0s

running (12m00.0s), 02/12 VUs, 21244 complete and 0 interrupted iterations
oscillating   [  96% ] 02/12 VUs  11m31.8s/12m00.0s

running (12m01.0s), 02/12 VUs, 21281 complete and 0 interrupted iterations
oscillating   [  96% ] 02/12 VUs  11m32.8s/12m00.0s

running (12m02.0s), 02/12 VUs, 21325 complete and 0 interrupted iterations
oscillating   [  96% ] 02/12 VUs  11m33.8s/12m00.0s

running (12m03.0s), 02/12 VUs, 21340 complete and 0 interrupted iterations
oscillating   [  96% ] 02/12 VUs  11m34.8s/12m00.0s

running (12m04.0s), 02/12 VUs, 21369 complete and 0 interrupted iterations
oscillating   [  97% ] 02/12 VUs  11m35.8s/12m00.0s

running (12m05.0s), 02/12 VUs, 21380 complete and 0 interrupted iterations
oscillating   [  97% ] 02/12 VUs  11m36.8s/12m00.0s

running (12m06.0s), 02/12 VUs, 21398 complete and 0 interrupted iterations
oscillating   [  97% ] 02/12 VUs  11m37.8s/12m00.0s

running (12m07.0s), 02/12 VUs, 21429 complete and 0 interrupted iterations
oscillating   [  97% ] 02/12 VUs  11m38.8s/12m00.0s

running (12m08.0s), 02/12 VUs, 21450 complete and 0 interrupted iterations
oscillating   [  97% ] 02/12 VUs  11m39.8s/12m00.0s

running (12m09.0s), 02/12 VUs, 21467 complete and 0 interrupted iterations
oscillating   [  97% ] 02/12 VUs  11m40.8s/12m00.0s

running (12m10.0s), 02/12 VUs, 21506 complete and 0 interrupted iterations
oscillating   [  97% ] 02/12 VUs  11m41.8s/12m00.0s

running (12m11.0s), 02/12 VUs, 21545 complete and 0 interrupted iterations
oscillating   [  98% ] 02/12 VUs  11m42.8s/12m00.0s

running (12m12.0s), 02/12 VUs, 21553 complete and 0 interrupted iterations
oscillating   [  98% ] 02/12 VUs  11m43.8s/12m00.0s

running (12m13.0s), 02/12 VUs, 21608 complete and 0 interrupted iterations
oscillating   [  98% ] 02/12 VUs  11m44.8s/12m00.0s

running (12m14.0s), 01/12 VUs, 21613 complete and 0 interrupted iterations
oscillating   [  98% ] 01/12 VUs  11m45.8s/12m00.0s

running (12m15.0s), 01/12 VUs, 21623 complete and 0 interrupted iterations
oscillating   [  98% ] 01/12 VUs  11m46.8s/12m00.0s

running (12m16.0s), 01/12 VUs, 21630 complete and 0 interrupted iterations
oscillating   [  98% ] 01/12 VUs  11m47.8s/12m00.0s

running (12m17.0s), 01/12 VUs, 21643 complete and 0 interrupted iterations
oscillating   [  98% ] 01/12 VUs  11m48.8s/12m00.0s

running (12m18.0s), 01/12 VUs, 21646 complete and 0 interrupted iterations
oscillating   [  99% ] 01/12 VUs  11m49.8s/12m00.0s

running (12m19.0s), 01/12 VUs, 21652 complete and 0 interrupted iterations
oscillating   [  99% ] 01/12 VUs  11m50.8s/12m00.0s

running (12m20.0s), 01/12 VUs, 21665 complete and 0 interrupted iterations
oscillating   [  99% ] 01/12 VUs  11m51.8s/12m00.0s

running (12m21.0s), 01/12 VUs, 21684 complete and 0 interrupted iterations
oscillating   [  99% ] 01/12 VUs  11m52.8s/12m00.0s

running (12m22.0s), 01/12 VUs, 21699 complete and 0 interrupted iterations
oscillating   [  99% ] 01/12 VUs  11m53.8s/12m00.0s

running (12m23.0s), 01/12 VUs, 21720 complete and 0 interrupted iterations
oscillating   [  99% ] 01/12 VUs  11m54.8s/12m00.0s

running (12m24.0s), 01/12 VUs, 21737 complete and 0 interrupted iterations
oscillating   [  99% ] 01/12 VUs  11m55.8s/12m00.0s

running (12m25.0s), 01/12 VUs, 21754 complete and 0 interrupted iterations
oscillating   [ 100% ] 01/12 VUs  11m56.8s/12m00.0s

running (12m26.0s), 01/12 VUs, 21763 complete and 0 interrupted iterations
oscillating   [ 100% ] 01/12 VUs  11m57.8s/12m00.0s

running (12m27.0s), 01/12 VUs, 21789 complete and 0 interrupted iterations
oscillating   [ 100% ] 01/12 VUs  11m58.8s/12m00.0s

running (12m28.0s), 01/12 VUs, 21792 complete and 0 interrupted iterations
oscillating   [ 100% ] 01/12 VUs  11m59.8s/12m00.0s


  █ THRESHOLDS 

    http_req_duration
    ✓ 'p(95)<2000' p(95)=1.17s

    http_req_failed
    ✓ 'rate<0.05' rate=0.00%


  █ TOTAL RESULTS 

    checks_total.......: 65379  87.357944/s
    checks_succeeded...: 97.97% 64052 out of 65379
    checks_failed......: 2.02%  1327 out of 65379

    ✓ me status is 200
    ✓ me returns user data
    ✗ me response time < 500ms
      ↳  99% — ✓ 15231 / ✗ 40
    ✓ login status is 200
    ✓ login returns access token
    ✗ login response time < 1000ms
      ↳  80% — ✓ 5235 / ✗ 1287

    HTTP
    http_req_duration..............: avg=197.17ms min=2.16ms med=12.67ms max=7.77s p(90)=522.89ms p(95)=1.17s
      { expected_response:true }...: avg=197.17ms min=2.16ms med=12.67ms max=7.77s p(90)=522.89ms p(95)=1.17s
    http_req_failed................: 0.00% 0 out of 21913
    http_reqs......................: 21913 29.279656/s

    EXECUTION
    iteration_duration.............: avg=197.74ms min=2.68ms med=13.38ms max=7.77s p(90)=523.06ms p(95)=1.18s
    iterations.....................: 21793 29.119315/s
    vus............................: 1     min=0          max=12
    vus_max........................: 12    min=12         max=12

    NETWORK
    data_received..................: 12 MB 15 kB/s
    data_sent......................: 11 MB 14 kB/s




running (12m28.4s), 00/12 VUs, 21793 complete and 0 interrupted iterations
oscillating ✓ [ 100% ] 00/12 VUs  12m0s
