[0;36m[2026-10-06 08:31:24][0m [0;32m✅ Froze run order in /home/kevin/e-commerce-vus/experiment-results-openloop-smoke/.pilot-plan (seed 20261007)[0m
[0;36m[2026-10-06 08:31:24][0m ================================================================
[0;36m[2026-10-06 08:31:24][0m   OPEN-LOOP PILOT  (open-loop-arr-v2, k6 grafana/k6:0.46.0)
[0;36m[2026-10-06 08:31:24][0m   Plan: 9 runs | pending: 9 | this invocation: 9
[0;36m[2026-10-06 08:31:24][0m   auth 2->30 req/s | shipping 10->105 req/s
[0;36m[2026-10-06 08:31:24][0m   timeout 5s, VU factor 1.5, seed 20261007
[0;36m[2026-10-06 08:31:24][0m   Estimated time for this invocation: 3h 9m
[0;36m[2026-10-06 08:31:24][0m ================================================================
[0;36m[2026-10-06 08:31:24][0m [0;34m── Deleting leftover k6 jobs...[0m
[0;36m[2026-10-06 08:31:25][0m [0;34m── Refreshing open-loop k6 ConfigMaps...[0m
[0;36m[2026-10-06 08:31:27][0m 
[0;36m[2026-10-06 08:31:27][0m ╔══ Pilot 1/9 (plan position 1/9) ══╗
[0;36m[2026-10-06 08:31:27][0m ━━━━━━━━━━━━━━━━━━━━━━━━━━━━━━━━━━━━━━━━━━━━━━━━━━━
[0;36m[2026-10-06 08:31:27][0m   PILOT RUN: shipping-rate-service_h3_spike_rep1  (plan position 1)
[0;36m[2026-10-06 08:31:27][0m   open loop: 10 -> 105 req/s, timeout 5s, VUs 788
[0;36m[2026-10-06 08:31:27][0m ━━━━━━━━━━━━━━━━━━━━━━━━━━━━━━━━━━━━━━━━━━━━━━━━━━━
[0;36m[2026-10-06 08:31:27][0m [0;34m── Cleaning up all autoscalers for auth-service...[0m
[0;36m[2026-10-06 08:31:34][0m [0;34m── Waiting for auth-service to return to the 1-replica baseline...[0m
[0;36m[2026-10-06 08:31:37][0m [0;32m✅ auth-service reached 1/1 ready replicas during cleanup[0m
[0;36m[2026-10-06 08:31:37][0m [0;34m── Resetting cluster state for shipping-rate-service...[0m
[0;36m[2026-10-06 08:31:37][0m [0;34m── Cleaning up all autoscalers for shipping-rate-service...[0m
[0;36m[2026-10-06 08:31:42][0m [0;34m── Waiting for shipping-rate-service to return to the 1-replica baseline...[0m
[0;36m[2026-10-06 08:31:45][0m [0;32m✅ shipping-rate-service reached 1/1 ready replicas during cleanup[0m
[0;36m[2026-10-06 08:31:45][0m [0;34m── Deleting leftover k6 jobs...[0m
[0;36m[2026-10-06 08:31:46][0m [0;34m── Waiting 120s for cluster stabilization...[0m
[0;36m[2026-10-06 08:33:48][0m [0;32m✅ shipping-rate-service reached 1/1 ready replicas during post-reset stabilization[0m
[0;36m[2026-10-06 08:33:48][0m [0;32m✅ Cluster state reset complete for shipping-rate-service[0m
[0;36m[2026-10-06 08:33:49][0m [0;34m── Applying configuration: h3 for shipping-rate-service (image tag 'from manifest', code overlay 5b5de9e30a49, max in-flight 48)[0m
[0;36m[2026-10-06 08:33:54][0m [0;32m✅ shipping-rate-service reached 1/1 ready replicas during config apply (h3)[0m
[0;36m[2026-10-06 08:33:54][0m [0;34m── Waiting 90s for metrics to baseline...[0m
[0;36m[2026-10-06 08:35:26][0m [0;32m✅ shipping-rate-service reached 1/1 ready replicas during post-config stabilization (h3)[0m
[0;36m[2026-10-06 08:35:26][0m [0;32m✅ Configuration h3 applied for shipping-rate-service[0m
[0;36m[2026-10-06 08:35:26][0m [0;34m── Pre-flight: verifying shipping-rate-service is ready on /ready...[0m
[0;36m[2026-10-06 08:35:27][0m [0;32m✅ Pre-flight passed: shipping-rate-service is ready[0m
[0;36m[2026-10-06 08:35:27][0m [0;34m── Starting open-loop k6 job k6-ol-shipping-rate-service-h3-spike-rep1[0m
[0;36m[2026-10-06 08:35:30][0m [0;34m── Waiting for k6 to finish (deadline 1500s)...[0m
[0;36m[2026-10-06 08:47:37][0m [0;32m✅ k6 finished in pod k6-ol-shipping-rate-service-h3-spike-rep1-2ks5p[0m
[0;36m[2026-10-06 08:47:41][0m [0;32m✅ Raw per-request data fetched: 8826654 bytes, md5 037f783a4317e37836d23617fc470ed4, k6 exit code 0[0m
[0;36m[2026-10-06 08:47:46][0m [0;34m── Waiting 180s before data export...[0m
[0;36m[2026-10-06 08:50:47][0m [0;34m── Exporting Prometheus metrics for 1791275487..1791276647...[0m
[0;36m[2026-10-06 08:50:59][0m [0;32m✅ Prometheus metrics exported to /home/kevin/e-commerce-vus/experiment-results-openloop-smoke/.tmp/shipping-rate-service_h3_spike_rep1-1791275487/[0m
[0;36m[2026-10-06 08:51:00][0m [0;32m✅ Pilot run shipping-rate-service_h3_spike_rep1 completed in 1172s[0m
[0;36m[2026-10-06 08:51:00][0m 
[0;36m[2026-10-06 08:51:00][0m ╔══ Pilot 2/9 (plan position 2/9) ══╗
[0;36m[2026-10-06 08:51:00][0m ━━━━━━━━━━━━━━━━━━━━━━━━━━━━━━━━━━━━━━━━━━━━━━━━━━━
[0;36m[2026-10-06 08:51:00][0m   PILOT RUN: shipping-rate-service_k1_spike_rep1  (plan position 2)
[0;36m[2026-10-06 08:51:00][0m   open loop: 10 -> 105 req/s, timeout 5s, VUs 788
[0;36m[2026-10-06 08:51:00][0m ━━━━━━━━━━━━━━━━━━━━━━━━━━━━━━━━━━━━━━━━━━━━━━━━━━━
[0;36m[2026-10-06 08:51:00][0m [0;34m── Cleaning up all autoscalers for auth-service...[0m
[0;36m[2026-10-06 08:51:07][0m [0;34m── Waiting for auth-service to return to the 1-replica baseline...[0m
[0;36m[2026-10-06 08:51:10][0m [0;32m✅ auth-service reached 1/1 ready replicas during cleanup[0m
[0;36m[2026-10-06 08:51:10][0m [0;34m── Resetting cluster state for shipping-rate-service...[0m
[0;36m[2026-10-06 08:51:10][0m [0;34m── Cleaning up all autoscalers for shipping-rate-service...[0m
[0;36m[2026-10-06 08:51:17][0m [0;34m── Waiting for shipping-rate-service to return to the 1-replica baseline...[0m
[0;36m[2026-10-06 08:51:20][0m [0;32m✅ shipping-rate-service reached 1/1 ready replicas during cleanup[0m
[0;36m[2026-10-06 08:51:20][0m [0;34m── Deleting leftover k6 jobs...[0m
[0;36m[2026-10-06 08:51:21][0m [0;34m── Waiting 120s for cluster stabilization...[0m
[0;36m[2026-10-06 08:53:23][0m [0;32m✅ shipping-rate-service reached 1/1 ready replicas during post-reset stabilization[0m
[0;36m[2026-10-06 08:53:23][0m [0;32m✅ Cluster state reset complete for shipping-rate-service[0m
[0;36m[2026-10-06 08:53:25][0m [0;34m── Applying configuration: k1 for shipping-rate-service (image tag 'from manifest', code overlay 5b5de9e30a49, max in-flight 48)[0m
[0;36m[2026-10-06 08:53:29][0m [0;32m✅ shipping-rate-service reached 1/1 ready replicas during config apply (k1)[0m
[0;36m[2026-10-06 08:53:29][0m [0;34m── Waiting 90s for metrics to baseline...[0m
[0;36m[2026-10-06 08:55:01][0m [0;32m✅ shipping-rate-service reached 1/1 ready replicas during post-config stabilization (k1)[0m
[0;36m[2026-10-06 08:55:01][0m [0;32m✅ Configuration k1 applied for shipping-rate-service[0m
[0;36m[2026-10-06 08:55:01][0m [0;34m── Pre-flight: verifying shipping-rate-service is ready on /ready...[0m
[0;36m[2026-10-06 08:55:03][0m [0;32m✅ Pre-flight passed: shipping-rate-service is ready[0m
[0;36m[2026-10-06 08:55:03][0m [0;34m── Starting open-loop k6 job k6-ol-shipping-rate-service-k1-spike-rep1[0m
[0;36m[2026-10-06 08:55:06][0m [0;34m── Waiting for k6 to finish (deadline 1500s)...[0m
[0;36m[2026-10-06 09:07:21][0m [0;32m✅ k6 finished in pod k6-ol-shipping-rate-service-k1-spike-rep1-4nmwd[0m
[0;36m[2026-10-06 09:07:24][0m [0;32m✅ Raw per-request data fetched: 8832666 bytes, md5 3cf8ab79f54a592f4a5500145f9fa196, k6 exit code 0[0m
[0;36m[2026-10-06 09:07:33][0m [0;34m── Waiting 180s before data export...[0m
[0;36m[2026-10-06 09:10:34][0m [0;34m── Exporting Prometheus metrics for 1791276660..1791277834...[0m
[0;36m[2026-10-06 09:10:47][0m [0;32m✅ Prometheus metrics exported to /home/kevin/e-commerce-vus/experiment-results-openloop-smoke/.tmp/shipping-rate-service_k1_spike_rep1-1791276660/[0m
[0;36m[2026-10-06 09:10:48][0m [0;32m✅ Pilot run shipping-rate-service_k1_spike_rep1 completed in 1187s[0m
[0;36m[2026-10-06 09:10:48][0m 
[0;36m[2026-10-06 09:10:48][0m ╔══ Pilot 3/9 (plan position 3/9) ══╗
[0;36m[2026-10-06 09:10:48][0m ━━━━━━━━━━━━━━━━━━━━━━━━━━━━━━━━━━━━━━━━━━━━━━━━━━━
[0;36m[2026-10-06 09:10:48][0m   PILOT RUN: auth-service_h2_spike_rep1  (plan position 3)
[0;36m[2026-10-06 09:10:48][0m   open loop: 2 -> 30 req/s, timeout 5s, VUs 225
[0;36m[2026-10-06 09:10:48][0m ━━━━━━━━━━━━━━━━━━━━━━━━━━━━━━━━━━━━━━━━━━━━━━━━━━━
[0;36m[2026-10-06 09:10:48][0m [0;34m── Cleaning up all autoscalers for shipping-rate-service...[0m
[0;36m[2026-10-06 09:11:53][0m [0;34m── Waiting for shipping-rate-service to return to the 1-replica baseline...[0m
[0;36m[2026-10-06 09:11:56][0m [0;32m✅ shipping-rate-service reached 1/1 ready replicas during cleanup[0m
[0;36m[2026-10-06 09:11:56][0m [0;34m── Resetting cluster state for auth-service...[0m
[0;36m[2026-10-06 09:11:56][0m [0;34m── Cleaning up all autoscalers for auth-service...[0m
[0;36m[2026-10-06 09:12:02][0m [0;34m── Waiting for auth-service to return to the 1-replica baseline...[0m
[0;36m[2026-10-06 09:12:04][0m [0;32m✅ auth-service reached 1/1 ready replicas during cleanup[0m
[0;36m[2026-10-06 09:12:04][0m [0;34m── Deleting leftover k6 jobs...[0m
[0;36m[2026-10-06 09:12:07][0m [0;34m── Pre-authenticating 120 auth test users (before any autoscaler exists)...[0m
[0;36m[2026-10-06 09:12:46][0m [0;32m✅ Pre-authenticated 120 users; tokens stored in ConfigMap k6-openloop-auth-tokens[0m
[0;36m[2026-10-06 09:12:46][0m [0;34m── Waiting 120s for cluster stabilization...[0m
[0;36m[2026-10-06 09:14:49][0m [0;32m✅ auth-service reached 1/1 ready replicas during post-reset stabilization[0m
[0;36m[2026-10-06 09:14:49][0m [0;32m✅ Cluster state reset complete for auth-service[0m
[0;36m[2026-10-06 09:14:50][0m [0;34m── Applying configuration: h2 for auth-service (image tag 'from manifest', code overlay 58d754bd7213, max in-flight 22)[0m
[0;36m[2026-10-06 09:14:54][0m [0;32m✅ auth-service reached 1/1 ready replicas during config apply (h2)[0m
[0;36m[2026-10-06 09:14:54][0m [0;34m── Waiting 90s for metrics to baseline...[0m
[0;36m[2026-10-06 09:16:27][0m [0;32m✅ auth-service reached 1/1 ready replicas during post-config stabilization (h2)[0m
[0;36m[2026-10-06 09:16:27][0m [0;32m✅ Configuration h2 applied for auth-service[0m
[0;36m[2026-10-06 09:16:27][0m [0;34m── Pre-flight: verifying auth-service is ready on /ready...[0m
[0;36m[2026-10-06 09:16:29][0m [0;32m✅ Pre-flight passed: auth-service is ready[0m
[0;36m[2026-10-06 09:16:29][0m [0;34m── Starting open-loop k6 job k6-ol-auth-service-h2-spike-rep1[0m
[0;36m[2026-10-06 09:16:31][0m [0;34m── Waiting for k6 to finish (deadline 1500s)...[0m
[0;36m[2026-10-06 09:28:34][0m [0;32m✅ k6 finished in pod k6-ol-auth-service-h2-spike-rep1-9xs9w[0m
[0;36m[2026-10-06 09:28:37][0m [0;32m✅ Raw per-request data fetched: 2598009 bytes, md5 4da65a349085b560ae415cb9b16807fb, k6 exit code 0[0m
[0;36m[2026-10-06 09:28:41][0m [0;34m── Waiting 180s before data export...[0m
[0;36m[2026-10-06 09:31:42][0m [0;34m── Exporting Prometheus metrics for 1791277848..1791279102...[0m
[0;36m[2026-10-06 09:31:55][0m [0;32m✅ Prometheus metrics exported to /home/kevin/e-commerce-vus/experiment-results-openloop-smoke/.tmp/auth-service_h2_spike_rep1-1791277848/[0m
[0;36m[2026-10-06 09:31:57][0m [0;32m✅ Pilot run auth-service_h2_spike_rep1 completed in 1268s[0m
[0;36m[2026-10-06 09:31:57][0m 
[0;36m[2026-10-06 09:31:57][0m ╔══ Pilot 4/9 (plan position 4/9) ══╗
[0;36m[2026-10-06 09:31:57][0m ━━━━━━━━━━━━━━━━━━━━━━━━━━━━━━━━━━━━━━━━━━━━━━━━━━━
[0;36m[2026-10-06 09:31:57][0m   PILOT RUN: shipping-rate-service_h2_spike_rep1  (plan position 4)
[0;36m[2026-10-06 09:31:57][0m   open loop: 10 -> 105 req/s, timeout 5s, VUs 788
[0;36m[2026-10-06 09:31:57][0m ━━━━━━━━━━━━━━━━━━━━━━━━━━━━━━━━━━━━━━━━━━━━━━━━━━━
[0;36m[2026-10-06 09:31:57][0m [0;34m── Cleaning up all autoscalers for auth-service...[0m
[0;36m[2026-10-06 09:32:03][0m [0;34m── Waiting for auth-service to return to the 1-replica baseline...[0m
[0;36m[2026-10-06 09:32:06][0m [0;32m✅ auth-service reached 1/1 ready replicas during cleanup[0m
[0;36m[2026-10-06 09:32:06][0m [0;34m── Resetting cluster state for shipping-rate-service...[0m
[0;36m[2026-10-06 09:32:06][0m [0;34m── Cleaning up all autoscalers for shipping-rate-service...[0m
[0;36m[2026-10-06 09:32:11][0m [0;34m── Waiting for shipping-rate-service to return to the 1-replica baseline...[0m
[0;36m[2026-10-06 09:32:14][0m [0;32m✅ shipping-rate-service reached 1/1 ready replicas during cleanup[0m
[0;36m[2026-10-06 09:32:14][0m [0;34m── Deleting leftover k6 jobs...[0m
[0;36m[2026-10-06 09:32:15][0m [0;34m── Waiting 120s for cluster stabilization...[0m
[0;36m[2026-10-06 09:34:17][0m [0;32m✅ shipping-rate-service reached 1/1 ready replicas during post-reset stabilization[0m
[0;36m[2026-10-06 09:34:17][0m [0;32m✅ Cluster state reset complete for shipping-rate-service[0m
[0;36m[2026-10-06 09:34:18][0m [0;34m── Applying configuration: h2 for shipping-rate-service (image tag 'from manifest', code overlay 5b5de9e30a49, max in-flight 48)[0m
[0;36m[2026-10-06 09:34:23][0m [0;32m✅ shipping-rate-service reached 1/1 ready replicas during config apply (h2)[0m
[0;36m[2026-10-06 09:34:23][0m [0;34m── Waiting 90s for metrics to baseline...[0m
[0;36m[2026-10-06 09:35:56][0m [0;32m✅ shipping-rate-service reached 1/1 ready replicas during post-config stabilization (h2)[0m
[0;36m[2026-10-06 09:35:56][0m [0;32m✅ Configuration h2 applied for shipping-rate-service[0m
[0;36m[2026-10-06 09:35:56][0m [0;34m── Pre-flight: verifying shipping-rate-service is ready on /ready...[0m
[0;36m[2026-10-06 09:35:57][0m [0;32m✅ Pre-flight passed: shipping-rate-service is ready[0m
[0;36m[2026-10-06 09:35:57][0m [0;34m── Starting open-loop k6 job k6-ol-shipping-rate-service-h2-spike-rep1[0m
[0;36m[2026-10-06 09:36:00][0m [0;34m── Waiting for k6 to finish (deadline 1500s)...[0m
[0;36m[2026-10-06 09:48:14][0m [0;32m✅ k6 finished in pod k6-ol-shipping-rate-service-h2-spike-rep1-jq5pl[0m
[0;36m[2026-10-06 09:48:17][0m [0;32m✅ Raw per-request data fetched: 8846917 bytes, md5 c53fb2c81ec9432cdb06cd2d04a56c54, k6 exit code 0[0m
[0;36m[2026-10-06 09:48:22][0m [0;34m── Waiting 180s before data export...[0m
[0;36m[2026-10-06 09:51:23][0m [0;34m── Exporting Prometheus metrics for 1791279117..1791280283...[0m
[0;36m[2026-10-06 09:51:35][0m [0;32m✅ Prometheus metrics exported to /home/kevin/e-commerce-vus/experiment-results-openloop-smoke/.tmp/shipping-rate-service_h2_spike_rep1-1791279117/[0m
[0;36m[2026-10-06 09:51:36][0m [0;32m✅ Pilot run shipping-rate-service_h2_spike_rep1 completed in 1178s[0m
[0;36m[2026-10-06 09:51:36][0m 
[0;36m[2026-10-06 09:51:36][0m ╔══ Pilot 5/9 (plan position 5/9) ══╗
[0;36m[2026-10-06 09:51:36][0m ━━━━━━━━━━━━━━━━━━━━━━━━━━━━━━━━━━━━━━━━━━━━━━━━━━━
[0;36m[2026-10-06 09:51:36][0m   PILOT RUN: shipping-rate-service_b1_spike_rep1  (plan position 5)
[0;36m[2026-10-06 09:51:36][0m   open loop: 10 -> 105 req/s, timeout 5s, VUs 788
[0;36m[2026-10-06 09:51:36][0m ━━━━━━━━━━━━━━━━━━━━━━━━━━━━━━━━━━━━━━━━━━━━━━━━━━━
[0;36m[2026-10-06 09:51:36][0m [0;34m── Cleaning up all autoscalers for auth-service...[0m
[0;36m[2026-10-06 09:51:42][0m [0;34m── Waiting for auth-service to return to the 1-replica baseline...[0m
[0;36m[2026-10-06 09:51:45][0m [0;32m✅ auth-service reached 1/1 ready replicas during cleanup[0m
[0;36m[2026-10-06 09:51:45][0m [0;34m── Resetting cluster state for shipping-rate-service...[0m
[0;36m[2026-10-06 09:51:45][0m [0;34m── Cleaning up all autoscalers for shipping-rate-service...[0m
[0;36m[2026-10-06 09:51:50][0m [0;34m── Waiting for shipping-rate-service to return to the 1-replica baseline...[0m
[0;36m[2026-10-06 09:51:53][0m [0;32m✅ shipping-rate-service reached 1/1 ready replicas during cleanup[0m
[0;36m[2026-10-06 09:51:53][0m [0;34m── Deleting leftover k6 jobs...[0m
[0;36m[2026-10-06 09:51:54][0m [0;34m── Waiting 120s for cluster stabilization...[0m
[0;36m[2026-10-06 09:53:56][0m [0;32m✅ shipping-rate-service reached 1/1 ready replicas during post-reset stabilization[0m
[0;36m[2026-10-06 09:53:56][0m [0;32m✅ Cluster state reset complete for shipping-rate-service[0m
[0;36m[2026-10-06 09:53:57][0m [0;34m── Applying configuration: b1 for shipping-rate-service (image tag 'from manifest', code overlay 5b5de9e30a49, max in-flight 48)[0m
[0;36m[2026-10-06 09:54:01][0m [0;32m✅ shipping-rate-service reached 1/1 ready replicas during config apply (b1)[0m
[0;36m[2026-10-06 09:54:01][0m [0;34m── Waiting 90s for metrics to baseline...[0m
[0;36m[2026-10-06 09:55:34][0m [0;32m✅ shipping-rate-service reached 1/1 ready replicas during post-config stabilization (b1)[0m
[0;36m[2026-10-06 09:55:34][0m [0;32m✅ Configuration b1 applied for shipping-rate-service[0m
[0;36m[2026-10-06 09:55:34][0m [0;34m── Pre-flight: verifying shipping-rate-service is ready on /ready...[0m
[0;36m[2026-10-06 09:55:35][0m [0;32m✅ Pre-flight passed: shipping-rate-service is ready[0m
[0;36m[2026-10-06 09:55:35][0m [0;34m── Starting open-loop k6 job k6-ol-shipping-rate-service-b1-spike-rep1[0m
[0;36m[2026-10-06 09:55:38][0m [0;34m── Waiting for k6 to finish (deadline 1500s)...[0m
[0;36m[2026-10-06 10:07:52][0m [0;32m✅ k6 finished in pod k6-ol-shipping-rate-service-b1-spike-rep1-jqldc[0m
[0;36m[2026-10-06 10:07:55][0m [0;32m✅ Raw per-request data fetched: 9090975 bytes, md5 6771646931cb8d714a6c7fff1ee02673, k6 exit code 0[0m
[0;36m[2026-10-06 10:08:04][0m [0;34m── Waiting 180s before data export...[0m
[0;36m[2026-10-06 10:11:05][0m [0;34m── Exporting Prometheus metrics for 1791280296..1791281465...[0m
[0;36m[2026-10-06 10:11:17][0m [0;32m✅ Prometheus metrics exported to /home/kevin/e-commerce-vus/experiment-results-openloop-smoke/.tmp/shipping-rate-service_b1_spike_rep1-1791280296/[0m
[0;36m[2026-10-06 10:11:18][0m [0;32m✅ Pilot run shipping-rate-service_b1_spike_rep1 completed in 1181s[0m
[0;36m[2026-10-06 10:11:18][0m 
[0;36m[2026-10-06 10:11:18][0m ╔══ Pilot 6/9 (plan position 6/9) ══╗
[0;36m[2026-10-06 10:11:18][0m ━━━━━━━━━━━━━━━━━━━━━━━━━━━━━━━━━━━━━━━━━━━━━━━━━━━
[0;36m[2026-10-06 10:11:18][0m   PILOT RUN: shipping-rate-service_k1_spike_rep2  (plan position 6)
[0;36m[2026-10-06 10:11:18][0m   open loop: 10 -> 105 req/s, timeout 5s, VUs 788
[0;36m[2026-10-06 10:11:18][0m ━━━━━━━━━━━━━━━━━━━━━━━━━━━━━━━━━━━━━━━━━━━━━━━━━━━
[0;36m[2026-10-06 10:11:18][0m [0;34m── Cleaning up all autoscalers for auth-service...[0m
[0;36m[2026-10-06 10:11:24][0m [0;34m── Waiting for auth-service to return to the 1-replica baseline...[0m
[0;36m[2026-10-06 10:11:27][0m [0;32m✅ auth-service reached 1/1 ready replicas during cleanup[0m
[0;36m[2026-10-06 10:11:27][0m [0;34m── Resetting cluster state for shipping-rate-service...[0m
[0;36m[2026-10-06 10:11:27][0m [0;34m── Cleaning up all autoscalers for shipping-rate-service...[0m
[0;36m[2026-10-06 10:11:34][0m [0;34m── Waiting for shipping-rate-service to return to the 1-replica baseline...[0m
[0;36m[2026-10-06 10:11:36][0m [0;32m✅ shipping-rate-service reached 1/1 ready replicas during cleanup[0m
[0;36m[2026-10-06 10:11:36][0m [0;34m── Deleting leftover k6 jobs...[0m
[0;36m[2026-10-06 10:11:37][0m [0;34m── Waiting 120s for cluster stabilization...[0m
[0;36m[2026-10-06 10:13:39][0m [0;32m✅ shipping-rate-service reached 1/1 ready replicas during post-reset stabilization[0m
[0;36m[2026-10-06 10:13:40][0m [0;32m✅ Cluster state reset complete for shipping-rate-service[0m
[0;36m[2026-10-06 10:13:41][0m [0;34m── Applying configuration: k1 for shipping-rate-service (image tag 'from manifest', code overlay 5b5de9e30a49, max in-flight 48)[0m
[0;36m[2026-10-06 10:13:45][0m [0;32m✅ shipping-rate-service reached 1/1 ready replicas during config apply (k1)[0m
[0;36m[2026-10-06 10:13:45][0m [0;34m── Waiting 90s for metrics to baseline...[0m
[0;36m[2026-10-06 10:15:18][0m [0;32m✅ shipping-rate-service reached 1/1 ready replicas during post-config stabilization (k1)[0m
[0;36m[2026-10-06 10:15:18][0m [0;32m✅ Configuration k1 applied for shipping-rate-service[0m
[0;36m[2026-10-06 10:15:18][0m [0;34m── Pre-flight: verifying shipping-rate-service is ready on /ready...[0m
[0;36m[2026-10-06 10:15:19][0m [0;32m✅ Pre-flight passed: shipping-rate-service is ready[0m
[0;36m[2026-10-06 10:15:19][0m [0;34m── Starting open-loop k6 job k6-ol-shipping-rate-service-k1-spike-rep2[0m
[0;36m[2026-10-06 10:15:22][0m [0;34m── Waiting for k6 to finish (deadline 1500s)...[0m
[0;36m[2026-10-06 10:27:36][0m [0;32m✅ k6 finished in pod k6-ol-shipping-rate-service-k1-spike-rep2-k4hl5[0m
[0;36m[2026-10-06 10:27:40][0m [0;32m✅ Raw per-request data fetched: 8816502 bytes, md5 a5ca6bf8efc6a2d190d1e2708d2876ee, k6 exit code 0[0m
[0;36m[2026-10-06 10:27:48][0m [0;34m── Waiting 180s before data export...[0m
[0;36m[2026-10-06 10:30:48][0m [0;34m── Exporting Prometheus metrics for 1791281478..1791282648...[0m
[0;36m[2026-10-06 10:31:02][0m [0;32m✅ Prometheus metrics exported to /home/kevin/e-commerce-vus/experiment-results-openloop-smoke/.tmp/shipping-rate-service_k1_spike_rep2-1791281478/[0m
[0;36m[2026-10-06 10:31:03][0m [0;32m✅ Pilot run shipping-rate-service_k1_spike_rep2 completed in 1184s[0m
[0;36m[2026-10-06 10:31:03][0m 
[0;36m[2026-10-06 10:31:03][0m ╔══ Pilot 7/9 (plan position 7/9) ══╗
[0;36m[2026-10-06 10:31:03][0m ━━━━━━━━━━━━━━━━━━━━━━━━━━━━━━━━━━━━━━━━━━━━━━━━━━━
[0;36m[2026-10-06 10:31:03][0m   PILOT RUN: shipping-rate-service_h3_spike_rep2  (plan position 7)
[0;36m[2026-10-06 10:31:03][0m   open loop: 10 -> 105 req/s, timeout 5s, VUs 788
[0;36m[2026-10-06 10:31:03][0m ━━━━━━━━━━━━━━━━━━━━━━━━━━━━━━━━━━━━━━━━━━━━━━━━━━━
[0;36m[2026-10-06 10:31:03][0m [0;34m── Cleaning up all autoscalers for auth-service...[0m
[0;36m[2026-10-06 10:31:09][0m [0;34m── Waiting for auth-service to return to the 1-replica baseline...[0m
[0;36m[2026-10-06 10:31:12][0m [0;32m✅ auth-service reached 1/1 ready replicas during cleanup[0m
[0;36m[2026-10-06 10:31:12][0m [0;34m── Resetting cluster state for shipping-rate-service...[0m
[0;36m[2026-10-06 10:31:12][0m [0;34m── Cleaning up all autoscalers for shipping-rate-service...[0m
[0;36m[2026-10-06 10:32:17][0m [0;34m── Waiting for shipping-rate-service to return to the 1-replica baseline...[0m
[0;36m[2026-10-06 10:32:20][0m [0;32m✅ shipping-rate-service reached 1/1 ready replicas during cleanup[0m
[0;36m[2026-10-06 10:32:20][0m [0;34m── Deleting leftover k6 jobs...[0m
[0;36m[2026-10-06 10:32:21][0m [0;34m── Waiting 120s for cluster stabilization...[0m
[0;36m[2026-10-06 10:34:23][0m [0;32m✅ shipping-rate-service reached 1/1 ready replicas during post-reset stabilization[0m
[0;36m[2026-10-06 10:34:23][0m [0;32m✅ Cluster state reset complete for shipping-rate-service[0m
[0;36m[2026-10-06 10:34:24][0m [0;34m── Applying configuration: h3 for shipping-rate-service (image tag 'from manifest', code overlay 5b5de9e30a49, max in-flight 48)[0m
[0;36m[2026-10-06 10:34:29][0m [0;32m✅ shipping-rate-service reached 1/1 ready replicas during config apply (h3)[0m
[0;36m[2026-10-06 10:34:29][0m [0;34m── Waiting 90s for metrics to baseline...[0m
[0;36m[2026-10-06 10:36:01][0m [0;32m✅ shipping-rate-service reached 1/1 ready replicas during post-config stabilization (h3)[0m
[0;36m[2026-10-06 10:36:01][0m [0;32m✅ Configuration h3 applied for shipping-rate-service[0m
[0;36m[2026-10-06 10:36:01][0m [0;34m── Pre-flight: verifying shipping-rate-service is ready on /ready...[0m
[0;36m[2026-10-06 10:36:03][0m [0;32m✅ Pre-flight passed: shipping-rate-service is ready[0m
[0;36m[2026-10-06 10:36:03][0m [0;34m── Starting open-loop k6 job k6-ol-shipping-rate-service-h3-spike-rep2[0m
[0;36m[2026-10-06 10:36:05][0m [0;34m── Waiting for k6 to finish (deadline 1500s)...[0m
[0;36m[2026-10-06 10:48:20][0m [0;32m✅ k6 finished in pod k6-ol-shipping-rate-service-h3-spike-rep2-pqsgh[0m
[0;36m[2026-10-06 10:48:23][0m [0;32m✅ Raw per-request data fetched: 8820487 bytes, md5 0268503276be0d5781982e6c4861b682, k6 exit code 0[0m
[0;36m[2026-10-06 10:48:28][0m [0;34m── Waiting 180s before data export...[0m
[0;36m[2026-10-06 10:51:28][0m [0;34m── Exporting Prometheus metrics for 1791282663..1791283888...[0m
[0;36m[2026-10-06 10:51:41][0m [0;32m✅ Prometheus metrics exported to /home/kevin/e-commerce-vus/experiment-results-openloop-smoke/.tmp/shipping-rate-service_h3_spike_rep2-1791282663/[0m
[0;36m[2026-10-06 10:51:42][0m [0;32m✅ Pilot run shipping-rate-service_h3_spike_rep2 completed in 1238s[0m
[0;36m[2026-10-06 10:51:42][0m 
[0;36m[2026-10-06 10:51:42][0m ╔══ Pilot 8/9 (plan position 8/9) ══╗
[0;36m[2026-10-06 10:51:42][0m ━━━━━━━━━━━━━━━━━━━━━━━━━━━━━━━━━━━━━━━━━━━━━━━━━━━
[0;36m[2026-10-06 10:51:42][0m   PILOT RUN: auth-service_h2_spike_rep2  (plan position 8)
[0;36m[2026-10-06 10:51:42][0m   open loop: 2 -> 30 req/s, timeout 5s, VUs 225
[0;36m[2026-10-06 10:51:42][0m ━━━━━━━━━━━━━━━━━━━━━━━━━━━━━━━━━━━━━━━━━━━━━━━━━━━
[0;36m[2026-10-06 10:51:42][0m [0;34m── Cleaning up all autoscalers for shipping-rate-service...[0m
[0;36m[2026-10-06 10:51:49][0m [0;34m── Waiting for shipping-rate-service to return to the 1-replica baseline...[0m
[0;36m[2026-10-06 10:51:52][0m [0;32m✅ shipping-rate-service reached 1/1 ready replicas during cleanup[0m
[0;36m[2026-10-06 10:51:52][0m [0;34m── Resetting cluster state for auth-service...[0m
[0;36m[2026-10-06 10:51:52][0m [0;34m── Cleaning up all autoscalers for auth-service...[0m
[0;36m[2026-10-06 10:51:57][0m [0;34m── Waiting for auth-service to return to the 1-replica baseline...[0m
[0;36m[2026-10-06 10:52:00][0m [0;32m✅ auth-service reached 1/1 ready replicas during cleanup[0m
[0;36m[2026-10-06 10:52:00][0m [0;34m── Deleting leftover k6 jobs...[0m
[0;36m[2026-10-06 10:52:02][0m [0;34m── Pre-authenticating 120 auth test users (before any autoscaler exists)...[0m
[0;36m[2026-10-06 10:52:42][0m [0;32m✅ Pre-authenticated 120 users; tokens stored in ConfigMap k6-openloop-auth-tokens[0m
[0;36m[2026-10-06 10:52:42][0m [0;34m── Waiting 120s for cluster stabilization...[0m
[0;36m[2026-10-06 10:54:44][0m [0;32m✅ auth-service reached 1/1 ready replicas during post-reset stabilization[0m
[0;36m[2026-10-06 10:54:44][0m [0;32m✅ Cluster state reset complete for auth-service[0m
[0;36m[2026-10-06 10:54:45][0m [0;34m── Applying configuration: h2 for auth-service (image tag 'from manifest', code overlay 58d754bd7213, max in-flight 22)[0m
[0;36m[2026-10-06 10:54:50][0m [0;32m✅ auth-service reached 1/1 ready replicas during config apply (h2)[0m
[0;36m[2026-10-06 10:54:50][0m [0;34m── Waiting 90s for metrics to baseline...[0m
[0;36m[2026-10-06 10:56:22][0m [0;32m✅ auth-service reached 1/1 ready replicas during post-config stabilization (h2)[0m
[0;36m[2026-10-06 10:56:22][0m [0;32m✅ Configuration h2 applied for auth-service[0m
[0;36m[2026-10-06 10:56:22][0m [0;34m── Pre-flight: verifying auth-service is ready on /ready...[0m
[0;36m[2026-10-06 10:56:23][0m [0;32m✅ Pre-flight passed: auth-service is ready[0m
[0;36m[2026-10-06 10:56:23][0m [0;34m── Starting open-loop k6 job k6-ol-auth-service-h2-spike-rep2[0m
[0;36m[2026-10-06 10:56:26][0m [0;34m── Waiting for k6 to finish (deadline 1500s)...[0m
[0;36m[2026-10-06 11:08:28][0m [0;32m✅ k6 finished in pod k6-ol-auth-service-h2-spike-rep2-4sq9t[0m
[0;36m[2026-10-06 11:08:31][0m [0;32m✅ Raw per-request data fetched: 2603906 bytes, md5 434083d5e6cdae620df81cc0aca21fa2, k6 exit code 0[0m
[0;36m[2026-10-06 11:08:36][0m [0;34m── Waiting 180s before data export...[0m
[0;36m[2026-10-06 11:11:37][0m [0;34m── Exporting Prometheus metrics for 1791283902..1791285097...[0m
[0;36m[2026-10-06 11:11:49][0m [0;32m✅ Prometheus metrics exported to /home/kevin/e-commerce-vus/experiment-results-openloop-smoke/.tmp/auth-service_h2_spike_rep2-1791283902/[0m
[0;36m[2026-10-06 11:11:50][0m [0;32m✅ Pilot run auth-service_h2_spike_rep2 completed in 1207s[0m
[0;36m[2026-10-06 11:11:50][0m 
[0;36m[2026-10-06 11:11:50][0m ╔══ Pilot 9/9 (plan position 9/9) ══╗
[0;36m[2026-10-06 11:11:50][0m ━━━━━━━━━━━━━━━━━━━━━━━━━━━━━━━━━━━━━━━━━━━━━━━━━━━
[0;36m[2026-10-06 11:11:50][0m   PILOT RUN: shipping-rate-service_h2_spike_rep2  (plan position 9)
[0;36m[2026-10-06 11:11:50][0m   open loop: 10 -> 105 req/s, timeout 5s, VUs 788
[0;36m[2026-10-06 11:11:50][0m ━━━━━━━━━━━━━━━━━━━━━━━━━━━━━━━━━━━━━━━━━━━━━━━━━━━
[0;36m[2026-10-06 11:11:50][0m [0;34m── Cleaning up all autoscalers for auth-service...[0m
[0;36m[2026-10-06 11:11:57][0m [0;34m── Waiting for auth-service to return to the 1-replica baseline...[0m
[0;36m[2026-10-06 11:11:59][0m [0;32m✅ auth-service reached 1/1 ready replicas during cleanup[0m
[0;36m[2026-10-06 11:11:59][0m [0;34m── Resetting cluster state for shipping-rate-service...[0m
[0;36m[2026-10-06 11:11:59][0m [0;34m── Cleaning up all autoscalers for shipping-rate-service...[0m
[0;36m[2026-10-06 11:12:05][0m [0;34m── Waiting for shipping-rate-service to return to the 1-replica baseline...[0m
[0;36m[2026-10-06 11:12:07][0m [0;32m✅ shipping-rate-service reached 1/1 ready replicas during cleanup[0m
[0;36m[2026-10-06 11:12:07][0m [0;34m── Deleting leftover k6 jobs...[0m
[0;36m[2026-10-06 11:12:08][0m [0;34m── Waiting 120s for cluster stabilization...[0m
[0;36m[2026-10-06 11:14:11][0m [0;32m✅ shipping-rate-service reached 1/1 ready replicas during post-reset stabilization[0m
[0;36m[2026-10-06 11:14:11][0m [0;32m✅ Cluster state reset complete for shipping-rate-service[0m
[0;36m[2026-10-06 11:14:12][0m [0;34m── Applying configuration: h2 for shipping-rate-service (image tag 'from manifest', code overlay 5b5de9e30a49, max in-flight 48)[0m
[0;36m[2026-10-06 11:14:16][0m [0;32m✅ shipping-rate-service reached 1/1 ready replicas during config apply (h2)[0m
[0;36m[2026-10-06 11:14:16][0m [0;34m── Waiting 90s for metrics to baseline...[0m
[0;36m[2026-10-06 11:15:48][0m [0;32m✅ shipping-rate-service reached 1/1 ready replicas during post-config stabilization (h2)[0m
[0;36m[2026-10-06 11:15:48][0m [0;32m✅ Configuration h2 applied for shipping-rate-service[0m
[0;36m[2026-10-06 11:15:48][0m [0;34m── Pre-flight: verifying shipping-rate-service is ready on /ready...[0m
[0;36m[2026-10-06 11:15:50][0m [0;32m✅ Pre-flight passed: shipping-rate-service is ready[0m
[0;36m[2026-10-06 11:15:50][0m [0;34m── Starting open-loop k6 job k6-ol-shipping-rate-service-h2-spike-rep2[0m
[0;36m[2026-10-06 11:15:53][0m [0;34m── Waiting for k6 to finish (deadline 1500s)...[0m
[0;36m[2026-10-06 11:28:08][0m [0;32m✅ k6 finished in pod k6-ol-shipping-rate-service-h2-spike-rep2-r9v7k[0m
[0;36m[2026-10-06 11:28:12][0m [0;32m✅ Raw per-request data fetched: 8842012 bytes, md5 d6a40a0bf77164fe0fe2d841e799fa6b, k6 exit code 0[0m
[0;36m[2026-10-06 11:28:16][0m [0;34m── Waiting 180s before data export...[0m
[0;36m[2026-10-06 11:31:17][0m [0;34m── Exporting Prometheus metrics for 1791285110..1791286277...[0m
[0;36m[2026-10-06 11:31:30][0m [0;32m✅ Prometheus metrics exported to /home/kevin/e-commerce-vus/experiment-results-openloop-smoke/.tmp/shipping-rate-service_h2_spike_rep2-1791285110/[0m
[0;36m[2026-10-06 11:31:31][0m [0;32m✅ Pilot run shipping-rate-service_h2_spike_rep2 completed in 1180s[0m
[0;36m[2026-10-06 11:31:31][0m [0;34m── Cleaning up all autoscalers for auth-service...[0m
[0;36m[2026-10-06 11:31:38][0m [0;34m── Waiting for auth-service to return to the 1-replica baseline...[0m
[0;36m[2026-10-06 11:31:40][0m [0;32m✅ auth-service reached 1/1 ready replicas during cleanup[0m
[0;36m[2026-10-06 11:31:40][0m [0;34m── Cleaning up all autoscalers for shipping-rate-service...[0m
[0;36m[2026-10-06 11:31:46][0m [0;34m── Waiting for shipping-rate-service to return to the 1-replica baseline...[0m
[0;36m[2026-10-06 11:31:48][0m [0;32m✅ shipping-rate-service reached 1/1 ready replicas during cleanup[0m
[0;36m[2026-10-06 11:31:48][0m [0;32m✅ Pilot invocation finished: 9 runs in 179 min.[0m
[0;36m[2026-10-06 11:31:48][0m [1;33m⚠️  Remember: az aks stop --resource-group ecommerce --name ecommerce-aks[0m
