
         /\      Grafana   /‾‾/  
    /\  /  \     |\  __   /  /   
   /  \/    \    | |/ /  /   ‾‾\ 
  /          \   |   (  |  (‾)  |
 / __________ \  |_|\_\  \_____/ 


     execution: local
        script: /scripts/load-test.js
        output: json (/results/results.json)

     scenarios: (100.00%) 1 scenario, 12 max VUs, 12m30s max duration (incl. graceful stop):
              * oscillating: Up to 12 looping VUs for 12m0s over 12 stages (gracefulRampDown: 30s, gracefulStop: 30s)

time="2026-08-17T05:44:44Z" level=info msg="Seeding and pre-authenticating 120 users..." source=console

Run           [ 100% ] setup()
oscillating   [   0% ]

Run           [ 100% ] setup()
oscillating   [   0% ]

Run           [ 100% ] setup()
oscillating   [   0% ]

Run           [ 100% ] setup()
oscillating   [   0% ]

Run           [ 100% ] setup()
oscillating   [   0% ]

Run           [ 100% ] setup()
oscillating   [   0% ]

Run           [ 100% ] setup()
oscillating   [   0% ]

Run           [ 100% ] setup()
oscillating   [   0% ]

Run           [ 100% ] setup()
oscillating   [   0% ]

Run           [ 100% ] setup()
oscillating   [   0% ]

Run           [ 100% ] setup()
oscillating   [   0% ]

Run           [ 100% ] setup()
oscillating   [   0% ]

Run           [ 100% ] setup()
oscillating   [   0% ]

Run           [ 100% ] setup()
oscillating   [   0% ]

Run           [ 100% ] setup()
oscillating   [   0% ]

Run           [ 100% ] setup()
oscillating   [   0% ]

Run           [ 100% ] setup()
oscillating   [   0% ]

Run           [ 100% ] setup()
oscillating   [   0% ]

Run           [ 100% ] setup()
oscillating   [   0% ]

Run           [ 100% ] setup()
oscillating   [   0% ]

Run           [ 100% ] setup()
oscillating   [   0% ]

Run           [ 100% ] setup()
oscillating   [   0% ]

Run           [ 100% ] setup()
oscillating   [   0% ]

Run           [ 100% ] setup()
oscillating   [   0% ]

Run           [ 100% ] setup()
oscillating   [   0% ]

Run           [ 100% ] setup()
oscillating   [   0% ]

Run           [ 100% ] setup()
oscillating   [   0% ]

Run           [ 100% ] setup()
oscillating   [   0% ]
time="2026-08-17T05:45:12Z" level=info msg="Pre-auth complete: 120/120 tokens obtained" source=console

running (00m29.0s), 01/12 VUs, 14 complete and 0 interrupted iterations
oscillating   [   0% ] 01/12 VUs  00m00.7s/12m00.0s

running (00m30.0s), 01/12 VUs, 53 complete and 0 interrupted iterations
oscillating   [   0% ] 01/12 VUs  00m01.7s/12m00.0s

running (00m31.0s), 01/12 VUs, 60 complete and 0 interrupted iterations
oscillating   [   0% ] 01/12 VUs  00m02.7s/12m00.0s

running (00m32.0s), 01/12 VUs, 90 complete and 0 interrupted iterations
oscillating   [   1% ] 01/12 VUs  00m03.7s/12m00.0s

running (00m33.0s), 01/12 VUs, 103 complete and 0 interrupted iterations
oscillating   [   1% ] 01/12 VUs  00m04.7s/12m00.0s

running (00m34.0s), 01/12 VUs, 111 complete and 0 interrupted iterations
oscillating   [   1% ] 01/12 VUs  00m05.7s/12m00.0s

running (00m35.0s), 01/12 VUs, 133 complete and 0 interrupted iterations
oscillating   [   1% ] 01/12 VUs  00m06.7s/12m00.0s

running (00m36.0s), 01/12 VUs, 162 complete and 0 interrupted iterations
oscillating   [   1% ] 01/12 VUs  00m07.7s/12m00.0s

running (00m37.0s), 01/12 VUs, 167 complete and 0 interrupted iterations
oscillating   [   1% ] 01/12 VUs  00m08.7s/12m00.0s

running (00m38.0s), 01/12 VUs, 182 complete and 0 interrupted iterations
oscillating   [   1% ] 01/12 VUs  00m09.7s/12m00.0s

running (00m39.0s), 01/12 VUs, 204 complete and 0 interrupted iterations
oscillating   [   1% ] 01/12 VUs  00m10.7s/12m00.0s

running (00m40.0s), 01/12 VUs, 215 complete and 0 interrupted iterations
oscillating   [   2% ] 01/12 VUs  00m11.7s/12m00.0s

running (00m41.0s), 01/12 VUs, 221 complete and 0 interrupted iterations
oscillating   [   2% ] 01/12 VUs  00m12.7s/12m00.0s

running (00m42.0s), 01/12 VUs, 246 complete and 0 interrupted iterations
oscillating   [   2% ] 01/12 VUs  00m13.7s/12m00.0s

running (00m43.0s), 01/12 VUs, 251 complete and 0 interrupted iterations
oscillating   [   2% ] 01/12 VUs  00m14.7s/12m00.0s

running (00m44.0s), 01/12 VUs, 264 complete and 0 interrupted iterations
oscillating   [   2% ] 01/12 VUs  00m15.7s/12m00.0s

running (00m45.0s), 01/12 VUs, 286 complete and 0 interrupted iterations
oscillating   [   2% ] 01/12 VUs  00m16.7s/12m00.0s

running (00m46.0s), 01/12 VUs, 291 complete and 0 interrupted iterations
oscillating   [   2% ] 01/12 VUs  00m17.7s/12m00.0s

running (00m47.0s), 01/12 VUs, 292 complete and 0 interrupted iterations
oscillating   [   3% ] 01/12 VUs  00m18.7s/12m00.0s

running (00m48.0s), 01/12 VUs, 305 complete and 0 interrupted iterations
oscillating   [   3% ] 01/12 VUs  00m19.7s/12m00.0s

running (00m49.0s), 01/12 VUs, 323 complete and 0 interrupted iterations
oscillating   [   3% ] 01/12 VUs  00m20.7s/12m00.0s

running (00m50.0s), 01/12 VUs, 330 complete and 0 interrupted iterations
oscillating   [   3% ] 01/12 VUs  00m21.7s/12m00.0s

running (00m51.0s), 01/12 VUs, 345 complete and 0 interrupted iterations
oscillating   [   3% ] 01/12 VUs  00m22.7s/12m00.0s

running (00m52.0s), 01/12 VUs, 364 complete and 0 interrupted iterations
oscillating   [   3% ] 01/12 VUs  00m23.7s/12m00.0s

running (00m53.0s), 01/12 VUs, 384 complete and 0 interrupted iterations
oscillating   [   3% ] 01/12 VUs  00m24.7s/12m00.0s

running (00m54.0s), 01/12 VUs, 403 complete and 0 interrupted iterations
oscillating   [   4% ] 01/12 VUs  00m25.7s/12m00.0s

running (00m55.0s), 01/12 VUs, 407 complete and 0 interrupted iterations
oscillating   [   4% ] 01/12 VUs  00m26.7s/12m00.0s

running (00m56.0s), 01/12 VUs, 432 complete and 0 interrupted iterations
oscillating   [   4% ] 01/12 VUs  00m27.7s/12m00.0s

running (00m57.0s), 01/12 VUs, 438 complete and 0 interrupted iterations
oscillating   [   4% ] 01/12 VUs  00m28.7s/12m00.0s

running (00m58.0s), 01/12 VUs, 450 complete and 0 interrupted iterations
oscillating   [   4% ] 01/12 VUs  00m29.7s/12m00.0s

running (00m59.0s), 01/12 VUs, 479 complete and 0 interrupted iterations
oscillating   [   4% ] 01/12 VUs  00m30.7s/12m00.0s

running (01m00.0s), 01/12 VUs, 486 complete and 0 interrupted iterations
oscillating   [   4% ] 01/12 VUs  00m31.7s/12m00.0s

running (01m01.0s), 01/12 VUs, 505 complete and 0 interrupted iterations
oscillating   [   5% ] 01/12 VUs  00m32.7s/12m00.0s

running (01m02.0s), 01/12 VUs, 522 complete and 0 interrupted iterations
oscillating   [   5% ] 01/12 VUs  00m33.7s/12m00.0s

running (01m03.0s), 01/12 VUs, 530 complete and 0 interrupted iterations
oscillating   [   5% ] 01/12 VUs  00m34.7s/12m00.0s

running (01m04.0s), 01/12 VUs, 562 complete and 0 interrupted iterations
oscillating   [   5% ] 01/12 VUs  00m35.7s/12m00.0s

running (01m05.0s), 01/12 VUs, 565 complete and 0 interrupted iterations
oscillating   [   5% ] 01/12 VUs  00m36.7s/12m00.0s

running (01m06.0s), 01/12 VUs, 586 complete and 0 interrupted iterations
oscillating   [   5% ] 01/12 VUs  00m37.7s/12m00.0s

running (01m07.0s), 01/12 VUs, 607 complete and 0 interrupted iterations
oscillating   [   5% ] 01/12 VUs  00m38.7s/12m00.0s

running (01m08.0s), 01/12 VUs, 620 complete and 0 interrupted iterations
oscillating   [   6% ] 01/12 VUs  00m39.7s/12m00.0s

running (01m09.0s), 01/12 VUs, 635 complete and 0 interrupted iterations
oscillating   [   6% ] 01/12 VUs  00m40.7s/12m00.0s

running (01m10.0s), 01/12 VUs, 655 complete and 0 interrupted iterations
oscillating   [   6% ] 01/12 VUs  00m41.7s/12m00.0s

running (01m11.0s), 01/12 VUs, 666 complete and 0 interrupted iterations
oscillating   [   6% ] 01/12 VUs  00m42.7s/12m00.0s

running (01m12.0s), 01/12 VUs, 675 complete and 0 interrupted iterations
oscillating   [   6% ] 01/12 VUs  00m43.7s/12m00.0s

running (01m13.0s), 01/12 VUs, 682 complete and 0 interrupted iterations
oscillating   [   6% ] 01/12 VUs  00m44.7s/12m00.0s

running (01m14.0s), 01/12 VUs, 693 complete and 0 interrupted iterations
oscillating   [   6% ] 01/12 VUs  00m45.7s/12m00.0s

running (01m15.0s), 01/12 VUs, 695 complete and 0 interrupted iterations
oscillating   [   6% ] 01/12 VUs  00m46.7s/12m00.0s

running (01m16.0s), 01/12 VUs, 723 complete and 0 interrupted iterations
oscillating   [   7% ] 01/12 VUs  00m47.7s/12m00.0s

running (01m17.0s), 01/12 VUs, 727 complete and 0 interrupted iterations
oscillating   [   7% ] 01/12 VUs  00m48.7s/12m00.0s

running (01m18.0s), 01/12 VUs, 745 complete and 0 interrupted iterations
oscillating   [   7% ] 01/12 VUs  00m49.7s/12m00.0s

running (01m19.0s), 01/12 VUs, 758 complete and 0 interrupted iterations
oscillating   [   7% ] 01/12 VUs  00m50.7s/12m00.0s

running (01m20.0s), 01/12 VUs, 768 complete and 0 interrupted iterations
oscillating   [   7% ] 01/12 VUs  00m51.7s/12m00.0s

running (01m21.0s), 01/12 VUs, 776 complete and 0 interrupted iterations
oscillating   [   7% ] 01/12 VUs  00m52.7s/12m00.0s

running (01m22.0s), 01/12 VUs, 792 complete and 0 interrupted iterations
oscillating   [   7% ] 01/12 VUs  00m53.7s/12m00.0s

running (01m23.0s), 01/12 VUs, 817 complete and 0 interrupted iterations
oscillating   [   8% ] 01/12 VUs  00m54.7s/12m00.0s

running (01m24.0s), 01/12 VUs, 861 complete and 0 interrupted iterations
oscillating   [   8% ] 01/12 VUs  00m55.7s/12m00.0s

running (01m25.0s), 01/12 VUs, 868 complete and 0 interrupted iterations
oscillating   [   8% ] 01/12 VUs  00m56.7s/12m00.0s

running (01m26.0s), 01/12 VUs, 911 complete and 0 interrupted iterations
oscillating   [   8% ] 01/12 VUs  00m57.7s/12m00.0s

running (01m27.0s), 01/12 VUs, 917 complete and 0 interrupted iterations
oscillating   [   8% ] 01/12 VUs  00m58.7s/12m00.0s

running (01m28.0s), 01/12 VUs, 933 complete and 0 interrupted iterations
oscillating   [   8% ] 01/12 VUs  00m59.7s/12m00.0s

running (01m29.0s), 01/12 VUs, 962 complete and 0 interrupted iterations
oscillating   [   8% ] 01/12 VUs  01m00.7s/12m00.0s

running (01m30.0s), 01/12 VUs, 977 complete and 0 interrupted iterations
oscillating   [   9% ] 01/12 VUs  01m01.7s/12m00.0s

running (01m31.0s), 01/12 VUs, 994 complete and 0 interrupted iterations
oscillating   [   9% ] 01/12 VUs  01m02.7s/12m00.0s

running (01m32.0s), 01/12 VUs, 1002 complete and 0 interrupted iterations
oscillating   [   9% ] 01/12 VUs  01m03.7s/12m00.0s

running (01m33.0s), 01/12 VUs, 1008 complete and 0 interrupted iterations
oscillating   [   9% ] 01/12 VUs  01m04.7s/12m00.0s

running (01m34.0s), 01/12 VUs, 1010 complete and 0 interrupted iterations
oscillating   [   9% ] 01/12 VUs  01m05.7s/12m00.0s

running (01m35.0s), 01/12 VUs, 1016 complete and 0 interrupted iterations
oscillating   [   9% ] 01/12 VUs  01m06.7s/12m00.0s

running (01m36.0s), 01/12 VUs, 1032 complete and 0 interrupted iterations
oscillating   [   9% ] 01/12 VUs  01m07.7s/12m00.0s

running (01m37.0s), 01/12 VUs, 1050 complete and 0 interrupted iterations
oscillating   [  10% ] 01/12 VUs  01m08.7s/12m00.0s

running (01m38.0s), 01/12 VUs, 1061 complete and 0 interrupted iterations
oscillating   [  10% ] 01/12 VUs  01m09.7s/12m00.0s

running (01m39.0s), 01/12 VUs, 1072 complete and 0 interrupted iterations
oscillating   [  10% ] 01/12 VUs  01m10.7s/12m00.0s

running (01m40.0s), 01/12 VUs, 1093 complete and 0 interrupted iterations
oscillating   [  10% ] 01/12 VUs  01m11.7s/12m00.0s

running (01m41.0s), 01/12 VUs, 1122 complete and 0 interrupted iterations
oscillating   [  10% ] 01/12 VUs  01m12.7s/12m00.0s

running (01m42.0s), 01/12 VUs, 1127 complete and 0 interrupted iterations
oscillating   [  10% ] 01/12 VUs  01m13.7s/12m00.0s

running (01m43.0s), 01/12 VUs, 1139 complete and 0 interrupted iterations
oscillating   [  10% ] 01/12 VUs  01m14.7s/12m00.0s

running (01m44.0s), 01/12 VUs, 1141 complete and 0 interrupted iterations
oscillating   [  11% ] 01/12 VUs  01m15.7s/12m00.0s

running (01m45.0s), 01/12 VUs, 1173 complete and 0 interrupted iterations
oscillating   [  11% ] 01/12 VUs  01m16.7s/12m00.0s

running (01m46.0s), 01/12 VUs, 1202 complete and 0 interrupted iterations
oscillating   [  11% ] 01/12 VUs  01m17.7s/12m00.0s

running (01m47.0s), 01/12 VUs, 1211 complete and 0 interrupted iterations
oscillating   [  11% ] 01/12 VUs  01m18.7s/12m00.0s

running (01m48.0s), 01/12 VUs, 1214 complete and 0 interrupted iterations
oscillating   [  11% ] 01/12 VUs  01m19.7s/12m00.0s

running (01m49.0s), 01/12 VUs, 1230 complete and 0 interrupted iterations
oscillating   [  11% ] 01/12 VUs  01m20.7s/12m00.0s

running (01m50.0s), 01/12 VUs, 1246 complete and 0 interrupted iterations
oscillating   [  11% ] 01/12 VUs  01m21.7s/12m00.0s

running (01m51.0s), 01/12 VUs, 1252 complete and 0 interrupted iterations
oscillating   [  11% ] 01/12 VUs  01m22.7s/12m00.0s

running (01m52.0s), 01/12 VUs, 1261 complete and 0 interrupted iterations
oscillating   [  12% ] 01/12 VUs  01m23.7s/12m00.0s

running (01m53.0s), 01/12 VUs, 1278 complete and 0 interrupted iterations
oscillating   [  12% ] 01/12 VUs  01m24.7s/12m00.0s

running (01m54.0s), 01/12 VUs, 1307 complete and 0 interrupted iterations
oscillating   [  12% ] 01/12 VUs  01m25.7s/12m00.0s

running (01m55.0s), 01/12 VUs, 1317 complete and 0 interrupted iterations
oscillating   [  12% ] 01/12 VUs  01m26.7s/12m00.0s

running (01m56.0s), 01/12 VUs, 1337 complete and 0 interrupted iterations
oscillating   [  12% ] 01/12 VUs  01m27.7s/12m00.0s

running (01m57.0s), 01/12 VUs, 1350 complete and 0 interrupted iterations
oscillating   [  12% ] 01/12 VUs  01m28.7s/12m00.0s

running (01m58.0s), 01/12 VUs, 1368 complete and 0 interrupted iterations
oscillating   [  12% ] 01/12 VUs  01m29.7s/12m00.0s

running (01m59.0s), 01/12 VUs, 1383 complete and 0 interrupted iterations
oscillating   [  13% ] 01/12 VUs  01m30.7s/12m00.0s

running (02m00.0s), 01/12 VUs, 1387 complete and 0 interrupted iterations
oscillating   [  13% ] 01/12 VUs  01m31.7s/12m00.0s

running (02m01.0s), 01/12 VUs, 1394 complete and 0 interrupted iterations
oscillating   [  13% ] 01/12 VUs  01m32.7s/12m00.0s

running (02m02.0s), 01/12 VUs, 1415 complete and 0 interrupted iterations
oscillating   [  13% ] 01/12 VUs  01m33.7s/12m00.0s

running (02m03.0s), 01/12 VUs, 1428 complete and 0 interrupted iterations
oscillating   [  13% ] 01/12 VUs  01m34.7s/12m00.0s

running (02m04.0s), 01/12 VUs, 1457 complete and 0 interrupted iterations
oscillating   [  13% ] 01/12 VUs  01m35.7s/12m00.0s

running (02m05.0s), 01/12 VUs, 1472 complete and 0 interrupted iterations
oscillating   [  13% ] 01/12 VUs  01m36.7s/12m00.0s

running (02m06.0s), 01/12 VUs, 1485 complete and 0 interrupted iterations
oscillating   [  14% ] 01/12 VUs  01m37.7s/12m00.0s

running (02m07.0s), 01/12 VUs, 1509 complete and 0 interrupted iterations
oscillating   [  14% ] 01/12 VUs  01m38.7s/12m00.0s

running (02m08.0s), 01/12 VUs, 1523 complete and 0 interrupted iterations
oscillating   [  14% ] 01/12 VUs  01m39.7s/12m00.0s

running (02m09.0s), 01/12 VUs, 1532 complete and 0 interrupted iterations
oscillating   [  14% ] 01/12 VUs  01m40.7s/12m00.0s

running (02m10.0s), 01/12 VUs, 1552 complete and 0 interrupted iterations
oscillating   [  14% ] 01/12 VUs  01m41.7s/12m00.0s

running (02m11.0s), 01/12 VUs, 1556 complete and 0 interrupted iterations
oscillating   [  14% ] 01/12 VUs  01m42.7s/12m00.0s

running (02m12.0s), 01/12 VUs, 1560 complete and 0 interrupted iterations
oscillating   [  14% ] 01/12 VUs  01m43.7s/12m00.0s

running (02m13.0s), 01/12 VUs, 1562 complete and 0 interrupted iterations
oscillating   [  15% ] 01/12 VUs  01m44.7s/12m00.0s

running (02m14.0s), 01/12 VUs, 1579 complete and 0 interrupted iterations
oscillating   [  15% ] 01/12 VUs  01m45.7s/12m00.0s

running (02m15.0s), 01/12 VUs, 1591 complete and 0 interrupted iterations
oscillating   [  15% ] 01/12 VUs  01m46.7s/12m00.0s

running (02m16.0s), 01/12 VUs, 1624 complete and 0 interrupted iterations
oscillating   [  15% ] 01/12 VUs  01m47.7s/12m00.0s

running (02m17.0s), 01/12 VUs, 1640 complete and 0 interrupted iterations
oscillating   [  15% ] 01/12 VUs  01m48.7s/12m00.0s

running (02m18.0s), 01/12 VUs, 1658 complete and 0 interrupted iterations
oscillating   [  15% ] 01/12 VUs  01m49.7s/12m00.0s

running (02m19.0s), 01/12 VUs, 1679 complete and 0 interrupted iterations
oscillating   [  15% ] 01/12 VUs  01m50.7s/12m00.0s

running (02m20.0s), 01/12 VUs, 1702 complete and 0 interrupted iterations
oscillating   [  16% ] 01/12 VUs  01m51.7s/12m00.0s

running (02m21.0s), 01/12 VUs, 1725 complete and 0 interrupted iterations
oscillating   [  16% ] 01/12 VUs  01m52.7s/12m00.0s

running (02m22.0s), 01/12 VUs, 1742 complete and 0 interrupted iterations
oscillating   [  16% ] 01/12 VUs  01m53.7s/12m00.0s

running (02m23.0s), 01/12 VUs, 1759 complete and 0 interrupted iterations
oscillating   [  16% ] 01/12 VUs  01m54.7s/12m00.0s

running (02m24.0s), 01/12 VUs, 1770 complete and 0 interrupted iterations
oscillating   [  16% ] 01/12 VUs  01m55.7s/12m00.0s

running (02m25.0s), 01/12 VUs, 1786 complete and 0 interrupted iterations
oscillating   [  16% ] 01/12 VUs  01m56.7s/12m00.0s

running (02m26.0s), 01/12 VUs, 1803 complete and 0 interrupted iterations
oscillating   [  16% ] 01/12 VUs  01m57.7s/12m00.0s

running (02m27.0s), 01/12 VUs, 1836 complete and 0 interrupted iterations
oscillating   [  16% ] 01/12 VUs  01m58.7s/12m00.0s

running (02m28.0s), 01/12 VUs, 1844 complete and 0 interrupted iterations
oscillating   [  17% ] 01/12 VUs  01m59.7s/12m00.0s

running (02m29.0s), 01/12 VUs, 1850 complete and 0 interrupted iterations
oscillating   [  17% ] 01/12 VUs  02m00.7s/12m00.0s

running (02m30.0s), 02/12 VUs, 1894 complete and 0 interrupted iterations
oscillating   [  17% ] 02/12 VUs  02m01.7s/12m00.0s

running (02m31.0s), 03/12 VUs, 1938 complete and 0 interrupted iterations
oscillating   [  17% ] 03/12 VUs  02m02.7s/12m00.0s

running (02m32.0s), 05/12 VUs, 1970 complete and 0 interrupted iterations
oscillating   [  17% ] 05/12 VUs  02m03.7s/12m00.0s

running (02m33.0s), 06/12 VUs, 2004 complete and 0 interrupted iterations
oscillating   [  17% ] 06/12 VUs  02m04.7s/12m00.0s

running (02m34.0s), 07/12 VUs, 2039 complete and 0 interrupted iterations
oscillating   [  17% ] 07/12 VUs  02m05.7s/12m00.0s

running (02m35.0s), 08/12 VUs, 2058 complete and 0 interrupted iterations
oscillating   [  18% ] 08/12 VUs  02m06.7s/12m00.0s

running (02m36.0s), 09/12 VUs, 2104 complete and 0 interrupted iterations
oscillating   [  18% ] 09/12 VUs  02m07.7s/12m00.0s

running (02m37.0s), 10/12 VUs, 2137 complete and 0 interrupted iterations
oscillating   [  18% ] 10/12 VUs  02m08.7s/12m00.0s

running (02m38.0s), 11/12 VUs, 2205 complete and 0 interrupted iterations
oscillating   [  18% ] 11/12 VUs  02m09.7s/12m00.0s

running (02m39.0s), 12/12 VUs, 2250 complete and 0 interrupted iterations
oscillating   [  18% ] 12/12 VUs  02m10.7s/12m00.0s

running (02m40.0s), 12/12 VUs, 2335 complete and 0 interrupted iterations
oscillating   [  18% ] 12/12 VUs  02m11.7s/12m00.0s

running (02m41.0s), 12/12 VUs, 2379 complete and 0 interrupted iterations
oscillating   [  18% ] 12/12 VUs  02m12.7s/12m00.0s

running (02m42.0s), 12/12 VUs, 2398 complete and 0 interrupted iterations
oscillating   [  19% ] 12/12 VUs  02m13.7s/12m00.0s

running (02m43.0s), 12/12 VUs, 2458 complete and 0 interrupted iterations
oscillating   [  19% ] 12/12 VUs  02m14.7s/12m00.0s

running (02m44.0s), 12/12 VUs, 2528 complete and 0 interrupted iterations
oscillating   [  19% ] 12/12 VUs  02m15.7s/12m00.0s

running (02m45.0s), 12/12 VUs, 2558 complete and 0 interrupted iterations
oscillating   [  19% ] 12/12 VUs  02m16.7s/12m00.0s

running (02m46.0s), 12/12 VUs, 2589 complete and 0 interrupted iterations
oscillating   [  19% ] 12/12 VUs  02m17.7s/12m00.0s

running (02m47.0s), 12/12 VUs, 2621 complete and 0 interrupted iterations
oscillating   [  19% ] 12/12 VUs  02m18.7s/12m00.0s

running (02m48.0s), 12/12 VUs, 2689 complete and 0 interrupted iterations
oscillating   [  19% ] 12/12 VUs  02m19.7s/12m00.0s

running (02m49.0s), 12/12 VUs, 2774 complete and 0 interrupted iterations
oscillating   [  20% ] 12/12 VUs  02m20.7s/12m00.0s

running (02m50.0s), 12/12 VUs, 2815 complete and 0 interrupted iterations
oscillating   [  20% ] 12/12 VUs  02m21.7s/12m00.0s

running (02m51.0s), 12/12 VUs, 2879 complete and 0 interrupted iterations
oscillating   [  20% ] 12/12 VUs  02m22.7s/12m00.0s

running (02m52.0s), 12/12 VUs, 2942 complete and 0 interrupted iterations
oscillating   [  20% ] 12/12 VUs  02m23.7s/12m00.0s

running (02m53.0s), 12/12 VUs, 2967 complete and 0 interrupted iterations
oscillating   [  20% ] 12/12 VUs  02m24.7s/12m00.0s

running (02m54.0s), 12/12 VUs, 2993 complete and 0 interrupted iterations
oscillating   [  20% ] 12/12 VUs  02m25.7s/12m00.0s

running (02m55.0s), 12/12 VUs, 3017 complete and 0 interrupted iterations
oscillating   [  20% ] 12/12 VUs  02m26.7s/12m00.0s

running (02m56.0s), 12/12 VUs, 3063 complete and 0 interrupted iterations
oscillating   [  21% ] 12/12 VUs  02m27.7s/12m00.0s

running (02m57.0s), 12/12 VUs, 3097 complete and 0 interrupted iterations
oscillating   [  21% ] 12/12 VUs  02m28.7s/12m00.0s

running (02m58.0s), 12/12 VUs, 3131 complete and 0 interrupted iterations
oscillating   [  21% ] 12/12 VUs  02m29.7s/12m00.0s

running (02m59.0s), 12/12 VUs, 3166 complete and 0 interrupted iterations
oscillating   [  21% ] 12/12 VUs  02m30.7s/12m00.0s

running (03m00.0s), 12/12 VUs, 3193 complete and 0 interrupted iterations
oscillating   [  21% ] 12/12 VUs  02m31.7s/12m00.0s

running (03m01.0s), 12/12 VUs, 3226 complete and 0 interrupted iterations
oscillating   [  21% ] 12/12 VUs  02m32.7s/12m00.0s

running (03m02.0s), 12/12 VUs, 3288 complete and 0 interrupted iterations
oscillating   [  21% ] 12/12 VUs  02m33.7s/12m00.0s

running (03m03.0s), 12/12 VUs, 3362 complete and 0 interrupted iterations
oscillating   [  21% ] 12/12 VUs  02m34.7s/12m00.0s

running (03m04.0s), 12/12 VUs, 3401 complete and 0 interrupted iterations
oscillating   [  22% ] 12/12 VUs  02m35.7s/12m00.0s

running (03m05.0s), 12/12 VUs, 3438 complete and 0 interrupted iterations
oscillating   [  22% ] 12/12 VUs  02m36.7s/12m00.0s

running (03m06.0s), 12/12 VUs, 3472 complete and 0 interrupted iterations
oscillating   [  22% ] 12/12 VUs  02m37.7s/12m00.0s

running (03m07.0s), 12/12 VUs, 3512 complete and 0 interrupted iterations
oscillating   [  22% ] 12/12 VUs  02m38.7s/12m00.0s

running (03m08.0s), 12/12 VUs, 3546 complete and 0 interrupted iterations
oscillating   [  22% ] 12/12 VUs  02m39.7s/12m00.0s

running (03m09.0s), 12/12 VUs, 3587 complete and 0 interrupted iterations
oscillating   [  22% ] 12/12 VUs  02m40.7s/12m00.0s

running (03m10.0s), 12/12 VUs, 3595 complete and 0 interrupted iterations
oscillating   [  22% ] 12/12 VUs  02m41.7s/12m00.0s

running (03m11.0s), 12/12 VUs, 3614 complete and 0 interrupted iterations
oscillating   [  23% ] 12/12 VUs  02m42.7s/12m00.0s

running (03m12.0s), 12/12 VUs, 3637 complete and 0 interrupted iterations
oscillating   [  23% ] 12/12 VUs  02m43.7s/12m00.0s

running (03m13.0s), 12/12 VUs, 3688 complete and 0 interrupted iterations
oscillating   [  23% ] 12/12 VUs  02m44.7s/12m00.0s

running (03m14.0s), 12/12 VUs, 3731 complete and 0 interrupted iterations
oscillating   [  23% ] 12/12 VUs  02m45.7s/12m00.0s

running (03m15.0s), 12/12 VUs, 3787 complete and 0 interrupted iterations
oscillating   [  23% ] 12/12 VUs  02m46.7s/12m00.0s

running (03m16.0s), 12/12 VUs, 3814 complete and 0 interrupted iterations
oscillating   [  23% ] 12/12 VUs  02m47.7s/12m00.0s

running (03m17.0s), 12/12 VUs, 3833 complete and 0 interrupted iterations
oscillating   [  23% ] 12/12 VUs  02m48.7s/12m00.0s

running (03m18.0s), 12/12 VUs, 3847 complete and 0 interrupted iterations
oscillating   [  24% ] 12/12 VUs  02m49.7s/12m00.0s

running (03m19.0s), 12/12 VUs, 3874 complete and 0 interrupted iterations
oscillating   [  24% ] 12/12 VUs  02m50.7s/12m00.0s

running (03m20.0s), 12/12 VUs, 3900 complete and 0 interrupted iterations
oscillating   [  24% ] 12/12 VUs  02m51.7s/12m00.0s

running (03m21.0s), 12/12 VUs, 3931 complete and 0 interrupted iterations
oscillating   [  24% ] 12/12 VUs  02m52.7s/12m00.0s

running (03m22.0s), 12/12 VUs, 3968 complete and 0 interrupted iterations
oscillating   [  24% ] 12/12 VUs  02m53.7s/12m00.0s

running (03m23.0s), 12/12 VUs, 4023 complete and 0 interrupted iterations
oscillating   [  24% ] 12/12 VUs  02m54.7s/12m00.0s

running (03m24.0s), 12/12 VUs, 4078 complete and 0 interrupted iterations
oscillating   [  24% ] 12/12 VUs  02m55.7s/12m00.0s

running (03m25.0s), 12/12 VUs, 4127 complete and 0 interrupted iterations
oscillating   [  25% ] 12/12 VUs  02m56.7s/12m00.0s

running (03m26.0s), 12/12 VUs, 4169 complete and 0 interrupted iterations
oscillating   [  25% ] 12/12 VUs  02m57.7s/12m00.0s

running (03m27.0s), 12/12 VUs, 4241 complete and 0 interrupted iterations
oscillating   [  25% ] 12/12 VUs  02m58.7s/12m00.0s

running (03m28.0s), 12/12 VUs, 4278 complete and 0 interrupted iterations
oscillating   [  25% ] 12/12 VUs  02m59.7s/12m00.0s

running (03m29.0s), 12/12 VUs, 4306 complete and 0 interrupted iterations
oscillating   [  25% ] 12/12 VUs  03m00.7s/12m00.0s

running (03m30.0s), 12/12 VUs, 4351 complete and 0 interrupted iterations
oscillating   [  25% ] 12/12 VUs  03m01.7s/12m00.0s

running (03m31.0s), 12/12 VUs, 4381 complete and 0 interrupted iterations
oscillating   [  25% ] 12/12 VUs  03m02.7s/12m00.0s

running (03m32.0s), 12/12 VUs, 4403 complete and 0 interrupted iterations
oscillating   [  26% ] 12/12 VUs  03m03.7s/12m00.0s

running (03m33.0s), 12/12 VUs, 4456 complete and 0 interrupted iterations
oscillating   [  26% ] 12/12 VUs  03m04.7s/12m00.0s

running (03m34.0s), 12/12 VUs, 4492 complete and 0 interrupted iterations
oscillating   [  26% ] 12/12 VUs  03m05.7s/12m00.0s

running (03m35.0s), 12/12 VUs, 4540 complete and 0 interrupted iterations
oscillating   [  26% ] 12/12 VUs  03m06.7s/12m00.0s

running (03m36.0s), 12/12 VUs, 4585 complete and 0 interrupted iterations
oscillating   [  26% ] 12/12 VUs  03m07.7s/12m00.0s

running (03m37.0s), 12/12 VUs, 4648 complete and 0 interrupted iterations
oscillating   [  26% ] 12/12 VUs  03m08.7s/12m00.0s

running (03m38.0s), 12/12 VUs, 4665 complete and 0 interrupted iterations
oscillating   [  26% ] 12/12 VUs  03m09.7s/12m00.0s

running (03m39.0s), 12/12 VUs, 4708 complete and 0 interrupted iterations
oscillating   [  26% ] 12/12 VUs  03m10.7s/12m00.0s

running (03m40.0s), 12/12 VUs, 4734 complete and 0 interrupted iterations
oscillating   [  27% ] 12/12 VUs  03m11.7s/12m00.0s

running (03m41.0s), 12/12 VUs, 4774 complete and 0 interrupted iterations
oscillating   [  27% ] 12/12 VUs  03m12.7s/12m00.0s

running (03m42.0s), 12/12 VUs, 4817 complete and 0 interrupted iterations
oscillating   [  27% ] 12/12 VUs  03m13.7s/12m00.0s

running (03m43.0s), 12/12 VUs, 4859 complete and 0 interrupted iterations
oscillating   [  27% ] 12/12 VUs  03m14.7s/12m00.0s

running (03m44.0s), 12/12 VUs, 4913 complete and 0 interrupted iterations
oscillating   [  27% ] 12/12 VUs  03m15.7s/12m00.0s

running (03m45.0s), 12/12 VUs, 4947 complete and 0 interrupted iterations
oscillating   [  27% ] 12/12 VUs  03m16.7s/12m00.0s

running (03m46.0s), 12/12 VUs, 4988 complete and 0 interrupted iterations
oscillating   [  27% ] 12/12 VUs  03m17.7s/12m00.0s

running (03m47.0s), 12/12 VUs, 5021 complete and 0 interrupted iterations
oscillating   [  28% ] 12/12 VUs  03m18.7s/12m00.0s

running (03m48.0s), 12/12 VUs, 5081 complete and 0 interrupted iterations
oscillating   [  28% ] 12/12 VUs  03m19.7s/12m00.0s

running (03m49.0s), 12/12 VUs, 5130 complete and 0 interrupted iterations
oscillating   [  28% ] 12/12 VUs  03m20.7s/12m00.0s

running (03m50.0s), 12/12 VUs, 5222 complete and 0 interrupted iterations
oscillating   [  28% ] 12/12 VUs  03m21.7s/12m00.0s

running (03m51.0s), 12/12 VUs, 5280 complete and 0 interrupted iterations
oscillating   [  28% ] 12/12 VUs  03m22.7s/12m00.0s

running (03m52.0s), 12/12 VUs, 5328 complete and 0 interrupted iterations
oscillating   [  28% ] 12/12 VUs  03m23.7s/12m00.0s

running (03m53.0s), 12/12 VUs, 5387 complete and 0 interrupted iterations
oscillating   [  28% ] 12/12 VUs  03m24.7s/12m00.0s

running (03m54.0s), 12/12 VUs, 5439 complete and 0 interrupted iterations
oscillating   [  29% ] 12/12 VUs  03m25.7s/12m00.0s

running (03m55.0s), 12/12 VUs, 5502 complete and 0 interrupted iterations
oscillating   [  29% ] 12/12 VUs  03m26.7s/12m00.0s

running (03m56.0s), 12/12 VUs, 5527 complete and 0 interrupted iterations
oscillating   [  29% ] 12/12 VUs  03m27.7s/12m00.0s

running (03m57.0s), 12/12 VUs, 5559 complete and 0 interrupted iterations
oscillating   [  29% ] 12/12 VUs  03m28.7s/12m00.0s

running (03m58.0s), 12/12 VUs, 5619 complete and 0 interrupted iterations
oscillating   [  29% ] 12/12 VUs  03m29.7s/12m00.0s

running (03m59.0s), 12/12 VUs, 5656 complete and 0 interrupted iterations
oscillating   [  29% ] 12/12 VUs  03m30.7s/12m00.0s

running (04m00.0s), 12/12 VUs, 5684 complete and 0 interrupted iterations
oscillating   [  29% ] 12/12 VUs  03m31.7s/12m00.0s

running (04m01.0s), 10/12 VUs, 5783 complete and 0 interrupted iterations
oscillating   [  30% ] 10/12 VUs  03m32.7s/12m00.0s

running (04m02.0s), 09/12 VUs, 5822 complete and 0 interrupted iterations
oscillating   [  30% ] 09/12 VUs  03m33.7s/12m00.0s

running (04m03.0s), 07/12 VUs, 5851 complete and 0 interrupted iterations
oscillating   [  30% ] 07/12 VUs  03m34.7s/12m00.0s

running (04m04.0s), 06/12 VUs, 5918 complete and 0 interrupted iterations
oscillating   [  30% ] 06/12 VUs  03m35.7s/12m00.0s

running (04m05.0s), 06/12 VUs, 5950 complete and 0 interrupted iterations
oscillating   [  30% ] 06/12 VUs  03m36.7s/12m00.0s

running (04m06.0s), 05/12 VUs, 5994 complete and 0 interrupted iterations
oscillating   [  30% ] 05/12 VUs  03m37.7s/12m00.0s

running (04m07.0s), 04/12 VUs, 6049 complete and 0 interrupted iterations
oscillating   [  30% ] 04/12 VUs  03m38.7s/12m00.0s

running (04m08.0s), 02/12 VUs, 6075 complete and 0 interrupted iterations
oscillating   [  31% ] 02/12 VUs  03m39.7s/12m00.0s

running (04m09.0s), 02/12 VUs, 6087 complete and 0 interrupted iterations
oscillating   [  31% ] 02/12 VUs  03m40.7s/12m00.0s

running (04m10.0s), 01/12 VUs, 6095 complete and 0 interrupted iterations
oscillating   [  31% ] 01/12 VUs  03m41.7s/12m00.0s

running (04m11.0s), 01/12 VUs, 6106 complete and 0 interrupted iterations
oscillating   [  31% ] 01/12 VUs  03m42.7s/12m00.0s

running (04m12.0s), 01/12 VUs, 6112 complete and 0 interrupted iterations
oscillating   [  31% ] 01/12 VUs  03m43.7s/12m00.0s

running (04m13.0s), 01/12 VUs, 6120 complete and 0 interrupted iterations
oscillating   [  31% ] 01/12 VUs  03m44.7s/12m00.0s

running (04m14.0s), 01/12 VUs, 6131 complete and 0 interrupted iterations
oscillating   [  31% ] 01/12 VUs  03m45.7s/12m00.0s

running (04m15.0s), 01/12 VUs, 6147 complete and 0 interrupted iterations
oscillating   [  31% ] 01/12 VUs  03m46.7s/12m00.0s

running (04m16.0s), 01/12 VUs, 6171 complete and 0 interrupted iterations
oscillating   [  32% ] 01/12 VUs  03m47.7s/12m00.0s

running (04m17.0s), 01/12 VUs, 6177 complete and 0 interrupted iterations
oscillating   [  32% ] 01/12 VUs  03m48.7s/12m00.0s

running (04m18.0s), 01/12 VUs, 6186 complete and 0 interrupted iterations
oscillating   [  32% ] 01/12 VUs  03m49.7s/12m00.0s

running (04m19.0s), 01/12 VUs, 6201 complete and 0 interrupted iterations
oscillating   [  32% ] 01/12 VUs  03m50.7s/12m00.0s

running (04m20.0s), 01/12 VUs, 6217 complete and 0 interrupted iterations
oscillating   [  32% ] 01/12 VUs  03m51.7s/12m00.0s

running (04m21.0s), 01/12 VUs, 6228 complete and 0 interrupted iterations
oscillating   [  32% ] 01/12 VUs  03m52.7s/12m00.0s

running (04m22.0s), 01/12 VUs, 6238 complete and 0 interrupted iterations
oscillating   [  32% ] 01/12 VUs  03m53.7s/12m00.0s

running (04m23.0s), 01/12 VUs, 6242 complete and 0 interrupted iterations
oscillating   [  33% ] 01/12 VUs  03m54.7s/12m00.0s

running (04m24.0s), 01/12 VUs, 6246 complete and 0 interrupted iterations
oscillating   [  33% ] 01/12 VUs  03m55.7s/12m00.0s

running (04m25.0s), 01/12 VUs, 6254 complete and 0 interrupted iterations
oscillating   [  33% ] 01/12 VUs  03m56.7s/12m00.0s

running (04m26.0s), 01/12 VUs, 6263 complete and 0 interrupted iterations
oscillating   [  33% ] 01/12 VUs  03m57.7s/12m00.0s

running (04m27.0s), 01/12 VUs, 6272 complete and 0 interrupted iterations
oscillating   [  33% ] 01/12 VUs  03m58.7s/12m00.0s

running (04m28.0s), 01/12 VUs, 6288 complete and 0 interrupted iterations
oscillating   [  33% ] 01/12 VUs  03m59.7s/12m00.0s

running (04m29.0s), 01/12 VUs, 6304 complete and 0 interrupted iterations
oscillating   [  33% ] 01/12 VUs  04m00.7s/12m00.0s

running (04m30.0s), 01/12 VUs, 6310 complete and 0 interrupted iterations
oscillating   [  34% ] 01/12 VUs  04m01.7s/12m00.0s

running (04m31.0s), 01/12 VUs, 6316 complete and 0 interrupted iterations
oscillating   [  34% ] 01/12 VUs  04m02.7s/12m00.0s

running (04m32.0s), 01/12 VUs, 6347 complete and 0 interrupted iterations
oscillating   [  34% ] 01/12 VUs  04m03.7s/12m00.0s

running (04m33.0s), 01/12 VUs, 6352 complete and 0 interrupted iterations
oscillating   [  34% ] 01/12 VUs  04m04.7s/12m00.0s

running (04m34.0s), 01/12 VUs, 6363 complete and 0 interrupted iterations
oscillating   [  34% ] 01/12 VUs  04m05.7s/12m00.0s

running (04m35.0s), 01/12 VUs, 6367 complete and 0 interrupted iterations
oscillating   [  34% ] 01/12 VUs  04m06.7s/12m00.0s

running (04m36.0s), 01/12 VUs, 6378 complete and 0 interrupted iterations
oscillating   [  34% ] 01/12 VUs  04m07.7s/12m00.0s

running (04m37.0s), 01/12 VUs, 6388 complete and 0 interrupted iterations
oscillating   [  35% ] 01/12 VUs  04m08.7s/12m00.0s

running (04m38.0s), 01/12 VUs, 6420 complete and 0 interrupted iterations
oscillating   [  35% ] 01/12 VUs  04m09.7s/12m00.0s

running (04m39.0s), 01/12 VUs, 6438 complete and 0 interrupted iterations
oscillating   [  35% ] 01/12 VUs  04m10.7s/12m00.0s

running (04m40.0s), 01/12 VUs, 6467 complete and 0 interrupted iterations
oscillating   [  35% ] 01/12 VUs  04m11.7s/12m00.0s

running (04m41.0s), 01/12 VUs, 6478 complete and 0 interrupted iterations
oscillating   [  35% ] 01/12 VUs  04m12.7s/12m00.0s

running (04m42.0s), 01/12 VUs, 6512 complete and 0 interrupted iterations
oscillating   [  35% ] 01/12 VUs  04m13.7s/12m00.0s

running (04m43.0s), 01/12 VUs, 6543 complete and 0 interrupted iterations
oscillating   [  35% ] 01/12 VUs  04m14.7s/12m00.0s

running (04m44.0s), 01/12 VUs, 6562 complete and 0 interrupted iterations
oscillating   [  36% ] 01/12 VUs  04m15.7s/12m00.0s

running (04m45.0s), 01/12 VUs, 6592 complete and 0 interrupted iterations
oscillating   [  36% ] 01/12 VUs  04m16.7s/12m00.0s

running (04m46.0s), 01/12 VUs, 6617 complete and 0 interrupted iterations
oscillating   [  36% ] 01/12 VUs  04m17.7s/12m00.0s

running (04m47.0s), 01/12 VUs, 6635 complete and 0 interrupted iterations
oscillating   [  36% ] 01/12 VUs  04m18.7s/12m00.0s

running (04m48.0s), 01/12 VUs, 6654 complete and 0 interrupted iterations
oscillating   [  36% ] 01/12 VUs  04m19.7s/12m00.0s

running (04m49.0s), 01/12 VUs, 6658 complete and 0 interrupted iterations
oscillating   [  36% ] 01/12 VUs  04m20.7s/12m00.0s

running (04m50.0s), 01/12 VUs, 6676 complete and 0 interrupted iterations
oscillating   [  36% ] 01/12 VUs  04m21.7s/12m00.0s

running (04m51.0s), 01/12 VUs, 6684 complete and 0 interrupted iterations
oscillating   [  36% ] 01/12 VUs  04m22.7s/12m00.0s

running (04m52.0s), 01/12 VUs, 6696 complete and 0 interrupted iterations
oscillating   [  37% ] 01/12 VUs  04m23.7s/12m00.0s

running (04m53.0s), 01/12 VUs, 6714 complete and 0 interrupted iterations
oscillating   [  37% ] 01/12 VUs  04m24.7s/12m00.0s

running (04m54.0s), 01/12 VUs, 6731 complete and 0 interrupted iterations
oscillating   [  37% ] 01/12 VUs  04m25.7s/12m00.0s

running (04m55.0s), 01/12 VUs, 6744 complete and 0 interrupted iterations
oscillating   [  37% ] 01/12 VUs  04m26.7s/12m00.0s

running (04m56.0s), 01/12 VUs, 6756 complete and 0 interrupted iterations
oscillating   [  37% ] 01/12 VUs  04m27.7s/12m00.0s

running (04m57.0s), 01/12 VUs, 6785 complete and 0 interrupted iterations
oscillating   [  37% ] 01/12 VUs  04m28.7s/12m00.0s

running (04m58.0s), 01/12 VUs, 6791 complete and 0 interrupted iterations
oscillating   [  37% ] 01/12 VUs  04m29.7s/12m00.0s

running (04m59.0s), 01/12 VUs, 6814 complete and 0 interrupted iterations
oscillating   [  38% ] 01/12 VUs  04m30.7s/12m00.0s

running (05m00.0s), 01/12 VUs, 6819 complete and 0 interrupted iterations
oscillating   [  38% ] 01/12 VUs  04m31.7s/12m00.0s

running (05m01.0s), 01/12 VUs, 6827 complete and 0 interrupted iterations
oscillating   [  38% ] 01/12 VUs  04m32.7s/12m00.0s

running (05m02.0s), 01/12 VUs, 6848 complete and 0 interrupted iterations
oscillating   [  38% ] 01/12 VUs  04m33.7s/12m00.0s

running (05m03.0s), 01/12 VUs, 6856 complete and 0 interrupted iterations
oscillating   [  38% ] 01/12 VUs  04m34.7s/12m00.0s

running (05m04.0s), 01/12 VUs, 6859 complete and 0 interrupted iterations
oscillating   [  38% ] 01/12 VUs  04m35.7s/12m00.0s

running (05m05.0s), 01/12 VUs, 6865 complete and 0 interrupted iterations
oscillating   [  38% ] 01/12 VUs  04m36.7s/12m00.0s

running (05m06.0s), 01/12 VUs, 6875 complete and 0 interrupted iterations
oscillating   [  39% ] 01/12 VUs  04m37.7s/12m00.0s

running (05m07.0s), 01/12 VUs, 6889 complete and 0 interrupted iterations
oscillating   [  39% ] 01/12 VUs  04m38.7s/12m00.0s

running (05m08.0s), 01/12 VUs, 6902 complete and 0 interrupted iterations
oscillating   [  39% ] 01/12 VUs  04m39.7s/12m00.0s

running (05m09.0s), 01/12 VUs, 6912 complete and 0 interrupted iterations
oscillating   [  39% ] 01/12 VUs  04m40.7s/12m00.0s

running (05m10.0s), 01/12 VUs, 6951 complete and 0 interrupted iterations
oscillating   [  39% ] 01/12 VUs  04m41.7s/12m00.0s

running (05m11.0s), 01/12 VUs, 6958 complete and 0 interrupted iterations
oscillating   [  39% ] 01/12 VUs  04m42.7s/12m00.0s

running (05m12.0s), 01/12 VUs, 6976 complete and 0 interrupted iterations
oscillating   [  39% ] 01/12 VUs  04m43.7s/12m00.0s

running (05m13.0s), 01/12 VUs, 6986 complete and 0 interrupted iterations
oscillating   [  40% ] 01/12 VUs  04m44.7s/12m00.0s

running (05m14.0s), 01/12 VUs, 6993 complete and 0 interrupted iterations
oscillating   [  40% ] 01/12 VUs  04m45.7s/12m00.0s

running (05m15.0s), 01/12 VUs, 7014 complete and 0 interrupted iterations
oscillating   [  40% ] 01/12 VUs  04m46.7s/12m00.0s

running (05m16.0s), 01/12 VUs, 7021 complete and 0 interrupted iterations
oscillating   [  40% ] 01/12 VUs  04m47.7s/12m00.0s

running (05m17.0s), 01/12 VUs, 7045 complete and 0 interrupted iterations
oscillating   [  40% ] 01/12 VUs  04m48.7s/12m00.0s

running (05m18.0s), 01/12 VUs, 7055 complete and 0 interrupted iterations
oscillating   [  40% ] 01/12 VUs  04m49.7s/12m00.0s

running (05m19.0s), 01/12 VUs, 7100 complete and 0 interrupted iterations
oscillating   [  40% ] 01/12 VUs  04m50.7s/12m00.0s

running (05m20.0s), 01/12 VUs, 7111 complete and 0 interrupted iterations
oscillating   [  41% ] 01/12 VUs  04m51.7s/12m00.0s

running (05m21.0s), 01/12 VUs, 7119 complete and 0 interrupted iterations
oscillating   [  41% ] 01/12 VUs  04m52.7s/12m00.0s

running (05m22.0s), 01/12 VUs, 7142 complete and 0 interrupted iterations
oscillating   [  41% ] 01/12 VUs  04m53.7s/12m00.0s

running (05m23.0s), 01/12 VUs, 7165 complete and 0 interrupted iterations
oscillating   [  41% ] 01/12 VUs  04m54.7s/12m00.0s

running (05m24.0s), 01/12 VUs, 7190 complete and 0 interrupted iterations
oscillating   [  41% ] 01/12 VUs  04m55.7s/12m00.0s

running (05m25.0s), 01/12 VUs, 7210 complete and 0 interrupted iterations
oscillating   [  41% ] 01/12 VUs  04m56.7s/12m00.0s

running (05m26.0s), 01/12 VUs, 7225 complete and 0 interrupted iterations
oscillating   [  41% ] 01/12 VUs  04m57.7s/12m00.0s

running (05m27.0s), 01/12 VUs, 7240 complete and 0 interrupted iterations
oscillating   [  41% ] 01/12 VUs  04m58.7s/12m00.0s

running (05m28.0s), 01/12 VUs, 7247 complete and 0 interrupted iterations
oscillating   [  42% ] 01/12 VUs  04m59.7s/12m00.0s

running (05m29.0s), 01/12 VUs, 7260 complete and 0 interrupted iterations
oscillating   [  42% ] 01/12 VUs  05m00.7s/12m00.0s

running (05m30.0s), 02/12 VUs, 7280 complete and 0 interrupted iterations
oscillating   [  42% ] 02/12 VUs  05m01.7s/12m00.0s

running (05m31.0s), 03/12 VUs, 7294 complete and 0 interrupted iterations
oscillating   [  42% ] 03/12 VUs  05m02.7s/12m00.0s

running (05m32.0s), 05/12 VUs, 7358 complete and 0 interrupted iterations
oscillating   [  42% ] 05/12 VUs  05m03.7s/12m00.0s

running (05m33.0s), 06/12 VUs, 7377 complete and 0 interrupted iterations
oscillating   [  42% ] 06/12 VUs  05m04.7s/12m00.0s

running (05m34.0s), 07/12 VUs, 7412 complete and 0 interrupted iterations
oscillating   [  42% ] 07/12 VUs  05m05.7s/12m00.0s

running (05m35.0s), 08/12 VUs, 7451 complete and 0 interrupted iterations
oscillating   [  43% ] 08/12 VUs  05m06.7s/12m00.0s

running (05m36.0s), 09/12 VUs, 7489 complete and 0 interrupted iterations
oscillating   [  43% ] 09/12 VUs  05m07.7s/12m00.0s

running (05m37.0s), 10/12 VUs, 7538 complete and 0 interrupted iterations
oscillating   [  43% ] 10/12 VUs  05m08.7s/12m00.0s

running (05m38.0s), 11/12 VUs, 7584 complete and 0 interrupted iterations
oscillating   [  43% ] 11/12 VUs  05m09.7s/12m00.0s

running (05m39.0s), 12/12 VUs, 7642 complete and 0 interrupted iterations
oscillating   [  43% ] 12/12 VUs  05m10.7s/12m00.0s

running (05m40.0s), 12/12 VUs, 7686 complete and 0 interrupted iterations
oscillating   [  43% ] 12/12 VUs  05m11.7s/12m00.0s

running (05m41.0s), 12/12 VUs, 7723 complete and 0 interrupted iterations
oscillating   [  43% ] 12/12 VUs  05m12.7s/12m00.0s

running (05m42.0s), 12/12 VUs, 7746 complete and 0 interrupted iterations
oscillating   [  44% ] 12/12 VUs  05m13.7s/12m00.0s

running (05m43.0s), 12/12 VUs, 7783 complete and 0 interrupted iterations
oscillating   [  44% ] 12/12 VUs  05m14.7s/12m00.0s

running (05m44.0s), 12/12 VUs, 7853 complete and 0 interrupted iterations
oscillating   [  44% ] 12/12 VUs  05m15.7s/12m00.0s

running (05m45.0s), 12/12 VUs, 7923 complete and 0 interrupted iterations
oscillating   [  44% ] 12/12 VUs  05m16.7s/12m00.0s

running (05m46.0s), 12/12 VUs, 7945 complete and 0 interrupted iterations
oscillating   [  44% ] 12/12 VUs  05m17.7s/12m00.0s

running (05m47.0s), 12/12 VUs, 7980 complete and 0 interrupted iterations
oscillating   [  44% ] 12/12 VUs  05m18.7s/12m00.0s

running (05m48.0s), 12/12 VUs, 8037 complete and 0 interrupted iterations
oscillating   [  44% ] 12/12 VUs  05m19.7s/12m00.0s

running (05m49.0s), 12/12 VUs, 8083 complete and 0 interrupted iterations
oscillating   [  45% ] 12/12 VUs  05m20.7s/12m00.0s

running (05m50.0s), 12/12 VUs, 8141 complete and 0 interrupted iterations
oscillating   [  45% ] 12/12 VUs  05m21.7s/12m00.0s

running (05m51.0s), 12/12 VUs, 8211 complete and 0 interrupted iterations
oscillating   [  45% ] 12/12 VUs  05m22.7s/12m00.0s

running (05m52.0s), 12/12 VUs, 8261 complete and 0 interrupted iterations
oscillating   [  45% ] 12/12 VUs  05m23.7s/12m00.0s

running (05m53.0s), 12/12 VUs, 8320 complete and 0 interrupted iterations
oscillating   [  45% ] 12/12 VUs  05m24.7s/12m00.0s

running (05m54.0s), 12/12 VUs, 8376 complete and 0 interrupted iterations
oscillating   [  45% ] 12/12 VUs  05m25.7s/12m00.0s

running (05m55.0s), 12/12 VUs, 8400 complete and 0 interrupted iterations
oscillating   [  45% ] 12/12 VUs  05m26.7s/12m00.0s

running (05m56.0s), 12/12 VUs, 8441 complete and 0 interrupted iterations
oscillating   [  46% ] 12/12 VUs  05m27.7s/12m00.0s

running (05m57.0s), 12/12 VUs, 8519 complete and 0 interrupted iterations
oscillating   [  46% ] 12/12 VUs  05m28.7s/12m00.0s

running (05m58.0s), 12/12 VUs, 8587 complete and 0 interrupted iterations
oscillating   [  46% ] 12/12 VUs  05m29.7s/12m00.0s

running (05m59.0s), 12/12 VUs, 8595 complete and 0 interrupted iterations
oscillating   [  46% ] 12/12 VUs  05m30.7s/12m00.0s

running (06m00.0s), 12/12 VUs, 8637 complete and 0 interrupted iterations
oscillating   [  46% ] 12/12 VUs  05m31.7s/12m00.0s

running (06m01.0s), 12/12 VUs, 8692 complete and 0 interrupted iterations
oscillating   [  46% ] 12/12 VUs  05m32.7s/12m00.0s

running (06m02.0s), 12/12 VUs, 8775 complete and 0 interrupted iterations
oscillating   [  46% ] 12/12 VUs  05m33.7s/12m00.0s

running (06m03.0s), 12/12 VUs, 8843 complete and 0 interrupted iterations
oscillating   [  46% ] 12/12 VUs  05m34.7s/12m00.0s

running (06m04.0s), 12/12 VUs, 8908 complete and 0 interrupted iterations
oscillating   [  47% ] 12/12 VUs  05m35.7s/12m00.0s

running (06m05.0s), 12/12 VUs, 8953 complete and 0 interrupted iterations
oscillating   [  47% ] 12/12 VUs  05m36.7s/12m00.0s

running (06m06.0s), 12/12 VUs, 8999 complete and 0 interrupted iterations
oscillating   [  47% ] 12/12 VUs  05m37.7s/12m00.0s

running (06m07.0s), 12/12 VUs, 9026 complete and 0 interrupted iterations
oscillating   [  47% ] 12/12 VUs  05m38.7s/12m00.0s

running (06m08.0s), 12/12 VUs, 9068 complete and 0 interrupted iterations
oscillating   [  47% ] 12/12 VUs  05m39.7s/12m00.0s

running (06m09.0s), 12/12 VUs, 9109 complete and 0 interrupted iterations
oscillating   [  47% ] 12/12 VUs  05m40.7s/12m00.0s

running (06m10.0s), 12/12 VUs, 9154 complete and 0 interrupted iterations
oscillating   [  47% ] 12/12 VUs  05m41.7s/12m00.0s

running (06m11.0s), 12/12 VUs, 9191 complete and 0 interrupted iterations
oscillating   [  48% ] 12/12 VUs  05m42.7s/12m00.0s

running (06m12.0s), 12/12 VUs, 9240 complete and 0 interrupted iterations
oscillating   [  48% ] 12/12 VUs  05m43.7s/12m00.0s

running (06m13.0s), 12/12 VUs, 9296 complete and 0 interrupted iterations
oscillating   [  48% ] 12/12 VUs  05m44.7s/12m00.0s

running (06m14.0s), 12/12 VUs, 9327 complete and 0 interrupted iterations
oscillating   [  48% ] 12/12 VUs  05m45.7s/12m00.0s

running (06m15.0s), 12/12 VUs, 9351 complete and 0 interrupted iterations
oscillating   [  48% ] 12/12 VUs  05m46.7s/12m00.0s

running (06m16.0s), 12/12 VUs, 9387 complete and 0 interrupted iterations
oscillating   [  48% ] 12/12 VUs  05m47.7s/12m00.0s

running (06m17.0s), 12/12 VUs, 9400 complete and 0 interrupted iterations
oscillating   [  48% ] 12/12 VUs  05m48.7s/12m00.0s

running (06m18.0s), 12/12 VUs, 9424 complete and 0 interrupted iterations
oscillating   [  49% ] 12/12 VUs  05m49.7s/12m00.0s

running (06m19.0s), 12/12 VUs, 9457 complete and 0 interrupted iterations
oscillating   [  49% ] 12/12 VUs  05m50.7s/12m00.0s

running (06m20.0s), 12/12 VUs, 9497 complete and 0 interrupted iterations
oscillating   [  49% ] 12/12 VUs  05m51.7s/12m00.0s

running (06m21.0s), 12/12 VUs, 9540 complete and 0 interrupted iterations
oscillating   [  49% ] 12/12 VUs  05m52.7s/12m00.0s

running (06m22.0s), 12/12 VUs, 9570 complete and 0 interrupted iterations
oscillating   [  49% ] 12/12 VUs  05m53.7s/12m00.0s

running (06m23.0s), 12/12 VUs, 9606 complete and 0 interrupted iterations
oscillating   [  49% ] 12/12 VUs  05m54.7s/12m00.0s

running (06m24.0s), 12/12 VUs, 9645 complete and 0 interrupted iterations
oscillating   [  49% ] 12/12 VUs  05m55.7s/12m00.0s

running (06m25.0s), 12/12 VUs, 9671 complete and 0 interrupted iterations
oscillating   [  50% ] 12/12 VUs  05m56.7s/12m00.0s

running (06m26.0s), 12/12 VUs, 9702 complete and 0 interrupted iterations
oscillating   [  50% ] 12/12 VUs  05m57.7s/12m00.0s

running (06m27.0s), 12/12 VUs, 9776 complete and 0 interrupted iterations
oscillating   [  50% ] 12/12 VUs  05m58.7s/12m00.0s

running (06m28.0s), 12/12 VUs, 9843 complete and 0 interrupted iterations
oscillating   [  50% ] 12/12 VUs  05m59.7s/12m00.0s

running (06m29.0s), 12/12 VUs, 9902 complete and 0 interrupted iterations
oscillating   [  50% ] 12/12 VUs  06m00.7s/12m00.0s

running (06m30.0s), 12/12 VUs, 9952 complete and 0 interrupted iterations
oscillating   [  50% ] 12/12 VUs  06m01.7s/12m00.0s

running (06m31.0s), 12/12 VUs, 9999 complete and 0 interrupted iterations
oscillating   [  50% ] 12/12 VUs  06m02.7s/12m00.0s

running (06m32.0s), 12/12 VUs, 10010 complete and 0 interrupted iterations
oscillating   [  51% ] 12/12 VUs  06m03.7s/12m00.0s

running (06m33.0s), 12/12 VUs, 10074 complete and 0 interrupted iterations
oscillating   [  51% ] 12/12 VUs  06m04.7s/12m00.0s

running (06m34.0s), 12/12 VUs, 10123 complete and 0 interrupted iterations
oscillating   [  51% ] 12/12 VUs  06m05.7s/12m00.0s

running (06m35.0s), 12/12 VUs, 10150 complete and 0 interrupted iterations
oscillating   [  51% ] 12/12 VUs  06m06.7s/12m00.0s

running (06m36.0s), 12/12 VUs, 10203 complete and 0 interrupted iterations
oscillating   [  51% ] 12/12 VUs  06m07.7s/12m00.0s

running (06m37.0s), 12/12 VUs, 10247 complete and 0 interrupted iterations
oscillating   [  51% ] 12/12 VUs  06m08.7s/12m00.0s

running (06m38.0s), 12/12 VUs, 10291 complete and 0 interrupted iterations
oscillating   [  51% ] 12/12 VUs  06m09.7s/12m00.0s

running (06m39.0s), 12/12 VUs, 10341 complete and 0 interrupted iterations
oscillating   [  51% ] 12/12 VUs  06m10.7s/12m00.0s

running (06m40.0s), 12/12 VUs, 10395 complete and 0 interrupted iterations
oscillating   [  52% ] 12/12 VUs  06m11.7s/12m00.0s

running (06m41.0s), 12/12 VUs, 10430 complete and 0 interrupted iterations
oscillating   [  52% ] 12/12 VUs  06m12.7s/12m00.0s

running (06m42.0s), 12/12 VUs, 10493 complete and 0 interrupted iterations
oscillating   [  52% ] 12/12 VUs  06m13.7s/12m00.0s

running (06m43.0s), 12/12 VUs, 10523 complete and 0 interrupted iterations
oscillating   [  52% ] 12/12 VUs  06m14.7s/12m00.0s

running (06m44.0s), 12/12 VUs, 10547 complete and 0 interrupted iterations
oscillating   [  52% ] 12/12 VUs  06m15.7s/12m00.0s

running (06m45.0s), 12/12 VUs, 10639 complete and 0 interrupted iterations
oscillating   [  52% ] 12/12 VUs  06m16.7s/12m00.0s

running (06m46.0s), 12/12 VUs, 10705 complete and 0 interrupted iterations
oscillating   [  52% ] 12/12 VUs  06m17.7s/12m00.0s

running (06m47.0s), 12/12 VUs, 10742 complete and 0 interrupted iterations
oscillating   [  53% ] 12/12 VUs  06m18.7s/12m00.0s

running (06m48.0s), 12/12 VUs, 10781 complete and 0 interrupted iterations
oscillating   [  53% ] 12/12 VUs  06m19.7s/12m00.0s

running (06m49.0s), 12/12 VUs, 10793 complete and 0 interrupted iterations
oscillating   [  53% ] 12/12 VUs  06m20.7s/12m00.0s

running (06m50.0s), 12/12 VUs, 10830 complete and 0 interrupted iterations
oscillating   [  53% ] 12/12 VUs  06m21.7s/12m00.0s

running (06m51.0s), 12/12 VUs, 10864 complete and 0 interrupted iterations
oscillating   [  53% ] 12/12 VUs  06m22.7s/12m00.0s

running (06m52.0s), 12/12 VUs, 10903 complete and 0 interrupted iterations
oscillating   [  53% ] 12/12 VUs  06m23.7s/12m00.0s

running (06m53.0s), 12/12 VUs, 10943 complete and 0 interrupted iterations
oscillating   [  53% ] 12/12 VUs  06m24.7s/12m00.0s

running (06m54.0s), 12/12 VUs, 11009 complete and 0 interrupted iterations
oscillating   [  54% ] 12/12 VUs  06m25.7s/12m00.0s

running (06m55.0s), 12/12 VUs, 11074 complete and 0 interrupted iterations
oscillating   [  54% ] 12/12 VUs  06m26.7s/12m00.0s

running (06m56.0s), 12/12 VUs, 11135 complete and 0 interrupted iterations
oscillating   [  54% ] 12/12 VUs  06m27.7s/12m00.0s

running (06m57.0s), 12/12 VUs, 11183 complete and 0 interrupted iterations
oscillating   [  54% ] 12/12 VUs  06m28.7s/12m00.0s

running (06m58.0s), 12/12 VUs, 11236 complete and 0 interrupted iterations
oscillating   [  54% ] 12/12 VUs  06m29.7s/12m00.0s

running (06m59.0s), 12/12 VUs, 11290 complete and 0 interrupted iterations
oscillating   [  54% ] 12/12 VUs  06m30.7s/12m00.0s

running (07m00.0s), 12/12 VUs, 11353 complete and 0 interrupted iterations
oscillating   [  54% ] 12/12 VUs  06m31.7s/12m00.0s

running (07m01.0s), 11/12 VUs, 11382 complete and 0 interrupted iterations
oscillating   [  55% ] 11/12 VUs  06m32.7s/12m00.0s

running (07m02.0s), 09/12 VUs, 11404 complete and 0 interrupted iterations
oscillating   [  55% ] 09/12 VUs  06m33.7s/12m00.0s

running (07m03.0s), 08/12 VUs, 11450 complete and 0 interrupted iterations
oscillating   [  55% ] 08/12 VUs  06m34.7s/12m00.0s

running (07m04.0s), 07/12 VUs, 11471 complete and 0 interrupted iterations
oscillating   [  55% ] 07/12 VUs  06m35.7s/12m00.0s

running (07m05.0s), 05/12 VUs, 11488 complete and 0 interrupted iterations
oscillating   [  55% ] 05/12 VUs  06m36.7s/12m00.0s

running (07m06.0s), 04/12 VUs, 11536 complete and 0 interrupted iterations
oscillating   [  55% ] 04/12 VUs  06m37.7s/12m00.0s

running (07m07.0s), 03/12 VUs, 11573 complete and 0 interrupted iterations
oscillating   [  55% ] 03/12 VUs  06m38.7s/12m00.0s

running (07m08.0s), 03/12 VUs, 11600 complete and 0 interrupted iterations
oscillating   [  56% ] 03/12 VUs  06m39.7s/12m00.0s

running (07m09.0s), 01/12 VUs, 11633 complete and 0 interrupted iterations
oscillating   [  56% ] 01/12 VUs  06m40.7s/12m00.0s

running (07m10.0s), 01/12 VUs, 11638 complete and 0 interrupted iterations
oscillating   [  56% ] 01/12 VUs  06m41.7s/12m00.0s

running (07m11.0s), 01/12 VUs, 11650 complete and 0 interrupted iterations
oscillating   [  56% ] 01/12 VUs  06m42.7s/12m00.0s

running (07m12.0s), 01/12 VUs, 11657 complete and 0 interrupted iterations
oscillating   [  56% ] 01/12 VUs  06m43.7s/12m00.0s

running (07m13.0s), 01/12 VUs, 11662 complete and 0 interrupted iterations
oscillating   [  56% ] 01/12 VUs  06m44.7s/12m00.0s

running (07m14.0s), 01/12 VUs, 11664 complete and 0 interrupted iterations
oscillating   [  56% ] 01/12 VUs  06m45.7s/12m00.0s

running (07m15.0s), 01/12 VUs, 11683 complete and 0 interrupted iterations
oscillating   [  56% ] 01/12 VUs  06m46.7s/12m00.0s

running (07m16.0s), 01/12 VUs, 11700 complete and 0 interrupted iterations
oscillating   [  57% ] 01/12 VUs  06m47.7s/12m00.0s

running (07m17.0s), 01/12 VUs, 11732 complete and 0 interrupted iterations
oscillating   [  57% ] 01/12 VUs  06m48.7s/12m00.0s

running (07m18.0s), 01/12 VUs, 11746 complete and 0 interrupted iterations
oscillating   [  57% ] 01/12 VUs  06m49.7s/12m00.0s

running (07m19.0s), 01/12 VUs, 11786 complete and 0 interrupted iterations
oscillating   [  57% ] 01/12 VUs  06m50.7s/12m00.0s

running (07m20.0s), 01/12 VUs, 11790 complete and 0 interrupted iterations
oscillating   [  57% ] 01/12 VUs  06m51.7s/12m00.0s

running (07m21.0s), 01/12 VUs, 11803 complete and 0 interrupted iterations
oscillating   [  57% ] 01/12 VUs  06m52.7s/12m00.0s

running (07m22.0s), 01/12 VUs, 11831 complete and 0 interrupted iterations
oscillating   [  57% ] 01/12 VUs  06m53.7s/12m00.0s

running (07m23.0s), 01/12 VUs, 11858 complete and 0 interrupted iterations
oscillating   [  58% ] 01/12 VUs  06m54.7s/12m00.0s

running (07m24.0s), 01/12 VUs, 11873 complete and 0 interrupted iterations
oscillating   [  58% ] 01/12 VUs  06m55.7s/12m00.0s

running (07m25.0s), 01/12 VUs, 11890 complete and 0 interrupted iterations
oscillating   [  58% ] 01/12 VUs  06m56.7s/12m00.0s

running (07m26.0s), 01/12 VUs, 11909 complete and 0 interrupted iterations
oscillating   [  58% ] 01/12 VUs  06m57.7s/12m00.0s

running (07m27.0s), 01/12 VUs, 11928 complete and 0 interrupted iterations
oscillating   [  58% ] 01/12 VUs  06m58.7s/12m00.0s

running (07m28.0s), 01/12 VUs, 11940 complete and 0 interrupted iterations
oscillating   [  58% ] 01/12 VUs  06m59.7s/12m00.0s

running (07m29.0s), 01/12 VUs, 11954 complete and 0 interrupted iterations
oscillating   [  58% ] 01/12 VUs  07m00.7s/12m00.0s

running (07m30.0s), 01/12 VUs, 11960 complete and 0 interrupted iterations
oscillating   [  59% ] 01/12 VUs  07m01.7s/12m00.0s

running (07m31.0s), 01/12 VUs, 11965 complete and 0 interrupted iterations
oscillating   [  59% ] 01/12 VUs  07m02.7s/12m00.0s

running (07m32.0s), 01/12 VUs, 11987 complete and 0 interrupted iterations
oscillating   [  59% ] 01/12 VUs  07m03.7s/12m00.0s

running (07m33.0s), 01/12 VUs, 11989 complete and 0 interrupted iterations
oscillating   [  59% ] 01/12 VUs  07m04.7s/12m00.0s

running (07m34.0s), 01/12 VUs, 11989 complete and 0 interrupted iterations
oscillating   [  59% ] 01/12 VUs  07m05.7s/12m00.0s

running (07m35.0s), 01/12 VUs, 12010 complete and 0 interrupted iterations
oscillating   [  59% ] 01/12 VUs  07m06.7s/12m00.0s

running (07m36.0s), 01/12 VUs, 12039 complete and 0 interrupted iterations
oscillating   [  59% ] 01/12 VUs  07m07.7s/12m00.0s

running (07m37.0s), 01/12 VUs, 12046 complete and 0 interrupted iterations
oscillating   [  60% ] 01/12 VUs  07m08.7s/12m00.0s

running (07m38.0s), 01/12 VUs, 12101 complete and 0 interrupted iterations
oscillating   [  60% ] 01/12 VUs  07m09.7s/12m00.0s

running (07m39.0s), 01/12 VUs, 12126 complete and 0 interrupted iterations
oscillating   [  60% ] 01/12 VUs  07m10.7s/12m00.0s

running (07m40.0s), 01/12 VUs, 12131 complete and 0 interrupted iterations
oscillating   [  60% ] 01/12 VUs  07m11.7s/12m00.0s

running (07m41.0s), 01/12 VUs, 12136 complete and 0 interrupted iterations
oscillating   [  60% ] 01/12 VUs  07m12.7s/12m00.0s

running (07m42.0s), 01/12 VUs, 12141 complete and 0 interrupted iterations
oscillating   [  60% ] 01/12 VUs  07m13.7s/12m00.0s

running (07m43.0s), 01/12 VUs, 12160 complete and 0 interrupted iterations
oscillating   [  60% ] 01/12 VUs  07m14.7s/12m00.0s

running (07m44.0s), 01/12 VUs, 12186 complete and 0 interrupted iterations
oscillating   [  61% ] 01/12 VUs  07m15.7s/12m00.0s

running (07m45.0s), 01/12 VUs, 12194 complete and 0 interrupted iterations
oscillating   [  61% ] 01/12 VUs  07m16.7s/12m00.0s

running (07m46.0s), 01/12 VUs, 12201 complete and 0 interrupted iterations
oscillating   [  61% ] 01/12 VUs  07m17.7s/12m00.0s

running (07m47.0s), 01/12 VUs, 12202 complete and 0 interrupted iterations
oscillating   [  61% ] 01/12 VUs  07m18.7s/12m00.0s

running (07m48.0s), 01/12 VUs, 12221 complete and 0 interrupted iterations
oscillating   [  61% ] 01/12 VUs  07m19.7s/12m00.0s

running (07m49.0s), 01/12 VUs, 12233 complete and 0 interrupted iterations
oscillating   [  61% ] 01/12 VUs  07m20.7s/12m00.0s

running (07m50.0s), 01/12 VUs, 12239 complete and 0 interrupted iterations
oscillating   [  61% ] 01/12 VUs  07m21.7s/12m00.0s

running (07m51.0s), 01/12 VUs, 12253 complete and 0 interrupted iterations
oscillating   [  61% ] 01/12 VUs  07m22.7s/12m00.0s

running (07m52.0s), 01/12 VUs, 12270 complete and 0 interrupted iterations
oscillating   [  62% ] 01/12 VUs  07m23.7s/12m00.0s

running (07m53.0s), 01/12 VUs, 12301 complete and 0 interrupted iterations
oscillating   [  62% ] 01/12 VUs  07m24.7s/12m00.0s

running (07m54.0s), 01/12 VUs, 12326 complete and 0 interrupted iterations
oscillating   [  62% ] 01/12 VUs  07m25.7s/12m00.0s

running (07m55.0s), 01/12 VUs, 12360 complete and 0 interrupted iterations
oscillating   [  62% ] 01/12 VUs  07m26.7s/12m00.0s

running (07m56.0s), 01/12 VUs, 12369 complete and 0 interrupted iterations
oscillating   [  62% ] 01/12 VUs  07m27.7s/12m00.0s

running (07m57.0s), 01/12 VUs, 12373 complete and 0 interrupted iterations
oscillating   [  62% ] 01/12 VUs  07m28.7s/12m00.0s

running (07m58.0s), 01/12 VUs, 12380 complete and 0 interrupted iterations
oscillating   [  62% ] 01/12 VUs  07m29.7s/12m00.0s

running (07m59.0s), 01/12 VUs, 12407 complete and 0 interrupted iterations
oscillating   [  63% ] 01/12 VUs  07m30.7s/12m00.0s

running (08m00.0s), 01/12 VUs, 12411 complete and 0 interrupted iterations
oscillating   [  63% ] 01/12 VUs  07m31.7s/12m00.0s

running (08m01.0s), 01/12 VUs, 12424 complete and 0 interrupted iterations
oscillating   [  63% ] 01/12 VUs  07m32.7s/12m00.0s

running (08m02.0s), 01/12 VUs, 12447 complete and 0 interrupted iterations
oscillating   [  63% ] 01/12 VUs  07m33.7s/12m00.0s

running (08m03.0s), 01/12 VUs, 12472 complete and 0 interrupted iterations
oscillating   [  63% ] 01/12 VUs  07m34.7s/12m00.0s

running (08m04.0s), 01/12 VUs, 12486 complete and 0 interrupted iterations
oscillating   [  63% ] 01/12 VUs  07m35.7s/12m00.0s

running (08m05.0s), 01/12 VUs, 12495 complete and 0 interrupted iterations
oscillating   [  63% ] 01/12 VUs  07m36.7s/12m00.0s

running (08m06.0s), 01/12 VUs, 12534 complete and 0 interrupted iterations
oscillating   [  64% ] 01/12 VUs  07m37.7s/12m00.0s

running (08m07.0s), 01/12 VUs, 12554 complete and 0 interrupted iterations
oscillating   [  64% ] 01/12 VUs  07m38.7s/12m00.0s

running (08m08.0s), 01/12 VUs, 12580 complete and 0 interrupted iterations
oscillating   [  64% ] 01/12 VUs  07m39.7s/12m00.0s

running (08m09.0s), 01/12 VUs, 12590 complete and 0 interrupted iterations
oscillating   [  64% ] 01/12 VUs  07m40.7s/12m00.0s

running (08m10.0s), 01/12 VUs, 12596 complete and 0 interrupted iterations
oscillating   [  64% ] 01/12 VUs  07m41.7s/12m00.0s

running (08m11.0s), 01/12 VUs, 12618 complete and 0 interrupted iterations
oscillating   [  64% ] 01/12 VUs  07m42.7s/12m00.0s

running (08m12.0s), 01/12 VUs, 12627 complete and 0 interrupted iterations
oscillating   [  64% ] 01/12 VUs  07m43.7s/12m00.0s

running (08m13.0s), 01/12 VUs, 12656 complete and 0 interrupted iterations
oscillating   [  65% ] 01/12 VUs  07m44.7s/12m00.0s

running (08m14.0s), 01/12 VUs, 12673 complete and 0 interrupted iterations
oscillating   [  65% ] 01/12 VUs  07m45.7s/12m00.0s

running (08m15.0s), 01/12 VUs, 12690 complete and 0 interrupted iterations
oscillating   [  65% ] 01/12 VUs  07m46.7s/12m00.0s

running (08m16.0s), 01/12 VUs, 12700 complete and 0 interrupted iterations
oscillating   [  65% ] 01/12 VUs  07m47.7s/12m00.0s

running (08m17.0s), 01/12 VUs, 12708 complete and 0 interrupted iterations
oscillating   [  65% ] 01/12 VUs  07m48.7s/12m00.0s

running (08m18.0s), 01/12 VUs, 12726 complete and 0 interrupted iterations
oscillating   [  65% ] 01/12 VUs  07m49.7s/12m00.0s

running (08m19.0s), 01/12 VUs, 12735 complete and 0 interrupted iterations
oscillating   [  65% ] 01/12 VUs  07m50.7s/12m00.0s

running (08m20.0s), 01/12 VUs, 12744 complete and 0 interrupted iterations
oscillating   [  66% ] 01/12 VUs  07m51.7s/12m00.0s

running (08m21.0s), 01/12 VUs, 12752 complete and 0 interrupted iterations
oscillating   [  66% ] 01/12 VUs  07m52.7s/12m00.0s

running (08m22.0s), 01/12 VUs, 12765 complete and 0 interrupted iterations
oscillating   [  66% ] 01/12 VUs  07m53.7s/12m00.0s

running (08m23.0s), 01/12 VUs, 12782 complete and 0 interrupted iterations
oscillating   [  66% ] 01/12 VUs  07m54.7s/12m00.0s

running (08m24.0s), 01/12 VUs, 12785 complete and 0 interrupted iterations
oscillating   [  66% ] 01/12 VUs  07m55.7s/12m00.0s

running (08m25.0s), 01/12 VUs, 12800 complete and 0 interrupted iterations
oscillating   [  66% ] 01/12 VUs  07m56.7s/12m00.0s

running (08m26.0s), 01/12 VUs, 12815 complete and 0 interrupted iterations
oscillating   [  66% ] 01/12 VUs  07m57.7s/12m00.0s

running (08m27.0s), 01/12 VUs, 12821 complete and 0 interrupted iterations
oscillating   [  66% ] 01/12 VUs  07m58.7s/12m00.0s

running (08m28.0s), 01/12 VUs, 12849 complete and 0 interrupted iterations
oscillating   [  67% ] 01/12 VUs  07m59.7s/12m00.0s

running (08m29.0s), 01/12 VUs, 12859 complete and 0 interrupted iterations
oscillating   [  67% ] 01/12 VUs  08m00.7s/12m00.0s

running (08m30.0s), 02/12 VUs, 12869 complete and 0 interrupted iterations
oscillating   [  67% ] 02/12 VUs  08m01.7s/12m00.0s

running (08m31.0s), 03/12 VUs, 12900 complete and 0 interrupted iterations
oscillating   [  67% ] 03/12 VUs  08m02.7s/12m00.0s

running (08m32.0s), 05/12 VUs, 12910 complete and 0 interrupted iterations
oscillating   [  67% ] 05/12 VUs  08m03.7s/12m00.0s

running (08m33.0s), 06/12 VUs, 12940 complete and 0 interrupted iterations
oscillating   [  67% ] 06/12 VUs  08m04.7s/12m00.0s

running (08m34.0s), 07/12 VUs, 12977 complete and 0 interrupted iterations
oscillating   [  67% ] 07/12 VUs  08m05.7s/12m00.0s

running (08m35.0s), 08/12 VUs, 13015 complete and 0 interrupted iterations
oscillating   [  68% ] 08/12 VUs  08m06.7s/12m00.0s

running (08m36.0s), 09/12 VUs, 13054 complete and 0 interrupted iterations
oscillating   [  68% ] 09/12 VUs  08m07.7s/12m00.0s

running (08m37.0s), 10/12 VUs, 13077 complete and 0 interrupted iterations
oscillating   [  68% ] 10/12 VUs  08m08.7s/12m00.0s

running (08m38.0s), 11/12 VUs, 13120 complete and 0 interrupted iterations
oscillating   [  68% ] 11/12 VUs  08m09.7s/12m00.0s

running (08m39.0s), 12/12 VUs, 13200 complete and 0 interrupted iterations
oscillating   [  68% ] 12/12 VUs  08m10.7s/12m00.0s

running (08m40.0s), 12/12 VUs, 13257 complete and 0 interrupted iterations
oscillating   [  68% ] 12/12 VUs  08m11.7s/12m00.0s

running (08m41.0s), 12/12 VUs, 13320 complete and 0 interrupted iterations
oscillating   [  68% ] 12/12 VUs  08m12.7s/12m00.0s

running (08m42.0s), 12/12 VUs, 13356 complete and 0 interrupted iterations
oscillating   [  69% ] 12/12 VUs  08m13.7s/12m00.0s

running (08m43.0s), 12/12 VUs, 13402 complete and 0 interrupted iterations
oscillating   [  69% ] 12/12 VUs  08m14.7s/12m00.0s

running (08m44.0s), 12/12 VUs, 13473 complete and 0 interrupted iterations
oscillating   [  69% ] 12/12 VUs  08m15.7s/12m00.0s

running (08m45.0s), 12/12 VUs, 13511 complete and 0 interrupted iterations
oscillating   [  69% ] 12/12 VUs  08m16.7s/12m00.0s

running (08m46.0s), 12/12 VUs, 13551 complete and 0 interrupted iterations
oscillating   [  69% ] 12/12 VUs  08m17.7s/12m00.0s

running (08m47.0s), 12/12 VUs, 13594 complete and 0 interrupted iterations
oscillating   [  69% ] 12/12 VUs  08m18.7s/12m00.0s

running (08m48.0s), 12/12 VUs, 13650 complete and 0 interrupted iterations
oscillating   [  69% ] 12/12 VUs  08m19.7s/12m00.0s

running (08m49.0s), 12/12 VUs, 13670 complete and 0 interrupted iterations
oscillating   [  70% ] 12/12 VUs  08m20.7s/12m00.0s

running (08m50.0s), 12/12 VUs, 13709 complete and 0 interrupted iterations
oscillating   [  70% ] 12/12 VUs  08m21.7s/12m00.0s

running (08m51.0s), 12/12 VUs, 13771 complete and 0 interrupted iterations
oscillating   [  70% ] 12/12 VUs  08m22.7s/12m00.0s

running (08m52.0s), 12/12 VUs, 13811 complete and 0 interrupted iterations
oscillating   [  70% ] 12/12 VUs  08m23.7s/12m00.0s

running (08m53.0s), 12/12 VUs, 13897 complete and 0 interrupted iterations
oscillating   [  70% ] 12/12 VUs  08m24.7s/12m00.0s

running (08m54.0s), 12/12 VUs, 13917 complete and 0 interrupted iterations
oscillating   [  70% ] 12/12 VUs  08m25.7s/12m00.0s

running (08m55.0s), 12/12 VUs, 13946 complete and 0 interrupted iterations
oscillating   [  70% ] 12/12 VUs  08m26.7s/12m00.0s

running (08m56.0s), 12/12 VUs, 13972 complete and 0 interrupted iterations
oscillating   [  71% ] 12/12 VUs  08m27.7s/12m00.0s

running (08m57.0s), 12/12 VUs, 14009 complete and 0 interrupted iterations
oscillating   [  71% ] 12/12 VUs  08m28.7s/12m00.0s

running (08m58.0s), 12/12 VUs, 14070 complete and 0 interrupted iterations
oscillating   [  71% ] 12/12 VUs  08m29.7s/12m00.0s

running (08m59.0s), 12/12 VUs, 14113 complete and 0 interrupted iterations
oscillating   [  71% ] 12/12 VUs  08m30.7s/12m00.0s

running (09m00.0s), 12/12 VUs, 14142 complete and 0 interrupted iterations
oscillating   [  71% ] 12/12 VUs  08m31.7s/12m00.0s

running (09m01.0s), 12/12 VUs, 14162 complete and 0 interrupted iterations
oscillating   [  71% ] 12/12 VUs  08m32.7s/12m00.0s

running (09m02.0s), 12/12 VUs, 14183 complete and 0 interrupted iterations
oscillating   [  71% ] 12/12 VUs  08m33.7s/12m00.0s

running (09m03.0s), 12/12 VUs, 14230 complete and 0 interrupted iterations
oscillating   [  71% ] 12/12 VUs  08m34.7s/12m00.0s

running (09m04.0s), 12/12 VUs, 14273 complete and 0 interrupted iterations
oscillating   [  72% ] 12/12 VUs  08m35.7s/12m00.0s

running (09m05.0s), 12/12 VUs, 14328 complete and 0 interrupted iterations
oscillating   [  72% ] 12/12 VUs  08m36.7s/12m00.0s

running (09m06.0s), 12/12 VUs, 14381 complete and 0 interrupted iterations
oscillating   [  72% ] 12/12 VUs  08m37.7s/12m00.0s

running (09m07.0s), 12/12 VUs, 14451 complete and 0 interrupted iterations
oscillating   [  72% ] 12/12 VUs  08m38.7s/12m00.0s

running (09m08.0s), 12/12 VUs, 14481 complete and 0 interrupted iterations
oscillating   [  72% ] 12/12 VUs  08m39.7s/12m00.0s

running (09m09.0s), 12/12 VUs, 14531 complete and 0 interrupted iterations
oscillating   [  72% ] 12/12 VUs  08m40.7s/12m00.0s

running (09m10.0s), 12/12 VUs, 14614 complete and 0 interrupted iterations
oscillating   [  72% ] 12/12 VUs  08m41.7s/12m00.0s

running (09m11.0s), 12/12 VUs, 14664 complete and 0 interrupted iterations
oscillating   [  73% ] 12/12 VUs  08m42.7s/12m00.0s

running (09m12.0s), 12/12 VUs, 14719 complete and 0 interrupted iterations
oscillating   [  73% ] 12/12 VUs  08m43.7s/12m00.0s

running (09m13.0s), 12/12 VUs, 14784 complete and 0 interrupted iterations
oscillating   [  73% ] 12/12 VUs  08m44.7s/12m00.0s

running (09m14.0s), 12/12 VUs, 14816 complete and 0 interrupted iterations
oscillating   [  73% ] 12/12 VUs  08m45.7s/12m00.0s

running (09m15.0s), 12/12 VUs, 14847 complete and 0 interrupted iterations
oscillating   [  73% ] 12/12 VUs  08m46.7s/12m00.0s

running (09m16.0s), 12/12 VUs, 14885 complete and 0 interrupted iterations
oscillating   [  73% ] 12/12 VUs  08m47.7s/12m00.0s

running (09m17.0s), 12/12 VUs, 14910 complete and 0 interrupted iterations
oscillating   [  73% ] 12/12 VUs  08m48.7s/12m00.0s

running (09m18.0s), 12/12 VUs, 14962 complete and 0 interrupted iterations
oscillating   [  74% ] 12/12 VUs  08m49.7s/12m00.0s

running (09m19.0s), 12/12 VUs, 15007 complete and 0 interrupted iterations
oscillating   [  74% ] 12/12 VUs  08m50.7s/12m00.0s

running (09m20.0s), 12/12 VUs, 15050 complete and 0 interrupted iterations
oscillating   [  74% ] 12/12 VUs  08m51.7s/12m00.0s

running (09m21.0s), 12/12 VUs, 15101 complete and 0 interrupted iterations
oscillating   [  74% ] 12/12 VUs  08m52.7s/12m00.0s

running (09m22.0s), 12/12 VUs, 15156 complete and 0 interrupted iterations
oscillating   [  74% ] 12/12 VUs  08m53.7s/12m00.0s

running (09m23.0s), 12/12 VUs, 15190 complete and 0 interrupted iterations
oscillating   [  74% ] 12/12 VUs  08m54.7s/12m00.0s

running (09m24.0s), 12/12 VUs, 15259 complete and 0 interrupted iterations
oscillating   [  74% ] 12/12 VUs  08m55.7s/12m00.0s

running (09m25.0s), 12/12 VUs, 15303 complete and 0 interrupted iterations
oscillating   [  75% ] 12/12 VUs  08m56.7s/12m00.0s

running (09m26.0s), 12/12 VUs, 15359 complete and 0 interrupted iterations
oscillating   [  75% ] 12/12 VUs  08m57.7s/12m00.0s

running (09m27.0s), 12/12 VUs, 15436 complete and 0 interrupted iterations
oscillating   [  75% ] 12/12 VUs  08m58.7s/12m00.0s

running (09m28.0s), 12/12 VUs, 15466 complete and 0 interrupted iterations
oscillating   [  75% ] 12/12 VUs  08m59.7s/12m00.0s

running (09m29.0s), 12/12 VUs, 15526 complete and 0 interrupted iterations
oscillating   [  75% ] 12/12 VUs  09m00.7s/12m00.0s

running (09m30.0s), 12/12 VUs, 15572 complete and 0 interrupted iterations
oscillating   [  75% ] 12/12 VUs  09m01.7s/12m00.0s

running (09m31.0s), 12/12 VUs, 15604 complete and 0 interrupted iterations
oscillating   [  75% ] 12/12 VUs  09m02.7s/12m00.0s

running (09m32.0s), 12/12 VUs, 15655 complete and 0 interrupted iterations
oscillating   [  76% ] 12/12 VUs  09m03.7s/12m00.0s

running (09m33.0s), 12/12 VUs, 15691 complete and 0 interrupted iterations
oscillating   [  76% ] 12/12 VUs  09m04.7s/12m00.0s

running (09m34.0s), 12/12 VUs, 15708 complete and 0 interrupted iterations
oscillating   [  76% ] 12/12 VUs  09m05.7s/12m00.0s

running (09m35.0s), 12/12 VUs, 15739 complete and 0 interrupted iterations
oscillating   [  76% ] 12/12 VUs  09m06.7s/12m00.0s

running (09m36.0s), 12/12 VUs, 15773 complete and 0 interrupted iterations
oscillating   [  76% ] 12/12 VUs  09m07.7s/12m00.0s

running (09m37.0s), 12/12 VUs, 15816 complete and 0 interrupted iterations
oscillating   [  76% ] 12/12 VUs  09m08.7s/12m00.0s

running (09m38.0s), 12/12 VUs, 15855 complete and 0 interrupted iterations
oscillating   [  76% ] 12/12 VUs  09m09.7s/12m00.0s

running (09m39.0s), 12/12 VUs, 15891 complete and 0 interrupted iterations
oscillating   [  76% ] 12/12 VUs  09m10.7s/12m00.0s

running (09m40.0s), 12/12 VUs, 15939 complete and 0 interrupted iterations
oscillating   [  77% ] 12/12 VUs  09m11.7s/12m00.0s

running (09m41.0s), 12/12 VUs, 15979 complete and 0 interrupted iterations
oscillating   [  77% ] 12/12 VUs  09m12.7s/12m00.0s

running (09m42.0s), 12/12 VUs, 16028 complete and 0 interrupted iterations
oscillating   [  77% ] 12/12 VUs  09m13.7s/12m00.0s

running (09m43.0s), 12/12 VUs, 16071 complete and 0 interrupted iterations
oscillating   [  77% ] 12/12 VUs  09m14.7s/12m00.0s

running (09m44.0s), 11/12 VUs, 16089 complete and 0 interrupted iterations
oscillating   [  77% ] 11/12 VUs  09m15.7s/12m00.0s

running (09m45.0s), 11/12 VUs, 16168 complete and 0 interrupted iterations
oscillating   [  77% ] 11/12 VUs  09m16.7s/12m00.0s

running (09m46.0s), 11/12 VUs, 16218 complete and 0 interrupted iterations
oscillating   [  77% ] 11/12 VUs  09m17.7s/12m00.0s

running (09m47.0s), 11/12 VUs, 16261 complete and 0 interrupted iterations
oscillating   [  78% ] 11/12 VUs  09m18.7s/12m00.0s

running (09m48.0s), 11/12 VUs, 16310 complete and 0 interrupted iterations
oscillating   [  78% ] 11/12 VUs  09m19.7s/12m00.0s

running (09m49.0s), 11/12 VUs, 16369 complete and 0 interrupted iterations
oscillating   [  78% ] 11/12 VUs  09m20.7s/12m00.0s

running (09m50.0s), 11/12 VUs, 16469 complete and 0 interrupted iterations
oscillating   [  78% ] 11/12 VUs  09m21.7s/12m00.0s

running (09m51.0s), 11/12 VUs, 16482 complete and 0 interrupted iterations
oscillating   [  78% ] 11/12 VUs  09m22.7s/12m00.0s

running (09m52.0s), 11/12 VUs, 16527 complete and 0 interrupted iterations
oscillating   [  78% ] 11/12 VUs  09m23.7s/12m00.0s

running (09m53.0s), 11/12 VUs, 16553 complete and 0 interrupted iterations
oscillating   [  78% ] 11/12 VUs  09m24.7s/12m00.0s

running (09m54.0s), 11/12 VUs, 16585 complete and 0 interrupted iterations
oscillating   [  79% ] 11/12 VUs  09m25.7s/12m00.0s

running (09m55.0s), 11/12 VUs, 16610 complete and 0 interrupted iterations
oscillating   [  79% ] 11/12 VUs  09m26.7s/12m00.0s

running (09m56.0s), 11/12 VUs, 16652 complete and 0 interrupted iterations
oscillating   [  79% ] 11/12 VUs  09m27.7s/12m00.0s

running (09m57.0s), 11/12 VUs, 16702 complete and 0 interrupted iterations
oscillating   [  79% ] 11/12 VUs  09m28.7s/12m00.0s

running (09m58.0s), 11/12 VUs, 16780 complete and 0 interrupted iterations
oscillating   [  79% ] 11/12 VUs  09m29.7s/12m00.0s

running (09m59.0s), 11/12 VUs, 16798 complete and 0 interrupted iterations
oscillating   [  79% ] 11/12 VUs  09m30.7s/12m00.0s

running (10m00.0s), 11/12 VUs, 16834 complete and 0 interrupted iterations
oscillating   [  79% ] 11/12 VUs  09m31.7s/12m00.0s

running (10m01.0s), 10/12 VUs, 16862 complete and 0 interrupted iterations
oscillating   [  80% ] 10/12 VUs  09m32.7s/12m00.0s

running (10m02.0s), 10/12 VUs, 16931 complete and 0 interrupted iterations
oscillating   [  80% ] 10/12 VUs  09m33.7s/12m00.0s

running (10m03.0s), 10/12 VUs, 16997 complete and 0 interrupted iterations
oscillating   [  80% ] 10/12 VUs  09m34.7s/12m00.0s

running (10m04.0s), 10/12 VUs, 17048 complete and 0 interrupted iterations
oscillating   [  80% ] 10/12 VUs  09m35.7s/12m00.0s

running (10m05.0s), 10/12 VUs, 17073 complete and 0 interrupted iterations
oscillating   [  80% ] 10/12 VUs  09m36.7s/12m00.0s

running (10m06.0s), 10/12 VUs, 17096 complete and 0 interrupted iterations
oscillating   [  80% ] 10/12 VUs  09m37.7s/12m00.0s

running (10m07.0s), 10/12 VUs, 17149 complete and 0 interrupted iterations
oscillating   [  80% ] 10/12 VUs  09m38.7s/12m00.0s

running (10m08.0s), 10/12 VUs, 17198 complete and 0 interrupted iterations
oscillating   [  81% ] 10/12 VUs  09m39.7s/12m00.0s

running (10m09.0s), 10/12 VUs, 17262 complete and 0 interrupted iterations
oscillating   [  81% ] 10/12 VUs  09m40.7s/12m00.0s

running (10m10.0s), 10/12 VUs, 17276 complete and 0 interrupted iterations
oscillating   [  81% ] 10/12 VUs  09m41.7s/12m00.0s

running (10m11.0s), 10/12 VUs, 17295 complete and 0 interrupted iterations
oscillating   [  81% ] 10/12 VUs  09m42.7s/12m00.0s

running (10m12.0s), 10/12 VUs, 17349 complete and 0 interrupted iterations
oscillating   [  81% ] 10/12 VUs  09m43.7s/12m00.0s

running (10m13.0s), 10/12 VUs, 17390 complete and 0 interrupted iterations
oscillating   [  81% ] 10/12 VUs  09m44.7s/12m00.0s

running (10m14.0s), 09/12 VUs, 17448 complete and 0 interrupted iterations
oscillating   [  81% ] 09/12 VUs  09m45.7s/12m00.0s

running (10m15.0s), 09/12 VUs, 17490 complete and 0 interrupted iterations
oscillating   [  81% ] 09/12 VUs  09m46.7s/12m00.0s

running (10m16.0s), 09/12 VUs, 17547 complete and 0 interrupted iterations
oscillating   [  82% ] 09/12 VUs  09m47.7s/12m00.0s

running (10m17.0s), 09/12 VUs, 17630 complete and 0 interrupted iterations
oscillating   [  82% ] 09/12 VUs  09m48.7s/12m00.0s

running (10m18.0s), 09/12 VUs, 17703 complete and 0 interrupted iterations
oscillating   [  82% ] 09/12 VUs  09m49.7s/12m00.0s

running (10m19.0s), 09/12 VUs, 17736 complete and 0 interrupted iterations
oscillating   [  82% ] 09/12 VUs  09m50.7s/12m00.0s

running (10m20.0s), 09/12 VUs, 17771 complete and 0 interrupted iterations
oscillating   [  82% ] 09/12 VUs  09m51.7s/12m00.0s

running (10m21.0s), 09/12 VUs, 17819 complete and 0 interrupted iterations
oscillating   [  82% ] 09/12 VUs  09m52.7s/12m00.0s

running (10m22.0s), 09/12 VUs, 17875 complete and 0 interrupted iterations
oscillating   [  82% ] 09/12 VUs  09m53.7s/12m00.0s

running (10m23.0s), 09/12 VUs, 17912 complete and 0 interrupted iterations
oscillating   [  83% ] 09/12 VUs  09m54.7s/12m00.0s

running (10m24.0s), 09/12 VUs, 17933 complete and 0 interrupted iterations
oscillating   [  83% ] 09/12 VUs  09m55.7s/12m00.0s

running (10m25.0s), 09/12 VUs, 17993 complete and 0 interrupted iterations
oscillating   [  83% ] 09/12 VUs  09m56.7s/12m00.0s

running (10m26.0s), 09/12 VUs, 18035 complete and 0 interrupted iterations
oscillating   [  83% ] 09/12 VUs  09m57.7s/12m00.0s

running (10m27.0s), 09/12 VUs, 18050 complete and 0 interrupted iterations
oscillating   [  83% ] 09/12 VUs  09m58.7s/12m00.0s

running (10m28.0s), 09/12 VUs, 18111 complete and 0 interrupted iterations
oscillating   [  83% ] 09/12 VUs  09m59.7s/12m00.0s

running (10m29.0s), 09/12 VUs, 18135 complete and 0 interrupted iterations
oscillating   [  83% ] 09/12 VUs  10m00.7s/12m00.0s

running (10m30.0s), 08/12 VUs, 18163 complete and 0 interrupted iterations
oscillating   [  84% ] 08/12 VUs  10m01.7s/12m00.0s

running (10m31.0s), 08/12 VUs, 18188 complete and 0 interrupted iterations
oscillating   [  84% ] 08/12 VUs  10m02.7s/12m00.0s

running (10m32.0s), 08/12 VUs, 18213 complete and 0 interrupted iterations
oscillating   [  84% ] 08/12 VUs  10m03.7s/12m00.0s

running (10m33.0s), 08/12 VUs, 18234 complete and 0 interrupted iterations
oscillating   [  84% ] 08/12 VUs  10m04.7s/12m00.0s

running (10m34.0s), 08/12 VUs, 18276 complete and 0 interrupted iterations
oscillating   [  84% ] 08/12 VUs  10m05.7s/12m00.0s

running (10m35.0s), 08/12 VUs, 18325 complete and 0 interrupted iterations
oscillating   [  84% ] 08/12 VUs  10m06.7s/12m00.0s

running (10m36.0s), 08/12 VUs, 18405 complete and 0 interrupted iterations
oscillating   [  84% ] 08/12 VUs  10m07.7s/12m00.0s

running (10m37.0s), 08/12 VUs, 18427 complete and 0 interrupted iterations
oscillating   [  85% ] 08/12 VUs  10m08.7s/12m00.0s

running (10m38.0s), 08/12 VUs, 18462 complete and 0 interrupted iterations
oscillating   [  85% ] 08/12 VUs  10m09.7s/12m00.0s

running (10m39.0s), 08/12 VUs, 18506 complete and 0 interrupted iterations
oscillating   [  85% ] 08/12 VUs  10m10.7s/12m00.0s

running (10m40.0s), 08/12 VUs, 18517 complete and 0 interrupted iterations
oscillating   [  85% ] 08/12 VUs  10m11.7s/12m00.0s

running (10m41.0s), 08/12 VUs, 18581 complete and 0 interrupted iterations
oscillating   [  85% ] 08/12 VUs  10m12.7s/12m00.0s

running (10m42.0s), 08/12 VUs, 18619 complete and 0 interrupted iterations
oscillating   [  85% ] 08/12 VUs  10m13.7s/12m00.0s

running (10m43.0s), 08/12 VUs, 18689 complete and 0 interrupted iterations
oscillating   [  85% ] 08/12 VUs  10m14.7s/12m00.0s

running (10m44.0s), 08/12 VUs, 18745 complete and 0 interrupted iterations
oscillating   [  86% ] 08/12 VUs  10m15.7s/12m00.0s

running (10m45.0s), 07/12 VUs, 18798 complete and 0 interrupted iterations
oscillating   [  86% ] 07/12 VUs  10m16.7s/12m00.0s

running (10m46.0s), 07/12 VUs, 18844 complete and 0 interrupted iterations
oscillating   [  86% ] 07/12 VUs  10m17.7s/12m00.0s

running (10m47.0s), 07/12 VUs, 18870 complete and 0 interrupted iterations
oscillating   [  86% ] 07/12 VUs  10m18.7s/12m00.0s

running (10m48.0s), 07/12 VUs, 18885 complete and 0 interrupted iterations
oscillating   [  86% ] 07/12 VUs  10m19.7s/12m00.0s

running (10m49.0s), 07/12 VUs, 18901 complete and 0 interrupted iterations
oscillating   [  86% ] 07/12 VUs  10m20.7s/12m00.0s

running (10m50.0s), 07/12 VUs, 18927 complete and 0 interrupted iterations
oscillating   [  86% ] 07/12 VUs  10m21.7s/12m00.0s

running (10m51.0s), 07/12 VUs, 18974 complete and 0 interrupted iterations
oscillating   [  86% ] 07/12 VUs  10m22.7s/12m00.0s

running (10m52.0s), 07/12 VUs, 19033 complete and 0 interrupted iterations
oscillating   [  87% ] 07/12 VUs  10m23.7s/12m00.0s

running (10m53.0s), 07/12 VUs, 19045 complete and 0 interrupted iterations
oscillating   [  87% ] 07/12 VUs  10m24.7s/12m00.0s

running (10m54.0s), 07/12 VUs, 19109 complete and 0 interrupted iterations
oscillating   [  87% ] 07/12 VUs  10m25.7s/12m00.0s

running (10m55.0s), 07/12 VUs, 19192 complete and 0 interrupted iterations
oscillating   [  87% ] 07/12 VUs  10m26.7s/12m00.0s

running (10m56.0s), 07/12 VUs, 19230 complete and 0 interrupted iterations
oscillating   [  87% ] 07/12 VUs  10m27.7s/12m00.0s

running (10m57.0s), 07/12 VUs, 19287 complete and 0 interrupted iterations
oscillating   [  87% ] 07/12 VUs  10m28.7s/12m00.0s

running (10m58.0s), 07/12 VUs, 19325 complete and 0 interrupted iterations
oscillating   [  87% ] 07/12 VUs  10m29.7s/12m00.0s

running (10m59.0s), 06/12 VUs, 19352 complete and 0 interrupted iterations
oscillating   [  88% ] 06/12 VUs  10m30.7s/12m00.0s

running (11m00.0s), 06/12 VUs, 19412 complete and 0 interrupted iterations
oscillating   [  88% ] 06/12 VUs  10m31.7s/12m00.0s

running (11m01.0s), 06/12 VUs, 19445 complete and 0 interrupted iterations
oscillating   [  88% ] 06/12 VUs  10m32.7s/12m00.0s

running (11m02.0s), 06/12 VUs, 19514 complete and 0 interrupted iterations
oscillating   [  88% ] 06/12 VUs  10m33.7s/12m00.0s

running (11m03.0s), 06/12 VUs, 19550 complete and 0 interrupted iterations
oscillating   [  88% ] 06/12 VUs  10m34.7s/12m00.0s

running (11m04.0s), 06/12 VUs, 19590 complete and 0 interrupted iterations
oscillating   [  88% ] 06/12 VUs  10m35.7s/12m00.0s

running (11m05.0s), 06/12 VUs, 19648 complete and 0 interrupted iterations
oscillating   [  88% ] 06/12 VUs  10m36.7s/12m00.0s

running (11m06.0s), 06/12 VUs, 19674 complete and 0 interrupted iterations
oscillating   [  89% ] 06/12 VUs  10m37.7s/12m00.0s

running (11m07.0s), 06/12 VUs, 19734 complete and 0 interrupted iterations
oscillating   [  89% ] 06/12 VUs  10m38.7s/12m00.0s

running (11m08.0s), 06/12 VUs, 19781 complete and 0 interrupted iterations
oscillating   [  89% ] 06/12 VUs  10m39.7s/12m00.0s

running (11m09.0s), 06/12 VUs, 19823 complete and 0 interrupted iterations
oscillating   [  89% ] 06/12 VUs  10m40.7s/12m00.0s

running (11m10.0s), 06/12 VUs, 19860 complete and 0 interrupted iterations
oscillating   [  89% ] 06/12 VUs  10m41.7s/12m00.0s

running (11m11.0s), 06/12 VUs, 19931 complete and 0 interrupted iterations
oscillating   [  89% ] 06/12 VUs  10m42.7s/12m00.0s

running (11m12.0s), 06/12 VUs, 20004 complete and 0 interrupted iterations
oscillating   [  89% ] 06/12 VUs  10m43.7s/12m00.0s

running (11m13.0s), 06/12 VUs, 20022 complete and 0 interrupted iterations
oscillating   [  90% ] 06/12 VUs  10m44.7s/12m00.0s

running (11m14.0s), 05/12 VUs, 20078 complete and 0 interrupted iterations
oscillating   [  90% ] 05/12 VUs  10m45.7s/12m00.0s

running (11m15.0s), 05/12 VUs, 20135 complete and 0 interrupted iterations
oscillating   [  90% ] 05/12 VUs  10m46.7s/12m00.0s

running (11m16.0s), 05/12 VUs, 20147 complete and 0 interrupted iterations
oscillating   [  90% ] 05/12 VUs  10m47.7s/12m00.0s

running (11m17.0s), 05/12 VUs, 20189 complete and 0 interrupted iterations
oscillating   [  90% ] 05/12 VUs  10m48.7s/12m00.0s

running (11m18.0s), 05/12 VUs, 20223 complete and 0 interrupted iterations
oscillating   [  90% ] 05/12 VUs  10m49.7s/12m00.0s

running (11m19.0s), 05/12 VUs, 20259 complete and 0 interrupted iterations
oscillating   [  90% ] 05/12 VUs  10m50.7s/12m00.0s

running (11m20.0s), 05/12 VUs, 20292 complete and 0 interrupted iterations
oscillating   [  91% ] 05/12 VUs  10m51.7s/12m00.0s

running (11m21.0s), 05/12 VUs, 20328 complete and 0 interrupted iterations
oscillating   [  91% ] 05/12 VUs  10m52.7s/12m00.0s

running (11m22.0s), 05/12 VUs, 20358 complete and 0 interrupted iterations
oscillating   [  91% ] 05/12 VUs  10m53.7s/12m00.0s

running (11m23.0s), 05/12 VUs, 20413 complete and 0 interrupted iterations
oscillating   [  91% ] 05/12 VUs  10m54.7s/12m00.0s

running (11m24.0s), 05/12 VUs, 20470 complete and 0 interrupted iterations
oscillating   [  91% ] 05/12 VUs  10m55.7s/12m00.0s

running (11m25.0s), 05/12 VUs, 20498 complete and 0 interrupted iterations
oscillating   [  91% ] 05/12 VUs  10m56.7s/12m00.0s

running (11m26.0s), 05/12 VUs, 20536 complete and 0 interrupted iterations
oscillating   [  91% ] 05/12 VUs  10m57.7s/12m00.0s

running (11m27.0s), 05/12 VUs, 20577 complete and 0 interrupted iterations
oscillating   [  91% ] 05/12 VUs  10m58.7s/12m00.0s

running (11m28.0s), 05/12 VUs, 20606 complete and 0 interrupted iterations
oscillating   [  92% ] 05/12 VUs  10m59.7s/12m00.0s

running (11m29.0s), 04/12 VUs, 20632 complete and 0 interrupted iterations
oscillating   [  92% ] 04/12 VUs  11m00.7s/12m00.0s

running (11m30.0s), 04/12 VUs, 20649 complete and 0 interrupted iterations
oscillating   [  92% ] 04/12 VUs  11m01.7s/12m00.0s

running (11m31.0s), 04/12 VUs, 20692 complete and 0 interrupted iterations
oscillating   [  92% ] 04/12 VUs  11m02.7s/12m00.0s

running (11m32.0s), 04/12 VUs, 20742 complete and 0 interrupted iterations
oscillating   [  92% ] 04/12 VUs  11m03.7s/12m00.0s

running (11m33.0s), 04/12 VUs, 20786 complete and 0 interrupted iterations
oscillating   [  92% ] 04/12 VUs  11m04.7s/12m00.0s

running (11m34.0s), 04/12 VUs, 20814 complete and 0 interrupted iterations
oscillating   [  92% ] 04/12 VUs  11m05.7s/12m00.0s

running (11m35.0s), 04/12 VUs, 20889 complete and 0 interrupted iterations
oscillating   [  93% ] 04/12 VUs  11m06.7s/12m00.0s

running (11m36.0s), 04/12 VUs, 20906 complete and 0 interrupted iterations
oscillating   [  93% ] 04/12 VUs  11m07.7s/12m00.0s

running (11m37.0s), 04/12 VUs, 20952 complete and 0 interrupted iterations
oscillating   [  93% ] 04/12 VUs  11m08.7s/12m00.0s

running (11m38.0s), 04/12 VUs, 20978 complete and 0 interrupted iterations
oscillating   [  93% ] 04/12 VUs  11m09.7s/12m00.0s

running (11m39.0s), 04/12 VUs, 21007 complete and 0 interrupted iterations
oscillating   [  93% ] 04/12 VUs  11m10.7s/12m00.0s

running (11m40.0s), 04/12 VUs, 21065 complete and 0 interrupted iterations
oscillating   [  93% ] 04/12 VUs  11m11.7s/12m00.0s

running (11m41.0s), 04/12 VUs, 21095 complete and 0 interrupted iterations
oscillating   [  93% ] 04/12 VUs  11m12.7s/12m00.0s

running (11m42.0s), 04/12 VUs, 21150 complete and 0 interrupted iterations
oscillating   [  94% ] 04/12 VUs  11m13.7s/12m00.0s

running (11m43.0s), 04/12 VUs, 21173 complete and 0 interrupted iterations
oscillating   [  94% ] 04/12 VUs  11m14.7s/12m00.0s

running (11m44.0s), 03/12 VUs, 21213 complete and 0 interrupted iterations
oscillating   [  94% ] 03/12 VUs  11m15.7s/12m00.0s

running (11m45.0s), 03/12 VUs, 21233 complete and 0 interrupted iterations
oscillating   [  94% ] 03/12 VUs  11m16.7s/12m00.0s

running (11m46.0s), 03/12 VUs, 21283 complete and 0 interrupted iterations
oscillating   [  94% ] 03/12 VUs  11m17.7s/12m00.0s

running (11m47.0s), 03/12 VUs, 21341 complete and 0 interrupted iterations
oscillating   [  94% ] 03/12 VUs  11m18.7s/12m00.0s

running (11m48.0s), 03/12 VUs, 21390 complete and 0 interrupted iterations
oscillating   [  94% ] 03/12 VUs  11m19.7s/12m00.0s

running (11m49.0s), 03/12 VUs, 21429 complete and 0 interrupted iterations
oscillating   [  95% ] 03/12 VUs  11m20.7s/12m00.0s

running (11m50.0s), 03/12 VUs, 21481 complete and 0 interrupted iterations
oscillating   [  95% ] 03/12 VUs  11m21.7s/12m00.0s

running (11m51.0s), 03/12 VUs, 21499 complete and 0 interrupted iterations
oscillating   [  95% ] 03/12 VUs  11m22.7s/12m00.0s

running (11m52.0s), 03/12 VUs, 21521 complete and 0 interrupted iterations
oscillating   [  95% ] 03/12 VUs  11m23.7s/12m00.0s

running (11m53.0s), 03/12 VUs, 21587 complete and 0 interrupted iterations
oscillating   [  95% ] 03/12 VUs  11m24.7s/12m00.0s

running (11m54.0s), 03/12 VUs, 21645 complete and 0 interrupted iterations
oscillating   [  95% ] 03/12 VUs  11m25.7s/12m00.0s

running (11m55.0s), 03/12 VUs, 21687 complete and 0 interrupted iterations
oscillating   [  95% ] 03/12 VUs  11m26.7s/12m00.0s

running (11m56.0s), 03/12 VUs, 21731 complete and 0 interrupted iterations
oscillating   [  96% ] 03/12 VUs  11m27.7s/12m00.0s

running (11m57.0s), 03/12 VUs, 21754 complete and 0 interrupted iterations
oscillating   [  96% ] 03/12 VUs  11m28.7s/12m00.0s

running (11m58.0s), 03/12 VUs, 21780 complete and 0 interrupted iterations
oscillating   [  96% ] 03/12 VUs  11m29.7s/12m00.0s

running (11m59.0s), 02/12 VUs, 21789 complete and 0 interrupted iterations
oscillating   [  96% ] 02/12 VUs  11m30.7s/12m00.0s

running (12m00.0s), 02/12 VUs, 21800 complete and 0 interrupted iterations
oscillating   [  96% ] 02/12 VUs  11m31.7s/12m00.0s

running (12m01.0s), 02/12 VUs, 21821 complete and 0 interrupted iterations
oscillating   [  96% ] 02/12 VUs  11m32.7s/12m00.0s

running (12m02.0s), 02/12 VUs, 21862 complete and 0 interrupted iterations
oscillating   [  96% ] 02/12 VUs  11m33.7s/12m00.0s

running (12m03.0s), 02/12 VUs, 21887 complete and 0 interrupted iterations
oscillating   [  96% ] 02/12 VUs  11m34.7s/12m00.0s

running (12m04.0s), 02/12 VUs, 21906 complete and 0 interrupted iterations
oscillating   [  97% ] 02/12 VUs  11m35.7s/12m00.0s

running (12m05.0s), 02/12 VUs, 21931 complete and 0 interrupted iterations
oscillating   [  97% ] 02/12 VUs  11m36.7s/12m00.0s

running (12m06.0s), 02/12 VUs, 21972 complete and 0 interrupted iterations
oscillating   [  97% ] 02/12 VUs  11m37.7s/12m00.0s

running (12m07.0s), 02/12 VUs, 21988 complete and 0 interrupted iterations
oscillating   [  97% ] 02/12 VUs  11m38.7s/12m00.0s

running (12m08.0s), 02/12 VUs, 22019 complete and 0 interrupted iterations
oscillating   [  97% ] 02/12 VUs  11m39.7s/12m00.0s

running (12m09.0s), 02/12 VUs, 22023 complete and 0 interrupted iterations
oscillating   [  97% ] 02/12 VUs  11m40.7s/12m00.0s

running (12m10.0s), 02/12 VUs, 22044 complete and 0 interrupted iterations
oscillating   [  97% ] 02/12 VUs  11m41.7s/12m00.0s

running (12m11.0s), 02/12 VUs, 22061 complete and 0 interrupted iterations
oscillating   [  98% ] 02/12 VUs  11m42.7s/12m00.0s

running (12m12.0s), 02/12 VUs, 22064 complete and 0 interrupted iterations
oscillating   [  98% ] 02/12 VUs  11m43.7s/12m00.0s

running (12m13.0s), 02/12 VUs, 22095 complete and 0 interrupted iterations
oscillating   [  98% ] 02/12 VUs  11m44.7s/12m00.0s

running (12m14.0s), 02/12 VUs, 22099 complete and 0 interrupted iterations
oscillating   [  98% ] 02/12 VUs  11m45.7s/12m00.0s

running (12m15.0s), 01/12 VUs, 22107 complete and 0 interrupted iterations
oscillating   [  98% ] 01/12 VUs  11m46.7s/12m00.0s

running (12m16.0s), 01/12 VUs, 22115 complete and 0 interrupted iterations
oscillating   [  98% ] 01/12 VUs  11m47.7s/12m00.0s

running (12m17.0s), 01/12 VUs, 22144 complete and 0 interrupted iterations
oscillating   [  98% ] 01/12 VUs  11m48.7s/12m00.0s

running (12m18.0s), 01/12 VUs, 22155 complete and 0 interrupted iterations
oscillating   [  99% ] 01/12 VUs  11m49.7s/12m00.0s

running (12m19.0s), 01/12 VUs, 22162 complete and 0 interrupted iterations
oscillating   [  99% ] 01/12 VUs  11m50.7s/12m00.0s

running (12m20.0s), 01/12 VUs, 22184 complete and 0 interrupted iterations
oscillating   [  99% ] 01/12 VUs  11m51.7s/12m00.0s

running (12m21.0s), 01/12 VUs, 22193 complete and 0 interrupted iterations
oscillating   [  99% ] 01/12 VUs  11m52.7s/12m00.0s

running (12m22.0s), 01/12 VUs, 22208 complete and 0 interrupted iterations
oscillating   [  99% ] 01/12 VUs  11m53.7s/12m00.0s

running (12m23.0s), 01/12 VUs, 22229 complete and 0 interrupted iterations
oscillating   [  99% ] 01/12 VUs  11m54.7s/12m00.0s

running (12m24.0s), 01/12 VUs, 22245 complete and 0 interrupted iterations
oscillating   [  99% ] 01/12 VUs  11m55.7s/12m00.0s

running (12m25.0s), 01/12 VUs, 22259 complete and 0 interrupted iterations
oscillating   [ 100% ] 01/12 VUs  11m56.7s/12m00.0s

running (12m26.0s), 01/12 VUs, 22277 complete and 0 interrupted iterations
oscillating   [ 100% ] 01/12 VUs  11m57.7s/12m00.0s

running (12m27.0s), 01/12 VUs, 22280 complete and 0 interrupted iterations
oscillating   [ 100% ] 01/12 VUs  11m58.7s/12m00.0s

running (12m28.0s), 01/12 VUs, 22289 complete and 0 interrupted iterations
oscillating   [ 100% ] 01/12 VUs  11m59.7s/12m00.0s


  █ THRESHOLDS 

    http_req_duration
    ✓ 'p(95)<2000' p(95)=1.1s

    http_req_failed
    ✓ 'rate<0.05' rate=0.00%


  █ TOTAL RESULTS 

    checks_total.......: 66903  89.363715/s
    checks_succeeded...: 98.07% 65616 out of 66903
    checks_failed......: 1.92%  1287 out of 66903

    ✓ me status is 200
    ✓ me returns user data
    ✗ me response time < 500ms
      ↳  99% — ✓ 15629 / ✗ 32
    ✓ login status is 200
    ✓ login returns access token
    ✗ login response time < 1000ms
      ↳  81% — ✓ 5385 / ✗ 1255

    HTTP
    http_req_duration..............: avg=192.77ms min=2.18ms med=12.09ms max=7.22s p(90)=520.56ms p(95)=1.1s
      { expected_response:true }...: avg=192.77ms min=2.18ms med=12.09ms max=7.22s p(90)=520.56ms p(95)=1.1s
    http_req_failed................: 0.00% 0 out of 22421
    http_reqs......................: 22421 29.948191/s

    EXECUTION
    iteration_duration.............: avg=193.32ms min=2.67ms med=12.73ms max=7.22s p(90)=520.52ms p(95)=1.1s
    iterations.....................: 22301 29.787905/s
    vus............................: 1     min=0          max=12
    vus_max........................: 12    min=12         max=12

    NETWORK
    data_received..................: 12 MB 16 kB/s
    data_sent......................: 11 MB 15 kB/s




running (12m28.7s), 00/12 VUs, 22301 complete and 0 interrupted iterations
oscillating ✓ [ 100% ] 00/12 VUs  12m0s
