
          /\      |‾‾| /‾‾/   /‾‾/   
     /\  /  \     |  |/  /   /  /    
    /  \/    \    |     (   /   ‾‾\  
   /          \   |  |\  \ |  (‾)  | 
  / __________ \  |__| \__\ \_____/ .io

  execution: local
     script: /scripts/load-test.js
     output: json (/results/results.json)

  scenarios: (100.00%) 1 scenario, 80 max VUs, 12m30s max duration (incl. graceful stop):
           * gradual_ramp: Up to 80 looping VUs for 12m0s over 4 stages (gracefulRampDown: 30s, gracefulStop: 30s)


running (00m01.0s), 10/80 VUs, 10 complete and 0 interrupted iterations
gradual_ramp   [   0% ] 10/80 VUs  00m01.0s/12m00.0s

running (00m02.0s), 10/80 VUs, 21 complete and 0 interrupted iterations
gradual_ramp   [   0% ] 10/80 VUs  00m02.0s/12m00.0s

running (00m03.0s), 10/80 VUs, 37 complete and 0 interrupted iterations
gradual_ramp   [   0% ] 10/80 VUs  00m03.0s/12m00.0s

running (00m04.0s), 10/80 VUs, 50 complete and 0 interrupted iterations
gradual_ramp   [   1% ] 10/80 VUs  00m04.0s/12m00.0s

running (00m05.0s), 10/80 VUs, 63 complete and 0 interrupted iterations
gradual_ramp   [   1% ] 10/80 VUs  00m05.0s/12m00.0s

running (00m06.0s), 10/80 VUs, 78 complete and 0 interrupted iterations
gradual_ramp   [   1% ] 10/80 VUs  00m06.0s/12m00.0s

running (00m07.0s), 10/80 VUs, 92 complete and 0 interrupted iterations
gradual_ramp   [   1% ] 10/80 VUs  00m07.0s/12m00.0s

running (00m08.0s), 10/80 VUs, 107 complete and 0 interrupted iterations
gradual_ramp   [   1% ] 10/80 VUs  00m08.0s/12m00.0s

running (00m09.0s), 10/80 VUs, 120 complete and 0 interrupted iterations
gradual_ramp   [   1% ] 10/80 VUs  00m09.0s/12m00.0s

running (00m10.0s), 10/80 VUs, 131 complete and 0 interrupted iterations
gradual_ramp   [   1% ] 10/80 VUs  00m10.0s/12m00.0s

running (00m11.0s), 10/80 VUs, 149 complete and 0 interrupted iterations
gradual_ramp   [   2% ] 10/80 VUs  00m11.0s/12m00.0s

running (00m12.0s), 10/80 VUs, 161 complete and 0 interrupted iterations
gradual_ramp   [   2% ] 10/80 VUs  00m12.0s/12m00.0s

running (00m13.0s), 10/80 VUs, 175 complete and 0 interrupted iterations
gradual_ramp   [   2% ] 10/80 VUs  00m13.0s/12m00.0s

running (00m14.0s), 10/80 VUs, 190 complete and 0 interrupted iterations
gradual_ramp   [   2% ] 10/80 VUs  00m14.0s/12m00.0s

running (00m15.0s), 10/80 VUs, 203 complete and 0 interrupted iterations
gradual_ramp   [   2% ] 10/80 VUs  00m15.0s/12m00.0s

running (00m16.0s), 10/80 VUs, 219 complete and 0 interrupted iterations
gradual_ramp   [   2% ] 10/80 VUs  00m16.0s/12m00.0s

running (00m17.0s), 10/80 VUs, 232 complete and 0 interrupted iterations
gradual_ramp   [   2% ] 10/80 VUs  00m17.0s/12m00.0s

running (00m18.0s), 10/80 VUs, 247 complete and 0 interrupted iterations
gradual_ramp   [   2% ] 10/80 VUs  00m18.0s/12m00.0s

running (00m19.0s), 10/80 VUs, 259 complete and 0 interrupted iterations
gradual_ramp   [   3% ] 10/80 VUs  00m19.0s/12m00.0s

running (00m20.0s), 10/80 VUs, 274 complete and 0 interrupted iterations
gradual_ramp   [   3% ] 10/80 VUs  00m20.0s/12m00.0s

running (00m21.0s), 10/80 VUs, 287 complete and 0 interrupted iterations
gradual_ramp   [   3% ] 10/80 VUs  00m21.0s/12m00.0s

running (00m22.0s), 10/80 VUs, 303 complete and 0 interrupted iterations
gradual_ramp   [   3% ] 10/80 VUs  00m22.0s/12m00.0s

running (00m23.0s), 10/80 VUs, 316 complete and 0 interrupted iterations
gradual_ramp   [   3% ] 10/80 VUs  00m23.0s/12m00.0s

running (00m24.0s), 10/80 VUs, 328 complete and 0 interrupted iterations
gradual_ramp   [   3% ] 10/80 VUs  00m24.0s/12m00.0s

running (00m25.0s), 10/80 VUs, 344 complete and 0 interrupted iterations
gradual_ramp   [   3% ] 10/80 VUs  00m25.0s/12m00.0s

running (00m26.0s), 10/80 VUs, 357 complete and 0 interrupted iterations
gradual_ramp   [   4% ] 10/80 VUs  00m26.0s/12m00.0s

running (00m27.0s), 10/80 VUs, 371 complete and 0 interrupted iterations
gradual_ramp   [   4% ] 10/80 VUs  00m27.0s/12m00.0s

running (00m28.0s), 10/80 VUs, 384 complete and 0 interrupted iterations
gradual_ramp   [   4% ] 10/80 VUs  00m28.0s/12m00.0s

running (00m29.0s), 10/80 VUs, 399 complete and 0 interrupted iterations
gradual_ramp   [   4% ] 10/80 VUs  00m29.0s/12m00.0s

running (00m30.0s), 10/80 VUs, 413 complete and 0 interrupted iterations
gradual_ramp   [   4% ] 10/80 VUs  00m30.0s/12m00.0s

running (00m31.0s), 10/80 VUs, 431 complete and 0 interrupted iterations
gradual_ramp   [   4% ] 10/80 VUs  00m31.0s/12m00.0s

running (00m32.0s), 10/80 VUs, 442 complete and 0 interrupted iterations
gradual_ramp   [   4% ] 10/80 VUs  00m32.0s/12m00.0s

running (00m33.0s), 10/80 VUs, 455 complete and 0 interrupted iterations
gradual_ramp   [   5% ] 10/80 VUs  00m33.0s/12m00.0s

running (00m34.0s), 10/80 VUs, 469 complete and 0 interrupted iterations
gradual_ramp   [   5% ] 10/80 VUs  00m34.0s/12m00.0s

running (00m35.0s), 10/80 VUs, 484 complete and 0 interrupted iterations
gradual_ramp   [   5% ] 10/80 VUs  00m35.0s/12m00.0s

running (00m36.0s), 10/80 VUs, 498 complete and 0 interrupted iterations
gradual_ramp   [   5% ] 10/80 VUs  00m36.0s/12m00.0s

running (00m37.0s), 10/80 VUs, 512 complete and 0 interrupted iterations
gradual_ramp   [   5% ] 10/80 VUs  00m37.0s/12m00.0s

running (00m38.0s), 10/80 VUs, 527 complete and 0 interrupted iterations
gradual_ramp   [   5% ] 10/80 VUs  00m38.0s/12m00.0s

running (00m39.0s), 10/80 VUs, 540 complete and 0 interrupted iterations
gradual_ramp   [   5% ] 10/80 VUs  00m39.0s/12m00.0s

running (00m40.0s), 10/80 VUs, 553 complete and 0 interrupted iterations
gradual_ramp   [   6% ] 10/80 VUs  00m40.0s/12m00.0s

running (00m41.0s), 10/80 VUs, 569 complete and 0 interrupted iterations
gradual_ramp   [   6% ] 10/80 VUs  00m41.0s/12m00.0s

running (00m42.0s), 10/80 VUs, 583 complete and 0 interrupted iterations
gradual_ramp   [   6% ] 10/80 VUs  00m42.0s/12m00.0s

running (00m43.0s), 10/80 VUs, 595 complete and 0 interrupted iterations
gradual_ramp   [   6% ] 10/80 VUs  00m43.0s/12m00.0s

running (00m44.0s), 10/80 VUs, 610 complete and 0 interrupted iterations
gradual_ramp   [   6% ] 10/80 VUs  00m44.0s/12m00.0s

running (00m45.0s), 10/80 VUs, 624 complete and 0 interrupted iterations
gradual_ramp   [   6% ] 10/80 VUs  00m45.0s/12m00.0s

running (00m46.0s), 10/80 VUs, 638 complete and 0 interrupted iterations
gradual_ramp   [   6% ] 10/80 VUs  00m46.0s/12m00.0s

running (00m47.0s), 10/80 VUs, 651 complete and 0 interrupted iterations
gradual_ramp   [   7% ] 10/80 VUs  00m47.0s/12m00.0s

running (00m48.0s), 10/80 VUs, 665 complete and 0 interrupted iterations
gradual_ramp   [   7% ] 10/80 VUs  00m48.0s/12m00.0s

running (00m49.0s), 10/80 VUs, 679 complete and 0 interrupted iterations
gradual_ramp   [   7% ] 10/80 VUs  00m49.0s/12m00.0s

running (00m50.0s), 10/80 VUs, 694 complete and 0 interrupted iterations
gradual_ramp   [   7% ] 10/80 VUs  00m50.0s/12m00.0s

running (00m51.0s), 10/80 VUs, 709 complete and 0 interrupted iterations
gradual_ramp   [   7% ] 10/80 VUs  00m51.0s/12m00.0s

running (00m52.0s), 10/80 VUs, 724 complete and 0 interrupted iterations
gradual_ramp   [   7% ] 10/80 VUs  00m52.0s/12m00.0s

running (00m53.0s), 10/80 VUs, 738 complete and 0 interrupted iterations
gradual_ramp   [   7% ] 10/80 VUs  00m53.0s/12m00.0s

running (00m54.0s), 10/80 VUs, 753 complete and 0 interrupted iterations
gradual_ramp   [   7% ] 10/80 VUs  00m54.0s/12m00.0s

running (00m55.0s), 10/80 VUs, 764 complete and 0 interrupted iterations
gradual_ramp   [   8% ] 10/80 VUs  00m55.0s/12m00.0s

running (00m56.0s), 10/80 VUs, 779 complete and 0 interrupted iterations
gradual_ramp   [   8% ] 10/80 VUs  00m56.0s/12m00.0s

running (00m57.0s), 10/80 VUs, 794 complete and 0 interrupted iterations
gradual_ramp   [   8% ] 10/80 VUs  00m57.0s/12m00.0s

running (00m58.0s), 10/80 VUs, 806 complete and 0 interrupted iterations
gradual_ramp   [   8% ] 10/80 VUs  00m58.0s/12m00.0s

running (00m59.0s), 10/80 VUs, 819 complete and 0 interrupted iterations
gradual_ramp   [   8% ] 10/80 VUs  00m59.0s/12m00.0s

running (01m00.0s), 10/80 VUs, 835 complete and 0 interrupted iterations
gradual_ramp   [   8% ] 10/80 VUs  01m00.0s/12m00.0s

running (01m01.0s), 10/80 VUs, 851 complete and 0 interrupted iterations
gradual_ramp   [   8% ] 10/80 VUs  01m01.0s/12m00.0s

running (01m02.0s), 10/80 VUs, 863 complete and 0 interrupted iterations
gradual_ramp   [   9% ] 10/80 VUs  01m02.0s/12m00.0s

running (01m03.0s), 10/80 VUs, 875 complete and 0 interrupted iterations
gradual_ramp   [   9% ] 10/80 VUs  01m03.0s/12m00.0s

running (01m04.0s), 10/80 VUs, 889 complete and 0 interrupted iterations
gradual_ramp   [   9% ] 10/80 VUs  01m04.0s/12m00.0s

running (01m05.0s), 10/80 VUs, 903 complete and 0 interrupted iterations
gradual_ramp   [   9% ] 10/80 VUs  01m05.0s/12m00.0s

running (01m06.0s), 10/80 VUs, 917 complete and 0 interrupted iterations
gradual_ramp   [   9% ] 10/80 VUs  01m06.0s/12m00.0s

running (01m07.0s), 10/80 VUs, 932 complete and 0 interrupted iterations
gradual_ramp   [   9% ] 10/80 VUs  01m07.0s/12m00.0s

running (01m08.0s), 10/80 VUs, 949 complete and 0 interrupted iterations
gradual_ramp   [   9% ] 10/80 VUs  01m08.0s/12m00.0s

running (01m09.0s), 10/80 VUs, 960 complete and 0 interrupted iterations
gradual_ramp   [  10% ] 10/80 VUs  01m09.0s/12m00.0s

running (01m10.0s), 10/80 VUs, 973 complete and 0 interrupted iterations
gradual_ramp   [  10% ] 10/80 VUs  01m10.0s/12m00.0s

running (01m11.0s), 10/80 VUs, 987 complete and 0 interrupted iterations
gradual_ramp   [  10% ] 10/80 VUs  01m11.0s/12m00.0s

running (01m12.0s), 10/80 VUs, 1001 complete and 0 interrupted iterations
gradual_ramp   [  10% ] 10/80 VUs  01m12.0s/12m00.0s

running (01m13.0s), 10/80 VUs, 1016 complete and 0 interrupted iterations
gradual_ramp   [  10% ] 10/80 VUs  01m13.0s/12m00.0s

running (01m14.0s), 10/80 VUs, 1030 complete and 0 interrupted iterations
gradual_ramp   [  10% ] 10/80 VUs  01m14.0s/12m00.0s

running (01m15.0s), 10/80 VUs, 1043 complete and 0 interrupted iterations
gradual_ramp   [  10% ] 10/80 VUs  01m15.0s/12m00.0s

running (01m16.0s), 10/80 VUs, 1057 complete and 0 interrupted iterations
gradual_ramp   [  11% ] 10/80 VUs  01m16.0s/12m00.0s

running (01m17.0s), 10/80 VUs, 1073 complete and 0 interrupted iterations
gradual_ramp   [  11% ] 10/80 VUs  01m17.0s/12m00.0s

running (01m18.0s), 10/80 VUs, 1087 complete and 0 interrupted iterations
gradual_ramp   [  11% ] 10/80 VUs  01m18.0s/12m00.0s

running (01m19.0s), 10/80 VUs, 1102 complete and 0 interrupted iterations
gradual_ramp   [  11% ] 10/80 VUs  01m19.0s/12m00.0s

running (01m20.0s), 10/80 VUs, 1115 complete and 0 interrupted iterations
gradual_ramp   [  11% ] 10/80 VUs  01m20.0s/12m00.0s

running (01m21.0s), 10/80 VUs, 1130 complete and 0 interrupted iterations
gradual_ramp   [  11% ] 10/80 VUs  01m21.0s/12m00.0s

running (01m22.0s), 10/80 VUs, 1142 complete and 0 interrupted iterations
gradual_ramp   [  11% ] 10/80 VUs  01m22.0s/12m00.0s

running (01m23.0s), 10/80 VUs, 1158 complete and 0 interrupted iterations
gradual_ramp   [  12% ] 10/80 VUs  01m23.0s/12m00.0s

running (01m24.0s), 10/80 VUs, 1171 complete and 0 interrupted iterations
gradual_ramp   [  12% ] 10/80 VUs  01m24.0s/12m00.0s

running (01m25.0s), 10/80 VUs, 1184 complete and 0 interrupted iterations
gradual_ramp   [  12% ] 10/80 VUs  01m25.0s/12m00.0s

running (01m26.0s), 10/80 VUs, 1196 complete and 0 interrupted iterations
gradual_ramp   [  12% ] 10/80 VUs  01m26.0s/12m00.0s

running (01m27.0s), 10/80 VUs, 1213 complete and 0 interrupted iterations
gradual_ramp   [  12% ] 10/80 VUs  01m27.0s/12m00.0s

running (01m28.0s), 10/80 VUs, 1228 complete and 0 interrupted iterations
gradual_ramp   [  12% ] 10/80 VUs  01m28.0s/12m00.0s

running (01m29.0s), 10/80 VUs, 1240 complete and 0 interrupted iterations
gradual_ramp   [  12% ] 10/80 VUs  01m29.0s/12m00.0s

running (01m30.0s), 10/80 VUs, 1257 complete and 0 interrupted iterations
gradual_ramp   [  12% ] 10/80 VUs  01m30.0s/12m00.0s

running (01m31.0s), 10/80 VUs, 1268 complete and 0 interrupted iterations
gradual_ramp   [  13% ] 10/80 VUs  01m31.0s/12m00.0s

running (01m32.0s), 10/80 VUs, 1282 complete and 0 interrupted iterations
gradual_ramp   [  13% ] 10/80 VUs  01m32.0s/12m00.0s

running (01m33.0s), 10/80 VUs, 1294 complete and 0 interrupted iterations
gradual_ramp   [  13% ] 10/80 VUs  01m33.0s/12m00.0s

running (01m34.0s), 10/80 VUs, 1308 complete and 0 interrupted iterations
gradual_ramp   [  13% ] 10/80 VUs  01m34.0s/12m00.0s

running (01m35.0s), 10/80 VUs, 1321 complete and 0 interrupted iterations
gradual_ramp   [  13% ] 10/80 VUs  01m35.0s/12m00.0s

running (01m36.0s), 10/80 VUs, 1337 complete and 0 interrupted iterations
gradual_ramp   [  13% ] 10/80 VUs  01m36.0s/12m00.0s

running (01m37.0s), 10/80 VUs, 1350 complete and 0 interrupted iterations
gradual_ramp   [  13% ] 10/80 VUs  01m37.0s/12m00.0s

running (01m38.0s), 10/80 VUs, 1366 complete and 0 interrupted iterations
gradual_ramp   [  14% ] 10/80 VUs  01m38.0s/12m00.0s

running (01m39.0s), 10/80 VUs, 1380 complete and 0 interrupted iterations
gradual_ramp   [  14% ] 10/80 VUs  01m39.0s/12m00.0s

running (01m40.0s), 10/80 VUs, 1396 complete and 0 interrupted iterations
gradual_ramp   [  14% ] 10/80 VUs  01m40.0s/12m00.0s

running (01m41.0s), 10/80 VUs, 1408 complete and 0 interrupted iterations
gradual_ramp   [  14% ] 10/80 VUs  01m41.0s/12m00.0s

running (01m42.0s), 10/80 VUs, 1421 complete and 0 interrupted iterations
gradual_ramp   [  14% ] 10/80 VUs  01m42.0s/12m00.0s

running (01m43.0s), 10/80 VUs, 1436 complete and 0 interrupted iterations
gradual_ramp   [  14% ] 10/80 VUs  01m43.0s/12m00.0s

running (01m44.0s), 10/80 VUs, 1450 complete and 0 interrupted iterations
gradual_ramp   [  14% ] 10/80 VUs  01m44.0s/12m00.0s

running (01m45.0s), 10/80 VUs, 1462 complete and 0 interrupted iterations
gradual_ramp   [  15% ] 10/80 VUs  01m45.0s/12m00.0s

running (01m46.0s), 10/80 VUs, 1474 complete and 0 interrupted iterations
gradual_ramp   [  15% ] 10/80 VUs  01m46.0s/12m00.0s

running (01m47.0s), 10/80 VUs, 1488 complete and 0 interrupted iterations
gradual_ramp   [  15% ] 10/80 VUs  01m47.0s/12m00.0s

running (01m48.0s), 10/80 VUs, 1502 complete and 0 interrupted iterations
gradual_ramp   [  15% ] 10/80 VUs  01m48.0s/12m00.0s

running (01m49.0s), 10/80 VUs, 1516 complete and 0 interrupted iterations
gradual_ramp   [  15% ] 10/80 VUs  01m49.0s/12m00.0s

running (01m50.0s), 10/80 VUs, 1530 complete and 0 interrupted iterations
gradual_ramp   [  15% ] 10/80 VUs  01m50.0s/12m00.0s

running (01m51.0s), 10/80 VUs, 1543 complete and 0 interrupted iterations
gradual_ramp   [  15% ] 10/80 VUs  01m51.0s/12m00.0s

running (01m52.0s), 10/80 VUs, 1559 complete and 0 interrupted iterations
gradual_ramp   [  16% ] 10/80 VUs  01m52.0s/12m00.0s

running (01m53.0s), 10/80 VUs, 1572 complete and 0 interrupted iterations
gradual_ramp   [  16% ] 10/80 VUs  01m53.0s/12m00.0s

running (01m54.0s), 10/80 VUs, 1587 complete and 0 interrupted iterations
gradual_ramp   [  16% ] 10/80 VUs  01m54.0s/12m00.0s

running (01m55.0s), 10/80 VUs, 1601 complete and 0 interrupted iterations
gradual_ramp   [  16% ] 10/80 VUs  01m55.0s/12m00.0s

running (01m56.0s), 10/80 VUs, 1615 complete and 0 interrupted iterations
gradual_ramp   [  16% ] 10/80 VUs  01m56.0s/12m00.0s

running (01m57.0s), 10/80 VUs, 1628 complete and 0 interrupted iterations
gradual_ramp   [  16% ] 10/80 VUs  01m57.0s/12m00.0s

running (01m58.0s), 10/80 VUs, 1643 complete and 0 interrupted iterations
gradual_ramp   [  16% ] 10/80 VUs  01m58.0s/12m00.0s

running (01m59.0s), 10/80 VUs, 1654 complete and 0 interrupted iterations
gradual_ramp   [  17% ] 10/80 VUs  01m59.0s/12m00.0s

running (02m00.0s), 10/80 VUs, 1668 complete and 0 interrupted iterations
gradual_ramp   [  17% ] 10/80 VUs  02m00.0s/12m00.0s

running (02m01.0s), 10/80 VUs, 1682 complete and 0 interrupted iterations
gradual_ramp   [  17% ] 10/80 VUs  02m01.0s/12m00.0s

running (02m02.0s), 10/80 VUs, 1697 complete and 0 interrupted iterations
gradual_ramp   [  17% ] 10/80 VUs  02m02.0s/12m00.0s

running (02m03.0s), 10/80 VUs, 1710 complete and 0 interrupted iterations
gradual_ramp   [  17% ] 10/80 VUs  02m03.0s/12m00.0s

running (02m04.0s), 10/80 VUs, 1726 complete and 0 interrupted iterations
gradual_ramp   [  17% ] 10/80 VUs  02m04.0s/12m00.0s

running (02m05.0s), 11/80 VUs, 1741 complete and 0 interrupted iterations
gradual_ramp   [  17% ] 11/80 VUs  02m05.0s/12m00.0s

running (02m06.0s), 11/80 VUs, 1755 complete and 0 interrupted iterations
gradual_ramp   [  17% ] 11/80 VUs  02m06.0s/12m00.0s

running (02m07.0s), 11/80 VUs, 1771 complete and 0 interrupted iterations
gradual_ramp   [  18% ] 11/80 VUs  02m07.0s/12m00.0s

running (02m08.0s), 11/80 VUs, 1787 complete and 0 interrupted iterations
gradual_ramp   [  18% ] 11/80 VUs  02m08.0s/12m00.0s

running (02m09.0s), 12/80 VUs, 1805 complete and 0 interrupted iterations
gradual_ramp   [  18% ] 12/80 VUs  02m09.0s/12m00.0s

running (02m10.0s), 12/80 VUs, 1822 complete and 0 interrupted iterations
gradual_ramp   [  18% ] 12/80 VUs  02m10.0s/12m00.0s

running (02m11.0s), 12/80 VUs, 1837 complete and 0 interrupted iterations
gradual_ramp   [  18% ] 12/80 VUs  02m11.0s/12m00.0s

running (02m12.0s), 12/80 VUs, 1854 complete and 0 interrupted iterations
gradual_ramp   [  18% ] 12/80 VUs  02m12.0s/12m00.0s

running (02m13.0s), 13/80 VUs, 1871 complete and 0 interrupted iterations
gradual_ramp   [  18% ] 13/80 VUs  02m13.0s/12m00.0s

running (02m14.0s), 13/80 VUs, 1887 complete and 0 interrupted iterations
gradual_ramp   [  19% ] 13/80 VUs  02m14.0s/12m00.0s

running (02m15.0s), 13/80 VUs, 1903 complete and 0 interrupted iterations
gradual_ramp   [  19% ] 13/80 VUs  02m15.0s/12m00.0s

running (02m16.0s), 13/80 VUs, 1925 complete and 0 interrupted iterations
gradual_ramp   [  19% ] 13/80 VUs  02m16.0s/12m00.0s

running (02m17.0s), 13/80 VUs, 1941 complete and 0 interrupted iterations
gradual_ramp   [  19% ] 13/80 VUs  02m17.0s/12m00.0s

running (02m18.0s), 14/80 VUs, 1958 complete and 0 interrupted iterations
gradual_ramp   [  19% ] 14/80 VUs  02m18.0s/12m00.0s

running (02m19.0s), 14/80 VUs, 1981 complete and 0 interrupted iterations
gradual_ramp   [  19% ] 14/80 VUs  02m19.0s/12m00.0s

running (02m20.0s), 14/80 VUs, 2001 complete and 0 interrupted iterations
gradual_ramp   [  19% ] 14/80 VUs  02m20.0s/12m00.0s

running (02m21.0s), 14/80 VUs, 2021 complete and 0 interrupted iterations
gradual_ramp   [  20% ] 14/80 VUs  02m21.0s/12m00.0s

running (02m22.0s), 15/80 VUs, 2039 complete and 0 interrupted iterations
gradual_ramp   [  20% ] 15/80 VUs  02m22.0s/12m00.0s

running (02m23.0s), 15/80 VUs, 2061 complete and 0 interrupted iterations
gradual_ramp   [  20% ] 15/80 VUs  02m23.0s/12m00.0s

running (02m24.0s), 15/80 VUs, 2085 complete and 0 interrupted iterations
gradual_ramp   [  20% ] 15/80 VUs  02m24.0s/12m00.0s

running (02m25.0s), 15/80 VUs, 2107 complete and 0 interrupted iterations
gradual_ramp   [  20% ] 15/80 VUs  02m25.0s/12m00.0s

running (02m26.0s), 16/80 VUs, 2126 complete and 0 interrupted iterations
gradual_ramp   [  20% ] 16/80 VUs  02m26.0s/12m00.0s

running (02m27.0s), 16/80 VUs, 2148 complete and 0 interrupted iterations
gradual_ramp   [  20% ] 16/80 VUs  02m27.0s/12m00.0s

running (02m28.0s), 16/80 VUs, 2171 complete and 0 interrupted iterations
gradual_ramp   [  21% ] 16/80 VUs  02m28.0s/12m00.0s

running (02m29.0s), 16/80 VUs, 2192 complete and 0 interrupted iterations
gradual_ramp   [  21% ] 16/80 VUs  02m29.0s/12m00.0s

running (02m30.0s), 16/80 VUs, 2215 complete and 0 interrupted iterations
gradual_ramp   [  21% ] 16/80 VUs  02m30.0s/12m00.0s

running (02m31.0s), 17/80 VUs, 2237 complete and 0 interrupted iterations
gradual_ramp   [  21% ] 17/80 VUs  02m31.0s/12m00.0s

running (02m32.0s), 17/80 VUs, 2262 complete and 0 interrupted iterations
gradual_ramp   [  21% ] 17/80 VUs  02m32.0s/12m00.0s

running (02m33.0s), 17/80 VUs, 2287 complete and 0 interrupted iterations
gradual_ramp   [  21% ] 17/80 VUs  02m33.0s/12m00.0s

running (02m34.0s), 17/80 VUs, 2310 complete and 0 interrupted iterations
gradual_ramp   [  21% ] 17/80 VUs  02m34.0s/12m00.0s

running (02m35.0s), 18/80 VUs, 2336 complete and 0 interrupted iterations
gradual_ramp   [  22% ] 18/80 VUs  02m35.0s/12m00.0s

running (02m36.0s), 18/80 VUs, 2361 complete and 0 interrupted iterations
gradual_ramp   [  22% ] 18/80 VUs  02m36.0s/12m00.0s

running (02m37.0s), 18/80 VUs, 2386 complete and 0 interrupted iterations
gradual_ramp   [  22% ] 18/80 VUs  02m37.0s/12m00.0s

running (02m38.0s), 18/80 VUs, 2412 complete and 0 interrupted iterations
gradual_ramp   [  22% ] 18/80 VUs  02m38.0s/12m00.0s

running (02m39.0s), 19/80 VUs, 2438 complete and 0 interrupted iterations
gradual_ramp   [  22% ] 19/80 VUs  02m39.0s/12m00.0s

running (02m40.0s), 19/80 VUs, 2467 complete and 0 interrupted iterations
gradual_ramp   [  22% ] 19/80 VUs  02m40.0s/12m00.0s

running (02m41.0s), 19/80 VUs, 2492 complete and 0 interrupted iterations
gradual_ramp   [  22% ] 19/80 VUs  02m41.0s/12m00.0s

running (02m42.0s), 19/80 VUs, 2520 complete and 0 interrupted iterations
gradual_ramp   [  22% ] 19/80 VUs  02m42.0s/12m00.0s

running (02m43.0s), 20/80 VUs, 2547 complete and 0 interrupted iterations
gradual_ramp   [  23% ] 20/80 VUs  02m43.0s/12m00.0s

running (02m44.0s), 20/80 VUs, 2575 complete and 0 interrupted iterations
gradual_ramp   [  23% ] 20/80 VUs  02m44.0s/12m00.0s

running (02m45.0s), 20/80 VUs, 2605 complete and 0 interrupted iterations
gradual_ramp   [  23% ] 20/80 VUs  02m45.0s/12m00.0s

running (02m46.0s), 20/80 VUs, 2631 complete and 0 interrupted iterations
gradual_ramp   [  23% ] 20/80 VUs  02m46.0s/12m00.0s

running (02m47.0s), 20/80 VUs, 2663 complete and 0 interrupted iterations
gradual_ramp   [  23% ] 20/80 VUs  02m47.0s/12m00.0s

running (02m48.0s), 21/80 VUs, 2689 complete and 0 interrupted iterations
gradual_ramp   [  23% ] 21/80 VUs  02m48.0s/12m00.0s

running (02m49.0s), 21/80 VUs, 2716 complete and 0 interrupted iterations
gradual_ramp   [  23% ] 21/80 VUs  02m49.0s/12m00.0s

running (02m50.0s), 21/80 VUs, 2748 complete and 0 interrupted iterations
gradual_ramp   [  24% ] 21/80 VUs  02m50.0s/12m00.0s

running (02m51.0s), 21/80 VUs, 2776 complete and 0 interrupted iterations
gradual_ramp   [  24% ] 21/80 VUs  02m51.0s/12m00.0s

running (02m52.0s), 22/80 VUs, 2805 complete and 0 interrupted iterations
gradual_ramp   [  24% ] 22/80 VUs  02m52.0s/12m00.0s

running (02m53.0s), 22/80 VUs, 2836 complete and 0 interrupted iterations
gradual_ramp   [  24% ] 22/80 VUs  02m53.0s/12m00.0s

running (02m54.0s), 22/80 VUs, 2871 complete and 0 interrupted iterations
gradual_ramp   [  24% ] 22/80 VUs  02m54.0s/12m00.0s

running (02m55.0s), 22/80 VUs, 2900 complete and 0 interrupted iterations
gradual_ramp   [  24% ] 22/80 VUs  02m55.0s/12m00.0s

running (02m56.0s), 23/80 VUs, 2931 complete and 0 interrupted iterations
gradual_ramp   [  24% ] 23/80 VUs  02m56.0s/12m00.0s

running (02m57.0s), 23/80 VUs, 2963 complete and 0 interrupted iterations
gradual_ramp   [  25% ] 23/80 VUs  02m57.0s/12m00.0s

running (02m58.0s), 23/80 VUs, 2995 complete and 0 interrupted iterations
gradual_ramp   [  25% ] 23/80 VUs  02m58.0s/12m00.0s

running (02m59.0s), 23/80 VUs, 3028 complete and 0 interrupted iterations
gradual_ramp   [  25% ] 23/80 VUs  02m59.0s/12m00.0s

running (03m00.0s), 23/80 VUs, 3064 complete and 0 interrupted iterations
gradual_ramp   [  25% ] 23/80 VUs  03m00.0s/12m00.0s

running (03m01.0s), 24/80 VUs, 3096 complete and 0 interrupted iterations
gradual_ramp   [  25% ] 24/80 VUs  03m01.0s/12m00.0s

running (03m02.0s), 24/80 VUs, 3129 complete and 0 interrupted iterations
gradual_ramp   [  25% ] 24/80 VUs  03m02.0s/12m00.0s

running (03m03.0s), 24/80 VUs, 3165 complete and 0 interrupted iterations
gradual_ramp   [  25% ] 24/80 VUs  03m03.0s/12m00.0s

running (03m04.0s), 24/80 VUs, 3199 complete and 0 interrupted iterations
gradual_ramp   [  26% ] 24/80 VUs  03m04.0s/12m00.0s

running (03m05.0s), 25/80 VUs, 3235 complete and 0 interrupted iterations
gradual_ramp   [  26% ] 25/80 VUs  03m05.0s/12m00.0s

running (03m06.0s), 25/80 VUs, 3273 complete and 0 interrupted iterations
gradual_ramp   [  26% ] 25/80 VUs  03m06.0s/12m00.0s

running (03m07.0s), 25/80 VUs, 3304 complete and 0 interrupted iterations
gradual_ramp   [  26% ] 25/80 VUs  03m07.0s/12m00.0s

running (03m08.0s), 25/80 VUs, 3340 complete and 0 interrupted iterations
gradual_ramp   [  26% ] 25/80 VUs  03m08.0s/12m00.0s

running (03m09.0s), 26/80 VUs, 3376 complete and 0 interrupted iterations
gradual_ramp   [  26% ] 26/80 VUs  03m09.0s/12m00.0s

running (03m10.0s), 26/80 VUs, 3408 complete and 0 interrupted iterations
gradual_ramp   [  26% ] 26/80 VUs  03m10.0s/12m00.0s

running (03m11.0s), 26/80 VUs, 3448 complete and 0 interrupted iterations
gradual_ramp   [  27% ] 26/80 VUs  03m11.0s/12m00.0s

running (03m12.0s), 26/80 VUs, 3485 complete and 0 interrupted iterations
gradual_ramp   [  27% ] 26/80 VUs  03m12.0s/12m00.0s

running (03m13.0s), 27/80 VUs, 3519 complete and 0 interrupted iterations
gradual_ramp   [  27% ] 27/80 VUs  03m13.0s/12m00.0s

running (03m14.0s), 27/80 VUs, 3559 complete and 0 interrupted iterations
gradual_ramp   [  27% ] 27/80 VUs  03m14.0s/12m00.0s

running (03m15.0s), 27/80 VUs, 3597 complete and 0 interrupted iterations
gradual_ramp   [  27% ] 27/80 VUs  03m15.0s/12m00.0s

running (03m16.0s), 27/80 VUs, 3636 complete and 0 interrupted iterations
gradual_ramp   [  27% ] 27/80 VUs  03m16.0s/12m00.0s

running (03m17.0s), 27/80 VUs, 3675 complete and 0 interrupted iterations
gradual_ramp   [  27% ] 27/80 VUs  03m17.0s/12m00.0s

running (03m18.0s), 28/80 VUs, 3711 complete and 0 interrupted iterations
gradual_ramp   [  27% ] 28/80 VUs  03m18.0s/12m00.0s

running (03m19.0s), 28/80 VUs, 3750 complete and 0 interrupted iterations
gradual_ramp   [  28% ] 28/80 VUs  03m19.0s/12m00.0s

running (03m20.0s), 28/80 VUs, 3791 complete and 0 interrupted iterations
gradual_ramp   [  28% ] 28/80 VUs  03m20.0s/12m00.0s

running (03m21.0s), 28/80 VUs, 3831 complete and 0 interrupted iterations
gradual_ramp   [  28% ] 28/80 VUs  03m21.0s/12m00.0s

running (03m22.0s), 29/80 VUs, 3871 complete and 0 interrupted iterations
gradual_ramp   [  28% ] 29/80 VUs  03m22.0s/12m00.0s

running (03m23.0s), 29/80 VUs, 3913 complete and 0 interrupted iterations
gradual_ramp   [  28% ] 29/80 VUs  03m23.0s/12m00.0s

running (03m24.0s), 29/80 VUs, 3951 complete and 0 interrupted iterations
gradual_ramp   [  28% ] 29/80 VUs  03m24.0s/12m00.0s

running (03m25.0s), 29/80 VUs, 3989 complete and 0 interrupted iterations
gradual_ramp   [  28% ] 29/80 VUs  03m25.0s/12m00.0s

running (03m26.0s), 30/80 VUs, 4036 complete and 0 interrupted iterations
gradual_ramp   [  29% ] 30/80 VUs  03m26.0s/12m00.0s

running (03m27.0s), 30/80 VUs, 4080 complete and 0 interrupted iterations
gradual_ramp   [  29% ] 30/80 VUs  03m27.0s/12m00.0s

running (03m28.0s), 30/80 VUs, 4125 complete and 0 interrupted iterations
gradual_ramp   [  29% ] 30/80 VUs  03m28.0s/12m00.0s

running (03m29.0s), 30/80 VUs, 4161 complete and 0 interrupted iterations
gradual_ramp   [  29% ] 30/80 VUs  03m29.0s/12m00.0s

running (03m30.0s), 30/80 VUs, 4206 complete and 0 interrupted iterations
gradual_ramp   [  29% ] 30/80 VUs  03m30.0s/12m00.0s

running (03m31.0s), 31/80 VUs, 4253 complete and 0 interrupted iterations
gradual_ramp   [  29% ] 31/80 VUs  03m31.0s/12m00.0s

running (03m32.0s), 31/80 VUs, 4295 complete and 0 interrupted iterations
gradual_ramp   [  29% ] 31/80 VUs  03m32.0s/12m00.0s

running (03m33.0s), 31/80 VUs, 4336 complete and 0 interrupted iterations
gradual_ramp   [  30% ] 31/80 VUs  03m33.0s/12m00.0s

running (03m34.0s), 31/80 VUs, 4382 complete and 0 interrupted iterations
gradual_ramp   [  30% ] 31/80 VUs  03m34.0s/12m00.0s

running (03m35.0s), 32/80 VUs, 4426 complete and 0 interrupted iterations
gradual_ramp   [  30% ] 32/80 VUs  03m35.0s/12m00.0s

running (03m36.0s), 32/80 VUs, 4473 complete and 0 interrupted iterations
gradual_ramp   [  30% ] 32/80 VUs  03m36.0s/12m00.0s

running (03m37.0s), 32/80 VUs, 4515 complete and 0 interrupted iterations
gradual_ramp   [  30% ] 32/80 VUs  03m37.0s/12m00.0s

running (03m38.0s), 32/80 VUs, 4556 complete and 0 interrupted iterations
gradual_ramp   [  30% ] 32/80 VUs  03m38.0s/12m00.0s

running (03m39.0s), 33/80 VUs, 4605 complete and 0 interrupted iterations
gradual_ramp   [  30% ] 33/80 VUs  03m39.0s/12m00.0s

running (03m40.0s), 33/80 VUs, 4651 complete and 0 interrupted iterations
gradual_ramp   [  31% ] 33/80 VUs  03m40.0s/12m00.0s

running (03m41.0s), 33/80 VUs, 4698 complete and 0 interrupted iterations
gradual_ramp   [  31% ] 33/80 VUs  03m41.0s/12m00.0s

running (03m42.0s), 33/80 VUs, 4746 complete and 0 interrupted iterations
gradual_ramp   [  31% ] 33/80 VUs  03m42.0s/12m00.0s

running (03m43.0s), 34/80 VUs, 4788 complete and 0 interrupted iterations
gradual_ramp   [  31% ] 34/80 VUs  03m43.0s/12m00.0s

running (03m44.0s), 34/80 VUs, 4837 complete and 0 interrupted iterations
gradual_ramp   [  31% ] 34/80 VUs  03m44.0s/12m00.0s

running (03m45.0s), 34/80 VUs, 4882 complete and 0 interrupted iterations
gradual_ramp   [  31% ] 34/80 VUs  03m45.0s/12m00.0s

running (03m46.0s), 34/80 VUs, 4932 complete and 0 interrupted iterations
gradual_ramp   [  31% ] 34/80 VUs  03m46.0s/12m00.0s

running (03m47.0s), 34/80 VUs, 4973 complete and 0 interrupted iterations
gradual_ramp   [  32% ] 34/80 VUs  03m47.0s/12m00.0s

running (03m48.0s), 35/80 VUs, 5024 complete and 0 interrupted iterations
gradual_ramp   [  32% ] 35/80 VUs  03m48.0s/12m00.0s

running (03m49.0s), 35/80 VUs, 5069 complete and 0 interrupted iterations
gradual_ramp   [  32% ] 35/80 VUs  03m49.0s/12m00.0s

running (03m50.0s), 35/80 VUs, 5121 complete and 0 interrupted iterations
gradual_ramp   [  32% ] 35/80 VUs  03m50.0s/12m00.0s

running (03m51.0s), 35/80 VUs, 5172 complete and 0 interrupted iterations
gradual_ramp   [  32% ] 35/80 VUs  03m51.0s/12m00.0s

running (03m52.0s), 36/80 VUs, 5221 complete and 0 interrupted iterations
gradual_ramp   [  32% ] 36/80 VUs  03m52.0s/12m00.0s

running (03m53.0s), 36/80 VUs, 5272 complete and 0 interrupted iterations
gradual_ramp   [  32% ] 36/80 VUs  03m53.0s/12m00.0s

running (03m54.0s), 36/80 VUs, 5319 complete and 0 interrupted iterations
gradual_ramp   [  32% ] 36/80 VUs  03m54.0s/12m00.0s

running (03m55.0s), 36/80 VUs, 5371 complete and 0 interrupted iterations
gradual_ramp   [  33% ] 36/80 VUs  03m55.0s/12m00.0s

running (03m56.0s), 37/80 VUs, 5423 complete and 0 interrupted iterations
gradual_ramp   [  33% ] 37/80 VUs  03m56.0s/12m00.0s

running (03m57.0s), 37/80 VUs, 5471 complete and 0 interrupted iterations
gradual_ramp   [  33% ] 37/80 VUs  03m57.0s/12m00.0s

running (03m58.0s), 37/80 VUs, 5524 complete and 0 interrupted iterations
gradual_ramp   [  33% ] 37/80 VUs  03m58.0s/12m00.0s

running (03m59.0s), 37/80 VUs, 5574 complete and 0 interrupted iterations
gradual_ramp   [  33% ] 37/80 VUs  03m59.0s/12m00.0s

running (04m00.0s), 37/80 VUs, 5624 complete and 0 interrupted iterations
gradual_ramp   [  33% ] 37/80 VUs  04m00.0s/12m00.0s

running (04m01.0s), 38/80 VUs, 5669 complete and 0 interrupted iterations
gradual_ramp   [  33% ] 38/80 VUs  04m01.0s/12m00.0s

running (04m02.0s), 38/80 VUs, 5722 complete and 0 interrupted iterations
gradual_ramp   [  34% ] 38/80 VUs  04m02.0s/12m00.0s

running (04m03.0s), 38/80 VUs, 5775 complete and 0 interrupted iterations
gradual_ramp   [  34% ] 38/80 VUs  04m03.0s/12m00.0s

running (04m04.0s), 38/80 VUs, 5828 complete and 0 interrupted iterations
gradual_ramp   [  34% ] 38/80 VUs  04m04.0s/12m00.0s

running (04m05.0s), 39/80 VUs, 5878 complete and 0 interrupted iterations
gradual_ramp   [  34% ] 39/80 VUs  04m05.0s/12m00.0s

running (04m06.0s), 39/80 VUs, 5930 complete and 0 interrupted iterations
gradual_ramp   [  34% ] 39/80 VUs  04m06.0s/12m00.0s

running (04m07.0s), 39/80 VUs, 5980 complete and 0 interrupted iterations
gradual_ramp   [  34% ] 39/80 VUs  04m07.0s/12m00.0s

running (04m08.0s), 39/80 VUs, 6034 complete and 0 interrupted iterations
gradual_ramp   [  34% ] 39/80 VUs  04m08.0s/12m00.0s

running (04m09.0s), 40/80 VUs, 6090 complete and 0 interrupted iterations
gradual_ramp   [  35% ] 40/80 VUs  04m09.0s/12m00.0s

running (04m10.0s), 40/80 VUs, 6146 complete and 0 interrupted iterations
gradual_ramp   [  35% ] 40/80 VUs  04m10.0s/12m00.0s

running (04m11.0s), 40/80 VUs, 6203 complete and 0 interrupted iterations
gradual_ramp   [  35% ] 40/80 VUs  04m11.0s/12m00.0s

running (04m12.0s), 40/80 VUs, 6260 complete and 0 interrupted iterations
gradual_ramp   [  35% ] 40/80 VUs  04m12.0s/12m00.0s

running (04m13.0s), 41/80 VUs, 6313 complete and 0 interrupted iterations
gradual_ramp   [  35% ] 41/80 VUs  04m13.0s/12m00.0s

running (04m14.0s), 41/80 VUs, 6373 complete and 0 interrupted iterations
gradual_ramp   [  35% ] 41/80 VUs  04m14.0s/12m00.0s

running (04m15.0s), 41/80 VUs, 6431 complete and 0 interrupted iterations
gradual_ramp   [  35% ] 41/80 VUs  04m15.0s/12m00.0s

running (04m16.0s), 41/80 VUs, 6485 complete and 0 interrupted iterations
gradual_ramp   [  36% ] 41/80 VUs  04m16.0s/12m00.0s

running (04m17.0s), 41/80 VUs, 6552 complete and 0 interrupted iterations
gradual_ramp   [  36% ] 41/80 VUs  04m17.0s/12m00.0s

running (04m18.0s), 42/80 VUs, 6607 complete and 0 interrupted iterations
gradual_ramp   [  36% ] 42/80 VUs  04m18.0s/12m00.0s

running (04m19.0s), 42/80 VUs, 6669 complete and 0 interrupted iterations
gradual_ramp   [  36% ] 42/80 VUs  04m19.0s/12m00.0s

running (04m20.0s), 42/80 VUs, 6726 complete and 0 interrupted iterations
gradual_ramp   [  36% ] 42/80 VUs  04m20.0s/12m00.0s

running (04m21.0s), 42/80 VUs, 6790 complete and 0 interrupted iterations
gradual_ramp   [  36% ] 42/80 VUs  04m21.0s/12m00.0s

running (04m22.0s), 43/80 VUs, 6847 complete and 0 interrupted iterations
gradual_ramp   [  36% ] 43/80 VUs  04m22.0s/12m00.0s

running (04m23.0s), 43/80 VUs, 6902 complete and 0 interrupted iterations
gradual_ramp   [  37% ] 43/80 VUs  04m23.0s/12m00.0s

running (04m24.0s), 43/80 VUs, 6968 complete and 0 interrupted iterations
gradual_ramp   [  37% ] 43/80 VUs  04m24.0s/12m00.0s

running (04m25.0s), 43/80 VUs, 7027 complete and 0 interrupted iterations
gradual_ramp   [  37% ] 43/80 VUs  04m25.0s/12m00.0s

running (04m26.0s), 44/80 VUs, 7086 complete and 0 interrupted iterations
gradual_ramp   [  37% ] 44/80 VUs  04m26.0s/12m00.0s

running (04m27.0s), 44/80 VUs, 7149 complete and 0 interrupted iterations
gradual_ramp   [  37% ] 44/80 VUs  04m27.0s/12m00.0s

running (04m28.0s), 44/80 VUs, 7208 complete and 0 interrupted iterations
gradual_ramp   [  37% ] 44/80 VUs  04m28.0s/12m00.0s

running (04m29.0s), 44/80 VUs, 7276 complete and 0 interrupted iterations
gradual_ramp   [  37% ] 44/80 VUs  04m29.0s/12m00.0s

running (04m30.0s), 44/80 VUs, 7331 complete and 0 interrupted iterations
gradual_ramp   [  37% ] 44/80 VUs  04m30.0s/12m00.0s

running (04m31.0s), 45/80 VUs, 7397 complete and 0 interrupted iterations
gradual_ramp   [  38% ] 45/80 VUs  04m31.0s/12m00.0s

running (04m32.0s), 45/80 VUs, 7458 complete and 0 interrupted iterations
gradual_ramp   [  38% ] 45/80 VUs  04m32.0s/12m00.0s

running (04m33.0s), 45/80 VUs, 7525 complete and 0 interrupted iterations
gradual_ramp   [  38% ] 45/80 VUs  04m33.0s/12m00.0s

running (04m34.0s), 45/80 VUs, 7584 complete and 0 interrupted iterations
gradual_ramp   [  38% ] 45/80 VUs  04m34.0s/12m00.0s

running (04m35.0s), 46/80 VUs, 7650 complete and 0 interrupted iterations
gradual_ramp   [  38% ] 46/80 VUs  04m35.0s/12m00.0s

running (04m36.0s), 46/80 VUs, 7716 complete and 0 interrupted iterations
gradual_ramp   [  38% ] 46/80 VUs  04m36.0s/12m00.0s

running (04m37.0s), 46/80 VUs, 7775 complete and 0 interrupted iterations
gradual_ramp   [  38% ] 46/80 VUs  04m37.0s/12m00.0s

running (04m38.0s), 46/80 VUs, 7843 complete and 0 interrupted iterations
gradual_ramp   [  39% ] 46/80 VUs  04m38.0s/12m00.0s

running (04m39.0s), 47/80 VUs, 7905 complete and 0 interrupted iterations
gradual_ramp   [  39% ] 47/80 VUs  04m39.0s/12m00.0s

running (04m40.0s), 47/80 VUs, 7973 complete and 0 interrupted iterations
gradual_ramp   [  39% ] 47/80 VUs  04m40.0s/12m00.0s

running (04m41.0s), 47/80 VUs, 8042 complete and 0 interrupted iterations
gradual_ramp   [  39% ] 47/80 VUs  04m41.0s/12m00.0s

running (04m42.0s), 47/80 VUs, 8101 complete and 0 interrupted iterations
gradual_ramp   [  39% ] 47/80 VUs  04m42.0s/12m00.0s

running (04m43.0s), 48/80 VUs, 8170 complete and 0 interrupted iterations
gradual_ramp   [  39% ] 48/80 VUs  04m43.0s/12m00.0s

running (04m44.0s), 48/80 VUs, 8238 complete and 0 interrupted iterations
gradual_ramp   [  39% ] 48/80 VUs  04m44.0s/12m00.0s

running (04m45.0s), 48/80 VUs, 8307 complete and 0 interrupted iterations
gradual_ramp   [  40% ] 48/80 VUs  04m45.0s/12m00.0s

running (04m46.0s), 48/80 VUs, 8375 complete and 0 interrupted iterations
gradual_ramp   [  40% ] 48/80 VUs  04m46.0s/12m00.0s

running (04m47.0s), 48/80 VUs, 8443 complete and 0 interrupted iterations
gradual_ramp   [  40% ] 48/80 VUs  04m47.0s/12m00.0s

running (04m48.0s), 49/80 VUs, 8512 complete and 0 interrupted iterations
gradual_ramp   [  40% ] 49/80 VUs  04m48.0s/12m00.0s

running (04m49.0s), 49/80 VUs, 8575 complete and 0 interrupted iterations
gradual_ramp   [  40% ] 49/80 VUs  04m49.0s/12m00.0s

running (04m50.0s), 49/80 VUs, 8641 complete and 0 interrupted iterations
gradual_ramp   [  40% ] 49/80 VUs  04m50.0s/12m00.0s

running (04m51.0s), 49/80 VUs, 8709 complete and 0 interrupted iterations
gradual_ramp   [  40% ] 49/80 VUs  04m51.0s/12m00.0s

running (04m52.0s), 50/80 VUs, 8777 complete and 0 interrupted iterations
gradual_ramp   [  41% ] 50/80 VUs  04m52.0s/12m00.0s

running (04m53.0s), 50/80 VUs, 8848 complete and 0 interrupted iterations
gradual_ramp   [  41% ] 50/80 VUs  04m53.0s/12m00.0s

running (04m54.0s), 50/80 VUs, 8919 complete and 0 interrupted iterations
gradual_ramp   [  41% ] 50/80 VUs  04m54.0s/12m00.0s

running (04m55.0s), 50/80 VUs, 8989 complete and 0 interrupted iterations
gradual_ramp   [  41% ] 50/80 VUs  04m55.0s/12m00.0s

running (04m56.0s), 51/80 VUs, 9063 complete and 0 interrupted iterations
gradual_ramp   [  41% ] 51/80 VUs  04m56.0s/12m00.0s

running (04m57.0s), 51/80 VUs, 9136 complete and 0 interrupted iterations
gradual_ramp   [  41% ] 51/80 VUs  04m57.0s/12m00.0s

running (04m58.0s), 51/80 VUs, 9210 complete and 0 interrupted iterations
gradual_ramp   [  41% ] 51/80 VUs  04m58.0s/12m00.0s

running (04m59.0s), 51/80 VUs, 9283 complete and 0 interrupted iterations
gradual_ramp   [  42% ] 51/80 VUs  04m59.0s/12m00.0s

running (05m00.0s), 51/80 VUs, 9354 complete and 0 interrupted iterations
gradual_ramp   [  42% ] 51/80 VUs  05m00.0s/12m00.0s

running (05m01.0s), 52/80 VUs, 9427 complete and 0 interrupted iterations
gradual_ramp   [  42% ] 52/80 VUs  05m01.0s/12m00.0s

running (05m02.0s), 52/80 VUs, 9497 complete and 0 interrupted iterations
gradual_ramp   [  42% ] 52/80 VUs  05m02.0s/12m00.0s

running (05m03.0s), 52/80 VUs, 9576 complete and 0 interrupted iterations
gradual_ramp   [  42% ] 52/80 VUs  05m03.0s/12m00.0s

running (05m04.0s), 52/80 VUs, 9646 complete and 0 interrupted iterations
gradual_ramp   [  42% ] 52/80 VUs  05m04.0s/12m00.0s

running (05m05.0s), 53/80 VUs, 9721 complete and 0 interrupted iterations
gradual_ramp   [  42% ] 53/80 VUs  05m05.0s/12m00.0s

running (05m06.0s), 53/80 VUs, 9797 complete and 0 interrupted iterations
gradual_ramp   [  42% ] 53/80 VUs  05m06.0s/12m00.0s

running (05m07.0s), 53/80 VUs, 9868 complete and 0 interrupted iterations
gradual_ramp   [  43% ] 53/80 VUs  05m07.0s/12m00.0s

running (05m08.0s), 53/80 VUs, 9942 complete and 0 interrupted iterations
gradual_ramp   [  43% ] 53/80 VUs  05m08.0s/12m00.0s

running (05m09.0s), 54/80 VUs, 10013 complete and 0 interrupted iterations
gradual_ramp   [  43% ] 54/80 VUs  05m09.0s/12m00.0s

running (05m10.0s), 54/80 VUs, 10096 complete and 0 interrupted iterations
gradual_ramp   [  43% ] 54/80 VUs  05m10.0s/12m00.0s

running (05m11.0s), 54/80 VUs, 10171 complete and 0 interrupted iterations
gradual_ramp   [  43% ] 54/80 VUs  05m11.0s/12m00.0s

running (05m12.0s), 54/80 VUs, 10251 complete and 0 interrupted iterations
gradual_ramp   [  43% ] 54/80 VUs  05m12.0s/12m00.0s

running (05m13.0s), 55/80 VUs, 10325 complete and 0 interrupted iterations
gradual_ramp   [  43% ] 55/80 VUs  05m13.0s/12m00.0s

running (05m14.0s), 55/80 VUs, 10403 complete and 0 interrupted iterations
gradual_ramp   [  44% ] 55/80 VUs  05m14.0s/12m00.0s

running (05m15.0s), 55/80 VUs, 10480 complete and 0 interrupted iterations
gradual_ramp   [  44% ] 55/80 VUs  05m15.0s/12m00.0s

running (05m16.0s), 55/80 VUs, 10550 complete and 0 interrupted iterations
gradual_ramp   [  44% ] 55/80 VUs  05m16.0s/12m00.0s

running (05m17.0s), 55/80 VUs, 10639 complete and 0 interrupted iterations
gradual_ramp   [  44% ] 55/80 VUs  05m17.0s/12m00.0s

running (05m18.0s), 56/80 VUs, 10714 complete and 0 interrupted iterations
gradual_ramp   [  44% ] 56/80 VUs  05m18.0s/12m00.0s

running (05m19.0s), 56/80 VUs, 10788 complete and 0 interrupted iterations
gradual_ramp   [  44% ] 56/80 VUs  05m19.0s/12m00.0s

running (05m20.0s), 56/80 VUs, 10873 complete and 0 interrupted iterations
gradual_ramp   [  44% ] 56/80 VUs  05m20.0s/12m00.0s

running (05m21.0s), 56/80 VUs, 10947 complete and 0 interrupted iterations
gradual_ramp   [  45% ] 56/80 VUs  05m21.0s/12m00.0s

running (05m22.0s), 57/80 VUs, 11027 complete and 0 interrupted iterations
gradual_ramp   [  45% ] 57/80 VUs  05m22.0s/12m00.0s

running (05m23.0s), 57/80 VUs, 11104 complete and 0 interrupted iterations
gradual_ramp   [  45% ] 57/80 VUs  05m23.0s/12m00.0s

running (05m24.0s), 57/80 VUs, 11183 complete and 0 interrupted iterations
gradual_ramp   [  45% ] 57/80 VUs  05m24.0s/12m00.0s

running (05m25.0s), 57/80 VUs, 11261 complete and 0 interrupted iterations
gradual_ramp   [  45% ] 57/80 VUs  05m25.0s/12m00.0s

running (05m26.0s), 58/80 VUs, 11337 complete and 0 interrupted iterations
gradual_ramp   [  45% ] 58/80 VUs  05m26.0s/12m00.0s

running (05m27.0s), 58/80 VUs, 11417 complete and 0 interrupted iterations
gradual_ramp   [  45% ] 58/80 VUs  05m27.0s/12m00.0s

running (05m28.0s), 58/80 VUs, 11498 complete and 0 interrupted iterations
gradual_ramp   [  46% ] 58/80 VUs  05m28.0s/12m00.0s

running (05m29.0s), 58/80 VUs, 11578 complete and 0 interrupted iterations
gradual_ramp   [  46% ] 58/80 VUs  05m29.0s/12m00.0s

running (05m30.0s), 58/80 VUs, 11658 complete and 0 interrupted iterations
gradual_ramp   [  46% ] 58/80 VUs  05m30.0s/12m00.0s

running (05m31.0s), 59/80 VUs, 11747 complete and 0 interrupted iterations
gradual_ramp   [  46% ] 59/80 VUs  05m31.0s/12m00.0s

running (05m32.0s), 59/80 VUs, 11830 complete and 0 interrupted iterations
gradual_ramp   [  46% ] 59/80 VUs  05m32.0s/12m00.0s

running (05m33.0s), 59/80 VUs, 11908 complete and 0 interrupted iterations
gradual_ramp   [  46% ] 59/80 VUs  05m33.0s/12m00.0s

running (05m34.0s), 59/80 VUs, 11987 complete and 0 interrupted iterations
gradual_ramp   [  46% ] 59/80 VUs  05m34.0s/12m00.0s

running (05m35.0s), 60/80 VUs, 12073 complete and 0 interrupted iterations
gradual_ramp   [  47% ] 60/80 VUs  05m35.0s/12m00.0s

running (05m36.0s), 60/80 VUs, 12156 complete and 0 interrupted iterations
gradual_ramp   [  47% ] 60/80 VUs  05m36.0s/12m00.0s

running (05m37.0s), 60/80 VUs, 12238 complete and 0 interrupted iterations
gradual_ramp   [  47% ] 60/80 VUs  05m37.0s/12m00.0s

running (05m38.0s), 60/80 VUs, 12324 complete and 0 interrupted iterations
gradual_ramp   [  47% ] 60/80 VUs  05m38.0s/12m00.0s

running (05m39.0s), 61/80 VUs, 12410 complete and 0 interrupted iterations
gradual_ramp   [  47% ] 61/80 VUs  05m39.0s/12m00.0s

running (05m40.0s), 61/80 VUs, 12493 complete and 0 interrupted iterations
gradual_ramp   [  47% ] 61/80 VUs  05m40.0s/12m00.0s

running (05m41.0s), 61/80 VUs, 12575 complete and 0 interrupted iterations
gradual_ramp   [  47% ] 61/80 VUs  05m41.0s/12m00.0s

running (05m42.0s), 61/80 VUs, 12665 complete and 0 interrupted iterations
gradual_ramp   [  47% ] 61/80 VUs  05m42.0s/12m00.0s

running (05m43.0s), 62/80 VUs, 12743 complete and 0 interrupted iterations
gradual_ramp   [  48% ] 62/80 VUs  05m43.0s/12m00.0s

running (05m44.0s), 62/80 VUs, 12826 complete and 0 interrupted iterations
gradual_ramp   [  48% ] 62/80 VUs  05m44.0s/12m00.0s

running (05m45.0s), 62/80 VUs, 12913 complete and 0 interrupted iterations
gradual_ramp   [  48% ] 62/80 VUs  05m45.0s/12m00.0s

running (05m46.0s), 62/80 VUs, 12997 complete and 0 interrupted iterations
gradual_ramp   [  48% ] 62/80 VUs  05m46.0s/12m00.0s

running (05m47.0s), 62/80 VUs, 13087 complete and 0 interrupted iterations
gradual_ramp   [  48% ] 62/80 VUs  05m47.0s/12m00.0s

running (05m48.0s), 63/80 VUs, 13176 complete and 0 interrupted iterations
gradual_ramp   [  48% ] 63/80 VUs  05m48.0s/12m00.0s

running (05m49.0s), 63/80 VUs, 13256 complete and 0 interrupted iterations
gradual_ramp   [  48% ] 63/80 VUs  05m49.0s/12m00.0s

running (05m50.0s), 63/80 VUs, 13346 complete and 0 interrupted iterations
gradual_ramp   [  49% ] 63/80 VUs  05m50.0s/12m00.0s

running (05m51.0s), 63/80 VUs, 13435 complete and 0 interrupted iterations
gradual_ramp   [  49% ] 63/80 VUs  05m51.0s/12m00.0s

running (05m52.0s), 64/80 VUs, 13519 complete and 0 interrupted iterations
gradual_ramp   [  49% ] 64/80 VUs  05m52.0s/12m00.0s

running (05m53.0s), 64/80 VUs, 13605 complete and 0 interrupted iterations
gradual_ramp   [  49% ] 64/80 VUs  05m53.0s/12m00.0s

running (05m54.0s), 64/80 VUs, 13697 complete and 0 interrupted iterations
gradual_ramp   [  49% ] 64/80 VUs  05m54.0s/12m00.0s

running (05m55.0s), 64/80 VUs, 13784 complete and 0 interrupted iterations
gradual_ramp   [  49% ] 64/80 VUs  05m55.0s/12m00.0s

running (05m56.0s), 65/80 VUs, 13868 complete and 0 interrupted iterations
gradual_ramp   [  49% ] 65/80 VUs  05m56.0s/12m00.0s

running (05m57.0s), 65/80 VUs, 13969 complete and 0 interrupted iterations
gradual_ramp   [  50% ] 65/80 VUs  05m57.0s/12m00.0s

running (05m58.0s), 65/80 VUs, 14054 complete and 0 interrupted iterations
gradual_ramp   [  50% ] 65/80 VUs  05m58.0s/12m00.0s

running (05m59.0s), 65/80 VUs, 14146 complete and 0 interrupted iterations
gradual_ramp   [  50% ] 65/80 VUs  05m59.0s/12m00.0s

running (06m00.0s), 65/80 VUs, 14235 complete and 0 interrupted iterations
gradual_ramp   [  50% ] 65/80 VUs  06m00.0s/12m00.0s

running (06m01.0s), 66/80 VUs, 14332 complete and 0 interrupted iterations
gradual_ramp   [  50% ] 66/80 VUs  06m01.0s/12m00.0s

running (06m02.0s), 66/80 VUs, 14422 complete and 0 interrupted iterations
gradual_ramp   [  50% ] 66/80 VUs  06m02.0s/12m00.0s

running (06m03.0s), 66/80 VUs, 14510 complete and 0 interrupted iterations
gradual_ramp   [  50% ] 66/80 VUs  06m03.0s/12m00.0s

running (06m04.0s), 66/80 VUs, 14609 complete and 0 interrupted iterations
gradual_ramp   [  51% ] 66/80 VUs  06m04.0s/12m00.0s

running (06m05.0s), 67/80 VUs, 14695 complete and 0 interrupted iterations
gradual_ramp   [  51% ] 67/80 VUs  06m05.0s/12m00.0s

running (06m06.0s), 67/80 VUs, 14787 complete and 0 interrupted iterations
gradual_ramp   [  51% ] 67/80 VUs  06m06.0s/12m00.0s

running (06m07.0s), 67/80 VUs, 14882 complete and 0 interrupted iterations
gradual_ramp   [  51% ] 67/80 VUs  06m07.0s/12m00.0s

running (06m08.0s), 67/80 VUs, 14971 complete and 0 interrupted iterations
gradual_ramp   [  51% ] 67/80 VUs  06m08.0s/12m00.0s

running (06m09.0s), 68/80 VUs, 15073 complete and 0 interrupted iterations
gradual_ramp   [  51% ] 68/80 VUs  06m09.0s/12m00.0s

running (06m10.0s), 68/80 VUs, 15170 complete and 0 interrupted iterations
gradual_ramp   [  51% ] 68/80 VUs  06m10.0s/12m00.0s

running (06m11.0s), 68/80 VUs, 15270 complete and 0 interrupted iterations
gradual_ramp   [  52% ] 68/80 VUs  06m11.0s/12m00.0s

running (06m12.0s), 68/80 VUs, 15360 complete and 0 interrupted iterations
gradual_ramp   [  52% ] 68/80 VUs  06m12.0s/12m00.0s

running (06m13.0s), 69/80 VUs, 15463 complete and 0 interrupted iterations
gradual_ramp   [  52% ] 69/80 VUs  06m13.0s/12m00.0s

running (06m14.0s), 69/80 VUs, 15559 complete and 0 interrupted iterations
gradual_ramp   [  52% ] 69/80 VUs  06m14.0s/12m00.0s

running (06m15.0s), 69/80 VUs, 15656 complete and 0 interrupted iterations
gradual_ramp   [  52% ] 69/80 VUs  06m15.0s/12m00.0s

running (06m16.0s), 69/80 VUs, 15753 complete and 0 interrupted iterations
gradual_ramp   [  52% ] 69/80 VUs  06m16.0s/12m00.0s

running (06m17.0s), 69/80 VUs, 15846 complete and 0 interrupted iterations
gradual_ramp   [  52% ] 69/80 VUs  06m17.0s/12m00.0s

running (06m18.0s), 70/80 VUs, 15948 complete and 0 interrupted iterations
gradual_ramp   [  52% ] 70/80 VUs  06m18.0s/12m00.0s

running (06m19.0s), 70/80 VUs, 16048 complete and 0 interrupted iterations
gradual_ramp   [  53% ] 70/80 VUs  06m19.0s/12m00.0s

running (06m20.0s), 70/80 VUs, 16143 complete and 0 interrupted iterations
gradual_ramp   [  53% ] 70/80 VUs  06m20.0s/12m00.0s

running (06m21.0s), 70/80 VUs, 16239 complete and 0 interrupted iterations
gradual_ramp   [  53% ] 70/80 VUs  06m21.0s/12m00.0s

running (06m22.0s), 71/80 VUs, 16339 complete and 0 interrupted iterations
gradual_ramp   [  53% ] 71/80 VUs  06m22.0s/12m00.0s

running (06m23.0s), 71/80 VUs, 16432 complete and 0 interrupted iterations
gradual_ramp   [  53% ] 71/80 VUs  06m23.0s/12m00.0s

running (06m24.0s), 71/80 VUs, 16541 complete and 0 interrupted iterations
gradual_ramp   [  53% ] 71/80 VUs  06m24.0s/12m00.0s

running (06m25.0s), 71/80 VUs, 16641 complete and 0 interrupted iterations
gradual_ramp   [  53% ] 71/80 VUs  06m25.0s/12m00.0s

running (06m26.0s), 72/80 VUs, 16742 complete and 0 interrupted iterations
gradual_ramp   [  54% ] 72/80 VUs  06m26.0s/12m00.0s

running (06m27.0s), 72/80 VUs, 16843 complete and 0 interrupted iterations
gradual_ramp   [  54% ] 72/80 VUs  06m27.0s/12m00.0s

running (06m28.0s), 72/80 VUs, 16953 complete and 0 interrupted iterations
gradual_ramp   [  54% ] 72/80 VUs  06m28.0s/12m00.0s

running (06m29.0s), 72/80 VUs, 17049 complete and 0 interrupted iterations
gradual_ramp   [  54% ] 72/80 VUs  06m29.0s/12m00.0s

running (06m30.0s), 72/80 VUs, 17151 complete and 0 interrupted iterations
gradual_ramp   [  54% ] 72/80 VUs  06m30.0s/12m00.0s

running (06m31.0s), 73/80 VUs, 17254 complete and 0 interrupted iterations
gradual_ramp   [  54% ] 73/80 VUs  06m31.0s/12m00.0s

running (06m32.0s), 73/80 VUs, 17352 complete and 0 interrupted iterations
gradual_ramp   [  54% ] 73/80 VUs  06m32.0s/12m00.0s

running (06m33.0s), 73/80 VUs, 17459 complete and 0 interrupted iterations
gradual_ramp   [  55% ] 73/80 VUs  06m33.0s/12m00.0s

running (06m34.0s), 73/80 VUs, 17557 complete and 0 interrupted iterations
gradual_ramp   [  55% ] 73/80 VUs  06m34.0s/12m00.0s

running (06m35.0s), 74/80 VUs, 17657 complete and 0 interrupted iterations
gradual_ramp   [  55% ] 74/80 VUs  06m35.0s/12m00.0s

running (06m36.0s), 74/80 VUs, 17764 complete and 0 interrupted iterations
gradual_ramp   [  55% ] 74/80 VUs  06m36.0s/12m00.0s

running (06m37.0s), 74/80 VUs, 17868 complete and 0 interrupted iterations
gradual_ramp   [  55% ] 74/80 VUs  06m37.0s/12m00.0s

running (06m38.0s), 74/80 VUs, 17975 complete and 0 interrupted iterations
gradual_ramp   [  55% ] 74/80 VUs  06m38.0s/12m00.0s

running (06m39.0s), 75/80 VUs, 18069 complete and 0 interrupted iterations
gradual_ramp   [  55% ] 75/80 VUs  06m39.0s/12m00.0s

running (06m40.0s), 75/80 VUs, 18179 complete and 0 interrupted iterations
gradual_ramp   [  56% ] 75/80 VUs  06m40.0s/12m00.0s

running (06m41.0s), 75/80 VUs, 18283 complete and 0 interrupted iterations
gradual_ramp   [  56% ] 75/80 VUs  06m41.0s/12m00.0s

running (06m42.0s), 75/80 VUs, 18386 complete and 0 interrupted iterations
gradual_ramp   [  56% ] 75/80 VUs  06m42.0s/12m00.0s

running (06m43.0s), 76/80 VUs, 18493 complete and 0 interrupted iterations
gradual_ramp   [  56% ] 76/80 VUs  06m43.0s/12m00.0s

running (06m44.0s), 76/80 VUs, 18601 complete and 0 interrupted iterations
gradual_ramp   [  56% ] 76/80 VUs  06m44.0s/12m00.0s

running (06m45.0s), 76/80 VUs, 18707 complete and 0 interrupted iterations
gradual_ramp   [  56% ] 76/80 VUs  06m45.0s/12m00.0s

running (06m46.0s), 76/80 VUs, 18818 complete and 0 interrupted iterations
gradual_ramp   [  56% ] 76/80 VUs  06m46.0s/12m00.0s

running (06m47.0s), 76/80 VUs, 18918 complete and 0 interrupted iterations
gradual_ramp   [  57% ] 76/80 VUs  06m47.0s/12m00.0s

running (06m48.0s), 77/80 VUs, 19031 complete and 0 interrupted iterations
gradual_ramp   [  57% ] 77/80 VUs  06m48.0s/12m00.0s

running (06m49.0s), 77/80 VUs, 19139 complete and 0 interrupted iterations
gradual_ramp   [  57% ] 77/80 VUs  06m49.0s/12m00.0s

running (06m50.0s), 77/80 VUs, 19250 complete and 0 interrupted iterations
gradual_ramp   [  57% ] 77/80 VUs  06m50.0s/12m00.0s

running (06m51.0s), 77/80 VUs, 19361 complete and 0 interrupted iterations
gradual_ramp   [  57% ] 77/80 VUs  06m51.0s/12m00.0s

running (06m52.0s), 78/80 VUs, 19461 complete and 0 interrupted iterations
gradual_ramp   [  57% ] 78/80 VUs  06m52.0s/12m00.0s

running (06m53.0s), 78/80 VUs, 19576 complete and 0 interrupted iterations
gradual_ramp   [  57% ] 78/80 VUs  06m53.0s/12m00.0s

running (06m54.0s), 78/80 VUs, 19682 complete and 0 interrupted iterations
gradual_ramp   [  57% ] 78/80 VUs  06m54.0s/12m00.0s

running (06m55.0s), 78/80 VUs, 19798 complete and 0 interrupted iterations
gradual_ramp   [  58% ] 78/80 VUs  06m55.0s/12m00.0s

running (06m56.0s), 79/80 VUs, 19903 complete and 0 interrupted iterations
gradual_ramp   [  58% ] 79/80 VUs  06m56.0s/12m00.0s

running (06m57.0s), 79/80 VUs, 20007 complete and 0 interrupted iterations
gradual_ramp   [  58% ] 79/80 VUs  06m57.0s/12m00.0s

running (06m58.0s), 79/80 VUs, 20123 complete and 0 interrupted iterations
gradual_ramp   [  58% ] 79/80 VUs  06m58.0s/12m00.0s

running (06m59.0s), 79/80 VUs, 20237 complete and 0 interrupted iterations
gradual_ramp   [  58% ] 79/80 VUs  06m59.0s/12m00.0s

running (07m00.0s), 79/80 VUs, 20344 complete and 0 interrupted iterations
gradual_ramp   [  58% ] 79/80 VUs  07m00.0s/12m00.0s

running (07m01.0s), 80/80 VUs, 20455 complete and 0 interrupted iterations
gradual_ramp   [  58% ] 80/80 VUs  07m01.0s/12m00.0s

running (07m02.0s), 80/80 VUs, 20565 complete and 0 interrupted iterations
gradual_ramp   [  59% ] 80/80 VUs  07m02.0s/12m00.0s

running (07m03.0s), 80/80 VUs, 20674 complete and 0 interrupted iterations
gradual_ramp   [  59% ] 80/80 VUs  07m03.0s/12m00.0s

running (07m04.0s), 80/80 VUs, 20787 complete and 0 interrupted iterations
gradual_ramp   [  59% ] 80/80 VUs  07m04.0s/12m00.0s

running (07m05.0s), 80/80 VUs, 20909 complete and 0 interrupted iterations
gradual_ramp   [  59% ] 80/80 VUs  07m05.0s/12m00.0s

running (07m06.0s), 80/80 VUs, 21016 complete and 0 interrupted iterations
gradual_ramp   [  59% ] 80/80 VUs  07m06.0s/12m00.0s

running (07m07.0s), 80/80 VUs, 21126 complete and 0 interrupted iterations
gradual_ramp   [  59% ] 80/80 VUs  07m07.0s/12m00.0s

running (07m08.0s), 80/80 VUs, 21238 complete and 0 interrupted iterations
gradual_ramp   [  59% ] 80/80 VUs  07m08.0s/12m00.0s

running (07m09.0s), 80/80 VUs, 21352 complete and 0 interrupted iterations
gradual_ramp   [  60% ] 80/80 VUs  07m09.0s/12m00.0s

running (07m10.0s), 80/80 VUs, 21467 complete and 0 interrupted iterations
gradual_ramp   [  60% ] 80/80 VUs  07m10.0s/12m00.0s

running (07m11.0s), 80/80 VUs, 21579 complete and 0 interrupted iterations
gradual_ramp   [  60% ] 80/80 VUs  07m11.0s/12m00.0s

running (07m12.0s), 80/80 VUs, 21690 complete and 0 interrupted iterations
gradual_ramp   [  60% ] 80/80 VUs  07m12.0s/12m00.0s

running (07m13.0s), 80/80 VUs, 21813 complete and 0 interrupted iterations
gradual_ramp   [  60% ] 80/80 VUs  07m13.0s/12m00.0s

running (07m14.0s), 80/80 VUs, 21926 complete and 0 interrupted iterations
gradual_ramp   [  60% ] 80/80 VUs  07m14.0s/12m00.0s

running (07m15.0s), 80/80 VUs, 22036 complete and 0 interrupted iterations
gradual_ramp   [  60% ] 80/80 VUs  07m15.0s/12m00.0s

running (07m16.0s), 80/80 VUs, 22148 complete and 0 interrupted iterations
gradual_ramp   [  61% ] 80/80 VUs  07m16.0s/12m00.0s

running (07m17.0s), 80/80 VUs, 22265 complete and 0 interrupted iterations
gradual_ramp   [  61% ] 80/80 VUs  07m17.0s/12m00.0s

running (07m18.0s), 80/80 VUs, 22377 complete and 0 interrupted iterations
gradual_ramp   [  61% ] 80/80 VUs  07m18.0s/12m00.0s

running (07m19.0s), 80/80 VUs, 22485 complete and 0 interrupted iterations
gradual_ramp   [  61% ] 80/80 VUs  07m19.0s/12m00.0s

running (07m20.0s), 80/80 VUs, 22598 complete and 0 interrupted iterations
gradual_ramp   [  61% ] 80/80 VUs  07m20.0s/12m00.0s

running (07m21.0s), 80/80 VUs, 22710 complete and 0 interrupted iterations
gradual_ramp   [  61% ] 80/80 VUs  07m21.0s/12m00.0s

running (07m22.0s), 80/80 VUs, 22825 complete and 0 interrupted iterations
gradual_ramp   [  61% ] 80/80 VUs  07m22.0s/12m00.0s

running (07m23.0s), 80/80 VUs, 22938 complete and 0 interrupted iterations
gradual_ramp   [  62% ] 80/80 VUs  07m23.0s/12m00.0s

running (07m24.0s), 80/80 VUs, 23047 complete and 0 interrupted iterations
gradual_ramp   [  62% ] 80/80 VUs  07m24.0s/12m00.0s

running (07m25.0s), 80/80 VUs, 23161 complete and 0 interrupted iterations
gradual_ramp   [  62% ] 80/80 VUs  07m25.0s/12m00.0s

running (07m26.0s), 80/80 VUs, 23275 complete and 0 interrupted iterations
gradual_ramp   [  62% ] 80/80 VUs  07m26.0s/12m00.0s

running (07m27.0s), 80/80 VUs, 23389 complete and 0 interrupted iterations
gradual_ramp   [  62% ] 80/80 VUs  07m27.0s/12m00.0s

running (07m28.0s), 80/80 VUs, 23505 complete and 0 interrupted iterations
gradual_ramp   [  62% ] 80/80 VUs  07m28.0s/12m00.0s

running (07m29.0s), 80/80 VUs, 23624 complete and 0 interrupted iterations
gradual_ramp   [  62% ] 80/80 VUs  07m29.0s/12m00.0s

running (07m30.0s), 80/80 VUs, 23737 complete and 0 interrupted iterations
gradual_ramp   [  62% ] 80/80 VUs  07m30.0s/12m00.0s

running (07m31.0s), 80/80 VUs, 23839 complete and 0 interrupted iterations
gradual_ramp   [  63% ] 80/80 VUs  07m31.0s/12m00.0s

running (07m32.0s), 80/80 VUs, 23956 complete and 0 interrupted iterations
gradual_ramp   [  63% ] 80/80 VUs  07m32.0s/12m00.0s

running (07m33.0s), 80/80 VUs, 24072 complete and 0 interrupted iterations
gradual_ramp   [  63% ] 80/80 VUs  07m33.0s/12m00.0s

running (07m34.0s), 80/80 VUs, 24185 complete and 0 interrupted iterations
gradual_ramp   [  63% ] 80/80 VUs  07m34.0s/12m00.0s

running (07m35.0s), 80/80 VUs, 24300 complete and 0 interrupted iterations
gradual_ramp   [  63% ] 80/80 VUs  07m35.0s/12m00.0s

running (07m36.0s), 80/80 VUs, 24415 complete and 0 interrupted iterations
gradual_ramp   [  63% ] 80/80 VUs  07m36.0s/12m00.0s

running (07m37.0s), 80/80 VUs, 24520 complete and 0 interrupted iterations
gradual_ramp   [  63% ] 80/80 VUs  07m37.0s/12m00.0s

running (07m38.0s), 80/80 VUs, 24639 complete and 0 interrupted iterations
gradual_ramp   [  64% ] 80/80 VUs  07m38.0s/12m00.0s

running (07m39.0s), 80/80 VUs, 24749 complete and 0 interrupted iterations
gradual_ramp   [  64% ] 80/80 VUs  07m39.0s/12m00.0s

running (07m40.0s), 80/80 VUs, 24864 complete and 0 interrupted iterations
gradual_ramp   [  64% ] 80/80 VUs  07m40.0s/12m00.0s

running (07m41.0s), 80/80 VUs, 24974 complete and 0 interrupted iterations
gradual_ramp   [  64% ] 80/80 VUs  07m41.0s/12m00.0s

running (07m42.0s), 80/80 VUs, 25085 complete and 0 interrupted iterations
gradual_ramp   [  64% ] 80/80 VUs  07m42.0s/12m00.0s

running (07m43.0s), 80/80 VUs, 25188 complete and 0 interrupted iterations
gradual_ramp   [  64% ] 80/80 VUs  07m43.0s/12m00.0s

running (07m44.0s), 80/80 VUs, 25308 complete and 0 interrupted iterations
gradual_ramp   [  64% ] 80/80 VUs  07m44.0s/12m00.0s

running (07m45.0s), 80/80 VUs, 25419 complete and 0 interrupted iterations
gradual_ramp   [  65% ] 80/80 VUs  07m45.0s/12m00.0s

running (07m46.0s), 80/80 VUs, 25523 complete and 0 interrupted iterations
gradual_ramp   [  65% ] 80/80 VUs  07m46.0s/12m00.0s

running (07m47.0s), 80/80 VUs, 25639 complete and 0 interrupted iterations
gradual_ramp   [  65% ] 80/80 VUs  07m47.0s/12m00.0s

running (07m48.0s), 80/80 VUs, 25756 complete and 0 interrupted iterations
gradual_ramp   [  65% ] 80/80 VUs  07m48.0s/12m00.0s

running (07m49.0s), 80/80 VUs, 25871 complete and 0 interrupted iterations
gradual_ramp   [  65% ] 80/80 VUs  07m49.0s/12m00.0s

running (07m50.0s), 80/80 VUs, 25980 complete and 0 interrupted iterations
gradual_ramp   [  65% ] 80/80 VUs  07m50.0s/12m00.0s

running (07m51.0s), 80/80 VUs, 26092 complete and 0 interrupted iterations
gradual_ramp   [  65% ] 80/80 VUs  07m51.0s/12m00.0s

running (07m52.0s), 80/80 VUs, 26206 complete and 0 interrupted iterations
gradual_ramp   [  66% ] 80/80 VUs  07m52.0s/12m00.0s

running (07m53.0s), 80/80 VUs, 26315 complete and 0 interrupted iterations
gradual_ramp   [  66% ] 80/80 VUs  07m53.0s/12m00.0s

running (07m54.0s), 80/80 VUs, 26435 complete and 0 interrupted iterations
gradual_ramp   [  66% ] 80/80 VUs  07m54.0s/12m00.0s

running (07m55.0s), 80/80 VUs, 26541 complete and 0 interrupted iterations
gradual_ramp   [  66% ] 80/80 VUs  07m55.0s/12m00.0s

running (07m56.0s), 80/80 VUs, 26652 complete and 0 interrupted iterations
gradual_ramp   [  66% ] 80/80 VUs  07m56.0s/12m00.0s

running (07m57.0s), 80/80 VUs, 26764 complete and 0 interrupted iterations
gradual_ramp   [  66% ] 80/80 VUs  07m57.0s/12m00.0s

running (07m58.0s), 80/80 VUs, 26876 complete and 0 interrupted iterations
gradual_ramp   [  66% ] 80/80 VUs  07m58.0s/12m00.0s

running (07m59.0s), 80/80 VUs, 26990 complete and 0 interrupted iterations
gradual_ramp   [  67% ] 80/80 VUs  07m59.0s/12m00.0s

running (08m00.0s), 80/80 VUs, 27095 complete and 0 interrupted iterations
gradual_ramp   [  67% ] 80/80 VUs  08m00.0s/12m00.0s

running (08m01.0s), 80/80 VUs, 27204 complete and 0 interrupted iterations
gradual_ramp   [  67% ] 80/80 VUs  08m01.0s/12m00.0s

running (08m02.0s), 80/80 VUs, 27318 complete and 0 interrupted iterations
gradual_ramp   [  67% ] 80/80 VUs  08m02.0s/12m00.0s

running (08m03.0s), 80/80 VUs, 27436 complete and 0 interrupted iterations
gradual_ramp   [  67% ] 80/80 VUs  08m03.0s/12m00.0s

running (08m04.0s), 80/80 VUs, 27543 complete and 0 interrupted iterations
gradual_ramp   [  67% ] 80/80 VUs  08m04.0s/12m00.0s

running (08m05.0s), 80/80 VUs, 27660 complete and 0 interrupted iterations
gradual_ramp   [  67% ] 80/80 VUs  08m05.0s/12m00.0s

running (08m06.0s), 80/80 VUs, 27769 complete and 0 interrupted iterations
gradual_ramp   [  67% ] 80/80 VUs  08m06.0s/12m00.0s

running (08m07.0s), 80/80 VUs, 27883 complete and 0 interrupted iterations
gradual_ramp   [  68% ] 80/80 VUs  08m07.0s/12m00.0s

running (08m08.0s), 80/80 VUs, 27996 complete and 0 interrupted iterations
gradual_ramp   [  68% ] 80/80 VUs  08m08.0s/12m00.0s

running (08m09.0s), 80/80 VUs, 28109 complete and 0 interrupted iterations
gradual_ramp   [  68% ] 80/80 VUs  08m09.0s/12m00.0s

running (08m10.0s), 80/80 VUs, 28219 complete and 0 interrupted iterations
gradual_ramp   [  68% ] 80/80 VUs  08m10.0s/12m00.0s

running (08m11.0s), 80/80 VUs, 28334 complete and 0 interrupted iterations
gradual_ramp   [  68% ] 80/80 VUs  08m11.0s/12m00.0s

running (08m12.0s), 80/80 VUs, 28443 complete and 0 interrupted iterations
gradual_ramp   [  68% ] 80/80 VUs  08m12.0s/12m00.0s

running (08m13.0s), 80/80 VUs, 28553 complete and 0 interrupted iterations
gradual_ramp   [  68% ] 80/80 VUs  08m13.0s/12m00.0s

running (08m14.0s), 80/80 VUs, 28665 complete and 0 interrupted iterations
gradual_ramp   [  69% ] 80/80 VUs  08m14.0s/12m00.0s

running (08m15.0s), 80/80 VUs, 28781 complete and 0 interrupted iterations
gradual_ramp   [  69% ] 80/80 VUs  08m15.0s/12m00.0s

running (08m16.0s), 80/80 VUs, 28902 complete and 0 interrupted iterations
gradual_ramp   [  69% ] 80/80 VUs  08m16.0s/12m00.0s

running (08m17.0s), 80/80 VUs, 29011 complete and 0 interrupted iterations
gradual_ramp   [  69% ] 80/80 VUs  08m17.0s/12m00.0s

running (08m18.0s), 80/80 VUs, 29124 complete and 0 interrupted iterations
gradual_ramp   [  69% ] 80/80 VUs  08m18.0s/12m00.0s

running (08m19.0s), 80/80 VUs, 29237 complete and 0 interrupted iterations
gradual_ramp   [  69% ] 80/80 VUs  08m19.0s/12m00.0s

running (08m20.0s), 80/80 VUs, 29350 complete and 0 interrupted iterations
gradual_ramp   [  69% ] 80/80 VUs  08m20.0s/12m00.0s

running (08m21.0s), 80/80 VUs, 29461 complete and 0 interrupted iterations
gradual_ramp   [  70% ] 80/80 VUs  08m21.0s/12m00.0s

running (08m22.0s), 80/80 VUs, 29579 complete and 0 interrupted iterations
gradual_ramp   [  70% ] 80/80 VUs  08m22.0s/12m00.0s

running (08m23.0s), 80/80 VUs, 29687 complete and 0 interrupted iterations
gradual_ramp   [  70% ] 80/80 VUs  08m23.0s/12m00.0s

running (08m24.0s), 80/80 VUs, 29806 complete and 0 interrupted iterations
gradual_ramp   [  70% ] 80/80 VUs  08m24.0s/12m00.0s

running (08m25.0s), 80/80 VUs, 29917 complete and 0 interrupted iterations
gradual_ramp   [  70% ] 80/80 VUs  08m25.0s/12m00.0s

running (08m26.0s), 80/80 VUs, 30024 complete and 0 interrupted iterations
gradual_ramp   [  70% ] 80/80 VUs  08m26.0s/12m00.0s

running (08m27.0s), 80/80 VUs, 30144 complete and 0 interrupted iterations
gradual_ramp   [  70% ] 80/80 VUs  08m27.0s/12m00.0s

running (08m28.0s), 80/80 VUs, 30248 complete and 0 interrupted iterations
gradual_ramp   [  71% ] 80/80 VUs  08m28.0s/12m00.0s

running (08m29.0s), 80/80 VUs, 30362 complete and 0 interrupted iterations
gradual_ramp   [  71% ] 80/80 VUs  08m29.0s/12m00.0s

running (08m30.0s), 80/80 VUs, 30477 complete and 0 interrupted iterations
gradual_ramp   [  71% ] 80/80 VUs  08m30.0s/12m00.0s

running (08m31.0s), 80/80 VUs, 30595 complete and 0 interrupted iterations
gradual_ramp   [  71% ] 80/80 VUs  08m31.0s/12m00.0s

running (08m32.0s), 80/80 VUs, 30699 complete and 0 interrupted iterations
gradual_ramp   [  71% ] 80/80 VUs  08m32.0s/12m00.0s

running (08m33.0s), 80/80 VUs, 30820 complete and 0 interrupted iterations
gradual_ramp   [  71% ] 80/80 VUs  08m33.0s/12m00.0s

running (08m34.0s), 80/80 VUs, 30927 complete and 0 interrupted iterations
gradual_ramp   [  71% ] 80/80 VUs  08m34.0s/12m00.0s

running (08m35.0s), 80/80 VUs, 31045 complete and 0 interrupted iterations
gradual_ramp   [  72% ] 80/80 VUs  08m35.0s/12m00.0s

running (08m36.0s), 80/80 VUs, 31158 complete and 0 interrupted iterations
gradual_ramp   [  72% ] 80/80 VUs  08m36.0s/12m00.0s

running (08m37.0s), 80/80 VUs, 31273 complete and 0 interrupted iterations
gradual_ramp   [  72% ] 80/80 VUs  08m37.0s/12m00.0s

running (08m38.0s), 80/80 VUs, 31379 complete and 0 interrupted iterations
gradual_ramp   [  72% ] 80/80 VUs  08m38.0s/12m00.0s

running (08m39.0s), 80/80 VUs, 31493 complete and 0 interrupted iterations
gradual_ramp   [  72% ] 80/80 VUs  08m39.0s/12m00.0s

running (08m40.0s), 80/80 VUs, 31607 complete and 0 interrupted iterations
gradual_ramp   [  72% ] 80/80 VUs  08m40.0s/12m00.0s

running (08m41.0s), 80/80 VUs, 31723 complete and 0 interrupted iterations
gradual_ramp   [  72% ] 80/80 VUs  08m41.0s/12m00.0s

running (08m42.0s), 80/80 VUs, 31833 complete and 0 interrupted iterations
gradual_ramp   [  72% ] 80/80 VUs  08m42.0s/12m00.0s

running (08m43.0s), 80/80 VUs, 31946 complete and 0 interrupted iterations
gradual_ramp   [  73% ] 80/80 VUs  08m43.0s/12m00.0s

running (08m44.0s), 80/80 VUs, 32058 complete and 0 interrupted iterations
gradual_ramp   [  73% ] 80/80 VUs  08m44.0s/12m00.0s

running (08m45.0s), 80/80 VUs, 32168 complete and 0 interrupted iterations
gradual_ramp   [  73% ] 80/80 VUs  08m45.0s/12m00.0s

running (08m46.0s), 80/80 VUs, 32278 complete and 0 interrupted iterations
gradual_ramp   [  73% ] 80/80 VUs  08m46.0s/12m00.0s

running (08m47.0s), 80/80 VUs, 32388 complete and 0 interrupted iterations
gradual_ramp   [  73% ] 80/80 VUs  08m47.0s/12m00.0s

running (08m48.0s), 80/80 VUs, 32498 complete and 0 interrupted iterations
gradual_ramp   [  73% ] 80/80 VUs  08m48.0s/12m00.0s

running (08m49.0s), 80/80 VUs, 32611 complete and 0 interrupted iterations
gradual_ramp   [  73% ] 80/80 VUs  08m49.0s/12m00.0s

running (08m50.0s), 80/80 VUs, 32728 complete and 0 interrupted iterations
gradual_ramp   [  74% ] 80/80 VUs  08m50.0s/12m00.0s

running (08m51.0s), 80/80 VUs, 32836 complete and 0 interrupted iterations
gradual_ramp   [  74% ] 80/80 VUs  08m51.0s/12m00.0s

running (08m52.0s), 80/80 VUs, 32950 complete and 0 interrupted iterations
gradual_ramp   [  74% ] 80/80 VUs  08m52.0s/12m00.0s

running (08m53.0s), 80/80 VUs, 33055 complete and 0 interrupted iterations
gradual_ramp   [  74% ] 80/80 VUs  08m53.0s/12m00.0s

running (08m54.0s), 80/80 VUs, 33168 complete and 0 interrupted iterations
gradual_ramp   [  74% ] 80/80 VUs  08m54.0s/12m00.0s

running (08m55.0s), 80/80 VUs, 33282 complete and 0 interrupted iterations
gradual_ramp   [  74% ] 80/80 VUs  08m55.0s/12m00.0s

running (08m56.0s), 80/80 VUs, 33392 complete and 0 interrupted iterations
gradual_ramp   [  74% ] 80/80 VUs  08m56.0s/12m00.0s

running (08m57.0s), 80/80 VUs, 33501 complete and 0 interrupted iterations
gradual_ramp   [  75% ] 80/80 VUs  08m57.0s/12m00.0s

running (08m58.0s), 80/80 VUs, 33622 complete and 0 interrupted iterations
gradual_ramp   [  75% ] 80/80 VUs  08m58.0s/12m00.0s

running (08m59.0s), 80/80 VUs, 33732 complete and 0 interrupted iterations
gradual_ramp   [  75% ] 80/80 VUs  08m59.0s/12m00.0s

running (09m00.0s), 80/80 VUs, 33845 complete and 0 interrupted iterations
gradual_ramp   [  75% ] 80/80 VUs  09m00.0s/12m00.0s

running (09m01.0s), 80/80 VUs, 33958 complete and 0 interrupted iterations
gradual_ramp   [  75% ] 80/80 VUs  09m01.0s/12m00.0s

running (09m02.0s), 80/80 VUs, 34073 complete and 0 interrupted iterations
gradual_ramp   [  75% ] 80/80 VUs  09m02.0s/12m00.0s

running (09m03.0s), 79/80 VUs, 34186 complete and 0 interrupted iterations
gradual_ramp   [  75% ] 79/80 VUs  09m03.0s/12m00.0s

running (09m04.0s), 79/80 VUs, 34300 complete and 0 interrupted iterations
gradual_ramp   [  76% ] 79/80 VUs  09m04.0s/12m00.0s

running (09m05.0s), 78/80 VUs, 34415 complete and 0 interrupted iterations
gradual_ramp   [  76% ] 78/80 VUs  09m05.0s/12m00.0s

running (09m06.0s), 78/80 VUs, 34521 complete and 0 interrupted iterations
gradual_ramp   [  76% ] 78/80 VUs  09m06.0s/12m00.0s

running (09m07.0s), 78/80 VUs, 34631 complete and 0 interrupted iterations
gradual_ramp   [  76% ] 78/80 VUs  09m07.0s/12m00.0s

running (09m08.0s), 77/80 VUs, 34741 complete and 0 interrupted iterations
gradual_ramp   [  76% ] 77/80 VUs  09m08.0s/12m00.0s

running (09m09.0s), 77/80 VUs, 34853 complete and 0 interrupted iterations
gradual_ramp   [  76% ] 77/80 VUs  09m09.0s/12m00.0s

running (09m10.0s), 76/80 VUs, 34963 complete and 0 interrupted iterations
gradual_ramp   [  76% ] 76/80 VUs  09m10.0s/12m00.0s

running (09m11.0s), 76/80 VUs, 35064 complete and 0 interrupted iterations
gradual_ramp   [  77% ] 76/80 VUs  09m11.0s/12m00.0s

running (09m12.0s), 75/80 VUs, 35184 complete and 0 interrupted iterations
gradual_ramp   [  77% ] 75/80 VUs  09m12.0s/12m00.0s

running (09m13.0s), 75/80 VUs, 35283 complete and 0 interrupted iterations
gradual_ramp   [  77% ] 75/80 VUs  09m13.0s/12m00.0s

running (09m14.0s), 74/80 VUs, 35389 complete and 0 interrupted iterations
gradual_ramp   [  77% ] 74/80 VUs  09m14.0s/12m00.0s

running (09m15.0s), 74/80 VUs, 35492 complete and 0 interrupted iterations
gradual_ramp   [  77% ] 74/80 VUs  09m15.0s/12m00.0s

running (09m16.0s), 74/80 VUs, 35592 complete and 0 interrupted iterations
gradual_ramp   [  77% ] 74/80 VUs  09m16.0s/12m00.0s

running (09m17.0s), 73/80 VUs, 35702 complete and 0 interrupted iterations
gradual_ramp   [  77% ] 73/80 VUs  09m17.0s/12m00.0s

running (09m18.0s), 73/80 VUs, 35793 complete and 0 interrupted iterations
gradual_ramp   [  77% ] 73/80 VUs  09m18.0s/12m00.0s

running (09m19.0s), 72/80 VUs, 35903 complete and 0 interrupted iterations
gradual_ramp   [  78% ] 72/80 VUs  09m19.0s/12m00.0s

running (09m20.0s), 72/80 VUs, 36001 complete and 0 interrupted iterations
gradual_ramp   [  78% ] 72/80 VUs  09m20.0s/12m00.0s

running (09m21.0s), 71/80 VUs, 36102 complete and 0 interrupted iterations
gradual_ramp   [  78% ] 71/80 VUs  09m21.0s/12m00.0s

running (09m22.0s), 71/80 VUs, 36209 complete and 0 interrupted iterations
gradual_ramp   [  78% ] 71/80 VUs  09m22.0s/12m00.0s

running (09m23.0s), 70/80 VUs, 36308 complete and 0 interrupted iterations
gradual_ramp   [  78% ] 70/80 VUs  09m23.0s/12m00.0s

running (09m24.0s), 70/80 VUs, 36405 complete and 0 interrupted iterations
gradual_ramp   [  78% ] 70/80 VUs  09m24.0s/12m00.0s

running (09m25.0s), 69/80 VUs, 36508 complete and 0 interrupted iterations
gradual_ramp   [  78% ] 69/80 VUs  09m25.0s/12m00.0s

running (09m26.0s), 69/80 VUs, 36606 complete and 0 interrupted iterations
gradual_ramp   [  79% ] 69/80 VUs  09m26.0s/12m00.0s

running (09m27.0s), 69/80 VUs, 36703 complete and 0 interrupted iterations
gradual_ramp   [  79% ] 69/80 VUs  09m27.0s/12m00.0s

running (09m28.0s), 68/80 VUs, 36799 complete and 0 interrupted iterations
gradual_ramp   [  79% ] 68/80 VUs  09m28.0s/12m00.0s

running (09m29.0s), 68/80 VUs, 36893 complete and 0 interrupted iterations
gradual_ramp   [  79% ] 68/80 VUs  09m29.0s/12m00.0s

running (09m30.0s), 68/80 VUs, 36988 complete and 0 interrupted iterations
gradual_ramp   [  79% ] 68/80 VUs  09m30.0s/12m00.0s

running (09m31.0s), 67/80 VUs, 37082 complete and 0 interrupted iterations
gradual_ramp   [  79% ] 67/80 VUs  09m31.0s/12m00.0s

running (09m32.0s), 66/80 VUs, 37179 complete and 0 interrupted iterations
gradual_ramp   [  79% ] 66/80 VUs  09m32.0s/12m00.0s

running (09m33.0s), 66/80 VUs, 37266 complete and 0 interrupted iterations
gradual_ramp   [  80% ] 66/80 VUs  09m33.0s/12m00.0s

running (09m34.0s), 65/80 VUs, 37360 complete and 0 interrupted iterations
gradual_ramp   [  80% ] 65/80 VUs  09m34.0s/12m00.0s

running (09m35.0s), 65/80 VUs, 37454 complete and 0 interrupted iterations
gradual_ramp   [  80% ] 65/80 VUs  09m35.0s/12m00.0s

running (09m36.0s), 65/80 VUs, 37544 complete and 0 interrupted iterations
gradual_ramp   [  80% ] 65/80 VUs  09m36.0s/12m00.0s

running (09m37.0s), 64/80 VUs, 37630 complete and 0 interrupted iterations
gradual_ramp   [  80% ] 64/80 VUs  09m37.0s/12m00.0s

running (09m38.0s), 64/80 VUs, 37723 complete and 0 interrupted iterations
gradual_ramp   [  80% ] 64/80 VUs  09m38.0s/12m00.0s

running (09m39.0s), 63/80 VUs, 37813 complete and 0 interrupted iterations
gradual_ramp   [  80% ] 63/80 VUs  09m39.0s/12m00.0s

running (09m40.0s), 63/80 VUs, 37904 complete and 0 interrupted iterations
gradual_ramp   [  81% ] 63/80 VUs  09m40.0s/12m00.0s

running (09m41.0s), 62/80 VUs, 37988 complete and 0 interrupted iterations
gradual_ramp   [  81% ] 62/80 VUs  09m41.0s/12m00.0s

running (09m42.0s), 62/80 VUs, 38075 complete and 0 interrupted iterations
gradual_ramp   [  81% ] 62/80 VUs  09m42.0s/12m00.0s

running (09m43.0s), 62/80 VUs, 38167 complete and 0 interrupted iterations
gradual_ramp   [  81% ] 62/80 VUs  09m43.0s/12m00.0s

running (09m44.0s), 61/80 VUs, 38253 complete and 0 interrupted iterations
gradual_ramp   [  81% ] 61/80 VUs  09m44.0s/12m00.0s

running (09m45.0s), 61/80 VUs, 38339 complete and 0 interrupted iterations
gradual_ramp   [  81% ] 61/80 VUs  09m45.0s/12m00.0s

running (09m46.0s), 60/80 VUs, 38424 complete and 0 interrupted iterations
gradual_ramp   [  81% ] 60/80 VUs  09m46.0s/12m00.0s

running (09m47.0s), 60/80 VUs, 38505 complete and 0 interrupted iterations
gradual_ramp   [  82% ] 60/80 VUs  09m47.0s/12m00.0s

running (09m48.0s), 59/80 VUs, 38593 complete and 0 interrupted iterations
gradual_ramp   [  82% ] 59/80 VUs  09m48.0s/12m00.0s

running (09m49.0s), 59/80 VUs, 38674 complete and 0 interrupted iterations
gradual_ramp   [  82% ] 59/80 VUs  09m49.0s/12m00.0s

running (09m50.0s), 58/80 VUs, 38760 complete and 0 interrupted iterations
gradual_ramp   [  82% ] 58/80 VUs  09m50.0s/12m00.0s

running (09m51.0s), 58/80 VUs, 38834 complete and 0 interrupted iterations
gradual_ramp   [  82% ] 58/80 VUs  09m51.0s/12m00.0s

running (09m52.0s), 58/80 VUs, 38919 complete and 0 interrupted iterations
gradual_ramp   [  82% ] 58/80 VUs  09m52.0s/12m00.0s

running (09m53.0s), 57/80 VUs, 38997 complete and 0 interrupted iterations
gradual_ramp   [  82% ] 57/80 VUs  09m53.0s/12m00.0s

running (09m54.0s), 57/80 VUs, 39076 complete and 0 interrupted iterations
gradual_ramp   [  82% ] 57/80 VUs  09m54.0s/12m00.0s

running (09m55.0s), 56/80 VUs, 39165 complete and 0 interrupted iterations
gradual_ramp   [  83% ] 56/80 VUs  09m55.0s/12m00.0s

running (09m56.0s), 56/80 VUs, 39241 complete and 0 interrupted iterations
gradual_ramp   [  83% ] 56/80 VUs  09m56.0s/12m00.0s

running (09m57.0s), 56/80 VUs, 39318 complete and 0 interrupted iterations
gradual_ramp   [  83% ] 56/80 VUs  09m57.0s/12m00.0s

running (09m58.0s), 55/80 VUs, 39397 complete and 0 interrupted iterations
gradual_ramp   [  83% ] 55/80 VUs  09m58.0s/12m00.0s

running (09m59.0s), 54/80 VUs, 39475 complete and 0 interrupted iterations
gradual_ramp   [  83% ] 54/80 VUs  09m59.0s/12m00.0s

running (10m00.0s), 54/80 VUs, 39548 complete and 0 interrupted iterations
gradual_ramp   [  83% ] 54/80 VUs  10m00.0s/12m00.0s

running (10m01.0s), 54/80 VUs, 39620 complete and 0 interrupted iterations
gradual_ramp   [  83% ] 54/80 VUs  10m01.0s/12m00.0s

running (10m02.0s), 53/80 VUs, 39701 complete and 0 interrupted iterations
gradual_ramp   [  84% ] 53/80 VUs  10m02.0s/12m00.0s

running (10m03.0s), 53/80 VUs, 39772 complete and 0 interrupted iterations
gradual_ramp   [  84% ] 53/80 VUs  10m03.0s/12m00.0s

running (10m04.0s), 52/80 VUs, 39850 complete and 0 interrupted iterations
gradual_ramp   [  84% ] 52/80 VUs  10m04.0s/12m00.0s

running (10m05.0s), 52/80 VUs, 39923 complete and 0 interrupted iterations
gradual_ramp   [  84% ] 52/80 VUs  10m05.0s/12m00.0s

running (10m06.0s), 51/80 VUs, 39992 complete and 0 interrupted iterations
gradual_ramp   [  84% ] 51/80 VUs  10m06.0s/12m00.0s

running (10m07.0s), 51/80 VUs, 40064 complete and 0 interrupted iterations
gradual_ramp   [  84% ] 51/80 VUs  10m07.0s/12m00.0s

running (10m08.0s), 50/80 VUs, 40140 complete and 0 interrupted iterations
gradual_ramp   [  84% ] 50/80 VUs  10m08.0s/12m00.0s

running (10m09.0s), 50/80 VUs, 40211 complete and 0 interrupted iterations
gradual_ramp   [  85% ] 50/80 VUs  10m09.0s/12m00.0s

running (10m10.0s), 50/80 VUs, 40283 complete and 0 interrupted iterations
gradual_ramp   [  85% ] 50/80 VUs  10m10.0s/12m00.0s

running (10m11.0s), 49/80 VUs, 40352 complete and 0 interrupted iterations
gradual_ramp   [  85% ] 49/80 VUs  10m11.0s/12m00.0s

running (10m12.0s), 49/80 VUs, 40422 complete and 0 interrupted iterations
gradual_ramp   [  85% ] 49/80 VUs  10m12.0s/12m00.0s

running (10m13.0s), 48/80 VUs, 40493 complete and 0 interrupted iterations
gradual_ramp   [  85% ] 48/80 VUs  10m13.0s/12m00.0s

running (10m14.0s), 48/80 VUs, 40560 complete and 0 interrupted iterations
gradual_ramp   [  85% ] 48/80 VUs  10m14.0s/12m00.0s

running (10m15.0s), 47/80 VUs, 40627 complete and 0 interrupted iterations
gradual_ramp   [  85% ] 47/80 VUs  10m15.0s/12m00.0s

running (10m16.0s), 47/80 VUs, 40695 complete and 0 interrupted iterations
gradual_ramp   [  86% ] 47/80 VUs  10m16.0s/12m00.0s

running (10m17.0s), 46/80 VUs, 40762 complete and 0 interrupted iterations
gradual_ramp   [  86% ] 46/80 VUs  10m17.0s/12m00.0s

running (10m18.0s), 46/80 VUs, 40819 complete and 0 interrupted iterations
gradual_ramp   [  86% ] 46/80 VUs  10m18.0s/12m00.0s

running (10m19.0s), 45/80 VUs, 40887 complete and 0 interrupted iterations
gradual_ramp   [  86% ] 45/80 VUs  10m19.0s/12m00.0s

running (10m20.0s), 45/80 VUs, 40952 complete and 0 interrupted iterations
gradual_ramp   [  86% ] 45/80 VUs  10m20.0s/12m00.0s

running (10m21.0s), 45/80 VUs, 41015 complete and 0 interrupted iterations
gradual_ramp   [  86% ] 45/80 VUs  10m21.0s/12m00.0s

running (10m22.0s), 44/80 VUs, 41073 complete and 0 interrupted iterations
gradual_ramp   [  86% ] 44/80 VUs  10m22.0s/12m00.0s

running (10m23.0s), 44/80 VUs, 41136 complete and 0 interrupted iterations
gradual_ramp   [  87% ] 44/80 VUs  10m23.0s/12m00.0s

running (10m24.0s), 43/80 VUs, 41198 complete and 0 interrupted iterations
gradual_ramp   [  87% ] 43/80 VUs  10m24.0s/12m00.0s

running (10m25.0s), 43/80 VUs, 41262 complete and 0 interrupted iterations
gradual_ramp   [  87% ] 43/80 VUs  10m25.0s/12m00.0s

running (10m26.0s), 42/80 VUs, 41322 complete and 0 interrupted iterations
gradual_ramp   [  87% ] 42/80 VUs  10m26.0s/12m00.0s

running (10m27.0s), 42/80 VUs, 41387 complete and 0 interrupted iterations
gradual_ramp   [  87% ] 42/80 VUs  10m27.0s/12m00.0s

running (10m28.0s), 42/80 VUs, 41442 complete and 0 interrupted iterations
gradual_ramp   [  87% ] 42/80 VUs  10m28.0s/12m00.0s

running (10m29.0s), 41/80 VUs, 41501 complete and 0 interrupted iterations
gradual_ramp   [  87% ] 41/80 VUs  10m29.0s/12m00.0s

running (10m30.0s), 41/80 VUs, 41557 complete and 0 interrupted iterations
gradual_ramp   [  87% ] 41/80 VUs  10m30.0s/12m00.0s

running (10m31.0s), 40/80 VUs, 41613 complete and 0 interrupted iterations
gradual_ramp   [  88% ] 40/80 VUs  10m31.0s/12m00.0s

running (10m32.0s), 40/80 VUs, 41667 complete and 0 interrupted iterations
gradual_ramp   [  88% ] 40/80 VUs  10m32.0s/12m00.0s

running (10m33.0s), 39/80 VUs, 41722 complete and 0 interrupted iterations
gradual_ramp   [  88% ] 39/80 VUs  10m33.0s/12m00.0s

running (10m34.0s), 39/80 VUs, 41778 complete and 0 interrupted iterations
gradual_ramp   [  88% ] 39/80 VUs  10m34.0s/12m00.0s

running (10m35.0s), 38/80 VUs, 41830 complete and 0 interrupted iterations
gradual_ramp   [  88% ] 38/80 VUs  10m35.0s/12m00.0s

running (10m36.0s), 38/80 VUs, 41882 complete and 0 interrupted iterations
gradual_ramp   [  88% ] 38/80 VUs  10m36.0s/12m00.0s

running (10m37.0s), 38/80 VUs, 41934 complete and 0 interrupted iterations
gradual_ramp   [  88% ] 38/80 VUs  10m37.0s/12m00.0s

running (10m38.0s), 37/80 VUs, 41986 complete and 0 interrupted iterations
gradual_ramp   [  89% ] 37/80 VUs  10m38.0s/12m00.0s

running (10m39.0s), 37/80 VUs, 42038 complete and 0 interrupted iterations
gradual_ramp   [  89% ] 37/80 VUs  10m39.0s/12m00.0s

running (10m40.0s), 36/80 VUs, 42092 complete and 0 interrupted iterations
gradual_ramp   [  89% ] 36/80 VUs  10m40.0s/12m00.0s

running (10m41.0s), 36/80 VUs, 42142 complete and 0 interrupted iterations
gradual_ramp   [  89% ] 36/80 VUs  10m41.0s/12m00.0s

running (10m42.0s), 36/80 VUs, 42195 complete and 0 interrupted iterations
gradual_ramp   [  89% ] 36/80 VUs  10m42.0s/12m00.0s

running (10m43.0s), 35/80 VUs, 42245 complete and 0 interrupted iterations
gradual_ramp   [  89% ] 35/80 VUs  10m43.0s/12m00.0s

running (10m44.0s), 35/80 VUs, 42292 complete and 0 interrupted iterations
gradual_ramp   [  89% ] 35/80 VUs  10m44.0s/12m00.0s

running (10m45.0s), 34/80 VUs, 42343 complete and 0 interrupted iterations
gradual_ramp   [  90% ] 34/80 VUs  10m45.0s/12m00.0s

running (10m46.0s), 34/80 VUs, 42393 complete and 0 interrupted iterations
gradual_ramp   [  90% ] 34/80 VUs  10m46.0s/12m00.0s

running (10m47.0s), 33/80 VUs, 42442 complete and 0 interrupted iterations
gradual_ramp   [  90% ] 33/80 VUs  10m47.0s/12m00.0s

running (10m48.0s), 33/80 VUs, 42489 complete and 0 interrupted iterations
gradual_ramp   [  90% ] 33/80 VUs  10m48.0s/12m00.0s

running (10m49.0s), 32/80 VUs, 42532 complete and 0 interrupted iterations
gradual_ramp   [  90% ] 32/80 VUs  10m49.0s/12m00.0s

running (10m50.0s), 32/80 VUs, 42578 complete and 0 interrupted iterations
gradual_ramp   [  90% ] 32/80 VUs  10m50.0s/12m00.0s

running (10m51.0s), 31/80 VUs, 42622 complete and 0 interrupted iterations
gradual_ramp   [  90% ] 31/80 VUs  10m51.0s/12m00.0s

running (10m52.0s), 31/80 VUs, 42668 complete and 0 interrupted iterations
gradual_ramp   [  91% ] 31/80 VUs  10m52.0s/12m00.0s

running (10m53.0s), 31/80 VUs, 42711 complete and 0 interrupted iterations
gradual_ramp   [  91% ] 31/80 VUs  10m53.0s/12m00.0s

running (10m54.0s), 30/80 VUs, 42751 complete and 0 interrupted iterations
gradual_ramp   [  91% ] 30/80 VUs  10m54.0s/12m00.0s

running (10m55.0s), 29/80 VUs, 42798 complete and 0 interrupted iterations
gradual_ramp   [  91% ] 29/80 VUs  10m55.0s/12m00.0s

running (10m56.0s), 29/80 VUs, 42839 complete and 0 interrupted iterations
gradual_ramp   [  91% ] 29/80 VUs  10m56.0s/12m00.0s

running (10m57.0s), 29/80 VUs, 42881 complete and 0 interrupted iterations
gradual_ramp   [  91% ] 29/80 VUs  10m57.0s/12m00.0s

running (10m58.0s), 28/80 VUs, 42923 complete and 0 interrupted iterations
gradual_ramp   [  91% ] 28/80 VUs  10m58.0s/12m00.0s

running (10m59.0s), 28/80 VUs, 42965 complete and 0 interrupted iterations
gradual_ramp   [  92% ] 28/80 VUs  10m59.0s/12m00.0s

running (11m00.0s), 27/80 VUs, 43000 complete and 0 interrupted iterations
gradual_ramp   [  92% ] 27/80 VUs  11m00.0s/12m00.0s

running (11m01.0s), 27/80 VUs, 43042 complete and 0 interrupted iterations
gradual_ramp   [  92% ] 27/80 VUs  11m01.0s/12m00.0s

running (11m02.0s), 26/80 VUs, 43080 complete and 0 interrupted iterations
gradual_ramp   [  92% ] 26/80 VUs  11m02.0s/12m00.0s

running (11m03.0s), 26/80 VUs, 43123 complete and 0 interrupted iterations
gradual_ramp   [  92% ] 26/80 VUs  11m03.0s/12m00.0s

running (11m04.0s), 26/80 VUs, 43157 complete and 0 interrupted iterations
gradual_ramp   [  92% ] 26/80 VUs  11m04.0s/12m00.0s

running (11m05.0s), 25/80 VUs, 43194 complete and 0 interrupted iterations
gradual_ramp   [  92% ] 25/80 VUs  11m05.0s/12m00.0s

running (11m06.0s), 25/80 VUs, 43233 complete and 0 interrupted iterations
gradual_ramp   [  92% ] 25/80 VUs  11m06.0s/12m00.0s

running (11m07.0s), 24/80 VUs, 43266 complete and 0 interrupted iterations
gradual_ramp   [  93% ] 24/80 VUs  11m07.0s/12m00.0s

running (11m08.0s), 24/80 VUs, 43298 complete and 0 interrupted iterations
gradual_ramp   [  93% ] 24/80 VUs  11m08.0s/12m00.0s

running (11m09.0s), 23/80 VUs, 43338 complete and 0 interrupted iterations
gradual_ramp   [  93% ] 23/80 VUs  11m09.0s/12m00.0s

running (11m10.0s), 23/80 VUs, 43367 complete and 0 interrupted iterations
gradual_ramp   [  93% ] 23/80 VUs  11m10.0s/12m00.0s

running (11m11.0s), 23/80 VUs, 43401 complete and 0 interrupted iterations
gradual_ramp   [  93% ] 23/80 VUs  11m11.0s/12m00.0s

running (11m12.0s), 22/80 VUs, 43429 complete and 0 interrupted iterations
gradual_ramp   [  93% ] 22/80 VUs  11m12.0s/12m00.0s

running (11m13.0s), 22/80 VUs, 43462 complete and 0 interrupted iterations
gradual_ramp   [  93% ] 22/80 VUs  11m13.0s/12m00.0s

running (11m14.0s), 21/80 VUs, 43492 complete and 0 interrupted iterations
gradual_ramp   [  94% ] 21/80 VUs  11m14.0s/12m00.0s

running (11m15.0s), 21/80 VUs, 43521 complete and 0 interrupted iterations
gradual_ramp   [  94% ] 21/80 VUs  11m15.0s/12m00.0s

running (11m16.0s), 20/80 VUs, 43547 complete and 0 interrupted iterations
gradual_ramp   [  94% ] 20/80 VUs  11m16.0s/12m00.0s

running (11m17.0s), 20/80 VUs, 43577 complete and 0 interrupted iterations
gradual_ramp   [  94% ] 20/80 VUs  11m17.0s/12m00.0s

running (11m18.0s), 19/80 VUs, 43605 complete and 0 interrupted iterations
gradual_ramp   [  94% ] 19/80 VUs  11m18.0s/12m00.0s

running (11m19.0s), 19/80 VUs, 43635 complete and 0 interrupted iterations
gradual_ramp   [  94% ] 19/80 VUs  11m19.0s/12m00.0s

running (11m20.0s), 18/80 VUs, 43659 complete and 0 interrupted iterations
gradual_ramp   [  94% ] 18/80 VUs  11m20.0s/12m00.0s

running (11m21.0s), 18/80 VUs, 43683 complete and 0 interrupted iterations
gradual_ramp   [  95% ] 18/80 VUs  11m21.0s/12m00.0s

running (11m22.0s), 18/80 VUs, 43710 complete and 0 interrupted iterations
gradual_ramp   [  95% ] 18/80 VUs  11m22.0s/12m00.0s

running (11m23.0s), 17/80 VUs, 43731 complete and 0 interrupted iterations
gradual_ramp   [  95% ] 17/80 VUs  11m23.0s/12m00.0s

running (11m24.0s), 17/80 VUs, 43757 complete and 0 interrupted iterations
gradual_ramp   [  95% ] 17/80 VUs  11m24.0s/12m00.0s

running (11m25.0s), 16/80 VUs, 43782 complete and 0 interrupted iterations
gradual_ramp   [  95% ] 16/80 VUs  11m25.0s/12m00.0s

running (11m26.0s), 16/80 VUs, 43803 complete and 0 interrupted iterations
gradual_ramp   [  95% ] 16/80 VUs  11m26.0s/12m00.0s

running (11m27.0s), 15/80 VUs, 43826 complete and 0 interrupted iterations
gradual_ramp   [  95% ] 15/80 VUs  11m27.0s/12m00.0s

running (11m28.0s), 15/80 VUs, 43847 complete and 0 interrupted iterations
gradual_ramp   [  96% ] 15/80 VUs  11m28.0s/12m00.0s

running (11m29.0s), 14/80 VUs, 43871 complete and 0 interrupted iterations
gradual_ramp   [  96% ] 14/80 VUs  11m29.0s/12m00.0s

running (11m30.0s), 14/80 VUs, 43888 complete and 0 interrupted iterations
gradual_ramp   [  96% ] 14/80 VUs  11m30.0s/12m00.0s

running (11m31.0s), 13/80 VUs, 43910 complete and 0 interrupted iterations
gradual_ramp   [  96% ] 13/80 VUs  11m31.0s/12m00.0s

running (11m32.0s), 13/80 VUs, 43929 complete and 0 interrupted iterations
gradual_ramp   [  96% ] 13/80 VUs  11m32.0s/12m00.0s

running (11m33.0s), 13/80 VUs, 43945 complete and 0 interrupted iterations
gradual_ramp   [  96% ] 13/80 VUs  11m33.0s/12m00.0s

running (11m34.0s), 12/80 VUs, 43962 complete and 0 interrupted iterations
gradual_ramp   [  96% ] 12/80 VUs  11m34.0s/12m00.0s

running (11m35.0s), 12/80 VUs, 43979 complete and 0 interrupted iterations
gradual_ramp   [  97% ] 12/80 VUs  11m35.0s/12m00.0s

running (11m36.0s), 11/80 VUs, 43995 complete and 0 interrupted iterations
gradual_ramp   [  97% ] 11/80 VUs  11m36.0s/12m00.0s

running (11m37.0s), 11/80 VUs, 44012 complete and 0 interrupted iterations
gradual_ramp   [  97% ] 11/80 VUs  11m37.0s/12m00.0s

running (11m38.0s), 11/80 VUs, 44029 complete and 0 interrupted iterations
gradual_ramp   [  97% ] 11/80 VUs  11m38.0s/12m00.0s

running (11m39.0s), 10/80 VUs, 44044 complete and 0 interrupted iterations
gradual_ramp   [  97% ] 10/80 VUs  11m39.0s/12m00.0s

running (11m40.0s), 10/80 VUs, 44058 complete and 0 interrupted iterations
gradual_ramp   [  97% ] 10/80 VUs  11m40.0s/12m00.0s

running (11m41.0s), 09/80 VUs, 44071 complete and 0 interrupted iterations
gradual_ramp   [  97% ] 09/80 VUs  11m41.0s/12m00.0s

running (11m42.0s), 09/80 VUs, 44084 complete and 0 interrupted iterations
gradual_ramp   [  97% ] 09/80 VUs  11m42.0s/12m00.0s

running (11m43.0s), 08/80 VUs, 44098 complete and 0 interrupted iterations
gradual_ramp   [  98% ] 08/80 VUs  11m43.0s/12m00.0s

running (11m44.0s), 08/80 VUs, 44109 complete and 0 interrupted iterations
gradual_ramp   [  98% ] 08/80 VUs  11m44.0s/12m00.0s

running (11m45.0s), 07/80 VUs, 44121 complete and 0 interrupted iterations
gradual_ramp   [  98% ] 07/80 VUs  11m45.0s/12m00.0s

running (11m46.0s), 07/80 VUs, 44131 complete and 0 interrupted iterations
gradual_ramp   [  98% ] 07/80 VUs  11m46.0s/12m00.0s

running (11m47.0s), 06/80 VUs, 44141 complete and 0 interrupted iterations
gradual_ramp   [  98% ] 06/80 VUs  11m47.0s/12m00.0s

running (11m48.0s), 06/80 VUs, 44149 complete and 0 interrupted iterations
gradual_ramp   [  98% ] 06/80 VUs  11m48.0s/12m00.0s

running (11m49.0s), 06/80 VUs, 44158 complete and 0 interrupted iterations
gradual_ramp   [  98% ] 06/80 VUs  11m49.0s/12m00.0s

running (11m50.0s), 05/80 VUs, 44164 complete and 0 interrupted iterations
gradual_ramp   [  99% ] 05/80 VUs  11m50.0s/12m00.0s

running (11m51.0s), 05/80 VUs, 44173 complete and 0 interrupted iterations
gradual_ramp   [  99% ] 05/80 VUs  11m51.0s/12m00.0s

running (11m52.0s), 04/80 VUs, 44180 complete and 0 interrupted iterations
gradual_ramp   [  99% ] 04/80 VUs  11m52.0s/12m00.0s

running (11m53.0s), 04/80 VUs, 44184 complete and 0 interrupted iterations
gradual_ramp   [  99% ] 04/80 VUs  11m53.0s/12m00.0s

running (11m54.0s), 03/80 VUs, 44190 complete and 0 interrupted iterations
gradual_ramp   [  99% ] 03/80 VUs  11m54.0s/12m00.0s

running (11m55.0s), 03/80 VUs, 44194 complete and 0 interrupted iterations
gradual_ramp   [  99% ] 03/80 VUs  11m55.0s/12m00.0s

running (11m56.0s), 02/80 VUs, 44199 complete and 0 interrupted iterations
gradual_ramp   [  99% ] 02/80 VUs  11m56.0s/12m00.0s

running (11m57.0s), 02/80 VUs, 44202 complete and 0 interrupted iterations
gradual_ramp   [ 100% ] 02/80 VUs  11m57.0s/12m00.0s

running (11m58.0s), 01/80 VUs, 44205 complete and 0 interrupted iterations
gradual_ramp   [ 100% ] 01/80 VUs  11m58.0s/12m00.0s

running (11m59.0s), 01/80 VUs, 44206 complete and 0 interrupted iterations
gradual_ramp   [ 100% ] 01/80 VUs  11m59.0s/12m00.0s

running (12m00.0s), 01/80 VUs, 44207 complete and 0 interrupted iterations
gradual_ramp   [ 100% ] 01/80 VUs  12m00.0s/12m00.0s

     ✓ status is 200
     ✓ returns quotes
     ✓ response time <2000ms

     checks.........................: 100.00% ✓ 132627    ✗ 0    
     data_received..................: 33 MB   46 kB/s
     data_sent......................: 21 MB   28 kB/s
     http_req_blocked...............: avg=511.44µs min=101.01µs med=224.92µs max=25.57ms p(90)=822.86µs p(95)=1.01ms  
     http_req_connecting............: avg=470.25µs min=81.52µs  med=175.98µs max=25.52ms p(90)=780.58µs p(95)=964.78µs
   ✓ http_req_duration..............: avg=711.11ms min=468.25ms med=712.39ms max=1.03s   p(90)=897.15ms p(95)=917.88ms
       { expected_response:true }...: avg=711.11ms min=468.25ms med=712.39ms max=1.03s   p(90)=897.15ms p(95)=917.88ms
   ✓ http_req_failed................: 0.00%   ✓ 0         ✗ 44209
     http_req_receiving.............: avg=149.41µs min=31.22µs  med=127.74µs max=20.39ms p(90)=204.58µs p(95)=277.64µs
     http_req_sending...............: avg=33.93µs  min=12.6µs   med=32.12µs  max=1.22ms  p(90)=43.66µs  p(95)=49.1µs  
     http_req_tls_handshaking.......: avg=0s       min=0s       med=0s       max=0s      p(90)=0s       p(95)=0s      
     http_req_waiting...............: avg=710.93ms min=468.09ms med=712.24ms max=1.03s   p(90)=896.98ms p(95)=917.7ms 
     http_reqs......................: 44209   61.323646/s
     iteration_duration.............: avg=711.88ms min=469.12ms med=713.26ms max=1.04s   p(90)=897.92ms p(95)=918.56ms
     iterations.....................: 44209   61.323646/s
     vus............................: 1       min=1       max=80 
     vus_max........................: 80      min=80      max=80 


running (12m00.9s), 00/80 VUs, 44209 complete and 0 interrupted iterations
gradual_ramp ✓ [ 100% ] 00/80 VUs  12m0s
