
          /\      |‾‾| /‾‾/   /‾‾/   
     /\  /  \     |  |/  /   /  /    
    /  \/    \    |     (   /   ‾‾\  
   /          \   |  |\  \ |  (‾)  | 
  / __________ \  |__| \__\ \_____/ .io

  execution: local
     script: /scripts/load-test.js
     output: json (/results/results.json)

  scenarios: (100.00%) 1 scenario, 80 max VUs, 12m30s max duration (incl. graceful stop):
           * gradual_ramp: Up to 80 looping VUs for 12m0s over 4 stages (gracefulRampDown: 30s, gracefulStop: 30s)


running (00m01.0s), 10/80 VUs, 10 complete and 0 interrupted iterations
gradual_ramp   [   0% ] 10/80 VUs  00m01.0s/12m00.0s

running (00m02.0s), 10/80 VUs, 22 complete and 0 interrupted iterations
gradual_ramp   [   0% ] 10/80 VUs  00m02.0s/12m00.0s

running (00m03.0s), 10/80 VUs, 37 complete and 0 interrupted iterations
gradual_ramp   [   0% ] 10/80 VUs  00m03.0s/12m00.0s

running (00m04.0s), 10/80 VUs, 51 complete and 0 interrupted iterations
gradual_ramp   [   1% ] 10/80 VUs  00m04.0s/12m00.0s

running (00m05.0s), 10/80 VUs, 64 complete and 0 interrupted iterations
gradual_ramp   [   1% ] 10/80 VUs  00m05.0s/12m00.0s

running (00m06.0s), 10/80 VUs, 79 complete and 0 interrupted iterations
gradual_ramp   [   1% ] 10/80 VUs  00m06.0s/12m00.0s

running (00m07.0s), 10/80 VUs, 91 complete and 0 interrupted iterations
gradual_ramp   [   1% ] 10/80 VUs  00m07.0s/12m00.0s

running (00m08.0s), 10/80 VUs, 106 complete and 0 interrupted iterations
gradual_ramp   [   1% ] 10/80 VUs  00m08.0s/12m00.0s

running (00m09.0s), 10/80 VUs, 119 complete and 0 interrupted iterations
gradual_ramp   [   1% ] 10/80 VUs  00m09.0s/12m00.0s

running (00m10.0s), 10/80 VUs, 135 complete and 0 interrupted iterations
gradual_ramp   [   1% ] 10/80 VUs  00m10.0s/12m00.0s

running (00m11.0s), 10/80 VUs, 146 complete and 0 interrupted iterations
gradual_ramp   [   2% ] 10/80 VUs  00m11.0s/12m00.0s

running (00m12.0s), 10/80 VUs, 163 complete and 0 interrupted iterations
gradual_ramp   [   2% ] 10/80 VUs  00m12.0s/12m00.0s

running (00m13.0s), 10/80 VUs, 174 complete and 0 interrupted iterations
gradual_ramp   [   2% ] 10/80 VUs  00m13.0s/12m00.0s

running (00m14.0s), 10/80 VUs, 188 complete and 0 interrupted iterations
gradual_ramp   [   2% ] 10/80 VUs  00m14.0s/12m00.0s

running (00m15.0s), 10/80 VUs, 203 complete and 0 interrupted iterations
gradual_ramp   [   2% ] 10/80 VUs  00m15.0s/12m00.0s

running (00m16.0s), 10/80 VUs, 220 complete and 0 interrupted iterations
gradual_ramp   [   2% ] 10/80 VUs  00m16.0s/12m00.0s

running (00m17.0s), 10/80 VUs, 231 complete and 0 interrupted iterations
gradual_ramp   [   2% ] 10/80 VUs  00m17.0s/12m00.0s

running (00m18.0s), 10/80 VUs, 246 complete and 0 interrupted iterations
gradual_ramp   [   2% ] 10/80 VUs  00m18.0s/12m00.0s

running (00m19.0s), 10/80 VUs, 262 complete and 0 interrupted iterations
gradual_ramp   [   3% ] 10/80 VUs  00m19.0s/12m00.0s

running (00m20.0s), 10/80 VUs, 276 complete and 0 interrupted iterations
gradual_ramp   [   3% ] 10/80 VUs  00m20.0s/12m00.0s

running (00m21.0s), 10/80 VUs, 292 complete and 0 interrupted iterations
gradual_ramp   [   3% ] 10/80 VUs  00m21.0s/12m00.0s

running (00m22.0s), 10/80 VUs, 305 complete and 0 interrupted iterations
gradual_ramp   [   3% ] 10/80 VUs  00m22.0s/12m00.0s

running (00m23.0s), 10/80 VUs, 321 complete and 0 interrupted iterations
gradual_ramp   [   3% ] 10/80 VUs  00m23.0s/12m00.0s

running (00m24.0s), 10/80 VUs, 335 complete and 0 interrupted iterations
gradual_ramp   [   3% ] 10/80 VUs  00m24.0s/12m00.0s

running (00m25.0s), 10/80 VUs, 348 complete and 0 interrupted iterations
gradual_ramp   [   3% ] 10/80 VUs  00m25.0s/12m00.0s

running (00m26.0s), 10/80 VUs, 364 complete and 0 interrupted iterations
gradual_ramp   [   4% ] 10/80 VUs  00m26.0s/12m00.0s

running (00m27.0s), 10/80 VUs, 379 complete and 0 interrupted iterations
gradual_ramp   [   4% ] 10/80 VUs  00m27.0s/12m00.0s

running (00m28.0s), 10/80 VUs, 393 complete and 0 interrupted iterations
gradual_ramp   [   4% ] 10/80 VUs  00m28.0s/12m00.0s

running (00m29.0s), 10/80 VUs, 406 complete and 0 interrupted iterations
gradual_ramp   [   4% ] 10/80 VUs  00m29.0s/12m00.0s

running (00m30.0s), 10/80 VUs, 422 complete and 0 interrupted iterations
gradual_ramp   [   4% ] 10/80 VUs  00m30.0s/12m00.0s

running (00m31.0s), 10/80 VUs, 434 complete and 0 interrupted iterations
gradual_ramp   [   4% ] 10/80 VUs  00m31.0s/12m00.0s

running (00m32.0s), 10/80 VUs, 447 complete and 0 interrupted iterations
gradual_ramp   [   4% ] 10/80 VUs  00m32.0s/12m00.0s

running (00m33.0s), 10/80 VUs, 462 complete and 0 interrupted iterations
gradual_ramp   [   5% ] 10/80 VUs  00m33.0s/12m00.0s

running (00m34.0s), 10/80 VUs, 474 complete and 0 interrupted iterations
gradual_ramp   [   5% ] 10/80 VUs  00m34.0s/12m00.0s

running (00m35.0s), 10/80 VUs, 488 complete and 0 interrupted iterations
gradual_ramp   [   5% ] 10/80 VUs  00m35.0s/12m00.0s

running (00m36.0s), 10/80 VUs, 503 complete and 0 interrupted iterations
gradual_ramp   [   5% ] 10/80 VUs  00m36.0s/12m00.0s

running (00m37.0s), 10/80 VUs, 520 complete and 0 interrupted iterations
gradual_ramp   [   5% ] 10/80 VUs  00m37.0s/12m00.0s

running (00m38.0s), 10/80 VUs, 532 complete and 0 interrupted iterations
gradual_ramp   [   5% ] 10/80 VUs  00m38.0s/12m00.0s

running (00m39.0s), 10/80 VUs, 544 complete and 0 interrupted iterations
gradual_ramp   [   5% ] 10/80 VUs  00m39.0s/12m00.0s

running (00m40.0s), 10/80 VUs, 561 complete and 0 interrupted iterations
gradual_ramp   [   6% ] 10/80 VUs  00m40.0s/12m00.0s

running (00m41.0s), 10/80 VUs, 575 complete and 0 interrupted iterations
gradual_ramp   [   6% ] 10/80 VUs  00m41.0s/12m00.0s

running (00m42.0s), 10/80 VUs, 589 complete and 0 interrupted iterations
gradual_ramp   [   6% ] 10/80 VUs  00m42.0s/12m00.0s

running (00m43.0s), 10/80 VUs, 605 complete and 0 interrupted iterations
gradual_ramp   [   6% ] 10/80 VUs  00m43.0s/12m00.0s

running (00m44.0s), 10/80 VUs, 617 complete and 0 interrupted iterations
gradual_ramp   [   6% ] 10/80 VUs  00m44.0s/12m00.0s

running (00m45.0s), 10/80 VUs, 633 complete and 0 interrupted iterations
gradual_ramp   [   6% ] 10/80 VUs  00m45.0s/12m00.0s

running (00m46.0s), 10/80 VUs, 647 complete and 0 interrupted iterations
gradual_ramp   [   6% ] 10/80 VUs  00m46.0s/12m00.0s

running (00m47.0s), 10/80 VUs, 663 complete and 0 interrupted iterations
gradual_ramp   [   7% ] 10/80 VUs  00m47.0s/12m00.0s

running (00m48.0s), 10/80 VUs, 676 complete and 0 interrupted iterations
gradual_ramp   [   7% ] 10/80 VUs  00m48.0s/12m00.0s

running (00m49.0s), 10/80 VUs, 692 complete and 0 interrupted iterations
gradual_ramp   [   7% ] 10/80 VUs  00m49.0s/12m00.0s

running (00m50.0s), 10/80 VUs, 708 complete and 0 interrupted iterations
gradual_ramp   [   7% ] 10/80 VUs  00m50.0s/12m00.0s

running (00m51.0s), 10/80 VUs, 720 complete and 0 interrupted iterations
gradual_ramp   [   7% ] 10/80 VUs  00m51.0s/12m00.0s

running (00m52.0s), 10/80 VUs, 736 complete and 0 interrupted iterations
gradual_ramp   [   7% ] 10/80 VUs  00m52.0s/12m00.0s

running (00m53.0s), 10/80 VUs, 749 complete and 0 interrupted iterations
gradual_ramp   [   7% ] 10/80 VUs  00m53.0s/12m00.0s

running (00m54.0s), 10/80 VUs, 762 complete and 0 interrupted iterations
gradual_ramp   [   7% ] 10/80 VUs  00m54.0s/12m00.0s

running (00m55.0s), 10/80 VUs, 777 complete and 0 interrupted iterations
gradual_ramp   [   8% ] 10/80 VUs  00m55.0s/12m00.0s

running (00m56.0s), 10/80 VUs, 791 complete and 0 interrupted iterations
gradual_ramp   [   8% ] 10/80 VUs  00m56.0s/12m00.0s

running (00m57.0s), 10/80 VUs, 805 complete and 0 interrupted iterations
gradual_ramp   [   8% ] 10/80 VUs  00m57.0s/12m00.0s

running (00m58.0s), 10/80 VUs, 819 complete and 0 interrupted iterations
gradual_ramp   [   8% ] 10/80 VUs  00m58.0s/12m00.0s

running (00m59.0s), 10/80 VUs, 835 complete and 0 interrupted iterations
gradual_ramp   [   8% ] 10/80 VUs  00m59.0s/12m00.0s

running (01m00.0s), 10/80 VUs, 850 complete and 0 interrupted iterations
gradual_ramp   [   8% ] 10/80 VUs  01m00.0s/12m00.0s

running (01m01.0s), 10/80 VUs, 862 complete and 0 interrupted iterations
gradual_ramp   [   8% ] 10/80 VUs  01m01.0s/12m00.0s

running (01m02.0s), 10/80 VUs, 876 complete and 0 interrupted iterations
gradual_ramp   [   9% ] 10/80 VUs  01m02.0s/12m00.0s

running (01m03.0s), 10/80 VUs, 890 complete and 0 interrupted iterations
gradual_ramp   [   9% ] 10/80 VUs  01m03.0s/12m00.0s

running (01m04.0s), 10/80 VUs, 905 complete and 0 interrupted iterations
gradual_ramp   [   9% ] 10/80 VUs  01m04.0s/12m00.0s

running (01m05.0s), 10/80 VUs, 919 complete and 0 interrupted iterations
gradual_ramp   [   9% ] 10/80 VUs  01m05.0s/12m00.0s

running (01m06.0s), 10/80 VUs, 933 complete and 0 interrupted iterations
gradual_ramp   [   9% ] 10/80 VUs  01m06.0s/12m00.0s

running (01m07.0s), 10/80 VUs, 946 complete and 0 interrupted iterations
gradual_ramp   [   9% ] 10/80 VUs  01m07.0s/12m00.0s

running (01m08.0s), 10/80 VUs, 960 complete and 0 interrupted iterations
gradual_ramp   [   9% ] 10/80 VUs  01m08.0s/12m00.0s

running (01m09.0s), 10/80 VUs, 975 complete and 0 interrupted iterations
gradual_ramp   [  10% ] 10/80 VUs  01m09.0s/12m00.0s

running (01m10.0s), 10/80 VUs, 991 complete and 0 interrupted iterations
gradual_ramp   [  10% ] 10/80 VUs  01m10.0s/12m00.0s

running (01m11.0s), 10/80 VUs, 1004 complete and 0 interrupted iterations
gradual_ramp   [  10% ] 10/80 VUs  01m11.0s/12m00.0s

running (01m12.0s), 10/80 VUs, 1021 complete and 0 interrupted iterations
gradual_ramp   [  10% ] 10/80 VUs  01m12.0s/12m00.0s

running (01m13.0s), 10/80 VUs, 1035 complete and 0 interrupted iterations
gradual_ramp   [  10% ] 10/80 VUs  01m13.0s/12m00.0s

running (01m14.0s), 10/80 VUs, 1047 complete and 0 interrupted iterations
gradual_ramp   [  10% ] 10/80 VUs  01m14.0s/12m00.0s

running (01m15.0s), 10/80 VUs, 1061 complete and 0 interrupted iterations
gradual_ramp   [  10% ] 10/80 VUs  01m15.0s/12m00.0s

running (01m16.0s), 10/80 VUs, 1076 complete and 0 interrupted iterations
gradual_ramp   [  11% ] 10/80 VUs  01m16.0s/12m00.0s

running (01m17.0s), 10/80 VUs, 1092 complete and 0 interrupted iterations
gradual_ramp   [  11% ] 10/80 VUs  01m17.0s/12m00.0s

running (01m18.0s), 10/80 VUs, 1105 complete and 0 interrupted iterations
gradual_ramp   [  11% ] 10/80 VUs  01m18.0s/12m00.0s

running (01m19.0s), 10/80 VUs, 1118 complete and 0 interrupted iterations
gradual_ramp   [  11% ] 10/80 VUs  01m19.0s/12m00.0s

running (01m20.0s), 10/80 VUs, 1134 complete and 0 interrupted iterations
gradual_ramp   [  11% ] 10/80 VUs  01m20.0s/12m00.0s

running (01m21.0s), 10/80 VUs, 1146 complete and 0 interrupted iterations
gradual_ramp   [  11% ] 10/80 VUs  01m21.0s/12m00.0s

running (01m22.0s), 10/80 VUs, 1164 complete and 0 interrupted iterations
gradual_ramp   [  11% ] 10/80 VUs  01m22.0s/12m00.0s

running (01m23.0s), 10/80 VUs, 1177 complete and 0 interrupted iterations
gradual_ramp   [  12% ] 10/80 VUs  01m23.0s/12m00.0s

running (01m24.0s), 10/80 VUs, 1191 complete and 0 interrupted iterations
gradual_ramp   [  12% ] 10/80 VUs  01m24.0s/12m00.0s

running (01m25.0s), 10/80 VUs, 1206 complete and 0 interrupted iterations
gradual_ramp   [  12% ] 10/80 VUs  01m25.0s/12m00.0s

running (01m26.0s), 10/80 VUs, 1220 complete and 0 interrupted iterations
gradual_ramp   [  12% ] 10/80 VUs  01m26.0s/12m00.0s

running (01m27.0s), 10/80 VUs, 1233 complete and 0 interrupted iterations
gradual_ramp   [  12% ] 10/80 VUs  01m27.0s/12m00.0s

running (01m28.0s), 10/80 VUs, 1250 complete and 0 interrupted iterations
gradual_ramp   [  12% ] 10/80 VUs  01m28.0s/12m00.0s

running (01m29.0s), 10/80 VUs, 1263 complete and 0 interrupted iterations
gradual_ramp   [  12% ] 10/80 VUs  01m29.0s/12m00.0s

running (01m30.0s), 10/80 VUs, 1275 complete and 0 interrupted iterations
gradual_ramp   [  12% ] 10/80 VUs  01m30.0s/12m00.0s

running (01m31.0s), 10/80 VUs, 1292 complete and 0 interrupted iterations
gradual_ramp   [  13% ] 10/80 VUs  01m31.0s/12m00.0s

running (01m32.0s), 10/80 VUs, 1305 complete and 0 interrupted iterations
gradual_ramp   [  13% ] 10/80 VUs  01m32.0s/12m00.0s

running (01m33.0s), 10/80 VUs, 1320 complete and 0 interrupted iterations
gradual_ramp   [  13% ] 10/80 VUs  01m33.0s/12m00.0s

running (01m34.0s), 10/80 VUs, 1333 complete and 0 interrupted iterations
gradual_ramp   [  13% ] 10/80 VUs  01m34.0s/12m00.0s

running (01m35.0s), 10/80 VUs, 1345 complete and 0 interrupted iterations
gradual_ramp   [  13% ] 10/80 VUs  01m35.0s/12m00.0s

running (01m36.0s), 10/80 VUs, 1360 complete and 0 interrupted iterations
gradual_ramp   [  13% ] 10/80 VUs  01m36.0s/12m00.0s

running (01m37.0s), 10/80 VUs, 1374 complete and 0 interrupted iterations
gradual_ramp   [  13% ] 10/80 VUs  01m37.0s/12m00.0s

running (01m38.0s), 10/80 VUs, 1387 complete and 0 interrupted iterations
gradual_ramp   [  14% ] 10/80 VUs  01m38.0s/12m00.0s

running (01m39.0s), 10/80 VUs, 1400 complete and 0 interrupted iterations
gradual_ramp   [  14% ] 10/80 VUs  01m39.0s/12m00.0s

running (01m40.0s), 10/80 VUs, 1414 complete and 0 interrupted iterations
gradual_ramp   [  14% ] 10/80 VUs  01m40.0s/12m00.0s

running (01m41.0s), 10/80 VUs, 1429 complete and 0 interrupted iterations
gradual_ramp   [  14% ] 10/80 VUs  01m41.0s/12m00.0s

running (01m42.0s), 10/80 VUs, 1441 complete and 0 interrupted iterations
gradual_ramp   [  14% ] 10/80 VUs  01m42.0s/12m00.0s

running (01m43.0s), 10/80 VUs, 1454 complete and 0 interrupted iterations
gradual_ramp   [  14% ] 10/80 VUs  01m43.0s/12m00.0s

running (01m44.0s), 10/80 VUs, 1469 complete and 0 interrupted iterations
gradual_ramp   [  14% ] 10/80 VUs  01m44.0s/12m00.0s

running (01m45.0s), 10/80 VUs, 1485 complete and 0 interrupted iterations
gradual_ramp   [  15% ] 10/80 VUs  01m45.0s/12m00.0s

running (01m46.0s), 10/80 VUs, 1496 complete and 0 interrupted iterations
gradual_ramp   [  15% ] 10/80 VUs  01m46.0s/12m00.0s

running (01m47.0s), 10/80 VUs, 1511 complete and 0 interrupted iterations
gradual_ramp   [  15% ] 10/80 VUs  01m47.0s/12m00.0s

running (01m48.0s), 10/80 VUs, 1528 complete and 0 interrupted iterations
gradual_ramp   [  15% ] 10/80 VUs  01m48.0s/12m00.0s

running (01m49.0s), 10/80 VUs, 1540 complete and 0 interrupted iterations
gradual_ramp   [  15% ] 10/80 VUs  01m49.0s/12m00.0s

running (01m50.0s), 10/80 VUs, 1553 complete and 0 interrupted iterations
gradual_ramp   [  15% ] 10/80 VUs  01m50.0s/12m00.0s

running (01m51.0s), 10/80 VUs, 1567 complete and 0 interrupted iterations
gradual_ramp   [  15% ] 10/80 VUs  01m51.0s/12m00.0s

running (01m52.0s), 10/80 VUs, 1583 complete and 0 interrupted iterations
gradual_ramp   [  16% ] 10/80 VUs  01m52.0s/12m00.0s

running (01m53.0s), 10/80 VUs, 1597 complete and 0 interrupted iterations
gradual_ramp   [  16% ] 10/80 VUs  01m53.0s/12m00.0s

running (01m54.0s), 10/80 VUs, 1612 complete and 0 interrupted iterations
gradual_ramp   [  16% ] 10/80 VUs  01m54.0s/12m00.0s

running (01m55.0s), 10/80 VUs, 1629 complete and 0 interrupted iterations
gradual_ramp   [  16% ] 10/80 VUs  01m55.0s/12m00.0s

running (01m56.0s), 10/80 VUs, 1642 complete and 0 interrupted iterations
gradual_ramp   [  16% ] 10/80 VUs  01m56.0s/12m00.0s

running (01m57.0s), 10/80 VUs, 1655 complete and 0 interrupted iterations
gradual_ramp   [  16% ] 10/80 VUs  01m57.0s/12m00.0s

running (01m58.0s), 10/80 VUs, 1670 complete and 0 interrupted iterations
gradual_ramp   [  16% ] 10/80 VUs  01m58.0s/12m00.0s

running (01m59.0s), 10/80 VUs, 1684 complete and 0 interrupted iterations
gradual_ramp   [  17% ] 10/80 VUs  01m59.0s/12m00.0s

running (02m00.0s), 10/80 VUs, 1698 complete and 0 interrupted iterations
gradual_ramp   [  17% ] 10/80 VUs  02m00.0s/12m00.0s

running (02m01.0s), 10/80 VUs, 1713 complete and 0 interrupted iterations
gradual_ramp   [  17% ] 10/80 VUs  02m01.0s/12m00.0s

running (02m02.0s), 10/80 VUs, 1728 complete and 0 interrupted iterations
gradual_ramp   [  17% ] 10/80 VUs  02m02.0s/12m00.0s

running (02m03.0s), 10/80 VUs, 1744 complete and 0 interrupted iterations
gradual_ramp   [  17% ] 10/80 VUs  02m03.0s/12m00.0s

running (02m04.0s), 10/80 VUs, 1757 complete and 0 interrupted iterations
gradual_ramp   [  17% ] 10/80 VUs  02m04.0s/12m00.0s

running (02m05.0s), 11/80 VUs, 1770 complete and 0 interrupted iterations
gradual_ramp   [  17% ] 11/80 VUs  02m05.0s/12m00.0s

running (02m06.0s), 11/80 VUs, 1788 complete and 0 interrupted iterations
gradual_ramp   [  17% ] 11/80 VUs  02m06.0s/12m00.0s

running (02m07.0s), 11/80 VUs, 1805 complete and 0 interrupted iterations
gradual_ramp   [  18% ] 11/80 VUs  02m07.0s/12m00.0s

running (02m08.0s), 11/80 VUs, 1820 complete and 0 interrupted iterations
gradual_ramp   [  18% ] 11/80 VUs  02m08.0s/12m00.0s

running (02m09.0s), 12/80 VUs, 1835 complete and 0 interrupted iterations
gradual_ramp   [  18% ] 12/80 VUs  02m09.0s/12m00.0s

running (02m10.0s), 12/80 VUs, 1852 complete and 0 interrupted iterations
gradual_ramp   [  18% ] 12/80 VUs  02m10.0s/12m00.0s

running (02m11.0s), 12/80 VUs, 1867 complete and 0 interrupted iterations
gradual_ramp   [  18% ] 12/80 VUs  02m11.0s/12m00.0s

running (02m12.0s), 12/80 VUs, 1885 complete and 0 interrupted iterations
gradual_ramp   [  18% ] 12/80 VUs  02m12.0s/12m00.0s

running (02m13.0s), 13/80 VUs, 1902 complete and 0 interrupted iterations
gradual_ramp   [  18% ] 13/80 VUs  02m13.0s/12m00.0s

running (02m14.0s), 13/80 VUs, 1918 complete and 0 interrupted iterations
gradual_ramp   [  19% ] 13/80 VUs  02m14.0s/12m00.0s

running (02m15.0s), 13/80 VUs, 1938 complete and 0 interrupted iterations
gradual_ramp   [  19% ] 13/80 VUs  02m15.0s/12m00.0s

running (02m16.0s), 13/80 VUs, 1958 complete and 0 interrupted iterations
gradual_ramp   [  19% ] 13/80 VUs  02m16.0s/12m00.0s

running (02m17.0s), 13/80 VUs, 1976 complete and 0 interrupted iterations
gradual_ramp   [  19% ] 13/80 VUs  02m17.0s/12m00.0s

running (02m18.0s), 14/80 VUs, 1996 complete and 0 interrupted iterations
gradual_ramp   [  19% ] 14/80 VUs  02m18.0s/12m00.0s

running (02m19.0s), 14/80 VUs, 2015 complete and 0 interrupted iterations
gradual_ramp   [  19% ] 14/80 VUs  02m19.0s/12m00.0s

running (02m20.0s), 14/80 VUs, 2034 complete and 0 interrupted iterations
gradual_ramp   [  19% ] 14/80 VUs  02m20.0s/12m00.0s

running (02m21.0s), 14/80 VUs, 2055 complete and 0 interrupted iterations
gradual_ramp   [  20% ] 14/80 VUs  02m21.0s/12m00.0s

running (02m22.0s), 15/80 VUs, 2073 complete and 0 interrupted iterations
gradual_ramp   [  20% ] 15/80 VUs  02m22.0s/12m00.0s

running (02m23.0s), 15/80 VUs, 2096 complete and 0 interrupted iterations
gradual_ramp   [  20% ] 15/80 VUs  02m23.0s/12m00.0s

running (02m24.0s), 15/80 VUs, 2117 complete and 0 interrupted iterations
gradual_ramp   [  20% ] 15/80 VUs  02m24.0s/12m00.0s

running (02m25.0s), 15/80 VUs, 2136 complete and 0 interrupted iterations
gradual_ramp   [  20% ] 15/80 VUs  02m25.0s/12m00.0s

running (02m26.0s), 16/80 VUs, 2158 complete and 0 interrupted iterations
gradual_ramp   [  20% ] 16/80 VUs  02m26.0s/12m00.0s

running (02m27.0s), 16/80 VUs, 2181 complete and 0 interrupted iterations
gradual_ramp   [  20% ] 16/80 VUs  02m27.0s/12m00.0s

running (02m28.0s), 16/80 VUs, 2202 complete and 0 interrupted iterations
gradual_ramp   [  21% ] 16/80 VUs  02m28.0s/12m00.0s

running (02m29.0s), 16/80 VUs, 2222 complete and 0 interrupted iterations
gradual_ramp   [  21% ] 16/80 VUs  02m29.0s/12m00.0s

running (02m30.0s), 16/80 VUs, 2250 complete and 0 interrupted iterations
gradual_ramp   [  21% ] 16/80 VUs  02m30.0s/12m00.0s

running (02m31.0s), 17/80 VUs, 2271 complete and 0 interrupted iterations
gradual_ramp   [  21% ] 17/80 VUs  02m31.0s/12m00.0s

running (02m32.0s), 17/80 VUs, 2291 complete and 0 interrupted iterations
gradual_ramp   [  21% ] 17/80 VUs  02m32.0s/12m00.0s

running (02m33.0s), 17/80 VUs, 2317 complete and 0 interrupted iterations
gradual_ramp   [  21% ] 17/80 VUs  02m33.0s/12m00.0s

running (02m34.0s), 17/80 VUs, 2342 complete and 0 interrupted iterations
gradual_ramp   [  21% ] 17/80 VUs  02m34.0s/12m00.0s

running (02m35.0s), 18/80 VUs, 2363 complete and 0 interrupted iterations
gradual_ramp   [  22% ] 18/80 VUs  02m35.0s/12m00.0s

running (02m36.0s), 18/80 VUs, 2394 complete and 0 interrupted iterations
gradual_ramp   [  22% ] 18/80 VUs  02m36.0s/12m00.0s

running (02m37.0s), 18/80 VUs, 2415 complete and 0 interrupted iterations
gradual_ramp   [  22% ] 18/80 VUs  02m37.0s/12m00.0s

running (02m38.0s), 18/80 VUs, 2439 complete and 0 interrupted iterations
gradual_ramp   [  22% ] 18/80 VUs  02m38.0s/12m00.0s

running (02m39.0s), 19/80 VUs, 2467 complete and 0 interrupted iterations
gradual_ramp   [  22% ] 19/80 VUs  02m39.0s/12m00.0s

running (02m40.0s), 19/80 VUs, 2493 complete and 0 interrupted iterations
gradual_ramp   [  22% ] 19/80 VUs  02m40.0s/12m00.0s

running (02m41.0s), 19/80 VUs, 2521 complete and 0 interrupted iterations
gradual_ramp   [  22% ] 19/80 VUs  02m41.0s/12m00.0s

running (02m42.0s), 19/80 VUs, 2542 complete and 0 interrupted iterations
gradual_ramp   [  22% ] 19/80 VUs  02m42.0s/12m00.0s

running (02m43.0s), 20/80 VUs, 2571 complete and 0 interrupted iterations
gradual_ramp   [  23% ] 20/80 VUs  02m43.0s/12m00.0s

running (02m44.0s), 20/80 VUs, 2598 complete and 0 interrupted iterations
gradual_ramp   [  23% ] 20/80 VUs  02m44.0s/12m00.0s

running (02m45.0s), 20/80 VUs, 2629 complete and 0 interrupted iterations
gradual_ramp   [  23% ] 20/80 VUs  02m45.0s/12m00.0s

running (02m46.0s), 20/80 VUs, 2656 complete and 0 interrupted iterations
gradual_ramp   [  23% ] 20/80 VUs  02m46.0s/12m00.0s

running (02m47.0s), 20/80 VUs, 2683 complete and 0 interrupted iterations
gradual_ramp   [  23% ] 20/80 VUs  02m47.0s/12m00.0s

running (02m48.0s), 21/80 VUs, 2714 complete and 0 interrupted iterations
gradual_ramp   [  23% ] 21/80 VUs  02m48.0s/12m00.0s

running (02m49.0s), 21/80 VUs, 2746 complete and 0 interrupted iterations
gradual_ramp   [  23% ] 21/80 VUs  02m49.0s/12m00.0s

running (02m50.0s), 21/80 VUs, 2772 complete and 0 interrupted iterations
gradual_ramp   [  24% ] 21/80 VUs  02m50.0s/12m00.0s

running (02m51.0s), 21/80 VUs, 2803 complete and 0 interrupted iterations
gradual_ramp   [  24% ] 21/80 VUs  02m51.0s/12m00.0s

running (02m52.0s), 22/80 VUs, 2832 complete and 0 interrupted iterations
gradual_ramp   [  24% ] 22/80 VUs  02m52.0s/12m00.0s

running (02m53.0s), 22/80 VUs, 2867 complete and 0 interrupted iterations
gradual_ramp   [  24% ] 22/80 VUs  02m53.0s/12m00.0s

running (02m54.0s), 22/80 VUs, 2899 complete and 0 interrupted iterations
gradual_ramp   [  24% ] 22/80 VUs  02m54.0s/12m00.0s

running (02m55.0s), 22/80 VUs, 2929 complete and 0 interrupted iterations
gradual_ramp   [  24% ] 22/80 VUs  02m55.0s/12m00.0s

running (02m56.0s), 23/80 VUs, 2957 complete and 0 interrupted iterations
gradual_ramp   [  24% ] 23/80 VUs  02m56.0s/12m00.0s

running (02m57.0s), 23/80 VUs, 2988 complete and 0 interrupted iterations
gradual_ramp   [  25% ] 23/80 VUs  02m57.0s/12m00.0s

running (02m58.0s), 23/80 VUs, 3022 complete and 0 interrupted iterations
gradual_ramp   [  25% ] 23/80 VUs  02m58.0s/12m00.0s

running (02m59.0s), 23/80 VUs, 3055 complete and 0 interrupted iterations
gradual_ramp   [  25% ] 23/80 VUs  02m59.0s/12m00.0s

running (03m00.0s), 23/80 VUs, 3084 complete and 0 interrupted iterations
gradual_ramp   [  25% ] 23/80 VUs  03m00.0s/12m00.0s

running (03m01.0s), 24/80 VUs, 3119 complete and 0 interrupted iterations
gradual_ramp   [  25% ] 24/80 VUs  03m01.0s/12m00.0s

running (03m02.0s), 24/80 VUs, 3150 complete and 0 interrupted iterations
gradual_ramp   [  25% ] 24/80 VUs  03m02.0s/12m00.0s

running (03m03.0s), 24/80 VUs, 3187 complete and 0 interrupted iterations
gradual_ramp   [  25% ] 24/80 VUs  03m03.0s/12m00.0s

running (03m04.0s), 24/80 VUs, 3218 complete and 0 interrupted iterations
gradual_ramp   [  26% ] 24/80 VUs  03m04.0s/12m00.0s

running (03m05.0s), 25/80 VUs, 3254 complete and 0 interrupted iterations
gradual_ramp   [  26% ] 25/80 VUs  03m05.0s/12m00.0s

running (03m06.0s), 25/80 VUs, 3289 complete and 0 interrupted iterations
gradual_ramp   [  26% ] 25/80 VUs  03m06.0s/12m00.0s

running (03m07.0s), 25/80 VUs, 3325 complete and 0 interrupted iterations
gradual_ramp   [  26% ] 25/80 VUs  03m07.0s/12m00.0s

running (03m08.0s), 25/80 VUs, 3365 complete and 0 interrupted iterations
gradual_ramp   [  26% ] 25/80 VUs  03m08.0s/12m00.0s

running (03m09.0s), 26/80 VUs, 3396 complete and 0 interrupted iterations
gradual_ramp   [  26% ] 26/80 VUs  03m09.0s/12m00.0s

running (03m10.0s), 26/80 VUs, 3432 complete and 0 interrupted iterations
gradual_ramp   [  26% ] 26/80 VUs  03m10.0s/12m00.0s

running (03m11.0s), 26/80 VUs, 3469 complete and 0 interrupted iterations
gradual_ramp   [  27% ] 26/80 VUs  03m11.0s/12m00.0s

running (03m12.0s), 26/80 VUs, 3504 complete and 0 interrupted iterations
gradual_ramp   [  27% ] 26/80 VUs  03m12.0s/12m00.0s

running (03m13.0s), 27/80 VUs, 3544 complete and 0 interrupted iterations
gradual_ramp   [  27% ] 27/80 VUs  03m13.0s/12m00.0s

running (03m14.0s), 27/80 VUs, 3579 complete and 0 interrupted iterations
gradual_ramp   [  27% ] 27/80 VUs  03m14.0s/12m00.0s

running (03m15.0s), 27/80 VUs, 3619 complete and 0 interrupted iterations
gradual_ramp   [  27% ] 27/80 VUs  03m15.0s/12m00.0s

running (03m16.0s), 27/80 VUs, 3660 complete and 0 interrupted iterations
gradual_ramp   [  27% ] 27/80 VUs  03m16.0s/12m00.0s

running (03m17.0s), 27/80 VUs, 3693 complete and 0 interrupted iterations
gradual_ramp   [  27% ] 27/80 VUs  03m17.0s/12m00.0s

running (03m18.0s), 28/80 VUs, 3735 complete and 0 interrupted iterations
gradual_ramp   [  27% ] 28/80 VUs  03m18.0s/12m00.0s

running (03m19.0s), 28/80 VUs, 3774 complete and 0 interrupted iterations
gradual_ramp   [  28% ] 28/80 VUs  03m19.0s/12m00.0s

running (03m20.0s), 28/80 VUs, 3817 complete and 0 interrupted iterations
gradual_ramp   [  28% ] 28/80 VUs  03m20.0s/12m00.0s

running (03m21.0s), 28/80 VUs, 3853 complete and 0 interrupted iterations
gradual_ramp   [  28% ] 28/80 VUs  03m21.0s/12m00.0s

running (03m22.0s), 29/80 VUs, 3894 complete and 0 interrupted iterations
gradual_ramp   [  28% ] 29/80 VUs  03m22.0s/12m00.0s

running (03m23.0s), 29/80 VUs, 3935 complete and 0 interrupted iterations
gradual_ramp   [  28% ] 29/80 VUs  03m23.0s/12m00.0s

running (03m24.0s), 29/80 VUs, 3974 complete and 0 interrupted iterations
gradual_ramp   [  28% ] 29/80 VUs  03m24.0s/12m00.0s

running (03m25.0s), 29/80 VUs, 4019 complete and 0 interrupted iterations
gradual_ramp   [  28% ] 29/80 VUs  03m25.0s/12m00.0s

running (03m26.0s), 30/80 VUs, 4059 complete and 0 interrupted iterations
gradual_ramp   [  29% ] 30/80 VUs  03m26.0s/12m00.0s

running (03m27.0s), 30/80 VUs, 4099 complete and 0 interrupted iterations
gradual_ramp   [  29% ] 30/80 VUs  03m27.0s/12m00.0s

running (03m28.0s), 30/80 VUs, 4142 complete and 0 interrupted iterations
gradual_ramp   [  29% ] 30/80 VUs  03m28.0s/12m00.0s

running (03m29.0s), 30/80 VUs, 4183 complete and 0 interrupted iterations
gradual_ramp   [  29% ] 30/80 VUs  03m29.0s/12m00.0s

running (03m30.0s), 30/80 VUs, 4226 complete and 0 interrupted iterations
gradual_ramp   [  29% ] 30/80 VUs  03m30.0s/12m00.0s

running (03m31.0s), 31/80 VUs, 4269 complete and 0 interrupted iterations
gradual_ramp   [  29% ] 31/80 VUs  03m31.0s/12m00.0s

running (03m32.0s), 31/80 VUs, 4311 complete and 0 interrupted iterations
gradual_ramp   [  29% ] 31/80 VUs  03m32.0s/12m00.0s

running (03m33.0s), 31/80 VUs, 4355 complete and 0 interrupted iterations
gradual_ramp   [  30% ] 31/80 VUs  03m33.0s/12m00.0s

running (03m34.0s), 31/80 VUs, 4401 complete and 0 interrupted iterations
gradual_ramp   [  30% ] 31/80 VUs  03m34.0s/12m00.0s

running (03m35.0s), 32/80 VUs, 4442 complete and 0 interrupted iterations
gradual_ramp   [  30% ] 32/80 VUs  03m35.0s/12m00.0s

running (03m36.0s), 32/80 VUs, 4486 complete and 0 interrupted iterations
gradual_ramp   [  30% ] 32/80 VUs  03m36.0s/12m00.0s

running (03m37.0s), 32/80 VUs, 4532 complete and 0 interrupted iterations
gradual_ramp   [  30% ] 32/80 VUs  03m37.0s/12m00.0s

running (03m38.0s), 32/80 VUs, 4579 complete and 0 interrupted iterations
gradual_ramp   [  30% ] 32/80 VUs  03m38.0s/12m00.0s

running (03m39.0s), 33/80 VUs, 4621 complete and 0 interrupted iterations
gradual_ramp   [  30% ] 33/80 VUs  03m39.0s/12m00.0s

running (03m40.0s), 33/80 VUs, 4672 complete and 0 interrupted iterations
gradual_ramp   [  31% ] 33/80 VUs  03m40.0s/12m00.0s

running (03m41.0s), 33/80 VUs, 4717 complete and 0 interrupted iterations
gradual_ramp   [  31% ] 33/80 VUs  03m41.0s/12m00.0s

running (03m42.0s), 33/80 VUs, 4766 complete and 0 interrupted iterations
gradual_ramp   [  31% ] 33/80 VUs  03m42.0s/12m00.0s

running (03m43.0s), 34/80 VUs, 4812 complete and 0 interrupted iterations
gradual_ramp   [  31% ] 34/80 VUs  03m43.0s/12m00.0s

running (03m44.0s), 34/80 VUs, 4860 complete and 0 interrupted iterations
gradual_ramp   [  31% ] 34/80 VUs  03m44.0s/12m00.0s

running (03m45.0s), 34/80 VUs, 4905 complete and 0 interrupted iterations
gradual_ramp   [  31% ] 34/80 VUs  03m45.0s/12m00.0s

running (03m46.0s), 34/80 VUs, 4954 complete and 0 interrupted iterations
gradual_ramp   [  31% ] 34/80 VUs  03m46.0s/12m00.0s

running (03m47.0s), 34/80 VUs, 5001 complete and 0 interrupted iterations
gradual_ramp   [  32% ] 34/80 VUs  03m47.0s/12m00.0s

running (03m48.0s), 35/80 VUs, 5049 complete and 0 interrupted iterations
gradual_ramp   [  32% ] 35/80 VUs  03m48.0s/12m00.0s

running (03m49.0s), 35/80 VUs, 5099 complete and 0 interrupted iterations
gradual_ramp   [  32% ] 35/80 VUs  03m49.0s/12m00.0s

running (03m50.0s), 35/80 VUs, 5148 complete and 0 interrupted iterations
gradual_ramp   [  32% ] 35/80 VUs  03m50.0s/12m00.0s

running (03m51.0s), 35/80 VUs, 5201 complete and 0 interrupted iterations
gradual_ramp   [  32% ] 35/80 VUs  03m51.0s/12m00.0s

running (03m52.0s), 36/80 VUs, 5246 complete and 0 interrupted iterations
gradual_ramp   [  32% ] 36/80 VUs  03m52.0s/12m00.0s

running (03m53.0s), 36/80 VUs, 5296 complete and 0 interrupted iterations
gradual_ramp   [  32% ] 36/80 VUs  03m53.0s/12m00.0s

running (03m54.0s), 36/80 VUs, 5344 complete and 0 interrupted iterations
gradual_ramp   [  32% ] 36/80 VUs  03m54.0s/12m00.0s

running (03m55.0s), 36/80 VUs, 5394 complete and 0 interrupted iterations
gradual_ramp   [  33% ] 36/80 VUs  03m55.0s/12m00.0s

running (03m56.0s), 37/80 VUs, 5447 complete and 0 interrupted iterations
gradual_ramp   [  33% ] 37/80 VUs  03m56.0s/12m00.0s

running (03m57.0s), 37/80 VUs, 5495 complete and 0 interrupted iterations
gradual_ramp   [  33% ] 37/80 VUs  03m57.0s/12m00.0s

running (03m58.0s), 37/80 VUs, 5550 complete and 0 interrupted iterations
gradual_ramp   [  33% ] 37/80 VUs  03m58.0s/12m00.0s

running (03m59.0s), 37/80 VUs, 5600 complete and 0 interrupted iterations
gradual_ramp   [  33% ] 37/80 VUs  03m59.0s/12m00.0s

running (04m00.0s), 37/80 VUs, 5651 complete and 0 interrupted iterations
gradual_ramp   [  33% ] 37/80 VUs  04m00.0s/12m00.0s

running (04m01.0s), 38/80 VUs, 5707 complete and 0 interrupted iterations
gradual_ramp   [  33% ] 38/80 VUs  04m01.0s/12m00.0s

running (04m02.0s), 38/80 VUs, 5758 complete and 0 interrupted iterations
gradual_ramp   [  34% ] 38/80 VUs  04m02.0s/12m00.0s

running (04m03.0s), 38/80 VUs, 5807 complete and 0 interrupted iterations
gradual_ramp   [  34% ] 38/80 VUs  04m03.0s/12m00.0s

running (04m04.0s), 38/80 VUs, 5857 complete and 0 interrupted iterations
gradual_ramp   [  34% ] 38/80 VUs  04m04.0s/12m00.0s

running (04m05.0s), 39/80 VUs, 5908 complete and 0 interrupted iterations
gradual_ramp   [  34% ] 39/80 VUs  04m05.0s/12m00.0s

running (04m06.0s), 39/80 VUs, 5960 complete and 0 interrupted iterations
gradual_ramp   [  34% ] 39/80 VUs  04m06.0s/12m00.0s

running (04m07.0s), 39/80 VUs, 6011 complete and 0 interrupted iterations
gradual_ramp   [  34% ] 39/80 VUs  04m07.0s/12m00.0s

running (04m08.0s), 39/80 VUs, 6064 complete and 0 interrupted iterations
gradual_ramp   [  34% ] 39/80 VUs  04m08.0s/12m00.0s

running (04m09.0s), 40/80 VUs, 6111 complete and 0 interrupted iterations
gradual_ramp   [  35% ] 40/80 VUs  04m09.0s/12m00.0s

running (04m10.0s), 40/80 VUs, 6162 complete and 0 interrupted iterations
gradual_ramp   [  35% ] 40/80 VUs  04m10.0s/12m00.0s

running (04m11.0s), 40/80 VUs, 6214 complete and 0 interrupted iterations
gradual_ramp   [  35% ] 40/80 VUs  04m11.0s/12m00.0s

running (04m12.0s), 40/80 VUs, 6265 complete and 0 interrupted iterations
gradual_ramp   [  35% ] 40/80 VUs  04m12.0s/12m00.0s

running (04m13.0s), 41/80 VUs, 6313 complete and 0 interrupted iterations
gradual_ramp   [  35% ] 41/80 VUs  04m13.0s/12m00.0s

running (04m14.0s), 41/80 VUs, 6359 complete and 0 interrupted iterations
gradual_ramp   [  35% ] 41/80 VUs  04m14.0s/12m00.0s

running (04m15.0s), 41/80 VUs, 6411 complete and 0 interrupted iterations
gradual_ramp   [  35% ] 41/80 VUs  04m15.0s/12m00.0s

running (04m16.0s), 41/80 VUs, 6459 complete and 0 interrupted iterations
gradual_ramp   [  36% ] 41/80 VUs  04m16.0s/12m00.0s

running (04m17.0s), 41/80 VUs, 6507 complete and 0 interrupted iterations
gradual_ramp   [  36% ] 41/80 VUs  04m17.0s/12m00.0s

running (04m18.0s), 42/80 VUs, 6556 complete and 0 interrupted iterations
gradual_ramp   [  36% ] 42/80 VUs  04m18.0s/12m00.0s

running (04m19.0s), 42/80 VUs, 6606 complete and 0 interrupted iterations
gradual_ramp   [  36% ] 42/80 VUs  04m19.0s/12m00.0s

running (04m20.0s), 42/80 VUs, 6653 complete and 0 interrupted iterations
gradual_ramp   [  36% ] 42/80 VUs  04m20.0s/12m00.0s

running (04m21.0s), 42/80 VUs, 6703 complete and 0 interrupted iterations
gradual_ramp   [  36% ] 42/80 VUs  04m21.0s/12m00.0s

running (04m22.0s), 43/80 VUs, 6751 complete and 0 interrupted iterations
gradual_ramp   [  36% ] 43/80 VUs  04m22.0s/12m00.0s

running (04m23.0s), 43/80 VUs, 6799 complete and 0 interrupted iterations
gradual_ramp   [  37% ] 43/80 VUs  04m23.0s/12m00.0s

running (04m24.0s), 43/80 VUs, 6859 complete and 0 interrupted iterations
gradual_ramp   [  37% ] 43/80 VUs  04m24.0s/12m00.0s

running (04m25.0s), 43/80 VUs, 6920 complete and 0 interrupted iterations
gradual_ramp   [  37% ] 43/80 VUs  04m25.0s/12m00.0s

running (04m26.0s), 44/80 VUs, 6980 complete and 0 interrupted iterations
gradual_ramp   [  37% ] 44/80 VUs  04m26.0s/12m00.0s

running (04m27.0s), 44/80 VUs, 7044 complete and 0 interrupted iterations
gradual_ramp   [  37% ] 44/80 VUs  04m27.0s/12m00.0s

running (04m28.0s), 44/80 VUs, 7105 complete and 0 interrupted iterations
gradual_ramp   [  37% ] 44/80 VUs  04m28.0s/12m00.0s

running (04m29.0s), 44/80 VUs, 7164 complete and 0 interrupted iterations
gradual_ramp   [  37% ] 44/80 VUs  04m29.0s/12m00.0s

running (04m30.0s), 44/80 VUs, 7230 complete and 0 interrupted iterations
gradual_ramp   [  37% ] 44/80 VUs  04m30.0s/12m00.0s

running (04m31.0s), 45/80 VUs, 7292 complete and 0 interrupted iterations
gradual_ramp   [  38% ] 45/80 VUs  04m31.0s/12m00.0s

running (04m32.0s), 45/80 VUs, 7357 complete and 0 interrupted iterations
gradual_ramp   [  38% ] 45/80 VUs  04m32.0s/12m00.0s

running (04m33.0s), 45/80 VUs, 7418 complete and 0 interrupted iterations
gradual_ramp   [  38% ] 45/80 VUs  04m33.0s/12m00.0s

running (04m34.0s), 45/80 VUs, 7484 complete and 0 interrupted iterations
gradual_ramp   [  38% ] 45/80 VUs  04m34.0s/12m00.0s

running (04m35.0s), 46/80 VUs, 7547 complete and 0 interrupted iterations
gradual_ramp   [  38% ] 46/80 VUs  04m35.0s/12m00.0s

running (04m36.0s), 46/80 VUs, 7616 complete and 0 interrupted iterations
gradual_ramp   [  38% ] 46/80 VUs  04m36.0s/12m00.0s

running (04m37.0s), 46/80 VUs, 7680 complete and 0 interrupted iterations
gradual_ramp   [  38% ] 46/80 VUs  04m37.0s/12m00.0s

running (04m38.0s), 46/80 VUs, 7749 complete and 0 interrupted iterations
gradual_ramp   [  39% ] 46/80 VUs  04m38.0s/12m00.0s

running (04m39.0s), 47/80 VUs, 7810 complete and 0 interrupted iterations
gradual_ramp   [  39% ] 47/80 VUs  04m39.0s/12m00.0s

running (04m40.0s), 47/80 VUs, 7879 complete and 0 interrupted iterations
gradual_ramp   [  39% ] 47/80 VUs  04m40.0s/12m00.0s

running (04m41.0s), 47/80 VUs, 7941 complete and 0 interrupted iterations
gradual_ramp   [  39% ] 47/80 VUs  04m41.0s/12m00.0s

running (04m42.0s), 47/80 VUs, 8016 complete and 0 interrupted iterations
gradual_ramp   [  39% ] 47/80 VUs  04m42.0s/12m00.0s

running (04m43.0s), 48/80 VUs, 8075 complete and 0 interrupted iterations
gradual_ramp   [  39% ] 48/80 VUs  04m43.0s/12m00.0s

running (04m44.0s), 48/80 VUs, 8145 complete and 0 interrupted iterations
gradual_ramp   [  39% ] 48/80 VUs  04m44.0s/12m00.0s

running (04m45.0s), 48/80 VUs, 8212 complete and 0 interrupted iterations
gradual_ramp   [  40% ] 48/80 VUs  04m45.0s/12m00.0s

running (04m46.0s), 48/80 VUs, 8278 complete and 0 interrupted iterations
gradual_ramp   [  40% ] 48/80 VUs  04m46.0s/12m00.0s

running (04m47.0s), 48/80 VUs, 8352 complete and 0 interrupted iterations
gradual_ramp   [  40% ] 48/80 VUs  04m47.0s/12m00.0s

running (04m48.0s), 49/80 VUs, 8417 complete and 0 interrupted iterations
gradual_ramp   [  40% ] 49/80 VUs  04m48.0s/12m00.0s

running (04m49.0s), 49/80 VUs, 8482 complete and 0 interrupted iterations
gradual_ramp   [  40% ] 49/80 VUs  04m49.0s/12m00.0s

running (04m50.0s), 49/80 VUs, 8551 complete and 0 interrupted iterations
gradual_ramp   [  40% ] 49/80 VUs  04m50.0s/12m00.0s

running (04m51.0s), 49/80 VUs, 8621 complete and 0 interrupted iterations
gradual_ramp   [  40% ] 49/80 VUs  04m51.0s/12m00.0s

running (04m52.0s), 50/80 VUs, 8690 complete and 0 interrupted iterations
gradual_ramp   [  41% ] 50/80 VUs  04m52.0s/12m00.0s

running (04m53.0s), 50/80 VUs, 8759 complete and 0 interrupted iterations
gradual_ramp   [  41% ] 50/80 VUs  04m53.0s/12m00.0s

running (04m54.0s), 50/80 VUs, 8828 complete and 0 interrupted iterations
gradual_ramp   [  41% ] 50/80 VUs  04m54.0s/12m00.0s

running (04m55.0s), 50/80 VUs, 8899 complete and 0 interrupted iterations
gradual_ramp   [  41% ] 50/80 VUs  04m55.0s/12m00.0s

running (04m56.0s), 51/80 VUs, 8971 complete and 0 interrupted iterations
gradual_ramp   [  41% ] 51/80 VUs  04m56.0s/12m00.0s

running (04m57.0s), 51/80 VUs, 9043 complete and 0 interrupted iterations
gradual_ramp   [  41% ] 51/80 VUs  04m57.0s/12m00.0s

running (04m58.0s), 51/80 VUs, 9121 complete and 0 interrupted iterations
gradual_ramp   [  41% ] 51/80 VUs  04m58.0s/12m00.0s

running (04m59.0s), 51/80 VUs, 9190 complete and 0 interrupted iterations
gradual_ramp   [  42% ] 51/80 VUs  04m59.0s/12m00.0s

running (05m00.0s), 51/80 VUs, 9264 complete and 0 interrupted iterations
gradual_ramp   [  42% ] 51/80 VUs  05m00.0s/12m00.0s

running (05m01.0s), 52/80 VUs, 9338 complete and 0 interrupted iterations
gradual_ramp   [  42% ] 52/80 VUs  05m01.0s/12m00.0s

running (05m02.0s), 52/80 VUs, 9408 complete and 0 interrupted iterations
gradual_ramp   [  42% ] 52/80 VUs  05m02.0s/12m00.0s

running (05m03.0s), 52/80 VUs, 9477 complete and 0 interrupted iterations
gradual_ramp   [  42% ] 52/80 VUs  05m03.0s/12m00.0s

running (05m04.0s), 52/80 VUs, 9550 complete and 0 interrupted iterations
gradual_ramp   [  42% ] 52/80 VUs  05m04.0s/12m00.0s

running (05m05.0s), 53/80 VUs, 9629 complete and 0 interrupted iterations
gradual_ramp   [  42% ] 53/80 VUs  05m05.0s/12m00.0s

running (05m06.0s), 53/80 VUs, 9705 complete and 0 interrupted iterations
gradual_ramp   [  42% ] 53/80 VUs  05m06.0s/12m00.0s

running (05m07.0s), 53/80 VUs, 9782 complete and 0 interrupted iterations
gradual_ramp   [  43% ] 53/80 VUs  05m07.0s/12m00.0s

running (05m08.0s), 53/80 VUs, 9853 complete and 0 interrupted iterations
gradual_ramp   [  43% ] 53/80 VUs  05m08.0s/12m00.0s

running (05m09.0s), 54/80 VUs, 9927 complete and 0 interrupted iterations
gradual_ramp   [  43% ] 54/80 VUs  05m09.0s/12m00.0s

running (05m10.0s), 54/80 VUs, 10006 complete and 0 interrupted iterations
gradual_ramp   [  43% ] 54/80 VUs  05m10.0s/12m00.0s

running (05m11.0s), 54/80 VUs, 10081 complete and 0 interrupted iterations
gradual_ramp   [  43% ] 54/80 VUs  05m11.0s/12m00.0s

running (05m12.0s), 54/80 VUs, 10153 complete and 0 interrupted iterations
gradual_ramp   [  43% ] 54/80 VUs  05m12.0s/12m00.0s

running (05m13.0s), 55/80 VUs, 10230 complete and 0 interrupted iterations
gradual_ramp   [  43% ] 55/80 VUs  05m13.0s/12m00.0s

running (05m14.0s), 55/80 VUs, 10306 complete and 0 interrupted iterations
gradual_ramp   [  44% ] 55/80 VUs  05m14.0s/12m00.0s

running (05m15.0s), 55/80 VUs, 10384 complete and 0 interrupted iterations
gradual_ramp   [  44% ] 55/80 VUs  05m15.0s/12m00.0s

running (05m16.0s), 55/80 VUs, 10460 complete and 0 interrupted iterations
gradual_ramp   [  44% ] 55/80 VUs  05m16.0s/12m00.0s

running (05m17.0s), 55/80 VUs, 10535 complete and 0 interrupted iterations
gradual_ramp   [  44% ] 55/80 VUs  05m17.0s/12m00.0s

running (05m18.0s), 56/80 VUs, 10616 complete and 0 interrupted iterations
gradual_ramp   [  44% ] 56/80 VUs  05m18.0s/12m00.0s

running (05m19.0s), 56/80 VUs, 10693 complete and 0 interrupted iterations
gradual_ramp   [  44% ] 56/80 VUs  05m19.0s/12m00.0s

running (05m20.0s), 56/80 VUs, 10770 complete and 0 interrupted iterations
gradual_ramp   [  44% ] 56/80 VUs  05m20.0s/12m00.0s

running (05m21.0s), 56/80 VUs, 10846 complete and 0 interrupted iterations
gradual_ramp   [  45% ] 56/80 VUs  05m21.0s/12m00.0s

running (05m22.0s), 57/80 VUs, 10928 complete and 0 interrupted iterations
gradual_ramp   [  45% ] 57/80 VUs  05m22.0s/12m00.0s

running (05m23.0s), 57/80 VUs, 11010 complete and 0 interrupted iterations
gradual_ramp   [  45% ] 57/80 VUs  05m23.0s/12m00.0s

running (05m24.0s), 57/80 VUs, 11084 complete and 0 interrupted iterations
gradual_ramp   [  45% ] 57/80 VUs  05m24.0s/12m00.0s

running (05m25.0s), 57/80 VUs, 11166 complete and 0 interrupted iterations
gradual_ramp   [  45% ] 57/80 VUs  05m25.0s/12m00.0s

running (05m26.0s), 58/80 VUs, 11251 complete and 0 interrupted iterations
gradual_ramp   [  45% ] 58/80 VUs  05m26.0s/12m00.0s

running (05m27.0s), 58/80 VUs, 11329 complete and 0 interrupted iterations
gradual_ramp   [  45% ] 58/80 VUs  05m27.0s/12m00.0s

running (05m28.0s), 58/80 VUs, 11412 complete and 0 interrupted iterations
gradual_ramp   [  46% ] 58/80 VUs  05m28.0s/12m00.0s

running (05m29.0s), 58/80 VUs, 11491 complete and 0 interrupted iterations
gradual_ramp   [  46% ] 58/80 VUs  05m29.0s/12m00.0s

running (05m30.0s), 58/80 VUs, 11567 complete and 0 interrupted iterations
gradual_ramp   [  46% ] 58/80 VUs  05m30.0s/12m00.0s

running (05m31.0s), 59/80 VUs, 11656 complete and 0 interrupted iterations
gradual_ramp   [  46% ] 59/80 VUs  05m31.0s/12m00.0s

running (05m32.0s), 59/80 VUs, 11738 complete and 0 interrupted iterations
gradual_ramp   [  46% ] 59/80 VUs  05m32.0s/12m00.0s

running (05m33.0s), 59/80 VUs, 11820 complete and 0 interrupted iterations
gradual_ramp   [  46% ] 59/80 VUs  05m33.0s/12m00.0s

running (05m34.0s), 59/80 VUs, 11903 complete and 0 interrupted iterations
gradual_ramp   [  46% ] 59/80 VUs  05m34.0s/12m00.0s

running (05m35.0s), 60/80 VUs, 11984 complete and 0 interrupted iterations
gradual_ramp   [  47% ] 60/80 VUs  05m35.0s/12m00.0s

running (05m36.0s), 60/80 VUs, 12067 complete and 0 interrupted iterations
gradual_ramp   [  47% ] 60/80 VUs  05m36.0s/12m00.0s

running (05m37.0s), 60/80 VUs, 12152 complete and 0 interrupted iterations
gradual_ramp   [  47% ] 60/80 VUs  05m37.0s/12m00.0s

running (05m38.0s), 60/80 VUs, 12235 complete and 0 interrupted iterations
gradual_ramp   [  47% ] 60/80 VUs  05m38.0s/12m00.0s

running (05m39.0s), 61/80 VUs, 12316 complete and 0 interrupted iterations
gradual_ramp   [  47% ] 61/80 VUs  05m39.0s/12m00.0s

running (05m40.0s), 61/80 VUs, 12406 complete and 0 interrupted iterations
gradual_ramp   [  47% ] 61/80 VUs  05m40.0s/12m00.0s

running (05m41.0s), 61/80 VUs, 12493 complete and 0 interrupted iterations
gradual_ramp   [  47% ] 61/80 VUs  05m41.0s/12m00.0s

running (05m42.0s), 61/80 VUs, 12579 complete and 0 interrupted iterations
gradual_ramp   [  47% ] 61/80 VUs  05m42.0s/12m00.0s

running (05m43.0s), 62/80 VUs, 12665 complete and 0 interrupted iterations
gradual_ramp   [  48% ] 62/80 VUs  05m43.0s/12m00.0s

running (05m44.0s), 62/80 VUs, 12752 complete and 0 interrupted iterations
gradual_ramp   [  48% ] 62/80 VUs  05m44.0s/12m00.0s

running (05m45.0s), 62/80 VUs, 12835 complete and 0 interrupted iterations
gradual_ramp   [  48% ] 62/80 VUs  05m45.0s/12m00.0s

running (05m46.0s), 62/80 VUs, 12924 complete and 0 interrupted iterations
gradual_ramp   [  48% ] 62/80 VUs  05m46.0s/12m00.0s

running (05m47.0s), 62/80 VUs, 13014 complete and 0 interrupted iterations
gradual_ramp   [  48% ] 62/80 VUs  05m47.0s/12m00.0s

running (05m48.0s), 63/80 VUs, 13104 complete and 0 interrupted iterations
gradual_ramp   [  48% ] 63/80 VUs  05m48.0s/12m00.0s

running (05m49.0s), 63/80 VUs, 13187 complete and 0 interrupted iterations
gradual_ramp   [  48% ] 63/80 VUs  05m49.0s/12m00.0s

running (05m50.0s), 63/80 VUs, 13280 complete and 0 interrupted iterations
gradual_ramp   [  49% ] 63/80 VUs  05m50.0s/12m00.0s

running (05m51.0s), 63/80 VUs, 13368 complete and 0 interrupted iterations
gradual_ramp   [  49% ] 63/80 VUs  05m51.0s/12m00.0s

running (05m52.0s), 64/80 VUs, 13455 complete and 0 interrupted iterations
gradual_ramp   [  49% ] 64/80 VUs  05m52.0s/12m00.0s

running (05m53.0s), 64/80 VUs, 13543 complete and 0 interrupted iterations
gradual_ramp   [  49% ] 64/80 VUs  05m53.0s/12m00.0s

running (05m54.0s), 64/80 VUs, 13632 complete and 0 interrupted iterations
gradual_ramp   [  49% ] 64/80 VUs  05m54.0s/12m00.0s

running (05m55.0s), 64/80 VUs, 13721 complete and 0 interrupted iterations
gradual_ramp   [  49% ] 64/80 VUs  05m55.0s/12m00.0s

running (05m56.0s), 65/80 VUs, 13814 complete and 0 interrupted iterations
gradual_ramp   [  49% ] 65/80 VUs  05m56.0s/12m00.0s

running (05m57.0s), 65/80 VUs, 13902 complete and 0 interrupted iterations
gradual_ramp   [  50% ] 65/80 VUs  05m57.0s/12m00.0s

running (05m58.0s), 65/80 VUs, 13989 complete and 0 interrupted iterations
gradual_ramp   [  50% ] 65/80 VUs  05m58.0s/12m00.0s

running (05m59.0s), 65/80 VUs, 14082 complete and 0 interrupted iterations
gradual_ramp   [  50% ] 65/80 VUs  05m59.0s/12m00.0s

running (06m00.0s), 65/80 VUs, 14170 complete and 0 interrupted iterations
gradual_ramp   [  50% ] 65/80 VUs  06m00.0s/12m00.0s

running (06m01.0s), 66/80 VUs, 14263 complete and 0 interrupted iterations
gradual_ramp   [  50% ] 66/80 VUs  06m01.0s/12m00.0s

running (06m02.0s), 66/80 VUs, 14354 complete and 0 interrupted iterations
gradual_ramp   [  50% ] 66/80 VUs  06m02.0s/12m00.0s

running (06m03.0s), 66/80 VUs, 14444 complete and 0 interrupted iterations
gradual_ramp   [  50% ] 66/80 VUs  06m03.0s/12m00.0s

running (06m04.0s), 66/80 VUs, 14532 complete and 0 interrupted iterations
gradual_ramp   [  51% ] 66/80 VUs  06m04.0s/12m00.0s

running (06m05.0s), 67/80 VUs, 14631 complete and 0 interrupted iterations
gradual_ramp   [  51% ] 67/80 VUs  06m05.0s/12m00.0s

running (06m06.0s), 67/80 VUs, 14724 complete and 0 interrupted iterations
gradual_ramp   [  51% ] 67/80 VUs  06m06.0s/12m00.0s

running (06m07.0s), 67/80 VUs, 14815 complete and 0 interrupted iterations
gradual_ramp   [  51% ] 67/80 VUs  06m07.0s/12m00.0s

running (06m08.0s), 67/80 VUs, 14910 complete and 0 interrupted iterations
gradual_ramp   [  51% ] 67/80 VUs  06m08.0s/12m00.0s

running (06m09.0s), 68/80 VUs, 14997 complete and 0 interrupted iterations
gradual_ramp   [  51% ] 68/80 VUs  06m09.0s/12m00.0s

running (06m10.0s), 68/80 VUs, 15088 complete and 0 interrupted iterations
gradual_ramp   [  51% ] 68/80 VUs  06m10.0s/12m00.0s

running (06m11.0s), 68/80 VUs, 15164 complete and 0 interrupted iterations
gradual_ramp   [  52% ] 68/80 VUs  06m11.0s/12m00.0s

running (06m12.0s), 68/80 VUs, 15254 complete and 0 interrupted iterations
gradual_ramp   [  52% ] 68/80 VUs  06m12.0s/12m00.0s

running (06m13.0s), 69/80 VUs, 15340 complete and 0 interrupted iterations
gradual_ramp   [  52% ] 69/80 VUs  06m13.0s/12m00.0s

running (06m14.0s), 69/80 VUs, 15433 complete and 0 interrupted iterations
gradual_ramp   [  52% ] 69/80 VUs  06m14.0s/12m00.0s

running (06m15.0s), 69/80 VUs, 15528 complete and 0 interrupted iterations
gradual_ramp   [  52% ] 69/80 VUs  06m15.0s/12m00.0s

running (06m16.0s), 69/80 VUs, 15626 complete and 0 interrupted iterations
gradual_ramp   [  52% ] 69/80 VUs  06m16.0s/12m00.0s

running (06m17.0s), 69/80 VUs, 15721 complete and 0 interrupted iterations
gradual_ramp   [  52% ] 69/80 VUs  06m17.0s/12m00.0s

running (06m18.0s), 70/80 VUs, 15817 complete and 0 interrupted iterations
gradual_ramp   [  52% ] 70/80 VUs  06m18.0s/12m00.0s

running (06m19.0s), 70/80 VUs, 15915 complete and 0 interrupted iterations
gradual_ramp   [  53% ] 70/80 VUs  06m19.0s/12m00.0s

running (06m20.0s), 70/80 VUs, 16010 complete and 0 interrupted iterations
gradual_ramp   [  53% ] 70/80 VUs  06m20.0s/12m00.0s

running (06m21.0s), 70/80 VUs, 16099 complete and 0 interrupted iterations
gradual_ramp   [  53% ] 70/80 VUs  06m21.0s/12m00.0s

running (06m22.0s), 71/80 VUs, 16177 complete and 0 interrupted iterations
gradual_ramp   [  53% ] 71/80 VUs  06m22.0s/12m00.0s

running (06m23.0s), 71/80 VUs, 16268 complete and 0 interrupted iterations
gradual_ramp   [  53% ] 71/80 VUs  06m23.0s/12m00.0s

running (06m24.0s), 71/80 VUs, 16362 complete and 0 interrupted iterations
gradual_ramp   [  53% ] 71/80 VUs  06m24.0s/12m00.0s

running (06m25.0s), 71/80 VUs, 16465 complete and 0 interrupted iterations
gradual_ramp   [  53% ] 71/80 VUs  06m25.0s/12m00.0s

running (06m26.0s), 72/80 VUs, 16572 complete and 0 interrupted iterations
gradual_ramp   [  54% ] 72/80 VUs  06m26.0s/12m00.0s

running (06m27.0s), 72/80 VUs, 16669 complete and 0 interrupted iterations
gradual_ramp   [  54% ] 72/80 VUs  06m27.0s/12m00.0s

running (06m28.0s), 72/80 VUs, 16771 complete and 0 interrupted iterations
gradual_ramp   [  54% ] 72/80 VUs  06m28.0s/12m00.0s

running (06m29.0s), 72/80 VUs, 16872 complete and 0 interrupted iterations
gradual_ramp   [  54% ] 72/80 VUs  06m29.0s/12m00.0s

running (06m30.0s), 72/80 VUs, 16969 complete and 0 interrupted iterations
gradual_ramp   [  54% ] 72/80 VUs  06m30.0s/12m00.0s

running (06m31.0s), 73/80 VUs, 17067 complete and 0 interrupted iterations
gradual_ramp   [  54% ] 73/80 VUs  06m31.0s/12m00.0s

running (06m32.0s), 73/80 VUs, 17168 complete and 0 interrupted iterations
gradual_ramp   [  54% ] 73/80 VUs  06m32.0s/12m00.0s

running (06m33.0s), 73/80 VUs, 17273 complete and 0 interrupted iterations
gradual_ramp   [  55% ] 73/80 VUs  06m33.0s/12m00.0s

running (06m34.0s), 73/80 VUs, 17375 complete and 0 interrupted iterations
gradual_ramp   [  55% ] 73/80 VUs  06m34.0s/12m00.0s

running (06m35.0s), 74/80 VUs, 17484 complete and 0 interrupted iterations
gradual_ramp   [  55% ] 74/80 VUs  06m35.0s/12m00.0s

running (06m36.0s), 74/80 VUs, 17585 complete and 0 interrupted iterations
gradual_ramp   [  55% ] 74/80 VUs  06m36.0s/12m00.0s

running (06m37.0s), 74/80 VUs, 17689 complete and 0 interrupted iterations
gradual_ramp   [  55% ] 74/80 VUs  06m37.0s/12m00.0s

running (06m38.0s), 74/80 VUs, 17799 complete and 0 interrupted iterations
gradual_ramp   [  55% ] 74/80 VUs  06m38.0s/12m00.0s

running (06m39.0s), 75/80 VUs, 17901 complete and 0 interrupted iterations
gradual_ramp   [  55% ] 75/80 VUs  06m39.0s/12m00.0s

running (06m40.0s), 75/80 VUs, 18004 complete and 0 interrupted iterations
gradual_ramp   [  56% ] 75/80 VUs  06m40.0s/12m00.0s

running (06m41.0s), 75/80 VUs, 18112 complete and 0 interrupted iterations
gradual_ramp   [  56% ] 75/80 VUs  06m41.0s/12m00.0s

running (06m42.0s), 75/80 VUs, 18213 complete and 0 interrupted iterations
gradual_ramp   [  56% ] 75/80 VUs  06m42.0s/12m00.0s

running (06m43.0s), 76/80 VUs, 18321 complete and 0 interrupted iterations
gradual_ramp   [  56% ] 76/80 VUs  06m43.0s/12m00.0s

running (06m44.0s), 76/80 VUs, 18430 complete and 0 interrupted iterations
gradual_ramp   [  56% ] 76/80 VUs  06m44.0s/12m00.0s

running (06m45.0s), 76/80 VUs, 18539 complete and 0 interrupted iterations
gradual_ramp   [  56% ] 76/80 VUs  06m45.0s/12m00.0s

running (06m46.0s), 76/80 VUs, 18648 complete and 0 interrupted iterations
gradual_ramp   [  56% ] 76/80 VUs  06m46.0s/12m00.0s

running (06m47.0s), 76/80 VUs, 18750 complete and 0 interrupted iterations
gradual_ramp   [  57% ] 76/80 VUs  06m47.0s/12m00.0s

running (06m48.0s), 77/80 VUs, 18863 complete and 0 interrupted iterations
gradual_ramp   [  57% ] 77/80 VUs  06m48.0s/12m00.0s

running (06m49.0s), 77/80 VUs, 18967 complete and 0 interrupted iterations
gradual_ramp   [  57% ] 77/80 VUs  06m49.0s/12m00.0s

running (06m50.0s), 77/80 VUs, 19077 complete and 0 interrupted iterations
gradual_ramp   [  57% ] 77/80 VUs  06m50.0s/12m00.0s

running (06m51.0s), 77/80 VUs, 19184 complete and 0 interrupted iterations
gradual_ramp   [  57% ] 77/80 VUs  06m51.0s/12m00.0s

running (06m52.0s), 78/80 VUs, 19296 complete and 0 interrupted iterations
gradual_ramp   [  57% ] 78/80 VUs  06m52.0s/12m00.0s

running (06m53.0s), 78/80 VUs, 19405 complete and 0 interrupted iterations
gradual_ramp   [  57% ] 78/80 VUs  06m53.0s/12m00.0s

running (06m54.0s), 78/80 VUs, 19513 complete and 0 interrupted iterations
gradual_ramp   [  57% ] 78/80 VUs  06m54.0s/12m00.0s

running (06m55.0s), 78/80 VUs, 19628 complete and 0 interrupted iterations
gradual_ramp   [  58% ] 78/80 VUs  06m55.0s/12m00.0s

running (06m56.0s), 79/80 VUs, 19737 complete and 0 interrupted iterations
gradual_ramp   [  58% ] 79/80 VUs  06m56.0s/12m00.0s

running (06m57.0s), 79/80 VUs, 19851 complete and 0 interrupted iterations
gradual_ramp   [  58% ] 79/80 VUs  06m57.0s/12m00.0s

running (06m58.0s), 79/80 VUs, 19963 complete and 0 interrupted iterations
gradual_ramp   [  58% ] 79/80 VUs  06m58.0s/12m00.0s

running (06m59.0s), 79/80 VUs, 20073 complete and 0 interrupted iterations
gradual_ramp   [  58% ] 79/80 VUs  06m59.0s/12m00.0s

running (07m00.0s), 79/80 VUs, 20176 complete and 0 interrupted iterations
gradual_ramp   [  58% ] 79/80 VUs  07m00.0s/12m00.0s

running (07m01.0s), 80/80 VUs, 20296 complete and 0 interrupted iterations
gradual_ramp   [  58% ] 80/80 VUs  07m01.0s/12m00.0s

running (07m02.0s), 80/80 VUs, 20406 complete and 0 interrupted iterations
gradual_ramp   [  59% ] 80/80 VUs  07m02.0s/12m00.0s

running (07m03.0s), 80/80 VUs, 20516 complete and 0 interrupted iterations
gradual_ramp   [  59% ] 80/80 VUs  07m03.0s/12m00.0s

running (07m04.0s), 80/80 VUs, 20628 complete and 0 interrupted iterations
gradual_ramp   [  59% ] 80/80 VUs  07m04.0s/12m00.0s

running (07m05.0s), 80/80 VUs, 20733 complete and 0 interrupted iterations
gradual_ramp   [  59% ] 80/80 VUs  07m05.0s/12m00.0s

running (07m06.0s), 80/80 VUs, 20852 complete and 0 interrupted iterations
gradual_ramp   [  59% ] 80/80 VUs  07m06.0s/12m00.0s

running (07m07.0s), 80/80 VUs, 20958 complete and 0 interrupted iterations
gradual_ramp   [  59% ] 80/80 VUs  07m07.0s/12m00.0s

running (07m08.0s), 80/80 VUs, 21077 complete and 0 interrupted iterations
gradual_ramp   [  59% ] 80/80 VUs  07m08.0s/12m00.0s

running (07m09.0s), 80/80 VUs, 21186 complete and 0 interrupted iterations
gradual_ramp   [  60% ] 80/80 VUs  07m09.0s/12m00.0s

running (07m10.0s), 80/80 VUs, 21304 complete and 0 interrupted iterations
gradual_ramp   [  60% ] 80/80 VUs  07m10.0s/12m00.0s

running (07m11.0s), 80/80 VUs, 21413 complete and 0 interrupted iterations
gradual_ramp   [  60% ] 80/80 VUs  07m11.0s/12m00.0s

running (07m12.0s), 80/80 VUs, 21521 complete and 0 interrupted iterations
gradual_ramp   [  60% ] 80/80 VUs  07m12.0s/12m00.0s

running (07m13.0s), 80/80 VUs, 21640 complete and 0 interrupted iterations
gradual_ramp   [  60% ] 80/80 VUs  07m13.0s/12m00.0s

running (07m14.0s), 80/80 VUs, 21748 complete and 0 interrupted iterations
gradual_ramp   [  60% ] 80/80 VUs  07m14.0s/12m00.0s

running (07m15.0s), 80/80 VUs, 21861 complete and 0 interrupted iterations
gradual_ramp   [  60% ] 80/80 VUs  07m15.0s/12m00.0s

running (07m16.0s), 80/80 VUs, 21971 complete and 0 interrupted iterations
gradual_ramp   [  61% ] 80/80 VUs  07m16.0s/12m00.0s

running (07m17.0s), 80/80 VUs, 22085 complete and 0 interrupted iterations
gradual_ramp   [  61% ] 80/80 VUs  07m17.0s/12m00.0s

running (07m18.0s), 80/80 VUs, 22199 complete and 0 interrupted iterations
gradual_ramp   [  61% ] 80/80 VUs  07m18.0s/12m00.0s

running (07m19.0s), 80/80 VUs, 22307 complete and 0 interrupted iterations
gradual_ramp   [  61% ] 80/80 VUs  07m19.0s/12m00.0s

running (07m20.0s), 80/80 VUs, 22427 complete and 0 interrupted iterations
gradual_ramp   [  61% ] 80/80 VUs  07m20.0s/12m00.0s

running (07m21.0s), 80/80 VUs, 22533 complete and 0 interrupted iterations
gradual_ramp   [  61% ] 80/80 VUs  07m21.0s/12m00.0s

running (07m22.0s), 80/80 VUs, 22645 complete and 0 interrupted iterations
gradual_ramp   [  61% ] 80/80 VUs  07m22.0s/12m00.0s

running (07m23.0s), 80/80 VUs, 22756 complete and 0 interrupted iterations
gradual_ramp   [  62% ] 80/80 VUs  07m23.0s/12m00.0s

running (07m24.0s), 80/80 VUs, 22875 complete and 0 interrupted iterations
gradual_ramp   [  62% ] 80/80 VUs  07m24.0s/12m00.0s

running (07m25.0s), 80/80 VUs, 22982 complete and 0 interrupted iterations
gradual_ramp   [  62% ] 80/80 VUs  07m25.0s/12m00.0s

running (07m26.0s), 80/80 VUs, 23096 complete and 0 interrupted iterations
gradual_ramp   [  62% ] 80/80 VUs  07m26.0s/12m00.0s

running (07m27.0s), 80/80 VUs, 23214 complete and 0 interrupted iterations
gradual_ramp   [  62% ] 80/80 VUs  07m27.0s/12m00.0s

running (07m28.0s), 80/80 VUs, 23325 complete and 0 interrupted iterations
gradual_ramp   [  62% ] 80/80 VUs  07m28.0s/12m00.0s

running (07m29.0s), 80/80 VUs, 23433 complete and 0 interrupted iterations
gradual_ramp   [  62% ] 80/80 VUs  07m29.0s/12m00.0s

running (07m30.0s), 80/80 VUs, 23560 complete and 0 interrupted iterations
gradual_ramp   [  62% ] 80/80 VUs  07m30.0s/12m00.0s

running (07m31.0s), 80/80 VUs, 23665 complete and 0 interrupted iterations
gradual_ramp   [  63% ] 80/80 VUs  07m31.0s/12m00.0s

running (07m32.0s), 80/80 VUs, 23776 complete and 0 interrupted iterations
gradual_ramp   [  63% ] 80/80 VUs  07m32.0s/12m00.0s

running (07m33.0s), 80/80 VUs, 23883 complete and 0 interrupted iterations
gradual_ramp   [  63% ] 80/80 VUs  07m33.0s/12m00.0s

running (07m34.0s), 80/80 VUs, 23997 complete and 0 interrupted iterations
gradual_ramp   [  63% ] 80/80 VUs  07m34.0s/12m00.0s

running (07m35.0s), 80/80 VUs, 24104 complete and 0 interrupted iterations
gradual_ramp   [  63% ] 80/80 VUs  07m35.0s/12m00.0s

running (07m36.0s), 80/80 VUs, 24222 complete and 0 interrupted iterations
gradual_ramp   [  63% ] 80/80 VUs  07m36.0s/12m00.0s

running (07m37.0s), 80/80 VUs, 24337 complete and 0 interrupted iterations
gradual_ramp   [  63% ] 80/80 VUs  07m37.0s/12m00.0s

running (07m38.0s), 80/80 VUs, 24440 complete and 0 interrupted iterations
gradual_ramp   [  64% ] 80/80 VUs  07m38.0s/12m00.0s

running (07m39.0s), 80/80 VUs, 24547 complete and 0 interrupted iterations
gradual_ramp   [  64% ] 80/80 VUs  07m39.0s/12m00.0s

running (07m40.0s), 80/80 VUs, 24669 complete and 0 interrupted iterations
gradual_ramp   [  64% ] 80/80 VUs  07m40.0s/12m00.0s

running (07m41.0s), 80/80 VUs, 24777 complete and 0 interrupted iterations
gradual_ramp   [  64% ] 80/80 VUs  07m41.0s/12m00.0s

running (07m42.0s), 80/80 VUs, 24893 complete and 0 interrupted iterations
gradual_ramp   [  64% ] 80/80 VUs  07m42.0s/12m00.0s

running (07m43.0s), 80/80 VUs, 24996 complete and 0 interrupted iterations
gradual_ramp   [  64% ] 80/80 VUs  07m43.0s/12m00.0s

running (07m44.0s), 80/80 VUs, 25117 complete and 0 interrupted iterations
gradual_ramp   [  64% ] 80/80 VUs  07m44.0s/12m00.0s

running (07m45.0s), 80/80 VUs, 25227 complete and 0 interrupted iterations
gradual_ramp   [  65% ] 80/80 VUs  07m45.0s/12m00.0s

running (07m46.0s), 80/80 VUs, 25339 complete and 0 interrupted iterations
gradual_ramp   [  65% ] 80/80 VUs  07m46.0s/12m00.0s

running (07m47.0s), 80/80 VUs, 25456 complete and 0 interrupted iterations
gradual_ramp   [  65% ] 80/80 VUs  07m47.0s/12m00.0s

running (07m48.0s), 80/80 VUs, 25566 complete and 0 interrupted iterations
gradual_ramp   [  65% ] 80/80 VUs  07m48.0s/12m00.0s

running (07m49.0s), 80/80 VUs, 25675 complete and 0 interrupted iterations
gradual_ramp   [  65% ] 80/80 VUs  07m49.0s/12m00.0s

running (07m50.0s), 80/80 VUs, 25782 complete and 0 interrupted iterations
gradual_ramp   [  65% ] 80/80 VUs  07m50.0s/12m00.0s

running (07m51.0s), 80/80 VUs, 25900 complete and 0 interrupted iterations
gradual_ramp   [  65% ] 80/80 VUs  07m51.0s/12m00.0s

running (07m52.0s), 80/80 VUs, 26007 complete and 0 interrupted iterations
gradual_ramp   [  66% ] 80/80 VUs  07m52.0s/12m00.0s

running (07m53.0s), 80/80 VUs, 26119 complete and 0 interrupted iterations
gradual_ramp   [  66% ] 80/80 VUs  07m53.0s/12m00.0s

running (07m54.0s), 80/80 VUs, 26233 complete and 0 interrupted iterations
gradual_ramp   [  66% ] 80/80 VUs  07m54.0s/12m00.0s

running (07m55.0s), 80/80 VUs, 26344 complete and 0 interrupted iterations
gradual_ramp   [  66% ] 80/80 VUs  07m55.0s/12m00.0s

running (07m56.0s), 80/80 VUs, 26453 complete and 0 interrupted iterations
gradual_ramp   [  66% ] 80/80 VUs  07m56.0s/12m00.0s

running (07m57.0s), 80/80 VUs, 26565 complete and 0 interrupted iterations
gradual_ramp   [  66% ] 80/80 VUs  07m57.0s/12m00.0s

running (07m58.0s), 80/80 VUs, 26682 complete and 0 interrupted iterations
gradual_ramp   [  66% ] 80/80 VUs  07m58.0s/12m00.0s

running (07m59.0s), 80/80 VUs, 26787 complete and 0 interrupted iterations
gradual_ramp   [  67% ] 80/80 VUs  07m59.0s/12m00.0s

running (08m00.0s), 80/80 VUs, 26904 complete and 0 interrupted iterations
gradual_ramp   [  67% ] 80/80 VUs  08m00.0s/12m00.0s

running (08m01.0s), 80/80 VUs, 27014 complete and 0 interrupted iterations
gradual_ramp   [  67% ] 80/80 VUs  08m01.0s/12m00.0s

running (08m02.0s), 80/80 VUs, 27120 complete and 0 interrupted iterations
gradual_ramp   [  67% ] 80/80 VUs  08m02.0s/12m00.0s

running (08m03.0s), 80/80 VUs, 27242 complete and 0 interrupted iterations
gradual_ramp   [  67% ] 80/80 VUs  08m03.0s/12m00.0s

running (08m04.0s), 80/80 VUs, 27349 complete and 0 interrupted iterations
gradual_ramp   [  67% ] 80/80 VUs  08m04.0s/12m00.0s

running (08m05.0s), 80/80 VUs, 27461 complete and 0 interrupted iterations
gradual_ramp   [  67% ] 80/80 VUs  08m05.0s/12m00.0s

running (08m06.0s), 80/80 VUs, 27583 complete and 0 interrupted iterations
gradual_ramp   [  67% ] 80/80 VUs  08m06.0s/12m00.0s

running (08m07.0s), 80/80 VUs, 27691 complete and 0 interrupted iterations
gradual_ramp   [  68% ] 80/80 VUs  08m07.0s/12m00.0s

running (08m08.0s), 80/80 VUs, 27802 complete and 0 interrupted iterations
gradual_ramp   [  68% ] 80/80 VUs  08m08.0s/12m00.0s

running (08m09.0s), 80/80 VUs, 27916 complete and 0 interrupted iterations
gradual_ramp   [  68% ] 80/80 VUs  08m09.0s/12m00.0s

running (08m10.0s), 80/80 VUs, 28022 complete and 0 interrupted iterations
gradual_ramp   [  68% ] 80/80 VUs  08m10.0s/12m00.0s

running (08m11.0s), 80/80 VUs, 28132 complete and 0 interrupted iterations
gradual_ramp   [  68% ] 80/80 VUs  08m11.0s/12m00.0s

running (08m12.0s), 80/80 VUs, 28250 complete and 0 interrupted iterations
gradual_ramp   [  68% ] 80/80 VUs  08m12.0s/12m00.0s

running (08m13.0s), 80/80 VUs, 28365 complete and 0 interrupted iterations
gradual_ramp   [  68% ] 80/80 VUs  08m13.0s/12m00.0s

running (08m14.0s), 80/80 VUs, 28480 complete and 0 interrupted iterations
gradual_ramp   [  69% ] 80/80 VUs  08m14.0s/12m00.0s

running (08m15.0s), 80/80 VUs, 28595 complete and 0 interrupted iterations
gradual_ramp   [  69% ] 80/80 VUs  08m15.0s/12m00.0s

running (08m16.0s), 80/80 VUs, 28710 complete and 0 interrupted iterations
gradual_ramp   [  69% ] 80/80 VUs  08m16.0s/12m00.0s

running (08m17.0s), 80/80 VUs, 28815 complete and 0 interrupted iterations
gradual_ramp   [  69% ] 80/80 VUs  08m17.0s/12m00.0s

running (08m18.0s), 80/80 VUs, 28929 complete and 0 interrupted iterations
gradual_ramp   [  69% ] 80/80 VUs  08m18.0s/12m00.0s

running (08m19.0s), 80/80 VUs, 29045 complete and 0 interrupted iterations
gradual_ramp   [  69% ] 80/80 VUs  08m19.0s/12m00.0s

running (08m20.0s), 80/80 VUs, 29158 complete and 0 interrupted iterations
gradual_ramp   [  69% ] 80/80 VUs  08m20.0s/12m00.0s

running (08m21.0s), 80/80 VUs, 29275 complete and 0 interrupted iterations
gradual_ramp   [  70% ] 80/80 VUs  08m21.0s/12m00.0s

running (08m22.0s), 80/80 VUs, 29382 complete and 0 interrupted iterations
gradual_ramp   [  70% ] 80/80 VUs  08m22.0s/12m00.0s

running (08m23.0s), 80/80 VUs, 29497 complete and 0 interrupted iterations
gradual_ramp   [  70% ] 80/80 VUs  08m23.0s/12m00.0s

running (08m24.0s), 80/80 VUs, 29609 complete and 0 interrupted iterations
gradual_ramp   [  70% ] 80/80 VUs  08m24.0s/12m00.0s

running (08m25.0s), 80/80 VUs, 29718 complete and 0 interrupted iterations
gradual_ramp   [  70% ] 80/80 VUs  08m25.0s/12m00.0s

running (08m26.0s), 80/80 VUs, 29830 complete and 0 interrupted iterations
gradual_ramp   [  70% ] 80/80 VUs  08m26.0s/12m00.0s

running (08m27.0s), 80/80 VUs, 29943 complete and 0 interrupted iterations
gradual_ramp   [  70% ] 80/80 VUs  08m27.0s/12m00.0s

running (08m28.0s), 80/80 VUs, 30058 complete and 0 interrupted iterations
gradual_ramp   [  71% ] 80/80 VUs  08m28.0s/12m00.0s

running (08m29.0s), 80/80 VUs, 30173 complete and 0 interrupted iterations
gradual_ramp   [  71% ] 80/80 VUs  08m29.0s/12m00.0s

running (08m30.0s), 80/80 VUs, 30279 complete and 0 interrupted iterations
gradual_ramp   [  71% ] 80/80 VUs  08m30.0s/12m00.0s

running (08m31.0s), 80/80 VUs, 30387 complete and 0 interrupted iterations
gradual_ramp   [  71% ] 80/80 VUs  08m31.0s/12m00.0s

running (08m32.0s), 80/80 VUs, 30508 complete and 0 interrupted iterations
gradual_ramp   [  71% ] 80/80 VUs  08m32.0s/12m00.0s

running (08m33.0s), 80/80 VUs, 30619 complete and 0 interrupted iterations
gradual_ramp   [  71% ] 80/80 VUs  08m33.0s/12m00.0s

running (08m34.0s), 80/80 VUs, 30733 complete and 0 interrupted iterations
gradual_ramp   [  71% ] 80/80 VUs  08m34.0s/12m00.0s

running (08m35.0s), 80/80 VUs, 30846 complete and 0 interrupted iterations
gradual_ramp   [  72% ] 80/80 VUs  08m35.0s/12m00.0s

running (08m36.0s), 80/80 VUs, 30958 complete and 0 interrupted iterations
gradual_ramp   [  72% ] 80/80 VUs  08m36.0s/12m00.0s

running (08m37.0s), 80/80 VUs, 31069 complete and 0 interrupted iterations
gradual_ramp   [  72% ] 80/80 VUs  08m37.0s/12m00.0s

running (08m38.0s), 80/80 VUs, 31181 complete and 0 interrupted iterations
gradual_ramp   [  72% ] 80/80 VUs  08m38.0s/12m00.0s

running (08m39.0s), 80/80 VUs, 31294 complete and 0 interrupted iterations
gradual_ramp   [  72% ] 80/80 VUs  08m39.0s/12m00.0s

running (08m40.0s), 80/80 VUs, 31401 complete and 0 interrupted iterations
gradual_ramp   [  72% ] 80/80 VUs  08m40.0s/12m00.0s

running (08m41.0s), 80/80 VUs, 31516 complete and 0 interrupted iterations
gradual_ramp   [  72% ] 80/80 VUs  08m41.0s/12m00.0s

running (08m42.0s), 80/80 VUs, 31629 complete and 0 interrupted iterations
gradual_ramp   [  72% ] 80/80 VUs  08m42.0s/12m00.0s

running (08m43.0s), 80/80 VUs, 31740 complete and 0 interrupted iterations
gradual_ramp   [  73% ] 80/80 VUs  08m43.0s/12m00.0s

running (08m44.0s), 80/80 VUs, 31849 complete and 0 interrupted iterations
gradual_ramp   [  73% ] 80/80 VUs  08m44.0s/12m00.0s

running (08m45.0s), 80/80 VUs, 31971 complete and 0 interrupted iterations
gradual_ramp   [  73% ] 80/80 VUs  08m45.0s/12m00.0s

running (08m46.0s), 80/80 VUs, 32080 complete and 0 interrupted iterations
gradual_ramp   [  73% ] 80/80 VUs  08m46.0s/12m00.0s

running (08m47.0s), 80/80 VUs, 32193 complete and 0 interrupted iterations
gradual_ramp   [  73% ] 80/80 VUs  08m47.0s/12m00.0s

running (08m48.0s), 80/80 VUs, 32305 complete and 0 interrupted iterations
gradual_ramp   [  73% ] 80/80 VUs  08m48.0s/12m00.0s

running (08m49.0s), 80/80 VUs, 32421 complete and 0 interrupted iterations
gradual_ramp   [  73% ] 80/80 VUs  08m49.0s/12m00.0s

running (08m50.0s), 80/80 VUs, 32533 complete and 0 interrupted iterations
gradual_ramp   [  74% ] 80/80 VUs  08m50.0s/12m00.0s

running (08m51.0s), 80/80 VUs, 32641 complete and 0 interrupted iterations
gradual_ramp   [  74% ] 80/80 VUs  08m51.0s/12m00.0s

running (08m52.0s), 80/80 VUs, 32756 complete and 0 interrupted iterations
gradual_ramp   [  74% ] 80/80 VUs  08m52.0s/12m00.0s

running (08m53.0s), 80/80 VUs, 32871 complete and 0 interrupted iterations
gradual_ramp   [  74% ] 80/80 VUs  08m53.0s/12m00.0s

running (08m54.0s), 80/80 VUs, 32984 complete and 0 interrupted iterations
gradual_ramp   [  74% ] 80/80 VUs  08m54.0s/12m00.0s

running (08m55.0s), 80/80 VUs, 33096 complete and 0 interrupted iterations
gradual_ramp   [  74% ] 80/80 VUs  08m55.0s/12m00.0s

running (08m56.0s), 80/80 VUs, 33206 complete and 0 interrupted iterations
gradual_ramp   [  74% ] 80/80 VUs  08m56.0s/12m00.0s

running (08m57.0s), 80/80 VUs, 33320 complete and 0 interrupted iterations
gradual_ramp   [  75% ] 80/80 VUs  08m57.0s/12m00.0s

running (08m58.0s), 80/80 VUs, 33432 complete and 0 interrupted iterations
gradual_ramp   [  75% ] 80/80 VUs  08m58.0s/12m00.0s

running (08m59.0s), 80/80 VUs, 33547 complete and 0 interrupted iterations
gradual_ramp   [  75% ] 80/80 VUs  08m59.0s/12m00.0s

running (09m00.0s), 80/80 VUs, 33656 complete and 0 interrupted iterations
gradual_ramp   [  75% ] 80/80 VUs  09m00.0s/12m00.0s

running (09m01.0s), 80/80 VUs, 33772 complete and 0 interrupted iterations
gradual_ramp   [  75% ] 80/80 VUs  09m01.0s/12m00.0s

running (09m02.0s), 80/80 VUs, 33875 complete and 0 interrupted iterations
gradual_ramp   [  75% ] 80/80 VUs  09m02.0s/12m00.0s

running (09m03.0s), 79/80 VUs, 33989 complete and 0 interrupted iterations
gradual_ramp   [  75% ] 79/80 VUs  09m03.0s/12m00.0s

running (09m04.0s), 79/80 VUs, 34101 complete and 0 interrupted iterations
gradual_ramp   [  76% ] 79/80 VUs  09m04.0s/12m00.0s

running (09m05.0s), 78/80 VUs, 34213 complete and 0 interrupted iterations
gradual_ramp   [  76% ] 78/80 VUs  09m05.0s/12m00.0s

running (09m06.0s), 78/80 VUs, 34324 complete and 0 interrupted iterations
gradual_ramp   [  76% ] 78/80 VUs  09m06.0s/12m00.0s

running (09m07.0s), 78/80 VUs, 34441 complete and 0 interrupted iterations
gradual_ramp   [  76% ] 78/80 VUs  09m07.0s/12m00.0s

running (09m08.0s), 77/80 VUs, 34545 complete and 0 interrupted iterations
gradual_ramp   [  76% ] 77/80 VUs  09m08.0s/12m00.0s

running (09m09.0s), 77/80 VUs, 34650 complete and 0 interrupted iterations
gradual_ramp   [  76% ] 77/80 VUs  09m09.0s/12m00.0s

running (09m10.0s), 76/80 VUs, 34756 complete and 0 interrupted iterations
gradual_ramp   [  76% ] 76/80 VUs  09m10.0s/12m00.0s

running (09m11.0s), 76/80 VUs, 34858 complete and 0 interrupted iterations
gradual_ramp   [  77% ] 76/80 VUs  09m11.0s/12m00.0s

running (09m12.0s), 75/80 VUs, 34969 complete and 0 interrupted iterations
gradual_ramp   [  77% ] 75/80 VUs  09m12.0s/12m00.0s

running (09m13.0s), 75/80 VUs, 35077 complete and 0 interrupted iterations
gradual_ramp   [  77% ] 75/80 VUs  09m13.0s/12m00.0s

running (09m14.0s), 75/80 VUs, 35185 complete and 0 interrupted iterations
gradual_ramp   [  77% ] 75/80 VUs  09m14.0s/12m00.0s

running (09m15.0s), 74/80 VUs, 35283 complete and 0 interrupted iterations
gradual_ramp   [  77% ] 74/80 VUs  09m15.0s/12m00.0s

running (09m16.0s), 73/80 VUs, 35384 complete and 0 interrupted iterations
gradual_ramp   [  77% ] 73/80 VUs  09m16.0s/12m00.0s

running (09m17.0s), 73/80 VUs, 35480 complete and 0 interrupted iterations
gradual_ramp   [  77% ] 73/80 VUs  09m17.0s/12m00.0s

running (09m18.0s), 73/80 VUs, 35591 complete and 0 interrupted iterations
gradual_ramp   [  77% ] 73/80 VUs  09m18.0s/12m00.0s

running (09m19.0s), 72/80 VUs, 35697 complete and 0 interrupted iterations
gradual_ramp   [  78% ] 72/80 VUs  09m19.0s/12m00.0s

running (09m20.0s), 72/80 VUs, 35792 complete and 0 interrupted iterations
gradual_ramp   [  78% ] 72/80 VUs  09m20.0s/12m00.0s

running (09m21.0s), 71/80 VUs, 35896 complete and 0 interrupted iterations
gradual_ramp   [  78% ] 71/80 VUs  09m21.0s/12m00.0s

running (09m22.0s), 71/80 VUs, 35998 complete and 0 interrupted iterations
gradual_ramp   [  78% ] 71/80 VUs  09m22.0s/12m00.0s

running (09m23.0s), 70/80 VUs, 36099 complete and 0 interrupted iterations
gradual_ramp   [  78% ] 70/80 VUs  09m23.0s/12m00.0s

running (09m24.0s), 70/80 VUs, 36199 complete and 0 interrupted iterations
gradual_ramp   [  78% ] 70/80 VUs  09m24.0s/12m00.0s

running (09m25.0s), 70/80 VUs, 36297 complete and 0 interrupted iterations
gradual_ramp   [  78% ] 70/80 VUs  09m25.0s/12m00.0s

running (09m26.0s), 69/80 VUs, 36394 complete and 0 interrupted iterations
gradual_ramp   [  79% ] 69/80 VUs  09m26.0s/12m00.0s

running (09m27.0s), 69/80 VUs, 36497 complete and 0 interrupted iterations
gradual_ramp   [  79% ] 69/80 VUs  09m27.0s/12m00.0s

running (09m28.0s), 68/80 VUs, 36591 complete and 0 interrupted iterations
gradual_ramp   [  79% ] 68/80 VUs  09m28.0s/12m00.0s

running (09m29.0s), 68/80 VUs, 36683 complete and 0 interrupted iterations
gradual_ramp   [  79% ] 68/80 VUs  09m29.0s/12m00.0s

running (09m30.0s), 67/80 VUs, 36781 complete and 0 interrupted iterations
gradual_ramp   [  79% ] 67/80 VUs  09m30.0s/12m00.0s

running (09m31.0s), 67/80 VUs, 36878 complete and 0 interrupted iterations
gradual_ramp   [  79% ] 67/80 VUs  09m31.0s/12m00.0s

running (09m32.0s), 67/80 VUs, 36974 complete and 0 interrupted iterations
gradual_ramp   [  79% ] 67/80 VUs  09m32.0s/12m00.0s

running (09m33.0s), 66/80 VUs, 37065 complete and 0 interrupted iterations
gradual_ramp   [  80% ] 66/80 VUs  09m33.0s/12m00.0s

running (09m34.0s), 66/80 VUs, 37157 complete and 0 interrupted iterations
gradual_ramp   [  80% ] 66/80 VUs  09m34.0s/12m00.0s

running (09m35.0s), 65/80 VUs, 37255 complete and 0 interrupted iterations
gradual_ramp   [  80% ] 65/80 VUs  09m35.0s/12m00.0s

running (09m36.0s), 65/80 VUs, 37340 complete and 0 interrupted iterations
gradual_ramp   [  80% ] 65/80 VUs  09m36.0s/12m00.0s

running (09m37.0s), 64/80 VUs, 37429 complete and 0 interrupted iterations
gradual_ramp   [  80% ] 64/80 VUs  09m37.0s/12m00.0s

running (09m38.0s), 64/80 VUs, 37526 complete and 0 interrupted iterations
gradual_ramp   [  80% ] 64/80 VUs  09m38.0s/12m00.0s

running (09m39.0s), 63/80 VUs, 37612 complete and 0 interrupted iterations
gradual_ramp   [  80% ] 63/80 VUs  09m39.0s/12m00.0s

running (09m40.0s), 63/80 VUs, 37703 complete and 0 interrupted iterations
gradual_ramp   [  81% ] 63/80 VUs  09m40.0s/12m00.0s

running (09m41.0s), 62/80 VUs, 37787 complete and 0 interrupted iterations
gradual_ramp   [  81% ] 62/80 VUs  09m41.0s/12m00.0s

running (09m42.0s), 62/80 VUs, 37873 complete and 0 interrupted iterations
gradual_ramp   [  81% ] 62/80 VUs  09m42.0s/12m00.0s

running (09m43.0s), 61/80 VUs, 37968 complete and 0 interrupted iterations
gradual_ramp   [  81% ] 61/80 VUs  09m43.0s/12m00.0s

running (09m44.0s), 61/80 VUs, 38050 complete and 0 interrupted iterations
gradual_ramp   [  81% ] 61/80 VUs  09m44.0s/12m00.0s

running (09m45.0s), 61/80 VUs, 38139 complete and 0 interrupted iterations
gradual_ramp   [  81% ] 61/80 VUs  09m45.0s/12m00.0s

running (09m46.0s), 60/80 VUs, 38223 complete and 0 interrupted iterations
gradual_ramp   [  81% ] 60/80 VUs  09m46.0s/12m00.0s

running (09m47.0s), 60/80 VUs, 38306 complete and 0 interrupted iterations
gradual_ramp   [  82% ] 60/80 VUs  09m47.0s/12m00.0s

running (09m48.0s), 60/80 VUs, 38388 complete and 0 interrupted iterations
gradual_ramp   [  82% ] 60/80 VUs  09m48.0s/12m00.0s

running (09m49.0s), 59/80 VUs, 38480 complete and 0 interrupted iterations
gradual_ramp   [  82% ] 59/80 VUs  09m49.0s/12m00.0s

running (09m50.0s), 58/80 VUs, 38560 complete and 0 interrupted iterations
gradual_ramp   [  82% ] 58/80 VUs  09m50.0s/12m00.0s

running (09m51.0s), 58/80 VUs, 38641 complete and 0 interrupted iterations
gradual_ramp   [  82% ] 58/80 VUs  09m51.0s/12m00.0s

running (09m52.0s), 58/80 VUs, 38722 complete and 0 interrupted iterations
gradual_ramp   [  82% ] 58/80 VUs  09m52.0s/12m00.0s

running (09m53.0s), 57/80 VUs, 38800 complete and 0 interrupted iterations
gradual_ramp   [  82% ] 57/80 VUs  09m53.0s/12m00.0s

running (09m54.0s), 57/80 VUs, 38880 complete and 0 interrupted iterations
gradual_ramp   [  82% ] 57/80 VUs  09m54.0s/12m00.0s

running (09m55.0s), 56/80 VUs, 38963 complete and 0 interrupted iterations
gradual_ramp   [  83% ] 56/80 VUs  09m55.0s/12m00.0s

running (09m56.0s), 56/80 VUs, 39038 complete and 0 interrupted iterations
gradual_ramp   [  83% ] 56/80 VUs  09m56.0s/12m00.0s

running (09m57.0s), 55/80 VUs, 39119 complete and 0 interrupted iterations
gradual_ramp   [  83% ] 55/80 VUs  09m57.0s/12m00.0s

running (09m58.0s), 55/80 VUs, 39198 complete and 0 interrupted iterations
gradual_ramp   [  83% ] 55/80 VUs  09m58.0s/12m00.0s

running (09m59.0s), 54/80 VUs, 39277 complete and 0 interrupted iterations
gradual_ramp   [  83% ] 54/80 VUs  09m59.0s/12m00.0s

running (10m00.0s), 54/80 VUs, 39352 complete and 0 interrupted iterations
gradual_ramp   [  83% ] 54/80 VUs  10m00.0s/12m00.0s

running (10m01.0s), 54/80 VUs, 39423 complete and 0 interrupted iterations
gradual_ramp   [  83% ] 54/80 VUs  10m01.0s/12m00.0s

running (10m02.0s), 53/80 VUs, 39503 complete and 0 interrupted iterations
gradual_ramp   [  84% ] 53/80 VUs  10m02.0s/12m00.0s

running (10m03.0s), 53/80 VUs, 39576 complete and 0 interrupted iterations
gradual_ramp   [  84% ] 53/80 VUs  10m03.0s/12m00.0s

running (10m04.0s), 52/80 VUs, 39651 complete and 0 interrupted iterations
gradual_ramp   [  84% ] 52/80 VUs  10m04.0s/12m00.0s

running (10m05.0s), 52/80 VUs, 39723 complete and 0 interrupted iterations
gradual_ramp   [  84% ] 52/80 VUs  10m05.0s/12m00.0s

running (10m06.0s), 51/80 VUs, 39792 complete and 0 interrupted iterations
gradual_ramp   [  84% ] 51/80 VUs  10m06.0s/12m00.0s

running (10m07.0s), 51/80 VUs, 39872 complete and 0 interrupted iterations
gradual_ramp   [  84% ] 51/80 VUs  10m07.0s/12m00.0s

running (10m08.0s), 50/80 VUs, 39937 complete and 0 interrupted iterations
gradual_ramp   [  84% ] 50/80 VUs  10m08.0s/12m00.0s

running (10m09.0s), 50/80 VUs, 40014 complete and 0 interrupted iterations
gradual_ramp   [  85% ] 50/80 VUs  10m09.0s/12m00.0s

running (10m10.0s), 50/80 VUs, 40082 complete and 0 interrupted iterations
gradual_ramp   [  85% ] 50/80 VUs  10m10.0s/12m00.0s

running (10m11.0s), 49/80 VUs, 40155 complete and 0 interrupted iterations
gradual_ramp   [  85% ] 49/80 VUs  10m11.0s/12m00.0s

running (10m12.0s), 49/80 VUs, 40218 complete and 0 interrupted iterations
gradual_ramp   [  85% ] 49/80 VUs  10m12.0s/12m00.0s

running (10m13.0s), 48/80 VUs, 40288 complete and 0 interrupted iterations
gradual_ramp   [  85% ] 48/80 VUs  10m13.0s/12m00.0s

running (10m14.0s), 48/80 VUs, 40354 complete and 0 interrupted iterations
gradual_ramp   [  85% ] 48/80 VUs  10m14.0s/12m00.0s

running (10m15.0s), 47/80 VUs, 40420 complete and 0 interrupted iterations
gradual_ramp   [  85% ] 47/80 VUs  10m15.0s/12m00.0s

running (10m16.0s), 47/80 VUs, 40490 complete and 0 interrupted iterations
gradual_ramp   [  86% ] 47/80 VUs  10m16.0s/12m00.0s

running (10m17.0s), 46/80 VUs, 40553 complete and 0 interrupted iterations
gradual_ramp   [  86% ] 46/80 VUs  10m17.0s/12m00.0s

running (10m18.0s), 46/80 VUs, 40616 complete and 0 interrupted iterations
gradual_ramp   [  86% ] 46/80 VUs  10m18.0s/12m00.0s

running (10m19.0s), 46/80 VUs, 40683 complete and 0 interrupted iterations
gradual_ramp   [  86% ] 46/80 VUs  10m19.0s/12m00.0s

running (10m20.0s), 45/80 VUs, 40745 complete and 0 interrupted iterations
gradual_ramp   [  86% ] 45/80 VUs  10m20.0s/12m00.0s

running (10m21.0s), 45/80 VUs, 40811 complete and 0 interrupted iterations
gradual_ramp   [  86% ] 45/80 VUs  10m21.0s/12m00.0s

running (10m22.0s), 44/80 VUs, 40870 complete and 0 interrupted iterations
gradual_ramp   [  86% ] 44/80 VUs  10m22.0s/12m00.0s

running (10m23.0s), 44/80 VUs, 40933 complete and 0 interrupted iterations
gradual_ramp   [  87% ] 44/80 VUs  10m23.0s/12m00.0s

running (10m24.0s), 43/80 VUs, 40992 complete and 0 interrupted iterations
gradual_ramp   [  87% ] 43/80 VUs  10m24.0s/12m00.0s

running (10m25.0s), 43/80 VUs, 41054 complete and 0 interrupted iterations
gradual_ramp   [  87% ] 43/80 VUs  10m25.0s/12m00.0s

running (10m26.0s), 42/80 VUs, 41117 complete and 0 interrupted iterations
gradual_ramp   [  87% ] 42/80 VUs  10m26.0s/12m00.0s

running (10m27.0s), 42/80 VUs, 41171 complete and 0 interrupted iterations
gradual_ramp   [  87% ] 42/80 VUs  10m27.0s/12m00.0s

running (10m28.0s), 42/80 VUs, 41229 complete and 0 interrupted iterations
gradual_ramp   [  87% ] 42/80 VUs  10m28.0s/12m00.0s

running (10m29.0s), 41/80 VUs, 41289 complete and 0 interrupted iterations
gradual_ramp   [  87% ] 41/80 VUs  10m29.0s/12m00.0s

running (10m30.0s), 41/80 VUs, 41343 complete and 0 interrupted iterations
gradual_ramp   [  87% ] 41/80 VUs  10m30.0s/12m00.0s

running (10m31.0s), 40/80 VUs, 41403 complete and 0 interrupted iterations
gradual_ramp   [  88% ] 40/80 VUs  10m31.0s/12m00.0s

running (10m32.0s), 40/80 VUs, 41458 complete and 0 interrupted iterations
gradual_ramp   [  88% ] 40/80 VUs  10m32.0s/12m00.0s

running (10m33.0s), 39/80 VUs, 41516 complete and 0 interrupted iterations
gradual_ramp   [  88% ] 39/80 VUs  10m33.0s/12m00.0s

running (10m34.0s), 39/80 VUs, 41572 complete and 0 interrupted iterations
gradual_ramp   [  88% ] 39/80 VUs  10m34.0s/12m00.0s

running (10m35.0s), 38/80 VUs, 41625 complete and 0 interrupted iterations
gradual_ramp   [  88% ] 38/80 VUs  10m35.0s/12m00.0s

running (10m36.0s), 38/80 VUs, 41677 complete and 0 interrupted iterations
gradual_ramp   [  88% ] 38/80 VUs  10m36.0s/12m00.0s

running (10m37.0s), 37/80 VUs, 41729 complete and 0 interrupted iterations
gradual_ramp   [  88% ] 37/80 VUs  10m37.0s/12m00.0s

running (10m38.0s), 37/80 VUs, 41781 complete and 0 interrupted iterations
gradual_ramp   [  89% ] 37/80 VUs  10m38.0s/12m00.0s

running (10m39.0s), 37/80 VUs, 41832 complete and 0 interrupted iterations
gradual_ramp   [  89% ] 37/80 VUs  10m39.0s/12m00.0s

running (10m40.0s), 36/80 VUs, 41881 complete and 0 interrupted iterations
gradual_ramp   [  89% ] 36/80 VUs  10m40.0s/12m00.0s

running (10m41.0s), 36/80 VUs, 41938 complete and 0 interrupted iterations
gradual_ramp   [  89% ] 36/80 VUs  10m41.0s/12m00.0s

running (10m42.0s), 35/80 VUs, 41980 complete and 0 interrupted iterations
gradual_ramp   [  89% ] 35/80 VUs  10m42.0s/12m00.0s

running (10m43.0s), 35/80 VUs, 42034 complete and 0 interrupted iterations
gradual_ramp   [  89% ] 35/80 VUs  10m43.0s/12m00.0s

running (10m44.0s), 35/80 VUs, 42083 complete and 0 interrupted iterations
gradual_ramp   [  89% ] 35/80 VUs  10m44.0s/12m00.0s

running (10m45.0s), 34/80 VUs, 42130 complete and 0 interrupted iterations
gradual_ramp   [  90% ] 34/80 VUs  10m45.0s/12m00.0s

running (10m46.0s), 33/80 VUs, 42177 complete and 0 interrupted iterations
gradual_ramp   [  90% ] 33/80 VUs  10m46.0s/12m00.0s

running (10m47.0s), 33/80 VUs, 42224 complete and 0 interrupted iterations
gradual_ramp   [  90% ] 33/80 VUs  10m47.0s/12m00.0s

running (10m48.0s), 33/80 VUs, 42268 complete and 0 interrupted iterations
gradual_ramp   [  90% ] 33/80 VUs  10m48.0s/12m00.0s

running (10m49.0s), 32/80 VUs, 42316 complete and 0 interrupted iterations
gradual_ramp   [  90% ] 32/80 VUs  10m49.0s/12m00.0s

running (10m50.0s), 32/80 VUs, 42360 complete and 0 interrupted iterations
gradual_ramp   [  90% ] 32/80 VUs  10m50.0s/12m00.0s

running (10m51.0s), 31/80 VUs, 42402 complete and 0 interrupted iterations
gradual_ramp   [  90% ] 31/80 VUs  10m51.0s/12m00.0s

running (10m52.0s), 31/80 VUs, 42444 complete and 0 interrupted iterations
gradual_ramp   [  91% ] 31/80 VUs  10m52.0s/12m00.0s

running (10m53.0s), 30/80 VUs, 42488 complete and 0 interrupted iterations
gradual_ramp   [  91% ] 30/80 VUs  10m53.0s/12m00.0s

running (10m54.0s), 30/80 VUs, 42530 complete and 0 interrupted iterations
gradual_ramp   [  91% ] 30/80 VUs  10m54.0s/12m00.0s

running (10m55.0s), 30/80 VUs, 42571 complete and 0 interrupted iterations
gradual_ramp   [  91% ] 30/80 VUs  10m55.0s/12m00.0s

running (10m56.0s), 29/80 VUs, 42614 complete and 0 interrupted iterations
gradual_ramp   [  91% ] 29/80 VUs  10m56.0s/12m00.0s

running (10m57.0s), 29/80 VUs, 42653 complete and 0 interrupted iterations
gradual_ramp   [  91% ] 29/80 VUs  10m57.0s/12m00.0s

running (10m58.0s), 28/80 VUs, 42693 complete and 0 interrupted iterations
gradual_ramp   [  91% ] 28/80 VUs  10m58.0s/12m00.0s

running (10m59.0s), 28/80 VUs, 42731 complete and 0 interrupted iterations
gradual_ramp   [  92% ] 28/80 VUs  10m59.0s/12m00.0s

running (11m00.0s), 27/80 VUs, 42770 complete and 0 interrupted iterations
gradual_ramp   [  92% ] 27/80 VUs  11m00.0s/12m00.0s

running (11m01.0s), 27/80 VUs, 42807 complete and 0 interrupted iterations
gradual_ramp   [  92% ] 27/80 VUs  11m01.0s/12m00.0s

running (11m02.0s), 26/80 VUs, 42845 complete and 0 interrupted iterations
gradual_ramp   [  92% ] 26/80 VUs  11m02.0s/12m00.0s

running (11m03.0s), 26/80 VUs, 42881 complete and 0 interrupted iterations
gradual_ramp   [  92% ] 26/80 VUs  11m03.0s/12m00.0s

running (11m04.0s), 25/80 VUs, 42918 complete and 0 interrupted iterations
gradual_ramp   [  92% ] 25/80 VUs  11m04.0s/12m00.0s

running (11m05.0s), 25/80 VUs, 42951 complete and 0 interrupted iterations
gradual_ramp   [  92% ] 25/80 VUs  11m05.0s/12m00.0s

running (11m06.0s), 25/80 VUs, 42987 complete and 0 interrupted iterations
gradual_ramp   [  92% ] 25/80 VUs  11m06.0s/12m00.0s

running (11m07.0s), 24/80 VUs, 43021 complete and 0 interrupted iterations
gradual_ramp   [  93% ] 24/80 VUs  11m07.0s/12m00.0s

running (11m08.0s), 24/80 VUs, 43058 complete and 0 interrupted iterations
gradual_ramp   [  93% ] 24/80 VUs  11m08.0s/12m00.0s

running (11m09.0s), 23/80 VUs, 43093 complete and 0 interrupted iterations
gradual_ramp   [  93% ] 23/80 VUs  11m09.0s/12m00.0s

running (11m10.0s), 23/80 VUs, 43124 complete and 0 interrupted iterations
gradual_ramp   [  93% ] 23/80 VUs  11m10.0s/12m00.0s

running (11m11.0s), 23/80 VUs, 43155 complete and 0 interrupted iterations
gradual_ramp   [  93% ] 23/80 VUs  11m11.0s/12m00.0s

running (11m12.0s), 22/80 VUs, 43187 complete and 0 interrupted iterations
gradual_ramp   [  93% ] 22/80 VUs  11m12.0s/12m00.0s

running (11m13.0s), 21/80 VUs, 43217 complete and 0 interrupted iterations
gradual_ramp   [  93% ] 21/80 VUs  11m13.0s/12m00.0s

running (11m14.0s), 21/80 VUs, 43245 complete and 0 interrupted iterations
gradual_ramp   [  94% ] 21/80 VUs  11m14.0s/12m00.0s

running (11m15.0s), 21/80 VUs, 43274 complete and 0 interrupted iterations
gradual_ramp   [  94% ] 21/80 VUs  11m15.0s/12m00.0s

running (11m16.0s), 20/80 VUs, 43304 complete and 0 interrupted iterations
gradual_ramp   [  94% ] 20/80 VUs  11m16.0s/12m00.0s

running (11m17.0s), 20/80 VUs, 43334 complete and 0 interrupted iterations
gradual_ramp   [  94% ] 20/80 VUs  11m17.0s/12m00.0s

running (11m18.0s), 19/80 VUs, 43365 complete and 0 interrupted iterations
gradual_ramp   [  94% ] 19/80 VUs  11m18.0s/12m00.0s

running (11m19.0s), 19/80 VUs, 43390 complete and 0 interrupted iterations
gradual_ramp   [  94% ] 19/80 VUs  11m19.0s/12m00.0s

running (11m20.0s), 18/80 VUs, 43416 complete and 0 interrupted iterations
gradual_ramp   [  94% ] 18/80 VUs  11m20.0s/12m00.0s

running (11m21.0s), 18/80 VUs, 43443 complete and 0 interrupted iterations
gradual_ramp   [  95% ] 18/80 VUs  11m21.0s/12m00.0s

running (11m22.0s), 18/80 VUs, 43470 complete and 0 interrupted iterations
gradual_ramp   [  95% ] 18/80 VUs  11m22.0s/12m00.0s

running (11m23.0s), 17/80 VUs, 43493 complete and 0 interrupted iterations
gradual_ramp   [  95% ] 17/80 VUs  11m23.0s/12m00.0s

running (11m24.0s), 17/80 VUs, 43517 complete and 0 interrupted iterations
gradual_ramp   [  95% ] 17/80 VUs  11m24.0s/12m00.0s

running (11m25.0s), 16/80 VUs, 43541 complete and 0 interrupted iterations
gradual_ramp   [  95% ] 16/80 VUs  11m25.0s/12m00.0s

running (11m26.0s), 16/80 VUs, 43564 complete and 0 interrupted iterations
gradual_ramp   [  95% ] 16/80 VUs  11m26.0s/12m00.0s

running (11m27.0s), 15/80 VUs, 43586 complete and 0 interrupted iterations
gradual_ramp   [  95% ] 15/80 VUs  11m27.0s/12m00.0s

running (11m28.0s), 15/80 VUs, 43610 complete and 0 interrupted iterations
gradual_ramp   [  96% ] 15/80 VUs  11m28.0s/12m00.0s

running (11m29.0s), 15/80 VUs, 43628 complete and 0 interrupted iterations
gradual_ramp   [  96% ] 15/80 VUs  11m29.0s/12m00.0s

running (11m30.0s), 14/80 VUs, 43650 complete and 0 interrupted iterations
gradual_ramp   [  96% ] 14/80 VUs  11m30.0s/12m00.0s

running (11m31.0s), 14/80 VUs, 43666 complete and 0 interrupted iterations
gradual_ramp   [  96% ] 14/80 VUs  11m31.0s/12m00.0s

running (11m32.0s), 13/80 VUs, 43687 complete and 0 interrupted iterations
gradual_ramp   [  96% ] 13/80 VUs  11m32.0s/12m00.0s

running (11m33.0s), 13/80 VUs, 43705 complete and 0 interrupted iterations
gradual_ramp   [  96% ] 13/80 VUs  11m33.0s/12m00.0s

running (11m34.0s), 12/80 VUs, 43724 complete and 0 interrupted iterations
gradual_ramp   [  96% ] 12/80 VUs  11m34.0s/12m00.0s

running (11m35.0s), 12/80 VUs, 43742 complete and 0 interrupted iterations
gradual_ramp   [  97% ] 12/80 VUs  11m35.0s/12m00.0s

running (11m36.0s), 11/80 VUs, 43759 complete and 0 interrupted iterations
gradual_ramp   [  97% ] 11/80 VUs  11m36.0s/12m00.0s

running (11m37.0s), 11/80 VUs, 43775 complete and 0 interrupted iterations
gradual_ramp   [  97% ] 11/80 VUs  11m37.0s/12m00.0s

running (11m38.0s), 11/80 VUs, 43790 complete and 0 interrupted iterations
gradual_ramp   [  97% ] 11/80 VUs  11m38.0s/12m00.0s

running (11m39.0s), 10/80 VUs, 43804 complete and 0 interrupted iterations
gradual_ramp   [  97% ] 10/80 VUs  11m39.0s/12m00.0s

running (11m40.0s), 09/80 VUs, 43819 complete and 0 interrupted iterations
gradual_ramp   [  97% ] 09/80 VUs  11m40.0s/12m00.0s

running (11m41.0s), 09/80 VUs, 43832 complete and 0 interrupted iterations
gradual_ramp   [  97% ] 09/80 VUs  11m41.0s/12m00.0s

running (11m42.0s), 09/80 VUs, 43843 complete and 0 interrupted iterations
gradual_ramp   [  97% ] 09/80 VUs  11m42.0s/12m00.0s

running (11m43.0s), 08/80 VUs, 43857 complete and 0 interrupted iterations
gradual_ramp   [  98% ] 08/80 VUs  11m43.0s/12m00.0s

running (11m44.0s), 08/80 VUs, 43868 complete and 0 interrupted iterations
gradual_ramp   [  98% ] 08/80 VUs  11m44.0s/12m00.0s

running (11m45.0s), 07/80 VUs, 43879 complete and 0 interrupted iterations
gradual_ramp   [  98% ] 07/80 VUs  11m45.0s/12m00.0s

running (11m46.0s), 07/80 VUs, 43888 complete and 0 interrupted iterations
gradual_ramp   [  98% ] 07/80 VUs  11m46.0s/12m00.0s

running (11m47.0s), 06/80 VUs, 43897 complete and 0 interrupted iterations
gradual_ramp   [  98% ] 06/80 VUs  11m47.0s/12m00.0s

running (11m48.0s), 06/80 VUs, 43905 complete and 0 interrupted iterations
gradual_ramp   [  98% ] 06/80 VUs  11m48.0s/12m00.0s

running (11m49.0s), 05/80 VUs, 43915 complete and 0 interrupted iterations
gradual_ramp   [  98% ] 05/80 VUs  11m49.0s/12m00.0s

running (11m50.0s), 05/80 VUs, 43921 complete and 0 interrupted iterations
gradual_ramp   [  99% ] 05/80 VUs  11m50.0s/12m00.0s

running (11m51.0s), 05/80 VUs, 43929 complete and 0 interrupted iterations
gradual_ramp   [  99% ] 05/80 VUs  11m51.0s/12m00.0s

running (11m52.0s), 04/80 VUs, 43935 complete and 0 interrupted iterations
gradual_ramp   [  99% ] 04/80 VUs  11m52.0s/12m00.0s

running (11m53.0s), 04/80 VUs, 43940 complete and 0 interrupted iterations
gradual_ramp   [  99% ] 04/80 VUs  11m53.0s/12m00.0s

running (11m54.0s), 03/80 VUs, 43946 complete and 0 interrupted iterations
gradual_ramp   [  99% ] 03/80 VUs  11m54.0s/12m00.0s

running (11m55.0s), 03/80 VUs, 43951 complete and 0 interrupted iterations
gradual_ramp   [  99% ] 03/80 VUs  11m55.0s/12m00.0s

running (11m56.0s), 02/80 VUs, 43956 complete and 0 interrupted iterations
gradual_ramp   [  99% ] 02/80 VUs  11m56.0s/12m00.0s

running (11m57.0s), 02/80 VUs, 43959 complete and 0 interrupted iterations
gradual_ramp   [ 100% ] 02/80 VUs  11m57.0s/12m00.0s

running (11m58.0s), 02/80 VUs, 43961 complete and 0 interrupted iterations
gradual_ramp   [ 100% ] 02/80 VUs  11m58.0s/12m00.0s

running (11m59.0s), 01/80 VUs, 43963 complete and 0 interrupted iterations
gradual_ramp   [ 100% ] 01/80 VUs  11m59.0s/12m00.0s

running (12m00.0s), 01/80 VUs, 43965 complete and 0 interrupted iterations
gradual_ramp   [ 100% ] 01/80 VUs  12m00.0s/12m00.0s

     ✓ status is 200
     ✓ returns quotes
     ✓ response time <2000ms

     checks.........................: 100.00% ✓ 131898    ✗ 0    
     data_received..................: 33 MB   46 kB/s
     data_sent......................: 20 MB   28 kB/s
     http_req_blocked...............: avg=505.73µs min=98.27µs  med=216.17µs max=18.81ms p(90)=810.61µs p(95)=973.56µs
     http_req_connecting............: avg=463.7µs  min=78.76µs  med=167.37µs max=18.78ms p(90)=767.84µs p(95)=927.3µs 
   ✓ http_req_duration..............: avg=714.93ms min=468.62ms med=716.69ms max=1.28s   p(90)=899.87ms p(95)=920.56ms
       { expected_response:true }...: avg=714.93ms min=468.62ms med=716.69ms max=1.28s   p(90)=899.87ms p(95)=920.56ms
   ✓ http_req_failed................: 0.00%   ✓ 0         ✗ 43966
     http_req_receiving.............: avg=174.41µs min=28.79µs  med=128.9µs  max=56.89ms p(90)=217.19µs p(95)=318.17µs
     http_req_sending...............: avg=34.74µs  min=12.75µs  med=32.23µs  max=12.39ms p(90)=44.28µs  p(95)=50.18µs 
     http_req_tls_handshaking.......: avg=0s       min=0s       med=0s       max=0s      p(90)=0s       p(95)=0s      
     http_req_waiting...............: avg=714.72ms min=468.48ms med=716.52ms max=1.28s   p(90)=899.65ms p(95)=920.33ms
     http_reqs......................: 43966   61.010641/s
     iteration_duration.............: avg=715.69ms min=469.29ms med=717.43ms max=1.29s   p(90)=900.61ms p(95)=921.36ms
     iterations.....................: 43966   61.010641/s
     vus............................: 1       min=1       max=80 
     vus_max........................: 80      min=80      max=80 


running (12m00.6s), 00/80 VUs, 43966 complete and 0 interrupted iterations
gradual_ramp ✓ [ 100% ] 00/80 VUs  12m0s
