[0;36m[2026-10-05 23:01:08][0m ================================================================
[0;36m[2026-10-05 23:01:08][0m   OPEN-LOOP PILOT  (open-loop-arr-v1, k6 grafana/k6:0.46.0)
[0;36m[2026-10-05 23:01:08][0m   Plan: 20 runs | pending: 20 | this invocation: 20
[0;36m[2026-10-05 23:01:08][0m   auth ?->? req/s | shipping ?->? req/s
[0;36m[2026-10-05 23:01:08][0m   timeout 5s, VU factor 1.5, seed 20261005
[0;36m[2026-10-05 23:01:08][0m   Estimated time for this invocation: 7h 0m
[0;36m[2026-10-05 23:01:08][0m ================================================================
[0;36m[2026-10-05 23:18:10][0m ================================================================
[0;36m[2026-10-05 23:18:10][0m   OPEN-LOOP CALIBRATION LADDER: auth-service b2
[0;36m[2026-10-05 23:18:11][0m   rates 20,30,40,50,60,70 req/s, step 2m, gap 30s, timeout 5s
[0;36m[2026-10-05 23:18:11][0m   schedule 870s, largest step needs 525 VUs
[0;36m[2026-10-05 23:18:11][0m ================================================================
[0;36m[2026-10-05 23:18:13][0m [0;34m── Deleting leftover k6 jobs...[0m
[0;36m[2026-10-05 23:18:15][0m [0;34m── Refreshing open-loop k6 ConfigMaps...[0m
[0;36m[2026-10-05 23:18:19][0m [0;34m── Cleaning up all autoscalers for shipping-rate-service...[0m
[0;36m[2026-10-05 23:18:33][0m [0;34m── Waiting for shipping-rate-service to return to the 1-replica baseline...[0m
[0;36m[2026-10-05 23:18:40][0m [0;32m✅ shipping-rate-service reached 1/1 ready replicas during cleanup[0m
[0;36m[2026-10-05 23:18:40][0m [0;34m── Resetting cluster state for auth-service...[0m
[0;36m[2026-10-05 23:18:40][0m [0;34m── Cleaning up all autoscalers for auth-service...[0m
[0;36m[2026-10-05 23:18:52][0m [0;34m── Waiting for auth-service to return to the 1-replica baseline...[0m
[0;36m[2026-10-05 23:18:58][0m [0;32m✅ auth-service reached 1/1 ready replicas during cleanup[0m
[0;36m[2026-10-05 23:18:58][0m [0;34m── Deleting leftover k6 jobs...[0m
[0;36m[2026-10-05 23:19:00][0m [0;34m── Waiting 120s for cluster stabilization...[0m
[0;36m[2026-10-05 23:21:05][0m [0;32m✅ auth-service reached 1/1 ready replicas during post-reset stabilization[0m
[0;36m[2026-10-05 23:21:05][0m [0;32m✅ Cluster state reset complete for auth-service[0m
[0;36m[2026-10-05 23:21:05][0m [0;34m── Applying configuration: b2 (b2-overprovisioned.yaml) for auth-service[0m
[0;36m[2026-10-05 23:21:35][0m [0;32m✅ auth-service reached 5/5 ready replicas during config apply (b2)[0m
[0;36m[2026-10-05 23:21:35][0m [0;34m── Waiting 90s for metrics to baseline...[0m
[0;36m[2026-10-05 23:23:11][0m [0;32m✅ auth-service reached 5/5 ready replicas during post-config stabilization (b2)[0m
[0;36m[2026-10-05 23:23:11][0m [0;32m✅ Configuration b2 applied for auth-service[0m
[0;36m[2026-10-05 23:23:11][0m [0;34m── Pre-flight: verifying auth-service is ready on /ready...[0m
[0;36m[2026-10-05 23:23:14][0m [0;32m✅ Pre-flight passed: auth-service is ready[0m
[0;36m[2026-10-05 23:23:18][0m [0;34m── Waiting for k6 to finish (deadline 1470s)...[0m
[0;36m[2026-10-05 23:38:44][0m [0;32m✅ k6 finished in pod k6-ol-ladder-auth-service-b2-x55q9[0m
[0;36m[2026-10-05 23:38:50][0m [0;32m✅ Raw per-request data fetched: 5487831 bytes, md5 f5dbc18082016fd2ff89e8ced4b18ea6, k6 exit code 0[0m
[0;36m[2026-10-05 23:39:29][0m [0;34m── Exporting Prometheus metrics for 1791217099..1791218369...[0m
[0;36m[2026-10-05 23:39:50][0m [0;32m✅ Prometheus metrics exported to /c/Projects/e-commerce/experiment-results-pilot-openloop/calibration/auth-service_b2_20261005T161810Z/[0m
[0;36m[2026-10-05 23:39:52][0m [0;34m── Cleaning up all autoscalers for auth-service...[0m
[0;36m[2026-10-05 23:40:06][0m [0;34m── Waiting for auth-service to return to the 1-replica baseline...[0m
[0;36m[2026-10-05 23:40:12][0m [0;32m✅ auth-service reached 1/1 ready replicas during cleanup[0m
[0;36m[2026-10-05 23:40:12][0m [0;32m✅ Ladder finished: /c/Projects/e-commerce/experiment-results-pilot-openloop/calibration/auth-service_b2_20261005T161810Z (raw_ok=true, k6_exit=0, export_ok=true)[0m
[0;36m[2026-10-05 23:40:12][0m [1;33m⚠️  Remember: az aks stop --resource-group ecommerce --name ecommerce-aks[0m
[0;36m[2026-10-05 23:40:44][0m ================================================================
[0;36m[2026-10-05 23:40:44][0m   OPEN-LOOP CALIBRATION LADDER: auth-service b1
[0;36m[2026-10-05 23:40:44][0m   rates 2,4,6,8,10,12,14,16 req/s, step 2m, gap 30s, timeout 5s
[0;36m[2026-10-05 23:40:44][0m   schedule 1170s, largest step needs 120 VUs
[0;36m[2026-10-05 23:40:44][0m ================================================================
[0;36m[2026-10-05 23:40:45][0m [0;34m── Deleting leftover k6 jobs...[0m
[0;36m[2026-10-05 23:40:48][0m [0;34m── Refreshing open-loop k6 ConfigMaps...[0m
[0;36m[2026-10-05 23:40:50][0m [0;34m── Cleaning up all autoscalers for shipping-rate-service...[0m
[0;36m[2026-10-05 23:41:03][0m [0;34m── Waiting for shipping-rate-service to return to the 1-replica baseline...[0m
[0;36m[2026-10-05 23:41:09][0m [0;32m✅ shipping-rate-service reached 1/1 ready replicas during cleanup[0m
[0;36m[2026-10-05 23:41:09][0m [0;34m── Resetting cluster state for auth-service...[0m
[0;36m[2026-10-05 23:41:09][0m [0;34m── Cleaning up all autoscalers for auth-service...[0m
[0;36m[2026-10-05 23:41:22][0m [0;34m── Waiting for auth-service to return to the 1-replica baseline...[0m
[0;36m[2026-10-05 23:41:28][0m [0;32m✅ auth-service reached 1/1 ready replicas during cleanup[0m
[0;36m[2026-10-05 23:41:29][0m [0;34m── Deleting leftover k6 jobs...[0m
[0;36m[2026-10-05 23:41:31][0m [0;34m── Waiting 120s for cluster stabilization...[0m
[0;36m[2026-10-05 23:43:36][0m [0;32m✅ auth-service reached 1/1 ready replicas during post-reset stabilization[0m
[0;36m[2026-10-05 23:43:36][0m [0;32m✅ Cluster state reset complete for auth-service[0m
[0;36m[2026-10-05 23:43:36][0m [0;34m── Applying configuration: b1 (b1-underprovisioned.yaml) for auth-service[0m
[0;36m[2026-10-05 23:43:44][0m [0;32m✅ auth-service reached 1/1 ready replicas during config apply (b1)[0m
[0;36m[2026-10-05 23:43:44][0m [0;34m── Waiting 90s for metrics to baseline...[0m
[0;36m[2026-10-05 23:45:19][0m [0;32m✅ auth-service reached 1/1 ready replicas during post-config stabilization (b1)[0m
[0;36m[2026-10-05 23:45:19][0m [0;32m✅ Configuration b1 applied for auth-service[0m
[0;36m[2026-10-05 23:45:19][0m [0;34m── Pre-flight: verifying auth-service is ready on /ready...[0m
[0;36m[2026-10-05 23:45:23][0m [0;32m✅ Pre-flight passed: auth-service is ready[0m
[0;36m[2026-10-05 23:45:27][0m [0;34m── Waiting for k6 to finish (deadline 1770s)...[0m
[0;36m[2026-10-06 00:05:34][0m [0;32m✅ k6 finished in pod k6-ol-ladder-auth-service-b1-nxpn6[0m
[0;36m[2026-10-06 00:05:40][0m [0;32m✅ Raw per-request data fetched: 1510116 bytes, md5 8262af8d8837431ce10e814c1d804649, k6 exit code 0[0m
[0;36m[2026-10-06 00:06:19][0m [0;34m── Exporting Prometheus metrics for 1791218450..1791219979...[0m
[0;36m[2026-10-06 00:06:40][0m [0;32m✅ Prometheus metrics exported to /c/Projects/e-commerce/experiment-results-pilot-openloop/calibration/auth-service_b1_20261005T164044Z/[0m
[0;36m[2026-10-06 00:06:42][0m [0;34m── Cleaning up all autoscalers for auth-service...[0m
[0;36m[2026-10-06 00:06:58][0m [0;34m── Waiting for auth-service to return to the 1-replica baseline...[0m
[0;36m[2026-10-06 00:07:04][0m [0;32m✅ auth-service reached 1/1 ready replicas during cleanup[0m
[0;36m[2026-10-06 00:07:04][0m [0;32m✅ Ladder finished: /c/Projects/e-commerce/experiment-results-pilot-openloop/calibration/auth-service_b1_20261005T164044Z (raw_ok=true, k6_exit=0, export_ok=true)[0m
[0;36m[2026-10-06 00:07:04][0m [1;33m⚠️  Remember: az aks stop --resource-group ecommerce --name ecommerce-aks[0m
[0;36m[2026-10-06 00:07:05][0m ================================================================
[0;36m[2026-10-06 00:07:05][0m   OPEN-LOOP CALIBRATION LADDER: shipping-rate-service b1
[0;36m[2026-10-06 00:07:05][0m   rates 5,10,15,20,25,30,40 req/s, step 2m, gap 30s, timeout 5s
[0;36m[2026-10-06 00:07:05][0m   schedule 1020s, largest step needs 300 VUs
[0;36m[2026-10-06 00:07:05][0m ================================================================
[0;36m[2026-10-06 00:07:06][0m [0;34m── Deleting leftover k6 jobs...[0m
[0;36m[2026-10-06 00:07:08][0m [0;34m── Refreshing open-loop k6 ConfigMaps...[0m
[0;36m[2026-10-06 00:07:11][0m [0;34m── Cleaning up all autoscalers for auth-service...[0m
[0;36m[2026-10-06 00:07:24][0m [0;34m── Waiting for auth-service to return to the 1-replica baseline...[0m
[0;36m[2026-10-06 00:07:30][0m [0;32m✅ auth-service reached 1/1 ready replicas during cleanup[0m
[0;36m[2026-10-06 00:07:30][0m [0;34m── Resetting cluster state for shipping-rate-service...[0m
[0;36m[2026-10-06 00:07:30][0m [0;34m── Cleaning up all autoscalers for shipping-rate-service...[0m
[0;36m[2026-10-06 00:07:43][0m [0;34m── Waiting for shipping-rate-service to return to the 1-replica baseline...[0m
[0;36m[2026-10-06 00:07:49][0m [0;32m✅ shipping-rate-service reached 1/1 ready replicas during cleanup[0m
[0;36m[2026-10-06 00:07:49][0m [0;34m── Deleting leftover k6 jobs...[0m
[0;36m[2026-10-06 00:07:52][0m [0;34m── Waiting 120s for cluster stabilization...[0m
[0;36m[2026-10-06 00:09:57][0m [0;32m✅ shipping-rate-service reached 1/1 ready replicas during post-reset stabilization[0m
[0;36m[2026-10-06 00:09:57][0m [0;32m✅ Cluster state reset complete for shipping-rate-service[0m
[0;36m[2026-10-06 00:09:57][0m [0;34m── Applying configuration: b1 (b1-underprovisioned.yaml) for shipping-rate-service[0m
[0;36m[2026-10-06 00:10:05][0m [0;32m✅ shipping-rate-service reached 1/1 ready replicas during config apply (b1)[0m
[0;36m[2026-10-06 00:10:05][0m [0;34m── Waiting 90s for metrics to baseline...[0m
[0;36m[2026-10-06 00:11:40][0m [0;32m✅ shipping-rate-service reached 1/1 ready replicas during post-config stabilization (b1)[0m
[0;36m[2026-10-06 00:11:40][0m [0;32m✅ Configuration b1 applied for shipping-rate-service[0m
[0;36m[2026-10-06 00:11:41][0m [0;34m── Pre-flight: verifying shipping-rate-service is ready on /ready...[0m
[0;36m[2026-10-06 00:11:44][0m [0;32m✅ Pre-flight passed: shipping-rate-service is ready[0m
[0;36m[2026-10-06 00:11:49][0m [0;34m── Waiting for k6 to finish (deadline 1620s)...[0m
[0;36m[2026-10-06 00:28:54][0m [0;32m✅ k6 finished in pod k6-ol-ladder-shipping-rate-service-b1-vpqbd[0m
[0;36m[2026-10-06 00:29:00][0m [0;32m✅ Raw per-request data fetched: 2871141 bytes, md5 73a566b7c1915987c746bcab5265bcaa, k6 exit code 0[0m
[0;36m[2026-10-06 00:29:38][0m [0;34m── Exporting Prometheus metrics for 1791220031..1791221378...[0m
[0;36m[2026-10-06 00:29:59][0m [0;32m✅ Prometheus metrics exported to /c/Projects/e-commerce/experiment-results-pilot-openloop/calibration/shipping-rate-service_b1_20261005T170704Z/[0m
[0;36m[2026-10-06 00:30:01][0m [0;34m── Cleaning up all autoscalers for shipping-rate-service...[0m
[0;36m[2026-10-06 00:30:15][0m [0;34m── Waiting for shipping-rate-service to return to the 1-replica baseline...[0m
[0;36m[2026-10-06 00:30:22][0m [0;32m✅ shipping-rate-service reached 1/1 ready replicas during cleanup[0m
[0;36m[2026-10-06 00:30:22][0m [0;32m✅ Ladder finished: /c/Projects/e-commerce/experiment-results-pilot-openloop/calibration/shipping-rate-service_b1_20261005T170704Z (raw_ok=true, k6_exit=0, export_ok=true)[0m
[0;36m[2026-10-06 00:30:22][0m [1;33m⚠️  Remember: az aks stop --resource-group ecommerce --name ecommerce-aks[0m
[0;36m[2026-10-06 00:30:22][0m ================================================================
[0;36m[2026-10-06 00:30:22][0m   OPEN-LOOP CALIBRATION LADDER: shipping-rate-service b2
[0;36m[2026-10-06 00:30:22][0m   rates 40,60,80,100,120,140 req/s, step 2m, gap 30s, timeout 5s
[0;36m[2026-10-06 00:30:23][0m   schedule 870s, largest step needs 1050 VUs
[0;36m[2026-10-06 00:30:23][0m ================================================================
[0;36m[2026-10-06 00:30:24][0m [0;34m── Deleting leftover k6 jobs...[0m
[0;36m[2026-10-06 00:30:26][0m [0;34m── Refreshing open-loop k6 ConfigMaps...[0m
[0;36m[2026-10-06 00:30:29][0m [0;34m── Cleaning up all autoscalers for auth-service...[0m
[0;36m[2026-10-06 00:30:42][0m [0;34m── Waiting for auth-service to return to the 1-replica baseline...[0m
[0;36m[2026-10-06 00:30:48][0m [0;32m✅ auth-service reached 1/1 ready replicas during cleanup[0m
[0;36m[2026-10-06 00:30:48][0m [0;34m── Resetting cluster state for shipping-rate-service...[0m
[0;36m[2026-10-06 00:30:48][0m [0;34m── Cleaning up all autoscalers for shipping-rate-service...[0m
[0;36m[2026-10-06 00:31:01][0m [0;34m── Waiting for shipping-rate-service to return to the 1-replica baseline...[0m
[0;36m[2026-10-06 00:31:08][0m [0;32m✅ shipping-rate-service reached 1/1 ready replicas during cleanup[0m
[0;36m[2026-10-06 00:31:08][0m [0;34m── Deleting leftover k6 jobs...[0m
[0;36m[2026-10-06 00:31:10][0m [0;34m── Waiting 120s for cluster stabilization...[0m
[0;36m[2026-10-06 00:33:15][0m [0;32m✅ shipping-rate-service reached 1/1 ready replicas during post-reset stabilization[0m
[0;36m[2026-10-06 00:33:15][0m [0;32m✅ Cluster state reset complete for shipping-rate-service[0m
[0;36m[2026-10-06 00:33:16][0m [0;34m── Applying configuration: b2 (b2-overprovisioned.yaml) for shipping-rate-service[0m
[0;36m[2026-10-06 00:33:42][0m [0;32m✅ shipping-rate-service reached 5/5 ready replicas during config apply (b2)[0m
[0;36m[2026-10-06 00:33:42][0m [0;34m── Waiting 90s for metrics to baseline...[0m
[0;36m[2026-10-06 00:35:18][0m [0;32m✅ shipping-rate-service reached 5/5 ready replicas during post-config stabilization (b2)[0m
[0;36m[2026-10-06 00:35:18][0m [0;32m✅ Configuration b2 applied for shipping-rate-service[0m
[0;36m[2026-10-06 00:35:18][0m [0;34m── Pre-flight: verifying shipping-rate-service is ready on /ready...[0m
[0;36m[2026-10-06 00:35:22][0m [0;32m✅ Pre-flight passed: shipping-rate-service is ready[0m
[0;36m[2026-10-06 00:35:26][0m [0;34m── Waiting for k6 to finish (deadline 1470s)...[0m
[0;36m[2026-10-06 00:50:01][0m [0;32m✅ k6 finished in pod k6-ol-ladder-shipping-rate-service-b2-5nrj2[0m
[0;36m[2026-10-06 00:50:08][0m [0;32m✅ Raw per-request data fetched: 10447788 bytes, md5 8d2ca2b721e0dc0be9e3f97185644c9f, k6 exit code 0[0m
[0;36m[2026-10-06 00:50:47][0m [0;34m── Exporting Prometheus metrics for 1791221429..1791222647...[0m
[0;36m[2026-10-06 00:51:08][0m [0;32m✅ Prometheus metrics exported to /c/Projects/e-commerce/experiment-results-pilot-openloop/calibration/shipping-rate-service_b2_20261005T173022Z/[0m
[0;36m[2026-10-06 00:51:09][0m [0;34m── Cleaning up all autoscalers for shipping-rate-service...[0m
[0;36m[2026-10-06 00:51:24][0m [0;34m── Waiting for shipping-rate-service to return to the 1-replica baseline...[0m
[0;36m[2026-10-06 00:51:30][0m [0;32m✅ shipping-rate-service reached 1/1 ready replicas during cleanup[0m
[0;36m[2026-10-06 00:51:30][0m [0;32m✅ Ladder finished: /c/Projects/e-commerce/experiment-results-pilot-openloop/calibration/shipping-rate-service_b2_20261005T173022Z (raw_ok=true, k6_exit=0, export_ok=true)[0m
[0;36m[2026-10-06 00:51:30][0m [1;33m⚠️  Remember: az aks stop --resource-group ecommerce --name ecommerce-aks[0m
[0;36m[2026-10-06 00:57:02][0m ================================================================
[0;36m[2026-10-06 00:57:02][0m   OPEN-LOOP CALIBRATION LADDER: shipping-rate-service b1
[0;36m[2026-10-06 00:57:02][0m   rates 50,60,70,80,90,100 req/s, step 2m, gap 30s, timeout 5s
[0;36m[2026-10-06 00:57:02][0m   schedule 870s, largest step needs 750 VUs
[0;36m[2026-10-06 00:57:02][0m ================================================================
[0;36m[2026-10-06 00:57:04][0m [0;34m── Deleting leftover k6 jobs...[0m
[0;36m[2026-10-06 00:57:07][0m [0;34m── Refreshing open-loop k6 ConfigMaps...[0m
[0;36m[2026-10-06 00:57:09][0m [0;34m── Cleaning up all autoscalers for auth-service...[0m
[0;36m[2026-10-06 00:57:24][0m [0;34m── Waiting for auth-service to return to the 1-replica baseline...[0m
[0;36m[2026-10-06 00:57:30][0m [0;32m✅ auth-service reached 1/1 ready replicas during cleanup[0m
[0;36m[2026-10-06 00:57:30][0m [0;34m── Resetting cluster state for shipping-rate-service...[0m
[0;36m[2026-10-06 00:57:30][0m [0;34m── Cleaning up all autoscalers for shipping-rate-service...[0m
[0;36m[2026-10-06 00:57:44][0m [0;34m── Waiting for shipping-rate-service to return to the 1-replica baseline...[0m
[0;36m[2026-10-06 00:57:50][0m [0;32m✅ shipping-rate-service reached 1/1 ready replicas during cleanup[0m
[0;36m[2026-10-06 00:57:50][0m [0;34m── Deleting leftover k6 jobs...[0m
[0;36m[2026-10-06 00:57:52][0m [0;34m── Waiting 120s for cluster stabilization...[0m
[0;36m[2026-10-06 00:59:57][0m [0;32m✅ shipping-rate-service reached 1/1 ready replicas during post-reset stabilization[0m
[0;36m[2026-10-06 00:59:58][0m [0;32m✅ Cluster state reset complete for shipping-rate-service[0m
[0;36m[2026-10-06 00:59:58][0m [0;34m── Applying configuration: b1 (b1-underprovisioned.yaml) for shipping-rate-service[0m
[0;36m[2026-10-06 01:00:05][0m [0;32m✅ shipping-rate-service reached 1/1 ready replicas during config apply (b1)[0m
[0;36m[2026-10-06 01:00:05][0m [0;34m── Waiting 90s for metrics to baseline...[0m
[0;36m[2026-10-06 01:01:41][0m [0;32m✅ shipping-rate-service reached 1/1 ready replicas during post-config stabilization (b1)[0m
[0;36m[2026-10-06 01:01:41][0m [0;32m✅ Configuration b1 applied for shipping-rate-service[0m
[0;36m[2026-10-06 01:01:41][0m [0;34m── Pre-flight: verifying shipping-rate-service is ready on /ready...[0m
[0;36m[2026-10-06 01:01:44][0m [0;32m✅ Pre-flight passed: shipping-rate-service is ready[0m
[0;36m[2026-10-06 01:01:48][0m [0;34m── Waiting for k6 to finish (deadline 1470s)...[0m
[0;36m[2026-10-06 01:16:34][0m [0;32m✅ k6 finished in pod k6-ol-ladder-shipping-rate-service-b1-6ks5d[0m
[0;36m[2026-10-06 01:16:41][0m [0;32m✅ Raw per-request data fetched: 7812708 bytes, md5 ce880889dbc3723e864788cfeb10cfa0, k6 exit code 0[0m
[0;36m[2026-10-06 01:17:20][0m [0;34m── Exporting Prometheus metrics for 1791223029..1791224240...[0m
[0;36m[2026-10-06 01:17:41][0m [0;32m✅ Prometheus metrics exported to /c/Projects/e-commerce/experiment-results-pilot-openloop/calibration/shipping-rate-service_b1_20261005T175702Z/[0m
[0;36m[2026-10-06 01:17:43][0m [0;34m── Cleaning up all autoscalers for shipping-rate-service...[0m
[0;36m[2026-10-06 01:17:57][0m [0;34m── Waiting for shipping-rate-service to return to the 1-replica baseline...[0m
[0;36m[2026-10-06 01:18:03][0m [0;32m✅ shipping-rate-service reached 1/1 ready replicas during cleanup[0m
[0;36m[2026-10-06 01:18:03][0m [0;32m✅ Ladder finished: /c/Projects/e-commerce/experiment-results-pilot-openloop/calibration/shipping-rate-service_b1_20261005T175702Z (raw_ok=true, k6_exit=0, export_ok=true)[0m
[0;36m[2026-10-06 01:18:04][0m [1;33m⚠️  Remember: az aks stop --resource-group ecommerce --name ecommerce-aks[0m
[0;36m[2026-10-06 01:18:04][0m ================================================================
[0;36m[2026-10-06 01:18:04][0m   OPEN-LOOP CALIBRATION LADDER: shipping-rate-service b2
[0;36m[2026-10-06 01:18:04][0m   rates 200,250,300,350,400 req/s, step 2m, gap 30s, timeout 5s
[0;36m[2026-10-06 01:18:04][0m   schedule 720s, largest step needs 3000 VUs
[0;36m[2026-10-06 01:18:04][0m ================================================================
[0;36m[2026-10-06 01:18:06][0m [0;34m── Deleting leftover k6 jobs...[0m
[0;36m[2026-10-06 01:18:08][0m [0;34m── Refreshing open-loop k6 ConfigMaps...[0m
[0;36m[2026-10-06 01:18:11][0m [0;34m── Cleaning up all autoscalers for auth-service...[0m
[0;36m[2026-10-06 01:18:24][0m [0;34m── Waiting for auth-service to return to the 1-replica baseline...[0m
[0;36m[2026-10-06 01:18:30][0m [0;32m✅ auth-service reached 1/1 ready replicas during cleanup[0m
[0;36m[2026-10-06 01:18:30][0m [0;34m── Resetting cluster state for shipping-rate-service...[0m
[0;36m[2026-10-06 01:18:30][0m [0;34m── Cleaning up all autoscalers for shipping-rate-service...[0m
[0;36m[2026-10-06 01:18:43][0m [0;34m── Waiting for shipping-rate-service to return to the 1-replica baseline...[0m
[0;36m[2026-10-06 01:18:50][0m [0;32m✅ shipping-rate-service reached 1/1 ready replicas during cleanup[0m
[0;36m[2026-10-06 01:18:50][0m [0;34m── Deleting leftover k6 jobs...[0m
[0;36m[2026-10-06 01:18:52][0m [0;34m── Waiting 120s for cluster stabilization...[0m
[0;36m[2026-10-06 01:20:57][0m [0;32m✅ shipping-rate-service reached 1/1 ready replicas during post-reset stabilization[0m
[0;36m[2026-10-06 01:20:58][0m [0;32m✅ Cluster state reset complete for shipping-rate-service[0m
[0;36m[2026-10-06 01:20:58][0m [0;34m── Applying configuration: b2 (b2-overprovisioned.yaml) for shipping-rate-service[0m
[0;36m[2026-10-06 01:21:24][0m [0;32m✅ shipping-rate-service reached 5/5 ready replicas during config apply (b2)[0m
[0;36m[2026-10-06 01:21:24][0m [0;34m── Waiting 90s for metrics to baseline...[0m
[0;36m[2026-10-06 01:23:00][0m [0;32m✅ shipping-rate-service reached 5/5 ready replicas during post-config stabilization (b2)[0m
[0;36m[2026-10-06 01:23:00][0m [0;32m✅ Configuration b2 applied for shipping-rate-service[0m
[0;36m[2026-10-06 01:23:00][0m [0;34m── Pre-flight: verifying shipping-rate-service is ready on /ready...[0m
[0;36m[2026-10-06 01:23:03][0m [0;32m✅ Pre-flight passed: shipping-rate-service is ready[0m
[0;36m[2026-10-06 01:23:07][0m [0;34m── Waiting for k6 to finish (deadline 1320s)...[0m
[0;36m[2026-10-06 01:35:22][0m [0;32m✅ k6 finished in pod k6-ol-ladder-shipping-rate-service-b2-r7vcp[0m
[0;36m[2026-10-06 01:35:30][0m [0;32m✅ Raw per-request data fetched: 28012329 bytes, md5 9afac23700973e82587316c1ce5e5706, k6 exit code 0[0m
[0;36m[2026-10-06 01:36:11][0m [0;34m── Exporting Prometheus metrics for 1791224291..1791225371...[0m
[0;36m[2026-10-06 01:36:32][0m [0;32m✅ Prometheus metrics exported to /c/Projects/e-commerce/experiment-results-pilot-openloop/calibration/shipping-rate-service_b2_20261005T181804Z/[0m
[0;36m[2026-10-06 01:36:34][0m [0;34m── Cleaning up all autoscalers for shipping-rate-service...[0m
[0;36m[2026-10-06 01:36:48][0m [0;34m── Waiting for shipping-rate-service to return to the 1-replica baseline...[0m
[0;36m[2026-10-06 01:36:54][0m [0;32m✅ shipping-rate-service reached 1/1 ready replicas during cleanup[0m
[0;36m[2026-10-06 01:36:54][0m [0;32m✅ Ladder finished: /c/Projects/e-commerce/experiment-results-pilot-openloop/calibration/shipping-rate-service_b2_20261005T181804Z (raw_ok=true, k6_exit=0, export_ok=true)[0m
[0;36m[2026-10-06 01:36:54][0m [1;33m⚠️  Remember: az aks stop --resource-group ecommerce --name ecommerce-aks[0m
[0;36m[2026-10-06 01:38:46][0m ================================================================
[0;36m[2026-10-06 01:38:46][0m   OPEN-LOOP PILOT  (open-loop-arr-v1, k6 grafana/k6:0.46.0)
[0;36m[2026-10-06 01:38:46][0m   Plan: 20 runs | pending: 20 | this invocation: 20
[0;36m[2026-10-06 01:38:46][0m   auth 2->30 req/s | shipping ?->? req/s
[0;36m[2026-10-06 01:38:47][0m   timeout 5s, VU factor 1.5, seed 20261005
[0;36m[2026-10-06 01:38:47][0m   Estimated time for this invocation: 7h 0m
[0;36m[2026-10-06 01:38:47][0m ================================================================
[0;36m[2026-10-06 01:49:08][0m ================================================================
[0;36m[2026-10-06 01:49:08][0m   OPEN-LOOP PILOT  (open-loop-arr-v1, k6 grafana/k6:0.46.0)
[0;36m[2026-10-06 01:49:09][0m   Plan: 20 runs | pending: 20 | this invocation: 20
[0;36m[2026-10-06 01:49:09][0m   auth 2->30 req/s | shipping 10->105 req/s
[0;36m[2026-10-06 01:49:09][0m   timeout 5s, VU factor 1.5, seed 20261005
[0;36m[2026-10-06 01:49:09][0m   Estimated time for this invocation: 7h 0m
[0;36m[2026-10-06 01:49:09][0m ================================================================
[0;36m[2026-10-06 12:55:14][0m ================================================================
[0;36m[2026-10-06 12:55:14][0m   OPEN-LOOP PILOT  (open-loop-arr-v1, k6 grafana/k6:0.46.0)
[0;36m[2026-10-06 12:55:14][0m   Plan: 20 runs | pending: 0 | this invocation: 0
[0;36m[2026-10-06 12:55:14][0m   auth 2->30 req/s | shipping 10->105 req/s
[0;36m[2026-10-06 12:55:14][0m   timeout 5s, VU factor 1.5, seed 20261005
[0;36m[2026-10-06 12:55:14][0m   Estimated time for this invocation: 0h 0m
[0;36m[2026-10-06 12:55:14][0m ================================================================
