
          /\      |‾‾| /‾‾/   /‾‾/   
     /\  /  \     |  |/  /   /  /    
    /  \/    \    |     (   /   ‾‾\  
   /          \   |  |\  \ |  (‾)  | 
  / __________ \  |__| \__\ \_____/ .io

  execution: local
     script: /scripts/load-test.js
     output: json (/results/results.json)

  scenarios: (100.00%) 1 scenario, 80 max VUs, 12m30s max duration (incl. graceful stop):
           * oscillating: Up to 80 looping VUs for 12m0s over 12 stages (gracefulRampDown: 30s, gracefulStop: 30s)


running (00m01.0s), 10/80 VUs, 10 complete and 0 interrupted iterations
oscillating   [   0% ] 10/80 VUs  00m01.0s/12m00.0s

running (00m02.0s), 10/80 VUs, 22 complete and 0 interrupted iterations
oscillating   [   0% ] 10/80 VUs  00m02.0s/12m00.0s

running (00m03.0s), 10/80 VUs, 36 complete and 0 interrupted iterations
oscillating   [   0% ] 10/80 VUs  00m03.0s/12m00.0s

running (00m04.0s), 10/80 VUs, 50 complete and 0 interrupted iterations
oscillating   [   1% ] 10/80 VUs  00m04.0s/12m00.0s

running (00m05.0s), 10/80 VUs, 66 complete and 0 interrupted iterations
oscillating   [   1% ] 10/80 VUs  00m05.0s/12m00.0s

running (00m06.0s), 10/80 VUs, 78 complete and 0 interrupted iterations
oscillating   [   1% ] 10/80 VUs  00m06.0s/12m00.0s

running (00m07.0s), 10/80 VUs, 91 complete and 0 interrupted iterations
oscillating   [   1% ] 10/80 VUs  00m07.0s/12m00.0s

running (00m08.0s), 10/80 VUs, 104 complete and 0 interrupted iterations
oscillating   [   1% ] 10/80 VUs  00m08.0s/12m00.0s

running (00m09.0s), 10/80 VUs, 118 complete and 0 interrupted iterations
oscillating   [   1% ] 10/80 VUs  00m09.0s/12m00.0s

running (00m10.0s), 10/80 VUs, 133 complete and 0 interrupted iterations
oscillating   [   1% ] 10/80 VUs  00m10.0s/12m00.0s

running (00m11.0s), 10/80 VUs, 147 complete and 0 interrupted iterations
oscillating   [   2% ] 10/80 VUs  00m11.0s/12m00.0s

running (00m12.0s), 10/80 VUs, 162 complete and 0 interrupted iterations
oscillating   [   2% ] 10/80 VUs  00m12.0s/12m00.0s

running (00m13.0s), 10/80 VUs, 175 complete and 0 interrupted iterations
oscillating   [   2% ] 10/80 VUs  00m13.0s/12m00.0s

running (00m14.0s), 10/80 VUs, 189 complete and 0 interrupted iterations
oscillating   [   2% ] 10/80 VUs  00m14.0s/12m00.0s

running (00m15.0s), 10/80 VUs, 207 complete and 0 interrupted iterations
oscillating   [   2% ] 10/80 VUs  00m15.0s/12m00.0s

running (00m16.0s), 10/80 VUs, 221 complete and 0 interrupted iterations
oscillating   [   2% ] 10/80 VUs  00m16.0s/12m00.0s

running (00m17.0s), 10/80 VUs, 236 complete and 0 interrupted iterations
oscillating   [   2% ] 10/80 VUs  00m17.0s/12m00.0s

running (00m18.0s), 10/80 VUs, 249 complete and 0 interrupted iterations
oscillating   [   2% ] 10/80 VUs  00m18.0s/12m00.0s

running (00m19.0s), 10/80 VUs, 262 complete and 0 interrupted iterations
oscillating   [   3% ] 10/80 VUs  00m19.0s/12m00.0s

running (00m20.0s), 10/80 VUs, 278 complete and 0 interrupted iterations
oscillating   [   3% ] 10/80 VUs  00m20.0s/12m00.0s

running (00m21.0s), 10/80 VUs, 291 complete and 0 interrupted iterations
oscillating   [   3% ] 10/80 VUs  00m21.0s/12m00.0s

running (00m22.0s), 10/80 VUs, 303 complete and 0 interrupted iterations
oscillating   [   3% ] 10/80 VUs  00m22.0s/12m00.0s

running (00m23.0s), 10/80 VUs, 320 complete and 0 interrupted iterations
oscillating   [   3% ] 10/80 VUs  00m23.0s/12m00.0s

running (00m24.0s), 10/80 VUs, 333 complete and 0 interrupted iterations
oscillating   [   3% ] 10/80 VUs  00m24.0s/12m00.0s

running (00m25.0s), 10/80 VUs, 347 complete and 0 interrupted iterations
oscillating   [   3% ] 10/80 VUs  00m25.0s/12m00.0s

running (00m26.0s), 10/80 VUs, 362 complete and 0 interrupted iterations
oscillating   [   4% ] 10/80 VUs  00m26.0s/12m00.0s

running (00m27.0s), 10/80 VUs, 376 complete and 0 interrupted iterations
oscillating   [   4% ] 10/80 VUs  00m27.0s/12m00.0s

running (00m28.0s), 10/80 VUs, 389 complete and 0 interrupted iterations
oscillating   [   4% ] 10/80 VUs  00m28.0s/12m00.0s

running (00m29.0s), 10/80 VUs, 406 complete and 0 interrupted iterations
oscillating   [   4% ] 10/80 VUs  00m29.0s/12m00.0s

running (00m30.0s), 10/80 VUs, 420 complete and 0 interrupted iterations
oscillating   [   4% ] 10/80 VUs  00m30.0s/12m00.0s

running (00m31.0s), 10/80 VUs, 436 complete and 0 interrupted iterations
oscillating   [   4% ] 10/80 VUs  00m31.0s/12m00.0s

running (00m32.0s), 10/80 VUs, 451 complete and 0 interrupted iterations
oscillating   [   4% ] 10/80 VUs  00m32.0s/12m00.0s

running (00m33.0s), 10/80 VUs, 464 complete and 0 interrupted iterations
oscillating   [   5% ] 10/80 VUs  00m33.0s/12m00.0s

running (00m34.0s), 10/80 VUs, 478 complete and 0 interrupted iterations
oscillating   [   5% ] 10/80 VUs  00m34.0s/12m00.0s

running (00m35.0s), 10/80 VUs, 494 complete and 0 interrupted iterations
oscillating   [   5% ] 10/80 VUs  00m35.0s/12m00.0s

running (00m36.0s), 10/80 VUs, 509 complete and 0 interrupted iterations
oscillating   [   5% ] 10/80 VUs  00m36.0s/12m00.0s

running (00m37.0s), 10/80 VUs, 522 complete and 0 interrupted iterations
oscillating   [   5% ] 10/80 VUs  00m37.0s/12m00.0s

running (00m38.0s), 10/80 VUs, 537 complete and 0 interrupted iterations
oscillating   [   5% ] 10/80 VUs  00m38.0s/12m00.0s

running (00m39.0s), 10/80 VUs, 550 complete and 0 interrupted iterations
oscillating   [   5% ] 10/80 VUs  00m39.0s/12m00.0s

running (00m40.0s), 10/80 VUs, 565 complete and 0 interrupted iterations
oscillating   [   6% ] 10/80 VUs  00m40.0s/12m00.0s

running (00m41.0s), 10/80 VUs, 580 complete and 0 interrupted iterations
oscillating   [   6% ] 10/80 VUs  00m41.0s/12m00.0s

running (00m42.0s), 10/80 VUs, 594 complete and 0 interrupted iterations
oscillating   [   6% ] 10/80 VUs  00m42.0s/12m00.0s

running (00m43.0s), 10/80 VUs, 608 complete and 0 interrupted iterations
oscillating   [   6% ] 10/80 VUs  00m43.0s/12m00.0s

running (00m44.0s), 10/80 VUs, 619 complete and 0 interrupted iterations
oscillating   [   6% ] 10/80 VUs  00m44.0s/12m00.0s

running (00m45.0s), 10/80 VUs, 635 complete and 0 interrupted iterations
oscillating   [   6% ] 10/80 VUs  00m45.0s/12m00.0s

running (00m46.0s), 10/80 VUs, 650 complete and 0 interrupted iterations
oscillating   [   6% ] 10/80 VUs  00m46.0s/12m00.0s

running (00m47.0s), 10/80 VUs, 663 complete and 0 interrupted iterations
oscillating   [   7% ] 10/80 VUs  00m47.0s/12m00.0s

running (00m48.0s), 10/80 VUs, 679 complete and 0 interrupted iterations
oscillating   [   7% ] 10/80 VUs  00m48.0s/12m00.0s

running (00m49.0s), 10/80 VUs, 691 complete and 0 interrupted iterations
oscillating   [   7% ] 10/80 VUs  00m49.0s/12m00.0s

running (00m50.0s), 10/80 VUs, 708 complete and 0 interrupted iterations
oscillating   [   7% ] 10/80 VUs  00m50.0s/12m00.0s

running (00m51.0s), 10/80 VUs, 720 complete and 0 interrupted iterations
oscillating   [   7% ] 10/80 VUs  00m51.0s/12m00.0s

running (00m52.0s), 10/80 VUs, 732 complete and 0 interrupted iterations
oscillating   [   7% ] 10/80 VUs  00m52.0s/12m00.0s

running (00m53.0s), 10/80 VUs, 747 complete and 0 interrupted iterations
oscillating   [   7% ] 10/80 VUs  00m53.0s/12m00.0s

running (00m54.0s), 10/80 VUs, 763 complete and 0 interrupted iterations
oscillating   [   7% ] 10/80 VUs  00m54.0s/12m00.0s

running (00m55.0s), 10/80 VUs, 780 complete and 0 interrupted iterations
oscillating   [   8% ] 10/80 VUs  00m55.0s/12m00.0s

running (00m56.0s), 10/80 VUs, 793 complete and 0 interrupted iterations
oscillating   [   8% ] 10/80 VUs  00m56.0s/12m00.0s

running (00m57.0s), 10/80 VUs, 805 complete and 0 interrupted iterations
oscillating   [   8% ] 10/80 VUs  00m57.0s/12m00.0s

running (00m58.0s), 10/80 VUs, 818 complete and 0 interrupted iterations
oscillating   [   8% ] 10/80 VUs  00m58.0s/12m00.0s

running (00m59.0s), 10/80 VUs, 835 complete and 0 interrupted iterations
oscillating   [   8% ] 10/80 VUs  00m59.0s/12m00.0s

running (01m00.0s), 10/80 VUs, 847 complete and 0 interrupted iterations
oscillating   [   8% ] 10/80 VUs  01m00.0s/12m00.0s

running (01m01.0s), 10/80 VUs, 863 complete and 0 interrupted iterations
oscillating   [   8% ] 10/80 VUs  01m01.0s/12m00.0s

running (01m02.0s), 10/80 VUs, 876 complete and 0 interrupted iterations
oscillating   [   9% ] 10/80 VUs  01m02.0s/12m00.0s

running (01m03.0s), 10/80 VUs, 888 complete and 0 interrupted iterations
oscillating   [   9% ] 10/80 VUs  01m03.0s/12m00.0s

running (01m04.0s), 10/80 VUs, 905 complete and 0 interrupted iterations
oscillating   [   9% ] 10/80 VUs  01m04.0s/12m00.0s

running (01m05.0s), 10/80 VUs, 918 complete and 0 interrupted iterations
oscillating   [   9% ] 10/80 VUs  01m05.0s/12m00.0s

running (01m06.0s), 10/80 VUs, 932 complete and 0 interrupted iterations
oscillating   [   9% ] 10/80 VUs  01m06.0s/12m00.0s

running (01m07.0s), 10/80 VUs, 948 complete and 0 interrupted iterations
oscillating   [   9% ] 10/80 VUs  01m07.0s/12m00.0s

running (01m08.0s), 10/80 VUs, 959 complete and 0 interrupted iterations
oscillating   [   9% ] 10/80 VUs  01m08.0s/12m00.0s

running (01m09.0s), 10/80 VUs, 974 complete and 0 interrupted iterations
oscillating   [  10% ] 10/80 VUs  01m09.0s/12m00.0s

running (01m10.0s), 10/80 VUs, 987 complete and 0 interrupted iterations
oscillating   [  10% ] 10/80 VUs  01m10.0s/12m00.0s

running (01m11.0s), 10/80 VUs, 1001 complete and 0 interrupted iterations
oscillating   [  10% ] 10/80 VUs  01m11.0s/12m00.0s

running (01m12.0s), 10/80 VUs, 1017 complete and 0 interrupted iterations
oscillating   [  10% ] 10/80 VUs  01m12.0s/12m00.0s

running (01m13.0s), 10/80 VUs, 1031 complete and 0 interrupted iterations
oscillating   [  10% ] 10/80 VUs  01m13.0s/12m00.0s

running (01m14.0s), 10/80 VUs, 1044 complete and 0 interrupted iterations
oscillating   [  10% ] 10/80 VUs  01m14.0s/12m00.0s

running (01m15.0s), 10/80 VUs, 1058 complete and 0 interrupted iterations
oscillating   [  10% ] 10/80 VUs  01m15.0s/12m00.0s

running (01m16.0s), 10/80 VUs, 1072 complete and 0 interrupted iterations
oscillating   [  11% ] 10/80 VUs  01m16.0s/12m00.0s

running (01m17.0s), 10/80 VUs, 1086 complete and 0 interrupted iterations
oscillating   [  11% ] 10/80 VUs  01m17.0s/12m00.0s

running (01m18.0s), 10/80 VUs, 1101 complete and 0 interrupted iterations
oscillating   [  11% ] 10/80 VUs  01m18.0s/12m00.0s

running (01m19.0s), 10/80 VUs, 1116 complete and 0 interrupted iterations
oscillating   [  11% ] 10/80 VUs  01m19.0s/12m00.0s

running (01m20.0s), 10/80 VUs, 1130 complete and 0 interrupted iterations
oscillating   [  11% ] 10/80 VUs  01m20.0s/12m00.0s

running (01m21.0s), 10/80 VUs, 1145 complete and 0 interrupted iterations
oscillating   [  11% ] 10/80 VUs  01m21.0s/12m00.0s

running (01m22.0s), 10/80 VUs, 1159 complete and 0 interrupted iterations
oscillating   [  11% ] 10/80 VUs  01m22.0s/12m00.0s

running (01m23.0s), 10/80 VUs, 1172 complete and 0 interrupted iterations
oscillating   [  12% ] 10/80 VUs  01m23.0s/12m00.0s

running (01m24.0s), 10/80 VUs, 1183 complete and 0 interrupted iterations
oscillating   [  12% ] 10/80 VUs  01m24.0s/12m00.0s

running (01m25.0s), 10/80 VUs, 1198 complete and 0 interrupted iterations
oscillating   [  12% ] 10/80 VUs  01m25.0s/12m00.0s

running (01m26.0s), 10/80 VUs, 1212 complete and 0 interrupted iterations
oscillating   [  12% ] 10/80 VUs  01m26.0s/12m00.0s

running (01m27.0s), 10/80 VUs, 1227 complete and 0 interrupted iterations
oscillating   [  12% ] 10/80 VUs  01m27.0s/12m00.0s

running (01m28.0s), 10/80 VUs, 1241 complete and 0 interrupted iterations
oscillating   [  12% ] 10/80 VUs  01m28.0s/12m00.0s

running (01m29.0s), 10/80 VUs, 1254 complete and 0 interrupted iterations
oscillating   [  12% ] 10/80 VUs  01m29.0s/12m00.0s

running (01m30.0s), 10/80 VUs, 1271 complete and 0 interrupted iterations
oscillating   [  12% ] 10/80 VUs  01m30.0s/12m00.0s

running (01m31.0s), 10/80 VUs, 1283 complete and 0 interrupted iterations
oscillating   [  13% ] 10/80 VUs  01m31.0s/12m00.0s

running (01m32.0s), 10/80 VUs, 1296 complete and 0 interrupted iterations
oscillating   [  13% ] 10/80 VUs  01m32.0s/12m00.0s

running (01m33.0s), 10/80 VUs, 1312 complete and 0 interrupted iterations
oscillating   [  13% ] 10/80 VUs  01m33.0s/12m00.0s

running (01m34.0s), 10/80 VUs, 1329 complete and 0 interrupted iterations
oscillating   [  13% ] 10/80 VUs  01m34.0s/12m00.0s

running (01m35.0s), 10/80 VUs, 1342 complete and 0 interrupted iterations
oscillating   [  13% ] 10/80 VUs  01m35.0s/12m00.0s

running (01m36.0s), 10/80 VUs, 1355 complete and 0 interrupted iterations
oscillating   [  13% ] 10/80 VUs  01m36.0s/12m00.0s

running (01m37.0s), 10/80 VUs, 1372 complete and 0 interrupted iterations
oscillating   [  13% ] 10/80 VUs  01m37.0s/12m00.0s

running (01m38.0s), 10/80 VUs, 1385 complete and 0 interrupted iterations
oscillating   [  14% ] 10/80 VUs  01m38.0s/12m00.0s

running (01m39.0s), 10/80 VUs, 1401 complete and 0 interrupted iterations
oscillating   [  14% ] 10/80 VUs  01m39.0s/12m00.0s

running (01m40.0s), 10/80 VUs, 1414 complete and 0 interrupted iterations
oscillating   [  14% ] 10/80 VUs  01m40.0s/12m00.0s

running (01m41.0s), 10/80 VUs, 1427 complete and 0 interrupted iterations
oscillating   [  14% ] 10/80 VUs  01m41.0s/12m00.0s

running (01m42.0s), 10/80 VUs, 1442 complete and 0 interrupted iterations
oscillating   [  14% ] 10/80 VUs  01m42.0s/12m00.0s

running (01m43.0s), 10/80 VUs, 1455 complete and 0 interrupted iterations
oscillating   [  14% ] 10/80 VUs  01m43.0s/12m00.0s

running (01m44.0s), 10/80 VUs, 1467 complete and 0 interrupted iterations
oscillating   [  14% ] 10/80 VUs  01m44.0s/12m00.0s

running (01m45.0s), 10/80 VUs, 1482 complete and 0 interrupted iterations
oscillating   [  15% ] 10/80 VUs  01m45.0s/12m00.0s

running (01m46.0s), 10/80 VUs, 1494 complete and 0 interrupted iterations
oscillating   [  15% ] 10/80 VUs  01m46.0s/12m00.0s

running (01m47.0s), 10/80 VUs, 1510 complete and 0 interrupted iterations
oscillating   [  15% ] 10/80 VUs  01m47.0s/12m00.0s

running (01m48.0s), 10/80 VUs, 1527 complete and 0 interrupted iterations
oscillating   [  15% ] 10/80 VUs  01m48.0s/12m00.0s

running (01m49.0s), 10/80 VUs, 1539 complete and 0 interrupted iterations
oscillating   [  15% ] 10/80 VUs  01m49.0s/12m00.0s

running (01m50.0s), 10/80 VUs, 1555 complete and 0 interrupted iterations
oscillating   [  15% ] 10/80 VUs  01m50.0s/12m00.0s

running (01m51.0s), 10/80 VUs, 1568 complete and 0 interrupted iterations
oscillating   [  15% ] 10/80 VUs  01m51.0s/12m00.0s

running (01m52.0s), 10/80 VUs, 1580 complete and 0 interrupted iterations
oscillating   [  16% ] 10/80 VUs  01m52.0s/12m00.0s

running (01m53.0s), 10/80 VUs, 1596 complete and 0 interrupted iterations
oscillating   [  16% ] 10/80 VUs  01m53.0s/12m00.0s

running (01m54.0s), 10/80 VUs, 1610 complete and 0 interrupted iterations
oscillating   [  16% ] 10/80 VUs  01m54.0s/12m00.0s

running (01m55.0s), 10/80 VUs, 1624 complete and 0 interrupted iterations
oscillating   [  16% ] 10/80 VUs  01m55.0s/12m00.0s

running (01m56.0s), 10/80 VUs, 1638 complete and 0 interrupted iterations
oscillating   [  16% ] 10/80 VUs  01m56.0s/12m00.0s

running (01m57.0s), 10/80 VUs, 1651 complete and 0 interrupted iterations
oscillating   [  16% ] 10/80 VUs  01m57.0s/12m00.0s

running (01m58.0s), 10/80 VUs, 1666 complete and 0 interrupted iterations
oscillating   [  16% ] 10/80 VUs  01m58.0s/12m00.0s

running (01m59.0s), 10/80 VUs, 1679 complete and 0 interrupted iterations
oscillating   [  17% ] 10/80 VUs  01m59.0s/12m00.0s

running (02m00.0s), 10/80 VUs, 1692 complete and 0 interrupted iterations
oscillating   [  17% ] 10/80 VUs  02m00.0s/12m00.0s

running (02m01.0s), 16/80 VUs, 1707 complete and 0 interrupted iterations
oscillating   [  17% ] 16/80 VUs  02m01.0s/12m00.0s

running (02m02.0s), 23/80 VUs, 1731 complete and 0 interrupted iterations
oscillating   [  17% ] 23/80 VUs  02m02.0s/12m00.0s

running (02m03.0s), 30/80 VUs, 1771 complete and 0 interrupted iterations
oscillating   [  17% ] 30/80 VUs  02m03.0s/12m00.0s

running (02m04.0s), 37/80 VUs, 1809 complete and 0 interrupted iterations
oscillating   [  17% ] 37/80 VUs  02m04.0s/12m00.0s

running (02m05.0s), 44/80 VUs, 1857 complete and 0 interrupted iterations
oscillating   [  17% ] 44/80 VUs  02m05.0s/12m00.0s

running (02m06.0s), 51/80 VUs, 1903 complete and 0 interrupted iterations
oscillating   [  17% ] 51/80 VUs  02m06.0s/12m00.0s

running (02m07.0s), 58/80 VUs, 1935 complete and 0 interrupted iterations
oscillating   [  18% ] 58/80 VUs  02m07.0s/12m00.0s

running (02m08.0s), 65/80 VUs, 1965 complete and 0 interrupted iterations
oscillating   [  18% ] 65/80 VUs  02m08.0s/12m00.0s

running (02m09.0s), 72/80 VUs, 1993 complete and 0 interrupted iterations
oscillating   [  18% ] 72/80 VUs  02m09.0s/12m00.0s

running (02m10.0s), 79/80 VUs, 2019 complete and 0 interrupted iterations
oscillating   [  18% ] 79/80 VUs  02m10.0s/12m00.0s

running (02m11.0s), 80/80 VUs, 2046 complete and 0 interrupted iterations
oscillating   [  18% ] 80/80 VUs  02m11.0s/12m00.0s

running (02m12.0s), 80/80 VUs, 2073 complete and 0 interrupted iterations
oscillating   [  18% ] 80/80 VUs  02m12.0s/12m00.0s

running (02m13.0s), 80/80 VUs, 2099 complete and 0 interrupted iterations
oscillating   [  18% ] 80/80 VUs  02m13.0s/12m00.0s

running (02m14.0s), 80/80 VUs, 2126 complete and 0 interrupted iterations
oscillating   [  19% ] 80/80 VUs  02m14.0s/12m00.0s

running (02m15.0s), 80/80 VUs, 2152 complete and 0 interrupted iterations
oscillating   [  19% ] 80/80 VUs  02m15.0s/12m00.0s

running (02m16.0s), 80/80 VUs, 2180 complete and 0 interrupted iterations
oscillating   [  19% ] 80/80 VUs  02m16.0s/12m00.0s

running (02m17.0s), 80/80 VUs, 2206 complete and 0 interrupted iterations
oscillating   [  19% ] 80/80 VUs  02m17.0s/12m00.0s

running (02m18.0s), 80/80 VUs, 2232 complete and 0 interrupted iterations
oscillating   [  19% ] 80/80 VUs  02m18.0s/12m00.0s

running (02m19.0s), 80/80 VUs, 2259 complete and 0 interrupted iterations
oscillating   [  19% ] 80/80 VUs  02m19.0s/12m00.0s

running (02m20.0s), 80/80 VUs, 2286 complete and 0 interrupted iterations
oscillating   [  19% ] 80/80 VUs  02m20.0s/12m00.0s

running (02m21.0s), 80/80 VUs, 2311 complete and 0 interrupted iterations
oscillating   [  20% ] 80/80 VUs  02m21.0s/12m00.0s

running (02m22.0s), 80/80 VUs, 2335 complete and 0 interrupted iterations
oscillating   [  20% ] 80/80 VUs  02m22.0s/12m00.0s

running (02m23.0s), 80/80 VUs, 2341 complete and 0 interrupted iterations
oscillating   [  20% ] 80/80 VUs  02m23.0s/12m00.0s

running (02m24.0s), 80/80 VUs, 2367 complete and 0 interrupted iterations
oscillating   [  20% ] 80/80 VUs  02m24.0s/12m00.0s

running (02m25.0s), 80/80 VUs, 2394 complete and 0 interrupted iterations
oscillating   [  20% ] 80/80 VUs  02m25.0s/12m00.0s

running (02m26.0s), 80/80 VUs, 2421 complete and 0 interrupted iterations
oscillating   [  20% ] 80/80 VUs  02m26.0s/12m00.0s

running (02m27.0s), 80/80 VUs, 2447 complete and 0 interrupted iterations
oscillating   [  20% ] 80/80 VUs  02m27.0s/12m00.0s

running (02m28.0s), 80/80 VUs, 2475 complete and 0 interrupted iterations
oscillating   [  21% ] 80/80 VUs  02m28.0s/12m00.0s

running (02m29.0s), 80/80 VUs, 2501 complete and 0 interrupted iterations
oscillating   [  21% ] 80/80 VUs  02m29.0s/12m00.0s

running (02m30.0s), 80/80 VUs, 2528 complete and 0 interrupted iterations
oscillating   [  21% ] 80/80 VUs  02m30.0s/12m00.0s

running (02m31.0s), 80/80 VUs, 2554 complete and 0 interrupted iterations
oscillating   [  21% ] 80/80 VUs  02m31.0s/12m00.0s

running (02m32.0s), 80/80 VUs, 2582 complete and 0 interrupted iterations
oscillating   [  21% ] 80/80 VUs  02m32.0s/12m00.0s

running (02m33.0s), 80/80 VUs, 2602 complete and 0 interrupted iterations
oscillating   [  21% ] 80/80 VUs  02m33.0s/12m00.0s

running (02m34.0s), 80/80 VUs, 2609 complete and 0 interrupted iterations
oscillating   [  21% ] 80/80 VUs  02m34.0s/12m00.0s

running (02m35.0s), 80/80 VUs, 2636 complete and 0 interrupted iterations
oscillating   [  22% ] 80/80 VUs  02m35.0s/12m00.0s

running (02m36.0s), 80/80 VUs, 2657 complete and 0 interrupted iterations
oscillating   [  22% ] 80/80 VUs  02m36.0s/12m00.0s

running (02m37.0s), 80/80 VUs, 2686 complete and 0 interrupted iterations
oscillating   [  22% ] 80/80 VUs  02m37.0s/12m00.0s

running (02m38.0s), 80/80 VUs, 2713 complete and 0 interrupted iterations
oscillating   [  22% ] 80/80 VUs  02m38.0s/12m00.0s

running (02m39.0s), 80/80 VUs, 2740 complete and 0 interrupted iterations
oscillating   [  22% ] 80/80 VUs  02m39.0s/12m00.0s

running (02m40.0s), 80/80 VUs, 2766 complete and 0 interrupted iterations
oscillating   [  22% ] 80/80 VUs  02m40.0s/12m00.0s

running (02m41.0s), 80/80 VUs, 2793 complete and 0 interrupted iterations
oscillating   [  22% ] 80/80 VUs  02m41.0s/12m00.0s

running (02m42.0s), 80/80 VUs, 2820 complete and 0 interrupted iterations
oscillating   [  22% ] 80/80 VUs  02m42.0s/12m00.0s

running (02m43.0s), 80/80 VUs, 2845 complete and 0 interrupted iterations
oscillating   [  23% ] 80/80 VUs  02m43.0s/12m00.0s

running (02m44.0s), 80/80 VUs, 2868 complete and 0 interrupted iterations
oscillating   [  23% ] 80/80 VUs  02m44.0s/12m00.0s

running (02m45.0s), 80/80 VUs, 2892 complete and 0 interrupted iterations
oscillating   [  23% ] 80/80 VUs  02m45.0s/12m00.0s

running (02m46.0s), 80/80 VUs, 2918 complete and 0 interrupted iterations
oscillating   [  23% ] 80/80 VUs  02m46.0s/12m00.0s

running (02m47.0s), 80/80 VUs, 2938 complete and 0 interrupted iterations
oscillating   [  23% ] 80/80 VUs  02m47.0s/12m00.0s

running (02m48.0s), 80/80 VUs, 2971 complete and 0 interrupted iterations
oscillating   [  23% ] 80/80 VUs  02m48.0s/12m00.0s

running (02m49.0s), 80/80 VUs, 2986 complete and 0 interrupted iterations
oscillating   [  23% ] 80/80 VUs  02m49.0s/12m00.0s

running (02m50.0s), 80/80 VUs, 3009 complete and 0 interrupted iterations
oscillating   [  24% ] 80/80 VUs  02m50.0s/12m00.0s

running (02m51.0s), 80/80 VUs, 3034 complete and 0 interrupted iterations
oscillating   [  24% ] 80/80 VUs  02m51.0s/12m00.0s

running (02m52.0s), 80/80 VUs, 3062 complete and 0 interrupted iterations
oscillating   [  24% ] 80/80 VUs  02m52.0s/12m00.0s

running (02m53.0s), 80/80 VUs, 3088 complete and 0 interrupted iterations
oscillating   [  24% ] 80/80 VUs  02m53.0s/12m00.0s

running (02m54.0s), 80/80 VUs, 3115 complete and 0 interrupted iterations
oscillating   [  24% ] 80/80 VUs  02m54.0s/12m00.0s

running (02m55.0s), 80/80 VUs, 3142 complete and 0 interrupted iterations
oscillating   [  24% ] 80/80 VUs  02m55.0s/12m00.0s

running (02m56.0s), 80/80 VUs, 3168 complete and 0 interrupted iterations
oscillating   [  24% ] 80/80 VUs  02m56.0s/12m00.0s

running (02m57.0s), 80/80 VUs, 3195 complete and 0 interrupted iterations
oscillating   [  25% ] 80/80 VUs  02m57.0s/12m00.0s

running (02m58.0s), 80/80 VUs, 3222 complete and 0 interrupted iterations
oscillating   [  25% ] 80/80 VUs  02m58.0s/12m00.0s

running (02m59.0s), 80/80 VUs, 3222 complete and 0 interrupted iterations
oscillating   [  25% ] 80/80 VUs  02m59.0s/12m00.0s

running (03m00.0s), 80/80 VUs, 3249 complete and 0 interrupted iterations
oscillating   [  25% ] 80/80 VUs  03m00.0s/12m00.0s

running (03m01.0s), 80/80 VUs, 3276 complete and 0 interrupted iterations
oscillating   [  25% ] 80/80 VUs  03m01.0s/12m00.0s

running (03m02.0s), 80/80 VUs, 3303 complete and 0 interrupted iterations
oscillating   [  25% ] 80/80 VUs  03m02.0s/12m00.0s

running (03m03.0s), 80/80 VUs, 3332 complete and 0 interrupted iterations
oscillating   [  25% ] 80/80 VUs  03m03.0s/12m00.0s

running (03m04.0s), 80/80 VUs, 3358 complete and 0 interrupted iterations
oscillating   [  26% ] 80/80 VUs  03m04.0s/12m00.0s

running (03m05.0s), 80/80 VUs, 3384 complete and 0 interrupted iterations
oscillating   [  26% ] 80/80 VUs  03m05.0s/12m00.0s

running (03m06.0s), 80/80 VUs, 3412 complete and 0 interrupted iterations
oscillating   [  26% ] 80/80 VUs  03m06.0s/12m00.0s

running (03m07.0s), 80/80 VUs, 3439 complete and 0 interrupted iterations
oscillating   [  26% ] 80/80 VUs  03m07.0s/12m00.0s

running (03m08.0s), 80/80 VUs, 3465 complete and 0 interrupted iterations
oscillating   [  26% ] 80/80 VUs  03m08.0s/12m00.0s

running (03m09.0s), 80/80 VUs, 3490 complete and 0 interrupted iterations
oscillating   [  26% ] 80/80 VUs  03m09.0s/12m00.0s

running (03m10.0s), 80/80 VUs, 3518 complete and 0 interrupted iterations
oscillating   [  26% ] 80/80 VUs  03m10.0s/12m00.0s

running (03m11.0s), 80/80 VUs, 3545 complete and 0 interrupted iterations
oscillating   [  27% ] 80/80 VUs  03m11.0s/12m00.0s

running (03m12.0s), 80/80 VUs, 3572 complete and 0 interrupted iterations
oscillating   [  27% ] 80/80 VUs  03m12.0s/12m00.0s

running (03m13.0s), 80/80 VUs, 3597 complete and 0 interrupted iterations
oscillating   [  27% ] 80/80 VUs  03m13.0s/12m00.0s

running (03m14.0s), 80/80 VUs, 3623 complete and 0 interrupted iterations
oscillating   [  27% ] 80/80 VUs  03m14.0s/12m00.0s

running (03m15.0s), 80/80 VUs, 3646 complete and 0 interrupted iterations
oscillating   [  27% ] 80/80 VUs  03m15.0s/12m00.0s

running (03m16.0s), 80/80 VUs, 3661 complete and 0 interrupted iterations
oscillating   [  27% ] 80/80 VUs  03m16.0s/12m00.0s

running (03m17.0s), 80/80 VUs, 3688 complete and 0 interrupted iterations
oscillating   [  27% ] 80/80 VUs  03m17.0s/12m00.0s

running (03m18.0s), 80/80 VUs, 3757 complete and 0 interrupted iterations
oscillating   [  27% ] 80/80 VUs  03m18.0s/12m00.0s

running (03m19.0s), 80/80 VUs, 3850 complete and 0 interrupted iterations
oscillating   [  28% ] 80/80 VUs  03m19.0s/12m00.0s

running (03m20.0s), 80/80 VUs, 3964 complete and 0 interrupted iterations
oscillating   [  28% ] 80/80 VUs  03m20.0s/12m00.0s

running (03m21.0s), 80/80 VUs, 4076 complete and 0 interrupted iterations
oscillating   [  28% ] 80/80 VUs  03m21.0s/12m00.0s

running (03m22.0s), 80/80 VUs, 4188 complete and 0 interrupted iterations
oscillating   [  28% ] 80/80 VUs  03m22.0s/12m00.0s

running (03m23.0s), 80/80 VUs, 4297 complete and 0 interrupted iterations
oscillating   [  28% ] 80/80 VUs  03m23.0s/12m00.0s

running (03m24.0s), 80/80 VUs, 4411 complete and 0 interrupted iterations
oscillating   [  28% ] 80/80 VUs  03m24.0s/12m00.0s

running (03m25.0s), 80/80 VUs, 4519 complete and 0 interrupted iterations
oscillating   [  28% ] 80/80 VUs  03m25.0s/12m00.0s

running (03m26.0s), 80/80 VUs, 4633 complete and 0 interrupted iterations
oscillating   [  29% ] 80/80 VUs  03m26.0s/12m00.0s

running (03m27.0s), 80/80 VUs, 4738 complete and 0 interrupted iterations
oscillating   [  29% ] 80/80 VUs  03m27.0s/12m00.0s

running (03m28.0s), 80/80 VUs, 4859 complete and 0 interrupted iterations
oscillating   [  29% ] 80/80 VUs  03m28.0s/12m00.0s

running (03m29.0s), 80/80 VUs, 4976 complete and 0 interrupted iterations
oscillating   [  29% ] 80/80 VUs  03m29.0s/12m00.0s

running (03m30.0s), 80/80 VUs, 5074 complete and 0 interrupted iterations
oscillating   [  29% ] 80/80 VUs  03m30.0s/12m00.0s

running (03m31.0s), 77/80 VUs, 5190 complete and 0 interrupted iterations
oscillating   [  29% ] 77/80 VUs  03m31.0s/12m00.0s

running (03m32.0s), 69/80 VUs, 5294 complete and 0 interrupted iterations
oscillating   [  29% ] 69/80 VUs  03m32.0s/12m00.0s

running (03m33.0s), 62/80 VUs, 5387 complete and 0 interrupted iterations
oscillating   [  30% ] 62/80 VUs  03m33.0s/12m00.0s

running (03m34.0s), 55/80 VUs, 5475 complete and 0 interrupted iterations
oscillating   [  30% ] 55/80 VUs  03m34.0s/12m00.0s

running (03m35.0s), 49/80 VUs, 5554 complete and 0 interrupted iterations
oscillating   [  30% ] 49/80 VUs  03m35.0s/12m00.0s

running (03m36.0s), 41/80 VUs, 5624 complete and 0 interrupted iterations
oscillating   [  30% ] 41/80 VUs  03m36.0s/12m00.0s

running (03m37.0s), 34/80 VUs, 5680 complete and 0 interrupted iterations
oscillating   [  30% ] 34/80 VUs  03m37.0s/12m00.0s

running (03m38.0s), 26/80 VUs, 5722 complete and 0 interrupted iterations
oscillating   [  30% ] 26/80 VUs  03m38.0s/12m00.0s

running (03m39.0s), 20/80 VUs, 5760 complete and 0 interrupted iterations
oscillating   [  30% ] 20/80 VUs  03m39.0s/12m00.0s

running (03m40.0s), 15/80 VUs, 5784 complete and 0 interrupted iterations
oscillating   [  31% ] 15/80 VUs  03m40.0s/12m00.0s

running (03m41.0s), 10/80 VUs, 5804 complete and 0 interrupted iterations
oscillating   [  31% ] 10/80 VUs  03m41.0s/12m00.0s

running (03m42.0s), 10/80 VUs, 5817 complete and 0 interrupted iterations
oscillating   [  31% ] 10/80 VUs  03m42.0s/12m00.0s

running (03m43.0s), 10/80 VUs, 5830 complete and 0 interrupted iterations
oscillating   [  31% ] 10/80 VUs  03m43.0s/12m00.0s

running (03m44.0s), 10/80 VUs, 5847 complete and 0 interrupted iterations
oscillating   [  31% ] 10/80 VUs  03m44.0s/12m00.0s

running (03m45.0s), 10/80 VUs, 5860 complete and 0 interrupted iterations
oscillating   [  31% ] 10/80 VUs  03m45.0s/12m00.0s

running (03m46.0s), 10/80 VUs, 5877 complete and 0 interrupted iterations
oscillating   [  31% ] 10/80 VUs  03m46.0s/12m00.0s

running (03m47.0s), 10/80 VUs, 5888 complete and 0 interrupted iterations
oscillating   [  32% ] 10/80 VUs  03m47.0s/12m00.0s

running (03m48.0s), 10/80 VUs, 5904 complete and 0 interrupted iterations
oscillating   [  32% ] 10/80 VUs  03m48.0s/12m00.0s

running (03m49.0s), 10/80 VUs, 5918 complete and 0 interrupted iterations
oscillating   [  32% ] 10/80 VUs  03m49.0s/12m00.0s

running (03m50.0s), 10/80 VUs, 5929 complete and 0 interrupted iterations
oscillating   [  32% ] 10/80 VUs  03m50.0s/12m00.0s

running (03m51.0s), 10/80 VUs, 5946 complete and 0 interrupted iterations
oscillating   [  32% ] 10/80 VUs  03m51.0s/12m00.0s

running (03m52.0s), 10/80 VUs, 5958 complete and 0 interrupted iterations
oscillating   [  32% ] 10/80 VUs  03m52.0s/12m00.0s

running (03m53.0s), 10/80 VUs, 5971 complete and 0 interrupted iterations
oscillating   [  32% ] 10/80 VUs  03m53.0s/12m00.0s

running (03m54.0s), 10/80 VUs, 5989 complete and 0 interrupted iterations
oscillating   [  32% ] 10/80 VUs  03m54.0s/12m00.0s

running (03m55.0s), 10/80 VUs, 5999 complete and 0 interrupted iterations
oscillating   [  33% ] 10/80 VUs  03m55.0s/12m00.0s

running (03m56.0s), 10/80 VUs, 6013 complete and 0 interrupted iterations
oscillating   [  33% ] 10/80 VUs  03m56.0s/12m00.0s

running (03m57.0s), 10/80 VUs, 6027 complete and 0 interrupted iterations
oscillating   [  33% ] 10/80 VUs  03m57.0s/12m00.0s

running (03m58.0s), 10/80 VUs, 6041 complete and 0 interrupted iterations
oscillating   [  33% ] 10/80 VUs  03m58.0s/12m00.0s

running (03m59.0s), 10/80 VUs, 6056 complete and 0 interrupted iterations
oscillating   [  33% ] 10/80 VUs  03m59.0s/12m00.0s

running (04m00.0s), 10/80 VUs, 6071 complete and 0 interrupted iterations
oscillating   [  33% ] 10/80 VUs  04m00.0s/12m00.0s

running (04m01.0s), 10/80 VUs, 6083 complete and 0 interrupted iterations
oscillating   [  33% ] 10/80 VUs  04m01.0s/12m00.0s

running (04m02.0s), 10/80 VUs, 6097 complete and 0 interrupted iterations
oscillating   [  34% ] 10/80 VUs  04m02.0s/12m00.0s

running (04m03.0s), 10/80 VUs, 6113 complete and 0 interrupted iterations
oscillating   [  34% ] 10/80 VUs  04m03.0s/12m00.0s

running (04m04.0s), 10/80 VUs, 6126 complete and 0 interrupted iterations
oscillating   [  34% ] 10/80 VUs  04m04.0s/12m00.0s

running (04m05.0s), 10/80 VUs, 6142 complete and 0 interrupted iterations
oscillating   [  34% ] 10/80 VUs  04m05.0s/12m00.0s

running (04m06.0s), 10/80 VUs, 6156 complete and 0 interrupted iterations
oscillating   [  34% ] 10/80 VUs  04m06.0s/12m00.0s

running (04m07.0s), 10/80 VUs, 6171 complete and 0 interrupted iterations
oscillating   [  34% ] 10/80 VUs  04m07.0s/12m00.0s

running (04m08.0s), 10/80 VUs, 6184 complete and 0 interrupted iterations
oscillating   [  34% ] 10/80 VUs  04m08.0s/12m00.0s

running (04m09.0s), 10/80 VUs, 6199 complete and 0 interrupted iterations
oscillating   [  35% ] 10/80 VUs  04m09.0s/12m00.0s

running (04m10.0s), 10/80 VUs, 6213 complete and 0 interrupted iterations
oscillating   [  35% ] 10/80 VUs  04m10.0s/12m00.0s

running (04m11.0s), 10/80 VUs, 6230 complete and 0 interrupted iterations
oscillating   [  35% ] 10/80 VUs  04m11.0s/12m00.0s

running (04m12.0s), 10/80 VUs, 6245 complete and 0 interrupted iterations
oscillating   [  35% ] 10/80 VUs  04m12.0s/12m00.0s

running (04m13.0s), 10/80 VUs, 6259 complete and 0 interrupted iterations
oscillating   [  35% ] 10/80 VUs  04m13.0s/12m00.0s

running (04m14.0s), 10/80 VUs, 6273 complete and 0 interrupted iterations
oscillating   [  35% ] 10/80 VUs  04m14.0s/12m00.0s

running (04m15.0s), 10/80 VUs, 6288 complete and 0 interrupted iterations
oscillating   [  35% ] 10/80 VUs  04m15.0s/12m00.0s

running (04m16.0s), 10/80 VUs, 6301 complete and 0 interrupted iterations
oscillating   [  36% ] 10/80 VUs  04m16.0s/12m00.0s

running (04m17.0s), 10/80 VUs, 6317 complete and 0 interrupted iterations
oscillating   [  36% ] 10/80 VUs  04m17.0s/12m00.0s

running (04m18.0s), 10/80 VUs, 6330 complete and 0 interrupted iterations
oscillating   [  36% ] 10/80 VUs  04m18.0s/12m00.0s

running (04m19.0s), 10/80 VUs, 6343 complete and 0 interrupted iterations
oscillating   [  36% ] 10/80 VUs  04m19.0s/12m00.0s

running (04m20.0s), 10/80 VUs, 6356 complete and 0 interrupted iterations
oscillating   [  36% ] 10/80 VUs  04m20.0s/12m00.0s

running (04m21.0s), 10/80 VUs, 6372 complete and 0 interrupted iterations
oscillating   [  36% ] 10/80 VUs  04m21.0s/12m00.0s

running (04m22.0s), 10/80 VUs, 6386 complete and 0 interrupted iterations
oscillating   [  36% ] 10/80 VUs  04m22.0s/12m00.0s

running (04m23.0s), 10/80 VUs, 6398 complete and 0 interrupted iterations
oscillating   [  37% ] 10/80 VUs  04m23.0s/12m00.0s

running (04m24.0s), 10/80 VUs, 6414 complete and 0 interrupted iterations
oscillating   [  37% ] 10/80 VUs  04m24.0s/12m00.0s

running (04m25.0s), 10/80 VUs, 6428 complete and 0 interrupted iterations
oscillating   [  37% ] 10/80 VUs  04m25.0s/12m00.0s

running (04m26.0s), 10/80 VUs, 6439 complete and 0 interrupted iterations
oscillating   [  37% ] 10/80 VUs  04m26.0s/12m00.0s

running (04m27.0s), 10/80 VUs, 6456 complete and 0 interrupted iterations
oscillating   [  37% ] 10/80 VUs  04m27.0s/12m00.0s

running (04m28.0s), 10/80 VUs, 6469 complete and 0 interrupted iterations
oscillating   [  37% ] 10/80 VUs  04m28.0s/12m00.0s

running (04m29.0s), 10/80 VUs, 6484 complete and 0 interrupted iterations
oscillating   [  37% ] 10/80 VUs  04m29.0s/12m00.0s

running (04m30.0s), 10/80 VUs, 6497 complete and 0 interrupted iterations
oscillating   [  37% ] 10/80 VUs  04m30.0s/12m00.0s

running (04m31.0s), 10/80 VUs, 6512 complete and 0 interrupted iterations
oscillating   [  38% ] 10/80 VUs  04m31.0s/12m00.0s

running (04m32.0s), 10/80 VUs, 6525 complete and 0 interrupted iterations
oscillating   [  38% ] 10/80 VUs  04m32.0s/12m00.0s

running (04m33.0s), 10/80 VUs, 6542 complete and 0 interrupted iterations
oscillating   [  38% ] 10/80 VUs  04m33.0s/12m00.0s

running (04m34.0s), 10/80 VUs, 6555 complete and 0 interrupted iterations
oscillating   [  38% ] 10/80 VUs  04m34.0s/12m00.0s

running (04m35.0s), 10/80 VUs, 6567 complete and 0 interrupted iterations
oscillating   [  38% ] 10/80 VUs  04m35.0s/12m00.0s

running (04m36.0s), 10/80 VUs, 6583 complete and 0 interrupted iterations
oscillating   [  38% ] 10/80 VUs  04m36.0s/12m00.0s

running (04m37.0s), 10/80 VUs, 6596 complete and 0 interrupted iterations
oscillating   [  38% ] 10/80 VUs  04m37.0s/12m00.0s

running (04m38.0s), 10/80 VUs, 6610 complete and 0 interrupted iterations
oscillating   [  39% ] 10/80 VUs  04m38.0s/12m00.0s

running (04m39.0s), 10/80 VUs, 6624 complete and 0 interrupted iterations
oscillating   [  39% ] 10/80 VUs  04m39.0s/12m00.0s

running (04m40.0s), 10/80 VUs, 6639 complete and 0 interrupted iterations
oscillating   [  39% ] 10/80 VUs  04m40.0s/12m00.0s

running (04m41.0s), 10/80 VUs, 6655 complete and 0 interrupted iterations
oscillating   [  39% ] 10/80 VUs  04m41.0s/12m00.0s

running (04m42.0s), 10/80 VUs, 6669 complete and 0 interrupted iterations
oscillating   [  39% ] 10/80 VUs  04m42.0s/12m00.0s

running (04m43.0s), 10/80 VUs, 6683 complete and 0 interrupted iterations
oscillating   [  39% ] 10/80 VUs  04m43.0s/12m00.0s

running (04m44.0s), 10/80 VUs, 6697 complete and 0 interrupted iterations
oscillating   [  39% ] 10/80 VUs  04m44.0s/12m00.0s

running (04m45.0s), 10/80 VUs, 6712 complete and 0 interrupted iterations
oscillating   [  40% ] 10/80 VUs  04m45.0s/12m00.0s

running (04m46.0s), 10/80 VUs, 6725 complete and 0 interrupted iterations
oscillating   [  40% ] 10/80 VUs  04m46.0s/12m00.0s

running (04m47.0s), 10/80 VUs, 6739 complete and 0 interrupted iterations
oscillating   [  40% ] 10/80 VUs  04m47.0s/12m00.0s

running (04m48.0s), 10/80 VUs, 6755 complete and 0 interrupted iterations
oscillating   [  40% ] 10/80 VUs  04m48.0s/12m00.0s

running (04m49.0s), 10/80 VUs, 6767 complete and 0 interrupted iterations
oscillating   [  40% ] 10/80 VUs  04m49.0s/12m00.0s

running (04m50.0s), 10/80 VUs, 6782 complete and 0 interrupted iterations
oscillating   [  40% ] 10/80 VUs  04m50.0s/12m00.0s

running (04m51.0s), 10/80 VUs, 6796 complete and 0 interrupted iterations
oscillating   [  40% ] 10/80 VUs  04m51.0s/12m00.0s

running (04m52.0s), 10/80 VUs, 6812 complete and 0 interrupted iterations
oscillating   [  41% ] 10/80 VUs  04m52.0s/12m00.0s

running (04m53.0s), 10/80 VUs, 6825 complete and 0 interrupted iterations
oscillating   [  41% ] 10/80 VUs  04m53.0s/12m00.0s

running (04m54.0s), 10/80 VUs, 6838 complete and 0 interrupted iterations
oscillating   [  41% ] 10/80 VUs  04m54.0s/12m00.0s

running (04m55.0s), 10/80 VUs, 6850 complete and 0 interrupted iterations
oscillating   [  41% ] 10/80 VUs  04m55.0s/12m00.0s

running (04m56.0s), 10/80 VUs, 6867 complete and 0 interrupted iterations
oscillating   [  41% ] 10/80 VUs  04m56.0s/12m00.0s

running (04m57.0s), 10/80 VUs, 6877 complete and 0 interrupted iterations
oscillating   [  41% ] 10/80 VUs  04m57.0s/12m00.0s

running (04m58.0s), 10/80 VUs, 6888 complete and 0 interrupted iterations
oscillating   [  41% ] 10/80 VUs  04m58.0s/12m00.0s

running (04m59.0s), 10/80 VUs, 6905 complete and 0 interrupted iterations
oscillating   [  42% ] 10/80 VUs  04m59.0s/12m00.0s

running (05m00.0s), 10/80 VUs, 6920 complete and 0 interrupted iterations
oscillating   [  42% ] 10/80 VUs  05m00.0s/12m00.0s

running (05m01.0s), 16/80 VUs, 6933 complete and 0 interrupted iterations
oscillating   [  42% ] 16/80 VUs  05m01.0s/12m00.0s

running (05m02.0s), 23/80 VUs, 6958 complete and 0 interrupted iterations
oscillating   [  42% ] 23/80 VUs  05m02.0s/12m00.0s

running (05m03.0s), 30/80 VUs, 6991 complete and 0 interrupted iterations
oscillating   [  42% ] 30/80 VUs  05m03.0s/12m00.0s

running (05m04.0s), 37/80 VUs, 7037 complete and 0 interrupted iterations
oscillating   [  42% ] 37/80 VUs  05m04.0s/12m00.0s

running (05m05.0s), 44/80 VUs, 7088 complete and 0 interrupted iterations
oscillating   [  42% ] 44/80 VUs  05m05.0s/12m00.0s

running (05m06.0s), 51/80 VUs, 7152 complete and 0 interrupted iterations
oscillating   [  42% ] 51/80 VUs  05m06.0s/12m00.0s

running (05m07.0s), 58/80 VUs, 7223 complete and 0 interrupted iterations
oscillating   [  43% ] 58/80 VUs  05m07.0s/12m00.0s

running (05m08.0s), 65/80 VUs, 7308 complete and 0 interrupted iterations
oscillating   [  43% ] 65/80 VUs  05m08.0s/12m00.0s

running (05m09.0s), 72/80 VUs, 7407 complete and 0 interrupted iterations
oscillating   [  43% ] 72/80 VUs  05m09.0s/12m00.0s

running (05m10.0s), 79/80 VUs, 7510 complete and 0 interrupted iterations
oscillating   [  43% ] 79/80 VUs  05m10.0s/12m00.0s

running (05m11.0s), 80/80 VUs, 7615 complete and 0 interrupted iterations
oscillating   [  43% ] 80/80 VUs  05m11.0s/12m00.0s

running (05m12.0s), 80/80 VUs, 7733 complete and 0 interrupted iterations
oscillating   [  43% ] 80/80 VUs  05m12.0s/12m00.0s

running (05m13.0s), 80/80 VUs, 7842 complete and 0 interrupted iterations
oscillating   [  43% ] 80/80 VUs  05m13.0s/12m00.0s

running (05m14.0s), 80/80 VUs, 7934 complete and 0 interrupted iterations
oscillating   [  44% ] 80/80 VUs  05m14.0s/12m00.0s

running (05m15.0s), 80/80 VUs, 7964 complete and 0 interrupted iterations
oscillating   [  44% ] 80/80 VUs  05m15.0s/12m00.0s

running (05m16.0s), 80/80 VUs, 7994 complete and 0 interrupted iterations
oscillating   [  44% ] 80/80 VUs  05m16.0s/12m00.0s

running (05m17.0s), 80/80 VUs, 8024 complete and 0 interrupted iterations
oscillating   [  44% ] 80/80 VUs  05m17.0s/12m00.0s

running (05m18.0s), 80/80 VUs, 8050 complete and 0 interrupted iterations
oscillating   [  44% ] 80/80 VUs  05m18.0s/12m00.0s

running (05m19.0s), 80/80 VUs, 8078 complete and 0 interrupted iterations
oscillating   [  44% ] 80/80 VUs  05m19.0s/12m00.0s

running (05m20.0s), 80/80 VUs, 8105 complete and 0 interrupted iterations
oscillating   [  44% ] 80/80 VUs  05m20.0s/12m00.0s

running (05m21.0s), 80/80 VUs, 8132 complete and 0 interrupted iterations
oscillating   [  45% ] 80/80 VUs  05m21.0s/12m00.0s

running (05m22.0s), 80/80 VUs, 8160 complete and 0 interrupted iterations
oscillating   [  45% ] 80/80 VUs  05m22.0s/12m00.0s

running (05m23.0s), 80/80 VUs, 8183 complete and 0 interrupted iterations
oscillating   [  45% ] 80/80 VUs  05m23.0s/12m00.0s

running (05m24.0s), 80/80 VUs, 8210 complete and 0 interrupted iterations
oscillating   [  45% ] 80/80 VUs  05m24.0s/12m00.0s

running (05m25.0s), 80/80 VUs, 8237 complete and 0 interrupted iterations
oscillating   [  45% ] 80/80 VUs  05m25.0s/12m00.0s

running (05m26.0s), 80/80 VUs, 8265 complete and 0 interrupted iterations
oscillating   [  45% ] 80/80 VUs  05m26.0s/12m00.0s

running (05m27.0s), 80/80 VUs, 8287 complete and 0 interrupted iterations
oscillating   [  45% ] 80/80 VUs  05m27.0s/12m00.0s

running (05m28.0s), 80/80 VUs, 8313 complete and 0 interrupted iterations
oscillating   [  46% ] 80/80 VUs  05m28.0s/12m00.0s

running (05m29.0s), 80/80 VUs, 8335 complete and 0 interrupted iterations
oscillating   [  46% ] 80/80 VUs  05m29.0s/12m00.0s

running (05m30.0s), 80/80 VUs, 8361 complete and 0 interrupted iterations
oscillating   [  46% ] 80/80 VUs  05m30.0s/12m00.0s

running (05m31.0s), 80/80 VUs, 8380 complete and 0 interrupted iterations
oscillating   [  46% ] 80/80 VUs  05m31.0s/12m00.0s

running (05m32.0s), 80/80 VUs, 8412 complete and 0 interrupted iterations
oscillating   [  46% ] 80/80 VUs  05m32.0s/12m00.0s

running (05m33.0s), 80/80 VUs, 8440 complete and 0 interrupted iterations
oscillating   [  46% ] 80/80 VUs  05m33.0s/12m00.0s

running (05m34.0s), 80/80 VUs, 8467 complete and 0 interrupted iterations
oscillating   [  46% ] 80/80 VUs  05m34.0s/12m00.0s

running (05m35.0s), 80/80 VUs, 8489 complete and 0 interrupted iterations
oscillating   [  47% ] 80/80 VUs  05m35.0s/12m00.0s

running (05m36.0s), 80/80 VUs, 8513 complete and 0 interrupted iterations
oscillating   [  47% ] 80/80 VUs  05m36.0s/12m00.0s

running (05m37.0s), 80/80 VUs, 8541 complete and 0 interrupted iterations
oscillating   [  47% ] 80/80 VUs  05m37.0s/12m00.0s

running (05m38.0s), 80/80 VUs, 8564 complete and 0 interrupted iterations
oscillating   [  47% ] 80/80 VUs  05m38.0s/12m00.0s

running (05m39.0s), 80/80 VUs, 8592 complete and 0 interrupted iterations
oscillating   [  47% ] 80/80 VUs  05m39.0s/12m00.0s

running (05m40.0s), 80/80 VUs, 8617 complete and 0 interrupted iterations
oscillating   [  47% ] 80/80 VUs  05m40.0s/12m00.0s

running (05m41.0s), 80/80 VUs, 8646 complete and 0 interrupted iterations
oscillating   [  47% ] 80/80 VUs  05m41.0s/12m00.0s

running (05m42.0s), 80/80 VUs, 8672 complete and 0 interrupted iterations
oscillating   [  47% ] 80/80 VUs  05m42.0s/12m00.0s

running (05m43.0s), 80/80 VUs, 8698 complete and 0 interrupted iterations
oscillating   [  48% ] 80/80 VUs  05m43.0s/12m00.0s

running (05m44.0s), 80/80 VUs, 8725 complete and 0 interrupted iterations
oscillating   [  48% ] 80/80 VUs  05m44.0s/12m00.0s

running (05m45.0s), 80/80 VUs, 8752 complete and 0 interrupted iterations
oscillating   [  48% ] 80/80 VUs  05m45.0s/12m00.0s

running (05m46.0s), 80/80 VUs, 8779 complete and 0 interrupted iterations
oscillating   [  48% ] 80/80 VUs  05m46.0s/12m00.0s

running (05m47.0s), 80/80 VUs, 8804 complete and 0 interrupted iterations
oscillating   [  48% ] 80/80 VUs  05m47.0s/12m00.0s

running (05m48.0s), 80/80 VUs, 8830 complete and 0 interrupted iterations
oscillating   [  48% ] 80/80 VUs  05m48.0s/12m00.0s

running (05m49.0s), 80/80 VUs, 8858 complete and 0 interrupted iterations
oscillating   [  48% ] 80/80 VUs  05m49.0s/12m00.0s

running (05m50.0s), 80/80 VUs, 8884 complete and 0 interrupted iterations
oscillating   [  49% ] 80/80 VUs  05m50.0s/12m00.0s

running (05m51.0s), 80/80 VUs, 8909 complete and 0 interrupted iterations
oscillating   [  49% ] 80/80 VUs  05m51.0s/12m00.0s

running (05m52.0s), 80/80 VUs, 8936 complete and 0 interrupted iterations
oscillating   [  49% ] 80/80 VUs  05m52.0s/12m00.0s

running (05m53.0s), 80/80 VUs, 8963 complete and 0 interrupted iterations
oscillating   [  49% ] 80/80 VUs  05m53.0s/12m00.0s

running (05m54.0s), 80/80 VUs, 8989 complete and 0 interrupted iterations
oscillating   [  49% ] 80/80 VUs  05m54.0s/12m00.0s

running (05m55.0s), 80/80 VUs, 9014 complete and 0 interrupted iterations
oscillating   [  49% ] 80/80 VUs  05m55.0s/12m00.0s

running (05m56.0s), 80/80 VUs, 9040 complete and 0 interrupted iterations
oscillating   [  49% ] 80/80 VUs  05m56.0s/12m00.0s

running (05m57.0s), 80/80 VUs, 9066 complete and 0 interrupted iterations
oscillating   [  50% ] 80/80 VUs  05m57.0s/12m00.0s

running (05m58.0s), 80/80 VUs, 9092 complete and 0 interrupted iterations
oscillating   [  50% ] 80/80 VUs  05m58.0s/12m00.0s

running (05m59.0s), 80/80 VUs, 9121 complete and 0 interrupted iterations
oscillating   [  50% ] 80/80 VUs  05m59.0s/12m00.0s

running (06m00.0s), 80/80 VUs, 9148 complete and 0 interrupted iterations
oscillating   [  50% ] 80/80 VUs  06m00.0s/12m00.0s

running (06m01.0s), 80/80 VUs, 9175 complete and 0 interrupted iterations
oscillating   [  50% ] 80/80 VUs  06m01.0s/12m00.0s

running (06m02.0s), 80/80 VUs, 9202 complete and 0 interrupted iterations
oscillating   [  50% ] 80/80 VUs  06m02.0s/12m00.0s

running (06m03.0s), 80/80 VUs, 9230 complete and 0 interrupted iterations
oscillating   [  50% ] 80/80 VUs  06m03.0s/12m00.0s

running (06m04.0s), 80/80 VUs, 9257 complete and 0 interrupted iterations
oscillating   [  51% ] 80/80 VUs  06m04.0s/12m00.0s

running (06m05.0s), 80/80 VUs, 9284 complete and 0 interrupted iterations
oscillating   [  51% ] 80/80 VUs  06m05.0s/12m00.0s

running (06m06.0s), 80/80 VUs, 9310 complete and 0 interrupted iterations
oscillating   [  51% ] 80/80 VUs  06m06.0s/12m00.0s

running (06m07.0s), 80/80 VUs, 9333 complete and 0 interrupted iterations
oscillating   [  51% ] 80/80 VUs  06m07.0s/12m00.0s

running (06m08.0s), 80/80 VUs, 9356 complete and 0 interrupted iterations
oscillating   [  51% ] 80/80 VUs  06m08.0s/12m00.0s

running (06m09.0s), 80/80 VUs, 9379 complete and 0 interrupted iterations
oscillating   [  51% ] 80/80 VUs  06m09.0s/12m00.0s

running (06m10.0s), 80/80 VUs, 9398 complete and 0 interrupted iterations
oscillating   [  51% ] 80/80 VUs  06m10.0s/12m00.0s

running (06m11.0s), 80/80 VUs, 9420 complete and 0 interrupted iterations
oscillating   [  52% ] 80/80 VUs  06m11.0s/12m00.0s

running (06m12.0s), 80/80 VUs, 9447 complete and 0 interrupted iterations
oscillating   [  52% ] 80/80 VUs  06m12.0s/12m00.0s

running (06m13.0s), 80/80 VUs, 9474 complete and 0 interrupted iterations
oscillating   [  52% ] 80/80 VUs  06m13.0s/12m00.0s

running (06m14.0s), 80/80 VUs, 9502 complete and 0 interrupted iterations
oscillating   [  52% ] 80/80 VUs  06m14.0s/12m00.0s

running (06m15.0s), 80/80 VUs, 9528 complete and 0 interrupted iterations
oscillating   [  52% ] 80/80 VUs  06m15.0s/12m00.0s

running (06m16.0s), 80/80 VUs, 9554 complete and 0 interrupted iterations
oscillating   [  52% ] 80/80 VUs  06m16.0s/12m00.0s

running (06m17.0s), 80/80 VUs, 9584 complete and 0 interrupted iterations
oscillating   [  52% ] 80/80 VUs  06m17.0s/12m00.0s

running (06m18.0s), 80/80 VUs, 9647 complete and 0 interrupted iterations
oscillating   [  52% ] 80/80 VUs  06m18.0s/12m00.0s

running (06m19.0s), 80/80 VUs, 9756 complete and 0 interrupted iterations
oscillating   [  53% ] 80/80 VUs  06m19.0s/12m00.0s

running (06m20.0s), 80/80 VUs, 9857 complete and 0 interrupted iterations
oscillating   [  53% ] 80/80 VUs  06m20.0s/12m00.0s

running (06m21.0s), 80/80 VUs, 9968 complete and 0 interrupted iterations
oscillating   [  53% ] 80/80 VUs  06m21.0s/12m00.0s

running (06m22.0s), 80/80 VUs, 10078 complete and 0 interrupted iterations
oscillating   [  53% ] 80/80 VUs  06m22.0s/12m00.0s

running (06m23.0s), 80/80 VUs, 10193 complete and 0 interrupted iterations
oscillating   [  53% ] 80/80 VUs  06m23.0s/12m00.0s

running (06m24.0s), 80/80 VUs, 10307 complete and 0 interrupted iterations
oscillating   [  53% ] 80/80 VUs  06m24.0s/12m00.0s

running (06m25.0s), 80/80 VUs, 10418 complete and 0 interrupted iterations
oscillating   [  53% ] 80/80 VUs  06m25.0s/12m00.0s

running (06m26.0s), 80/80 VUs, 10530 complete and 0 interrupted iterations
oscillating   [  54% ] 80/80 VUs  06m26.0s/12m00.0s

running (06m27.0s), 80/80 VUs, 10642 complete and 0 interrupted iterations
oscillating   [  54% ] 80/80 VUs  06m27.0s/12m00.0s

running (06m28.0s), 80/80 VUs, 10760 complete and 0 interrupted iterations
oscillating   [  54% ] 80/80 VUs  06m28.0s/12m00.0s

running (06m29.0s), 80/80 VUs, 10865 complete and 0 interrupted iterations
oscillating   [  54% ] 80/80 VUs  06m29.0s/12m00.0s

running (06m30.0s), 80/80 VUs, 10985 complete and 0 interrupted iterations
oscillating   [  54% ] 80/80 VUs  06m30.0s/12m00.0s

running (06m31.0s), 76/80 VUs, 11101 complete and 0 interrupted iterations
oscillating   [  54% ] 76/80 VUs  06m31.0s/12m00.0s

running (06m32.0s), 69/80 VUs, 11203 complete and 0 interrupted iterations
oscillating   [  54% ] 69/80 VUs  06m32.0s/12m00.0s

running (06m33.0s), 62/80 VUs, 11301 complete and 0 interrupted iterations
oscillating   [  55% ] 62/80 VUs  06m33.0s/12m00.0s

running (06m34.0s), 54/80 VUs, 11391 complete and 0 interrupted iterations
oscillating   [  55% ] 54/80 VUs  06m34.0s/12m00.0s

running (06m35.0s), 48/80 VUs, 11464 complete and 0 interrupted iterations
oscillating   [  55% ] 48/80 VUs  06m35.0s/12m00.0s

running (06m36.0s), 42/80 VUs, 11534 complete and 0 interrupted iterations
oscillating   [  55% ] 42/80 VUs  06m36.0s/12m00.0s

running (06m37.0s), 35/80 VUs, 11593 complete and 0 interrupted iterations
oscillating   [  55% ] 35/80 VUs  06m37.0s/12m00.0s

running (06m38.0s), 28/80 VUs, 11639 complete and 0 interrupted iterations
oscillating   [  55% ] 28/80 VUs  06m38.0s/12m00.0s

running (06m39.0s), 21/80 VUs, 11678 complete and 0 interrupted iterations
oscillating   [  55% ] 21/80 VUs  06m39.0s/12m00.0s

running (06m40.0s), 14/80 VUs, 11704 complete and 0 interrupted iterations
oscillating   [  56% ] 14/80 VUs  06m40.0s/12m00.0s

running (06m41.0s), 10/80 VUs, 11721 complete and 0 interrupted iterations
oscillating   [  56% ] 10/80 VUs  06m41.0s/12m00.0s

running (06m42.0s), 10/80 VUs, 11735 complete and 0 interrupted iterations
oscillating   [  56% ] 10/80 VUs  06m42.0s/12m00.0s

running (06m43.0s), 10/80 VUs, 11749 complete and 0 interrupted iterations
oscillating   [  56% ] 10/80 VUs  06m43.0s/12m00.0s

running (06m44.0s), 10/80 VUs, 11762 complete and 0 interrupted iterations
oscillating   [  56% ] 10/80 VUs  06m44.0s/12m00.0s

running (06m45.0s), 10/80 VUs, 11776 complete and 0 interrupted iterations
oscillating   [  56% ] 10/80 VUs  06m45.0s/12m00.0s

running (06m46.0s), 10/80 VUs, 11791 complete and 0 interrupted iterations
oscillating   [  56% ] 10/80 VUs  06m46.0s/12m00.0s

running (06m47.0s), 10/80 VUs, 11805 complete and 0 interrupted iterations
oscillating   [  57% ] 10/80 VUs  06m47.0s/12m00.0s

running (06m48.0s), 10/80 VUs, 11819 complete and 0 interrupted iterations
oscillating   [  57% ] 10/80 VUs  06m48.0s/12m00.0s

running (06m49.0s), 10/80 VUs, 11835 complete and 0 interrupted iterations
oscillating   [  57% ] 10/80 VUs  06m49.0s/12m00.0s

running (06m50.0s), 10/80 VUs, 11847 complete and 0 interrupted iterations
oscillating   [  57% ] 10/80 VUs  06m50.0s/12m00.0s

running (06m51.0s), 10/80 VUs, 11862 complete and 0 interrupted iterations
oscillating   [  57% ] 10/80 VUs  06m51.0s/12m00.0s

running (06m52.0s), 10/80 VUs, 11876 complete and 0 interrupted iterations
oscillating   [  57% ] 10/80 VUs  06m52.0s/12m00.0s

running (06m53.0s), 10/80 VUs, 11889 complete and 0 interrupted iterations
oscillating   [  57% ] 10/80 VUs  06m53.0s/12m00.0s

running (06m54.0s), 10/80 VUs, 11905 complete and 0 interrupted iterations
oscillating   [  57% ] 10/80 VUs  06m54.0s/12m00.0s

running (06m55.0s), 10/80 VUs, 11917 complete and 0 interrupted iterations
oscillating   [  58% ] 10/80 VUs  06m55.0s/12m00.0s

running (06m56.0s), 10/80 VUs, 11932 complete and 0 interrupted iterations
oscillating   [  58% ] 10/80 VUs  06m56.0s/12m00.0s

running (06m57.0s), 10/80 VUs, 11948 complete and 0 interrupted iterations
oscillating   [  58% ] 10/80 VUs  06m57.0s/12m00.0s

running (06m58.0s), 10/80 VUs, 11961 complete and 0 interrupted iterations
oscillating   [  58% ] 10/80 VUs  06m58.0s/12m00.0s

running (06m59.0s), 10/80 VUs, 11975 complete and 0 interrupted iterations
oscillating   [  58% ] 10/80 VUs  06m59.0s/12m00.0s

running (07m00.0s), 10/80 VUs, 11991 complete and 0 interrupted iterations
oscillating   [  58% ] 10/80 VUs  07m00.0s/12m00.0s

running (07m01.0s), 10/80 VUs, 12004 complete and 0 interrupted iterations
oscillating   [  58% ] 10/80 VUs  07m01.0s/12m00.0s

running (07m02.0s), 10/80 VUs, 12021 complete and 0 interrupted iterations
oscillating   [  59% ] 10/80 VUs  07m02.0s/12m00.0s

running (07m03.0s), 10/80 VUs, 12033 complete and 0 interrupted iterations
oscillating   [  59% ] 10/80 VUs  07m03.0s/12m00.0s

running (07m04.0s), 10/80 VUs, 12049 complete and 0 interrupted iterations
oscillating   [  59% ] 10/80 VUs  07m04.0s/12m00.0s

running (07m05.0s), 10/80 VUs, 12062 complete and 0 interrupted iterations
oscillating   [  59% ] 10/80 VUs  07m05.0s/12m00.0s

running (07m06.0s), 10/80 VUs, 12074 complete and 0 interrupted iterations
oscillating   [  59% ] 10/80 VUs  07m06.0s/12m00.0s

running (07m07.0s), 10/80 VUs, 12091 complete and 0 interrupted iterations
oscillating   [  59% ] 10/80 VUs  07m07.0s/12m00.0s

running (07m08.0s), 10/80 VUs, 12103 complete and 0 interrupted iterations
oscillating   [  59% ] 10/80 VUs  07m08.0s/12m00.0s

running (07m09.0s), 10/80 VUs, 12116 complete and 0 interrupted iterations
oscillating   [  60% ] 10/80 VUs  07m09.0s/12m00.0s

running (07m10.0s), 10/80 VUs, 12132 complete and 0 interrupted iterations
oscillating   [  60% ] 10/80 VUs  07m10.0s/12m00.0s

running (07m11.0s), 10/80 VUs, 12145 complete and 0 interrupted iterations
oscillating   [  60% ] 10/80 VUs  07m11.0s/12m00.0s

running (07m12.0s), 10/80 VUs, 12162 complete and 0 interrupted iterations
oscillating   [  60% ] 10/80 VUs  07m12.0s/12m00.0s

running (07m13.0s), 10/80 VUs, 12173 complete and 0 interrupted iterations
oscillating   [  60% ] 10/80 VUs  07m13.0s/12m00.0s

running (07m14.0s), 10/80 VUs, 12184 complete and 0 interrupted iterations
oscillating   [  60% ] 10/80 VUs  07m14.0s/12m00.0s

running (07m15.0s), 10/80 VUs, 12202 complete and 0 interrupted iterations
oscillating   [  60% ] 10/80 VUs  07m15.0s/12m00.0s

running (07m16.0s), 10/80 VUs, 12213 complete and 0 interrupted iterations
oscillating   [  61% ] 10/80 VUs  07m16.0s/12m00.0s

running (07m17.0s), 10/80 VUs, 12228 complete and 0 interrupted iterations
oscillating   [  61% ] 10/80 VUs  07m17.0s/12m00.0s

running (07m18.0s), 10/80 VUs, 12242 complete and 0 interrupted iterations
oscillating   [  61% ] 10/80 VUs  07m18.0s/12m00.0s

running (07m19.0s), 10/80 VUs, 12256 complete and 0 interrupted iterations
oscillating   [  61% ] 10/80 VUs  07m19.0s/12m00.0s

running (07m20.0s), 10/80 VUs, 12271 complete and 0 interrupted iterations
oscillating   [  61% ] 10/80 VUs  07m20.0s/12m00.0s

running (07m21.0s), 10/80 VUs, 12284 complete and 0 interrupted iterations
oscillating   [  61% ] 10/80 VUs  07m21.0s/12m00.0s

running (07m22.0s), 10/80 VUs, 12298 complete and 0 interrupted iterations
oscillating   [  61% ] 10/80 VUs  07m22.0s/12m00.0s

running (07m23.0s), 10/80 VUs, 12313 complete and 0 interrupted iterations
oscillating   [  62% ] 10/80 VUs  07m23.0s/12m00.0s

running (07m24.0s), 10/80 VUs, 12327 complete and 0 interrupted iterations
oscillating   [  62% ] 10/80 VUs  07m24.0s/12m00.0s

running (07m25.0s), 10/80 VUs, 12341 complete and 0 interrupted iterations
oscillating   [  62% ] 10/80 VUs  07m25.0s/12m00.0s

running (07m26.0s), 10/80 VUs, 12355 complete and 0 interrupted iterations
oscillating   [  62% ] 10/80 VUs  07m26.0s/12m00.0s

running (07m27.0s), 10/80 VUs, 12372 complete and 0 interrupted iterations
oscillating   [  62% ] 10/80 VUs  07m27.0s/12m00.0s

running (07m28.0s), 10/80 VUs, 12386 complete and 0 interrupted iterations
oscillating   [  62% ] 10/80 VUs  07m28.0s/12m00.0s

running (07m29.0s), 10/80 VUs, 12401 complete and 0 interrupted iterations
oscillating   [  62% ] 10/80 VUs  07m29.0s/12m00.0s

running (07m30.0s), 10/80 VUs, 12417 complete and 0 interrupted iterations
oscillating   [  62% ] 10/80 VUs  07m30.0s/12m00.0s

running (07m31.0s), 10/80 VUs, 12432 complete and 0 interrupted iterations
oscillating   [  63% ] 10/80 VUs  07m31.0s/12m00.0s

running (07m32.0s), 10/80 VUs, 12446 complete and 0 interrupted iterations
oscillating   [  63% ] 10/80 VUs  07m32.0s/12m00.0s

running (07m33.0s), 10/80 VUs, 12459 complete and 0 interrupted iterations
oscillating   [  63% ] 10/80 VUs  07m33.0s/12m00.0s

running (07m34.0s), 10/80 VUs, 12477 complete and 0 interrupted iterations
oscillating   [  63% ] 10/80 VUs  07m34.0s/12m00.0s

running (07m35.0s), 10/80 VUs, 12491 complete and 0 interrupted iterations
oscillating   [  63% ] 10/80 VUs  07m35.0s/12m00.0s

running (07m36.0s), 10/80 VUs, 12504 complete and 0 interrupted iterations
oscillating   [  63% ] 10/80 VUs  07m36.0s/12m00.0s

running (07m37.0s), 10/80 VUs, 12518 complete and 0 interrupted iterations
oscillating   [  63% ] 10/80 VUs  07m37.0s/12m00.0s

running (07m38.0s), 10/80 VUs, 12533 complete and 0 interrupted iterations
oscillating   [  64% ] 10/80 VUs  07m38.0s/12m00.0s

running (07m39.0s), 10/80 VUs, 12548 complete and 0 interrupted iterations
oscillating   [  64% ] 10/80 VUs  07m39.0s/12m00.0s

running (07m40.0s), 10/80 VUs, 12561 complete and 0 interrupted iterations
oscillating   [  64% ] 10/80 VUs  07m40.0s/12m00.0s

running (07m41.0s), 10/80 VUs, 12576 complete and 0 interrupted iterations
oscillating   [  64% ] 10/80 VUs  07m41.0s/12m00.0s

running (07m42.0s), 10/80 VUs, 12589 complete and 0 interrupted iterations
oscillating   [  64% ] 10/80 VUs  07m42.0s/12m00.0s

running (07m43.0s), 10/80 VUs, 12602 complete and 0 interrupted iterations
oscillating   [  64% ] 10/80 VUs  07m43.0s/12m00.0s

running (07m44.0s), 10/80 VUs, 12616 complete and 0 interrupted iterations
oscillating   [  64% ] 10/80 VUs  07m44.0s/12m00.0s

running (07m45.0s), 10/80 VUs, 12632 complete and 0 interrupted iterations
oscillating   [  65% ] 10/80 VUs  07m45.0s/12m00.0s

running (07m46.0s), 10/80 VUs, 12645 complete and 0 interrupted iterations
oscillating   [  65% ] 10/80 VUs  07m46.0s/12m00.0s

running (07m47.0s), 10/80 VUs, 12659 complete and 0 interrupted iterations
oscillating   [  65% ] 10/80 VUs  07m47.0s/12m00.0s

running (07m48.0s), 10/80 VUs, 12673 complete and 0 interrupted iterations
oscillating   [  65% ] 10/80 VUs  07m48.0s/12m00.0s

running (07m49.0s), 10/80 VUs, 12687 complete and 0 interrupted iterations
oscillating   [  65% ] 10/80 VUs  07m49.0s/12m00.0s

running (07m50.0s), 10/80 VUs, 12699 complete and 0 interrupted iterations
oscillating   [  65% ] 10/80 VUs  07m50.0s/12m00.0s

running (07m51.0s), 10/80 VUs, 12715 complete and 0 interrupted iterations
oscillating   [  65% ] 10/80 VUs  07m51.0s/12m00.0s

running (07m52.0s), 10/80 VUs, 12727 complete and 0 interrupted iterations
oscillating   [  66% ] 10/80 VUs  07m52.0s/12m00.0s

running (07m53.0s), 10/80 VUs, 12742 complete and 0 interrupted iterations
oscillating   [  66% ] 10/80 VUs  07m53.0s/12m00.0s

running (07m54.0s), 10/80 VUs, 12753 complete and 0 interrupted iterations
oscillating   [  66% ] 10/80 VUs  07m54.0s/12m00.0s

running (07m55.0s), 10/80 VUs, 12768 complete and 0 interrupted iterations
oscillating   [  66% ] 10/80 VUs  07m55.0s/12m00.0s

running (07m56.0s), 10/80 VUs, 12782 complete and 0 interrupted iterations
oscillating   [  66% ] 10/80 VUs  07m56.0s/12m00.0s

running (07m57.0s), 10/80 VUs, 12797 complete and 0 interrupted iterations
oscillating   [  66% ] 10/80 VUs  07m57.0s/12m00.0s

running (07m58.0s), 10/80 VUs, 12811 complete and 0 interrupted iterations
oscillating   [  66% ] 10/80 VUs  07m58.0s/12m00.0s

running (07m59.0s), 10/80 VUs, 12824 complete and 0 interrupted iterations
oscillating   [  67% ] 10/80 VUs  07m59.0s/12m00.0s

running (08m00.0s), 10/80 VUs, 12837 complete and 0 interrupted iterations
oscillating   [  67% ] 10/80 VUs  08m00.0s/12m00.0s

running (08m01.0s), 16/80 VUs, 12854 complete and 0 interrupted iterations
oscillating   [  67% ] 16/80 VUs  08m01.0s/12m00.0s

running (08m02.0s), 23/80 VUs, 12879 complete and 0 interrupted iterations
oscillating   [  67% ] 23/80 VUs  08m02.0s/12m00.0s

running (08m03.0s), 30/80 VUs, 12909 complete and 0 interrupted iterations
oscillating   [  67% ] 30/80 VUs  08m03.0s/12m00.0s

running (08m04.0s), 37/80 VUs, 12955 complete and 0 interrupted iterations
oscillating   [  67% ] 37/80 VUs  08m04.0s/12m00.0s

running (08m05.0s), 44/80 VUs, 13004 complete and 0 interrupted iterations
oscillating   [  67% ] 44/80 VUs  08m05.0s/12m00.0s

running (08m06.0s), 51/80 VUs, 13075 complete and 0 interrupted iterations
oscillating   [  67% ] 51/80 VUs  08m06.0s/12m00.0s

running (08m07.0s), 58/80 VUs, 13145 complete and 0 interrupted iterations
oscillating   [  68% ] 58/80 VUs  08m07.0s/12m00.0s

running (08m08.0s), 65/80 VUs, 13232 complete and 0 interrupted iterations
oscillating   [  68% ] 65/80 VUs  08m08.0s/12m00.0s

running (08m09.0s), 72/80 VUs, 13315 complete and 0 interrupted iterations
oscillating   [  68% ] 72/80 VUs  08m09.0s/12m00.0s

running (08m10.0s), 79/80 VUs, 13419 complete and 0 interrupted iterations
oscillating   [  68% ] 79/80 VUs  08m10.0s/12m00.0s

running (08m11.0s), 80/80 VUs, 13526 complete and 0 interrupted iterations
oscillating   [  68% ] 80/80 VUs  08m11.0s/12m00.0s

running (08m12.0s), 80/80 VUs, 13644 complete and 0 interrupted iterations
oscillating   [  68% ] 80/80 VUs  08m12.0s/12m00.0s

running (08m13.0s), 80/80 VUs, 13755 complete and 0 interrupted iterations
oscillating   [  68% ] 80/80 VUs  08m13.0s/12m00.0s

running (08m14.0s), 80/80 VUs, 13853 complete and 0 interrupted iterations
oscillating   [  69% ] 80/80 VUs  08m14.0s/12m00.0s

running (08m15.0s), 80/80 VUs, 13896 complete and 0 interrupted iterations
oscillating   [  69% ] 80/80 VUs  08m15.0s/12m00.0s

running (08m16.0s), 80/80 VUs, 13926 complete and 0 interrupted iterations
oscillating   [  69% ] 80/80 VUs  08m16.0s/12m00.0s

running (08m17.0s), 80/80 VUs, 13955 complete and 0 interrupted iterations
oscillating   [  69% ] 80/80 VUs  08m17.0s/12m00.0s

running (08m18.0s), 80/80 VUs, 13981 complete and 0 interrupted iterations
oscillating   [  69% ] 80/80 VUs  08m18.0s/12m00.0s

running (08m19.0s), 80/80 VUs, 14007 complete and 0 interrupted iterations
oscillating   [  69% ] 80/80 VUs  08m19.0s/12m00.0s

running (08m20.0s), 80/80 VUs, 14035 complete and 0 interrupted iterations
oscillating   [  69% ] 80/80 VUs  08m20.0s/12m00.0s

running (08m21.0s), 80/80 VUs, 14065 complete and 0 interrupted iterations
oscillating   [  70% ] 80/80 VUs  08m21.0s/12m00.0s

running (08m22.0s), 80/80 VUs, 14090 complete and 0 interrupted iterations
oscillating   [  70% ] 80/80 VUs  08m22.0s/12m00.0s

running (08m23.0s), 80/80 VUs, 14116 complete and 0 interrupted iterations
oscillating   [  70% ] 80/80 VUs  08m23.0s/12m00.0s

running (08m24.0s), 80/80 VUs, 14145 complete and 0 interrupted iterations
oscillating   [  70% ] 80/80 VUs  08m24.0s/12m00.0s

running (08m25.0s), 80/80 VUs, 14170 complete and 0 interrupted iterations
oscillating   [  70% ] 80/80 VUs  08m25.0s/12m00.0s

running (08m26.0s), 80/80 VUs, 14197 complete and 0 interrupted iterations
oscillating   [  70% ] 80/80 VUs  08m26.0s/12m00.0s

running (08m27.0s), 80/80 VUs, 14225 complete and 0 interrupted iterations
oscillating   [  70% ] 80/80 VUs  08m27.0s/12m00.0s

running (08m28.0s), 80/80 VUs, 14251 complete and 0 interrupted iterations
oscillating   [  71% ] 80/80 VUs  08m28.0s/12m00.0s

running (08m29.0s), 80/80 VUs, 14278 complete and 0 interrupted iterations
oscillating   [  71% ] 80/80 VUs  08m29.0s/12m00.0s

running (08m30.0s), 80/80 VUs, 14304 complete and 0 interrupted iterations
oscillating   [  71% ] 80/80 VUs  08m30.0s/12m00.0s

running (08m31.0s), 80/80 VUs, 14331 complete and 0 interrupted iterations
oscillating   [  71% ] 80/80 VUs  08m31.0s/12m00.0s

running (08m32.0s), 80/80 VUs, 14356 complete and 0 interrupted iterations
oscillating   [  71% ] 80/80 VUs  08m32.0s/12m00.0s

running (08m33.0s), 80/80 VUs, 14383 complete and 0 interrupted iterations
oscillating   [  71% ] 80/80 VUs  08m33.0s/12m00.0s

running (08m34.0s), 80/80 VUs, 14410 complete and 0 interrupted iterations
oscillating   [  71% ] 80/80 VUs  08m34.0s/12m00.0s

running (08m35.0s), 80/80 VUs, 14428 complete and 0 interrupted iterations
oscillating   [  72% ] 80/80 VUs  08m35.0s/12m00.0s

running (08m36.0s), 80/80 VUs, 14445 complete and 0 interrupted iterations
oscillating   [  72% ] 80/80 VUs  08m36.0s/12m00.0s

running (08m37.0s), 80/80 VUs, 14469 complete and 0 interrupted iterations
oscillating   [  72% ] 80/80 VUs  08m37.0s/12m00.0s

running (08m38.0s), 80/80 VUs, 14494 complete and 0 interrupted iterations
oscillating   [  72% ] 80/80 VUs  08m38.0s/12m00.0s

running (08m39.0s), 80/80 VUs, 14520 complete and 0 interrupted iterations
oscillating   [  72% ] 80/80 VUs  08m39.0s/12m00.0s

running (08m40.0s), 80/80 VUs, 14547 complete and 0 interrupted iterations
oscillating   [  72% ] 80/80 VUs  08m40.0s/12m00.0s

running (08m41.0s), 80/80 VUs, 14574 complete and 0 interrupted iterations
oscillating   [  72% ] 80/80 VUs  08m41.0s/12m00.0s

running (08m42.0s), 80/80 VUs, 14600 complete and 0 interrupted iterations
oscillating   [  72% ] 80/80 VUs  08m42.0s/12m00.0s

running (08m43.0s), 80/80 VUs, 14627 complete and 0 interrupted iterations
oscillating   [  73% ] 80/80 VUs  08m43.0s/12m00.0s

running (08m44.0s), 80/80 VUs, 14654 complete and 0 interrupted iterations
oscillating   [  73% ] 80/80 VUs  08m44.0s/12m00.0s

running (08m45.0s), 80/80 VUs, 14681 complete and 0 interrupted iterations
oscillating   [  73% ] 80/80 VUs  08m45.0s/12m00.0s

running (08m46.0s), 80/80 VUs, 14706 complete and 0 interrupted iterations
oscillating   [  73% ] 80/80 VUs  08m46.0s/12m00.0s

running (08m47.0s), 80/80 VUs, 14734 complete and 0 interrupted iterations
oscillating   [  73% ] 80/80 VUs  08m47.0s/12m00.0s

running (08m48.0s), 80/80 VUs, 14758 complete and 0 interrupted iterations
oscillating   [  73% ] 80/80 VUs  08m48.0s/12m00.0s

running (08m49.0s), 80/80 VUs, 14783 complete and 0 interrupted iterations
oscillating   [  73% ] 80/80 VUs  08m49.0s/12m00.0s

running (08m50.0s), 80/80 VUs, 14813 complete and 0 interrupted iterations
oscillating   [  74% ] 80/80 VUs  08m50.0s/12m00.0s

running (08m51.0s), 80/80 VUs, 14835 complete and 0 interrupted iterations
oscillating   [  74% ] 80/80 VUs  08m51.0s/12m00.0s

running (08m52.0s), 80/80 VUs, 14852 complete and 0 interrupted iterations
oscillating   [  74% ] 80/80 VUs  08m52.0s/12m00.0s

running (08m53.0s), 80/80 VUs, 14871 complete and 0 interrupted iterations
oscillating   [  74% ] 80/80 VUs  08m53.0s/12m00.0s

running (08m54.0s), 80/80 VUs, 14896 complete and 0 interrupted iterations
oscillating   [  74% ] 80/80 VUs  08m54.0s/12m00.0s

running (08m55.0s), 80/80 VUs, 14923 complete and 0 interrupted iterations
oscillating   [  74% ] 80/80 VUs  08m55.0s/12m00.0s

running (08m56.0s), 80/80 VUs, 14950 complete and 0 interrupted iterations
oscillating   [  74% ] 80/80 VUs  08m56.0s/12m00.0s

running (08m57.0s), 80/80 VUs, 14976 complete and 0 interrupted iterations
oscillating   [  75% ] 80/80 VUs  08m57.0s/12m00.0s

running (08m58.0s), 80/80 VUs, 15003 complete and 0 interrupted iterations
oscillating   [  75% ] 80/80 VUs  08m58.0s/12m00.0s

running (08m59.0s), 80/80 VUs, 15030 complete and 0 interrupted iterations
oscillating   [  75% ] 80/80 VUs  08m59.0s/12m00.0s

running (09m00.0s), 80/80 VUs, 15058 complete and 0 interrupted iterations
oscillating   [  75% ] 80/80 VUs  09m00.0s/12m00.0s

running (09m01.0s), 80/80 VUs, 15085 complete and 0 interrupted iterations
oscillating   [  75% ] 80/80 VUs  09m01.0s/12m00.0s

running (09m02.0s), 80/80 VUs, 15112 complete and 0 interrupted iterations
oscillating   [  75% ] 80/80 VUs  09m02.0s/12m00.0s

running (09m03.0s), 80/80 VUs, 15138 complete and 0 interrupted iterations
oscillating   [  75% ] 80/80 VUs  09m03.0s/12m00.0s

running (09m04.0s), 80/80 VUs, 15165 complete and 0 interrupted iterations
oscillating   [  76% ] 80/80 VUs  09m04.0s/12m00.0s

running (09m05.0s), 79/80 VUs, 15191 complete and 0 interrupted iterations
oscillating   [  76% ] 79/80 VUs  09m05.0s/12m00.0s

running (09m06.0s), 79/80 VUs, 15218 complete and 0 interrupted iterations
oscillating   [  76% ] 79/80 VUs  09m06.0s/12m00.0s

running (09m07.0s), 78/80 VUs, 15245 complete and 0 interrupted iterations
oscillating   [  76% ] 78/80 VUs  09m07.0s/12m00.0s

running (09m08.0s), 78/80 VUs, 15271 complete and 0 interrupted iterations
oscillating   [  76% ] 78/80 VUs  09m08.0s/12m00.0s

running (09m09.0s), 77/80 VUs, 15293 complete and 0 interrupted iterations
oscillating   [  76% ] 77/80 VUs  09m09.0s/12m00.0s

running (09m10.0s), 77/80 VUs, 15317 complete and 0 interrupted iterations
oscillating   [  76% ] 77/80 VUs  09m10.0s/12m00.0s

running (09m11.0s), 77/80 VUs, 15338 complete and 0 interrupted iterations
oscillating   [  77% ] 77/80 VUs  09m11.0s/12m00.0s

running (09m12.0s), 77/80 VUs, 15363 complete and 0 interrupted iterations
oscillating   [  77% ] 77/80 VUs  09m12.0s/12m00.0s

running (09m13.0s), 76/80 VUs, 15389 complete and 0 interrupted iterations
oscillating   [  77% ] 76/80 VUs  09m13.0s/12m00.0s

running (09m14.0s), 75/80 VUs, 15418 complete and 0 interrupted iterations
oscillating   [  77% ] 75/80 VUs  09m14.0s/12m00.0s

running (09m15.0s), 75/80 VUs, 15441 complete and 0 interrupted iterations
oscillating   [  77% ] 75/80 VUs  09m15.0s/12m00.0s

running (09m16.0s), 75/80 VUs, 15468 complete and 0 interrupted iterations
oscillating   [  77% ] 75/80 VUs  09m16.0s/12m00.0s

running (09m17.0s), 74/80 VUs, 15498 complete and 0 interrupted iterations
oscillating   [  77% ] 74/80 VUs  09m17.0s/12m00.0s

running (09m18.0s), 73/80 VUs, 15555 complete and 0 interrupted iterations
oscillating   [  77% ] 73/80 VUs  09m18.0s/12m00.0s

running (09m19.0s), 72/80 VUs, 15618 complete and 0 interrupted iterations
oscillating   [  78% ] 72/80 VUs  09m19.0s/12m00.0s

running (09m20.0s), 72/80 VUs, 15729 complete and 0 interrupted iterations
oscillating   [  78% ] 72/80 VUs  09m20.0s/12m00.0s

running (09m21.0s), 71/80 VUs, 15828 complete and 0 interrupted iterations
oscillating   [  78% ] 71/80 VUs  09m21.0s/12m00.0s

running (09m22.0s), 71/80 VUs, 15929 complete and 0 interrupted iterations
oscillating   [  78% ] 71/80 VUs  09m22.0s/12m00.0s

running (09m23.0s), 70/80 VUs, 16028 complete and 0 interrupted iterations
oscillating   [  78% ] 70/80 VUs  09m23.0s/12m00.0s

running (09m24.0s), 70/80 VUs, 16129 complete and 0 interrupted iterations
oscillating   [  78% ] 70/80 VUs  09m24.0s/12m00.0s

running (09m25.0s), 69/80 VUs, 16227 complete and 0 interrupted iterations
oscillating   [  78% ] 69/80 VUs  09m25.0s/12m00.0s

running (09m26.0s), 69/80 VUs, 16326 complete and 0 interrupted iterations
oscillating   [  79% ] 69/80 VUs  09m26.0s/12m00.0s

running (09m27.0s), 69/80 VUs, 16415 complete and 0 interrupted iterations
oscillating   [  79% ] 69/80 VUs  09m27.0s/12m00.0s

running (09m28.0s), 68/80 VUs, 16514 complete and 0 interrupted iterations
oscillating   [  79% ] 68/80 VUs  09m28.0s/12m00.0s

running (09m29.0s), 68/80 VUs, 16614 complete and 0 interrupted iterations
oscillating   [  79% ] 68/80 VUs  09m29.0s/12m00.0s

running (09m30.0s), 68/80 VUs, 16705 complete and 0 interrupted iterations
oscillating   [  79% ] 68/80 VUs  09m30.0s/12m00.0s

running (09m31.0s), 67/80 VUs, 16803 complete and 0 interrupted iterations
oscillating   [  79% ] 67/80 VUs  09m31.0s/12m00.0s

running (09m32.0s), 66/80 VUs, 16893 complete and 0 interrupted iterations
oscillating   [  79% ] 66/80 VUs  09m32.0s/12m00.0s

running (09m33.0s), 66/80 VUs, 16990 complete and 0 interrupted iterations
oscillating   [  80% ] 66/80 VUs  09m33.0s/12m00.0s

running (09m34.0s), 65/80 VUs, 17078 complete and 0 interrupted iterations
oscillating   [  80% ] 65/80 VUs  09m34.0s/12m00.0s

running (09m35.0s), 65/80 VUs, 17173 complete and 0 interrupted iterations
oscillating   [  80% ] 65/80 VUs  09m35.0s/12m00.0s

running (09m36.0s), 65/80 VUs, 17260 complete and 0 interrupted iterations
oscillating   [  80% ] 65/80 VUs  09m36.0s/12m00.0s

running (09m37.0s), 64/80 VUs, 17352 complete and 0 interrupted iterations
oscillating   [  80% ] 64/80 VUs  09m37.0s/12m00.0s

running (09m38.0s), 64/80 VUs, 17443 complete and 0 interrupted iterations
oscillating   [  80% ] 64/80 VUs  09m38.0s/12m00.0s

running (09m39.0s), 63/80 VUs, 17530 complete and 0 interrupted iterations
oscillating   [  80% ] 63/80 VUs  09m39.0s/12m00.0s

running (09m40.0s), 63/80 VUs, 17625 complete and 0 interrupted iterations
oscillating   [  81% ] 63/80 VUs  09m40.0s/12m00.0s

running (09m41.0s), 63/80 VUs, 17709 complete and 0 interrupted iterations
oscillating   [  81% ] 63/80 VUs  09m41.0s/12m00.0s

running (09m42.0s), 62/80 VUs, 17799 complete and 0 interrupted iterations
oscillating   [  81% ] 62/80 VUs  09m42.0s/12m00.0s

running (09m43.0s), 62/80 VUs, 17888 complete and 0 interrupted iterations
oscillating   [  81% ] 62/80 VUs  09m43.0s/12m00.0s

running (09m44.0s), 61/80 VUs, 17972 complete and 0 interrupted iterations
oscillating   [  81% ] 61/80 VUs  09m44.0s/12m00.0s

running (09m45.0s), 61/80 VUs, 18056 complete and 0 interrupted iterations
oscillating   [  81% ] 61/80 VUs  09m45.0s/12m00.0s

running (09m46.0s), 60/80 VUs, 18152 complete and 0 interrupted iterations
oscillating   [  81% ] 60/80 VUs  09m46.0s/12m00.0s

running (09m47.0s), 60/80 VUs, 18233 complete and 0 interrupted iterations
oscillating   [  82% ] 60/80 VUs  09m47.0s/12m00.0s

running (09m48.0s), 59/80 VUs, 18320 complete and 0 interrupted iterations
oscillating   [  82% ] 59/80 VUs  09m48.0s/12m00.0s

running (09m49.0s), 59/80 VUs, 18400 complete and 0 interrupted iterations
oscillating   [  82% ] 59/80 VUs  09m49.0s/12m00.0s

running (09m50.0s), 58/80 VUs, 18488 complete and 0 interrupted iterations
oscillating   [  82% ] 58/80 VUs  09m50.0s/12m00.0s

running (09m51.0s), 58/80 VUs, 18561 complete and 0 interrupted iterations
oscillating   [  82% ] 58/80 VUs  09m51.0s/12m00.0s

running (09m52.0s), 58/80 VUs, 18643 complete and 0 interrupted iterations
oscillating   [  82% ] 58/80 VUs  09m52.0s/12m00.0s

running (09m53.0s), 57/80 VUs, 18723 complete and 0 interrupted iterations
oscillating   [  82% ] 57/80 VUs  09m53.0s/12m00.0s

running (09m54.0s), 57/80 VUs, 18806 complete and 0 interrupted iterations
oscillating   [  82% ] 57/80 VUs  09m54.0s/12m00.0s

running (09m55.0s), 56/80 VUs, 18879 complete and 0 interrupted iterations
oscillating   [  83% ] 56/80 VUs  09m55.0s/12m00.0s

running (09m56.0s), 56/80 VUs, 18965 complete and 0 interrupted iterations
oscillating   [  83% ] 56/80 VUs  09m56.0s/12m00.0s

running (09m57.0s), 55/80 VUs, 19043 complete and 0 interrupted iterations
oscillating   [  83% ] 55/80 VUs  09m57.0s/12m00.0s

running (09m58.0s), 55/80 VUs, 19117 complete and 0 interrupted iterations
oscillating   [  83% ] 55/80 VUs  09m58.0s/12m00.0s

running (09m59.0s), 55/80 VUs, 19200 complete and 0 interrupted iterations
oscillating   [  83% ] 55/80 VUs  09m59.0s/12m00.0s

running (10m00.0s), 54/80 VUs, 19273 complete and 0 interrupted iterations
oscillating   [  83% ] 54/80 VUs  10m00.0s/12m00.0s

running (10m01.0s), 53/80 VUs, 19352 complete and 0 interrupted iterations
oscillating   [  83% ] 53/80 VUs  10m01.0s/12m00.0s

running (10m02.0s), 53/80 VUs, 19424 complete and 0 interrupted iterations
oscillating   [  84% ] 53/80 VUs  10m02.0s/12m00.0s

running (10m03.0s), 53/80 VUs, 19500 complete and 0 interrupted iterations
oscillating   [  84% ] 53/80 VUs  10m03.0s/12m00.0s

running (10m04.0s), 52/80 VUs, 19572 complete and 0 interrupted iterations
oscillating   [  84% ] 52/80 VUs  10m04.0s/12m00.0s

running (10m05.0s), 52/80 VUs, 19646 complete and 0 interrupted iterations
oscillating   [  84% ] 52/80 VUs  10m05.0s/12m00.0s

running (10m06.0s), 52/80 VUs, 19721 complete and 0 interrupted iterations
oscillating   [  84% ] 52/80 VUs  10m06.0s/12m00.0s

running (10m07.0s), 51/80 VUs, 19792 complete and 0 interrupted iterations
oscillating   [  84% ] 51/80 VUs  10m07.0s/12m00.0s

running (10m08.0s), 50/80 VUs, 19866 complete and 0 interrupted iterations
oscillating   [  84% ] 50/80 VUs  10m08.0s/12m00.0s

running (10m09.0s), 50/80 VUs, 19938 complete and 0 interrupted iterations
oscillating   [  85% ] 50/80 VUs  10m09.0s/12m00.0s

running (10m10.0s), 49/80 VUs, 20009 complete and 0 interrupted iterations
oscillating   [  85% ] 49/80 VUs  10m10.0s/12m00.0s

running (10m11.0s), 49/80 VUs, 20079 complete and 0 interrupted iterations
oscillating   [  85% ] 49/80 VUs  10m11.0s/12m00.0s

running (10m12.0s), 49/80 VUs, 20146 complete and 0 interrupted iterations
oscillating   [  85% ] 49/80 VUs  10m12.0s/12m00.0s

running (10m13.0s), 48/80 VUs, 20213 complete and 0 interrupted iterations
oscillating   [  85% ] 48/80 VUs  10m13.0s/12m00.0s

running (10m14.0s), 48/80 VUs, 20280 complete and 0 interrupted iterations
oscillating   [  85% ] 48/80 VUs  10m14.0s/12m00.0s

running (10m15.0s), 47/80 VUs, 20344 complete and 0 interrupted iterations
oscillating   [  85% ] 47/80 VUs  10m15.0s/12m00.0s

running (10m16.0s), 47/80 VUs, 20410 complete and 0 interrupted iterations
oscillating   [  86% ] 47/80 VUs  10m16.0s/12m00.0s

running (10m17.0s), 46/80 VUs, 20480 complete and 0 interrupted iterations
oscillating   [  86% ] 46/80 VUs  10m17.0s/12m00.0s

running (10m18.0s), 46/80 VUs, 20547 complete and 0 interrupted iterations
oscillating   [  86% ] 46/80 VUs  10m18.0s/12m00.0s

running (10m19.0s), 46/80 VUs, 20609 complete and 0 interrupted iterations
oscillating   [  86% ] 46/80 VUs  10m19.0s/12m00.0s

running (10m20.0s), 45/80 VUs, 20671 complete and 0 interrupted iterations
oscillating   [  86% ] 45/80 VUs  10m20.0s/12m00.0s

running (10m21.0s), 45/80 VUs, 20738 complete and 0 interrupted iterations
oscillating   [  86% ] 45/80 VUs  10m21.0s/12m00.0s

running (10m22.0s), 44/80 VUs, 20800 complete and 0 interrupted iterations
oscillating   [  86% ] 44/80 VUs  10m22.0s/12m00.0s

running (10m23.0s), 44/80 VUs, 20860 complete and 0 interrupted iterations
oscillating   [  87% ] 44/80 VUs  10m23.0s/12m00.0s

running (10m24.0s), 43/80 VUs, 20920 complete and 0 interrupted iterations
oscillating   [  87% ] 43/80 VUs  10m24.0s/12m00.0s

running (10m25.0s), 43/80 VUs, 20977 complete and 0 interrupted iterations
oscillating   [  87% ] 43/80 VUs  10m25.0s/12m00.0s

running (10m26.0s), 43/80 VUs, 21037 complete and 0 interrupted iterations
oscillating   [  87% ] 43/80 VUs  10m26.0s/12m00.0s

running (10m27.0s), 42/80 VUs, 21099 complete and 0 interrupted iterations
oscillating   [  87% ] 42/80 VUs  10m27.0s/12m00.0s

running (10m28.0s), 42/80 VUs, 21154 complete and 0 interrupted iterations
oscillating   [  87% ] 42/80 VUs  10m28.0s/12m00.0s

running (10m29.0s), 41/80 VUs, 21220 complete and 0 interrupted iterations
oscillating   [  87% ] 41/80 VUs  10m29.0s/12m00.0s

running (10m30.0s), 41/80 VUs, 21277 complete and 0 interrupted iterations
oscillating   [  87% ] 41/80 VUs  10m30.0s/12m00.0s

running (10m31.0s), 40/80 VUs, 21331 complete and 0 interrupted iterations
oscillating   [  88% ] 40/80 VUs  10m31.0s/12m00.0s

running (10m32.0s), 40/80 VUs, 21385 complete and 0 interrupted iterations
oscillating   [  88% ] 40/80 VUs  10m32.0s/12m00.0s

running (10m33.0s), 39/80 VUs, 21446 complete and 0 interrupted iterations
oscillating   [  88% ] 39/80 VUs  10m33.0s/12m00.0s

running (10m34.0s), 39/80 VUs, 21495 complete and 0 interrupted iterations
oscillating   [  88% ] 39/80 VUs  10m34.0s/12m00.0s

running (10m35.0s), 38/80 VUs, 21553 complete and 0 interrupted iterations
oscillating   [  88% ] 38/80 VUs  10m35.0s/12m00.0s

running (10m36.0s), 38/80 VUs, 21606 complete and 0 interrupted iterations
oscillating   [  88% ] 38/80 VUs  10m36.0s/12m00.0s

running (10m37.0s), 38/80 VUs, 21661 complete and 0 interrupted iterations
oscillating   [  88% ] 38/80 VUs  10m37.0s/12m00.0s

running (10m38.0s), 37/80 VUs, 21713 complete and 0 interrupted iterations
oscillating   [  89% ] 37/80 VUs  10m38.0s/12m00.0s

running (10m39.0s), 37/80 VUs, 21759 complete and 0 interrupted iterations
oscillating   [  89% ] 37/80 VUs  10m39.0s/12m00.0s

running (10m40.0s), 36/80 VUs, 21811 complete and 0 interrupted iterations
oscillating   [  89% ] 36/80 VUs  10m40.0s/12m00.0s

running (10m41.0s), 36/80 VUs, 21865 complete and 0 interrupted iterations
oscillating   [  89% ] 36/80 VUs  10m41.0s/12m00.0s

running (10m42.0s), 35/80 VUs, 21915 complete and 0 interrupted iterations
oscillating   [  89% ] 35/80 VUs  10m42.0s/12m00.0s

running (10m43.0s), 35/80 VUs, 21964 complete and 0 interrupted iterations
oscillating   [  89% ] 35/80 VUs  10m43.0s/12m00.0s

running (10m44.0s), 34/80 VUs, 22016 complete and 0 interrupted iterations
oscillating   [  89% ] 34/80 VUs  10m44.0s/12m00.0s

running (10m45.0s), 34/80 VUs, 22061 complete and 0 interrupted iterations
oscillating   [  90% ] 34/80 VUs  10m45.0s/12m00.0s

running (10m46.0s), 34/80 VUs, 22110 complete and 0 interrupted iterations
oscillating   [  90% ] 34/80 VUs  10m46.0s/12m00.0s

running (10m47.0s), 33/80 VUs, 22160 complete and 0 interrupted iterations
oscillating   [  90% ] 33/80 VUs  10m47.0s/12m00.0s

running (10m48.0s), 33/80 VUs, 22207 complete and 0 interrupted iterations
oscillating   [  90% ] 33/80 VUs  10m48.0s/12m00.0s

running (10m49.0s), 32/80 VUs, 22252 complete and 0 interrupted iterations
oscillating   [  90% ] 32/80 VUs  10m49.0s/12m00.0s

running (10m50.0s), 32/80 VUs, 22295 complete and 0 interrupted iterations
oscillating   [  90% ] 32/80 VUs  10m50.0s/12m00.0s

running (10m51.0s), 31/80 VUs, 22340 complete and 0 interrupted iterations
oscillating   [  90% ] 31/80 VUs  10m51.0s/12m00.0s

running (10m52.0s), 31/80 VUs, 22389 complete and 0 interrupted iterations
oscillating   [  91% ] 31/80 VUs  10m52.0s/12m00.0s

running (10m53.0s), 30/80 VUs, 22432 complete and 0 interrupted iterations
oscillating   [  91% ] 30/80 VUs  10m53.0s/12m00.0s

running (10m54.0s), 30/80 VUs, 22476 complete and 0 interrupted iterations
oscillating   [  91% ] 30/80 VUs  10m54.0s/12m00.0s

running (10m55.0s), 30/80 VUs, 22519 complete and 0 interrupted iterations
oscillating   [  91% ] 30/80 VUs  10m55.0s/12m00.0s

running (10m56.0s), 29/80 VUs, 22560 complete and 0 interrupted iterations
oscillating   [  91% ] 29/80 VUs  10m56.0s/12m00.0s

running (10m57.0s), 29/80 VUs, 22600 complete and 0 interrupted iterations
oscillating   [  91% ] 29/80 VUs  10m57.0s/12m00.0s

running (10m58.0s), 28/80 VUs, 22642 complete and 0 interrupted iterations
oscillating   [  91% ] 28/80 VUs  10m58.0s/12m00.0s

running (10m59.0s), 28/80 VUs, 22678 complete and 0 interrupted iterations
oscillating   [  92% ] 28/80 VUs  10m59.0s/12m00.0s

running (11m00.0s), 27/80 VUs, 22720 complete and 0 interrupted iterations
oscillating   [  92% ] 27/80 VUs  11m00.0s/12m00.0s

running (11m01.0s), 27/80 VUs, 22760 complete and 0 interrupted iterations
oscillating   [  92% ] 27/80 VUs  11m01.0s/12m00.0s

running (11m02.0s), 26/80 VUs, 22796 complete and 0 interrupted iterations
oscillating   [  92% ] 26/80 VUs  11m02.0s/12m00.0s

running (11m03.0s), 26/80 VUs, 22835 complete and 0 interrupted iterations
oscillating   [  92% ] 26/80 VUs  11m03.0s/12m00.0s

running (11m04.0s), 26/80 VUs, 22867 complete and 0 interrupted iterations
oscillating   [  92% ] 26/80 VUs  11m04.0s/12m00.0s

running (11m05.0s), 25/80 VUs, 22906 complete and 0 interrupted iterations
oscillating   [  92% ] 25/80 VUs  11m05.0s/12m00.0s

running (11m06.0s), 25/80 VUs, 22941 complete and 0 interrupted iterations
oscillating   [  92% ] 25/80 VUs  11m06.0s/12m00.0s

running (11m07.0s), 24/80 VUs, 22976 complete and 0 interrupted iterations
oscillating   [  93% ] 24/80 VUs  11m07.0s/12m00.0s

running (11m08.0s), 24/80 VUs, 23012 complete and 0 interrupted iterations
oscillating   [  93% ] 24/80 VUs  11m08.0s/12m00.0s

running (11m09.0s), 23/80 VUs, 23045 complete and 0 interrupted iterations
oscillating   [  93% ] 23/80 VUs  11m09.0s/12m00.0s

running (11m10.0s), 23/80 VUs, 23078 complete and 0 interrupted iterations
oscillating   [  93% ] 23/80 VUs  11m10.0s/12m00.0s

running (11m11.0s), 23/80 VUs, 23111 complete and 0 interrupted iterations
oscillating   [  93% ] 23/80 VUs  11m11.0s/12m00.0s

running (11m12.0s), 22/80 VUs, 23141 complete and 0 interrupted iterations
oscillating   [  93% ] 22/80 VUs  11m12.0s/12m00.0s

running (11m13.0s), 22/80 VUs, 23173 complete and 0 interrupted iterations
oscillating   [  93% ] 22/80 VUs  11m13.0s/12m00.0s

running (11m14.0s), 21/80 VUs, 23202 complete and 0 interrupted iterations
oscillating   [  94% ] 21/80 VUs  11m14.0s/12m00.0s

running (11m15.0s), 21/80 VUs, 23232 complete and 0 interrupted iterations
oscillating   [  94% ] 21/80 VUs  11m15.0s/12m00.0s

running (11m16.0s), 20/80 VUs, 23264 complete and 0 interrupted iterations
oscillating   [  94% ] 20/80 VUs  11m16.0s/12m00.0s

running (11m17.0s), 20/80 VUs, 23293 complete and 0 interrupted iterations
oscillating   [  94% ] 20/80 VUs  11m17.0s/12m00.0s

running (11m18.0s), 19/80 VUs, 23322 complete and 0 interrupted iterations
oscillating   [  94% ] 19/80 VUs  11m18.0s/12m00.0s

running (11m19.0s), 19/80 VUs, 23347 complete and 0 interrupted iterations
oscillating   [  94% ] 19/80 VUs  11m19.0s/12m00.0s

running (11m20.0s), 18/80 VUs, 23375 complete and 0 interrupted iterations
oscillating   [  94% ] 18/80 VUs  11m20.0s/12m00.0s

running (11m21.0s), 18/80 VUs, 23399 complete and 0 interrupted iterations
oscillating   [  95% ] 18/80 VUs  11m21.0s/12m00.0s

running (11m22.0s), 17/80 VUs, 23426 complete and 0 interrupted iterations
oscillating   [  95% ] 17/80 VUs  11m22.0s/12m00.0s

running (11m23.0s), 17/80 VUs, 23452 complete and 0 interrupted iterations
oscillating   [  95% ] 17/80 VUs  11m23.0s/12m00.0s

running (11m24.0s), 17/80 VUs, 23473 complete and 0 interrupted iterations
oscillating   [  95% ] 17/80 VUs  11m24.0s/12m00.0s

running (11m25.0s), 16/80 VUs, 23500 complete and 0 interrupted iterations
oscillating   [  95% ] 16/80 VUs  11m25.0s/12m00.0s

running (11m26.0s), 16/80 VUs, 23519 complete and 0 interrupted iterations
oscillating   [  95% ] 16/80 VUs  11m26.0s/12m00.0s

running (11m27.0s), 15/80 VUs, 23542 complete and 0 interrupted iterations
oscillating   [  95% ] 15/80 VUs  11m27.0s/12m00.0s

running (11m28.0s), 15/80 VUs, 23565 complete and 0 interrupted iterations
oscillating   [  96% ] 15/80 VUs  11m28.0s/12m00.0s

running (11m29.0s), 14/80 VUs, 23585 complete and 0 interrupted iterations
oscillating   [  96% ] 14/80 VUs  11m29.0s/12m00.0s

running (11m30.0s), 14/80 VUs, 23605 complete and 0 interrupted iterations
oscillating   [  96% ] 14/80 VUs  11m30.0s/12m00.0s

running (11m31.0s), 14/80 VUs, 23624 complete and 0 interrupted iterations
oscillating   [  96% ] 14/80 VUs  11m31.0s/12m00.0s

running (11m32.0s), 13/80 VUs, 23643 complete and 0 interrupted iterations
oscillating   [  96% ] 13/80 VUs  11m32.0s/12m00.0s

running (11m33.0s), 13/80 VUs, 23661 complete and 0 interrupted iterations
oscillating   [  96% ] 13/80 VUs  11m33.0s/12m00.0s

running (11m34.0s), 12/80 VUs, 23679 complete and 0 interrupted iterations
oscillating   [  96% ] 12/80 VUs  11m34.0s/12m00.0s

running (11m35.0s), 12/80 VUs, 23697 complete and 0 interrupted iterations
oscillating   [  97% ] 12/80 VUs  11m35.0s/12m00.0s

running (11m36.0s), 11/80 VUs, 23713 complete and 0 interrupted iterations
oscillating   [  97% ] 11/80 VUs  11m36.0s/12m00.0s

running (11m37.0s), 11/80 VUs, 23728 complete and 0 interrupted iterations
oscillating   [  97% ] 11/80 VUs  11m37.0s/12m00.0s

running (11m38.0s), 10/80 VUs, 23742 complete and 0 interrupted iterations
oscillating   [  97% ] 10/80 VUs  11m38.0s/12m00.0s

running (11m39.0s), 10/80 VUs, 23758 complete and 0 interrupted iterations
oscillating   [  97% ] 10/80 VUs  11m39.0s/12m00.0s

running (11m40.0s), 09/80 VUs, 23773 complete and 0 interrupted iterations
oscillating   [  97% ] 09/80 VUs  11m40.0s/12m00.0s

running (11m41.0s), 09/80 VUs, 23786 complete and 0 interrupted iterations
oscillating   [  97% ] 09/80 VUs  11m41.0s/12m00.0s

running (11m42.0s), 09/80 VUs, 23799 complete and 0 interrupted iterations
oscillating   [  97% ] 09/80 VUs  11m42.0s/12m00.0s

running (11m43.0s), 08/80 VUs, 23811 complete and 0 interrupted iterations
oscillating   [  98% ] 08/80 VUs  11m43.0s/12m00.0s

running (11m44.0s), 08/80 VUs, 23822 complete and 0 interrupted iterations
oscillating   [  98% ] 08/80 VUs  11m44.0s/12m00.0s

running (11m45.0s), 07/80 VUs, 23835 complete and 0 interrupted iterations
oscillating   [  98% ] 07/80 VUs  11m45.0s/12m00.0s

running (11m46.0s), 07/80 VUs, 23843 complete and 0 interrupted iterations
oscillating   [  98% ] 07/80 VUs  11m46.0s/12m00.0s

running (11m47.0s), 06/80 VUs, 23855 complete and 0 interrupted iterations
oscillating   [  98% ] 06/80 VUs  11m47.0s/12m00.0s

running (11m48.0s), 06/80 VUs, 23862 complete and 0 interrupted iterations
oscillating   [  98% ] 06/80 VUs  11m48.0s/12m00.0s

running (11m49.0s), 06/80 VUs, 23873 complete and 0 interrupted iterations
oscillating   [  98% ] 06/80 VUs  11m49.0s/12m00.0s

running (11m50.0s), 05/80 VUs, 23879 complete and 0 interrupted iterations
oscillating   [  99% ] 05/80 VUs  11m50.0s/12m00.0s

running (11m51.0s), 05/80 VUs, 23886 complete and 0 interrupted iterations
oscillating   [  99% ] 05/80 VUs  11m51.0s/12m00.0s

running (11m52.0s), 04/80 VUs, 23893 complete and 0 interrupted iterations
oscillating   [  99% ] 04/80 VUs  11m52.0s/12m00.0s

running (11m53.0s), 04/80 VUs, 23898 complete and 0 interrupted iterations
oscillating   [  99% ] 04/80 VUs  11m53.0s/12m00.0s

running (11m54.0s), 03/80 VUs, 23904 complete and 0 interrupted iterations
oscillating   [  99% ] 03/80 VUs  11m54.0s/12m00.0s

running (11m55.0s), 03/80 VUs, 23907 complete and 0 interrupted iterations
oscillating   [  99% ] 03/80 VUs  11m55.0s/12m00.0s

running (11m56.0s), 03/80 VUs, 23911 complete and 0 interrupted iterations
oscillating   [  99% ] 03/80 VUs  11m56.0s/12m00.0s

running (11m57.0s), 02/80 VUs, 23915 complete and 0 interrupted iterations
oscillating   [ 100% ] 02/80 VUs  11m57.0s/12m00.0s

running (11m58.0s), 01/80 VUs, 23918 complete and 0 interrupted iterations
oscillating   [ 100% ] 01/80 VUs  11m58.0s/12m00.0s

running (11m59.0s), 01/80 VUs, 23920 complete and 0 interrupted iterations
oscillating   [ 100% ] 01/80 VUs  11m59.0s/12m00.0s

running (12m00.0s), 01/80 VUs, 23922 complete and 0 interrupted iterations
oscillating   [ 100% ] 01/80 VUs  12m00.0s/12m00.0s

     ✓ status is 200
     ✓ returns quotes
     ✗ response time <2000ms
      ↳  78% — ✓ 18889 / ✗ 5034

     checks.........................: 92.98% ✓ 66735     ✗ 5034 
     data_received..................: 18 MB  25 kB/s
     data_sent......................: 11 MB  15 kB/s
     http_req_blocked...............: avg=510.24µs min=92.74µs  med=223.3µs  max=35.83ms p(90)=861.64µs p(95)=1.06ms 
     http_req_connecting............: avg=467.02µs min=76.62µs  med=169.49µs max=35.8ms  p(90)=815.19µs p(95)=1.01ms 
   ✗ http_req_duration..............: avg=1.22s    min=468.9ms  med=750.02ms max=4.4s    p(90)=3.13s    p(95)=3.23s  
       { expected_response:true }...: avg=1.22s    min=468.9ms  med=750.02ms max=4.4s    p(90)=3.13s    p(95)=3.23s  
   ✓ http_req_failed................: 0.00%  ✓ 0         ✗ 23923
     http_req_receiving.............: avg=6.16ms   min=27.77µs  med=137.11µs max=190.6ms p(90)=15.35ms  p(95)=62.02ms
     http_req_sending...............: avg=37.77µs  min=13.04µs  med=33.73µs  max=1.96ms  p(90)=48.52µs  p(95)=60.61µs
     http_req_tls_handshaking.......: avg=0s       min=0s       med=0s       max=0s      p(90)=0s       p(95)=0s     
     http_req_waiting...............: avg=1.21s    min=468.72ms med=749.8ms  max=4.39s   p(90)=3.11s    p(95)=3.2s   
     http_reqs......................: 23923  33.199275/s
     iteration_duration.............: avg=1.22s    min=469.28ms med=751.02ms max=4.4s    p(90)=3.14s    p(95)=3.23s  
     iterations.....................: 23923  33.199275/s
     vus............................: 1      min=1       max=80 
     vus_max........................: 80     min=80      max=80 


running (12m00.6s), 00/80 VUs, 23923 complete and 0 interrupted iterations
oscillating ✓ [ 100% ] 00/80 VUs  12m0s
time="2026-08-16T00:25:53Z" level=error msg="thresholds on metrics 'http_req_duration' have been crossed"
