
          /\      |‾‾| /‾‾/   /‾‾/   
     /\  /  \     |  |/  /   /  /    
    /  \/    \    |     (   /   ‾‾\  
   /          \   |  |\  \ |  (‾)  | 
  / __________ \  |__| \__\ \_____/ .io

  execution: local
     script: /scripts/load-test.js
     output: json (/results/results.json)

  scenarios: (100.00%) 1 scenario, 80 max VUs, 12m30s max duration (incl. graceful stop):
           * oscillating: Up to 80 looping VUs for 12m0s over 12 stages (gracefulRampDown: 30s, gracefulStop: 30s)


running (00m00.9s), 10/80 VUs, 10 complete and 0 interrupted iterations
oscillating   [   0% ] 10/80 VUs  00m00.9s/12m00.0s

running (00m01.9s), 10/80 VUs, 22 complete and 0 interrupted iterations
oscillating   [   0% ] 10/80 VUs  00m01.9s/12m00.0s

running (00m02.9s), 10/80 VUs, 36 complete and 0 interrupted iterations
oscillating   [   0% ] 10/80 VUs  00m02.9s/12m00.0s

running (00m03.9s), 10/80 VUs, 49 complete and 0 interrupted iterations
oscillating   [   1% ] 10/80 VUs  00m03.9s/12m00.0s

running (00m04.9s), 10/80 VUs, 67 complete and 0 interrupted iterations
oscillating   [   1% ] 10/80 VUs  00m04.9s/12m00.0s

running (00m05.9s), 10/80 VUs, 79 complete and 0 interrupted iterations
oscillating   [   1% ] 10/80 VUs  00m05.9s/12m00.0s

running (00m06.9s), 10/80 VUs, 95 complete and 0 interrupted iterations
oscillating   [   1% ] 10/80 VUs  00m06.9s/12m00.0s

running (00m07.9s), 10/80 VUs, 111 complete and 0 interrupted iterations
oscillating   [   1% ] 10/80 VUs  00m07.9s/12m00.0s

running (00m08.9s), 10/80 VUs, 123 complete and 0 interrupted iterations
oscillating   [   1% ] 10/80 VUs  00m08.9s/12m00.0s

running (00m09.9s), 10/80 VUs, 137 complete and 0 interrupted iterations
oscillating   [   1% ] 10/80 VUs  00m09.9s/12m00.0s

running (00m10.9s), 10/80 VUs, 153 complete and 0 interrupted iterations
oscillating   [   2% ] 10/80 VUs  00m10.9s/12m00.0s

running (00m11.9s), 10/80 VUs, 167 complete and 0 interrupted iterations
oscillating   [   2% ] 10/80 VUs  00m11.9s/12m00.0s

running (00m12.9s), 10/80 VUs, 182 complete and 0 interrupted iterations
oscillating   [   2% ] 10/80 VUs  00m12.9s/12m00.0s

running (00m13.9s), 10/80 VUs, 198 complete and 0 interrupted iterations
oscillating   [   2% ] 10/80 VUs  00m13.9s/12m00.0s

running (00m14.9s), 10/80 VUs, 212 complete and 0 interrupted iterations
oscillating   [   2% ] 10/80 VUs  00m14.9s/12m00.0s

running (00m15.9s), 10/80 VUs, 224 complete and 0 interrupted iterations
oscillating   [   2% ] 10/80 VUs  00m15.9s/12m00.0s

running (00m16.9s), 10/80 VUs, 238 complete and 0 interrupted iterations
oscillating   [   2% ] 10/80 VUs  00m16.9s/12m00.0s

running (00m17.9s), 10/80 VUs, 253 complete and 0 interrupted iterations
oscillating   [   2% ] 10/80 VUs  00m17.9s/12m00.0s

running (00m18.9s), 10/80 VUs, 267 complete and 0 interrupted iterations
oscillating   [   3% ] 10/80 VUs  00m18.9s/12m00.0s

running (00m19.9s), 10/80 VUs, 282 complete and 0 interrupted iterations
oscillating   [   3% ] 10/80 VUs  00m19.9s/12m00.0s

running (00m20.9s), 10/80 VUs, 296 complete and 0 interrupted iterations
oscillating   [   3% ] 10/80 VUs  00m20.9s/12m00.0s

running (00m21.9s), 10/80 VUs, 311 complete and 0 interrupted iterations
oscillating   [   3% ] 10/80 VUs  00m21.9s/12m00.0s

running (00m22.9s), 10/80 VUs, 324 complete and 0 interrupted iterations
oscillating   [   3% ] 10/80 VUs  00m22.9s/12m00.0s

running (00m23.9s), 10/80 VUs, 339 complete and 0 interrupted iterations
oscillating   [   3% ] 10/80 VUs  00m23.9s/12m00.0s

running (00m24.9s), 10/80 VUs, 353 complete and 0 interrupted iterations
oscillating   [   3% ] 10/80 VUs  00m24.9s/12m00.0s

running (00m25.9s), 10/80 VUs, 367 complete and 0 interrupted iterations
oscillating   [   4% ] 10/80 VUs  00m25.9s/12m00.0s

running (00m26.9s), 10/80 VUs, 381 complete and 0 interrupted iterations
oscillating   [   4% ] 10/80 VUs  00m26.9s/12m00.0s

running (00m27.9s), 10/80 VUs, 394 complete and 0 interrupted iterations
oscillating   [   4% ] 10/80 VUs  00m27.9s/12m00.0s

running (00m28.9s), 10/80 VUs, 410 complete and 0 interrupted iterations
oscillating   [   4% ] 10/80 VUs  00m28.9s/12m00.0s

running (00m29.9s), 10/80 VUs, 423 complete and 0 interrupted iterations
oscillating   [   4% ] 10/80 VUs  00m29.9s/12m00.0s

running (00m30.9s), 10/80 VUs, 436 complete and 0 interrupted iterations
oscillating   [   4% ] 10/80 VUs  00m30.9s/12m00.0s

running (00m31.9s), 10/80 VUs, 451 complete and 0 interrupted iterations
oscillating   [   4% ] 10/80 VUs  00m31.9s/12m00.0s

running (00m32.9s), 10/80 VUs, 464 complete and 0 interrupted iterations
oscillating   [   5% ] 10/80 VUs  00m32.9s/12m00.0s

running (00m33.9s), 10/80 VUs, 479 complete and 0 interrupted iterations
oscillating   [   5% ] 10/80 VUs  00m33.9s/12m00.0s

running (00m34.9s), 10/80 VUs, 494 complete and 0 interrupted iterations
oscillating   [   5% ] 10/80 VUs  00m34.9s/12m00.0s

running (00m35.9s), 10/80 VUs, 507 complete and 0 interrupted iterations
oscillating   [   5% ] 10/80 VUs  00m35.9s/12m00.0s

running (00m36.9s), 10/80 VUs, 523 complete and 0 interrupted iterations
oscillating   [   5% ] 10/80 VUs  00m36.9s/12m00.0s

running (00m37.9s), 10/80 VUs, 536 complete and 0 interrupted iterations
oscillating   [   5% ] 10/80 VUs  00m37.9s/12m00.0s

running (00m38.9s), 10/80 VUs, 550 complete and 0 interrupted iterations
oscillating   [   5% ] 10/80 VUs  00m38.9s/12m00.0s

running (00m39.9s), 10/80 VUs, 565 complete and 0 interrupted iterations
oscillating   [   6% ] 10/80 VUs  00m39.9s/12m00.0s

running (00m40.9s), 10/80 VUs, 576 complete and 0 interrupted iterations
oscillating   [   6% ] 10/80 VUs  00m40.9s/12m00.0s

running (00m41.9s), 10/80 VUs, 592 complete and 0 interrupted iterations
oscillating   [   6% ] 10/80 VUs  00m41.9s/12m00.0s

running (00m42.9s), 10/80 VUs, 607 complete and 0 interrupted iterations
oscillating   [   6% ] 10/80 VUs  00m42.9s/12m00.0s

running (00m43.9s), 10/80 VUs, 619 complete and 0 interrupted iterations
oscillating   [   6% ] 10/80 VUs  00m43.9s/12m00.0s

running (00m44.9s), 10/80 VUs, 633 complete and 0 interrupted iterations
oscillating   [   6% ] 10/80 VUs  00m44.9s/12m00.0s

running (00m45.9s), 10/80 VUs, 645 complete and 0 interrupted iterations
oscillating   [   6% ] 10/80 VUs  00m45.9s/12m00.0s

running (00m46.9s), 10/80 VUs, 662 complete and 0 interrupted iterations
oscillating   [   7% ] 10/80 VUs  00m46.9s/12m00.0s

running (00m47.9s), 10/80 VUs, 676 complete and 0 interrupted iterations
oscillating   [   7% ] 10/80 VUs  00m47.9s/12m00.0s

running (00m48.9s), 10/80 VUs, 690 complete and 0 interrupted iterations
oscillating   [   7% ] 10/80 VUs  00m48.9s/12m00.0s

running (00m49.9s), 10/80 VUs, 704 complete and 0 interrupted iterations
oscillating   [   7% ] 10/80 VUs  00m49.9s/12m00.0s

running (00m50.9s), 10/80 VUs, 718 complete and 0 interrupted iterations
oscillating   [   7% ] 10/80 VUs  00m50.9s/12m00.0s

running (00m51.9s), 10/80 VUs, 732 complete and 0 interrupted iterations
oscillating   [   7% ] 10/80 VUs  00m51.9s/12m00.0s

running (00m52.9s), 10/80 VUs, 747 complete and 0 interrupted iterations
oscillating   [   7% ] 10/80 VUs  00m52.9s/12m00.0s

running (00m53.9s), 10/80 VUs, 761 complete and 0 interrupted iterations
oscillating   [   7% ] 10/80 VUs  00m53.9s/12m00.0s

running (00m54.9s), 10/80 VUs, 774 complete and 0 interrupted iterations
oscillating   [   8% ] 10/80 VUs  00m54.9s/12m00.0s

running (00m55.9s), 10/80 VUs, 789 complete and 0 interrupted iterations
oscillating   [   8% ] 10/80 VUs  00m55.9s/12m00.0s

running (00m56.9s), 10/80 VUs, 803 complete and 0 interrupted iterations
oscillating   [   8% ] 10/80 VUs  00m56.9s/12m00.0s

running (00m57.9s), 10/80 VUs, 817 complete and 0 interrupted iterations
oscillating   [   8% ] 10/80 VUs  00m57.9s/12m00.0s

running (00m58.9s), 10/80 VUs, 831 complete and 0 interrupted iterations
oscillating   [   8% ] 10/80 VUs  00m58.9s/12m00.0s

running (00m59.9s), 10/80 VUs, 846 complete and 0 interrupted iterations
oscillating   [   8% ] 10/80 VUs  00m59.9s/12m00.0s

running (01m00.9s), 10/80 VUs, 859 complete and 0 interrupted iterations
oscillating   [   8% ] 10/80 VUs  01m00.9s/12m00.0s

running (01m01.9s), 10/80 VUs, 872 complete and 0 interrupted iterations
oscillating   [   9% ] 10/80 VUs  01m01.9s/12m00.0s

running (01m02.9s), 10/80 VUs, 889 complete and 0 interrupted iterations
oscillating   [   9% ] 10/80 VUs  01m02.9s/12m00.0s

running (01m03.9s), 10/80 VUs, 900 complete and 0 interrupted iterations
oscillating   [   9% ] 10/80 VUs  01m03.9s/12m00.0s

running (01m04.9s), 10/80 VUs, 918 complete and 0 interrupted iterations
oscillating   [   9% ] 10/80 VUs  01m04.9s/12m00.0s

running (01m05.9s), 10/80 VUs, 930 complete and 0 interrupted iterations
oscillating   [   9% ] 10/80 VUs  01m05.9s/12m00.0s

running (01m06.9s), 10/80 VUs, 946 complete and 0 interrupted iterations
oscillating   [   9% ] 10/80 VUs  01m06.9s/12m00.0s

running (01m07.9s), 10/80 VUs, 959 complete and 0 interrupted iterations
oscillating   [   9% ] 10/80 VUs  01m07.9s/12m00.0s

running (01m08.9s), 10/80 VUs, 971 complete and 0 interrupted iterations
oscillating   [  10% ] 10/80 VUs  01m08.9s/12m00.0s

running (01m09.9s), 10/80 VUs, 986 complete and 0 interrupted iterations
oscillating   [  10% ] 10/80 VUs  01m09.9s/12m00.0s

running (01m10.9s), 10/80 VUs, 1000 complete and 0 interrupted iterations
oscillating   [  10% ] 10/80 VUs  01m10.9s/12m00.0s

running (01m11.9s), 10/80 VUs, 1016 complete and 0 interrupted iterations
oscillating   [  10% ] 10/80 VUs  01m11.9s/12m00.0s

running (01m12.9s), 10/80 VUs, 1029 complete and 0 interrupted iterations
oscillating   [  10% ] 10/80 VUs  01m12.9s/12m00.0s

running (01m13.9s), 10/80 VUs, 1043 complete and 0 interrupted iterations
oscillating   [  10% ] 10/80 VUs  01m13.9s/12m00.0s

running (01m14.9s), 10/80 VUs, 1057 complete and 0 interrupted iterations
oscillating   [  10% ] 10/80 VUs  01m14.9s/12m00.0s

running (01m15.9s), 10/80 VUs, 1073 complete and 0 interrupted iterations
oscillating   [  11% ] 10/80 VUs  01m15.9s/12m00.0s

running (01m16.9s), 10/80 VUs, 1087 complete and 0 interrupted iterations
oscillating   [  11% ] 10/80 VUs  01m16.9s/12m00.0s

running (01m17.9s), 10/80 VUs, 1100 complete and 0 interrupted iterations
oscillating   [  11% ] 10/80 VUs  01m17.9s/12m00.0s

running (01m18.9s), 10/80 VUs, 1115 complete and 0 interrupted iterations
oscillating   [  11% ] 10/80 VUs  01m18.9s/12m00.0s

running (01m19.9s), 10/80 VUs, 1131 complete and 0 interrupted iterations
oscillating   [  11% ] 10/80 VUs  01m19.9s/12m00.0s

running (01m20.9s), 10/80 VUs, 1144 complete and 0 interrupted iterations
oscillating   [  11% ] 10/80 VUs  01m20.9s/12m00.0s

running (01m22.0s), 10/80 VUs, 1159 complete and 0 interrupted iterations
oscillating   [  11% ] 10/80 VUs  01m22.0s/12m00.0s

running (01m22.9s), 10/80 VUs, 1175 complete and 0 interrupted iterations
oscillating   [  12% ] 10/80 VUs  01m22.9s/12m00.0s

running (01m23.9s), 10/80 VUs, 1186 complete and 0 interrupted iterations
oscillating   [  12% ] 10/80 VUs  01m23.9s/12m00.0s

running (01m24.9s), 10/80 VUs, 1200 complete and 0 interrupted iterations
oscillating   [  12% ] 10/80 VUs  01m24.9s/12m00.0s

running (01m25.9s), 10/80 VUs, 1216 complete and 0 interrupted iterations
oscillating   [  12% ] 10/80 VUs  01m25.9s/12m00.0s

running (01m26.9s), 10/80 VUs, 1230 complete and 0 interrupted iterations
oscillating   [  12% ] 10/80 VUs  01m26.9s/12m00.0s

running (01m27.9s), 10/80 VUs, 1246 complete and 0 interrupted iterations
oscillating   [  12% ] 10/80 VUs  01m27.9s/12m00.0s

running (01m28.9s), 10/80 VUs, 1259 complete and 0 interrupted iterations
oscillating   [  12% ] 10/80 VUs  01m28.9s/12m00.0s

running (01m29.9s), 10/80 VUs, 1273 complete and 0 interrupted iterations
oscillating   [  12% ] 10/80 VUs  01m29.9s/12m00.0s

running (01m30.9s), 10/80 VUs, 1286 complete and 0 interrupted iterations
oscillating   [  13% ] 10/80 VUs  01m30.9s/12m00.0s

running (01m31.9s), 10/80 VUs, 1300 complete and 0 interrupted iterations
oscillating   [  13% ] 10/80 VUs  01m31.9s/12m00.0s

running (01m32.9s), 10/80 VUs, 1315 complete and 0 interrupted iterations
oscillating   [  13% ] 10/80 VUs  01m32.9s/12m00.0s

running (01m33.9s), 10/80 VUs, 1327 complete and 0 interrupted iterations
oscillating   [  13% ] 10/80 VUs  01m33.9s/12m00.0s

running (01m34.9s), 10/80 VUs, 1342 complete and 0 interrupted iterations
oscillating   [  13% ] 10/80 VUs  01m34.9s/12m00.0s

running (01m35.9s), 10/80 VUs, 1357 complete and 0 interrupted iterations
oscillating   [  13% ] 10/80 VUs  01m35.9s/12m00.0s

running (01m36.9s), 10/80 VUs, 1371 complete and 0 interrupted iterations
oscillating   [  13% ] 10/80 VUs  01m36.9s/12m00.0s

running (01m37.9s), 10/80 VUs, 1386 complete and 0 interrupted iterations
oscillating   [  14% ] 10/80 VUs  01m37.9s/12m00.0s

running (01m38.9s), 10/80 VUs, 1398 complete and 0 interrupted iterations
oscillating   [  14% ] 10/80 VUs  01m38.9s/12m00.0s

running (01m39.9s), 10/80 VUs, 1416 complete and 0 interrupted iterations
oscillating   [  14% ] 10/80 VUs  01m39.9s/12m00.0s

running (01m40.9s), 10/80 VUs, 1428 complete and 0 interrupted iterations
oscillating   [  14% ] 10/80 VUs  01m40.9s/12m00.0s

running (01m41.9s), 10/80 VUs, 1442 complete and 0 interrupted iterations
oscillating   [  14% ] 10/80 VUs  01m41.9s/12m00.0s

running (01m42.9s), 10/80 VUs, 1458 complete and 0 interrupted iterations
oscillating   [  14% ] 10/80 VUs  01m42.9s/12m00.0s

running (01m43.9s), 10/80 VUs, 1471 complete and 0 interrupted iterations
oscillating   [  14% ] 10/80 VUs  01m43.9s/12m00.0s

running (01m44.9s), 10/80 VUs, 1486 complete and 0 interrupted iterations
oscillating   [  15% ] 10/80 VUs  01m44.9s/12m00.0s

running (01m45.9s), 10/80 VUs, 1498 complete and 0 interrupted iterations
oscillating   [  15% ] 10/80 VUs  01m45.9s/12m00.0s

running (01m46.9s), 10/80 VUs, 1513 complete and 0 interrupted iterations
oscillating   [  15% ] 10/80 VUs  01m46.9s/12m00.0s

running (01m47.9s), 10/80 VUs, 1528 complete and 0 interrupted iterations
oscillating   [  15% ] 10/80 VUs  01m47.9s/12m00.0s

running (01m48.9s), 10/80 VUs, 1542 complete and 0 interrupted iterations
oscillating   [  15% ] 10/80 VUs  01m48.9s/12m00.0s

running (01m49.9s), 10/80 VUs, 1558 complete and 0 interrupted iterations
oscillating   [  15% ] 10/80 VUs  01m49.9s/12m00.0s

running (01m50.9s), 10/80 VUs, 1571 complete and 0 interrupted iterations
oscillating   [  15% ] 10/80 VUs  01m50.9s/12m00.0s

running (01m51.9s), 10/80 VUs, 1582 complete and 0 interrupted iterations
oscillating   [  16% ] 10/80 VUs  01m51.9s/12m00.0s

running (01m52.9s), 10/80 VUs, 1597 complete and 0 interrupted iterations
oscillating   [  16% ] 10/80 VUs  01m52.9s/12m00.0s

running (01m53.9s), 10/80 VUs, 1612 complete and 0 interrupted iterations
oscillating   [  16% ] 10/80 VUs  01m53.9s/12m00.0s

running (01m54.9s), 10/80 VUs, 1624 complete and 0 interrupted iterations
oscillating   [  16% ] 10/80 VUs  01m54.9s/12m00.0s

running (01m55.9s), 10/80 VUs, 1642 complete and 0 interrupted iterations
oscillating   [  16% ] 10/80 VUs  01m55.9s/12m00.0s

running (01m56.9s), 10/80 VUs, 1654 complete and 0 interrupted iterations
oscillating   [  16% ] 10/80 VUs  01m56.9s/12m00.0s

running (01m57.9s), 10/80 VUs, 1669 complete and 0 interrupted iterations
oscillating   [  16% ] 10/80 VUs  01m57.9s/12m00.0s

running (01m58.9s), 10/80 VUs, 1684 complete and 0 interrupted iterations
oscillating   [  17% ] 10/80 VUs  01m58.9s/12m00.0s

running (01m59.9s), 10/80 VUs, 1697 complete and 0 interrupted iterations
oscillating   [  17% ] 10/80 VUs  01m59.9s/12m00.0s

running (02m00.9s), 16/80 VUs, 1711 complete and 0 interrupted iterations
oscillating   [  17% ] 16/80 VUs  02m00.9s/12m00.0s

running (02m01.9s), 23/80 VUs, 1735 complete and 0 interrupted iterations
oscillating   [  17% ] 23/80 VUs  02m01.9s/12m00.0s

running (02m02.9s), 30/80 VUs, 1770 complete and 0 interrupted iterations
oscillating   [  17% ] 30/80 VUs  02m02.9s/12m00.0s

running (02m03.9s), 37/80 VUs, 1813 complete and 0 interrupted iterations
oscillating   [  17% ] 37/80 VUs  02m03.9s/12m00.0s

running (02m04.9s), 44/80 VUs, 1863 complete and 0 interrupted iterations
oscillating   [  17% ] 44/80 VUs  02m04.9s/12m00.0s

running (02m05.9s), 51/80 VUs, 1903 complete and 0 interrupted iterations
oscillating   [  17% ] 51/80 VUs  02m05.9s/12m00.0s

running (02m06.9s), 58/80 VUs, 1944 complete and 0 interrupted iterations
oscillating   [  18% ] 58/80 VUs  02m06.9s/12m00.0s

running (02m07.9s), 65/80 VUs, 1978 complete and 0 interrupted iterations
oscillating   [  18% ] 65/80 VUs  02m07.9s/12m00.0s

running (02m08.9s), 72/80 VUs, 2008 complete and 0 interrupted iterations
oscillating   [  18% ] 72/80 VUs  02m08.9s/12m00.0s

running (02m09.9s), 79/80 VUs, 2031 complete and 0 interrupted iterations
oscillating   [  18% ] 79/80 VUs  02m09.9s/12m00.0s

running (02m10.9s), 80/80 VUs, 2061 complete and 0 interrupted iterations
oscillating   [  18% ] 80/80 VUs  02m10.9s/12m00.0s

running (02m11.9s), 80/80 VUs, 2086 complete and 0 interrupted iterations
oscillating   [  18% ] 80/80 VUs  02m11.9s/12m00.0s

running (02m12.9s), 80/80 VUs, 2112 complete and 0 interrupted iterations
oscillating   [  18% ] 80/80 VUs  02m12.9s/12m00.0s

running (02m13.9s), 80/80 VUs, 2148 complete and 0 interrupted iterations
oscillating   [  19% ] 80/80 VUs  02m13.9s/12m00.0s

running (02m14.9s), 80/80 VUs, 2177 complete and 0 interrupted iterations
oscillating   [  19% ] 80/80 VUs  02m14.9s/12m00.0s

running (02m15.9s), 80/80 VUs, 2207 complete and 0 interrupted iterations
oscillating   [  19% ] 80/80 VUs  02m15.9s/12m00.0s

running (02m16.9s), 80/80 VUs, 2234 complete and 0 interrupted iterations
oscillating   [  19% ] 80/80 VUs  02m16.9s/12m00.0s

running (02m17.9s), 80/80 VUs, 2259 complete and 0 interrupted iterations
oscillating   [  19% ] 80/80 VUs  02m17.9s/12m00.0s

running (02m18.9s), 80/80 VUs, 2287 complete and 0 interrupted iterations
oscillating   [  19% ] 80/80 VUs  02m18.9s/12m00.0s

running (02m19.9s), 80/80 VUs, 2314 complete and 0 interrupted iterations
oscillating   [  19% ] 80/80 VUs  02m19.9s/12m00.0s

running (02m20.9s), 80/80 VUs, 2332 complete and 0 interrupted iterations
oscillating   [  20% ] 80/80 VUs  02m20.9s/12m00.0s

running (02m21.9s), 80/80 VUs, 2353 complete and 0 interrupted iterations
oscillating   [  20% ] 80/80 VUs  02m21.9s/12m00.0s

running (02m22.9s), 80/80 VUs, 2375 complete and 0 interrupted iterations
oscillating   [  20% ] 80/80 VUs  02m22.9s/12m00.0s

running (02m23.9s), 80/80 VUs, 2402 complete and 0 interrupted iterations
oscillating   [  20% ] 80/80 VUs  02m23.9s/12m00.0s

running (02m24.9s), 80/80 VUs, 2427 complete and 0 interrupted iterations
oscillating   [  20% ] 80/80 VUs  02m24.9s/12m00.0s

running (02m25.9s), 80/80 VUs, 2454 complete and 0 interrupted iterations
oscillating   [  20% ] 80/80 VUs  02m25.9s/12m00.0s

running (02m26.9s), 80/80 VUs, 2481 complete and 0 interrupted iterations
oscillating   [  20% ] 80/80 VUs  02m26.9s/12m00.0s

running (02m27.9s), 80/80 VUs, 2508 complete and 0 interrupted iterations
oscillating   [  21% ] 80/80 VUs  02m27.9s/12m00.0s

running (02m28.9s), 80/80 VUs, 2534 complete and 0 interrupted iterations
oscillating   [  21% ] 80/80 VUs  02m28.9s/12m00.0s

running (02m29.9s), 80/80 VUs, 2561 complete and 0 interrupted iterations
oscillating   [  21% ] 80/80 VUs  02m29.9s/12m00.0s

running (02m30.9s), 80/80 VUs, 2587 complete and 0 interrupted iterations
oscillating   [  21% ] 80/80 VUs  02m30.9s/12m00.0s

running (02m31.9s), 80/80 VUs, 2614 complete and 0 interrupted iterations
oscillating   [  21% ] 80/80 VUs  02m31.9s/12m00.0s

running (02m32.9s), 80/80 VUs, 2641 complete and 0 interrupted iterations
oscillating   [  21% ] 80/80 VUs  02m32.9s/12m00.0s

running (02m33.9s), 80/80 VUs, 2667 complete and 0 interrupted iterations
oscillating   [  21% ] 80/80 VUs  02m33.9s/12m00.0s

running (02m34.9s), 80/80 VUs, 2693 complete and 0 interrupted iterations
oscillating   [  22% ] 80/80 VUs  02m34.9s/12m00.0s

running (02m35.9s), 80/80 VUs, 2719 complete and 0 interrupted iterations
oscillating   [  22% ] 80/80 VUs  02m35.9s/12m00.0s

running (02m36.9s), 80/80 VUs, 2728 complete and 0 interrupted iterations
oscillating   [  22% ] 80/80 VUs  02m36.9s/12m00.0s

running (02m37.9s), 80/80 VUs, 2750 complete and 0 interrupted iterations
oscillating   [  22% ] 80/80 VUs  02m37.9s/12m00.0s

running (02m38.9s), 80/80 VUs, 2776 complete and 0 interrupted iterations
oscillating   [  22% ] 80/80 VUs  02m38.9s/12m00.0s

running (02m39.9s), 80/80 VUs, 2802 complete and 0 interrupted iterations
oscillating   [  22% ] 80/80 VUs  02m39.9s/12m00.0s

running (02m40.9s), 80/80 VUs, 2829 complete and 0 interrupted iterations
oscillating   [  22% ] 80/80 VUs  02m40.9s/12m00.0s

running (02m41.9s), 80/80 VUs, 2855 complete and 0 interrupted iterations
oscillating   [  22% ] 80/80 VUs  02m41.9s/12m00.0s

running (02m42.9s), 80/80 VUs, 2881 complete and 0 interrupted iterations
oscillating   [  23% ] 80/80 VUs  02m42.9s/12m00.0s

running (02m43.9s), 80/80 VUs, 2909 complete and 0 interrupted iterations
oscillating   [  23% ] 80/80 VUs  02m43.9s/12m00.0s

running (02m44.9s), 80/80 VUs, 2935 complete and 0 interrupted iterations
oscillating   [  23% ] 80/80 VUs  02m44.9s/12m00.0s

running (02m45.9s), 80/80 VUs, 2965 complete and 0 interrupted iterations
oscillating   [  23% ] 80/80 VUs  02m45.9s/12m00.0s

running (02m46.9s), 80/80 VUs, 2990 complete and 0 interrupted iterations
oscillating   [  23% ] 80/80 VUs  02m46.9s/12m00.0s

running (02m47.9s), 80/80 VUs, 3020 complete and 0 interrupted iterations
oscillating   [  23% ] 80/80 VUs  02m47.9s/12m00.0s

running (02m48.9s), 80/80 VUs, 3045 complete and 0 interrupted iterations
oscillating   [  23% ] 80/80 VUs  02m48.9s/12m00.0s

running (02m49.9s), 80/80 VUs, 3071 complete and 0 interrupted iterations
oscillating   [  24% ] 80/80 VUs  02m49.9s/12m00.0s

running (02m50.9s), 80/80 VUs, 3100 complete and 0 interrupted iterations
oscillating   [  24% ] 80/80 VUs  02m50.9s/12m00.0s

running (02m51.9s), 80/80 VUs, 3126 complete and 0 interrupted iterations
oscillating   [  24% ] 80/80 VUs  02m51.9s/12m00.0s

running (02m52.9s), 80/80 VUs, 3152 complete and 0 interrupted iterations
oscillating   [  24% ] 80/80 VUs  02m52.9s/12m00.0s

running (02m53.9s), 80/80 VUs, 3196 complete and 0 interrupted iterations
oscillating   [  24% ] 80/80 VUs  02m53.9s/12m00.0s

running (02m54.9s), 80/80 VUs, 3245 complete and 0 interrupted iterations
oscillating   [  24% ] 80/80 VUs  02m54.9s/12m00.0s

running (02m55.9s), 80/80 VUs, 3296 complete and 0 interrupted iterations
oscillating   [  24% ] 80/80 VUs  02m55.9s/12m00.0s

running (02m56.9s), 80/80 VUs, 3366 complete and 0 interrupted iterations
oscillating   [  25% ] 80/80 VUs  02m56.9s/12m00.0s

running (02m57.9s), 80/80 VUs, 3425 complete and 0 interrupted iterations
oscillating   [  25% ] 80/80 VUs  02m57.9s/12m00.0s

running (02m58.9s), 80/80 VUs, 3489 complete and 0 interrupted iterations
oscillating   [  25% ] 80/80 VUs  02m58.9s/12m00.0s

running (02m59.9s), 80/80 VUs, 3558 complete and 0 interrupted iterations
oscillating   [  25% ] 80/80 VUs  02m59.9s/12m00.0s

running (03m00.9s), 80/80 VUs, 3629 complete and 0 interrupted iterations
oscillating   [  25% ] 80/80 VUs  03m00.9s/12m00.0s

running (03m01.9s), 80/80 VUs, 3723 complete and 0 interrupted iterations
oscillating   [  25% ] 80/80 VUs  03m01.9s/12m00.0s

running (03m02.9s), 80/80 VUs, 3821 complete and 0 interrupted iterations
oscillating   [  25% ] 80/80 VUs  03m02.9s/12m00.0s

running (03m03.9s), 80/80 VUs, 3916 complete and 0 interrupted iterations
oscillating   [  26% ] 80/80 VUs  03m03.9s/12m00.0s

running (03m04.9s), 80/80 VUs, 4001 complete and 0 interrupted iterations
oscillating   [  26% ] 80/80 VUs  03m04.9s/12m00.0s

running (03m05.9s), 80/80 VUs, 4079 complete and 0 interrupted iterations
oscillating   [  26% ] 80/80 VUs  03m05.9s/12m00.0s

running (03m06.9s), 80/80 VUs, 4165 complete and 0 interrupted iterations
oscillating   [  26% ] 80/80 VUs  03m06.9s/12m00.0s

running (03m07.9s), 80/80 VUs, 4254 complete and 0 interrupted iterations
oscillating   [  26% ] 80/80 VUs  03m07.9s/12m00.0s

running (03m08.9s), 80/80 VUs, 4325 complete and 0 interrupted iterations
oscillating   [  26% ] 80/80 VUs  03m08.9s/12m00.0s

running (03m09.9s), 80/80 VUs, 4406 complete and 0 interrupted iterations
oscillating   [  26% ] 80/80 VUs  03m09.9s/12m00.0s

running (03m10.9s), 80/80 VUs, 4462 complete and 0 interrupted iterations
oscillating   [  27% ] 80/80 VUs  03m10.9s/12m00.0s

running (03m11.9s), 80/80 VUs, 4527 complete and 0 interrupted iterations
oscillating   [  27% ] 80/80 VUs  03m11.9s/12m00.0s

running (03m12.9s), 80/80 VUs, 4608 complete and 0 interrupted iterations
oscillating   [  27% ] 80/80 VUs  03m12.9s/12m00.0s

running (03m13.9s), 80/80 VUs, 4687 complete and 0 interrupted iterations
oscillating   [  27% ] 80/80 VUs  03m13.9s/12m00.0s

running (03m14.9s), 80/80 VUs, 4765 complete and 0 interrupted iterations
oscillating   [  27% ] 80/80 VUs  03m14.9s/12m00.0s

running (03m15.9s), 80/80 VUs, 4834 complete and 0 interrupted iterations
oscillating   [  27% ] 80/80 VUs  03m15.9s/12m00.0s

running (03m16.9s), 80/80 VUs, 4922 complete and 0 interrupted iterations
oscillating   [  27% ] 80/80 VUs  03m16.9s/12m00.0s

running (03m17.9s), 80/80 VUs, 5000 complete and 0 interrupted iterations
oscillating   [  27% ] 80/80 VUs  03m17.9s/12m00.0s

running (03m18.9s), 80/80 VUs, 5079 complete and 0 interrupted iterations
oscillating   [  28% ] 80/80 VUs  03m18.9s/12m00.0s

running (03m19.9s), 80/80 VUs, 5150 complete and 0 interrupted iterations
oscillating   [  28% ] 80/80 VUs  03m19.9s/12m00.0s

running (03m20.9s), 80/80 VUs, 5217 complete and 0 interrupted iterations
oscillating   [  28% ] 80/80 VUs  03m20.9s/12m00.0s

running (03m21.9s), 80/80 VUs, 5287 complete and 0 interrupted iterations
oscillating   [  28% ] 80/80 VUs  03m21.9s/12m00.0s

running (03m22.9s), 80/80 VUs, 5344 complete and 0 interrupted iterations
oscillating   [  28% ] 80/80 VUs  03m22.9s/12m00.0s

running (03m23.9s), 80/80 VUs, 5412 complete and 0 interrupted iterations
oscillating   [  28% ] 80/80 VUs  03m23.9s/12m00.0s

running (03m24.9s), 80/80 VUs, 5481 complete and 0 interrupted iterations
oscillating   [  28% ] 80/80 VUs  03m24.9s/12m00.0s

running (03m25.9s), 80/80 VUs, 5558 complete and 0 interrupted iterations
oscillating   [  29% ] 80/80 VUs  03m25.9s/12m00.0s

running (03m26.9s), 80/80 VUs, 5638 complete and 0 interrupted iterations
oscillating   [  29% ] 80/80 VUs  03m26.9s/12m00.0s

running (03m27.9s), 80/80 VUs, 5701 complete and 0 interrupted iterations
oscillating   [  29% ] 80/80 VUs  03m27.9s/12m00.0s

running (03m28.9s), 80/80 VUs, 5753 complete and 0 interrupted iterations
oscillating   [  29% ] 80/80 VUs  03m28.9s/12m00.0s

running (03m29.9s), 80/80 VUs, 5822 complete and 0 interrupted iterations
oscillating   [  29% ] 80/80 VUs  03m29.9s/12m00.0s

running (03m30.9s), 77/80 VUs, 5907 complete and 0 interrupted iterations
oscillating   [  29% ] 77/80 VUs  03m30.9s/12m00.0s

running (03m31.9s), 71/80 VUs, 6002 complete and 0 interrupted iterations
oscillating   [  29% ] 71/80 VUs  03m31.9s/12m00.0s

running (03m32.9s), 62/80 VUs, 6091 complete and 0 interrupted iterations
oscillating   [  30% ] 62/80 VUs  03m32.9s/12m00.0s

running (03m33.9s), 55/80 VUs, 6179 complete and 0 interrupted iterations
oscillating   [  30% ] 55/80 VUs  03m33.9s/12m00.0s

running (03m34.9s), 50/80 VUs, 6253 complete and 0 interrupted iterations
oscillating   [  30% ] 50/80 VUs  03m34.9s/12m00.0s

running (03m35.9s), 41/80 VUs, 6321 complete and 0 interrupted iterations
oscillating   [  30% ] 41/80 VUs  03m35.9s/12m00.0s

running (03m36.9s), 33/80 VUs, 6380 complete and 0 interrupted iterations
oscillating   [  30% ] 33/80 VUs  03m36.9s/12m00.0s

running (03m37.9s), 28/80 VUs, 6422 complete and 0 interrupted iterations
oscillating   [  30% ] 28/80 VUs  03m37.9s/12m00.0s

running (03m38.9s), 19/80 VUs, 6461 complete and 0 interrupted iterations
oscillating   [  30% ] 19/80 VUs  03m38.9s/12m00.0s

running (03m39.9s), 13/80 VUs, 6489 complete and 0 interrupted iterations
oscillating   [  31% ] 13/80 VUs  03m39.9s/12m00.0s

running (03m40.9s), 10/80 VUs, 6508 complete and 0 interrupted iterations
oscillating   [  31% ] 10/80 VUs  03m40.9s/12m00.0s

running (03m41.9s), 10/80 VUs, 6520 complete and 0 interrupted iterations
oscillating   [  31% ] 10/80 VUs  03m41.9s/12m00.0s

running (03m42.9s), 10/80 VUs, 6534 complete and 0 interrupted iterations
oscillating   [  31% ] 10/80 VUs  03m42.9s/12m00.0s

running (03m43.9s), 10/80 VUs, 6548 complete and 0 interrupted iterations
oscillating   [  31% ] 10/80 VUs  03m43.9s/12m00.0s

running (03m44.9s), 10/80 VUs, 6561 complete and 0 interrupted iterations
oscillating   [  31% ] 10/80 VUs  03m44.9s/12m00.0s

running (03m45.9s), 10/80 VUs, 6576 complete and 0 interrupted iterations
oscillating   [  31% ] 10/80 VUs  03m45.9s/12m00.0s

running (03m46.9s), 10/80 VUs, 6590 complete and 0 interrupted iterations
oscillating   [  32% ] 10/80 VUs  03m46.9s/12m00.0s

running (03m47.9s), 10/80 VUs, 6605 complete and 0 interrupted iterations
oscillating   [  32% ] 10/80 VUs  03m47.9s/12m00.0s

running (03m48.9s), 10/80 VUs, 6618 complete and 0 interrupted iterations
oscillating   [  32% ] 10/80 VUs  03m48.9s/12m00.0s

running (03m49.9s), 10/80 VUs, 6634 complete and 0 interrupted iterations
oscillating   [  32% ] 10/80 VUs  03m49.9s/12m00.0s

running (03m50.9s), 10/80 VUs, 6646 complete and 0 interrupted iterations
oscillating   [  32% ] 10/80 VUs  03m50.9s/12m00.0s

running (03m51.9s), 10/80 VUs, 6662 complete and 0 interrupted iterations
oscillating   [  32% ] 10/80 VUs  03m51.9s/12m00.0s

running (03m52.9s), 10/80 VUs, 6676 complete and 0 interrupted iterations
oscillating   [  32% ] 10/80 VUs  03m52.9s/12m00.0s

running (03m53.9s), 10/80 VUs, 6690 complete and 0 interrupted iterations
oscillating   [  32% ] 10/80 VUs  03m53.9s/12m00.0s

running (03m54.9s), 10/80 VUs, 6706 complete and 0 interrupted iterations
oscillating   [  33% ] 10/80 VUs  03m54.9s/12m00.0s

running (03m55.9s), 10/80 VUs, 6719 complete and 0 interrupted iterations
oscillating   [  33% ] 10/80 VUs  03m55.9s/12m00.0s

running (03m56.9s), 10/80 VUs, 6733 complete and 0 interrupted iterations
oscillating   [  33% ] 10/80 VUs  03m56.9s/12m00.0s

running (03m57.9s), 10/80 VUs, 6746 complete and 0 interrupted iterations
oscillating   [  33% ] 10/80 VUs  03m57.9s/12m00.0s

running (03m58.9s), 10/80 VUs, 6762 complete and 0 interrupted iterations
oscillating   [  33% ] 10/80 VUs  03m58.9s/12m00.0s

running (03m59.9s), 10/80 VUs, 6776 complete and 0 interrupted iterations
oscillating   [  33% ] 10/80 VUs  03m59.9s/12m00.0s

running (04m00.9s), 10/80 VUs, 6790 complete and 0 interrupted iterations
oscillating   [  33% ] 10/80 VUs  04m00.9s/12m00.0s

running (04m01.9s), 10/80 VUs, 6806 complete and 0 interrupted iterations
oscillating   [  34% ] 10/80 VUs  04m01.9s/12m00.0s

running (04m02.9s), 10/80 VUs, 6818 complete and 0 interrupted iterations
oscillating   [  34% ] 10/80 VUs  04m02.9s/12m00.0s

running (04m03.9s), 10/80 VUs, 6834 complete and 0 interrupted iterations
oscillating   [  34% ] 10/80 VUs  04m03.9s/12m00.0s

running (04m04.9s), 10/80 VUs, 6847 complete and 0 interrupted iterations
oscillating   [  34% ] 10/80 VUs  04m04.9s/12m00.0s

running (04m05.9s), 10/80 VUs, 6861 complete and 0 interrupted iterations
oscillating   [  34% ] 10/80 VUs  04m05.9s/12m00.0s

running (04m06.9s), 10/80 VUs, 6875 complete and 0 interrupted iterations
oscillating   [  34% ] 10/80 VUs  04m06.9s/12m00.0s

running (04m07.9s), 10/80 VUs, 6889 complete and 0 interrupted iterations
oscillating   [  34% ] 10/80 VUs  04m07.9s/12m00.0s

running (04m08.9s), 10/80 VUs, 6906 complete and 0 interrupted iterations
oscillating   [  35% ] 10/80 VUs  04m08.9s/12m00.0s

running (04m09.9s), 10/80 VUs, 6917 complete and 0 interrupted iterations
oscillating   [  35% ] 10/80 VUs  04m09.9s/12m00.0s

running (04m10.9s), 10/80 VUs, 6934 complete and 0 interrupted iterations
oscillating   [  35% ] 10/80 VUs  04m10.9s/12m00.0s

running (04m11.9s), 10/80 VUs, 6946 complete and 0 interrupted iterations
oscillating   [  35% ] 10/80 VUs  04m11.9s/12m00.0s

running (04m12.9s), 10/80 VUs, 6961 complete and 0 interrupted iterations
oscillating   [  35% ] 10/80 VUs  04m12.9s/12m00.0s

running (04m13.9s), 10/80 VUs, 6973 complete and 0 interrupted iterations
oscillating   [  35% ] 10/80 VUs  04m13.9s/12m00.0s

running (04m14.9s), 10/80 VUs, 6987 complete and 0 interrupted iterations
oscillating   [  35% ] 10/80 VUs  04m14.9s/12m00.0s

running (04m15.9s), 10/80 VUs, 7002 complete and 0 interrupted iterations
oscillating   [  36% ] 10/80 VUs  04m15.9s/12m00.0s

running (04m16.9s), 10/80 VUs, 7014 complete and 0 interrupted iterations
oscillating   [  36% ] 10/80 VUs  04m16.9s/12m00.0s

running (04m17.9s), 10/80 VUs, 7029 complete and 0 interrupted iterations
oscillating   [  36% ] 10/80 VUs  04m17.9s/12m00.0s

running (04m18.9s), 10/80 VUs, 7043 complete and 0 interrupted iterations
oscillating   [  36% ] 10/80 VUs  04m18.9s/12m00.0s

running (04m19.9s), 10/80 VUs, 7057 complete and 0 interrupted iterations
oscillating   [  36% ] 10/80 VUs  04m19.9s/12m00.0s

running (04m20.9s), 10/80 VUs, 7069 complete and 0 interrupted iterations
oscillating   [  36% ] 10/80 VUs  04m20.9s/12m00.0s

running (04m21.9s), 10/80 VUs, 7084 complete and 0 interrupted iterations
oscillating   [  36% ] 10/80 VUs  04m21.9s/12m00.0s

running (04m22.9s), 10/80 VUs, 7099 complete and 0 interrupted iterations
oscillating   [  37% ] 10/80 VUs  04m22.9s/12m00.0s

running (04m23.9s), 10/80 VUs, 7113 complete and 0 interrupted iterations
oscillating   [  37% ] 10/80 VUs  04m23.9s/12m00.0s

running (04m24.9s), 10/80 VUs, 7129 complete and 0 interrupted iterations
oscillating   [  37% ] 10/80 VUs  04m24.9s/12m00.0s

running (04m25.9s), 10/80 VUs, 7142 complete and 0 interrupted iterations
oscillating   [  37% ] 10/80 VUs  04m25.9s/12m00.0s

running (04m26.9s), 10/80 VUs, 7155 complete and 0 interrupted iterations
oscillating   [  37% ] 10/80 VUs  04m26.9s/12m00.0s

running (04m27.9s), 10/80 VUs, 7170 complete and 0 interrupted iterations
oscillating   [  37% ] 10/80 VUs  04m27.9s/12m00.0s

running (04m28.9s), 10/80 VUs, 7182 complete and 0 interrupted iterations
oscillating   [  37% ] 10/80 VUs  04m28.9s/12m00.0s

running (04m29.9s), 10/80 VUs, 7196 complete and 0 interrupted iterations
oscillating   [  37% ] 10/80 VUs  04m29.9s/12m00.0s

running (04m30.9s), 10/80 VUs, 7213 complete and 0 interrupted iterations
oscillating   [  38% ] 10/80 VUs  04m30.9s/12m00.0s

running (04m31.9s), 10/80 VUs, 7225 complete and 0 interrupted iterations
oscillating   [  38% ] 10/80 VUs  04m31.9s/12m00.0s

running (04m32.9s), 10/80 VUs, 7240 complete and 0 interrupted iterations
oscillating   [  38% ] 10/80 VUs  04m32.9s/12m00.0s

running (04m33.9s), 10/80 VUs, 7253 complete and 0 interrupted iterations
oscillating   [  38% ] 10/80 VUs  04m33.9s/12m00.0s

running (04m34.9s), 10/80 VUs, 7268 complete and 0 interrupted iterations
oscillating   [  38% ] 10/80 VUs  04m34.9s/12m00.0s

running (04m35.9s), 10/80 VUs, 7281 complete and 0 interrupted iterations
oscillating   [  38% ] 10/80 VUs  04m35.9s/12m00.0s

running (04m36.9s), 10/80 VUs, 7297 complete and 0 interrupted iterations
oscillating   [  38% ] 10/80 VUs  04m36.9s/12m00.0s

running (04m37.9s), 10/80 VUs, 7310 complete and 0 interrupted iterations
oscillating   [  39% ] 10/80 VUs  04m37.9s/12m00.0s

running (04m38.9s), 10/80 VUs, 7325 complete and 0 interrupted iterations
oscillating   [  39% ] 10/80 VUs  04m38.9s/12m00.0s

running (04m39.9s), 10/80 VUs, 7340 complete and 0 interrupted iterations
oscillating   [  39% ] 10/80 VUs  04m39.9s/12m00.0s

running (04m40.9s), 10/80 VUs, 7353 complete and 0 interrupted iterations
oscillating   [  39% ] 10/80 VUs  04m40.9s/12m00.0s

running (04m41.9s), 10/80 VUs, 7368 complete and 0 interrupted iterations
oscillating   [  39% ] 10/80 VUs  04m41.9s/12m00.0s

running (04m42.9s), 10/80 VUs, 7380 complete and 0 interrupted iterations
oscillating   [  39% ] 10/80 VUs  04m42.9s/12m00.0s

running (04m43.9s), 10/80 VUs, 7394 complete and 0 interrupted iterations
oscillating   [  39% ] 10/80 VUs  04m43.9s/12m00.0s

running (04m44.9s), 10/80 VUs, 7409 complete and 0 interrupted iterations
oscillating   [  40% ] 10/80 VUs  04m44.9s/12m00.0s

running (04m45.9s), 10/80 VUs, 7422 complete and 0 interrupted iterations
oscillating   [  40% ] 10/80 VUs  04m45.9s/12m00.0s

running (04m46.9s), 10/80 VUs, 7440 complete and 0 interrupted iterations
oscillating   [  40% ] 10/80 VUs  04m46.9s/12m00.0s

running (04m47.9s), 10/80 VUs, 7452 complete and 0 interrupted iterations
oscillating   [  40% ] 10/80 VUs  04m47.9s/12m00.0s

running (04m48.9s), 10/80 VUs, 7466 complete and 0 interrupted iterations
oscillating   [  40% ] 10/80 VUs  04m48.9s/12m00.0s

running (04m49.9s), 10/80 VUs, 7481 complete and 0 interrupted iterations
oscillating   [  40% ] 10/80 VUs  04m49.9s/12m00.0s

running (04m50.9s), 10/80 VUs, 7494 complete and 0 interrupted iterations
oscillating   [  40% ] 10/80 VUs  04m50.9s/12m00.0s

running (04m51.9s), 10/80 VUs, 7508 complete and 0 interrupted iterations
oscillating   [  41% ] 10/80 VUs  04m51.9s/12m00.0s

running (04m52.9s), 10/80 VUs, 7524 complete and 0 interrupted iterations
oscillating   [  41% ] 10/80 VUs  04m52.9s/12m00.0s

running (04m53.9s), 10/80 VUs, 7537 complete and 0 interrupted iterations
oscillating   [  41% ] 10/80 VUs  04m53.9s/12m00.0s

running (04m54.9s), 10/80 VUs, 7551 complete and 0 interrupted iterations
oscillating   [  41% ] 10/80 VUs  04m54.9s/12m00.0s

running (04m55.9s), 10/80 VUs, 7565 complete and 0 interrupted iterations
oscillating   [  41% ] 10/80 VUs  04m55.9s/12m00.0s

running (04m56.9s), 10/80 VUs, 7578 complete and 0 interrupted iterations
oscillating   [  41% ] 10/80 VUs  04m56.9s/12m00.0s

running (04m57.9s), 10/80 VUs, 7594 complete and 0 interrupted iterations
oscillating   [  41% ] 10/80 VUs  04m57.9s/12m00.0s

running (04m58.9s), 10/80 VUs, 7606 complete and 0 interrupted iterations
oscillating   [  42% ] 10/80 VUs  04m58.9s/12m00.0s

running (04m59.9s), 10/80 VUs, 7622 complete and 0 interrupted iterations
oscillating   [  42% ] 10/80 VUs  04m59.9s/12m00.0s

running (05m00.9s), 16/80 VUs, 7636 complete and 0 interrupted iterations
oscillating   [  42% ] 16/80 VUs  05m00.9s/12m00.0s

running (05m01.9s), 23/80 VUs, 7662 complete and 0 interrupted iterations
oscillating   [  42% ] 23/80 VUs  05m01.9s/12m00.0s

running (05m02.9s), 30/80 VUs, 7693 complete and 0 interrupted iterations
oscillating   [  42% ] 30/80 VUs  05m02.9s/12m00.0s

running (05m03.9s), 37/80 VUs, 7738 complete and 0 interrupted iterations
oscillating   [  42% ] 37/80 VUs  05m03.9s/12m00.0s

running (05m04.9s), 44/80 VUs, 7792 complete and 0 interrupted iterations
oscillating   [  42% ] 44/80 VUs  05m04.9s/12m00.0s

running (05m05.9s), 51/80 VUs, 7854 complete and 0 interrupted iterations
oscillating   [  42% ] 51/80 VUs  05m05.9s/12m00.0s

running (05m06.9s), 58/80 VUs, 7933 complete and 0 interrupted iterations
oscillating   [  43% ] 58/80 VUs  05m06.9s/12m00.0s

running (05m07.9s), 65/80 VUs, 8016 complete and 0 interrupted iterations
oscillating   [  43% ] 65/80 VUs  05m07.9s/12m00.0s

running (05m08.9s), 72/80 VUs, 8106 complete and 0 interrupted iterations
oscillating   [  43% ] 72/80 VUs  05m08.9s/12m00.0s

running (05m09.9s), 79/80 VUs, 8215 complete and 0 interrupted iterations
oscillating   [  43% ] 79/80 VUs  05m09.9s/12m00.0s

running (05m10.9s), 80/80 VUs, 8324 complete and 0 interrupted iterations
oscillating   [  43% ] 80/80 VUs  05m10.9s/12m00.0s

running (05m11.9s), 80/80 VUs, 8432 complete and 0 interrupted iterations
oscillating   [  43% ] 80/80 VUs  05m11.9s/12m00.0s

running (05m12.9s), 80/80 VUs, 8554 complete and 0 interrupted iterations
oscillating   [  43% ] 80/80 VUs  05m12.9s/12m00.0s

running (05m13.9s), 80/80 VUs, 8657 complete and 0 interrupted iterations
oscillating   [  44% ] 80/80 VUs  05m13.9s/12m00.0s

running (05m14.9s), 80/80 VUs, 8771 complete and 0 interrupted iterations
oscillating   [  44% ] 80/80 VUs  05m14.9s/12m00.0s

running (05m15.9s), 80/80 VUs, 8887 complete and 0 interrupted iterations
oscillating   [  44% ] 80/80 VUs  05m15.9s/12m00.0s

running (05m16.9s), 80/80 VUs, 8997 complete and 0 interrupted iterations
oscillating   [  44% ] 80/80 VUs  05m16.9s/12m00.0s

running (05m17.9s), 80/80 VUs, 9112 complete and 0 interrupted iterations
oscillating   [  44% ] 80/80 VUs  05m17.9s/12m00.0s

running (05m18.9s), 80/80 VUs, 9225 complete and 0 interrupted iterations
oscillating   [  44% ] 80/80 VUs  05m18.9s/12m00.0s

running (05m19.9s), 80/80 VUs, 9335 complete and 0 interrupted iterations
oscillating   [  44% ] 80/80 VUs  05m19.9s/12m00.0s

running (05m20.9s), 80/80 VUs, 9448 complete and 0 interrupted iterations
oscillating   [  45% ] 80/80 VUs  05m20.9s/12m00.0s

running (05m21.9s), 80/80 VUs, 9566 complete and 0 interrupted iterations
oscillating   [  45% ] 80/80 VUs  05m21.9s/12m00.0s

running (05m22.9s), 80/80 VUs, 9677 complete and 0 interrupted iterations
oscillating   [  45% ] 80/80 VUs  05m22.9s/12m00.0s

running (05m23.9s), 80/80 VUs, 9791 complete and 0 interrupted iterations
oscillating   [  45% ] 80/80 VUs  05m23.9s/12m00.0s

running (05m24.9s), 80/80 VUs, 9900 complete and 0 interrupted iterations
oscillating   [  45% ] 80/80 VUs  05m24.9s/12m00.0s

running (05m25.9s), 80/80 VUs, 10016 complete and 0 interrupted iterations
oscillating   [  45% ] 80/80 VUs  05m25.9s/12m00.0s

running (05m26.9s), 80/80 VUs, 10129 complete and 0 interrupted iterations
oscillating   [  45% ] 80/80 VUs  05m26.9s/12m00.0s

running (05m27.9s), 80/80 VUs, 10243 complete and 0 interrupted iterations
oscillating   [  46% ] 80/80 VUs  05m27.9s/12m00.0s

running (05m28.9s), 80/80 VUs, 10348 complete and 0 interrupted iterations
oscillating   [  46% ] 80/80 VUs  05m28.9s/12m00.0s

running (05m29.9s), 80/80 VUs, 10465 complete and 0 interrupted iterations
oscillating   [  46% ] 80/80 VUs  05m29.9s/12m00.0s

running (05m30.9s), 80/80 VUs, 10578 complete and 0 interrupted iterations
oscillating   [  46% ] 80/80 VUs  05m30.9s/12m00.0s

running (05m31.9s), 80/80 VUs, 10688 complete and 0 interrupted iterations
oscillating   [  46% ] 80/80 VUs  05m31.9s/12m00.0s

running (05m32.9s), 80/80 VUs, 10799 complete and 0 interrupted iterations
oscillating   [  46% ] 80/80 VUs  05m32.9s/12m00.0s

running (05m33.9s), 80/80 VUs, 10907 complete and 0 interrupted iterations
oscillating   [  46% ] 80/80 VUs  05m33.9s/12m00.0s

running (05m34.9s), 80/80 VUs, 11028 complete and 0 interrupted iterations
oscillating   [  47% ] 80/80 VUs  05m34.9s/12m00.0s

running (05m35.9s), 80/80 VUs, 11143 complete and 0 interrupted iterations
oscillating   [  47% ] 80/80 VUs  05m35.9s/12m00.0s

running (05m36.9s), 80/80 VUs, 11255 complete and 0 interrupted iterations
oscillating   [  47% ] 80/80 VUs  05m36.9s/12m00.0s

running (05m37.9s), 80/80 VUs, 11365 complete and 0 interrupted iterations
oscillating   [  47% ] 80/80 VUs  05m37.9s/12m00.0s

running (05m38.9s), 80/80 VUs, 11483 complete and 0 interrupted iterations
oscillating   [  47% ] 80/80 VUs  05m38.9s/12m00.0s

running (05m39.9s), 80/80 VUs, 11594 complete and 0 interrupted iterations
oscillating   [  47% ] 80/80 VUs  05m39.9s/12m00.0s

running (05m40.9s), 80/80 VUs, 11708 complete and 0 interrupted iterations
oscillating   [  47% ] 80/80 VUs  05m40.9s/12m00.0s

running (05m41.9s), 80/80 VUs, 11820 complete and 0 interrupted iterations
oscillating   [  47% ] 80/80 VUs  05m41.9s/12m00.0s

running (05m42.9s), 80/80 VUs, 11932 complete and 0 interrupted iterations
oscillating   [  48% ] 80/80 VUs  05m42.9s/12m00.0s

running (05m43.9s), 80/80 VUs, 12043 complete and 0 interrupted iterations
oscillating   [  48% ] 80/80 VUs  05m43.9s/12m00.0s

running (05m44.9s), 80/80 VUs, 12160 complete and 0 interrupted iterations
oscillating   [  48% ] 80/80 VUs  05m44.9s/12m00.0s

running (05m45.9s), 80/80 VUs, 12273 complete and 0 interrupted iterations
oscillating   [  48% ] 80/80 VUs  05m45.9s/12m00.0s

running (05m46.9s), 80/80 VUs, 12387 complete and 0 interrupted iterations
oscillating   [  48% ] 80/80 VUs  05m46.9s/12m00.0s

running (05m47.9s), 80/80 VUs, 12498 complete and 0 interrupted iterations
oscillating   [  48% ] 80/80 VUs  05m47.9s/12m00.0s

running (05m48.9s), 80/80 VUs, 12609 complete and 0 interrupted iterations
oscillating   [  48% ] 80/80 VUs  05m48.9s/12m00.0s
time="2026-08-16T00:58:09Z" level=warning msg="Request Failed" error="Post \"http://shipping-rate-service.ecommerce.svc.cluster.local:8006/shipping/quotes\": dial tcp 10.0.103.208:8006: connect: connection refused"

running (05m50.0s), 80/80 VUs, 12721 complete and 0 interrupted iterations
oscillating   [  49% ] 80/80 VUs  05m50.0s/12m00.0s

running (05m50.9s), 80/80 VUs, 12831 complete and 0 interrupted iterations
oscillating   [  49% ] 80/80 VUs  05m50.9s/12m00.0s

running (05m51.9s), 80/80 VUs, 12943 complete and 0 interrupted iterations
oscillating   [  49% ] 80/80 VUs  05m51.9s/12m00.0s

running (05m52.9s), 80/80 VUs, 13048 complete and 0 interrupted iterations
oscillating   [  49% ] 80/80 VUs  05m52.9s/12m00.0s

running (05m53.9s), 80/80 VUs, 13159 complete and 0 interrupted iterations
oscillating   [  49% ] 80/80 VUs  05m53.9s/12m00.0s

running (05m54.9s), 80/80 VUs, 13274 complete and 0 interrupted iterations
oscillating   [  49% ] 80/80 VUs  05m54.9s/12m00.0s

running (05m55.9s), 80/80 VUs, 13383 complete and 0 interrupted iterations
oscillating   [  49% ] 80/80 VUs  05m55.9s/12m00.0s

running (05m56.9s), 80/80 VUs, 13497 complete and 0 interrupted iterations
oscillating   [  50% ] 80/80 VUs  05m56.9s/12m00.0s

running (05m57.9s), 80/80 VUs, 13603 complete and 0 interrupted iterations
oscillating   [  50% ] 80/80 VUs  05m57.9s/12m00.0s

running (05m58.9s), 80/80 VUs, 13715 complete and 0 interrupted iterations
oscillating   [  50% ] 80/80 VUs  05m58.9s/12m00.0s

running (05m59.9s), 80/80 VUs, 13830 complete and 0 interrupted iterations
oscillating   [  50% ] 80/80 VUs  05m59.9s/12m00.0s

running (06m00.9s), 80/80 VUs, 13940 complete and 0 interrupted iterations
oscillating   [  50% ] 80/80 VUs  06m00.9s/12m00.0s

running (06m01.9s), 80/80 VUs, 14059 complete and 0 interrupted iterations
oscillating   [  50% ] 80/80 VUs  06m01.9s/12m00.0s

running (06m02.9s), 80/80 VUs, 14169 complete and 0 interrupted iterations
oscillating   [  50% ] 80/80 VUs  06m02.9s/12m00.0s

running (06m03.9s), 80/80 VUs, 14278 complete and 0 interrupted iterations
oscillating   [  51% ] 80/80 VUs  06m03.9s/12m00.0s

running (06m04.9s), 80/80 VUs, 14398 complete and 0 interrupted iterations
oscillating   [  51% ] 80/80 VUs  06m04.9s/12m00.0s

running (06m05.9s), 80/80 VUs, 14506 complete and 0 interrupted iterations
oscillating   [  51% ] 80/80 VUs  06m05.9s/12m00.0s

running (06m06.9s), 80/80 VUs, 14621 complete and 0 interrupted iterations
oscillating   [  51% ] 80/80 VUs  06m06.9s/12m00.0s

running (06m07.9s), 80/80 VUs, 14733 complete and 0 interrupted iterations
oscillating   [  51% ] 80/80 VUs  06m07.9s/12m00.0s

running (06m08.9s), 80/80 VUs, 14834 complete and 0 interrupted iterations
oscillating   [  51% ] 80/80 VUs  06m08.9s/12m00.0s

running (06m09.9s), 80/80 VUs, 14945 complete and 0 interrupted iterations
oscillating   [  51% ] 80/80 VUs  06m09.9s/12m00.0s

running (06m10.9s), 80/80 VUs, 15059 complete and 0 interrupted iterations
oscillating   [  52% ] 80/80 VUs  06m10.9s/12m00.0s

running (06m11.9s), 80/80 VUs, 15169 complete and 0 interrupted iterations
oscillating   [  52% ] 80/80 VUs  06m11.9s/12m00.0s

running (06m12.9s), 80/80 VUs, 15280 complete and 0 interrupted iterations
oscillating   [  52% ] 80/80 VUs  06m12.9s/12m00.0s

running (06m13.9s), 80/80 VUs, 15398 complete and 0 interrupted iterations
oscillating   [  52% ] 80/80 VUs  06m13.9s/12m00.0s

running (06m14.9s), 80/80 VUs, 15504 complete and 0 interrupted iterations
oscillating   [  52% ] 80/80 VUs  06m14.9s/12m00.0s

running (06m15.9s), 80/80 VUs, 15616 complete and 0 interrupted iterations
oscillating   [  52% ] 80/80 VUs  06m15.9s/12m00.0s

running (06m16.9s), 80/80 VUs, 15731 complete and 0 interrupted iterations
oscillating   [  52% ] 80/80 VUs  06m16.9s/12m00.0s

running (06m17.9s), 80/80 VUs, 15844 complete and 0 interrupted iterations
oscillating   [  52% ] 80/80 VUs  06m17.9s/12m00.0s

running (06m18.9s), 80/80 VUs, 15955 complete and 0 interrupted iterations
oscillating   [  53% ] 80/80 VUs  06m18.9s/12m00.0s

running (06m19.9s), 80/80 VUs, 16069 complete and 0 interrupted iterations
oscillating   [  53% ] 80/80 VUs  06m19.9s/12m00.0s

running (06m20.9s), 80/80 VUs, 16173 complete and 0 interrupted iterations
oscillating   [  53% ] 80/80 VUs  06m20.9s/12m00.0s

running (06m21.9s), 80/80 VUs, 16274 complete and 0 interrupted iterations
oscillating   [  53% ] 80/80 VUs  06m21.9s/12m00.0s

running (06m22.9s), 80/80 VUs, 16357 complete and 0 interrupted iterations
oscillating   [  53% ] 80/80 VUs  06m22.9s/12m00.0s

running (06m23.9s), 80/80 VUs, 16436 complete and 0 interrupted iterations
oscillating   [  53% ] 80/80 VUs  06m23.9s/12m00.0s

running (06m24.9s), 80/80 VUs, 16500 complete and 0 interrupted iterations
oscillating   [  53% ] 80/80 VUs  06m24.9s/12m00.0s

running (06m25.9s), 80/80 VUs, 16565 complete and 0 interrupted iterations
oscillating   [  54% ] 80/80 VUs  06m25.9s/12m00.0s

running (06m26.9s), 80/80 VUs, 16622 complete and 0 interrupted iterations
oscillating   [  54% ] 80/80 VUs  06m26.9s/12m00.0s

running (06m27.9s), 80/80 VUs, 16676 complete and 0 interrupted iterations
oscillating   [  54% ] 80/80 VUs  06m27.9s/12m00.0s

running (06m28.9s), 80/80 VUs, 16752 complete and 0 interrupted iterations
oscillating   [  54% ] 80/80 VUs  06m28.9s/12m00.0s

running (06m29.9s), 80/80 VUs, 16840 complete and 0 interrupted iterations
oscillating   [  54% ] 80/80 VUs  06m29.9s/12m00.0s

running (06m30.9s), 76/80 VUs, 16924 complete and 0 interrupted iterations
oscillating   [  54% ] 76/80 VUs  06m30.9s/12m00.0s

running (06m31.9s), 70/80 VUs, 17009 complete and 0 interrupted iterations
oscillating   [  54% ] 70/80 VUs  06m31.9s/12m00.0s

running (06m32.9s), 62/80 VUs, 17090 complete and 0 interrupted iterations
oscillating   [  55% ] 62/80 VUs  06m32.9s/12m00.0s

running (06m33.9s), 56/80 VUs, 17173 complete and 0 interrupted iterations
oscillating   [  55% ] 56/80 VUs  06m33.9s/12m00.0s

running (06m34.9s), 47/80 VUs, 17250 complete and 0 interrupted iterations
oscillating   [  55% ] 47/80 VUs  06m34.9s/12m00.0s

running (06m35.9s), 42/80 VUs, 17316 complete and 0 interrupted iterations
oscillating   [  55% ] 42/80 VUs  06m35.9s/12m00.0s

running (06m36.9s), 35/80 VUs, 17373 complete and 0 interrupted iterations
oscillating   [  55% ] 35/80 VUs  06m36.9s/12m00.0s

running (06m37.9s), 27/80 VUs, 17418 complete and 0 interrupted iterations
oscillating   [  55% ] 27/80 VUs  06m37.9s/12m00.0s

running (06m38.9s), 20/80 VUs, 17455 complete and 0 interrupted iterations
oscillating   [  55% ] 20/80 VUs  06m38.9s/12m00.0s

running (06m39.9s), 14/80 VUs, 17482 complete and 0 interrupted iterations
oscillating   [  56% ] 14/80 VUs  06m39.9s/12m00.0s

running (06m40.9s), 10/80 VUs, 17500 complete and 0 interrupted iterations
oscillating   [  56% ] 10/80 VUs  06m40.9s/12m00.0s

running (06m41.9s), 10/80 VUs, 17515 complete and 0 interrupted iterations
oscillating   [  56% ] 10/80 VUs  06m41.9s/12m00.0s

running (06m42.9s), 10/80 VUs, 17529 complete and 0 interrupted iterations
oscillating   [  56% ] 10/80 VUs  06m42.9s/12m00.0s

running (06m43.9s), 10/80 VUs, 17543 complete and 0 interrupted iterations
oscillating   [  56% ] 10/80 VUs  06m43.9s/12m00.0s

running (06m44.9s), 10/80 VUs, 17558 complete and 0 interrupted iterations
oscillating   [  56% ] 10/80 VUs  06m44.9s/12m00.0s

running (06m45.9s), 10/80 VUs, 17571 complete and 0 interrupted iterations
oscillating   [  56% ] 10/80 VUs  06m45.9s/12m00.0s

running (06m46.9s), 10/80 VUs, 17586 complete and 0 interrupted iterations
oscillating   [  57% ] 10/80 VUs  06m46.9s/12m00.0s

running (06m47.9s), 10/80 VUs, 17599 complete and 0 interrupted iterations
oscillating   [  57% ] 10/80 VUs  06m47.9s/12m00.0s

running (06m48.9s), 10/80 VUs, 17613 complete and 0 interrupted iterations
oscillating   [  57% ] 10/80 VUs  06m48.9s/12m00.0s

running (06m49.9s), 10/80 VUs, 17628 complete and 0 interrupted iterations
oscillating   [  57% ] 10/80 VUs  06m49.9s/12m00.0s

running (06m50.9s), 10/80 VUs, 17642 complete and 0 interrupted iterations
oscillating   [  57% ] 10/80 VUs  06m50.9s/12m00.0s

running (06m51.9s), 10/80 VUs, 17657 complete and 0 interrupted iterations
oscillating   [  57% ] 10/80 VUs  06m51.9s/12m00.0s

running (06m52.9s), 10/80 VUs, 17671 complete and 0 interrupted iterations
oscillating   [  57% ] 10/80 VUs  06m52.9s/12m00.0s

running (06m53.9s), 10/80 VUs, 17684 complete and 0 interrupted iterations
oscillating   [  57% ] 10/80 VUs  06m53.9s/12m00.0s

running (06m54.9s), 10/80 VUs, 17699 complete and 0 interrupted iterations
oscillating   [  58% ] 10/80 VUs  06m54.9s/12m00.0s

running (06m55.9s), 10/80 VUs, 17714 complete and 0 interrupted iterations
oscillating   [  58% ] 10/80 VUs  06m55.9s/12m00.0s

running (06m56.9s), 10/80 VUs, 17728 complete and 0 interrupted iterations
oscillating   [  58% ] 10/80 VUs  06m56.9s/12m00.0s

running (06m57.9s), 10/80 VUs, 17742 complete and 0 interrupted iterations
oscillating   [  58% ] 10/80 VUs  06m57.9s/12m00.0s

running (06m58.9s), 10/80 VUs, 17756 complete and 0 interrupted iterations
oscillating   [  58% ] 10/80 VUs  06m58.9s/12m00.0s

running (06m59.9s), 10/80 VUs, 17770 complete and 0 interrupted iterations
oscillating   [  58% ] 10/80 VUs  06m59.9s/12m00.0s

running (07m00.9s), 10/80 VUs, 17783 complete and 0 interrupted iterations
oscillating   [  58% ] 10/80 VUs  07m00.9s/12m00.0s

running (07m01.9s), 10/80 VUs, 17799 complete and 0 interrupted iterations
oscillating   [  59% ] 10/80 VUs  07m01.9s/12m00.0s

running (07m02.9s), 10/80 VUs, 17813 complete and 0 interrupted iterations
oscillating   [  59% ] 10/80 VUs  07m02.9s/12m00.0s

running (07m03.9s), 10/80 VUs, 17826 complete and 0 interrupted iterations
oscillating   [  59% ] 10/80 VUs  07m03.9s/12m00.0s

running (07m04.9s), 10/80 VUs, 17843 complete and 0 interrupted iterations
oscillating   [  59% ] 10/80 VUs  07m04.9s/12m00.0s

running (07m05.9s), 10/80 VUs, 17856 complete and 0 interrupted iterations
oscillating   [  59% ] 10/80 VUs  07m05.9s/12m00.0s

running (07m06.9s), 10/80 VUs, 17872 complete and 0 interrupted iterations
oscillating   [  59% ] 10/80 VUs  07m06.9s/12m00.0s

running (07m07.9s), 10/80 VUs, 17886 complete and 0 interrupted iterations
oscillating   [  59% ] 10/80 VUs  07m07.9s/12m00.0s

running (07m08.9s), 10/80 VUs, 17899 complete and 0 interrupted iterations
oscillating   [  60% ] 10/80 VUs  07m08.9s/12m00.0s

running (07m09.9s), 10/80 VUs, 17911 complete and 0 interrupted iterations
oscillating   [  60% ] 10/80 VUs  07m09.9s/12m00.0s

running (07m10.9s), 10/80 VUs, 17928 complete and 0 interrupted iterations
oscillating   [  60% ] 10/80 VUs  07m10.9s/12m00.0s

running (07m11.9s), 10/80 VUs, 17940 complete and 0 interrupted iterations
oscillating   [  60% ] 10/80 VUs  07m11.9s/12m00.0s

running (07m12.9s), 10/80 VUs, 17953 complete and 0 interrupted iterations
oscillating   [  60% ] 10/80 VUs  07m12.9s/12m00.0s

running (07m13.9s), 10/80 VUs, 17967 complete and 0 interrupted iterations
oscillating   [  60% ] 10/80 VUs  07m13.9s/12m00.0s

running (07m14.9s), 10/80 VUs, 17981 complete and 0 interrupted iterations
oscillating   [  60% ] 10/80 VUs  07m14.9s/12m00.0s

running (07m15.9s), 10/80 VUs, 17996 complete and 0 interrupted iterations
oscillating   [  61% ] 10/80 VUs  07m15.9s/12m00.0s

running (07m16.9s), 10/80 VUs, 18009 complete and 0 interrupted iterations
oscillating   [  61% ] 10/80 VUs  07m16.9s/12m00.0s

running (07m17.9s), 10/80 VUs, 18023 complete and 0 interrupted iterations
oscillating   [  61% ] 10/80 VUs  07m17.9s/12m00.0s

running (07m18.9s), 10/80 VUs, 18039 complete and 0 interrupted iterations
oscillating   [  61% ] 10/80 VUs  07m18.9s/12m00.0s

running (07m19.9s), 10/80 VUs, 18052 complete and 0 interrupted iterations
oscillating   [  61% ] 10/80 VUs  07m19.9s/12m00.0s

running (07m20.9s), 10/80 VUs, 18066 complete and 0 interrupted iterations
oscillating   [  61% ] 10/80 VUs  07m20.9s/12m00.0s

running (07m21.9s), 10/80 VUs, 18080 complete and 0 interrupted iterations
oscillating   [  61% ] 10/80 VUs  07m21.9s/12m00.0s

running (07m22.9s), 10/80 VUs, 18094 complete and 0 interrupted iterations
oscillating   [  62% ] 10/80 VUs  07m22.9s/12m00.0s

running (07m23.9s), 10/80 VUs, 18109 complete and 0 interrupted iterations
oscillating   [  62% ] 10/80 VUs  07m23.9s/12m00.0s

running (07m24.9s), 10/80 VUs, 18119 complete and 0 interrupted iterations
oscillating   [  62% ] 10/80 VUs  07m24.9s/12m00.0s

running (07m25.9s), 10/80 VUs, 18136 complete and 0 interrupted iterations
oscillating   [  62% ] 10/80 VUs  07m25.9s/12m00.0s

running (07m26.9s), 10/80 VUs, 18149 complete and 0 interrupted iterations
oscillating   [  62% ] 10/80 VUs  07m26.9s/12m00.0s

running (07m27.9s), 10/80 VUs, 18165 complete and 0 interrupted iterations
oscillating   [  62% ] 10/80 VUs  07m27.9s/12m00.0s

running (07m28.9s), 10/80 VUs, 18179 complete and 0 interrupted iterations
oscillating   [  62% ] 10/80 VUs  07m28.9s/12m00.0s

running (07m29.9s), 10/80 VUs, 18193 complete and 0 interrupted iterations
oscillating   [  62% ] 10/80 VUs  07m29.9s/12m00.0s

running (07m30.9s), 10/80 VUs, 18208 complete and 0 interrupted iterations
oscillating   [  63% ] 10/80 VUs  07m30.9s/12m00.0s

running (07m31.9s), 10/80 VUs, 18221 complete and 0 interrupted iterations
oscillating   [  63% ] 10/80 VUs  07m31.9s/12m00.0s

running (07m32.9s), 10/80 VUs, 18236 complete and 0 interrupted iterations
oscillating   [  63% ] 10/80 VUs  07m32.9s/12m00.0s

running (07m33.9s), 10/80 VUs, 18251 complete and 0 interrupted iterations
oscillating   [  63% ] 10/80 VUs  07m33.9s/12m00.0s

running (07m34.9s), 10/80 VUs, 18266 complete and 0 interrupted iterations
oscillating   [  63% ] 10/80 VUs  07m34.9s/12m00.0s

running (07m35.9s), 10/80 VUs, 18279 complete and 0 interrupted iterations
oscillating   [  63% ] 10/80 VUs  07m35.9s/12m00.0s

running (07m36.9s), 10/80 VUs, 18294 complete and 0 interrupted iterations
oscillating   [  63% ] 10/80 VUs  07m36.9s/12m00.0s

running (07m37.9s), 10/80 VUs, 18307 complete and 0 interrupted iterations
oscillating   [  64% ] 10/80 VUs  07m37.9s/12m00.0s

running (07m38.9s), 10/80 VUs, 18323 complete and 0 interrupted iterations
oscillating   [  64% ] 10/80 VUs  07m38.9s/12m00.0s

running (07m39.9s), 10/80 VUs, 18335 complete and 0 interrupted iterations
oscillating   [  64% ] 10/80 VUs  07m39.9s/12m00.0s

running (07m40.9s), 10/80 VUs, 18347 complete and 0 interrupted iterations
oscillating   [  64% ] 10/80 VUs  07m40.9s/12m00.0s

running (07m41.9s), 10/80 VUs, 18363 complete and 0 interrupted iterations
oscillating   [  64% ] 10/80 VUs  07m41.9s/12m00.0s

running (07m42.9s), 10/80 VUs, 18376 complete and 0 interrupted iterations
oscillating   [  64% ] 10/80 VUs  07m42.9s/12m00.0s

running (07m43.9s), 10/80 VUs, 18391 complete and 0 interrupted iterations
oscillating   [  64% ] 10/80 VUs  07m43.9s/12m00.0s

running (07m44.9s), 10/80 VUs, 18405 complete and 0 interrupted iterations
oscillating   [  65% ] 10/80 VUs  07m44.9s/12m00.0s

running (07m45.9s), 10/80 VUs, 18418 complete and 0 interrupted iterations
oscillating   [  65% ] 10/80 VUs  07m45.9s/12m00.0s

running (07m46.9s), 10/80 VUs, 18435 complete and 0 interrupted iterations
oscillating   [  65% ] 10/80 VUs  07m46.9s/12m00.0s

running (07m47.9s), 10/80 VUs, 18448 complete and 0 interrupted iterations
oscillating   [  65% ] 10/80 VUs  07m47.9s/12m00.0s

running (07m48.9s), 10/80 VUs, 18464 complete and 0 interrupted iterations
oscillating   [  65% ] 10/80 VUs  07m48.9s/12m00.0s

running (07m49.9s), 10/80 VUs, 18479 complete and 0 interrupted iterations
oscillating   [  65% ] 10/80 VUs  07m49.9s/12m00.0s

running (07m50.9s), 10/80 VUs, 18490 complete and 0 interrupted iterations
oscillating   [  65% ] 10/80 VUs  07m50.9s/12m00.0s

running (07m51.9s), 10/80 VUs, 18505 complete and 0 interrupted iterations
oscillating   [  66% ] 10/80 VUs  07m51.9s/12m00.0s

running (07m52.9s), 10/80 VUs, 18518 complete and 0 interrupted iterations
oscillating   [  66% ] 10/80 VUs  07m52.9s/12m00.0s

running (07m53.9s), 10/80 VUs, 18533 complete and 0 interrupted iterations
oscillating   [  66% ] 10/80 VUs  07m53.9s/12m00.0s

running (07m54.9s), 10/80 VUs, 18546 complete and 0 interrupted iterations
oscillating   [  66% ] 10/80 VUs  07m54.9s/12m00.0s

running (07m55.9s), 10/80 VUs, 18558 complete and 0 interrupted iterations
oscillating   [  66% ] 10/80 VUs  07m55.9s/12m00.0s

running (07m56.9s), 10/80 VUs, 18576 complete and 0 interrupted iterations
oscillating   [  66% ] 10/80 VUs  07m56.9s/12m00.0s

running (07m57.9s), 10/80 VUs, 18586 complete and 0 interrupted iterations
oscillating   [  66% ] 10/80 VUs  07m57.9s/12m00.0s

running (07m58.9s), 10/80 VUs, 18601 complete and 0 interrupted iterations
oscillating   [  67% ] 10/80 VUs  07m58.9s/12m00.0s

running (07m59.9s), 10/80 VUs, 18616 complete and 0 interrupted iterations
oscillating   [  67% ] 10/80 VUs  07m59.9s/12m00.0s

running (08m00.9s), 16/80 VUs, 18630 complete and 0 interrupted iterations
oscillating   [  67% ] 16/80 VUs  08m00.9s/12m00.0s

running (08m01.9s), 23/80 VUs, 18654 complete and 0 interrupted iterations
oscillating   [  67% ] 23/80 VUs  08m01.9s/12m00.0s

running (08m02.9s), 30/80 VUs, 18690 complete and 0 interrupted iterations
oscillating   [  67% ] 30/80 VUs  08m02.9s/12m00.0s

running (08m03.9s), 37/80 VUs, 18730 complete and 0 interrupted iterations
oscillating   [  67% ] 37/80 VUs  08m03.9s/12m00.0s

running (08m04.9s), 44/80 VUs, 18788 complete and 0 interrupted iterations
oscillating   [  67% ] 44/80 VUs  08m04.9s/12m00.0s

running (08m05.9s), 51/80 VUs, 18851 complete and 0 interrupted iterations
oscillating   [  67% ] 51/80 VUs  08m05.9s/12m00.0s

running (08m06.9s), 58/80 VUs, 18923 complete and 0 interrupted iterations
oscillating   [  68% ] 58/80 VUs  08m06.9s/12m00.0s

running (08m07.9s), 65/80 VUs, 19008 complete and 0 interrupted iterations
oscillating   [  68% ] 65/80 VUs  08m07.9s/12m00.0s

running (08m08.9s), 72/80 VUs, 19104 complete and 0 interrupted iterations
oscillating   [  68% ] 72/80 VUs  08m08.9s/12m00.0s

running (08m09.9s), 79/80 VUs, 19204 complete and 0 interrupted iterations
oscillating   [  68% ] 79/80 VUs  08m09.9s/12m00.0s

running (08m10.9s), 80/80 VUs, 19315 complete and 0 interrupted iterations
oscillating   [  68% ] 80/80 VUs  08m10.9s/12m00.0s

running (08m11.9s), 80/80 VUs, 19438 complete and 0 interrupted iterations
oscillating   [  68% ] 80/80 VUs  08m11.9s/12m00.0s

running (08m12.9s), 80/80 VUs, 19546 complete and 0 interrupted iterations
oscillating   [  68% ] 80/80 VUs  08m12.9s/12m00.0s

running (08m13.9s), 80/80 VUs, 19665 complete and 0 interrupted iterations
oscillating   [  69% ] 80/80 VUs  08m13.9s/12m00.0s

running (08m14.9s), 80/80 VUs, 19773 complete and 0 interrupted iterations
oscillating   [  69% ] 80/80 VUs  08m14.9s/12m00.0s

running (08m15.9s), 80/80 VUs, 19884 complete and 0 interrupted iterations
oscillating   [  69% ] 80/80 VUs  08m15.9s/12m00.0s

running (08m16.9s), 80/80 VUs, 19998 complete and 0 interrupted iterations
oscillating   [  69% ] 80/80 VUs  08m16.9s/12m00.0s

running (08m17.9s), 80/80 VUs, 20114 complete and 0 interrupted iterations
oscillating   [  69% ] 80/80 VUs  08m17.9s/12m00.0s

running (08m18.9s), 80/80 VUs, 20225 complete and 0 interrupted iterations
oscillating   [  69% ] 80/80 VUs  08m18.9s/12m00.0s

running (08m19.9s), 80/80 VUs, 20335 complete and 0 interrupted iterations
oscillating   [  69% ] 80/80 VUs  08m19.9s/12m00.0s

running (08m20.9s), 80/80 VUs, 20451 complete and 0 interrupted iterations
oscillating   [  70% ] 80/80 VUs  08m20.9s/12m00.0s

running (08m22.0s), 80/80 VUs, 20567 complete and 0 interrupted iterations
oscillating   [  70% ] 80/80 VUs  08m22.0s/12m00.0s

running (08m22.9s), 80/80 VUs, 20676 complete and 0 interrupted iterations
oscillating   [  70% ] 80/80 VUs  08m22.9s/12m00.0s

running (08m23.9s), 80/80 VUs, 20789 complete and 0 interrupted iterations
oscillating   [  70% ] 80/80 VUs  08m23.9s/12m00.0s

running (08m24.9s), 80/80 VUs, 20902 complete and 0 interrupted iterations
oscillating   [  70% ] 80/80 VUs  08m24.9s/12m00.0s

running (08m25.9s), 80/80 VUs, 21011 complete and 0 interrupted iterations
oscillating   [  70% ] 80/80 VUs  08m25.9s/12m00.0s

running (08m26.9s), 80/80 VUs, 21124 complete and 0 interrupted iterations
oscillating   [  70% ] 80/80 VUs  08m26.9s/12m00.0s

running (08m27.9s), 80/80 VUs, 21233 complete and 0 interrupted iterations
oscillating   [  71% ] 80/80 VUs  08m27.9s/12m00.0s

running (08m28.9s), 80/80 VUs, 21350 complete and 0 interrupted iterations
oscillating   [  71% ] 80/80 VUs  08m28.9s/12m00.0s

running (08m29.9s), 80/80 VUs, 21459 complete and 0 interrupted iterations
oscillating   [  71% ] 80/80 VUs  08m29.9s/12m00.0s

running (08m30.9s), 80/80 VUs, 21570 complete and 0 interrupted iterations
oscillating   [  71% ] 80/80 VUs  08m30.9s/12m00.0s

running (08m31.9s), 80/80 VUs, 21686 complete and 0 interrupted iterations
oscillating   [  71% ] 80/80 VUs  08m31.9s/12m00.0s

running (08m32.9s), 80/80 VUs, 21801 complete and 0 interrupted iterations
oscillating   [  71% ] 80/80 VUs  08m32.9s/12m00.0s

running (08m33.9s), 80/80 VUs, 21914 complete and 0 interrupted iterations
oscillating   [  71% ] 80/80 VUs  08m33.9s/12m00.0s

running (08m34.9s), 80/80 VUs, 22029 complete and 0 interrupted iterations
oscillating   [  72% ] 80/80 VUs  08m34.9s/12m00.0s

running (08m35.9s), 80/80 VUs, 22145 complete and 0 interrupted iterations
oscillating   [  72% ] 80/80 VUs  08m35.9s/12m00.0s

running (08m36.9s), 80/80 VUs, 22255 complete and 0 interrupted iterations
oscillating   [  72% ] 80/80 VUs  08m36.9s/12m00.0s

running (08m37.9s), 80/80 VUs, 22364 complete and 0 interrupted iterations
oscillating   [  72% ] 80/80 VUs  08m37.9s/12m00.0s

running (08m38.9s), 80/80 VUs, 22473 complete and 0 interrupted iterations
oscillating   [  72% ] 80/80 VUs  08m38.9s/12m00.0s

running (08m39.9s), 80/80 VUs, 22586 complete and 0 interrupted iterations
oscillating   [  72% ] 80/80 VUs  08m39.9s/12m00.0s

running (08m40.9s), 80/80 VUs, 22703 complete and 0 interrupted iterations
oscillating   [  72% ] 80/80 VUs  08m40.9s/12m00.0s

running (08m41.9s), 80/80 VUs, 22811 complete and 0 interrupted iterations
oscillating   [  72% ] 80/80 VUs  08m41.9s/12m00.0s

running (08m42.9s), 80/80 VUs, 22925 complete and 0 interrupted iterations
oscillating   [  73% ] 80/80 VUs  08m42.9s/12m00.0s

running (08m43.9s), 80/80 VUs, 23033 complete and 0 interrupted iterations
oscillating   [  73% ] 80/80 VUs  08m43.9s/12m00.0s

running (08m44.9s), 80/80 VUs, 23150 complete and 0 interrupted iterations
oscillating   [  73% ] 80/80 VUs  08m44.9s/12m00.0s

running (08m45.9s), 80/80 VUs, 23260 complete and 0 interrupted iterations
oscillating   [  73% ] 80/80 VUs  08m45.9s/12m00.0s

running (08m46.9s), 80/80 VUs, 23372 complete and 0 interrupted iterations
oscillating   [  73% ] 80/80 VUs  08m46.9s/12m00.0s

running (08m47.9s), 80/80 VUs, 23487 complete and 0 interrupted iterations
oscillating   [  73% ] 80/80 VUs  08m47.9s/12m00.0s

running (08m48.9s), 80/80 VUs, 23598 complete and 0 interrupted iterations
oscillating   [  73% ] 80/80 VUs  08m48.9s/12m00.0s

running (08m49.9s), 80/80 VUs, 23704 complete and 0 interrupted iterations
oscillating   [  74% ] 80/80 VUs  08m49.9s/12m00.0s

running (08m50.9s), 80/80 VUs, 23818 complete and 0 interrupted iterations
oscillating   [  74% ] 80/80 VUs  08m50.9s/12m00.0s

running (08m51.9s), 80/80 VUs, 23911 complete and 0 interrupted iterations
oscillating   [  74% ] 80/80 VUs  08m51.9s/12m00.0s

running (08m52.9s), 80/80 VUs, 23994 complete and 0 interrupted iterations
oscillating   [  74% ] 80/80 VUs  08m52.9s/12m00.0s

running (08m53.9s), 80/80 VUs, 24081 complete and 0 interrupted iterations
oscillating   [  74% ] 80/80 VUs  08m53.9s/12m00.0s

running (08m54.9s), 80/80 VUs, 24168 complete and 0 interrupted iterations
oscillating   [  74% ] 80/80 VUs  08m54.9s/12m00.0s

running (08m55.9s), 80/80 VUs, 24264 complete and 0 interrupted iterations
oscillating   [  74% ] 80/80 VUs  08m55.9s/12m00.0s

running (08m56.9s), 80/80 VUs, 24362 complete and 0 interrupted iterations
oscillating   [  75% ] 80/80 VUs  08m56.9s/12m00.0s

running (08m57.9s), 80/80 VUs, 24450 complete and 0 interrupted iterations
oscillating   [  75% ] 80/80 VUs  08m57.9s/12m00.0s

running (08m58.9s), 80/80 VUs, 24525 complete and 0 interrupted iterations
oscillating   [  75% ] 80/80 VUs  08m58.9s/12m00.0s

running (08m59.9s), 80/80 VUs, 24606 complete and 0 interrupted iterations
oscillating   [  75% ] 80/80 VUs  08m59.9s/12m00.0s

running (09m00.9s), 80/80 VUs, 24684 complete and 0 interrupted iterations
oscillating   [  75% ] 80/80 VUs  09m00.9s/12m00.0s

running (09m01.9s), 80/80 VUs, 24755 complete and 0 interrupted iterations
oscillating   [  75% ] 80/80 VUs  09m01.9s/12m00.0s

running (09m02.9s), 79/80 VUs, 24838 complete and 0 interrupted iterations
oscillating   [  75% ] 79/80 VUs  09m02.9s/12m00.0s

running (09m03.9s), 79/80 VUs, 24931 complete and 0 interrupted iterations
oscillating   [  76% ] 79/80 VUs  09m03.9s/12m00.0s

running (09m04.9s), 78/80 VUs, 25005 complete and 0 interrupted iterations
oscillating   [  76% ] 78/80 VUs  09m04.9s/12m00.0s

running (09m06.0s), 78/80 VUs, 25076 complete and 0 interrupted iterations
oscillating   [  76% ] 78/80 VUs  09m06.0s/12m00.0s

running (09m06.9s), 77/80 VUs, 25147 complete and 0 interrupted iterations
oscillating   [  76% ] 77/80 VUs  09m06.9s/12m00.0s

running (09m07.9s), 77/80 VUs, 25241 complete and 0 interrupted iterations
oscillating   [  76% ] 77/80 VUs  09m07.9s/12m00.0s

running (09m08.9s), 77/80 VUs, 25334 complete and 0 interrupted iterations
oscillating   [  76% ] 77/80 VUs  09m08.9s/12m00.0s

running (09m09.9s), 76/80 VUs, 25420 complete and 0 interrupted iterations
oscillating   [  76% ] 76/80 VUs  09m09.9s/12m00.0s

running (09m10.9s), 76/80 VUs, 25500 complete and 0 interrupted iterations
oscillating   [  77% ] 76/80 VUs  09m10.9s/12m00.0s

running (09m11.9s), 75/80 VUs, 25602 complete and 0 interrupted iterations
oscillating   [  77% ] 75/80 VUs  09m11.9s/12m00.0s

running (09m12.9s), 75/80 VUs, 25691 complete and 0 interrupted iterations
oscillating   [  77% ] 75/80 VUs  09m12.9s/12m00.0s

running (09m13.9s), 74/80 VUs, 25792 complete and 0 interrupted iterations
oscillating   [  77% ] 74/80 VUs  09m13.9s/12m00.0s

running (09m14.9s), 74/80 VUs, 25879 complete and 0 interrupted iterations
oscillating   [  77% ] 74/80 VUs  09m14.9s/12m00.0s

running (09m15.9s), 74/80 VUs, 25985 complete and 0 interrupted iterations
oscillating   [  77% ] 74/80 VUs  09m15.9s/12m00.0s

running (09m16.9s), 73/80 VUs, 26078 complete and 0 interrupted iterations
oscillating   [  77% ] 73/80 VUs  09m16.9s/12m00.0s

running (09m17.9s), 73/80 VUs, 26176 complete and 0 interrupted iterations
oscillating   [  77% ] 73/80 VUs  09m17.9s/12m00.0s

running (09m18.9s), 72/80 VUs, 26273 complete and 0 interrupted iterations
oscillating   [  78% ] 72/80 VUs  09m18.9s/12m00.0s

running (09m19.9s), 72/80 VUs, 26371 complete and 0 interrupted iterations
oscillating   [  78% ] 72/80 VUs  09m19.9s/12m00.0s

running (09m20.9s), 71/80 VUs, 26463 complete and 0 interrupted iterations
oscillating   [  78% ] 71/80 VUs  09m20.9s/12m00.0s

running (09m21.9s), 71/80 VUs, 26499 complete and 0 interrupted iterations
oscillating   [  78% ] 71/80 VUs  09m21.9s/12m00.0s

running (09m22.9s), 71/80 VUs, 26532 complete and 0 interrupted iterations
oscillating   [  78% ] 71/80 VUs  09m22.9s/12m00.0s

running (09m23.9s), 71/80 VUs, 26563 complete and 0 interrupted iterations
oscillating   [  78% ] 71/80 VUs  09m23.9s/12m00.0s

running (09m24.9s), 70/80 VUs, 26588 complete and 0 interrupted iterations
oscillating   [  78% ] 70/80 VUs  09m24.9s/12m00.0s

running (09m25.9s), 70/80 VUs, 26611 complete and 0 interrupted iterations
oscillating   [  79% ] 70/80 VUs  09m25.9s/12m00.0s

running (09m26.9s), 70/80 VUs, 26641 complete and 0 interrupted iterations
oscillating   [  79% ] 70/80 VUs  09m26.9s/12m00.0s

running (09m27.9s), 68/80 VUs, 26675 complete and 0 interrupted iterations
oscillating   [  79% ] 68/80 VUs  09m27.9s/12m00.0s

running (09m28.9s), 68/80 VUs, 26704 complete and 0 interrupted iterations
oscillating   [  79% ] 68/80 VUs  09m28.9s/12m00.0s

running (09m29.9s), 68/80 VUs, 26734 complete and 0 interrupted iterations
oscillating   [  79% ] 68/80 VUs  09m29.9s/12m00.0s

running (09m30.9s), 68/80 VUs, 26761 complete and 0 interrupted iterations
oscillating   [  79% ] 68/80 VUs  09m30.9s/12m00.0s

running (09m31.9s), 67/80 VUs, 26789 complete and 0 interrupted iterations
oscillating   [  79% ] 67/80 VUs  09m31.9s/12m00.0s

running (09m32.9s), 66/80 VUs, 26816 complete and 0 interrupted iterations
oscillating   [  80% ] 66/80 VUs  09m32.9s/12m00.0s

running (09m33.9s), 66/80 VUs, 26843 complete and 0 interrupted iterations
oscillating   [  80% ] 66/80 VUs  09m33.9s/12m00.0s

running (09m34.9s), 66/80 VUs, 26870 complete and 0 interrupted iterations
oscillating   [  80% ] 66/80 VUs  09m34.9s/12m00.0s

running (09m35.9s), 65/80 VUs, 26896 complete and 0 interrupted iterations
oscillating   [  80% ] 65/80 VUs  09m35.9s/12m00.0s

running (09m36.9s), 64/80 VUs, 26923 complete and 0 interrupted iterations
oscillating   [  80% ] 64/80 VUs  09m36.9s/12m00.0s

running (09m37.9s), 64/80 VUs, 26951 complete and 0 interrupted iterations
oscillating   [  80% ] 64/80 VUs  09m37.9s/12m00.0s

running (09m38.9s), 64/80 VUs, 26978 complete and 0 interrupted iterations
oscillating   [  80% ] 64/80 VUs  09m38.9s/12m00.0s

running (09m39.9s), 63/80 VUs, 27005 complete and 0 interrupted iterations
oscillating   [  81% ] 63/80 VUs  09m39.9s/12m00.0s

running (09m40.9s), 63/80 VUs, 27056 complete and 0 interrupted iterations
oscillating   [  81% ] 63/80 VUs  09m40.9s/12m00.0s

running (09m41.9s), 63/80 VUs, 27084 complete and 0 interrupted iterations
oscillating   [  81% ] 63/80 VUs  09m41.9s/12m00.0s

running (09m42.9s), 62/80 VUs, 27109 complete and 0 interrupted iterations
oscillating   [  81% ] 62/80 VUs  09m42.9s/12m00.0s

running (09m43.9s), 62/80 VUs, 27139 complete and 0 interrupted iterations
oscillating   [  81% ] 62/80 VUs  09m43.9s/12m00.0s

running (09m44.9s), 61/80 VUs, 27165 complete and 0 interrupted iterations
oscillating   [  81% ] 61/80 VUs  09m44.9s/12m00.0s

running (09m45.9s), 61/80 VUs, 27192 complete and 0 interrupted iterations
oscillating   [  81% ] 61/80 VUs  09m45.9s/12m00.0s

running (09m46.9s), 60/80 VUs, 27225 complete and 0 interrupted iterations
oscillating   [  82% ] 60/80 VUs  09m46.9s/12m00.0s

running (09m47.9s), 59/80 VUs, 27266 complete and 0 interrupted iterations
oscillating   [  82% ] 59/80 VUs  09m47.9s/12m00.0s

running (09m48.9s), 59/80 VUs, 27298 complete and 0 interrupted iterations
oscillating   [  82% ] 59/80 VUs  09m48.9s/12m00.0s

running (09m49.9s), 58/80 VUs, 27323 complete and 0 interrupted iterations
oscillating   [  82% ] 58/80 VUs  09m49.9s/12m00.0s

running (09m50.9s), 58/80 VUs, 27355 complete and 0 interrupted iterations
oscillating   [  82% ] 58/80 VUs  09m50.9s/12m00.0s

running (09m51.9s), 58/80 VUs, 27400 complete and 0 interrupted iterations
oscillating   [  82% ] 58/80 VUs  09m51.9s/12m00.0s

running (09m52.9s), 57/80 VUs, 27430 complete and 0 interrupted iterations
oscillating   [  82% ] 57/80 VUs  09m52.9s/12m00.0s

running (09m53.9s), 57/80 VUs, 27470 complete and 0 interrupted iterations
oscillating   [  82% ] 57/80 VUs  09m53.9s/12m00.0s

running (09m54.9s), 56/80 VUs, 27555 complete and 0 interrupted iterations
oscillating   [  83% ] 56/80 VUs  09m54.9s/12m00.0s

running (09m55.9s), 56/80 VUs, 27634 complete and 0 interrupted iterations
oscillating   [  83% ] 56/80 VUs  09m55.9s/12m00.0s

running (09m56.9s), 55/80 VUs, 27721 complete and 0 interrupted iterations
oscillating   [  83% ] 55/80 VUs  09m56.9s/12m00.0s

running (09m57.9s), 55/80 VUs, 27792 complete and 0 interrupted iterations
oscillating   [  83% ] 55/80 VUs  09m57.9s/12m00.0s

running (09m58.9s), 54/80 VUs, 27873 complete and 0 interrupted iterations
oscillating   [  83% ] 54/80 VUs  09m58.9s/12m00.0s

running (09m59.9s), 54/80 VUs, 27949 complete and 0 interrupted iterations
oscillating   [  83% ] 54/80 VUs  09m59.9s/12m00.0s

running (10m00.9s), 54/80 VUs, 28022 complete and 0 interrupted iterations
oscillating   [  83% ] 54/80 VUs  10m00.9s/12m00.0s

running (10m01.9s), 53/80 VUs, 28106 complete and 0 interrupted iterations
oscillating   [  84% ] 53/80 VUs  10m01.9s/12m00.0s

running (10m02.9s), 53/80 VUs, 28178 complete and 0 interrupted iterations
oscillating   [  84% ] 53/80 VUs  10m02.9s/12m00.0s

running (10m03.9s), 52/80 VUs, 28249 complete and 0 interrupted iterations
oscillating   [  84% ] 52/80 VUs  10m03.9s/12m00.0s

running (10m04.9s), 52/80 VUs, 28325 complete and 0 interrupted iterations
oscillating   [  84% ] 52/80 VUs  10m04.9s/12m00.0s

running (10m05.9s), 52/80 VUs, 28396 complete and 0 interrupted iterations
oscillating   [  84% ] 52/80 VUs  10m05.9s/12m00.0s

running (10m06.9s), 51/80 VUs, 28467 complete and 0 interrupted iterations
oscillating   [  84% ] 51/80 VUs  10m06.9s/12m00.0s

running (10m07.9s), 51/80 VUs, 28540 complete and 0 interrupted iterations
oscillating   [  84% ] 51/80 VUs  10m07.9s/12m00.0s

running (10m08.9s), 50/80 VUs, 28610 complete and 0 interrupted iterations
oscillating   [  85% ] 50/80 VUs  10m08.9s/12m00.0s

running (10m09.9s), 50/80 VUs, 28678 complete and 0 interrupted iterations
oscillating   [  85% ] 50/80 VUs  10m09.9s/12m00.0s

running (10m10.9s), 49/80 VUs, 28749 complete and 0 interrupted iterations
oscillating   [  85% ] 49/80 VUs  10m10.9s/12m00.0s

running (10m11.9s), 49/80 VUs, 28815 complete and 0 interrupted iterations
oscillating   [  85% ] 49/80 VUs  10m11.9s/12m00.0s

running (10m12.9s), 48/80 VUs, 28888 complete and 0 interrupted iterations
oscillating   [  85% ] 48/80 VUs  10m12.9s/12m00.0s

running (10m13.9s), 48/80 VUs, 28951 complete and 0 interrupted iterations
oscillating   [  85% ] 48/80 VUs  10m13.9s/12m00.0s

running (10m14.9s), 47/80 VUs, 29021 complete and 0 interrupted iterations
oscillating   [  85% ] 47/80 VUs  10m14.9s/12m00.0s

running (10m15.9s), 47/80 VUs, 29082 complete and 0 interrupted iterations
oscillating   [  86% ] 47/80 VUs  10m15.9s/12m00.0s

running (10m16.9s), 46/80 VUs, 29158 complete and 0 interrupted iterations
oscillating   [  86% ] 46/80 VUs  10m16.9s/12m00.0s

running (10m17.9s), 46/80 VUs, 29219 complete and 0 interrupted iterations
oscillating   [  86% ] 46/80 VUs  10m17.9s/12m00.0s

running (10m18.9s), 45/80 VUs, 29291 complete and 0 interrupted iterations
oscillating   [  86% ] 45/80 VUs  10m18.9s/12m00.0s

running (10m19.9s), 45/80 VUs, 29350 complete and 0 interrupted iterations
oscillating   [  86% ] 45/80 VUs  10m19.9s/12m00.0s

running (10m20.9s), 45/80 VUs, 29415 complete and 0 interrupted iterations
oscillating   [  86% ] 45/80 VUs  10m20.9s/12m00.0s

running (10m21.9s), 44/80 VUs, 29482 complete and 0 interrupted iterations
oscillating   [  86% ] 44/80 VUs  10m21.9s/12m00.0s

running (10m22.9s), 44/80 VUs, 29542 complete and 0 interrupted iterations
oscillating   [  87% ] 44/80 VUs  10m22.9s/12m00.0s

running (10m23.9s), 43/80 VUs, 29603 complete and 0 interrupted iterations
oscillating   [  87% ] 43/80 VUs  10m23.9s/12m00.0s

running (10m24.9s), 43/80 VUs, 29665 complete and 0 interrupted iterations
oscillating   [  87% ] 43/80 VUs  10m24.9s/12m00.0s

running (10m25.9s), 42/80 VUs, 29729 complete and 0 interrupted iterations
oscillating   [  87% ] 42/80 VUs  10m25.9s/12m00.0s

running (10m26.9s), 42/80 VUs, 29778 complete and 0 interrupted iterations
oscillating   [  87% ] 42/80 VUs  10m26.9s/12m00.0s

running (10m27.9s), 42/80 VUs, 29840 complete and 0 interrupted iterations
oscillating   [  87% ] 42/80 VUs  10m27.9s/12m00.0s

running (10m28.9s), 41/80 VUs, 29901 complete and 0 interrupted iterations
oscillating   [  87% ] 41/80 VUs  10m28.9s/12m00.0s

running (10m29.9s), 41/80 VUs, 29957 complete and 0 interrupted iterations
oscillating   [  87% ] 41/80 VUs  10m29.9s/12m00.0s

running (10m30.9s), 40/80 VUs, 30016 complete and 0 interrupted iterations
oscillating   [  88% ] 40/80 VUs  10m30.9s/12m00.0s

running (10m31.9s), 40/80 VUs, 30073 complete and 0 interrupted iterations
oscillating   [  88% ] 40/80 VUs  10m31.9s/12m00.0s

running (10m32.9s), 39/80 VUs, 30130 complete and 0 interrupted iterations
oscillating   [  88% ] 39/80 VUs  10m32.9s/12m00.0s

running (10m33.9s), 39/80 VUs, 30182 complete and 0 interrupted iterations
oscillating   [  88% ] 39/80 VUs  10m33.9s/12m00.0s

running (10m34.9s), 39/80 VUs, 30240 complete and 0 interrupted iterations
oscillating   [  88% ] 39/80 VUs  10m34.9s/12m00.0s

running (10m35.9s), 38/80 VUs, 30295 complete and 0 interrupted iterations
oscillating   [  88% ] 38/80 VUs  10m35.9s/12m00.0s

running (10m36.9s), 37/80 VUs, 30346 complete and 0 interrupted iterations
oscillating   [  88% ] 37/80 VUs  10m36.9s/12m00.0s

running (10m37.9s), 37/80 VUs, 30400 complete and 0 interrupted iterations
oscillating   [  89% ] 37/80 VUs  10m37.9s/12m00.0s

running (10m38.9s), 37/80 VUs, 30451 complete and 0 interrupted iterations
oscillating   [  89% ] 37/80 VUs  10m38.9s/12m00.0s

running (10m39.9s), 36/80 VUs, 30500 complete and 0 interrupted iterations
oscillating   [  89% ] 36/80 VUs  10m39.9s/12m00.0s

running (10m40.9s), 36/80 VUs, 30551 complete and 0 interrupted iterations
oscillating   [  89% ] 36/80 VUs  10m40.9s/12m00.0s

running (10m41.9s), 35/80 VUs, 30602 complete and 0 interrupted iterations
oscillating   [  89% ] 35/80 VUs  10m41.9s/12m00.0s

running (10m42.9s), 35/80 VUs, 30651 complete and 0 interrupted iterations
oscillating   [  89% ] 35/80 VUs  10m42.9s/12m00.0s

running (10m43.9s), 35/80 VUs, 30703 complete and 0 interrupted iterations
oscillating   [  89% ] 35/80 VUs  10m43.9s/12m00.0s

running (10m44.9s), 34/80 VUs, 30754 complete and 0 interrupted iterations
oscillating   [  90% ] 34/80 VUs  10m44.9s/12m00.0s

running (10m45.9s), 34/80 VUs, 30802 complete and 0 interrupted iterations
oscillating   [  90% ] 34/80 VUs  10m45.9s/12m00.0s

running (10m46.9s), 33/80 VUs, 30845 complete and 0 interrupted iterations
oscillating   [  90% ] 33/80 VUs  10m46.9s/12m00.0s

running (10m47.9s), 33/80 VUs, 30893 complete and 0 interrupted iterations
oscillating   [  90% ] 33/80 VUs  10m47.9s/12m00.0s

running (10m48.9s), 32/80 VUs, 30941 complete and 0 interrupted iterations
oscillating   [  90% ] 32/80 VUs  10m48.9s/12m00.0s

running (10m49.9s), 32/80 VUs, 30986 complete and 0 interrupted iterations
oscillating   [  90% ] 32/80 VUs  10m49.9s/12m00.0s

running (10m50.9s), 32/80 VUs, 31029 complete and 0 interrupted iterations
oscillating   [  90% ] 32/80 VUs  10m50.9s/12m00.0s

running (10m51.9s), 31/80 VUs, 31072 complete and 0 interrupted iterations
oscillating   [  91% ] 31/80 VUs  10m51.9s/12m00.0s

running (10m52.9s), 31/80 VUs, 31116 complete and 0 interrupted iterations
oscillating   [  91% ] 31/80 VUs  10m52.9s/12m00.0s

running (10m53.9s), 30/80 VUs, 31164 complete and 0 interrupted iterations
oscillating   [  91% ] 30/80 VUs  10m53.9s/12m00.0s

running (10m54.9s), 30/80 VUs, 31202 complete and 0 interrupted iterations
oscillating   [  91% ] 30/80 VUs  10m54.9s/12m00.0s

running (10m55.9s), 29/80 VUs, 31244 complete and 0 interrupted iterations
oscillating   [  91% ] 29/80 VUs  10m55.9s/12m00.0s

running (10m56.9s), 29/80 VUs, 31283 complete and 0 interrupted iterations
oscillating   [  91% ] 29/80 VUs  10m56.9s/12m00.0s

running (10m57.9s), 28/80 VUs, 31323 complete and 0 interrupted iterations
oscillating   [  91% ] 28/80 VUs  10m57.9s/12m00.0s

running (10m58.9s), 28/80 VUs, 31363 complete and 0 interrupted iterations
oscillating   [  92% ] 28/80 VUs  10m58.9s/12m00.0s

running (10m59.9s), 27/80 VUs, 31403 complete and 0 interrupted iterations
oscillating   [  92% ] 27/80 VUs  10m59.9s/12m00.0s

running (11m00.9s), 27/80 VUs, 31442 complete and 0 interrupted iterations
oscillating   [  92% ] 27/80 VUs  11m00.9s/12m00.0s

running (11m01.9s), 26/80 VUs, 31482 complete and 0 interrupted iterations
oscillating   [  92% ] 26/80 VUs  11m01.9s/12m00.0s

running (11m02.9s), 26/80 VUs, 31518 complete and 0 interrupted iterations
oscillating   [  92% ] 26/80 VUs  11m02.9s/12m00.0s

running (11m03.9s), 25/80 VUs, 31555 complete and 0 interrupted iterations
oscillating   [  92% ] 25/80 VUs  11m03.9s/12m00.0s

running (11m04.9s), 25/80 VUs, 31589 complete and 0 interrupted iterations
oscillating   [  92% ] 25/80 VUs  11m04.9s/12m00.0s

running (11m05.9s), 25/80 VUs, 31623 complete and 0 interrupted iterations
oscillating   [  92% ] 25/80 VUs  11m05.9s/12m00.0s

running (11m06.9s), 24/80 VUs, 31659 complete and 0 interrupted iterations
oscillating   [  93% ] 24/80 VUs  11m06.9s/12m00.0s

running (11m07.9s), 24/80 VUs, 31688 complete and 0 interrupted iterations
oscillating   [  93% ] 24/80 VUs  11m07.9s/12m00.0s

running (11m08.9s), 23/80 VUs, 31728 complete and 0 interrupted iterations
oscillating   [  93% ] 23/80 VUs  11m08.9s/12m00.0s

running (11m09.9s), 23/80 VUs, 31757 complete and 0 interrupted iterations
oscillating   [  93% ] 23/80 VUs  11m09.9s/12m00.0s

running (11m10.9s), 23/80 VUs, 31788 complete and 0 interrupted iterations
oscillating   [  93% ] 23/80 VUs  11m10.9s/12m00.0s

running (11m11.9s), 22/80 VUs, 31821 complete and 0 interrupted iterations
oscillating   [  93% ] 22/80 VUs  11m11.9s/12m00.0s

running (11m12.9s), 21/80 VUs, 31852 complete and 0 interrupted iterations
oscillating   [  93% ] 21/80 VUs  11m12.9s/12m00.0s

running (11m13.9s), 21/80 VUs, 31879 complete and 0 interrupted iterations
oscillating   [  94% ] 21/80 VUs  11m13.9s/12m00.0s

running (11m14.9s), 21/80 VUs, 31911 complete and 0 interrupted iterations
oscillating   [  94% ] 21/80 VUs  11m14.9s/12m00.0s

running (11m15.9s), 20/80 VUs, 31939 complete and 0 interrupted iterations
oscillating   [  94% ] 20/80 VUs  11m15.9s/12m00.0s

running (11m16.9s), 20/80 VUs, 31965 complete and 0 interrupted iterations
oscillating   [  94% ] 20/80 VUs  11m16.9s/12m00.0s

running (11m17.9s), 19/80 VUs, 31996 complete and 0 interrupted iterations
oscillating   [  94% ] 19/80 VUs  11m17.9s/12m00.0s

running (11m18.9s), 19/80 VUs, 32022 complete and 0 interrupted iterations
oscillating   [  94% ] 19/80 VUs  11m18.9s/12m00.0s

running (11m19.9s), 19/80 VUs, 32047 complete and 0 interrupted iterations
oscillating   [  94% ] 19/80 VUs  11m19.9s/12m00.0s

running (11m20.9s), 18/80 VUs, 32072 complete and 0 interrupted iterations
oscillating   [  95% ] 18/80 VUs  11m20.9s/12m00.0s

running (11m21.9s), 17/80 VUs, 32097 complete and 0 interrupted iterations
oscillating   [  95% ] 17/80 VUs  11m21.9s/12m00.0s

running (11m22.9s), 17/80 VUs, 32123 complete and 0 interrupted iterations
oscillating   [  95% ] 17/80 VUs  11m22.9s/12m00.0s

running (11m23.9s), 17/80 VUs, 32144 complete and 0 interrupted iterations
oscillating   [  95% ] 17/80 VUs  11m23.9s/12m00.0s

running (11m24.9s), 16/80 VUs, 32169 complete and 0 interrupted iterations
oscillating   [  95% ] 16/80 VUs  11m24.9s/12m00.0s

running (11m25.9s), 16/80 VUs, 32190 complete and 0 interrupted iterations
oscillating   [  95% ] 16/80 VUs  11m25.9s/12m00.0s

running (11m26.9s), 15/80 VUs, 32210 complete and 0 interrupted iterations
oscillating   [  95% ] 15/80 VUs  11m26.9s/12m00.0s

running (11m27.9s), 15/80 VUs, 32234 complete and 0 interrupted iterations
oscillating   [  96% ] 15/80 VUs  11m27.9s/12m00.0s

running (11m28.9s), 14/80 VUs, 32255 complete and 0 interrupted iterations
oscillating   [  96% ] 14/80 VUs  11m28.9s/12m00.0s

running (11m29.9s), 14/80 VUs, 32276 complete and 0 interrupted iterations
oscillating   [  96% ] 14/80 VUs  11m29.9s/12m00.0s

running (11m30.9s), 13/80 VUs, 32295 complete and 0 interrupted iterations
oscillating   [  96% ] 13/80 VUs  11m30.9s/12m00.0s

running (11m31.9s), 13/80 VUs, 32313 complete and 0 interrupted iterations
oscillating   [  96% ] 13/80 VUs  11m31.9s/12m00.0s

running (11m32.9s), 13/80 VUs, 32333 complete and 0 interrupted iterations
oscillating   [  96% ] 13/80 VUs  11m32.9s/12m00.0s

running (11m33.9s), 12/80 VUs, 32352 complete and 0 interrupted iterations
oscillating   [  96% ] 12/80 VUs  11m33.9s/12m00.0s

running (11m34.9s), 12/80 VUs, 32367 complete and 0 interrupted iterations
oscillating   [  97% ] 12/80 VUs  11m34.9s/12m00.0s

running (11m35.9s), 12/80 VUs, 32385 complete and 0 interrupted iterations
oscillating   [  97% ] 12/80 VUs  11m35.9s/12m00.0s

running (11m36.9s), 11/80 VUs, 32402 complete and 0 interrupted iterations
oscillating   [  97% ] 11/80 VUs  11m36.9s/12m00.0s

running (11m37.9s), 11/80 VUs, 32415 complete and 0 interrupted iterations
oscillating   [  97% ] 11/80 VUs  11m37.9s/12m00.0s

running (11m38.9s), 10/80 VUs, 32431 complete and 0 interrupted iterations
oscillating   [  97% ] 10/80 VUs  11m38.9s/12m00.0s

running (11m39.9s), 10/80 VUs, 32446 complete and 0 interrupted iterations
oscillating   [  97% ] 10/80 VUs  11m39.9s/12m00.0s

running (11m40.9s), 09/80 VUs, 32461 complete and 0 interrupted iterations
oscillating   [  97% ] 09/80 VUs  11m40.9s/12m00.0s

running (11m41.9s), 09/80 VUs, 32471 complete and 0 interrupted iterations
oscillating   [  97% ] 09/80 VUs  11m41.9s/12m00.0s

running (11m42.9s), 08/80 VUs, 32485 complete and 0 interrupted iterations
oscillating   [  98% ] 08/80 VUs  11m42.9s/12m00.0s

running (11m43.9s), 08/80 VUs, 32496 complete and 0 interrupted iterations
oscillating   [  98% ] 08/80 VUs  11m43.9s/12m00.0s

running (11m44.9s), 07/80 VUs, 32510 complete and 0 interrupted iterations
oscillating   [  98% ] 07/80 VUs  11m44.9s/12m00.0s

running (11m45.9s), 07/80 VUs, 32518 complete and 0 interrupted iterations
oscillating   [  98% ] 07/80 VUs  11m45.9s/12m00.0s

running (11m46.9s), 06/80 VUs, 32528 complete and 0 interrupted iterations
oscillating   [  98% ] 06/80 VUs  11m46.9s/12m00.0s

running (11m47.9s), 06/80 VUs, 32538 complete and 0 interrupted iterations
oscillating   [  98% ] 06/80 VUs  11m47.9s/12m00.0s

running (11m48.9s), 06/80 VUs, 32545 complete and 0 interrupted iterations
oscillating   [  98% ] 06/80 VUs  11m48.9s/12m00.0s

running (11m49.9s), 05/80 VUs, 32553 complete and 0 interrupted iterations
oscillating   [  99% ] 05/80 VUs  11m49.9s/12m00.0s

running (11m50.9s), 05/80 VUs, 32562 complete and 0 interrupted iterations
oscillating   [  99% ] 05/80 VUs  11m50.9s/12m00.0s

running (11m51.9s), 04/80 VUs, 32567 complete and 0 interrupted iterations
oscillating   [  99% ] 04/80 VUs  11m51.9s/12m00.0s

running (11m52.9s), 04/80 VUs, 32573 complete and 0 interrupted iterations
oscillating   [  99% ] 04/80 VUs  11m52.9s/12m00.0s

running (11m53.9s), 03/80 VUs, 32579 complete and 0 interrupted iterations
oscillating   [  99% ] 03/80 VUs  11m53.9s/12m00.0s

running (11m54.9s), 03/80 VUs, 32584 complete and 0 interrupted iterations
oscillating   [  99% ] 03/80 VUs  11m54.9s/12m00.0s

running (11m55.9s), 02/80 VUs, 32588 complete and 0 interrupted iterations
oscillating   [  99% ] 02/80 VUs  11m55.9s/12m00.0s

running (11m56.9s), 02/80 VUs, 32590 complete and 0 interrupted iterations
oscillating   [ 100% ] 02/80 VUs  11m56.9s/12m00.0s

running (11m57.9s), 01/80 VUs, 32593 complete and 0 interrupted iterations
oscillating   [ 100% ] 01/80 VUs  11m57.9s/12m00.0s

running (11m58.9s), 01/80 VUs, 32595 complete and 0 interrupted iterations
oscillating   [ 100% ] 01/80 VUs  11m58.9s/12m00.0s

running (11m59.9s), 01/80 VUs, 32596 complete and 0 interrupted iterations
oscillating   [ 100% ] 01/80 VUs  11m59.9s/12m00.0s

     ✗ status is 200
      ↳  99% — ✓ 32596 / ✗ 1
     ✗ returns quotes
      ↳  99% — ✓ 32596 / ✗ 1
     ✗ response time <2000ms
      ↳  94% — ✓ 30784 / ✗ 1813

     checks.........................: 98.14% ✓ 95976     ✗ 1815 
     data_received..................: 24 MB  34 kB/s
     data_sent......................: 15 MB  21 kB/s
     http_req_blocked...............: avg=512.52µs min=0s       med=218.86µs max=20.64ms  p(90)=847.8µs  p(95)=1.06ms 
     http_req_connecting............: avg=470.85µs min=0s       med=168.88µs max=20.56ms  p(90)=801.75µs p(95)=1.01ms 
   ✓ http_req_duration..............: avg=895.96ms min=0s       med=739.34ms max=3.8s     p(90)=1.4s     p(95)=2.19s  
       { expected_response:true }...: avg=895.99ms min=468.98ms med=739.34ms max=3.8s     p(90)=1.4s     p(95)=2.19s  
   ✓ http_req_failed................: 0.00%  ✓ 1         ✗ 32596
     http_req_receiving.............: avg=2.86ms   min=0s       med=135.77µs max=101.78ms p(90)=5.17ms   p(95)=13.59ms
     http_req_sending...............: avg=35.3µs   min=0s       med=32.64µs  max=1.39ms   p(90)=45.74µs  p(95)=52.88µs
     http_req_tls_handshaking.......: avg=0s       min=0s       med=0s       max=0s       p(90)=0s       p(95)=0s     
     http_req_waiting...............: avg=893.06ms min=0s       med=739.09ms max=3.71s    p(90)=1.39s    p(95)=2.18s  
     http_reqs......................: 32597  45.252151/s
     iteration_duration.............: avg=896.73ms min=950.97µs med=740.08ms max=3.8s     p(90)=1.4s     p(95)=2.19s  
     iterations.....................: 32597  45.252151/s
     vus............................: 1      min=1       max=80 
     vus_max........................: 80     min=80      max=80 


running (12m00.3s), 00/80 VUs, 32597 complete and 0 interrupted iterations
oscillating ✓ [ 100% ] 00/80 VUs  12m0s
