
         /\      Grafana   /‾‾/  
    /\  /  \     |\  __   /  /   
   /  \/    \    | |/ /  /   ‾‾\ 
  /          \   |   (  |  (‾)  |
 / __________ \  |_|\_\  \_____/ 


     execution: local
        script: /scripts/load-test.js
        output: json (/results/results.json)

     scenarios: (100.00%) 1 scenario, 12 max VUs, 12m30s max duration (incl. graceful stop):
              * gradual_ramp: Up to 12 looping VUs for 12m0s over 4 stages (gracefulRampDown: 30s, gracefulStop: 30s)

time="2026-08-16T21:13:16Z" level=info msg="Seeding and pre-authenticating 120 users..." source=console

Run            [ 100% ] setup()
gradual_ramp   [   0% ]

Run            [ 100% ] setup()
gradual_ramp   [   0% ]

Run            [ 100% ] setup()
gradual_ramp   [   0% ]

Run            [ 100% ] setup()
gradual_ramp   [   0% ]

Run            [ 100% ] setup()
gradual_ramp   [   0% ]

Run            [ 100% ] setup()
gradual_ramp   [   0% ]

Run            [ 100% ] setup()
gradual_ramp   [   0% ]

Run            [ 100% ] setup()
gradual_ramp   [   0% ]

Run            [ 100% ] setup()
gradual_ramp   [   0% ]

Run            [ 100% ] setup()
gradual_ramp   [   0% ]

Run            [ 100% ] setup()
gradual_ramp   [   0% ]

Run            [ 100% ] setup()
gradual_ramp   [   0% ]

Run            [ 100% ] setup()
gradual_ramp   [   0% ]

Run            [ 100% ] setup()
gradual_ramp   [   0% ]

Run            [ 100% ] setup()
gradual_ramp   [   0% ]

Run            [ 100% ] setup()
gradual_ramp   [   0% ]

Run            [ 100% ] setup()
gradual_ramp   [   0% ]

Run            [ 100% ] setup()
gradual_ramp   [   0% ]

Run            [ 100% ] setup()
gradual_ramp   [   0% ]

Run            [ 100% ] setup()
gradual_ramp   [   0% ]

Run            [ 100% ] setup()
gradual_ramp   [   0% ]

Run            [ 100% ] setup()
gradual_ramp   [   0% ]

Run            [ 100% ] setup()
gradual_ramp   [   0% ]

Run            [ 100% ] setup()
gradual_ramp   [   0% ]

Run            [ 100% ] setup()
gradual_ramp   [   0% ]

Run            [ 100% ] setup()
gradual_ramp   [   0% ]

Run            [ 100% ] setup()
gradual_ramp   [   0% ]

Run            [ 100% ] setup()
gradual_ramp   [   0% ]
time="2026-08-16T21:13:45Z" level=info msg="Pre-auth complete: 120/120 tokens obtained" source=console

running (00m29.0s), 01/12 VUs, 3 complete and 0 interrupted iterations
gradual_ramp   [   0% ] 01/12 VUs  00m00.9s/12m00.0s

running (00m30.0s), 01/12 VUs, 22 complete and 0 interrupted iterations
gradual_ramp   [   0% ] 01/12 VUs  00m01.9s/12m00.0s

running (00m31.0s), 01/12 VUs, 37 complete and 0 interrupted iterations
gradual_ramp   [   0% ] 01/12 VUs  00m02.9s/12m00.0s

running (00m32.0s), 01/12 VUs, 49 complete and 0 interrupted iterations
gradual_ramp   [   1% ] 01/12 VUs  00m03.9s/12m00.0s

running (00m33.0s), 01/12 VUs, 66 complete and 0 interrupted iterations
gradual_ramp   [   1% ] 01/12 VUs  00m04.9s/12m00.0s

running (00m34.0s), 01/12 VUs, 94 complete and 0 interrupted iterations
gradual_ramp   [   1% ] 01/12 VUs  00m05.9s/12m00.0s

running (00m35.0s), 01/12 VUs, 98 complete and 0 interrupted iterations
gradual_ramp   [   1% ] 01/12 VUs  00m06.9s/12m00.0s

running (00m36.0s), 01/12 VUs, 101 complete and 0 interrupted iterations
gradual_ramp   [   1% ] 01/12 VUs  00m07.9s/12m00.0s

running (00m37.0s), 01/12 VUs, 110 complete and 0 interrupted iterations
gradual_ramp   [   1% ] 01/12 VUs  00m08.9s/12m00.0s

running (00m38.0s), 01/12 VUs, 113 complete and 0 interrupted iterations
gradual_ramp   [   1% ] 01/12 VUs  00m09.9s/12m00.0s

running (00m39.0s), 01/12 VUs, 126 complete and 0 interrupted iterations
gradual_ramp   [   2% ] 01/12 VUs  00m10.9s/12m00.0s

running (00m40.0s), 01/12 VUs, 145 complete and 0 interrupted iterations
gradual_ramp   [   2% ] 01/12 VUs  00m11.9s/12m00.0s

running (00m41.0s), 01/12 VUs, 161 complete and 0 interrupted iterations
gradual_ramp   [   2% ] 01/12 VUs  00m12.9s/12m00.0s

running (00m42.0s), 01/12 VUs, 170 complete and 0 interrupted iterations
gradual_ramp   [   2% ] 01/12 VUs  00m13.9s/12m00.0s

running (00m43.0s), 01/12 VUs, 189 complete and 0 interrupted iterations
gradual_ramp   [   2% ] 01/12 VUs  00m14.9s/12m00.0s

running (00m44.0s), 01/12 VUs, 207 complete and 0 interrupted iterations
gradual_ramp   [   2% ] 01/12 VUs  00m15.9s/12m00.0s

running (00m45.0s), 01/12 VUs, 208 complete and 0 interrupted iterations
gradual_ramp   [   2% ] 01/12 VUs  00m16.9s/12m00.0s

running (00m46.0s), 01/12 VUs, 219 complete and 0 interrupted iterations
gradual_ramp   [   2% ] 01/12 VUs  00m17.9s/12m00.0s

running (00m47.0s), 01/12 VUs, 232 complete and 0 interrupted iterations
gradual_ramp   [   3% ] 01/12 VUs  00m18.9s/12m00.0s

running (00m48.0s), 01/12 VUs, 235 complete and 0 interrupted iterations
gradual_ramp   [   3% ] 01/12 VUs  00m19.9s/12m00.0s

running (00m49.0s), 01/12 VUs, 238 complete and 0 interrupted iterations
gradual_ramp   [   3% ] 01/12 VUs  00m20.9s/12m00.0s

running (00m50.0s), 01/12 VUs, 244 complete and 0 interrupted iterations
gradual_ramp   [   3% ] 01/12 VUs  00m21.9s/12m00.0s

running (00m51.0s), 01/12 VUs, 273 complete and 0 interrupted iterations
gradual_ramp   [   3% ] 01/12 VUs  00m22.9s/12m00.0s

running (00m52.0s), 01/12 VUs, 292 complete and 0 interrupted iterations
gradual_ramp   [   3% ] 01/12 VUs  00m23.9s/12m00.0s

running (00m53.0s), 01/12 VUs, 299 complete and 0 interrupted iterations
gradual_ramp   [   3% ] 01/12 VUs  00m24.9s/12m00.0s

running (00m54.0s), 01/12 VUs, 317 complete and 0 interrupted iterations
gradual_ramp   [   4% ] 01/12 VUs  00m25.9s/12m00.0s

running (00m55.0s), 01/12 VUs, 333 complete and 0 interrupted iterations
gradual_ramp   [   4% ] 01/12 VUs  00m26.9s/12m00.0s

running (00m56.0s), 01/12 VUs, 334 complete and 0 interrupted iterations
gradual_ramp   [   4% ] 01/12 VUs  00m27.9s/12m00.0s

running (00m57.0s), 01/12 VUs, 341 complete and 0 interrupted iterations
gradual_ramp   [   4% ] 01/12 VUs  00m28.9s/12m00.0s

running (00m58.0s), 01/12 VUs, 366 complete and 0 interrupted iterations
gradual_ramp   [   4% ] 01/12 VUs  00m29.9s/12m00.0s

running (00m59.0s), 01/12 VUs, 379 complete and 0 interrupted iterations
gradual_ramp   [   4% ] 01/12 VUs  00m30.9s/12m00.0s

running (01m00.0s), 01/12 VUs, 392 complete and 0 interrupted iterations
gradual_ramp   [   4% ] 01/12 VUs  00m31.9s/12m00.0s

running (01m01.0s), 01/12 VUs, 406 complete and 0 interrupted iterations
gradual_ramp   [   5% ] 01/12 VUs  00m32.9s/12m00.0s

running (01m02.0s), 01/12 VUs, 412 complete and 0 interrupted iterations
gradual_ramp   [   5% ] 01/12 VUs  00m33.9s/12m00.0s

running (01m03.0s), 01/12 VUs, 413 complete and 0 interrupted iterations
gradual_ramp   [   5% ] 01/12 VUs  00m34.9s/12m00.0s

running (01m04.0s), 01/12 VUs, 427 complete and 0 interrupted iterations
gradual_ramp   [   5% ] 01/12 VUs  00m35.9s/12m00.0s

running (01m05.0s), 01/12 VUs, 441 complete and 0 interrupted iterations
gradual_ramp   [   5% ] 01/12 VUs  00m36.9s/12m00.0s

running (01m06.0s), 01/12 VUs, 450 complete and 0 interrupted iterations
gradual_ramp   [   5% ] 01/12 VUs  00m37.9s/12m00.0s

running (01m07.0s), 01/12 VUs, 457 complete and 0 interrupted iterations
gradual_ramp   [   5% ] 01/12 VUs  00m38.9s/12m00.0s

running (01m08.0s), 01/12 VUs, 468 complete and 0 interrupted iterations
gradual_ramp   [   6% ] 01/12 VUs  00m39.9s/12m00.0s

running (01m09.0s), 01/12 VUs, 490 complete and 0 interrupted iterations
gradual_ramp   [   6% ] 01/12 VUs  00m40.9s/12m00.0s

running (01m10.0s), 01/12 VUs, 497 complete and 0 interrupted iterations
gradual_ramp   [   6% ] 01/12 VUs  00m41.9s/12m00.0s

running (01m11.0s), 01/12 VUs, 517 complete and 0 interrupted iterations
gradual_ramp   [   6% ] 01/12 VUs  00m42.9s/12m00.0s

running (01m12.0s), 01/12 VUs, 536 complete and 0 interrupted iterations
gradual_ramp   [   6% ] 01/12 VUs  00m43.9s/12m00.0s

running (01m13.0s), 01/12 VUs, 548 complete and 0 interrupted iterations
gradual_ramp   [   6% ] 01/12 VUs  00m44.9s/12m00.0s

running (01m14.0s), 01/12 VUs, 559 complete and 0 interrupted iterations
gradual_ramp   [   6% ] 01/12 VUs  00m45.9s/12m00.0s

running (01m15.0s), 01/12 VUs, 563 complete and 0 interrupted iterations
gradual_ramp   [   7% ] 01/12 VUs  00m46.9s/12m00.0s

running (01m16.0s), 01/12 VUs, 589 complete and 0 interrupted iterations
gradual_ramp   [   7% ] 01/12 VUs  00m47.9s/12m00.0s

running (01m17.0s), 01/12 VUs, 593 complete and 0 interrupted iterations
gradual_ramp   [   7% ] 01/12 VUs  00m48.9s/12m00.0s

running (01m18.0s), 01/12 VUs, 607 complete and 0 interrupted iterations
gradual_ramp   [   7% ] 01/12 VUs  00m49.9s/12m00.0s

running (01m19.0s), 01/12 VUs, 623 complete and 0 interrupted iterations
gradual_ramp   [   7% ] 01/12 VUs  00m50.9s/12m00.0s

running (01m20.0s), 01/12 VUs, 636 complete and 0 interrupted iterations
gradual_ramp   [   7% ] 01/12 VUs  00m51.9s/12m00.0s

running (01m21.0s), 01/12 VUs, 673 complete and 0 interrupted iterations
gradual_ramp   [   7% ] 01/12 VUs  00m52.9s/12m00.0s

running (01m22.0s), 01/12 VUs, 686 complete and 0 interrupted iterations
gradual_ramp   [   7% ] 01/12 VUs  00m53.9s/12m00.0s

running (01m23.0s), 01/12 VUs, 693 complete and 0 interrupted iterations
gradual_ramp   [   8% ] 01/12 VUs  00m54.9s/12m00.0s

running (01m24.0s), 01/12 VUs, 702 complete and 0 interrupted iterations
gradual_ramp   [   8% ] 01/12 VUs  00m55.9s/12m00.0s

running (01m25.0s), 01/12 VUs, 728 complete and 0 interrupted iterations
gradual_ramp   [   8% ] 01/12 VUs  00m56.9s/12m00.0s

running (01m26.0s), 01/12 VUs, 736 complete and 0 interrupted iterations
gradual_ramp   [   8% ] 01/12 VUs  00m57.9s/12m00.0s

running (01m27.0s), 01/12 VUs, 775 complete and 0 interrupted iterations
gradual_ramp   [   8% ] 01/12 VUs  00m58.9s/12m00.0s

running (01m28.0s), 01/12 VUs, 780 complete and 0 interrupted iterations
gradual_ramp   [   8% ] 01/12 VUs  00m59.9s/12m00.0s

running (01m29.0s), 01/12 VUs, 784 complete and 0 interrupted iterations
gradual_ramp   [   8% ] 01/12 VUs  01m00.9s/12m00.0s

running (01m30.0s), 01/12 VUs, 790 complete and 0 interrupted iterations
gradual_ramp   [   9% ] 01/12 VUs  01m01.9s/12m00.0s

running (01m31.0s), 01/12 VUs, 800 complete and 0 interrupted iterations
gradual_ramp   [   9% ] 01/12 VUs  01m02.9s/12m00.0s

running (01m32.0s), 01/12 VUs, 814 complete and 0 interrupted iterations
gradual_ramp   [   9% ] 01/12 VUs  01m03.9s/12m00.0s

running (01m33.0s), 01/12 VUs, 821 complete and 0 interrupted iterations
gradual_ramp   [   9% ] 01/12 VUs  01m04.9s/12m00.0s

running (01m34.0s), 01/12 VUs, 839 complete and 0 interrupted iterations
gradual_ramp   [   9% ] 01/12 VUs  01m05.9s/12m00.0s

running (01m35.0s), 01/12 VUs, 861 complete and 0 interrupted iterations
gradual_ramp   [   9% ] 01/12 VUs  01m06.9s/12m00.0s

running (01m36.0s), 01/12 VUs, 868 complete and 0 interrupted iterations
gradual_ramp   [   9% ] 01/12 VUs  01m07.9s/12m00.0s

running (01m37.0s), 01/12 VUs, 920 complete and 0 interrupted iterations
gradual_ramp   [  10% ] 01/12 VUs  01m08.9s/12m00.0s

running (01m38.0s), 01/12 VUs, 924 complete and 0 interrupted iterations
gradual_ramp   [  10% ] 01/12 VUs  01m09.9s/12m00.0s

running (01m39.0s), 01/12 VUs, 964 complete and 0 interrupted iterations
gradual_ramp   [  10% ] 01/12 VUs  01m10.9s/12m00.0s

running (01m40.0s), 01/12 VUs, 980 complete and 0 interrupted iterations
gradual_ramp   [  10% ] 01/12 VUs  01m11.9s/12m00.0s

running (01m41.0s), 01/12 VUs, 1006 complete and 0 interrupted iterations
gradual_ramp   [  10% ] 01/12 VUs  01m12.9s/12m00.0s

running (01m42.0s), 01/12 VUs, 1012 complete and 0 interrupted iterations
gradual_ramp   [  10% ] 01/12 VUs  01m13.9s/12m00.0s

running (01m43.0s), 01/12 VUs, 1018 complete and 0 interrupted iterations
gradual_ramp   [  10% ] 01/12 VUs  01m14.9s/12m00.0s

running (01m44.0s), 01/12 VUs, 1046 complete and 0 interrupted iterations
gradual_ramp   [  11% ] 01/12 VUs  01m15.9s/12m00.0s

running (01m45.0s), 01/12 VUs, 1052 complete and 0 interrupted iterations
gradual_ramp   [  11% ] 01/12 VUs  01m16.9s/12m00.0s

running (01m46.0s), 01/12 VUs, 1059 complete and 0 interrupted iterations
gradual_ramp   [  11% ] 01/12 VUs  01m17.9s/12m00.0s

running (01m47.0s), 01/12 VUs, 1063 complete and 0 interrupted iterations
gradual_ramp   [  11% ] 01/12 VUs  01m18.9s/12m00.0s

running (01m48.0s), 01/12 VUs, 1074 complete and 0 interrupted iterations
gradual_ramp   [  11% ] 01/12 VUs  01m19.9s/12m00.0s

running (01m49.0s), 01/12 VUs, 1089 complete and 0 interrupted iterations
gradual_ramp   [  11% ] 01/12 VUs  01m20.9s/12m00.0s

running (01m50.0s), 01/12 VUs, 1090 complete and 0 interrupted iterations
gradual_ramp   [  11% ] 01/12 VUs  01m21.9s/12m00.0s

running (01m51.0s), 01/12 VUs, 1104 complete and 0 interrupted iterations
gradual_ramp   [  12% ] 01/12 VUs  01m22.9s/12m00.0s

running (01m52.0s), 01/12 VUs, 1123 complete and 0 interrupted iterations
gradual_ramp   [  12% ] 01/12 VUs  01m23.9s/12m00.0s

running (01m53.0s), 01/12 VUs, 1137 complete and 0 interrupted iterations
gradual_ramp   [  12% ] 01/12 VUs  01m24.9s/12m00.0s

running (01m54.0s), 01/12 VUs, 1146 complete and 0 interrupted iterations
gradual_ramp   [  12% ] 01/12 VUs  01m25.9s/12m00.0s

running (01m55.0s), 01/12 VUs, 1189 complete and 0 interrupted iterations
gradual_ramp   [  12% ] 01/12 VUs  01m26.9s/12m00.0s

running (01m56.0s), 01/12 VUs, 1202 complete and 0 interrupted iterations
gradual_ramp   [  12% ] 01/12 VUs  01m27.9s/12m00.0s

running (01m57.0s), 01/12 VUs, 1214 complete and 0 interrupted iterations
gradual_ramp   [  12% ] 01/12 VUs  01m28.9s/12m00.0s

running (01m58.0s), 01/12 VUs, 1217 complete and 0 interrupted iterations
gradual_ramp   [  12% ] 01/12 VUs  01m29.9s/12m00.0s

running (01m59.0s), 01/12 VUs, 1257 complete and 0 interrupted iterations
gradual_ramp   [  13% ] 01/12 VUs  01m30.9s/12m00.0s

running (02m00.0s), 01/12 VUs, 1276 complete and 0 interrupted iterations
gradual_ramp   [  13% ] 01/12 VUs  01m31.9s/12m00.0s

running (02m01.0s), 01/12 VUs, 1288 complete and 0 interrupted iterations
gradual_ramp   [  13% ] 01/12 VUs  01m32.9s/12m00.0s

running (02m02.0s), 01/12 VUs, 1305 complete and 0 interrupted iterations
gradual_ramp   [  13% ] 01/12 VUs  01m33.9s/12m00.0s

running (02m03.0s), 01/12 VUs, 1318 complete and 0 interrupted iterations
gradual_ramp   [  13% ] 01/12 VUs  01m34.9s/12m00.0s

running (02m04.0s), 01/12 VUs, 1335 complete and 0 interrupted iterations
gradual_ramp   [  13% ] 01/12 VUs  01m35.9s/12m00.0s

running (02m05.0s), 01/12 VUs, 1349 complete and 0 interrupted iterations
gradual_ramp   [  13% ] 01/12 VUs  01m36.9s/12m00.0s

running (02m06.0s), 01/12 VUs, 1375 complete and 0 interrupted iterations
gradual_ramp   [  14% ] 01/12 VUs  01m37.9s/12m00.0s

running (02m07.0s), 01/12 VUs, 1385 complete and 0 interrupted iterations
gradual_ramp   [  14% ] 01/12 VUs  01m38.9s/12m00.0s

running (02m08.0s), 01/12 VUs, 1415 complete and 0 interrupted iterations
gradual_ramp   [  14% ] 01/12 VUs  01m39.9s/12m00.0s

running (02m09.0s), 01/12 VUs, 1422 complete and 0 interrupted iterations
gradual_ramp   [  14% ] 01/12 VUs  01m40.9s/12m00.0s

running (02m10.0s), 01/12 VUs, 1448 complete and 0 interrupted iterations
gradual_ramp   [  14% ] 01/12 VUs  01m41.9s/12m00.0s

running (02m11.0s), 01/12 VUs, 1458 complete and 0 interrupted iterations
gradual_ramp   [  14% ] 01/12 VUs  01m42.9s/12m00.0s

running (02m12.0s), 01/12 VUs, 1471 complete and 0 interrupted iterations
gradual_ramp   [  14% ] 01/12 VUs  01m43.9s/12m00.0s

running (02m13.0s), 01/12 VUs, 1476 complete and 0 interrupted iterations
gradual_ramp   [  15% ] 01/12 VUs  01m44.9s/12m00.0s

running (02m14.0s), 01/12 VUs, 1480 complete and 0 interrupted iterations
gradual_ramp   [  15% ] 01/12 VUs  01m45.9s/12m00.0s

running (02m15.0s), 01/12 VUs, 1498 complete and 0 interrupted iterations
gradual_ramp   [  15% ] 01/12 VUs  01m46.9s/12m00.0s

running (02m16.0s), 01/12 VUs, 1508 complete and 0 interrupted iterations
gradual_ramp   [  15% ] 01/12 VUs  01m47.9s/12m00.0s

running (02m17.0s), 01/12 VUs, 1529 complete and 0 interrupted iterations
gradual_ramp   [  15% ] 01/12 VUs  01m48.9s/12m00.0s

running (02m18.0s), 01/12 VUs, 1557 complete and 0 interrupted iterations
gradual_ramp   [  15% ] 01/12 VUs  01m49.9s/12m00.0s

running (02m19.0s), 01/12 VUs, 1563 complete and 0 interrupted iterations
gradual_ramp   [  15% ] 01/12 VUs  01m50.9s/12m00.0s

running (02m20.0s), 01/12 VUs, 1568 complete and 0 interrupted iterations
gradual_ramp   [  16% ] 01/12 VUs  01m51.9s/12m00.0s

running (02m21.0s), 01/12 VUs, 1600 complete and 0 interrupted iterations
gradual_ramp   [  16% ] 01/12 VUs  01m52.9s/12m00.0s

running (02m22.0s), 01/12 VUs, 1608 complete and 0 interrupted iterations
gradual_ramp   [  16% ] 01/12 VUs  01m53.9s/12m00.0s

running (02m23.0s), 01/12 VUs, 1613 complete and 0 interrupted iterations
gradual_ramp   [  16% ] 01/12 VUs  01m54.9s/12m00.0s

running (02m24.0s), 01/12 VUs, 1624 complete and 0 interrupted iterations
gradual_ramp   [  16% ] 01/12 VUs  01m55.9s/12m00.0s

running (02m25.0s), 01/12 VUs, 1628 complete and 0 interrupted iterations
gradual_ramp   [  16% ] 01/12 VUs  01m56.9s/12m00.0s

running (02m26.0s), 01/12 VUs, 1671 complete and 0 interrupted iterations
gradual_ramp   [  16% ] 01/12 VUs  01m57.9s/12m00.0s

running (02m27.0s), 01/12 VUs, 1703 complete and 0 interrupted iterations
gradual_ramp   [  17% ] 01/12 VUs  01m58.9s/12m00.0s

running (02m28.0s), 01/12 VUs, 1717 complete and 0 interrupted iterations
gradual_ramp   [  17% ] 01/12 VUs  01m59.9s/12m00.0s

running (02m29.0s), 01/12 VUs, 1722 complete and 0 interrupted iterations
gradual_ramp   [  17% ] 01/12 VUs  02m00.9s/12m00.0s

running (02m30.0s), 01/12 VUs, 1763 complete and 0 interrupted iterations
gradual_ramp   [  17% ] 01/12 VUs  02m01.9s/12m00.0s

running (02m31.0s), 01/12 VUs, 1776 complete and 0 interrupted iterations
gradual_ramp   [  17% ] 01/12 VUs  02m02.9s/12m00.0s

running (02m32.0s), 01/12 VUs, 1787 complete and 0 interrupted iterations
gradual_ramp   [  17% ] 01/12 VUs  02m03.9s/12m00.0s

running (02m33.0s), 01/12 VUs, 1808 complete and 0 interrupted iterations
gradual_ramp   [  17% ] 01/12 VUs  02m04.9s/12m00.0s

running (02m34.0s), 01/12 VUs, 1842 complete and 0 interrupted iterations
gradual_ramp   [  17% ] 01/12 VUs  02m05.9s/12m00.0s

running (02m35.0s), 01/12 VUs, 1859 complete and 0 interrupted iterations
gradual_ramp   [  18% ] 01/12 VUs  02m06.9s/12m00.0s

running (02m36.0s), 01/12 VUs, 1871 complete and 0 interrupted iterations
gradual_ramp   [  18% ] 01/12 VUs  02m07.9s/12m00.0s

running (02m37.0s), 01/12 VUs, 1882 complete and 0 interrupted iterations
gradual_ramp   [  18% ] 01/12 VUs  02m08.9s/12m00.0s

running (02m38.0s), 01/12 VUs, 1901 complete and 0 interrupted iterations
gradual_ramp   [  18% ] 01/12 VUs  02m09.9s/12m00.0s

running (02m39.0s), 01/12 VUs, 1907 complete and 0 interrupted iterations
gradual_ramp   [  18% ] 01/12 VUs  02m10.9s/12m00.0s

running (02m40.0s), 01/12 VUs, 1919 complete and 0 interrupted iterations
gradual_ramp   [  18% ] 01/12 VUs  02m11.9s/12m00.0s

running (02m41.0s), 01/12 VUs, 1937 complete and 0 interrupted iterations
gradual_ramp   [  18% ] 01/12 VUs  02m12.9s/12m00.0s

running (02m42.0s), 01/12 VUs, 1943 complete and 0 interrupted iterations
gradual_ramp   [  19% ] 01/12 VUs  02m13.9s/12m00.0s

running (02m43.0s), 01/12 VUs, 1957 complete and 0 interrupted iterations
gradual_ramp   [  19% ] 01/12 VUs  02m14.9s/12m00.0s

running (02m44.0s), 01/12 VUs, 1986 complete and 0 interrupted iterations
gradual_ramp   [  19% ] 01/12 VUs  02m15.9s/12m00.0s

running (02m45.0s), 01/12 VUs, 2001 complete and 0 interrupted iterations
gradual_ramp   [  19% ] 01/12 VUs  02m16.9s/12m00.0s

running (02m46.0s), 01/12 VUs, 2006 complete and 0 interrupted iterations
gradual_ramp   [  19% ] 01/12 VUs  02m17.9s/12m00.0s

running (02m47.0s), 01/12 VUs, 2013 complete and 0 interrupted iterations
gradual_ramp   [  19% ] 01/12 VUs  02m18.9s/12m00.0s

running (02m48.0s), 01/12 VUs, 2020 complete and 0 interrupted iterations
gradual_ramp   [  19% ] 01/12 VUs  02m19.9s/12m00.0s

running (02m49.0s), 01/12 VUs, 2022 complete and 0 interrupted iterations
gradual_ramp   [  20% ] 01/12 VUs  02m20.9s/12m00.0s

running (02m50.0s), 01/12 VUs, 2032 complete and 0 interrupted iterations
gradual_ramp   [  20% ] 01/12 VUs  02m21.9s/12m00.0s

running (02m51.0s), 01/12 VUs, 2060 complete and 0 interrupted iterations
gradual_ramp   [  20% ] 01/12 VUs  02m22.9s/12m00.0s

running (02m52.0s), 01/12 VUs, 2072 complete and 0 interrupted iterations
gradual_ramp   [  20% ] 01/12 VUs  02m23.9s/12m00.0s

running (02m53.0s), 01/12 VUs, 2090 complete and 0 interrupted iterations
gradual_ramp   [  20% ] 01/12 VUs  02m24.9s/12m00.0s

running (02m54.0s), 01/12 VUs, 2096 complete and 0 interrupted iterations
gradual_ramp   [  20% ] 01/12 VUs  02m25.9s/12m00.0s

running (02m55.0s), 01/12 VUs, 2105 complete and 0 interrupted iterations
gradual_ramp   [  20% ] 01/12 VUs  02m26.9s/12m00.0s

running (02m56.0s), 02/12 VUs, 2121 complete and 0 interrupted iterations
gradual_ramp   [  21% ] 02/12 VUs  02m27.9s/12m00.0s

running (02m57.0s), 02/12 VUs, 2137 complete and 0 interrupted iterations
gradual_ramp   [  21% ] 02/12 VUs  02m28.9s/12m00.0s

running (02m58.0s), 02/12 VUs, 2153 complete and 0 interrupted iterations
gradual_ramp   [  21% ] 02/12 VUs  02m29.9s/12m00.0s

running (02m59.0s), 02/12 VUs, 2190 complete and 0 interrupted iterations
gradual_ramp   [  21% ] 02/12 VUs  02m30.9s/12m00.0s

running (03m00.0s), 02/12 VUs, 2208 complete and 0 interrupted iterations
gradual_ramp   [  21% ] 02/12 VUs  02m31.9s/12m00.0s

running (03m01.0s), 02/12 VUs, 2229 complete and 0 interrupted iterations
gradual_ramp   [  21% ] 02/12 VUs  02m32.9s/12m00.0s

running (03m02.0s), 02/12 VUs, 2243 complete and 0 interrupted iterations
gradual_ramp   [  21% ] 02/12 VUs  02m33.9s/12m00.0s

running (03m03.0s), 02/12 VUs, 2285 complete and 0 interrupted iterations
gradual_ramp   [  22% ] 02/12 VUs  02m34.9s/12m00.0s

running (03m04.0s), 02/12 VUs, 2291 complete and 0 interrupted iterations
gradual_ramp   [  22% ] 02/12 VUs  02m35.9s/12m00.0s

running (03m05.0s), 02/12 VUs, 2311 complete and 0 interrupted iterations
gradual_ramp   [  22% ] 02/12 VUs  02m36.9s/12m00.0s

running (03m06.0s), 02/12 VUs, 2323 complete and 0 interrupted iterations
gradual_ramp   [  22% ] 02/12 VUs  02m37.9s/12m00.0s

running (03m07.0s), 02/12 VUs, 2360 complete and 0 interrupted iterations
gradual_ramp   [  22% ] 02/12 VUs  02m38.9s/12m00.0s

running (03m08.0s), 02/12 VUs, 2380 complete and 0 interrupted iterations
gradual_ramp   [  22% ] 02/12 VUs  02m39.9s/12m00.0s

running (03m09.0s), 02/12 VUs, 2395 complete and 0 interrupted iterations
gradual_ramp   [  22% ] 02/12 VUs  02m40.9s/12m00.0s

running (03m10.0s), 02/12 VUs, 2410 complete and 0 interrupted iterations
gradual_ramp   [  22% ] 02/12 VUs  02m41.9s/12m00.0s

running (03m11.0s), 02/12 VUs, 2410 complete and 0 interrupted iterations
gradual_ramp   [  23% ] 02/12 VUs  02m42.9s/12m00.0s

running (03m12.0s), 02/12 VUs, 2429 complete and 0 interrupted iterations
gradual_ramp   [  23% ] 02/12 VUs  02m43.9s/12m00.0s

running (03m13.0s), 02/12 VUs, 2459 complete and 0 interrupted iterations
gradual_ramp   [  23% ] 02/12 VUs  02m44.9s/12m00.0s

running (03m14.0s), 02/12 VUs, 2470 complete and 0 interrupted iterations
gradual_ramp   [  23% ] 02/12 VUs  02m45.9s/12m00.0s

running (03m15.0s), 02/12 VUs, 2493 complete and 0 interrupted iterations
gradual_ramp   [  23% ] 02/12 VUs  02m46.9s/12m00.0s

running (03m16.0s), 02/12 VUs, 2493 complete and 0 interrupted iterations
gradual_ramp   [  23% ] 02/12 VUs  02m47.9s/12m00.0s

running (03m17.0s), 02/12 VUs, 2510 complete and 0 interrupted iterations
gradual_ramp   [  23% ] 02/12 VUs  02m48.9s/12m00.0s

running (03m18.0s), 02/12 VUs, 2537 complete and 0 interrupted iterations
gradual_ramp   [  24% ] 02/12 VUs  02m49.9s/12m00.0s

running (03m19.0s), 02/12 VUs, 2575 complete and 0 interrupted iterations
gradual_ramp   [  24% ] 02/12 VUs  02m50.9s/12m00.0s

running (03m20.0s), 02/12 VUs, 2593 complete and 0 interrupted iterations
gradual_ramp   [  24% ] 02/12 VUs  02m51.9s/12m00.0s

running (03m21.0s), 02/12 VUs, 2611 complete and 0 interrupted iterations
gradual_ramp   [  24% ] 02/12 VUs  02m52.9s/12m00.0s

running (03m22.0s), 02/12 VUs, 2637 complete and 0 interrupted iterations
gradual_ramp   [  24% ] 02/12 VUs  02m53.9s/12m00.0s

running (03m23.0s), 03/12 VUs, 2657 complete and 0 interrupted iterations
gradual_ramp   [  24% ] 03/12 VUs  02m54.9s/12m00.0s

running (03m24.0s), 03/12 VUs, 2689 complete and 0 interrupted iterations
gradual_ramp   [  24% ] 03/12 VUs  02m55.9s/12m00.0s

running (03m25.0s), 03/12 VUs, 2714 complete and 0 interrupted iterations
gradual_ramp   [  25% ] 03/12 VUs  02m56.9s/12m00.0s

running (03m26.0s), 03/12 VUs, 2724 complete and 0 interrupted iterations
gradual_ramp   [  25% ] 03/12 VUs  02m57.9s/12m00.0s

running (03m27.0s), 03/12 VUs, 2738 complete and 0 interrupted iterations
gradual_ramp   [  25% ] 03/12 VUs  02m58.9s/12m00.0s

running (03m28.0s), 03/12 VUs, 2758 complete and 0 interrupted iterations
gradual_ramp   [  25% ] 03/12 VUs  02m59.9s/12m00.0s

running (03m29.0s), 03/12 VUs, 2773 complete and 0 interrupted iterations
gradual_ramp   [  25% ] 03/12 VUs  03m00.9s/12m00.0s

running (03m30.0s), 03/12 VUs, 2793 complete and 0 interrupted iterations
gradual_ramp   [  25% ] 03/12 VUs  03m01.9s/12m00.0s

running (03m31.0s), 03/12 VUs, 2818 complete and 0 interrupted iterations
gradual_ramp   [  25% ] 03/12 VUs  03m02.9s/12m00.0s

running (03m32.0s), 03/12 VUs, 2846 complete and 0 interrupted iterations
gradual_ramp   [  26% ] 03/12 VUs  03m03.9s/12m00.0s

running (03m33.0s), 03/12 VUs, 2850 complete and 0 interrupted iterations
gradual_ramp   [  26% ] 03/12 VUs  03m04.9s/12m00.0s

running (03m34.0s), 03/12 VUs, 2862 complete and 0 interrupted iterations
gradual_ramp   [  26% ] 03/12 VUs  03m05.9s/12m00.0s

running (03m35.0s), 03/12 VUs, 2876 complete and 0 interrupted iterations
gradual_ramp   [  26% ] 03/12 VUs  03m06.9s/12m00.0s

running (03m36.0s), 03/12 VUs, 2906 complete and 0 interrupted iterations
gradual_ramp   [  26% ] 03/12 VUs  03m07.9s/12m00.0s

running (03m37.0s), 03/12 VUs, 2934 complete and 0 interrupted iterations
gradual_ramp   [  26% ] 03/12 VUs  03m08.9s/12m00.0s

running (03m38.0s), 03/12 VUs, 2947 complete and 0 interrupted iterations
gradual_ramp   [  26% ] 03/12 VUs  03m09.9s/12m00.0s

running (03m39.0s), 03/12 VUs, 2966 complete and 0 interrupted iterations
gradual_ramp   [  27% ] 03/12 VUs  03m10.9s/12m00.0s

running (03m40.0s), 03/12 VUs, 2979 complete and 0 interrupted iterations
gradual_ramp   [  27% ] 03/12 VUs  03m11.9s/12m00.0s

running (03m41.0s), 03/12 VUs, 3000 complete and 0 interrupted iterations
gradual_ramp   [  27% ] 03/12 VUs  03m12.9s/12m00.0s

running (03m42.0s), 03/12 VUs, 3012 complete and 0 interrupted iterations
gradual_ramp   [  27% ] 03/12 VUs  03m13.9s/12m00.0s

running (03m43.0s), 03/12 VUs, 3032 complete and 0 interrupted iterations
gradual_ramp   [  27% ] 03/12 VUs  03m14.9s/12m00.0s

running (03m44.0s), 03/12 VUs, 3053 complete and 0 interrupted iterations
gradual_ramp   [  27% ] 03/12 VUs  03m15.9s/12m00.0s

running (03m45.0s), 03/12 VUs, 3068 complete and 0 interrupted iterations
gradual_ramp   [  27% ] 03/12 VUs  03m16.9s/12m00.0s

running (03m46.0s), 03/12 VUs, 3085 complete and 0 interrupted iterations
gradual_ramp   [  27% ] 03/12 VUs  03m17.9s/12m00.0s

running (03m47.0s), 03/12 VUs, 3127 complete and 0 interrupted iterations
gradual_ramp   [  28% ] 03/12 VUs  03m18.9s/12m00.0s

running (03m48.0s), 03/12 VUs, 3131 complete and 0 interrupted iterations
gradual_ramp   [  28% ] 03/12 VUs  03m19.9s/12m00.0s

running (03m49.0s), 03/12 VUs, 3141 complete and 0 interrupted iterations
gradual_ramp   [  28% ] 03/12 VUs  03m20.9s/12m00.0s

running (03m50.0s), 04/12 VUs, 3168 complete and 0 interrupted iterations
gradual_ramp   [  28% ] 04/12 VUs  03m21.9s/12m00.0s

running (03m51.0s), 04/12 VUs, 3178 complete and 0 interrupted iterations
gradual_ramp   [  28% ] 04/12 VUs  03m22.9s/12m00.0s

running (03m52.0s), 04/12 VUs, 3196 complete and 0 interrupted iterations
gradual_ramp   [  28% ] 04/12 VUs  03m23.9s/12m00.0s

running (03m53.0s), 04/12 VUs, 3253 complete and 0 interrupted iterations
gradual_ramp   [  28% ] 04/12 VUs  03m24.9s/12m00.0s

running (03m54.0s), 04/12 VUs, 3277 complete and 0 interrupted iterations
gradual_ramp   [  29% ] 04/12 VUs  03m25.9s/12m00.0s

running (03m55.0s), 04/12 VUs, 3298 complete and 0 interrupted iterations
gradual_ramp   [  29% ] 04/12 VUs  03m26.9s/12m00.0s

running (03m56.0s), 04/12 VUs, 3332 complete and 0 interrupted iterations
gradual_ramp   [  29% ] 04/12 VUs  03m27.9s/12m00.0s

running (03m57.0s), 04/12 VUs, 3351 complete and 0 interrupted iterations
gradual_ramp   [  29% ] 04/12 VUs  03m28.9s/12m00.0s

running (03m58.0s), 04/12 VUs, 3378 complete and 0 interrupted iterations
gradual_ramp   [  29% ] 04/12 VUs  03m29.9s/12m00.0s

running (03m59.0s), 04/12 VUs, 3398 complete and 0 interrupted iterations
gradual_ramp   [  29% ] 04/12 VUs  03m30.9s/12m00.0s

running (04m00.0s), 04/12 VUs, 3429 complete and 0 interrupted iterations
gradual_ramp   [  29% ] 04/12 VUs  03m31.9s/12m00.0s

running (04m01.0s), 04/12 VUs, 3471 complete and 0 interrupted iterations
gradual_ramp   [  30% ] 04/12 VUs  03m32.9s/12m00.0s

running (04m02.0s), 04/12 VUs, 3495 complete and 0 interrupted iterations
gradual_ramp   [  30% ] 04/12 VUs  03m33.9s/12m00.0s

running (04m03.0s), 04/12 VUs, 3522 complete and 0 interrupted iterations
gradual_ramp   [  30% ] 04/12 VUs  03m34.9s/12m00.0s

running (04m04.0s), 04/12 VUs, 3552 complete and 0 interrupted iterations
gradual_ramp   [  30% ] 04/12 VUs  03m35.9s/12m00.0s

running (04m05.0s), 04/12 VUs, 3579 complete and 0 interrupted iterations
gradual_ramp   [  30% ] 04/12 VUs  03m36.9s/12m00.0s

running (04m06.0s), 04/12 VUs, 3613 complete and 0 interrupted iterations
gradual_ramp   [  30% ] 04/12 VUs  03m37.9s/12m00.0s

running (04m07.0s), 04/12 VUs, 3643 complete and 0 interrupted iterations
gradual_ramp   [  30% ] 04/12 VUs  03m38.9s/12m00.0s

running (04m08.0s), 04/12 VUs, 3681 complete and 0 interrupted iterations
gradual_ramp   [  31% ] 04/12 VUs  03m39.9s/12m00.0s

running (04m09.0s), 04/12 VUs, 3689 complete and 0 interrupted iterations
gradual_ramp   [  31% ] 04/12 VUs  03m40.9s/12m00.0s

running (04m10.0s), 04/12 VUs, 3713 complete and 0 interrupted iterations
gradual_ramp   [  31% ] 04/12 VUs  03m41.9s/12m00.0s

running (04m11.0s), 04/12 VUs, 3765 complete and 0 interrupted iterations
gradual_ramp   [  31% ] 04/12 VUs  03m42.9s/12m00.0s

running (04m12.0s), 04/12 VUs, 3795 complete and 0 interrupted iterations
gradual_ramp   [  31% ] 04/12 VUs  03m43.9s/12m00.0s

running (04m13.0s), 04/12 VUs, 3870 complete and 0 interrupted iterations
gradual_ramp   [  31% ] 04/12 VUs  03m44.9s/12m00.0s

running (04m14.0s), 04/12 VUs, 3874 complete and 0 interrupted iterations
gradual_ramp   [  31% ] 04/12 VUs  03m45.9s/12m00.0s

running (04m15.0s), 04/12 VUs, 3902 complete and 0 interrupted iterations
gradual_ramp   [  32% ] 04/12 VUs  03m46.9s/12m00.0s

running (04m16.0s), 04/12 VUs, 3911 complete and 0 interrupted iterations
gradual_ramp   [  32% ] 04/12 VUs  03m47.9s/12m00.0s

running (04m17.0s), 04/12 VUs, 3935 complete and 0 interrupted iterations
gradual_ramp   [  32% ] 04/12 VUs  03m48.9s/12m00.0s

running (04m18.0s), 05/12 VUs, 3950 complete and 0 interrupted iterations
gradual_ramp   [  32% ] 05/12 VUs  03m49.9s/12m00.0s

running (04m19.0s), 05/12 VUs, 3983 complete and 0 interrupted iterations
gradual_ramp   [  32% ] 05/12 VUs  03m50.9s/12m00.0s

running (04m20.0s), 05/12 VUs, 4006 complete and 0 interrupted iterations
gradual_ramp   [  32% ] 05/12 VUs  03m51.9s/12m00.0s

running (04m21.0s), 05/12 VUs, 4015 complete and 0 interrupted iterations
gradual_ramp   [  32% ] 05/12 VUs  03m52.9s/12m00.0s

running (04m22.0s), 05/12 VUs, 4053 complete and 0 interrupted iterations
gradual_ramp   [  32% ] 05/12 VUs  03m53.9s/12m00.0s

running (04m23.0s), 05/12 VUs, 4075 complete and 0 interrupted iterations
gradual_ramp   [  33% ] 05/12 VUs  03m54.9s/12m00.0s

running (04m24.0s), 05/12 VUs, 4095 complete and 0 interrupted iterations
gradual_ramp   [  33% ] 05/12 VUs  03m55.9s/12m00.0s

running (04m25.0s), 05/12 VUs, 4141 complete and 0 interrupted iterations
gradual_ramp   [  33% ] 05/12 VUs  03m56.9s/12m00.0s

running (04m26.0s), 05/12 VUs, 4178 complete and 0 interrupted iterations
gradual_ramp   [  33% ] 05/12 VUs  03m57.9s/12m00.0s

running (04m27.0s), 05/12 VUs, 4198 complete and 0 interrupted iterations
gradual_ramp   [  33% ] 05/12 VUs  03m58.9s/12m00.0s

running (04m28.0s), 05/12 VUs, 4213 complete and 0 interrupted iterations
gradual_ramp   [  33% ] 05/12 VUs  03m59.9s/12m00.0s

running (04m29.0s), 05/12 VUs, 4248 complete and 0 interrupted iterations
gradual_ramp   [  33% ] 05/12 VUs  04m00.9s/12m00.0s

running (04m30.0s), 05/12 VUs, 4278 complete and 0 interrupted iterations
gradual_ramp   [  34% ] 05/12 VUs  04m01.9s/12m00.0s

running (04m31.0s), 05/12 VUs, 4293 complete and 0 interrupted iterations
gradual_ramp   [  34% ] 05/12 VUs  04m02.9s/12m00.0s

running (04m32.0s), 05/12 VUs, 4324 complete and 0 interrupted iterations
gradual_ramp   [  34% ] 05/12 VUs  04m03.9s/12m00.0s

running (04m33.0s), 05/12 VUs, 4355 complete and 0 interrupted iterations
gradual_ramp   [  34% ] 05/12 VUs  04m04.9s/12m00.0s

running (04m34.0s), 05/12 VUs, 4405 complete and 0 interrupted iterations
gradual_ramp   [  34% ] 05/12 VUs  04m05.9s/12m00.0s

running (04m35.0s), 05/12 VUs, 4428 complete and 0 interrupted iterations
gradual_ramp   [  34% ] 05/12 VUs  04m06.9s/12m00.0s

running (04m36.0s), 05/12 VUs, 4458 complete and 0 interrupted iterations
gradual_ramp   [  34% ] 05/12 VUs  04m07.9s/12m00.0s

running (04m37.0s), 05/12 VUs, 4501 complete and 0 interrupted iterations
gradual_ramp   [  35% ] 05/12 VUs  04m08.9s/12m00.0s

running (04m38.0s), 05/12 VUs, 4516 complete and 0 interrupted iterations
gradual_ramp   [  35% ] 05/12 VUs  04m09.9s/12m00.0s

running (04m39.0s), 05/12 VUs, 4581 complete and 0 interrupted iterations
gradual_ramp   [  35% ] 05/12 VUs  04m10.9s/12m00.0s

running (04m40.0s), 05/12 VUs, 4616 complete and 0 interrupted iterations
gradual_ramp   [  35% ] 05/12 VUs  04m11.9s/12m00.0s

running (04m41.0s), 05/12 VUs, 4646 complete and 0 interrupted iterations
gradual_ramp   [  35% ] 05/12 VUs  04m12.9s/12m00.0s

running (04m42.0s), 05/12 VUs, 4669 complete and 0 interrupted iterations
gradual_ramp   [  35% ] 05/12 VUs  04m13.9s/12m00.0s

running (04m43.0s), 05/12 VUs, 4689 complete and 0 interrupted iterations
gradual_ramp   [  35% ] 05/12 VUs  04m14.9s/12m00.0s

running (04m44.0s), 05/12 VUs, 4724 complete and 0 interrupted iterations
gradual_ramp   [  36% ] 05/12 VUs  04m15.9s/12m00.0s

running (04m45.0s), 06/12 VUs, 4739 complete and 0 interrupted iterations
gradual_ramp   [  36% ] 06/12 VUs  04m16.9s/12m00.0s

running (04m46.0s), 06/12 VUs, 4752 complete and 0 interrupted iterations
gradual_ramp   [  36% ] 06/12 VUs  04m17.9s/12m00.0s

running (04m47.0s), 06/12 VUs, 4765 complete and 0 interrupted iterations
gradual_ramp   [  36% ] 06/12 VUs  04m18.9s/12m00.0s

running (04m48.0s), 06/12 VUs, 4809 complete and 0 interrupted iterations
gradual_ramp   [  36% ] 06/12 VUs  04m19.9s/12m00.0s

running (04m49.0s), 06/12 VUs, 4830 complete and 0 interrupted iterations
gradual_ramp   [  36% ] 06/12 VUs  04m20.9s/12m00.0s

running (04m50.0s), 06/12 VUs, 4869 complete and 0 interrupted iterations
gradual_ramp   [  36% ] 06/12 VUs  04m21.9s/12m00.0s

running (04m51.0s), 06/12 VUs, 4914 complete and 0 interrupted iterations
gradual_ramp   [  37% ] 06/12 VUs  04m22.9s/12m00.0s

running (04m52.0s), 06/12 VUs, 4936 complete and 0 interrupted iterations
gradual_ramp   [  37% ] 06/12 VUs  04m23.9s/12m00.0s

running (04m53.0s), 06/12 VUs, 4990 complete and 0 interrupted iterations
gradual_ramp   [  37% ] 06/12 VUs  04m24.9s/12m00.0s

running (04m54.0s), 06/12 VUs, 5038 complete and 0 interrupted iterations
gradual_ramp   [  37% ] 06/12 VUs  04m25.9s/12m00.0s

running (04m55.0s), 06/12 VUs, 5070 complete and 0 interrupted iterations
gradual_ramp   [  37% ] 06/12 VUs  04m26.9s/12m00.0s

running (04m56.0s), 06/12 VUs, 5108 complete and 0 interrupted iterations
gradual_ramp   [  37% ] 06/12 VUs  04m27.9s/12m00.0s

running (04m57.0s), 06/12 VUs, 5119 complete and 0 interrupted iterations
gradual_ramp   [  37% ] 06/12 VUs  04m28.9s/12m00.0s

running (04m58.0s), 06/12 VUs, 5167 complete and 0 interrupted iterations
gradual_ramp   [  37% ] 06/12 VUs  04m29.9s/12m00.0s

running (04m59.0s), 06/12 VUs, 5202 complete and 0 interrupted iterations
gradual_ramp   [  38% ] 06/12 VUs  04m30.9s/12m00.0s

running (05m00.0s), 06/12 VUs, 5234 complete and 0 interrupted iterations
gradual_ramp   [  38% ] 06/12 VUs  04m31.9s/12m00.0s

running (05m01.0s), 06/12 VUs, 5271 complete and 0 interrupted iterations
gradual_ramp   [  38% ] 06/12 VUs  04m32.9s/12m00.0s

running (05m02.0s), 06/12 VUs, 5350 complete and 0 interrupted iterations
gradual_ramp   [  38% ] 06/12 VUs  04m33.9s/12m00.0s

running (05m03.0s), 06/12 VUs, 5400 complete and 0 interrupted iterations
gradual_ramp   [  38% ] 06/12 VUs  04m34.9s/12m00.0s

running (05m04.0s), 06/12 VUs, 5434 complete and 0 interrupted iterations
gradual_ramp   [  38% ] 06/12 VUs  04m35.9s/12m00.0s

running (05m05.0s), 06/12 VUs, 5510 complete and 0 interrupted iterations
gradual_ramp   [  38% ] 06/12 VUs  04m36.9s/12m00.0s

running (05m06.0s), 06/12 VUs, 5537 complete and 0 interrupted iterations
gradual_ramp   [  39% ] 06/12 VUs  04m37.9s/12m00.0s

running (05m07.0s), 06/12 VUs, 5601 complete and 0 interrupted iterations
gradual_ramp   [  39% ] 06/12 VUs  04m38.9s/12m00.0s

running (05m08.0s), 06/12 VUs, 5664 complete and 0 interrupted iterations
gradual_ramp   [  39% ] 06/12 VUs  04m39.9s/12m00.0s

running (05m09.0s), 06/12 VUs, 5719 complete and 0 interrupted iterations
gradual_ramp   [  39% ] 06/12 VUs  04m40.9s/12m00.0s

running (05m10.0s), 06/12 VUs, 5761 complete and 0 interrupted iterations
gradual_ramp   [  39% ] 06/12 VUs  04m41.9s/12m00.0s

running (05m11.0s), 06/12 VUs, 5790 complete and 0 interrupted iterations
gradual_ramp   [  39% ] 06/12 VUs  04m42.9s/12m00.0s

running (05m12.0s), 07/12 VUs, 5863 complete and 0 interrupted iterations
gradual_ramp   [  39% ] 07/12 VUs  04m43.9s/12m00.0s

running (05m13.0s), 07/12 VUs, 5898 complete and 0 interrupted iterations
gradual_ramp   [  40% ] 07/12 VUs  04m44.9s/12m00.0s

running (05m14.0s), 07/12 VUs, 5928 complete and 0 interrupted iterations
gradual_ramp   [  40% ] 07/12 VUs  04m45.9s/12m00.0s

running (05m15.0s), 07/12 VUs, 5958 complete and 0 interrupted iterations
gradual_ramp   [  40% ] 07/12 VUs  04m46.9s/12m00.0s

running (05m16.0s), 07/12 VUs, 6010 complete and 0 interrupted iterations
gradual_ramp   [  40% ] 07/12 VUs  04m47.9s/12m00.0s

running (05m17.0s), 07/12 VUs, 6061 complete and 0 interrupted iterations
gradual_ramp   [  40% ] 07/12 VUs  04m48.9s/12m00.0s

running (05m18.0s), 07/12 VUs, 6104 complete and 0 interrupted iterations
gradual_ramp   [  40% ] 07/12 VUs  04m49.9s/12m00.0s

running (05m19.0s), 07/12 VUs, 6175 complete and 0 interrupted iterations
gradual_ramp   [  40% ] 07/12 VUs  04m50.9s/12m00.0s

running (05m20.0s), 07/12 VUs, 6212 complete and 0 interrupted iterations
gradual_ramp   [  41% ] 07/12 VUs  04m51.9s/12m00.0s

running (05m21.0s), 07/12 VUs, 6293 complete and 0 interrupted iterations
gradual_ramp   [  41% ] 07/12 VUs  04m52.9s/12m00.0s

running (05m22.0s), 07/12 VUs, 6325 complete and 0 interrupted iterations
gradual_ramp   [  41% ] 07/12 VUs  04m53.9s/12m00.0s

running (05m23.0s), 07/12 VUs, 6346 complete and 0 interrupted iterations
gradual_ramp   [  41% ] 07/12 VUs  04m54.9s/12m00.0s

running (05m24.0s), 07/12 VUs, 6361 complete and 0 interrupted iterations
gradual_ramp   [  41% ] 07/12 VUs  04m55.9s/12m00.0s

running (05m25.0s), 07/12 VUs, 6362 complete and 0 interrupted iterations
gradual_ramp   [  41% ] 07/12 VUs  04m56.9s/12m00.0s

running (05m26.0s), 07/12 VUs, 6391 complete and 0 interrupted iterations
gradual_ramp   [  41% ] 07/12 VUs  04m57.9s/12m00.0s

running (05m27.0s), 07/12 VUs, 6415 complete and 0 interrupted iterations
gradual_ramp   [  42% ] 07/12 VUs  04m58.9s/12m00.0s

running (05m28.0s), 07/12 VUs, 6481 complete and 0 interrupted iterations
gradual_ramp   [  42% ] 07/12 VUs  04m59.9s/12m00.0s

running (05m29.0s), 07/12 VUs, 6508 complete and 0 interrupted iterations
gradual_ramp   [  42% ] 07/12 VUs  05m00.9s/12m00.0s

running (05m30.0s), 07/12 VUs, 6548 complete and 0 interrupted iterations
gradual_ramp   [  42% ] 07/12 VUs  05m01.9s/12m00.0s

running (05m31.0s), 07/12 VUs, 6575 complete and 0 interrupted iterations
gradual_ramp   [  42% ] 07/12 VUs  05m02.9s/12m00.0s

running (05m32.0s), 07/12 VUs, 6612 complete and 0 interrupted iterations
gradual_ramp   [  42% ] 07/12 VUs  05m03.9s/12m00.0s

running (05m33.0s), 07/12 VUs, 6648 complete and 0 interrupted iterations
gradual_ramp   [  42% ] 07/12 VUs  05m04.9s/12m00.0s

running (05m34.0s), 07/12 VUs, 6691 complete and 0 interrupted iterations
gradual_ramp   [  42% ] 07/12 VUs  05m05.9s/12m00.0s

running (05m35.0s), 07/12 VUs, 6748 complete and 0 interrupted iterations
gradual_ramp   [  43% ] 07/12 VUs  05m06.9s/12m00.0s

running (05m36.0s), 07/12 VUs, 6760 complete and 0 interrupted iterations
gradual_ramp   [  43% ] 07/12 VUs  05m07.9s/12m00.0s

running (05m37.0s), 07/12 VUs, 6797 complete and 0 interrupted iterations
gradual_ramp   [  43% ] 07/12 VUs  05m08.9s/12m00.0s

running (05m38.0s), 07/12 VUs, 6823 complete and 0 interrupted iterations
gradual_ramp   [  43% ] 07/12 VUs  05m09.9s/12m00.0s

running (05m39.0s), 07/12 VUs, 6852 complete and 0 interrupted iterations
gradual_ramp   [  43% ] 07/12 VUs  05m10.9s/12m00.0s

running (05m40.0s), 08/12 VUs, 6886 complete and 0 interrupted iterations
gradual_ramp   [  43% ] 08/12 VUs  05m11.9s/12m00.0s

running (05m41.0s), 08/12 VUs, 6947 complete and 0 interrupted iterations
gradual_ramp   [  43% ] 08/12 VUs  05m12.9s/12m00.0s

running (05m42.0s), 08/12 VUs, 6980 complete and 0 interrupted iterations
gradual_ramp   [  44% ] 08/12 VUs  05m13.9s/12m00.0s

running (05m43.0s), 08/12 VUs, 7046 complete and 0 interrupted iterations
gradual_ramp   [  44% ] 08/12 VUs  05m14.9s/12m00.0s

running (05m44.0s), 08/12 VUs, 7080 complete and 0 interrupted iterations
gradual_ramp   [  44% ] 08/12 VUs  05m15.9s/12m00.0s

running (05m45.0s), 08/12 VUs, 7113 complete and 0 interrupted iterations
gradual_ramp   [  44% ] 08/12 VUs  05m16.9s/12m00.0s

running (05m46.0s), 08/12 VUs, 7173 complete and 0 interrupted iterations
gradual_ramp   [  44% ] 08/12 VUs  05m17.9s/12m00.0s

running (05m47.0s), 08/12 VUs, 7218 complete and 0 interrupted iterations
gradual_ramp   [  44% ] 08/12 VUs  05m18.9s/12m00.0s

running (05m48.0s), 08/12 VUs, 7256 complete and 0 interrupted iterations
gradual_ramp   [  44% ] 08/12 VUs  05m19.9s/12m00.0s

running (05m49.0s), 08/12 VUs, 7318 complete and 0 interrupted iterations
gradual_ramp   [  45% ] 08/12 VUs  05m20.9s/12m00.0s

running (05m50.0s), 08/12 VUs, 7374 complete and 0 interrupted iterations
gradual_ramp   [  45% ] 08/12 VUs  05m21.9s/12m00.0s

running (05m51.0s), 08/12 VUs, 7405 complete and 0 interrupted iterations
gradual_ramp   [  45% ] 08/12 VUs  05m22.9s/12m00.0s

running (05m52.0s), 08/12 VUs, 7444 complete and 0 interrupted iterations
gradual_ramp   [  45% ] 08/12 VUs  05m23.9s/12m00.0s

running (05m53.0s), 08/12 VUs, 7489 complete and 0 interrupted iterations
gradual_ramp   [  45% ] 08/12 VUs  05m24.9s/12m00.0s

running (05m54.0s), 08/12 VUs, 7526 complete and 0 interrupted iterations
gradual_ramp   [  45% ] 08/12 VUs  05m25.9s/12m00.0s

running (05m55.0s), 08/12 VUs, 7555 complete and 0 interrupted iterations
gradual_ramp   [  45% ] 08/12 VUs  05m26.9s/12m00.0s

running (05m56.0s), 08/12 VUs, 7563 complete and 0 interrupted iterations
gradual_ramp   [  46% ] 08/12 VUs  05m27.9s/12m00.0s

running (05m57.0s), 08/12 VUs, 7611 complete and 0 interrupted iterations
gradual_ramp   [  46% ] 08/12 VUs  05m28.9s/12m00.0s

running (05m58.0s), 08/12 VUs, 7668 complete and 0 interrupted iterations
gradual_ramp   [  46% ] 08/12 VUs  05m29.9s/12m00.0s

running (05m59.0s), 08/12 VUs, 7730 complete and 0 interrupted iterations
gradual_ramp   [  46% ] 08/12 VUs  05m30.9s/12m00.0s

running (06m00.0s), 08/12 VUs, 7763 complete and 0 interrupted iterations
gradual_ramp   [  46% ] 08/12 VUs  05m31.9s/12m00.0s

running (06m01.0s), 08/12 VUs, 7825 complete and 0 interrupted iterations
gradual_ramp   [  46% ] 08/12 VUs  05m32.9s/12m00.0s

running (06m02.0s), 08/12 VUs, 7852 complete and 0 interrupted iterations
gradual_ramp   [  46% ] 08/12 VUs  05m33.9s/12m00.0s

running (06m03.0s), 08/12 VUs, 7919 complete and 0 interrupted iterations
gradual_ramp   [  47% ] 08/12 VUs  05m34.9s/12m00.0s

running (06m04.0s), 08/12 VUs, 7939 complete and 0 interrupted iterations
gradual_ramp   [  47% ] 08/12 VUs  05m35.9s/12m00.0s

running (06m05.0s), 08/12 VUs, 7958 complete and 0 interrupted iterations
gradual_ramp   [  47% ] 08/12 VUs  05m36.9s/12m00.0s

running (06m06.0s), 08/12 VUs, 8023 complete and 0 interrupted iterations
gradual_ramp   [  47% ] 08/12 VUs  05m37.9s/12m00.0s

running (06m07.0s), 09/12 VUs, 8062 complete and 0 interrupted iterations
gradual_ramp   [  47% ] 09/12 VUs  05m38.9s/12m00.0s

running (06m08.0s), 09/12 VUs, 8097 complete and 0 interrupted iterations
gradual_ramp   [  47% ] 09/12 VUs  05m39.9s/12m00.0s

running (06m09.0s), 09/12 VUs, 8168 complete and 0 interrupted iterations
gradual_ramp   [  47% ] 09/12 VUs  05m40.9s/12m00.0s

running (06m10.0s), 09/12 VUs, 8206 complete and 0 interrupted iterations
gradual_ramp   [  47% ] 09/12 VUs  05m41.9s/12m00.0s

running (06m11.0s), 09/12 VUs, 8233 complete and 0 interrupted iterations
gradual_ramp   [  48% ] 09/12 VUs  05m42.9s/12m00.0s

running (06m12.0s), 09/12 VUs, 8259 complete and 0 interrupted iterations
gradual_ramp   [  48% ] 09/12 VUs  05m43.9s/12m00.0s

running (06m13.0s), 09/12 VUs, 8330 complete and 0 interrupted iterations
gradual_ramp   [  48% ] 09/12 VUs  05m44.9s/12m00.0s

running (06m14.0s), 09/12 VUs, 8362 complete and 0 interrupted iterations
gradual_ramp   [  48% ] 09/12 VUs  05m45.9s/12m00.0s

running (06m15.0s), 09/12 VUs, 8394 complete and 0 interrupted iterations
gradual_ramp   [  48% ] 09/12 VUs  05m46.9s/12m00.0s

running (06m16.0s), 09/12 VUs, 8456 complete and 0 interrupted iterations
gradual_ramp   [  48% ] 09/12 VUs  05m47.9s/12m00.0s

running (06m17.0s), 09/12 VUs, 8510 complete and 0 interrupted iterations
gradual_ramp   [  48% ] 09/12 VUs  05m48.9s/12m00.0s

running (06m18.0s), 09/12 VUs, 8581 complete and 0 interrupted iterations
gradual_ramp   [  49% ] 09/12 VUs  05m49.9s/12m00.0s

running (06m19.0s), 09/12 VUs, 8623 complete and 0 interrupted iterations
gradual_ramp   [  49% ] 09/12 VUs  05m50.9s/12m00.0s

running (06m20.0s), 09/12 VUs, 8648 complete and 0 interrupted iterations
gradual_ramp   [  49% ] 09/12 VUs  05m51.9s/12m00.0s

running (06m21.0s), 09/12 VUs, 8701 complete and 0 interrupted iterations
gradual_ramp   [  49% ] 09/12 VUs  05m52.9s/12m00.0s

running (06m22.0s), 09/12 VUs, 8721 complete and 0 interrupted iterations
gradual_ramp   [  49% ] 09/12 VUs  05m53.9s/12m00.0s

running (06m23.0s), 09/12 VUs, 8762 complete and 0 interrupted iterations
gradual_ramp   [  49% ] 09/12 VUs  05m54.9s/12m00.0s

running (06m24.0s), 09/12 VUs, 8790 complete and 0 interrupted iterations
gradual_ramp   [  49% ] 09/12 VUs  05m55.9s/12m00.0s

running (06m25.0s), 09/12 VUs, 8834 complete and 0 interrupted iterations
gradual_ramp   [  50% ] 09/12 VUs  05m56.9s/12m00.0s

running (06m26.0s), 09/12 VUs, 8873 complete and 0 interrupted iterations
gradual_ramp   [  50% ] 09/12 VUs  05m57.9s/12m00.0s

running (06m27.0s), 09/12 VUs, 8930 complete and 0 interrupted iterations
gradual_ramp   [  50% ] 09/12 VUs  05m58.9s/12m00.0s

running (06m28.0s), 09/12 VUs, 8950 complete and 0 interrupted iterations
gradual_ramp   [  50% ] 09/12 VUs  05m59.9s/12m00.0s

running (06m29.0s), 09/12 VUs, 8965 complete and 0 interrupted iterations
gradual_ramp   [  50% ] 09/12 VUs  06m00.9s/12m00.0s

running (06m30.0s), 09/12 VUs, 8997 complete and 0 interrupted iterations
gradual_ramp   [  50% ] 09/12 VUs  06m01.9s/12m00.0s

running (06m31.0s), 09/12 VUs, 9021 complete and 0 interrupted iterations
gradual_ramp   [  50% ] 09/12 VUs  06m02.9s/12m00.0s

running (06m32.0s), 09/12 VUs, 9076 complete and 0 interrupted iterations
gradual_ramp   [  51% ] 09/12 VUs  06m03.9s/12m00.0s

running (06m33.0s), 09/12 VUs, 9108 complete and 0 interrupted iterations
gradual_ramp   [  51% ] 09/12 VUs  06m04.9s/12m00.0s

running (06m34.0s), 10/12 VUs, 9141 complete and 0 interrupted iterations
gradual_ramp   [  51% ] 10/12 VUs  06m05.9s/12m00.0s

running (06m35.0s), 10/12 VUs, 9192 complete and 0 interrupted iterations
gradual_ramp   [  51% ] 10/12 VUs  06m06.9s/12m00.0s

running (06m36.0s), 10/12 VUs, 9252 complete and 0 interrupted iterations
gradual_ramp   [  51% ] 10/12 VUs  06m07.9s/12m00.0s

running (06m37.0s), 10/12 VUs, 9275 complete and 0 interrupted iterations
gradual_ramp   [  51% ] 10/12 VUs  06m08.9s/12m00.0s

running (06m38.0s), 10/12 VUs, 9307 complete and 0 interrupted iterations
gradual_ramp   [  51% ] 10/12 VUs  06m09.9s/12m00.0s

running (06m39.0s), 10/12 VUs, 9363 complete and 0 interrupted iterations
gradual_ramp   [  52% ] 10/12 VUs  06m10.9s/12m00.0s

running (06m40.0s), 10/12 VUs, 9409 complete and 0 interrupted iterations
gradual_ramp   [  52% ] 10/12 VUs  06m11.9s/12m00.0s

running (06m41.0s), 10/12 VUs, 9454 complete and 0 interrupted iterations
gradual_ramp   [  52% ] 10/12 VUs  06m12.9s/12m00.0s

running (06m42.0s), 10/12 VUs, 9477 complete and 0 interrupted iterations
gradual_ramp   [  52% ] 10/12 VUs  06m13.9s/12m00.0s

running (06m43.0s), 10/12 VUs, 9509 complete and 0 interrupted iterations
gradual_ramp   [  52% ] 10/12 VUs  06m14.9s/12m00.0s

running (06m44.0s), 10/12 VUs, 9547 complete and 0 interrupted iterations
gradual_ramp   [  52% ] 10/12 VUs  06m15.9s/12m00.0s

running (06m45.0s), 10/12 VUs, 9592 complete and 0 interrupted iterations
gradual_ramp   [  52% ] 10/12 VUs  06m16.9s/12m00.0s

running (06m46.0s), 10/12 VUs, 9625 complete and 0 interrupted iterations
gradual_ramp   [  52% ] 10/12 VUs  06m17.9s/12m00.0s

running (06m47.0s), 10/12 VUs, 9652 complete and 0 interrupted iterations
gradual_ramp   [  53% ] 10/12 VUs  06m18.9s/12m00.0s

running (06m48.0s), 10/12 VUs, 9685 complete and 0 interrupted iterations
gradual_ramp   [  53% ] 10/12 VUs  06m19.9s/12m00.0s

running (06m49.0s), 10/12 VUs, 9720 complete and 0 interrupted iterations
gradual_ramp   [  53% ] 10/12 VUs  06m20.9s/12m00.0s

running (06m50.0s), 10/12 VUs, 9749 complete and 0 interrupted iterations
gradual_ramp   [  53% ] 10/12 VUs  06m21.9s/12m00.0s

running (06m51.0s), 10/12 VUs, 9767 complete and 0 interrupted iterations
gradual_ramp   [  53% ] 10/12 VUs  06m22.9s/12m00.0s

running (06m52.0s), 10/12 VUs, 9810 complete and 0 interrupted iterations
gradual_ramp   [  53% ] 10/12 VUs  06m23.9s/12m00.0s

running (06m53.0s), 10/12 VUs, 9855 complete and 0 interrupted iterations
gradual_ramp   [  53% ] 10/12 VUs  06m24.9s/12m00.0s

running (06m54.0s), 10/12 VUs, 9909 complete and 0 interrupted iterations
gradual_ramp   [  54% ] 10/12 VUs  06m25.9s/12m00.0s

running (06m55.0s), 10/12 VUs, 9961 complete and 0 interrupted iterations
gradual_ramp   [  54% ] 10/12 VUs  06m26.9s/12m00.0s

running (06m56.0s), 10/12 VUs, 10027 complete and 0 interrupted iterations
gradual_ramp   [  54% ] 10/12 VUs  06m27.9s/12m00.0s

running (06m57.0s), 10/12 VUs, 10070 complete and 0 interrupted iterations
gradual_ramp   [  54% ] 10/12 VUs  06m28.9s/12m00.0s

running (06m58.0s), 10/12 VUs, 10103 complete and 0 interrupted iterations
gradual_ramp   [  54% ] 10/12 VUs  06m29.9s/12m00.0s

running (06m59.0s), 10/12 VUs, 10133 complete and 0 interrupted iterations
gradual_ramp   [  54% ] 10/12 VUs  06m30.9s/12m00.0s

running (07m00.0s), 10/12 VUs, 10227 complete and 0 interrupted iterations
gradual_ramp   [  54% ] 10/12 VUs  06m31.9s/12m00.0s

running (07m01.0s), 11/12 VUs, 10261 complete and 0 interrupted iterations
gradual_ramp   [  55% ] 11/12 VUs  06m32.9s/12m00.0s

running (07m02.0s), 11/12 VUs, 10303 complete and 0 interrupted iterations
gradual_ramp   [  55% ] 11/12 VUs  06m33.9s/12m00.0s

running (07m03.0s), 11/12 VUs, 10348 complete and 0 interrupted iterations
gradual_ramp   [  55% ] 11/12 VUs  06m34.9s/12m00.0s

running (07m04.0s), 11/12 VUs, 10403 complete and 0 interrupted iterations
gradual_ramp   [  55% ] 11/12 VUs  06m35.9s/12m00.0s

running (07m05.0s), 11/12 VUs, 10430 complete and 0 interrupted iterations
gradual_ramp   [  55% ] 11/12 VUs  06m36.9s/12m00.0s

running (07m06.0s), 11/12 VUs, 10475 complete and 0 interrupted iterations
gradual_ramp   [  55% ] 11/12 VUs  06m37.9s/12m00.0s

running (07m07.0s), 11/12 VUs, 10524 complete and 0 interrupted iterations
gradual_ramp   [  55% ] 11/12 VUs  06m38.9s/12m00.0s

running (07m08.0s), 11/12 VUs, 10561 complete and 0 interrupted iterations
gradual_ramp   [  56% ] 11/12 VUs  06m39.9s/12m00.0s

running (07m09.0s), 11/12 VUs, 10622 complete and 0 interrupted iterations
gradual_ramp   [  56% ] 11/12 VUs  06m40.9s/12m00.0s

running (07m10.0s), 11/12 VUs, 10697 complete and 0 interrupted iterations
gradual_ramp   [  56% ] 11/12 VUs  06m41.9s/12m00.0s

running (07m11.0s), 11/12 VUs, 10737 complete and 0 interrupted iterations
gradual_ramp   [  56% ] 11/12 VUs  06m42.9s/12m00.0s

running (07m12.0s), 11/12 VUs, 10810 complete and 0 interrupted iterations
gradual_ramp   [  56% ] 11/12 VUs  06m43.9s/12m00.0s

running (07m13.0s), 11/12 VUs, 10861 complete and 0 interrupted iterations
gradual_ramp   [  56% ] 11/12 VUs  06m44.9s/12m00.0s

running (07m14.0s), 11/12 VUs, 10904 complete and 0 interrupted iterations
gradual_ramp   [  56% ] 11/12 VUs  06m45.9s/12m00.0s

running (07m15.0s), 11/12 VUs, 10941 complete and 0 interrupted iterations
gradual_ramp   [  57% ] 11/12 VUs  06m46.9s/12m00.0s

running (07m16.0s), 11/12 VUs, 10986 complete and 0 interrupted iterations
gradual_ramp   [  57% ] 11/12 VUs  06m47.9s/12m00.0s

running (07m17.0s), 11/12 VUs, 11010 complete and 0 interrupted iterations
gradual_ramp   [  57% ] 11/12 VUs  06m48.9s/12m00.0s

running (07m18.0s), 11/12 VUs, 11054 complete and 0 interrupted iterations
gradual_ramp   [  57% ] 11/12 VUs  06m49.9s/12m00.0s

running (07m19.0s), 11/12 VUs, 11086 complete and 0 interrupted iterations
gradual_ramp   [  57% ] 11/12 VUs  06m50.9s/12m00.0s

running (07m20.0s), 11/12 VUs, 11128 complete and 0 interrupted iterations
gradual_ramp   [  57% ] 11/12 VUs  06m51.9s/12m00.0s

running (07m21.0s), 11/12 VUs, 11188 complete and 0 interrupted iterations
gradual_ramp   [  57% ] 11/12 VUs  06m52.9s/12m00.0s

running (07m22.0s), 11/12 VUs, 11207 complete and 0 interrupted iterations
gradual_ramp   [  57% ] 11/12 VUs  06m53.9s/12m00.0s

running (07m23.0s), 11/12 VUs, 11285 complete and 0 interrupted iterations
gradual_ramp   [  58% ] 11/12 VUs  06m54.9s/12m00.0s

running (07m24.0s), 11/12 VUs, 11350 complete and 0 interrupted iterations
gradual_ramp   [  58% ] 11/12 VUs  06m55.9s/12m00.0s

running (07m25.0s), 11/12 VUs, 11391 complete and 0 interrupted iterations
gradual_ramp   [  58% ] 11/12 VUs  06m56.9s/12m00.0s

running (07m26.0s), 11/12 VUs, 11469 complete and 0 interrupted iterations
gradual_ramp   [  58% ] 11/12 VUs  06m57.9s/12m00.0s

running (07m27.0s), 11/12 VUs, 11518 complete and 0 interrupted iterations
gradual_ramp   [  58% ] 11/12 VUs  06m58.9s/12m00.0s

running (07m28.0s), 11/12 VUs, 11546 complete and 0 interrupted iterations
gradual_ramp   [  58% ] 11/12 VUs  06m59.9s/12m00.0s

running (07m29.0s), 12/12 VUs, 11585 complete and 0 interrupted iterations
gradual_ramp   [  58% ] 12/12 VUs  07m00.9s/12m00.0s

running (07m30.0s), 12/12 VUs, 11630 complete and 0 interrupted iterations
gradual_ramp   [  59% ] 12/12 VUs  07m01.9s/12m00.0s

running (07m31.0s), 12/12 VUs, 11691 complete and 0 interrupted iterations
gradual_ramp   [  59% ] 12/12 VUs  07m02.9s/12m00.0s

running (07m32.0s), 12/12 VUs, 11732 complete and 0 interrupted iterations
gradual_ramp   [  59% ] 12/12 VUs  07m03.9s/12m00.0s

running (07m33.0s), 12/12 VUs, 11809 complete and 0 interrupted iterations
gradual_ramp   [  59% ] 12/12 VUs  07m04.9s/12m00.0s

running (07m34.0s), 12/12 VUs, 11886 complete and 0 interrupted iterations
gradual_ramp   [  59% ] 12/12 VUs  07m05.9s/12m00.0s

running (07m35.0s), 12/12 VUs, 11926 complete and 0 interrupted iterations
gradual_ramp   [  59% ] 12/12 VUs  07m06.9s/12m00.0s

running (07m36.0s), 12/12 VUs, 11978 complete and 0 interrupted iterations
gradual_ramp   [  59% ] 12/12 VUs  07m07.9s/12m00.0s

running (07m37.0s), 12/12 VUs, 12034 complete and 0 interrupted iterations
gradual_ramp   [  60% ] 12/12 VUs  07m08.9s/12m00.0s

running (07m38.0s), 12/12 VUs, 12085 complete and 0 interrupted iterations
gradual_ramp   [  60% ] 12/12 VUs  07m09.9s/12m00.0s

running (07m39.0s), 12/12 VUs, 12133 complete and 0 interrupted iterations
gradual_ramp   [  60% ] 12/12 VUs  07m10.9s/12m00.0s

running (07m40.0s), 12/12 VUs, 12157 complete and 0 interrupted iterations
gradual_ramp   [  60% ] 12/12 VUs  07m11.9s/12m00.0s

running (07m41.0s), 12/12 VUs, 12216 complete and 0 interrupted iterations
gradual_ramp   [  60% ] 12/12 VUs  07m12.9s/12m00.0s

running (07m42.0s), 12/12 VUs, 12253 complete and 0 interrupted iterations
gradual_ramp   [  60% ] 12/12 VUs  07m13.9s/12m00.0s

running (07m43.0s), 12/12 VUs, 12303 complete and 0 interrupted iterations
gradual_ramp   [  60% ] 12/12 VUs  07m14.9s/12m00.0s

running (07m44.0s), 12/12 VUs, 12365 complete and 0 interrupted iterations
gradual_ramp   [  61% ] 12/12 VUs  07m15.9s/12m00.0s

running (07m45.0s), 12/12 VUs, 12379 complete and 0 interrupted iterations
gradual_ramp   [  61% ] 12/12 VUs  07m16.9s/12m00.0s

running (07m46.0s), 12/12 VUs, 12398 complete and 0 interrupted iterations
gradual_ramp   [  61% ] 12/12 VUs  07m17.9s/12m00.0s

running (07m47.0s), 12/12 VUs, 12443 complete and 0 interrupted iterations
gradual_ramp   [  61% ] 12/12 VUs  07m18.9s/12m00.0s

running (07m48.0s), 12/12 VUs, 12493 complete and 0 interrupted iterations
gradual_ramp   [  61% ] 12/12 VUs  07m19.9s/12m00.0s

running (07m49.0s), 12/12 VUs, 12544 complete and 0 interrupted iterations
gradual_ramp   [  61% ] 12/12 VUs  07m20.9s/12m00.0s

running (07m50.0s), 12/12 VUs, 12630 complete and 0 interrupted iterations
gradual_ramp   [  61% ] 12/12 VUs  07m21.9s/12m00.0s

running (07m51.0s), 12/12 VUs, 12675 complete and 0 interrupted iterations
gradual_ramp   [  62% ] 12/12 VUs  07m22.9s/12m00.0s

running (07m52.0s), 12/12 VUs, 12697 complete and 0 interrupted iterations
gradual_ramp   [  62% ] 12/12 VUs  07m23.9s/12m00.0s

running (07m53.0s), 12/12 VUs, 12731 complete and 0 interrupted iterations
gradual_ramp   [  62% ] 12/12 VUs  07m24.9s/12m00.0s

running (07m54.0s), 12/12 VUs, 12775 complete and 0 interrupted iterations
gradual_ramp   [  62% ] 12/12 VUs  07m25.9s/12m00.0s

running (07m55.0s), 12/12 VUs, 12809 complete and 0 interrupted iterations
gradual_ramp   [  62% ] 12/12 VUs  07m26.9s/12m00.0s

running (07m56.0s), 12/12 VUs, 12881 complete and 0 interrupted iterations
gradual_ramp   [  62% ] 12/12 VUs  07m27.9s/12m00.0s

running (07m57.0s), 12/12 VUs, 12913 complete and 0 interrupted iterations
gradual_ramp   [  62% ] 12/12 VUs  07m28.9s/12m00.0s

running (07m58.0s), 12/12 VUs, 12959 complete and 0 interrupted iterations
gradual_ramp   [  62% ] 12/12 VUs  07m29.9s/12m00.0s

running (07m59.0s), 12/12 VUs, 12996 complete and 0 interrupted iterations
gradual_ramp   [  63% ] 12/12 VUs  07m30.9s/12m00.0s

running (08m00.0s), 12/12 VUs, 13050 complete and 0 interrupted iterations
gradual_ramp   [  63% ] 12/12 VUs  07m31.9s/12m00.0s

running (08m01.0s), 12/12 VUs, 13102 complete and 0 interrupted iterations
gradual_ramp   [  63% ] 12/12 VUs  07m32.9s/12m00.0s

running (08m02.0s), 12/12 VUs, 13134 complete and 0 interrupted iterations
gradual_ramp   [  63% ] 12/12 VUs  07m33.9s/12m00.0s

running (08m03.0s), 12/12 VUs, 13208 complete and 0 interrupted iterations
gradual_ramp   [  63% ] 12/12 VUs  07m34.9s/12m00.0s

running (08m04.0s), 12/12 VUs, 13269 complete and 0 interrupted iterations
gradual_ramp   [  63% ] 12/12 VUs  07m35.9s/12m00.0s

running (08m05.0s), 12/12 VUs, 13306 complete and 0 interrupted iterations
gradual_ramp   [  63% ] 12/12 VUs  07m36.9s/12m00.0s

running (08m06.0s), 12/12 VUs, 13361 complete and 0 interrupted iterations
gradual_ramp   [  64% ] 12/12 VUs  07m37.9s/12m00.0s

running (08m07.0s), 12/12 VUs, 13413 complete and 0 interrupted iterations
gradual_ramp   [  64% ] 12/12 VUs  07m38.9s/12m00.0s

running (08m08.0s), 12/12 VUs, 13453 complete and 0 interrupted iterations
gradual_ramp   [  64% ] 12/12 VUs  07m39.9s/12m00.0s

running (08m09.0s), 12/12 VUs, 13538 complete and 0 interrupted iterations
gradual_ramp   [  64% ] 12/12 VUs  07m40.9s/12m00.0s

running (08m10.0s), 12/12 VUs, 13637 complete and 0 interrupted iterations
gradual_ramp   [  64% ] 12/12 VUs  07m41.9s/12m00.0s

running (08m11.0s), 12/12 VUs, 13683 complete and 0 interrupted iterations
gradual_ramp   [  64% ] 12/12 VUs  07m42.9s/12m00.0s

running (08m12.0s), 12/12 VUs, 13731 complete and 0 interrupted iterations
gradual_ramp   [  64% ] 12/12 VUs  07m43.9s/12m00.0s

running (08m13.0s), 12/12 VUs, 13762 complete and 0 interrupted iterations
gradual_ramp   [  65% ] 12/12 VUs  07m44.9s/12m00.0s

running (08m14.0s), 12/12 VUs, 13781 complete and 0 interrupted iterations
gradual_ramp   [  65% ] 12/12 VUs  07m45.9s/12m00.0s

running (08m15.0s), 12/12 VUs, 13836 complete and 0 interrupted iterations
gradual_ramp   [  65% ] 12/12 VUs  07m46.9s/12m00.0s

running (08m16.0s), 12/12 VUs, 13902 complete and 0 interrupted iterations
gradual_ramp   [  65% ] 12/12 VUs  07m47.9s/12m00.0s

running (08m17.0s), 12/12 VUs, 13951 complete and 0 interrupted iterations
gradual_ramp   [  65% ] 12/12 VUs  07m48.9s/12m00.0s

running (08m18.0s), 12/12 VUs, 14008 complete and 0 interrupted iterations
gradual_ramp   [  65% ] 12/12 VUs  07m49.9s/12m00.0s

running (08m19.0s), 12/12 VUs, 14036 complete and 0 interrupted iterations
gradual_ramp   [  65% ] 12/12 VUs  07m50.9s/12m00.0s

running (08m20.0s), 12/12 VUs, 14081 complete and 0 interrupted iterations
gradual_ramp   [  66% ] 12/12 VUs  07m51.9s/12m00.0s

running (08m21.0s), 12/12 VUs, 14146 complete and 0 interrupted iterations
gradual_ramp   [  66% ] 12/12 VUs  07m52.9s/12m00.0s

running (08m22.0s), 12/12 VUs, 14192 complete and 0 interrupted iterations
gradual_ramp   [  66% ] 12/12 VUs  07m53.9s/12m00.0s

running (08m23.0s), 12/12 VUs, 14251 complete and 0 interrupted iterations
gradual_ramp   [  66% ] 12/12 VUs  07m54.9s/12m00.0s

running (08m24.0s), 12/12 VUs, 14287 complete and 0 interrupted iterations
gradual_ramp   [  66% ] 12/12 VUs  07m55.9s/12m00.0s

running (08m25.0s), 12/12 VUs, 14328 complete and 0 interrupted iterations
gradual_ramp   [  66% ] 12/12 VUs  07m56.9s/12m00.0s

running (08m26.0s), 12/12 VUs, 14361 complete and 0 interrupted iterations
gradual_ramp   [  66% ] 12/12 VUs  07m57.9s/12m00.0s

running (08m27.0s), 12/12 VUs, 14403 complete and 0 interrupted iterations
gradual_ramp   [  67% ] 12/12 VUs  07m58.9s/12m00.0s

running (08m28.0s), 12/12 VUs, 14465 complete and 0 interrupted iterations
gradual_ramp   [  67% ] 12/12 VUs  07m59.9s/12m00.0s

running (08m29.0s), 12/12 VUs, 14523 complete and 0 interrupted iterations
gradual_ramp   [  67% ] 12/12 VUs  08m00.9s/12m00.0s

running (08m30.0s), 12/12 VUs, 14568 complete and 0 interrupted iterations
gradual_ramp   [  67% ] 12/12 VUs  08m01.9s/12m00.0s

running (08m31.0s), 12/12 VUs, 14605 complete and 0 interrupted iterations
gradual_ramp   [  67% ] 12/12 VUs  08m02.9s/12m00.0s

running (08m32.0s), 12/12 VUs, 14689 complete and 0 interrupted iterations
gradual_ramp   [  67% ] 12/12 VUs  08m03.9s/12m00.0s

running (08m33.0s), 12/12 VUs, 14756 complete and 0 interrupted iterations
gradual_ramp   [  67% ] 12/12 VUs  08m04.9s/12m00.0s

running (08m34.0s), 12/12 VUs, 14816 complete and 0 interrupted iterations
gradual_ramp   [  67% ] 12/12 VUs  08m05.9s/12m00.0s

running (08m35.0s), 12/12 VUs, 14867 complete and 0 interrupted iterations
gradual_ramp   [  68% ] 12/12 VUs  08m06.9s/12m00.0s

running (08m36.0s), 12/12 VUs, 14926 complete and 0 interrupted iterations
gradual_ramp   [  68% ] 12/12 VUs  08m07.9s/12m00.0s

running (08m37.0s), 12/12 VUs, 14990 complete and 0 interrupted iterations
gradual_ramp   [  68% ] 12/12 VUs  08m08.9s/12m00.0s

running (08m38.0s), 12/12 VUs, 15007 complete and 0 interrupted iterations
gradual_ramp   [  68% ] 12/12 VUs  08m09.9s/12m00.0s

running (08m39.0s), 12/12 VUs, 15045 complete and 0 interrupted iterations
gradual_ramp   [  68% ] 12/12 VUs  08m10.9s/12m00.0s

running (08m40.0s), 12/12 VUs, 15073 complete and 0 interrupted iterations
gradual_ramp   [  68% ] 12/12 VUs  08m11.9s/12m00.0s

running (08m41.0s), 12/12 VUs, 15118 complete and 0 interrupted iterations
gradual_ramp   [  68% ] 12/12 VUs  08m12.9s/12m00.0s

running (08m42.0s), 12/12 VUs, 15154 complete and 0 interrupted iterations
gradual_ramp   [  69% ] 12/12 VUs  08m13.9s/12m00.0s

running (08m43.0s), 12/12 VUs, 15187 complete and 0 interrupted iterations
gradual_ramp   [  69% ] 12/12 VUs  08m14.9s/12m00.0s

running (08m44.0s), 12/12 VUs, 15249 complete and 0 interrupted iterations
gradual_ramp   [  69% ] 12/12 VUs  08m15.9s/12m00.0s

running (08m45.0s), 12/12 VUs, 15305 complete and 0 interrupted iterations
gradual_ramp   [  69% ] 12/12 VUs  08m16.9s/12m00.0s

running (08m46.0s), 12/12 VUs, 15373 complete and 0 interrupted iterations
gradual_ramp   [  69% ] 12/12 VUs  08m17.9s/12m00.0s

running (08m47.0s), 12/12 VUs, 15410 complete and 0 interrupted iterations
gradual_ramp   [  69% ] 12/12 VUs  08m18.9s/12m00.0s

running (08m48.0s), 12/12 VUs, 15444 complete and 0 interrupted iterations
gradual_ramp   [  69% ] 12/12 VUs  08m19.9s/12m00.0s

running (08m49.0s), 12/12 VUs, 15500 complete and 0 interrupted iterations
gradual_ramp   [  70% ] 12/12 VUs  08m20.9s/12m00.0s

running (08m50.0s), 12/12 VUs, 15535 complete and 0 interrupted iterations
gradual_ramp   [  70% ] 12/12 VUs  08m21.9s/12m00.0s

running (08m51.0s), 12/12 VUs, 15572 complete and 0 interrupted iterations
gradual_ramp   [  70% ] 12/12 VUs  08m22.9s/12m00.0s

running (08m52.0s), 12/12 VUs, 15651 complete and 0 interrupted iterations
gradual_ramp   [  70% ] 12/12 VUs  08m23.9s/12m00.0s

running (08m53.0s), 12/12 VUs, 15734 complete and 0 interrupted iterations
gradual_ramp   [  70% ] 12/12 VUs  08m24.9s/12m00.0s

running (08m54.0s), 12/12 VUs, 15779 complete and 0 interrupted iterations
gradual_ramp   [  70% ] 12/12 VUs  08m25.9s/12m00.0s

running (08m55.0s), 12/12 VUs, 15798 complete and 0 interrupted iterations
gradual_ramp   [  70% ] 12/12 VUs  08m26.9s/12m00.0s

running (08m56.0s), 12/12 VUs, 15845 complete and 0 interrupted iterations
gradual_ramp   [  71% ] 12/12 VUs  08m27.9s/12m00.0s

running (08m57.0s), 12/12 VUs, 15911 complete and 0 interrupted iterations
gradual_ramp   [  71% ] 12/12 VUs  08m28.9s/12m00.0s

running (08m58.0s), 12/12 VUs, 15956 complete and 0 interrupted iterations
gradual_ramp   [  71% ] 12/12 VUs  08m29.9s/12m00.0s

running (08m59.0s), 12/12 VUs, 15987 complete and 0 interrupted iterations
gradual_ramp   [  71% ] 12/12 VUs  08m30.9s/12m00.0s

running (09m00.0s), 12/12 VUs, 16075 complete and 0 interrupted iterations
gradual_ramp   [  71% ] 12/12 VUs  08m31.9s/12m00.0s

running (09m01.0s), 12/12 VUs, 16121 complete and 0 interrupted iterations
gradual_ramp   [  71% ] 12/12 VUs  08m32.9s/12m00.0s

running (09m02.0s), 12/12 VUs, 16150 complete and 0 interrupted iterations
gradual_ramp   [  71% ] 12/12 VUs  08m33.9s/12m00.0s

running (09m03.0s), 12/12 VUs, 16202 complete and 0 interrupted iterations
gradual_ramp   [  72% ] 12/12 VUs  08m34.9s/12m00.0s

running (09m04.0s), 12/12 VUs, 16241 complete and 0 interrupted iterations
gradual_ramp   [  72% ] 12/12 VUs  08m35.9s/12m00.0s

running (09m05.0s), 12/12 VUs, 16301 complete and 0 interrupted iterations
gradual_ramp   [  72% ] 12/12 VUs  08m36.9s/12m00.0s

running (09m06.0s), 12/12 VUs, 16312 complete and 0 interrupted iterations
gradual_ramp   [  72% ] 12/12 VUs  08m37.9s/12m00.0s

running (09m07.0s), 12/12 VUs, 16363 complete and 0 interrupted iterations
gradual_ramp   [  72% ] 12/12 VUs  08m38.9s/12m00.0s

running (09m08.0s), 12/12 VUs, 16415 complete and 0 interrupted iterations
gradual_ramp   [  72% ] 12/12 VUs  08m39.9s/12m00.0s

running (09m09.0s), 12/12 VUs, 16454 complete and 0 interrupted iterations
gradual_ramp   [  72% ] 12/12 VUs  08m40.9s/12m00.0s

running (09m10.0s), 12/12 VUs, 16489 complete and 0 interrupted iterations
gradual_ramp   [  72% ] 12/12 VUs  08m41.9s/12m00.0s

running (09m11.0s), 12/12 VUs, 16530 complete and 0 interrupted iterations
gradual_ramp   [  73% ] 12/12 VUs  08m42.9s/12m00.0s

running (09m12.0s), 12/12 VUs, 16558 complete and 0 interrupted iterations
gradual_ramp   [  73% ] 12/12 VUs  08m43.9s/12m00.0s

running (09m13.0s), 12/12 VUs, 16594 complete and 0 interrupted iterations
gradual_ramp   [  73% ] 12/12 VUs  08m44.9s/12m00.0s

running (09m14.0s), 12/12 VUs, 16640 complete and 0 interrupted iterations
gradual_ramp   [  73% ] 12/12 VUs  08m45.9s/12m00.0s

running (09m15.0s), 12/12 VUs, 16708 complete and 0 interrupted iterations
gradual_ramp   [  73% ] 12/12 VUs  08m46.9s/12m00.0s

running (09m16.0s), 12/12 VUs, 16767 complete and 0 interrupted iterations
gradual_ramp   [  73% ] 12/12 VUs  08m47.9s/12m00.0s

running (09m17.0s), 12/12 VUs, 16803 complete and 0 interrupted iterations
gradual_ramp   [  73% ] 12/12 VUs  08m48.9s/12m00.0s

running (09m18.0s), 12/12 VUs, 16825 complete and 0 interrupted iterations
gradual_ramp   [  74% ] 12/12 VUs  08m49.9s/12m00.0s

running (09m19.0s), 12/12 VUs, 16865 complete and 0 interrupted iterations
gradual_ramp   [  74% ] 12/12 VUs  08m50.9s/12m00.0s

running (09m20.0s), 12/12 VUs, 16893 complete and 0 interrupted iterations
gradual_ramp   [  74% ] 12/12 VUs  08m51.9s/12m00.0s

running (09m21.0s), 12/12 VUs, 16934 complete and 0 interrupted iterations
gradual_ramp   [  74% ] 12/12 VUs  08m52.9s/12m00.0s

running (09m22.0s), 12/12 VUs, 16953 complete and 0 interrupted iterations
gradual_ramp   [  74% ] 12/12 VUs  08m53.9s/12m00.0s

running (09m23.0s), 12/12 VUs, 16980 complete and 0 interrupted iterations
gradual_ramp   [  74% ] 12/12 VUs  08m54.9s/12m00.0s

running (09m24.0s), 12/12 VUs, 17007 complete and 0 interrupted iterations
gradual_ramp   [  74% ] 12/12 VUs  08m55.9s/12m00.0s

running (09m25.0s), 12/12 VUs, 17041 complete and 0 interrupted iterations
gradual_ramp   [  75% ] 12/12 VUs  08m56.9s/12m00.0s

running (09m26.0s), 12/12 VUs, 17064 complete and 0 interrupted iterations
gradual_ramp   [  75% ] 12/12 VUs  08m57.9s/12m00.0s

running (09m27.0s), 12/12 VUs, 17102 complete and 0 interrupted iterations
gradual_ramp   [  75% ] 12/12 VUs  08m58.9s/12m00.0s

running (09m28.0s), 12/12 VUs, 17148 complete and 0 interrupted iterations
gradual_ramp   [  75% ] 12/12 VUs  08m59.9s/12m00.0s

running (09m29.0s), 12/12 VUs, 17192 complete and 0 interrupted iterations
gradual_ramp   [  75% ] 12/12 VUs  09m00.9s/12m00.0s

running (09m30.0s), 12/12 VUs, 17208 complete and 0 interrupted iterations
gradual_ramp   [  75% ] 12/12 VUs  09m01.9s/12m00.0s

running (09m31.0s), 12/12 VUs, 17232 complete and 0 interrupted iterations
gradual_ramp   [  75% ] 12/12 VUs  09m02.9s/12m00.0s

running (09m32.0s), 12/12 VUs, 17318 complete and 0 interrupted iterations
gradual_ramp   [  76% ] 12/12 VUs  09m03.9s/12m00.0s

running (09m33.0s), 12/12 VUs, 17365 complete and 0 interrupted iterations
gradual_ramp   [  76% ] 12/12 VUs  09m04.9s/12m00.0s

running (09m34.0s), 12/12 VUs, 17417 complete and 0 interrupted iterations
gradual_ramp   [  76% ] 12/12 VUs  09m05.9s/12m00.0s

running (09m35.0s), 12/12 VUs, 17460 complete and 0 interrupted iterations
gradual_ramp   [  76% ] 12/12 VUs  09m06.9s/12m00.0s

running (09m36.0s), 12/12 VUs, 17496 complete and 0 interrupted iterations
gradual_ramp   [  76% ] 12/12 VUs  09m07.9s/12m00.0s

running (09m37.0s), 12/12 VUs, 17574 complete and 0 interrupted iterations
gradual_ramp   [  76% ] 12/12 VUs  09m08.9s/12m00.0s

running (09m38.0s), 12/12 VUs, 17633 complete and 0 interrupted iterations
gradual_ramp   [  76% ] 12/12 VUs  09m09.9s/12m00.0s

running (09m39.0s), 12/12 VUs, 17668 complete and 0 interrupted iterations
gradual_ramp   [  77% ] 12/12 VUs  09m10.9s/12m00.0s

running (09m40.0s), 12/12 VUs, 17682 complete and 0 interrupted iterations
gradual_ramp   [  77% ] 12/12 VUs  09m11.9s/12m00.0s

running (09m41.0s), 12/12 VUs, 17725 complete and 0 interrupted iterations
gradual_ramp   [  77% ] 12/12 VUs  09m12.9s/12m00.0s

running (09m42.0s), 12/12 VUs, 17765 complete and 0 interrupted iterations
gradual_ramp   [  77% ] 12/12 VUs  09m13.9s/12m00.0s

running (09m43.0s), 12/12 VUs, 17805 complete and 0 interrupted iterations
gradual_ramp   [  77% ] 12/12 VUs  09m14.9s/12m00.0s

running (09m44.0s), 12/12 VUs, 17846 complete and 0 interrupted iterations
gradual_ramp   [  77% ] 12/12 VUs  09m15.9s/12m00.0s

running (09m45.0s), 11/12 VUs, 17878 complete and 0 interrupted iterations
gradual_ramp   [  77% ] 11/12 VUs  09m16.9s/12m00.0s

running (09m46.0s), 11/12 VUs, 17925 complete and 0 interrupted iterations
gradual_ramp   [  77% ] 11/12 VUs  09m17.9s/12m00.0s

running (09m47.0s), 11/12 VUs, 18001 complete and 0 interrupted iterations
gradual_ramp   [  78% ] 11/12 VUs  09m18.9s/12m00.0s

running (09m48.0s), 11/12 VUs, 18054 complete and 0 interrupted iterations
gradual_ramp   [  78% ] 11/12 VUs  09m19.9s/12m00.0s

running (09m49.0s), 11/12 VUs, 18086 complete and 0 interrupted iterations
gradual_ramp   [  78% ] 11/12 VUs  09m20.9s/12m00.0s

running (09m50.0s), 11/12 VUs, 18135 complete and 0 interrupted iterations
gradual_ramp   [  78% ] 11/12 VUs  09m21.9s/12m00.0s

running (09m51.0s), 11/12 VUs, 18193 complete and 0 interrupted iterations
gradual_ramp   [  78% ] 11/12 VUs  09m22.9s/12m00.0s

running (09m52.0s), 11/12 VUs, 18255 complete and 0 interrupted iterations
gradual_ramp   [  78% ] 11/12 VUs  09m23.9s/12m00.0s

running (09m53.0s), 11/12 VUs, 18329 complete and 0 interrupted iterations
gradual_ramp   [  78% ] 11/12 VUs  09m24.9s/12m00.0s

running (09m54.0s), 11/12 VUs, 18360 complete and 0 interrupted iterations
gradual_ramp   [  79% ] 11/12 VUs  09m25.9s/12m00.0s

running (09m55.0s), 11/12 VUs, 18373 complete and 0 interrupted iterations
gradual_ramp   [  79% ] 11/12 VUs  09m26.9s/12m00.0s

running (09m56.0s), 11/12 VUs, 18425 complete and 0 interrupted iterations
gradual_ramp   [  79% ] 11/12 VUs  09m27.9s/12m00.0s

running (09m57.0s), 11/12 VUs, 18451 complete and 0 interrupted iterations
gradual_ramp   [  79% ] 11/12 VUs  09m28.9s/12m00.0s

running (09m58.0s), 11/12 VUs, 18485 complete and 0 interrupted iterations
gradual_ramp   [  79% ] 11/12 VUs  09m29.9s/12m00.0s

running (09m59.0s), 11/12 VUs, 18563 complete and 0 interrupted iterations
gradual_ramp   [  79% ] 11/12 VUs  09m30.9s/12m00.0s

running (10m00.0s), 10/12 VUs, 18608 complete and 0 interrupted iterations
gradual_ramp   [  79% ] 10/12 VUs  09m31.9s/12m00.0s

running (10m01.0s), 10/12 VUs, 18665 complete and 0 interrupted iterations
gradual_ramp   [  80% ] 10/12 VUs  09m32.9s/12m00.0s

running (10m02.0s), 10/12 VUs, 18710 complete and 0 interrupted iterations
gradual_ramp   [  80% ] 10/12 VUs  09m33.9s/12m00.0s

running (10m03.0s), 10/12 VUs, 18733 complete and 0 interrupted iterations
gradual_ramp   [  80% ] 10/12 VUs  09m34.9s/12m00.0s

running (10m04.0s), 10/12 VUs, 18752 complete and 0 interrupted iterations
gradual_ramp   [  80% ] 10/12 VUs  09m35.9s/12m00.0s

running (10m05.0s), 10/12 VUs, 18812 complete and 0 interrupted iterations
gradual_ramp   [  80% ] 10/12 VUs  09m36.9s/12m00.0s

running (10m06.0s), 10/12 VUs, 18867 complete and 0 interrupted iterations
gradual_ramp   [  80% ] 10/12 VUs  09m37.9s/12m00.0s

running (10m07.0s), 10/12 VUs, 18888 complete and 0 interrupted iterations
gradual_ramp   [  80% ] 10/12 VUs  09m38.9s/12m00.0s

running (10m08.0s), 10/12 VUs, 18910 complete and 0 interrupted iterations
gradual_ramp   [  81% ] 10/12 VUs  09m39.9s/12m00.0s

running (10m09.0s), 10/12 VUs, 18932 complete and 0 interrupted iterations
gradual_ramp   [  81% ] 10/12 VUs  09m40.9s/12m00.0s

running (10m10.0s), 10/12 VUs, 18983 complete and 0 interrupted iterations
gradual_ramp   [  81% ] 10/12 VUs  09m41.9s/12m00.0s

running (10m11.0s), 10/12 VUs, 19012 complete and 0 interrupted iterations
gradual_ramp   [  81% ] 10/12 VUs  09m42.9s/12m00.0s

running (10m12.0s), 10/12 VUs, 19052 complete and 0 interrupted iterations
gradual_ramp   [  81% ] 10/12 VUs  09m43.9s/12m00.0s

running (10m13.0s), 10/12 VUs, 19076 complete and 0 interrupted iterations
gradual_ramp   [  81% ] 10/12 VUs  09m44.9s/12m00.0s

running (10m14.0s), 09/12 VUs, 19117 complete and 0 interrupted iterations
gradual_ramp   [  81% ] 09/12 VUs  09m45.9s/12m00.0s

running (10m15.0s), 09/12 VUs, 19167 complete and 0 interrupted iterations
gradual_ramp   [  82% ] 09/12 VUs  09m46.9s/12m00.0s

running (10m16.0s), 09/12 VUs, 19225 complete and 0 interrupted iterations
gradual_ramp   [  82% ] 09/12 VUs  09m47.9s/12m00.0s

running (10m17.0s), 09/12 VUs, 19294 complete and 0 interrupted iterations
gradual_ramp   [  82% ] 09/12 VUs  09m48.9s/12m00.0s

running (10m18.0s), 09/12 VUs, 19356 complete and 0 interrupted iterations
gradual_ramp   [  82% ] 09/12 VUs  09m49.9s/12m00.0s

running (10m19.0s), 09/12 VUs, 19393 complete and 0 interrupted iterations
gradual_ramp   [  82% ] 09/12 VUs  09m50.9s/12m00.0s

running (10m20.0s), 09/12 VUs, 19428 complete and 0 interrupted iterations
gradual_ramp   [  82% ] 09/12 VUs  09m51.9s/12m00.0s

running (10m21.0s), 09/12 VUs, 19483 complete and 0 interrupted iterations
gradual_ramp   [  82% ] 09/12 VUs  09m52.9s/12m00.0s

running (10m22.0s), 09/12 VUs, 19553 complete and 0 interrupted iterations
gradual_ramp   [  82% ] 09/12 VUs  09m53.9s/12m00.0s

running (10m23.0s), 09/12 VUs, 19595 complete and 0 interrupted iterations
gradual_ramp   [  83% ] 09/12 VUs  09m54.9s/12m00.0s

running (10m24.0s), 09/12 VUs, 19607 complete and 0 interrupted iterations
gradual_ramp   [  83% ] 09/12 VUs  09m55.9s/12m00.0s

running (10m25.0s), 09/12 VUs, 19633 complete and 0 interrupted iterations
gradual_ramp   [  83% ] 09/12 VUs  09m56.9s/12m00.0s

running (10m26.0s), 09/12 VUs, 19667 complete and 0 interrupted iterations
gradual_ramp   [  83% ] 09/12 VUs  09m57.9s/12m00.0s

running (10m27.0s), 09/12 VUs, 19712 complete and 0 interrupted iterations
gradual_ramp   [  83% ] 09/12 VUs  09m58.9s/12m00.0s

running (10m28.0s), 09/12 VUs, 19754 complete and 0 interrupted iterations
gradual_ramp   [  83% ] 09/12 VUs  09m59.9s/12m00.0s

running (10m29.0s), 08/12 VUs, 19790 complete and 0 interrupted iterations
gradual_ramp   [  83% ] 08/12 VUs  10m00.9s/12m00.0s

running (10m30.0s), 08/12 VUs, 19860 complete and 0 interrupted iterations
gradual_ramp   [  84% ] 08/12 VUs  10m01.9s/12m00.0s

running (10m31.0s), 08/12 VUs, 19904 complete and 0 interrupted iterations
gradual_ramp   [  84% ] 08/12 VUs  10m02.9s/12m00.0s

running (10m32.0s), 08/12 VUs, 19921 complete and 0 interrupted iterations
gradual_ramp   [  84% ] 08/12 VUs  10m03.9s/12m00.0s

running (10m33.0s), 08/12 VUs, 19987 complete and 0 interrupted iterations
gradual_ramp   [  84% ] 08/12 VUs  10m04.9s/12m00.0s

running (10m34.0s), 08/12 VUs, 20034 complete and 0 interrupted iterations
gradual_ramp   [  84% ] 08/12 VUs  10m05.9s/12m00.0s

running (10m35.0s), 08/12 VUs, 20057 complete and 0 interrupted iterations
gradual_ramp   [  84% ] 08/12 VUs  10m06.9s/12m00.0s

running (10m36.0s), 08/12 VUs, 20095 complete and 0 interrupted iterations
gradual_ramp   [  84% ] 08/12 VUs  10m07.9s/12m00.0s

running (10m37.0s), 08/12 VUs, 20127 complete and 0 interrupted iterations
gradual_ramp   [  85% ] 08/12 VUs  10m08.9s/12m00.0s

running (10m38.0s), 08/12 VUs, 20176 complete and 0 interrupted iterations
gradual_ramp   [  85% ] 08/12 VUs  10m09.9s/12m00.0s

running (10m39.0s), 08/12 VUs, 20225 complete and 0 interrupted iterations
gradual_ramp   [  85% ] 08/12 VUs  10m10.9s/12m00.0s

running (10m40.0s), 08/12 VUs, 20283 complete and 0 interrupted iterations
gradual_ramp   [  85% ] 08/12 VUs  10m11.9s/12m00.0s

running (10m41.0s), 08/12 VUs, 20324 complete and 0 interrupted iterations
gradual_ramp   [  85% ] 08/12 VUs  10m12.9s/12m00.0s

running (10m42.0s), 08/12 VUs, 20396 complete and 0 interrupted iterations
gradual_ramp   [  85% ] 08/12 VUs  10m13.9s/12m00.0s

running (10m43.0s), 08/12 VUs, 20457 complete and 0 interrupted iterations
gradual_ramp   [  85% ] 08/12 VUs  10m14.9s/12m00.0s

running (10m44.0s), 07/12 VUs, 20499 complete and 0 interrupted iterations
gradual_ramp   [  86% ] 07/12 VUs  10m15.9s/12m00.0s

running (10m45.0s), 07/12 VUs, 20559 complete and 0 interrupted iterations
gradual_ramp   [  86% ] 07/12 VUs  10m16.9s/12m00.0s

running (10m46.0s), 07/12 VUs, 20614 complete and 0 interrupted iterations
gradual_ramp   [  86% ] 07/12 VUs  10m17.9s/12m00.0s

running (10m47.0s), 07/12 VUs, 20634 complete and 0 interrupted iterations
gradual_ramp   [  86% ] 07/12 VUs  10m18.9s/12m00.0s

running (10m48.0s), 07/12 VUs, 20692 complete and 0 interrupted iterations
gradual_ramp   [  86% ] 07/12 VUs  10m19.9s/12m00.0s

running (10m49.0s), 07/12 VUs, 20731 complete and 0 interrupted iterations
gradual_ramp   [  86% ] 07/12 VUs  10m20.9s/12m00.0s

running (10m50.0s), 07/12 VUs, 20767 complete and 0 interrupted iterations
gradual_ramp   [  86% ] 07/12 VUs  10m21.9s/12m00.0s

running (10m51.0s), 07/12 VUs, 20847 complete and 0 interrupted iterations
gradual_ramp   [  87% ] 07/12 VUs  10m22.9s/12m00.0s

running (10m52.0s), 07/12 VUs, 20902 complete and 0 interrupted iterations
gradual_ramp   [  87% ] 07/12 VUs  10m23.9s/12m00.0s

running (10m53.0s), 07/12 VUs, 20915 complete and 0 interrupted iterations
gradual_ramp   [  87% ] 07/12 VUs  10m24.9s/12m00.0s

running (10m54.0s), 07/12 VUs, 20944 complete and 0 interrupted iterations
gradual_ramp   [  87% ] 07/12 VUs  10m25.9s/12m00.0s

running (10m55.0s), 07/12 VUs, 20963 complete and 0 interrupted iterations
gradual_ramp   [  87% ] 07/12 VUs  10m26.9s/12m00.0s

running (10m56.0s), 07/12 VUs, 21020 complete and 0 interrupted iterations
gradual_ramp   [  87% ] 07/12 VUs  10m27.9s/12m00.0s

running (10m57.0s), 07/12 VUs, 21061 complete and 0 interrupted iterations
gradual_ramp   [  87% ] 07/12 VUs  10m28.9s/12m00.0s

running (10m58.0s), 07/12 VUs, 21086 complete and 0 interrupted iterations
gradual_ramp   [  87% ] 07/12 VUs  10m29.9s/12m00.0s

running (10m59.0s), 06/12 VUs, 21128 complete and 0 interrupted iterations
gradual_ramp   [  88% ] 06/12 VUs  10m30.9s/12m00.0s

running (11m00.0s), 06/12 VUs, 21167 complete and 0 interrupted iterations
gradual_ramp   [  88% ] 06/12 VUs  10m31.9s/12m00.0s

running (11m01.0s), 06/12 VUs, 21188 complete and 0 interrupted iterations
gradual_ramp   [  88% ] 06/12 VUs  10m32.9s/12m00.0s

running (11m02.0s), 06/12 VUs, 21224 complete and 0 interrupted iterations
gradual_ramp   [  88% ] 06/12 VUs  10m33.9s/12m00.0s

running (11m03.0s), 06/12 VUs, 21236 complete and 0 interrupted iterations
gradual_ramp   [  88% ] 06/12 VUs  10m34.9s/12m00.0s

running (11m04.0s), 06/12 VUs, 21255 complete and 0 interrupted iterations
gradual_ramp   [  88% ] 06/12 VUs  10m35.9s/12m00.0s

running (11m05.0s), 06/12 VUs, 21275 complete and 0 interrupted iterations
gradual_ramp   [  88% ] 06/12 VUs  10m36.9s/12m00.0s

running (11m06.0s), 06/12 VUs, 21312 complete and 0 interrupted iterations
gradual_ramp   [  89% ] 06/12 VUs  10m37.9s/12m00.0s

running (11m07.0s), 06/12 VUs, 21355 complete and 0 interrupted iterations
gradual_ramp   [  89% ] 06/12 VUs  10m38.9s/12m00.0s

running (11m08.0s), 06/12 VUs, 21411 complete and 0 interrupted iterations
gradual_ramp   [  89% ] 06/12 VUs  10m39.9s/12m00.0s

running (11m09.0s), 06/12 VUs, 21473 complete and 0 interrupted iterations
gradual_ramp   [  89% ] 06/12 VUs  10m40.9s/12m00.0s

running (11m10.0s), 06/12 VUs, 21523 complete and 0 interrupted iterations
gradual_ramp   [  89% ] 06/12 VUs  10m41.9s/12m00.0s

running (11m11.0s), 06/12 VUs, 21562 complete and 0 interrupted iterations
gradual_ramp   [  89% ] 06/12 VUs  10m42.9s/12m00.0s

running (11m12.0s), 06/12 VUs, 21598 complete and 0 interrupted iterations
gradual_ramp   [  89% ] 06/12 VUs  10m43.9s/12m00.0s

running (11m13.0s), 06/12 VUs, 21657 complete and 0 interrupted iterations
gradual_ramp   [  90% ] 06/12 VUs  10m44.9s/12m00.0s

running (11m14.0s), 05/12 VUs, 21684 complete and 0 interrupted iterations
gradual_ramp   [  90% ] 05/12 VUs  10m45.9s/12m00.0s

running (11m15.0s), 05/12 VUs, 21723 complete and 0 interrupted iterations
gradual_ramp   [  90% ] 05/12 VUs  10m46.9s/12m00.0s

running (11m16.0s), 05/12 VUs, 21783 complete and 0 interrupted iterations
gradual_ramp   [  90% ] 05/12 VUs  10m47.9s/12m00.0s

running (11m17.0s), 05/12 VUs, 21796 complete and 0 interrupted iterations
gradual_ramp   [  90% ] 05/12 VUs  10m48.9s/12m00.0s

running (11m18.0s), 05/12 VUs, 21841 complete and 0 interrupted iterations
gradual_ramp   [  90% ] 05/12 VUs  10m49.9s/12m00.0s

running (11m19.0s), 05/12 VUs, 21893 complete and 0 interrupted iterations
gradual_ramp   [  90% ] 05/12 VUs  10m50.9s/12m00.0s

running (11m20.0s), 05/12 VUs, 21929 complete and 0 interrupted iterations
gradual_ramp   [  91% ] 05/12 VUs  10m51.9s/12m00.0s

running (11m21.0s), 05/12 VUs, 21984 complete and 0 interrupted iterations
gradual_ramp   [  91% ] 05/12 VUs  10m52.9s/12m00.0s

running (11m22.0s), 05/12 VUs, 22031 complete and 0 interrupted iterations
gradual_ramp   [  91% ] 05/12 VUs  10m53.9s/12m00.0s

running (11m23.0s), 05/12 VUs, 22102 complete and 0 interrupted iterations
gradual_ramp   [  91% ] 05/12 VUs  10m54.9s/12m00.0s

running (11m24.0s), 05/12 VUs, 22162 complete and 0 interrupted iterations
gradual_ramp   [  91% ] 05/12 VUs  10m55.9s/12m00.0s

running (11m25.0s), 05/12 VUs, 22189 complete and 0 interrupted iterations
gradual_ramp   [  91% ] 05/12 VUs  10m56.9s/12m00.0s

running (11m26.0s), 05/12 VUs, 22214 complete and 0 interrupted iterations
gradual_ramp   [  91% ] 05/12 VUs  10m57.9s/12m00.0s

running (11m27.0s), 05/12 VUs, 22220 complete and 0 interrupted iterations
gradual_ramp   [  92% ] 05/12 VUs  10m58.9s/12m00.0s

running (11m28.0s), 05/12 VUs, 22246 complete and 0 interrupted iterations
gradual_ramp   [  92% ] 05/12 VUs  10m59.9s/12m00.0s

running (11m29.0s), 04/12 VUs, 22316 complete and 0 interrupted iterations
gradual_ramp   [  92% ] 04/12 VUs  11m00.9s/12m00.0s

running (11m30.0s), 04/12 VUs, 22335 complete and 0 interrupted iterations
gradual_ramp   [  92% ] 04/12 VUs  11m01.9s/12m00.0s

running (11m31.0s), 04/12 VUs, 22371 complete and 0 interrupted iterations
gradual_ramp   [  92% ] 04/12 VUs  11m02.9s/12m00.0s

running (11m32.0s), 04/12 VUs, 22407 complete and 0 interrupted iterations
gradual_ramp   [  92% ] 04/12 VUs  11m03.9s/12m00.0s

running (11m33.0s), 04/12 VUs, 22481 complete and 0 interrupted iterations
gradual_ramp   [  92% ] 04/12 VUs  11m04.9s/12m00.0s

running (11m34.0s), 04/12 VUs, 22489 complete and 0 interrupted iterations
gradual_ramp   [  92% ] 04/12 VUs  11m05.9s/12m00.0s

running (11m35.0s), 04/12 VUs, 22520 complete and 0 interrupted iterations
gradual_ramp   [  93% ] 04/12 VUs  11m06.9s/12m00.0s

running (11m36.0s), 04/12 VUs, 22567 complete and 0 interrupted iterations
gradual_ramp   [  93% ] 04/12 VUs  11m07.9s/12m00.0s

running (11m37.0s), 04/12 VUs, 22610 complete and 0 interrupted iterations
gradual_ramp   [  93% ] 04/12 VUs  11m08.9s/12m00.0s

running (11m38.0s), 04/12 VUs, 22650 complete and 0 interrupted iterations
gradual_ramp   [  93% ] 04/12 VUs  11m09.9s/12m00.0s

running (11m39.0s), 04/12 VUs, 22673 complete and 0 interrupted iterations
gradual_ramp   [  93% ] 04/12 VUs  11m10.9s/12m00.0s

running (11m40.0s), 04/12 VUs, 22716 complete and 0 interrupted iterations
gradual_ramp   [  93% ] 04/12 VUs  11m11.9s/12m00.0s

running (11m41.0s), 04/12 VUs, 22733 complete and 0 interrupted iterations
gradual_ramp   [  93% ] 04/12 VUs  11m12.9s/12m00.0s

running (11m42.0s), 04/12 VUs, 22771 complete and 0 interrupted iterations
gradual_ramp   [  94% ] 04/12 VUs  11m13.9s/12m00.0s

running (11m43.0s), 04/12 VUs, 22781 complete and 0 interrupted iterations
gradual_ramp   [  94% ] 04/12 VUs  11m14.9s/12m00.0s

running (11m44.0s), 03/12 VUs, 22822 complete and 0 interrupted iterations
gradual_ramp   [  94% ] 03/12 VUs  11m15.9s/12m00.0s

running (11m45.0s), 03/12 VUs, 22873 complete and 0 interrupted iterations
gradual_ramp   [  94% ] 03/12 VUs  11m16.9s/12m00.0s

running (11m46.0s), 03/12 VUs, 22916 complete and 0 interrupted iterations
gradual_ramp   [  94% ] 03/12 VUs  11m17.9s/12m00.0s

running (11m47.0s), 03/12 VUs, 22934 complete and 0 interrupted iterations
gradual_ramp   [  94% ] 03/12 VUs  11m18.9s/12m00.0s

running (11m48.0s), 03/12 VUs, 22964 complete and 0 interrupted iterations
gradual_ramp   [  94% ] 03/12 VUs  11m19.9s/12m00.0s

running (11m49.0s), 03/12 VUs, 22991 complete and 0 interrupted iterations
gradual_ramp   [  95% ] 03/12 VUs  11m20.9s/12m00.0s

running (11m50.0s), 03/12 VUs, 23016 complete and 0 interrupted iterations
gradual_ramp   [  95% ] 03/12 VUs  11m21.9s/12m00.0s

running (11m51.0s), 03/12 VUs, 23063 complete and 0 interrupted iterations
gradual_ramp   [  95% ] 03/12 VUs  11m22.9s/12m00.0s

running (11m52.0s), 03/12 VUs, 23106 complete and 0 interrupted iterations
gradual_ramp   [  95% ] 03/12 VUs  11m23.9s/12m00.0s

running (11m53.0s), 03/12 VUs, 23125 complete and 0 interrupted iterations
gradual_ramp   [  95% ] 03/12 VUs  11m24.9s/12m00.0s

running (11m54.0s), 03/12 VUs, 23154 complete and 0 interrupted iterations
gradual_ramp   [  95% ] 03/12 VUs  11m25.9s/12m00.0s

running (11m55.0s), 03/12 VUs, 23192 complete and 0 interrupted iterations
gradual_ramp   [  95% ] 03/12 VUs  11m26.9s/12m00.0s

running (11m56.0s), 03/12 VUs, 23260 complete and 0 interrupted iterations
gradual_ramp   [  96% ] 03/12 VUs  11m27.9s/12m00.0s

running (11m57.0s), 03/12 VUs, 23270 complete and 0 interrupted iterations
gradual_ramp   [  96% ] 03/12 VUs  11m28.9s/12m00.0s

running (11m58.0s), 03/12 VUs, 23298 complete and 0 interrupted iterations
gradual_ramp   [  96% ] 03/12 VUs  11m29.9s/12m00.0s

running (11m59.0s), 03/12 VUs, 23324 complete and 0 interrupted iterations
gradual_ramp   [  96% ] 03/12 VUs  11m30.9s/12m00.0s

running (12m00.0s), 02/12 VUs, 23339 complete and 0 interrupted iterations
gradual_ramp   [  96% ] 02/12 VUs  11m31.9s/12m00.0s

running (12m01.0s), 02/12 VUs, 23349 complete and 0 interrupted iterations
gradual_ramp   [  96% ] 02/12 VUs  11m32.9s/12m00.0s

running (12m02.0s), 02/12 VUs, 23396 complete and 0 interrupted iterations
gradual_ramp   [  96% ] 02/12 VUs  11m33.9s/12m00.0s

running (12m03.0s), 02/12 VUs, 23414 complete and 0 interrupted iterations
gradual_ramp   [  97% ] 02/12 VUs  11m34.9s/12m00.0s

running (12m04.0s), 02/12 VUs, 23443 complete and 0 interrupted iterations
gradual_ramp   [  97% ] 02/12 VUs  11m35.9s/12m00.0s

running (12m05.0s), 02/12 VUs, 23458 complete and 0 interrupted iterations
gradual_ramp   [  97% ] 02/12 VUs  11m36.9s/12m00.0s

running (12m06.0s), 02/12 VUs, 23465 complete and 0 interrupted iterations
gradual_ramp   [  97% ] 02/12 VUs  11m37.9s/12m00.0s

running (12m07.0s), 02/12 VUs, 23476 complete and 0 interrupted iterations
gradual_ramp   [  97% ] 02/12 VUs  11m38.9s/12m00.0s

running (12m08.0s), 02/12 VUs, 23517 complete and 0 interrupted iterations
gradual_ramp   [  97% ] 02/12 VUs  11m39.9s/12m00.0s

running (12m09.0s), 02/12 VUs, 23544 complete and 0 interrupted iterations
gradual_ramp   [  97% ] 02/12 VUs  11m40.9s/12m00.0s

running (12m10.0s), 02/12 VUs, 23557 complete and 0 interrupted iterations
gradual_ramp   [  97% ] 02/12 VUs  11m41.9s/12m00.0s

running (12m11.0s), 02/12 VUs, 23621 complete and 0 interrupted iterations
gradual_ramp   [  98% ] 02/12 VUs  11m42.9s/12m00.0s

running (12m12.0s), 02/12 VUs, 23648 complete and 0 interrupted iterations
gradual_ramp   [  98% ] 02/12 VUs  11m43.9s/12m00.0s

running (12m13.0s), 02/12 VUs, 23661 complete and 0 interrupted iterations
gradual_ramp   [  98% ] 02/12 VUs  11m44.9s/12m00.0s

running (12m14.0s), 01/12 VUs, 23678 complete and 0 interrupted iterations
gradual_ramp   [  98% ] 01/12 VUs  11m45.9s/12m00.0s

running (12m15.0s), 01/12 VUs, 23701 complete and 0 interrupted iterations
gradual_ramp   [  98% ] 01/12 VUs  11m46.9s/12m00.0s

running (12m16.0s), 01/12 VUs, 23716 complete and 0 interrupted iterations
gradual_ramp   [  98% ] 01/12 VUs  11m47.9s/12m00.0s

running (12m17.0s), 01/12 VUs, 23729 complete and 0 interrupted iterations
gradual_ramp   [  98% ] 01/12 VUs  11m48.9s/12m00.0s

running (12m18.0s), 01/12 VUs, 23739 complete and 0 interrupted iterations
gradual_ramp   [  99% ] 01/12 VUs  11m49.9s/12m00.0s

running (12m19.0s), 01/12 VUs, 23754 complete and 0 interrupted iterations
gradual_ramp   [  99% ] 01/12 VUs  11m50.9s/12m00.0s

running (12m20.0s), 01/12 VUs, 23772 complete and 0 interrupted iterations
gradual_ramp   [  99% ] 01/12 VUs  11m51.9s/12m00.0s

running (12m21.0s), 01/12 VUs, 23788 complete and 0 interrupted iterations
gradual_ramp   [  99% ] 01/12 VUs  11m52.9s/12m00.0s

running (12m22.0s), 01/12 VUs, 23803 complete and 0 interrupted iterations
gradual_ramp   [  99% ] 01/12 VUs  11m53.9s/12m00.0s

running (12m23.0s), 01/12 VUs, 23811 complete and 0 interrupted iterations
gradual_ramp   [  99% ] 01/12 VUs  11m54.9s/12m00.0s

running (12m24.0s), 01/12 VUs, 23821 complete and 0 interrupted iterations
gradual_ramp   [  99% ] 01/12 VUs  11m55.9s/12m00.0s

running (12m25.0s), 01/12 VUs, 23838 complete and 0 interrupted iterations
gradual_ramp   [ 100% ] 01/12 VUs  11m56.9s/12m00.0s

running (12m26.0s), 01/12 VUs, 23843 complete and 0 interrupted iterations
gradual_ramp   [ 100% ] 01/12 VUs  11m57.9s/12m00.0s

running (12m27.0s), 01/12 VUs, 23860 complete and 0 interrupted iterations
gradual_ramp   [ 100% ] 01/12 VUs  11m58.9s/12m00.0s

running (12m28.0s), 01/12 VUs, 23871 complete and 0 interrupted iterations
gradual_ramp   [ 100% ] 01/12 VUs  11m59.9s/12m00.0s


  █ THRESHOLDS 

    http_req_duration
    ✓ 'p(95)<2000' p(95)=1.15s

    http_req_failed
    ✓ 'rate<0.05' rate=0.00%


  █ TOTAL RESULTS 

    checks_total.......: 71616  95.701393/s
    checks_succeeded...: 97.97% 70167 out of 71616
    checks_failed......: 2.02%  1449 out of 71616

    ✓ login status is 200
    ✓ login returns access token
    ✗ login response time < 1000ms
      ↳  80% — ✓ 5854 / ✗ 1433
    ✓ me status is 200
    ✓ me returns user data
    ✗ me response time < 500ms
      ↳  99% — ✓ 16569 / ✗ 16

    HTTP
    http_req_duration..............: avg=189.41ms min=2.18ms med=12.56ms max=5.89s p(90)=539.62ms p(95)=1.15s
      { expected_response:true }...: avg=189.41ms min=2.18ms med=12.56ms max=5.89s p(90)=539.62ms p(95)=1.15s
    http_req_failed................: 0.00% 0 out of 23992
    http_reqs......................: 23992 32.060822/s

    EXECUTION
    iteration_duration.............: avg=190.02ms min=2.72ms med=13.35ms max=5.89s p(90)=539.82ms p(95)=1.16s
    iterations.....................: 23872 31.900464/s
    vus............................: 1     min=0          max=12
    vus_max........................: 12    min=12         max=12

    NETWORK
    data_received..................: 13 MB 17 kB/s
    data_sent......................: 12 MB 16 kB/s




running (12m28.3s), 00/12 VUs, 23872 complete and 0 interrupted iterations
gradual_ramp ✓ [ 100% ] 00/12 VUs  12m0s
