
         /\      Grafana   /‾‾/  
    /\  /  \     |\  __   /  /   
   /  \/    \    | |/ /  /   ‾‾\ 
  /          \   |   (  |  (‾)  |
 / __________ \  |_|\_\  \_____/ 


     execution: local
        script: /scripts/load-test.js
        output: json (/results/results.json)

     scenarios: (100.00%) 1 scenario, 12 max VUs, 12m30s max duration (incl. graceful stop):
              * gradual_ramp: Up to 12 looping VUs for 12m0s over 4 stages (gracefulRampDown: 30s, gracefulStop: 30s)

time="2026-08-16T22:32:03Z" level=info msg="Seeding and pre-authenticating 120 users..." source=console

Run            [ 100% ] setup()
gradual_ramp   [   0% ]

Run            [ 100% ] setup()
gradual_ramp   [   0% ]

Run            [ 100% ] setup()
gradual_ramp   [   0% ]

Run            [ 100% ] setup()
gradual_ramp   [   0% ]

Run            [ 100% ] setup()
gradual_ramp   [   0% ]

Run            [ 100% ] setup()
gradual_ramp   [   0% ]

Run            [ 100% ] setup()
gradual_ramp   [   0% ]

Run            [ 100% ] setup()
gradual_ramp   [   0% ]

Run            [ 100% ] setup()
gradual_ramp   [   0% ]

Run            [ 100% ] setup()
gradual_ramp   [   0% ]

Run            [ 100% ] setup()
gradual_ramp   [   0% ]

Run            [ 100% ] setup()
gradual_ramp   [   0% ]

Run            [ 100% ] setup()
gradual_ramp   [   0% ]

Run            [ 100% ] setup()
gradual_ramp   [   0% ]

Run            [ 100% ] setup()
gradual_ramp   [   0% ]

Run            [ 100% ] setup()
gradual_ramp   [   0% ]

Run            [ 100% ] setup()
gradual_ramp   [   0% ]

Run            [ 100% ] setup()
gradual_ramp   [   0% ]

Run            [ 100% ] setup()
gradual_ramp   [   0% ]

Run            [ 100% ] setup()
gradual_ramp   [   0% ]

Run            [ 100% ] setup()
gradual_ramp   [   0% ]

Run            [ 100% ] setup()
gradual_ramp   [   0% ]

Run            [ 100% ] setup()
gradual_ramp   [   0% ]

Run            [ 100% ] setup()
gradual_ramp   [   0% ]

Run            [ 100% ] setup()
gradual_ramp   [   0% ]

Run            [ 100% ] setup()
gradual_ramp   [   0% ]

Run            [ 100% ] setup()
gradual_ramp   [   0% ]

Run            [ 100% ] setup()
gradual_ramp   [   0% ]
time="2026-08-16T22:32:31Z" level=info msg="Pre-auth complete: 120/120 tokens obtained" source=console

running (00m29.0s), 01/12 VUs, 20 complete and 0 interrupted iterations
gradual_ramp   [   0% ] 01/12 VUs  00m00.8s/12m00.0s

running (00m30.0s), 01/12 VUs, 27 complete and 0 interrupted iterations
gradual_ramp   [   0% ] 01/12 VUs  00m01.8s/12m00.0s

running (00m31.0s), 01/12 VUs, 41 complete and 0 interrupted iterations
gradual_ramp   [   0% ] 01/12 VUs  00m02.8s/12m00.0s

running (00m32.0s), 01/12 VUs, 64 complete and 0 interrupted iterations
gradual_ramp   [   1% ] 01/12 VUs  00m03.8s/12m00.0s

running (00m33.0s), 01/12 VUs, 79 complete and 0 interrupted iterations
gradual_ramp   [   1% ] 01/12 VUs  00m04.8s/12m00.0s

running (00m34.0s), 01/12 VUs, 103 complete and 0 interrupted iterations
gradual_ramp   [   1% ] 01/12 VUs  00m05.8s/12m00.0s

running (00m35.0s), 01/12 VUs, 106 complete and 0 interrupted iterations
gradual_ramp   [   1% ] 01/12 VUs  00m06.8s/12m00.0s

running (00m36.0s), 01/12 VUs, 115 complete and 0 interrupted iterations
gradual_ramp   [   1% ] 01/12 VUs  00m07.8s/12m00.0s

running (00m37.0s), 01/12 VUs, 130 complete and 0 interrupted iterations
gradual_ramp   [   1% ] 01/12 VUs  00m08.8s/12m00.0s

running (00m38.0s), 01/12 VUs, 154 complete and 0 interrupted iterations
gradual_ramp   [   1% ] 01/12 VUs  00m09.8s/12m00.0s

running (00m39.0s), 01/12 VUs, 166 complete and 0 interrupted iterations
gradual_ramp   [   2% ] 01/12 VUs  00m10.8s/12m00.0s

running (00m40.0s), 01/12 VUs, 179 complete and 0 interrupted iterations
gradual_ramp   [   2% ] 01/12 VUs  00m11.8s/12m00.0s

running (00m41.0s), 01/12 VUs, 189 complete and 0 interrupted iterations
gradual_ramp   [   2% ] 01/12 VUs  00m12.8s/12m00.0s

running (00m42.0s), 01/12 VUs, 200 complete and 0 interrupted iterations
gradual_ramp   [   2% ] 01/12 VUs  00m13.8s/12m00.0s

running (00m43.0s), 01/12 VUs, 211 complete and 0 interrupted iterations
gradual_ramp   [   2% ] 01/12 VUs  00m14.8s/12m00.0s

running (00m44.0s), 01/12 VUs, 218 complete and 0 interrupted iterations
gradual_ramp   [   2% ] 01/12 VUs  00m15.8s/12m00.0s

running (00m45.0s), 01/12 VUs, 229 complete and 0 interrupted iterations
gradual_ramp   [   2% ] 01/12 VUs  00m16.8s/12m00.0s

running (00m46.0s), 01/12 VUs, 233 complete and 0 interrupted iterations
gradual_ramp   [   2% ] 01/12 VUs  00m17.8s/12m00.0s

running (00m47.0s), 01/12 VUs, 247 complete and 0 interrupted iterations
gradual_ramp   [   3% ] 01/12 VUs  00m18.8s/12m00.0s

running (00m48.0s), 01/12 VUs, 261 complete and 0 interrupted iterations
gradual_ramp   [   3% ] 01/12 VUs  00m19.8s/12m00.0s

running (00m49.0s), 01/12 VUs, 291 complete and 0 interrupted iterations
gradual_ramp   [   3% ] 01/12 VUs  00m20.8s/12m00.0s

running (00m50.0s), 01/12 VUs, 293 complete and 0 interrupted iterations
gradual_ramp   [   3% ] 01/12 VUs  00m21.8s/12m00.0s

running (00m51.0s), 01/12 VUs, 302 complete and 0 interrupted iterations
gradual_ramp   [   3% ] 01/12 VUs  00m22.8s/12m00.0s

running (00m52.0s), 01/12 VUs, 333 complete and 0 interrupted iterations
gradual_ramp   [   3% ] 01/12 VUs  00m23.8s/12m00.0s

running (00m53.0s), 01/12 VUs, 339 complete and 0 interrupted iterations
gradual_ramp   [   3% ] 01/12 VUs  00m24.8s/12m00.0s

running (00m54.0s), 01/12 VUs, 379 complete and 0 interrupted iterations
gradual_ramp   [   4% ] 01/12 VUs  00m25.8s/12m00.0s

running (00m55.0s), 01/12 VUs, 381 complete and 0 interrupted iterations
gradual_ramp   [   4% ] 01/12 VUs  00m26.8s/12m00.0s

running (00m56.0s), 01/12 VUs, 391 complete and 0 interrupted iterations
gradual_ramp   [   4% ] 01/12 VUs  00m27.8s/12m00.0s

running (00m57.0s), 01/12 VUs, 413 complete and 0 interrupted iterations
gradual_ramp   [   4% ] 01/12 VUs  00m28.8s/12m00.0s

running (00m58.0s), 01/12 VUs, 426 complete and 0 interrupted iterations
gradual_ramp   [   4% ] 01/12 VUs  00m29.8s/12m00.0s

running (00m59.0s), 01/12 VUs, 438 complete and 0 interrupted iterations
gradual_ramp   [   4% ] 01/12 VUs  00m30.8s/12m00.0s

running (01m00.0s), 01/12 VUs, 454 complete and 0 interrupted iterations
gradual_ramp   [   4% ] 01/12 VUs  00m31.8s/12m00.0s

running (01m01.0s), 01/12 VUs, 467 complete and 0 interrupted iterations
gradual_ramp   [   5% ] 01/12 VUs  00m32.8s/12m00.0s

running (01m02.0s), 01/12 VUs, 478 complete and 0 interrupted iterations
gradual_ramp   [   5% ] 01/12 VUs  00m33.8s/12m00.0s

running (01m03.0s), 01/12 VUs, 501 complete and 0 interrupted iterations
gradual_ramp   [   5% ] 01/12 VUs  00m34.8s/12m00.0s

running (01m04.0s), 01/12 VUs, 507 complete and 0 interrupted iterations
gradual_ramp   [   5% ] 01/12 VUs  00m35.8s/12m00.0s

running (01m05.0s), 01/12 VUs, 529 complete and 0 interrupted iterations
gradual_ramp   [   5% ] 01/12 VUs  00m36.8s/12m00.0s

running (01m06.0s), 01/12 VUs, 537 complete and 0 interrupted iterations
gradual_ramp   [   5% ] 01/12 VUs  00m37.8s/12m00.0s

running (01m07.0s), 01/12 VUs, 564 complete and 0 interrupted iterations
gradual_ramp   [   5% ] 01/12 VUs  00m38.8s/12m00.0s

running (01m08.0s), 01/12 VUs, 571 complete and 0 interrupted iterations
gradual_ramp   [   6% ] 01/12 VUs  00m39.8s/12m00.0s

running (01m09.0s), 01/12 VUs, 576 complete and 0 interrupted iterations
gradual_ramp   [   6% ] 01/12 VUs  00m40.8s/12m00.0s

running (01m10.0s), 01/12 VUs, 600 complete and 0 interrupted iterations
gradual_ramp   [   6% ] 01/12 VUs  00m41.8s/12m00.0s

running (01m11.0s), 01/12 VUs, 619 complete and 0 interrupted iterations
gradual_ramp   [   6% ] 01/12 VUs  00m42.8s/12m00.0s

running (01m12.0s), 01/12 VUs, 627 complete and 0 interrupted iterations
gradual_ramp   [   6% ] 01/12 VUs  00m43.8s/12m00.0s

running (01m13.0s), 01/12 VUs, 638 complete and 0 interrupted iterations
gradual_ramp   [   6% ] 01/12 VUs  00m44.8s/12m00.0s

running (01m14.0s), 01/12 VUs, 639 complete and 0 interrupted iterations
gradual_ramp   [   6% ] 01/12 VUs  00m45.8s/12m00.0s

running (01m15.0s), 01/12 VUs, 645 complete and 0 interrupted iterations
gradual_ramp   [   7% ] 01/12 VUs  00m46.8s/12m00.0s

running (01m16.0s), 01/12 VUs, 657 complete and 0 interrupted iterations
gradual_ramp   [   7% ] 01/12 VUs  00m47.8s/12m00.0s

running (01m17.0s), 01/12 VUs, 661 complete and 0 interrupted iterations
gradual_ramp   [   7% ] 01/12 VUs  00m48.8s/12m00.0s

running (01m18.0s), 01/12 VUs, 685 complete and 0 interrupted iterations
gradual_ramp   [   7% ] 01/12 VUs  00m49.8s/12m00.0s

running (01m19.0s), 01/12 VUs, 700 complete and 0 interrupted iterations
gradual_ramp   [   7% ] 01/12 VUs  00m50.8s/12m00.0s

running (01m20.0s), 01/12 VUs, 713 complete and 0 interrupted iterations
gradual_ramp   [   7% ] 01/12 VUs  00m51.8s/12m00.0s

running (01m21.0s), 01/12 VUs, 736 complete and 0 interrupted iterations
gradual_ramp   [   7% ] 01/12 VUs  00m52.8s/12m00.0s

running (01m22.0s), 01/12 VUs, 776 complete and 0 interrupted iterations
gradual_ramp   [   7% ] 01/12 VUs  00m53.8s/12m00.0s

running (01m23.0s), 01/12 VUs, 798 complete and 0 interrupted iterations
gradual_ramp   [   8% ] 01/12 VUs  00m54.8s/12m00.0s

running (01m24.0s), 01/12 VUs, 832 complete and 0 interrupted iterations
gradual_ramp   [   8% ] 01/12 VUs  00m55.8s/12m00.0s

running (01m25.0s), 01/12 VUs, 857 complete and 0 interrupted iterations
gradual_ramp   [   8% ] 01/12 VUs  00m56.8s/12m00.0s

running (01m26.0s), 01/12 VUs, 859 complete and 0 interrupted iterations
gradual_ramp   [   8% ] 01/12 VUs  00m57.8s/12m00.0s

running (01m27.0s), 01/12 VUs, 874 complete and 0 interrupted iterations
gradual_ramp   [   8% ] 01/12 VUs  00m58.8s/12m00.0s

running (01m28.0s), 01/12 VUs, 881 complete and 0 interrupted iterations
gradual_ramp   [   8% ] 01/12 VUs  00m59.8s/12m00.0s

running (01m29.0s), 01/12 VUs, 885 complete and 0 interrupted iterations
gradual_ramp   [   8% ] 01/12 VUs  01m00.8s/12m00.0s

running (01m30.0s), 01/12 VUs, 891 complete and 0 interrupted iterations
gradual_ramp   [   9% ] 01/12 VUs  01m01.8s/12m00.0s

running (01m31.0s), 01/12 VUs, 906 complete and 0 interrupted iterations
gradual_ramp   [   9% ] 01/12 VUs  01m02.8s/12m00.0s

running (01m32.0s), 01/12 VUs, 922 complete and 0 interrupted iterations
gradual_ramp   [   9% ] 01/12 VUs  01m03.8s/12m00.0s

running (01m33.0s), 01/12 VUs, 936 complete and 0 interrupted iterations
gradual_ramp   [   9% ] 01/12 VUs  01m04.8s/12m00.0s

running (01m34.0s), 01/12 VUs, 946 complete and 0 interrupted iterations
gradual_ramp   [   9% ] 01/12 VUs  01m05.8s/12m00.0s

running (01m35.0s), 01/12 VUs, 952 complete and 0 interrupted iterations
gradual_ramp   [   9% ] 01/12 VUs  01m06.8s/12m00.0s

running (01m36.0s), 01/12 VUs, 972 complete and 0 interrupted iterations
gradual_ramp   [   9% ] 01/12 VUs  01m07.8s/12m00.0s

running (01m37.0s), 01/12 VUs, 979 complete and 0 interrupted iterations
gradual_ramp   [  10% ] 01/12 VUs  01m08.8s/12m00.0s

running (01m38.0s), 01/12 VUs, 993 complete and 0 interrupted iterations
gradual_ramp   [  10% ] 01/12 VUs  01m09.8s/12m00.0s

running (01m39.0s), 01/12 VUs, 1002 complete and 0 interrupted iterations
gradual_ramp   [  10% ] 01/12 VUs  01m10.8s/12m00.0s

running (01m40.0s), 01/12 VUs, 1016 complete and 0 interrupted iterations
gradual_ramp   [  10% ] 01/12 VUs  01m11.8s/12m00.0s

running (01m41.0s), 01/12 VUs, 1027 complete and 0 interrupted iterations
gradual_ramp   [  10% ] 01/12 VUs  01m12.8s/12m00.0s

running (01m42.0s), 01/12 VUs, 1035 complete and 0 interrupted iterations
gradual_ramp   [  10% ] 01/12 VUs  01m13.8s/12m00.0s

running (01m43.0s), 01/12 VUs, 1045 complete and 0 interrupted iterations
gradual_ramp   [  10% ] 01/12 VUs  01m14.8s/12m00.0s

running (01m44.0s), 01/12 VUs, 1068 complete and 0 interrupted iterations
gradual_ramp   [  11% ] 01/12 VUs  01m15.8s/12m00.0s

running (01m45.0s), 01/12 VUs, 1080 complete and 0 interrupted iterations
gradual_ramp   [  11% ] 01/12 VUs  01m16.8s/12m00.0s

running (01m46.0s), 01/12 VUs, 1092 complete and 0 interrupted iterations
gradual_ramp   [  11% ] 01/12 VUs  01m17.8s/12m00.0s

running (01m47.0s), 01/12 VUs, 1103 complete and 0 interrupted iterations
gradual_ramp   [  11% ] 01/12 VUs  01m18.8s/12m00.0s

running (01m48.0s), 01/12 VUs, 1111 complete and 0 interrupted iterations
gradual_ramp   [  11% ] 01/12 VUs  01m19.8s/12m00.0s

running (01m49.0s), 01/12 VUs, 1121 complete and 0 interrupted iterations
gradual_ramp   [  11% ] 01/12 VUs  01m20.8s/12m00.0s

running (01m50.0s), 01/12 VUs, 1134 complete and 0 interrupted iterations
gradual_ramp   [  11% ] 01/12 VUs  01m21.8s/12m00.0s

running (01m51.0s), 01/12 VUs, 1139 complete and 0 interrupted iterations
gradual_ramp   [  12% ] 01/12 VUs  01m22.8s/12m00.0s

running (01m52.0s), 01/12 VUs, 1147 complete and 0 interrupted iterations
gradual_ramp   [  12% ] 01/12 VUs  01m23.8s/12m00.0s

running (01m53.0s), 01/12 VUs, 1155 complete and 0 interrupted iterations
gradual_ramp   [  12% ] 01/12 VUs  01m24.8s/12m00.0s

running (01m54.0s), 01/12 VUs, 1172 complete and 0 interrupted iterations
gradual_ramp   [  12% ] 01/12 VUs  01m25.8s/12m00.0s

running (01m55.0s), 01/12 VUs, 1188 complete and 0 interrupted iterations
gradual_ramp   [  12% ] 01/12 VUs  01m26.8s/12m00.0s

running (01m56.0s), 01/12 VUs, 1201 complete and 0 interrupted iterations
gradual_ramp   [  12% ] 01/12 VUs  01m27.8s/12m00.0s

running (01m57.0s), 01/12 VUs, 1211 complete and 0 interrupted iterations
gradual_ramp   [  12% ] 01/12 VUs  01m28.8s/12m00.0s

running (01m58.0s), 01/12 VUs, 1229 complete and 0 interrupted iterations
gradual_ramp   [  12% ] 01/12 VUs  01m29.8s/12m00.0s

running (01m59.0s), 01/12 VUs, 1241 complete and 0 interrupted iterations
gradual_ramp   [  13% ] 01/12 VUs  01m30.8s/12m00.0s

running (02m00.0s), 01/12 VUs, 1249 complete and 0 interrupted iterations
gradual_ramp   [  13% ] 01/12 VUs  01m31.8s/12m00.0s

running (02m01.0s), 01/12 VUs, 1257 complete and 0 interrupted iterations
gradual_ramp   [  13% ] 01/12 VUs  01m32.8s/12m00.0s

running (02m02.0s), 01/12 VUs, 1281 complete and 0 interrupted iterations
gradual_ramp   [  13% ] 01/12 VUs  01m33.8s/12m00.0s

running (02m03.0s), 01/12 VUs, 1290 complete and 0 interrupted iterations
gradual_ramp   [  13% ] 01/12 VUs  01m34.8s/12m00.0s

running (02m04.0s), 01/12 VUs, 1302 complete and 0 interrupted iterations
gradual_ramp   [  13% ] 01/12 VUs  01m35.8s/12m00.0s

running (02m05.0s), 01/12 VUs, 1322 complete and 0 interrupted iterations
gradual_ramp   [  13% ] 01/12 VUs  01m36.8s/12m00.0s

running (02m06.0s), 01/12 VUs, 1331 complete and 0 interrupted iterations
gradual_ramp   [  14% ] 01/12 VUs  01m37.8s/12m00.0s

running (02m07.0s), 01/12 VUs, 1362 complete and 0 interrupted iterations
gradual_ramp   [  14% ] 01/12 VUs  01m38.8s/12m00.0s

running (02m08.0s), 01/12 VUs, 1380 complete and 0 interrupted iterations
gradual_ramp   [  14% ] 01/12 VUs  01m39.8s/12m00.0s

running (02m09.0s), 01/12 VUs, 1391 complete and 0 interrupted iterations
gradual_ramp   [  14% ] 01/12 VUs  01m40.8s/12m00.0s

running (02m10.0s), 01/12 VUs, 1394 complete and 0 interrupted iterations
gradual_ramp   [  14% ] 01/12 VUs  01m41.8s/12m00.0s

running (02m11.0s), 01/12 VUs, 1434 complete and 0 interrupted iterations
gradual_ramp   [  14% ] 01/12 VUs  01m42.8s/12m00.0s

running (02m12.0s), 01/12 VUs, 1442 complete and 0 interrupted iterations
gradual_ramp   [  14% ] 01/12 VUs  01m43.8s/12m00.0s

running (02m13.0s), 01/12 VUs, 1443 complete and 0 interrupted iterations
gradual_ramp   [  15% ] 01/12 VUs  01m44.8s/12m00.0s

running (02m14.0s), 01/12 VUs, 1450 complete and 0 interrupted iterations
gradual_ramp   [  15% ] 01/12 VUs  01m45.8s/12m00.0s

running (02m15.0s), 01/12 VUs, 1456 complete and 0 interrupted iterations
gradual_ramp   [  15% ] 01/12 VUs  01m46.8s/12m00.0s

running (02m16.0s), 01/12 VUs, 1474 complete and 0 interrupted iterations
gradual_ramp   [  15% ] 01/12 VUs  01m47.8s/12m00.0s

running (02m17.0s), 01/12 VUs, 1481 complete and 0 interrupted iterations
gradual_ramp   [  15% ] 01/12 VUs  01m48.8s/12m00.0s

running (02m18.0s), 01/12 VUs, 1511 complete and 0 interrupted iterations
gradual_ramp   [  15% ] 01/12 VUs  01m49.8s/12m00.0s

running (02m19.0s), 01/12 VUs, 1522 complete and 0 interrupted iterations
gradual_ramp   [  15% ] 01/12 VUs  01m50.8s/12m00.0s

running (02m20.0s), 01/12 VUs, 1531 complete and 0 interrupted iterations
gradual_ramp   [  16% ] 01/12 VUs  01m51.8s/12m00.0s

running (02m21.0s), 01/12 VUs, 1544 complete and 0 interrupted iterations
gradual_ramp   [  16% ] 01/12 VUs  01m52.8s/12m00.0s

running (02m22.0s), 01/12 VUs, 1556 complete and 0 interrupted iterations
gradual_ramp   [  16% ] 01/12 VUs  01m53.8s/12m00.0s

running (02m23.0s), 01/12 VUs, 1566 complete and 0 interrupted iterations
gradual_ramp   [  16% ] 01/12 VUs  01m54.8s/12m00.0s

running (02m24.0s), 01/12 VUs, 1578 complete and 0 interrupted iterations
gradual_ramp   [  16% ] 01/12 VUs  01m55.8s/12m00.0s

running (02m25.0s), 01/12 VUs, 1582 complete and 0 interrupted iterations
gradual_ramp   [  16% ] 01/12 VUs  01m56.8s/12m00.0s

running (02m26.0s), 01/12 VUs, 1589 complete and 0 interrupted iterations
gradual_ramp   [  16% ] 01/12 VUs  01m57.8s/12m00.0s

running (02m27.0s), 01/12 VUs, 1603 complete and 0 interrupted iterations
gradual_ramp   [  17% ] 01/12 VUs  01m58.8s/12m00.0s

running (02m28.0s), 01/12 VUs, 1609 complete and 0 interrupted iterations
gradual_ramp   [  17% ] 01/12 VUs  01m59.8s/12m00.0s

running (02m29.0s), 01/12 VUs, 1625 complete and 0 interrupted iterations
gradual_ramp   [  17% ] 01/12 VUs  02m00.8s/12m00.0s

running (02m30.0s), 01/12 VUs, 1633 complete and 0 interrupted iterations
gradual_ramp   [  17% ] 01/12 VUs  02m01.8s/12m00.0s

running (02m31.0s), 01/12 VUs, 1636 complete and 0 interrupted iterations
gradual_ramp   [  17% ] 01/12 VUs  02m02.8s/12m00.0s

running (02m32.0s), 01/12 VUs, 1641 complete and 0 interrupted iterations
gradual_ramp   [  17% ] 01/12 VUs  02m03.8s/12m00.0s

running (02m33.0s), 01/12 VUs, 1668 complete and 0 interrupted iterations
gradual_ramp   [  17% ] 01/12 VUs  02m04.8s/12m00.0s

running (02m34.0s), 01/12 VUs, 1674 complete and 0 interrupted iterations
gradual_ramp   [  17% ] 01/12 VUs  02m05.8s/12m00.0s

running (02m35.0s), 01/12 VUs, 1701 complete and 0 interrupted iterations
gradual_ramp   [  18% ] 01/12 VUs  02m06.8s/12m00.0s

running (02m36.0s), 01/12 VUs, 1722 complete and 0 interrupted iterations
gradual_ramp   [  18% ] 01/12 VUs  02m07.8s/12m00.0s

running (02m37.0s), 01/12 VUs, 1737 complete and 0 interrupted iterations
gradual_ramp   [  18% ] 01/12 VUs  02m08.8s/12m00.0s

running (02m38.0s), 01/12 VUs, 1764 complete and 0 interrupted iterations
gradual_ramp   [  18% ] 01/12 VUs  02m09.8s/12m00.0s

running (02m39.0s), 01/12 VUs, 1774 complete and 0 interrupted iterations
gradual_ramp   [  18% ] 01/12 VUs  02m10.8s/12m00.0s

running (02m40.0s), 01/12 VUs, 1802 complete and 0 interrupted iterations
gradual_ramp   [  18% ] 01/12 VUs  02m11.8s/12m00.0s

running (02m41.0s), 01/12 VUs, 1809 complete and 0 interrupted iterations
gradual_ramp   [  18% ] 01/12 VUs  02m12.8s/12m00.0s

running (02m42.0s), 01/12 VUs, 1826 complete and 0 interrupted iterations
gradual_ramp   [  19% ] 01/12 VUs  02m13.8s/12m00.0s

running (02m43.0s), 01/12 VUs, 1865 complete and 0 interrupted iterations
gradual_ramp   [  19% ] 01/12 VUs  02m14.8s/12m00.0s

running (02m44.0s), 01/12 VUs, 1867 complete and 0 interrupted iterations
gradual_ramp   [  19% ] 01/12 VUs  02m15.8s/12m00.0s

running (02m45.0s), 01/12 VUs, 1891 complete and 0 interrupted iterations
gradual_ramp   [  19% ] 01/12 VUs  02m16.8s/12m00.0s

running (02m46.0s), 01/12 VUs, 1914 complete and 0 interrupted iterations
gradual_ramp   [  19% ] 01/12 VUs  02m17.8s/12m00.0s

running (02m47.0s), 01/12 VUs, 1944 complete and 0 interrupted iterations
gradual_ramp   [  19% ] 01/12 VUs  02m18.8s/12m00.0s

running (02m48.0s), 01/12 VUs, 1978 complete and 0 interrupted iterations
gradual_ramp   [  19% ] 01/12 VUs  02m19.8s/12m00.0s

running (02m49.0s), 01/12 VUs, 1998 complete and 0 interrupted iterations
gradual_ramp   [  20% ] 01/12 VUs  02m20.8s/12m00.0s

running (02m50.0s), 01/12 VUs, 2001 complete and 0 interrupted iterations
gradual_ramp   [  20% ] 01/12 VUs  02m21.8s/12m00.0s

running (02m51.0s), 01/12 VUs, 2013 complete and 0 interrupted iterations
gradual_ramp   [  20% ] 01/12 VUs  02m22.8s/12m00.0s

running (02m52.0s), 01/12 VUs, 2024 complete and 0 interrupted iterations
gradual_ramp   [  20% ] 01/12 VUs  02m23.8s/12m00.0s

running (02m53.0s), 01/12 VUs, 2032 complete and 0 interrupted iterations
gradual_ramp   [  20% ] 01/12 VUs  02m24.8s/12m00.0s

running (02m54.0s), 01/12 VUs, 2053 complete and 0 interrupted iterations
gradual_ramp   [  20% ] 01/12 VUs  02m25.8s/12m00.0s

running (02m55.0s), 01/12 VUs, 2072 complete and 0 interrupted iterations
gradual_ramp   [  20% ] 01/12 VUs  02m26.8s/12m00.0s

running (02m56.0s), 02/12 VUs, 2087 complete and 0 interrupted iterations
gradual_ramp   [  21% ] 02/12 VUs  02m27.8s/12m00.0s

running (02m57.0s), 02/12 VUs, 2104 complete and 0 interrupted iterations
gradual_ramp   [  21% ] 02/12 VUs  02m28.8s/12m00.0s

running (02m58.0s), 02/12 VUs, 2110 complete and 0 interrupted iterations
gradual_ramp   [  21% ] 02/12 VUs  02m29.8s/12m00.0s

running (02m59.0s), 02/12 VUs, 2151 complete and 0 interrupted iterations
gradual_ramp   [  21% ] 02/12 VUs  02m30.8s/12m00.0s

running (03m00.0s), 02/12 VUs, 2178 complete and 0 interrupted iterations
gradual_ramp   [  21% ] 02/12 VUs  02m31.8s/12m00.0s

running (03m01.0s), 02/12 VUs, 2200 complete and 0 interrupted iterations
gradual_ramp   [  21% ] 02/12 VUs  02m32.8s/12m00.0s

running (03m02.0s), 02/12 VUs, 2204 complete and 0 interrupted iterations
gradual_ramp   [  21% ] 02/12 VUs  02m33.8s/12m00.0s

running (03m03.0s), 02/12 VUs, 2214 complete and 0 interrupted iterations
gradual_ramp   [  22% ] 02/12 VUs  02m34.8s/12m00.0s

running (03m04.0s), 02/12 VUs, 2240 complete and 0 interrupted iterations
gradual_ramp   [  22% ] 02/12 VUs  02m35.8s/12m00.0s

running (03m05.0s), 02/12 VUs, 2258 complete and 0 interrupted iterations
gradual_ramp   [  22% ] 02/12 VUs  02m36.8s/12m00.0s

running (03m06.0s), 02/12 VUs, 2273 complete and 0 interrupted iterations
gradual_ramp   [  22% ] 02/12 VUs  02m37.8s/12m00.0s

running (03m07.0s), 02/12 VUs, 2312 complete and 0 interrupted iterations
gradual_ramp   [  22% ] 02/12 VUs  02m38.8s/12m00.0s

running (03m08.0s), 02/12 VUs, 2339 complete and 0 interrupted iterations
gradual_ramp   [  22% ] 02/12 VUs  02m39.8s/12m00.0s

running (03m09.0s), 02/12 VUs, 2348 complete and 0 interrupted iterations
gradual_ramp   [  22% ] 02/12 VUs  02m40.8s/12m00.0s

running (03m10.0s), 02/12 VUs, 2368 complete and 0 interrupted iterations
gradual_ramp   [  22% ] 02/12 VUs  02m41.8s/12m00.0s

running (03m11.0s), 02/12 VUs, 2396 complete and 0 interrupted iterations
gradual_ramp   [  23% ] 02/12 VUs  02m42.8s/12m00.0s

running (03m12.0s), 02/12 VUs, 2423 complete and 0 interrupted iterations
gradual_ramp   [  23% ] 02/12 VUs  02m43.8s/12m00.0s

running (03m13.0s), 02/12 VUs, 2442 complete and 0 interrupted iterations
gradual_ramp   [  23% ] 02/12 VUs  02m44.8s/12m00.0s

running (03m14.0s), 02/12 VUs, 2471 complete and 0 interrupted iterations
gradual_ramp   [  23% ] 02/12 VUs  02m45.8s/12m00.0s

running (03m15.0s), 02/12 VUs, 2489 complete and 0 interrupted iterations
gradual_ramp   [  23% ] 02/12 VUs  02m46.8s/12m00.0s

running (03m16.0s), 02/12 VUs, 2514 complete and 0 interrupted iterations
gradual_ramp   [  23% ] 02/12 VUs  02m47.8s/12m00.0s

running (03m17.0s), 02/12 VUs, 2525 complete and 0 interrupted iterations
gradual_ramp   [  23% ] 02/12 VUs  02m48.8s/12m00.0s

running (03m18.0s), 02/12 VUs, 2531 complete and 0 interrupted iterations
gradual_ramp   [  24% ] 02/12 VUs  02m49.8s/12m00.0s

running (03m19.0s), 02/12 VUs, 2550 complete and 0 interrupted iterations
gradual_ramp   [  24% ] 02/12 VUs  02m50.8s/12m00.0s

running (03m20.0s), 02/12 VUs, 2562 complete and 0 interrupted iterations
gradual_ramp   [  24% ] 02/12 VUs  02m51.8s/12m00.0s

running (03m21.0s), 02/12 VUs, 2591 complete and 0 interrupted iterations
gradual_ramp   [  24% ] 02/12 VUs  02m52.8s/12m00.0s

running (03m22.0s), 02/12 VUs, 2602 complete and 0 interrupted iterations
gradual_ramp   [  24% ] 02/12 VUs  02m53.8s/12m00.0s

running (03m23.0s), 03/12 VUs, 2675 complete and 0 interrupted iterations
gradual_ramp   [  24% ] 03/12 VUs  02m54.8s/12m00.0s

running (03m24.0s), 03/12 VUs, 2675 complete and 0 interrupted iterations
gradual_ramp   [  24% ] 03/12 VUs  02m55.8s/12m00.0s

running (03m25.0s), 03/12 VUs, 2696 complete and 0 interrupted iterations
gradual_ramp   [  25% ] 03/12 VUs  02m56.8s/12m00.0s

running (03m26.0s), 03/12 VUs, 2702 complete and 0 interrupted iterations
gradual_ramp   [  25% ] 03/12 VUs  02m57.8s/12m00.0s

running (03m27.0s), 03/12 VUs, 2708 complete and 0 interrupted iterations
gradual_ramp   [  25% ] 03/12 VUs  02m58.8s/12m00.0s

running (03m28.0s), 03/12 VUs, 2728 complete and 0 interrupted iterations
gradual_ramp   [  25% ] 03/12 VUs  02m59.8s/12m00.0s

running (03m29.0s), 03/12 VUs, 2733 complete and 0 interrupted iterations
gradual_ramp   [  25% ] 03/12 VUs  03m00.8s/12m00.0s

running (03m30.0s), 03/12 VUs, 2784 complete and 0 interrupted iterations
gradual_ramp   [  25% ] 03/12 VUs  03m01.8s/12m00.0s

running (03m31.0s), 03/12 VUs, 2805 complete and 0 interrupted iterations
gradual_ramp   [  25% ] 03/12 VUs  03m02.8s/12m00.0s

running (03m32.0s), 03/12 VUs, 2848 complete and 0 interrupted iterations
gradual_ramp   [  26% ] 03/12 VUs  03m03.8s/12m00.0s

running (03m33.0s), 03/12 VUs, 2875 complete and 0 interrupted iterations
gradual_ramp   [  26% ] 03/12 VUs  03m04.8s/12m00.0s

running (03m34.0s), 03/12 VUs, 2883 complete and 0 interrupted iterations
gradual_ramp   [  26% ] 03/12 VUs  03m05.8s/12m00.0s

running (03m35.0s), 03/12 VUs, 2934 complete and 0 interrupted iterations
gradual_ramp   [  26% ] 03/12 VUs  03m06.8s/12m00.0s

running (03m36.0s), 03/12 VUs, 2958 complete and 0 interrupted iterations
gradual_ramp   [  26% ] 03/12 VUs  03m07.8s/12m00.0s

running (03m37.0s), 03/12 VUs, 2975 complete and 0 interrupted iterations
gradual_ramp   [  26% ] 03/12 VUs  03m08.8s/12m00.0s

running (03m38.0s), 03/12 VUs, 3020 complete and 0 interrupted iterations
gradual_ramp   [  26% ] 03/12 VUs  03m09.8s/12m00.0s

running (03m39.0s), 03/12 VUs, 3027 complete and 0 interrupted iterations
gradual_ramp   [  27% ] 03/12 VUs  03m10.8s/12m00.0s

running (03m40.0s), 03/12 VUs, 3028 complete and 0 interrupted iterations
gradual_ramp   [  27% ] 03/12 VUs  03m11.8s/12m00.0s

running (03m41.0s), 03/12 VUs, 3043 complete and 0 interrupted iterations
gradual_ramp   [  27% ] 03/12 VUs  03m12.8s/12m00.0s

running (03m42.0s), 03/12 VUs, 3055 complete and 0 interrupted iterations
gradual_ramp   [  27% ] 03/12 VUs  03m13.8s/12m00.0s

running (03m43.0s), 03/12 VUs, 3065 complete and 0 interrupted iterations
gradual_ramp   [  27% ] 03/12 VUs  03m14.8s/12m00.0s

running (03m44.0s), 03/12 VUs, 3082 complete and 0 interrupted iterations
gradual_ramp   [  27% ] 03/12 VUs  03m15.8s/12m00.0s

running (03m45.0s), 03/12 VUs, 3109 complete and 0 interrupted iterations
gradual_ramp   [  27% ] 03/12 VUs  03m16.8s/12m00.0s

running (03m46.0s), 03/12 VUs, 3124 complete and 0 interrupted iterations
gradual_ramp   [  27% ] 03/12 VUs  03m17.8s/12m00.0s

running (03m47.0s), 03/12 VUs, 3139 complete and 0 interrupted iterations
gradual_ramp   [  28% ] 03/12 VUs  03m18.8s/12m00.0s

running (03m48.0s), 03/12 VUs, 3175 complete and 0 interrupted iterations
gradual_ramp   [  28% ] 03/12 VUs  03m19.8s/12m00.0s

running (03m49.0s), 03/12 VUs, 3202 complete and 0 interrupted iterations
gradual_ramp   [  28% ] 03/12 VUs  03m20.8s/12m00.0s

running (03m50.0s), 03/12 VUs, 3242 complete and 0 interrupted iterations
gradual_ramp   [  28% ] 03/12 VUs  03m21.8s/12m00.0s

running (03m51.0s), 04/12 VUs, 3266 complete and 0 interrupted iterations
gradual_ramp   [  28% ] 04/12 VUs  03m22.8s/12m00.0s

running (03m52.0s), 04/12 VUs, 3298 complete and 0 interrupted iterations
gradual_ramp   [  28% ] 04/12 VUs  03m23.8s/12m00.0s

running (03m53.0s), 04/12 VUs, 3310 complete and 0 interrupted iterations
gradual_ramp   [  28% ] 04/12 VUs  03m24.8s/12m00.0s

running (03m54.0s), 04/12 VUs, 3356 complete and 0 interrupted iterations
gradual_ramp   [  29% ] 04/12 VUs  03m25.8s/12m00.0s

running (03m55.0s), 04/12 VUs, 3381 complete and 0 interrupted iterations
gradual_ramp   [  29% ] 04/12 VUs  03m26.8s/12m00.0s

running (03m56.0s), 04/12 VUs, 3405 complete and 0 interrupted iterations
gradual_ramp   [  29% ] 04/12 VUs  03m27.8s/12m00.0s

running (03m57.0s), 04/12 VUs, 3439 complete and 0 interrupted iterations
gradual_ramp   [  29% ] 04/12 VUs  03m28.8s/12m00.0s

running (03m58.0s), 04/12 VUs, 3477 complete and 0 interrupted iterations
gradual_ramp   [  29% ] 04/12 VUs  03m29.8s/12m00.0s

running (03m59.0s), 04/12 VUs, 3512 complete and 0 interrupted iterations
gradual_ramp   [  29% ] 04/12 VUs  03m30.8s/12m00.0s

running (04m00.0s), 04/12 VUs, 3527 complete and 0 interrupted iterations
gradual_ramp   [  29% ] 04/12 VUs  03m31.8s/12m00.0s

running (04m01.0s), 04/12 VUs, 3555 complete and 0 interrupted iterations
gradual_ramp   [  30% ] 04/12 VUs  03m32.8s/12m00.0s

running (04m02.0s), 04/12 VUs, 3588 complete and 0 interrupted iterations
gradual_ramp   [  30% ] 04/12 VUs  03m33.8s/12m00.0s

running (04m03.0s), 04/12 VUs, 3618 complete and 0 interrupted iterations
gradual_ramp   [  30% ] 04/12 VUs  03m34.8s/12m00.0s

running (04m04.0s), 04/12 VUs, 3647 complete and 0 interrupted iterations
gradual_ramp   [  30% ] 04/12 VUs  03m35.8s/12m00.0s

running (04m05.0s), 04/12 VUs, 3661 complete and 0 interrupted iterations
gradual_ramp   [  30% ] 04/12 VUs  03m36.8s/12m00.0s

running (04m06.0s), 04/12 VUs, 3689 complete and 0 interrupted iterations
gradual_ramp   [  30% ] 04/12 VUs  03m37.8s/12m00.0s

running (04m07.0s), 04/12 VUs, 3745 complete and 0 interrupted iterations
gradual_ramp   [  30% ] 04/12 VUs  03m38.8s/12m00.0s

running (04m08.0s), 04/12 VUs, 3760 complete and 0 interrupted iterations
gradual_ramp   [  31% ] 04/12 VUs  03m39.8s/12m00.0s

running (04m09.0s), 04/12 VUs, 3764 complete and 0 interrupted iterations
gradual_ramp   [  31% ] 04/12 VUs  03m40.8s/12m00.0s

running (04m10.0s), 04/12 VUs, 3819 complete and 0 interrupted iterations
gradual_ramp   [  31% ] 04/12 VUs  03m41.8s/12m00.0s

running (04m11.0s), 04/12 VUs, 3842 complete and 0 interrupted iterations
gradual_ramp   [  31% ] 04/12 VUs  03m42.8s/12m00.0s

running (04m12.0s), 04/12 VUs, 3896 complete and 0 interrupted iterations
gradual_ramp   [  31% ] 04/12 VUs  03m43.8s/12m00.0s

running (04m13.0s), 04/12 VUs, 3933 complete and 0 interrupted iterations
gradual_ramp   [  31% ] 04/12 VUs  03m44.8s/12m00.0s

running (04m14.0s), 04/12 VUs, 3958 complete and 0 interrupted iterations
gradual_ramp   [  31% ] 04/12 VUs  03m45.8s/12m00.0s

running (04m15.0s), 04/12 VUs, 3979 complete and 0 interrupted iterations
gradual_ramp   [  32% ] 04/12 VUs  03m46.8s/12m00.0s

running (04m16.0s), 04/12 VUs, 3997 complete and 0 interrupted iterations
gradual_ramp   [  32% ] 04/12 VUs  03m47.8s/12m00.0s

running (04m17.0s), 04/12 VUs, 4025 complete and 0 interrupted iterations
gradual_ramp   [  32% ] 04/12 VUs  03m48.8s/12m00.0s

running (04m18.0s), 05/12 VUs, 4048 complete and 0 interrupted iterations
gradual_ramp   [  32% ] 05/12 VUs  03m49.8s/12m00.0s

running (04m19.0s), 05/12 VUs, 4077 complete and 0 interrupted iterations
gradual_ramp   [  32% ] 05/12 VUs  03m50.8s/12m00.0s

running (04m20.0s), 05/12 VUs, 4126 complete and 0 interrupted iterations
gradual_ramp   [  32% ] 05/12 VUs  03m51.8s/12m00.0s

running (04m21.0s), 05/12 VUs, 4159 complete and 0 interrupted iterations
gradual_ramp   [  32% ] 05/12 VUs  03m52.8s/12m00.0s

running (04m22.0s), 05/12 VUs, 4209 complete and 0 interrupted iterations
gradual_ramp   [  32% ] 05/12 VUs  03m53.8s/12m00.0s

running (04m23.0s), 05/12 VUs, 4236 complete and 0 interrupted iterations
gradual_ramp   [  33% ] 05/12 VUs  03m54.8s/12m00.0s

running (04m24.0s), 05/12 VUs, 4254 complete and 0 interrupted iterations
gradual_ramp   [  33% ] 05/12 VUs  03m55.8s/12m00.0s

running (04m25.0s), 05/12 VUs, 4306 complete and 0 interrupted iterations
gradual_ramp   [  33% ] 05/12 VUs  03m56.8s/12m00.0s

running (04m26.0s), 05/12 VUs, 4349 complete and 0 interrupted iterations
gradual_ramp   [  33% ] 05/12 VUs  03m57.8s/12m00.0s

running (04m27.0s), 05/12 VUs, 4372 complete and 0 interrupted iterations
gradual_ramp   [  33% ] 05/12 VUs  03m58.8s/12m00.0s

running (04m28.0s), 05/12 VUs, 4417 complete and 0 interrupted iterations
gradual_ramp   [  33% ] 05/12 VUs  03m59.8s/12m00.0s

running (04m29.0s), 05/12 VUs, 4439 complete and 0 interrupted iterations
gradual_ramp   [  33% ] 05/12 VUs  04m00.8s/12m00.0s

running (04m30.0s), 05/12 VUs, 4459 complete and 0 interrupted iterations
gradual_ramp   [  34% ] 05/12 VUs  04m01.8s/12m00.0s

running (04m31.0s), 05/12 VUs, 4486 complete and 0 interrupted iterations
gradual_ramp   [  34% ] 05/12 VUs  04m02.8s/12m00.0s

running (04m32.0s), 05/12 VUs, 4527 complete and 0 interrupted iterations
gradual_ramp   [  34% ] 05/12 VUs  04m03.8s/12m00.0s

running (04m33.0s), 05/12 VUs, 4566 complete and 0 interrupted iterations
gradual_ramp   [  34% ] 05/12 VUs  04m04.8s/12m00.0s

running (04m34.0s), 05/12 VUs, 4589 complete and 0 interrupted iterations
gradual_ramp   [  34% ] 05/12 VUs  04m05.8s/12m00.0s

running (04m35.0s), 05/12 VUs, 4632 complete and 0 interrupted iterations
gradual_ramp   [  34% ] 05/12 VUs  04m06.8s/12m00.0s

running (04m36.0s), 05/12 VUs, 4657 complete and 0 interrupted iterations
gradual_ramp   [  34% ] 05/12 VUs  04m07.8s/12m00.0s

running (04m37.0s), 05/12 VUs, 4662 complete and 0 interrupted iterations
gradual_ramp   [  35% ] 05/12 VUs  04m08.8s/12m00.0s

running (04m38.0s), 05/12 VUs, 4723 complete and 0 interrupted iterations
gradual_ramp   [  35% ] 05/12 VUs  04m09.8s/12m00.0s

running (04m39.0s), 05/12 VUs, 4736 complete and 0 interrupted iterations
gradual_ramp   [  35% ] 05/12 VUs  04m10.8s/12m00.0s

running (04m40.0s), 05/12 VUs, 4801 complete and 0 interrupted iterations
gradual_ramp   [  35% ] 05/12 VUs  04m11.8s/12m00.0s

running (04m41.0s), 05/12 VUs, 4825 complete and 0 interrupted iterations
gradual_ramp   [  35% ] 05/12 VUs  04m12.8s/12m00.0s

running (04m42.0s), 05/12 VUs, 4850 complete and 0 interrupted iterations
gradual_ramp   [  35% ] 05/12 VUs  04m13.8s/12m00.0s

running (04m43.0s), 05/12 VUs, 4877 complete and 0 interrupted iterations
gradual_ramp   [  35% ] 05/12 VUs  04m14.8s/12m00.0s

running (04m44.0s), 05/12 VUs, 4912 complete and 0 interrupted iterations
gradual_ramp   [  36% ] 05/12 VUs  04m15.8s/12m00.0s

running (04m45.0s), 06/12 VUs, 4976 complete and 0 interrupted iterations
gradual_ramp   [  36% ] 06/12 VUs  04m16.8s/12m00.0s

running (04m46.0s), 06/12 VUs, 5019 complete and 0 interrupted iterations
gradual_ramp   [  36% ] 06/12 VUs  04m17.8s/12m00.0s

running (04m47.0s), 06/12 VUs, 5092 complete and 0 interrupted iterations
gradual_ramp   [  36% ] 06/12 VUs  04m18.8s/12m00.0s

running (04m48.0s), 06/12 VUs, 5115 complete and 0 interrupted iterations
gradual_ramp   [  36% ] 06/12 VUs  04m19.8s/12m00.0s

running (04m49.0s), 06/12 VUs, 5150 complete and 0 interrupted iterations
gradual_ramp   [  36% ] 06/12 VUs  04m20.8s/12m00.0s

running (04m50.0s), 06/12 VUs, 5176 complete and 0 interrupted iterations
gradual_ramp   [  36% ] 06/12 VUs  04m21.8s/12m00.0s

running (04m51.0s), 06/12 VUs, 5213 complete and 0 interrupted iterations
gradual_ramp   [  37% ] 06/12 VUs  04m22.8s/12m00.0s

running (04m52.0s), 06/12 VUs, 5248 complete and 0 interrupted iterations
gradual_ramp   [  37% ] 06/12 VUs  04m23.8s/12m00.0s

running (04m53.0s), 06/12 VUs, 5291 complete and 0 interrupted iterations
gradual_ramp   [  37% ] 06/12 VUs  04m24.8s/12m00.0s

running (04m54.0s), 06/12 VUs, 5344 complete and 0 interrupted iterations
gradual_ramp   [  37% ] 06/12 VUs  04m25.8s/12m00.0s

running (04m55.0s), 06/12 VUs, 5365 complete and 0 interrupted iterations
gradual_ramp   [  37% ] 06/12 VUs  04m26.8s/12m00.0s

running (04m56.0s), 06/12 VUs, 5405 complete and 0 interrupted iterations
gradual_ramp   [  37% ] 06/12 VUs  04m27.8s/12m00.0s

running (04m57.0s), 06/12 VUs, 5430 complete and 0 interrupted iterations
gradual_ramp   [  37% ] 06/12 VUs  04m28.8s/12m00.0s

running (04m58.0s), 06/12 VUs, 5468 complete and 0 interrupted iterations
gradual_ramp   [  37% ] 06/12 VUs  04m29.8s/12m00.0s

running (04m59.0s), 06/12 VUs, 5540 complete and 0 interrupted iterations
gradual_ramp   [  38% ] 06/12 VUs  04m30.8s/12m00.0s

running (05m00.0s), 06/12 VUs, 5572 complete and 0 interrupted iterations
gradual_ramp   [  38% ] 06/12 VUs  04m31.8s/12m00.0s

running (05m01.0s), 06/12 VUs, 5586 complete and 0 interrupted iterations
gradual_ramp   [  38% ] 06/12 VUs  04m32.8s/12m00.0s

running (05m02.0s), 06/12 VUs, 5630 complete and 0 interrupted iterations
gradual_ramp   [  38% ] 06/12 VUs  04m33.8s/12m00.0s

running (05m03.0s), 06/12 VUs, 5657 complete and 0 interrupted iterations
gradual_ramp   [  38% ] 06/12 VUs  04m34.8s/12m00.0s

running (05m04.0s), 06/12 VUs, 5701 complete and 0 interrupted iterations
gradual_ramp   [  38% ] 06/12 VUs  04m35.8s/12m00.0s

running (05m05.0s), 06/12 VUs, 5743 complete and 0 interrupted iterations
gradual_ramp   [  38% ] 06/12 VUs  04m36.8s/12m00.0s

running (05m06.0s), 06/12 VUs, 5776 complete and 0 interrupted iterations
gradual_ramp   [  39% ] 06/12 VUs  04m37.8s/12m00.0s

running (05m07.0s), 06/12 VUs, 5857 complete and 0 interrupted iterations
gradual_ramp   [  39% ] 06/12 VUs  04m38.8s/12m00.0s

running (05m08.0s), 06/12 VUs, 5888 complete and 0 interrupted iterations
gradual_ramp   [  39% ] 06/12 VUs  04m39.8s/12m00.0s

running (05m09.0s), 06/12 VUs, 5947 complete and 0 interrupted iterations
gradual_ramp   [  39% ] 06/12 VUs  04m40.8s/12m00.0s

running (05m10.0s), 06/12 VUs, 5991 complete and 0 interrupted iterations
gradual_ramp   [  39% ] 06/12 VUs  04m41.8s/12m00.0s

running (05m11.0s), 06/12 VUs, 6012 complete and 0 interrupted iterations
gradual_ramp   [  39% ] 06/12 VUs  04m42.8s/12m00.0s

running (05m12.0s), 07/12 VUs, 6042 complete and 0 interrupted iterations
gradual_ramp   [  39% ] 07/12 VUs  04m43.8s/12m00.0s

running (05m13.0s), 07/12 VUs, 6084 complete and 0 interrupted iterations
gradual_ramp   [  40% ] 07/12 VUs  04m44.8s/12m00.0s

running (05m14.0s), 07/12 VUs, 6096 complete and 0 interrupted iterations
gradual_ramp   [  40% ] 07/12 VUs  04m45.8s/12m00.0s

running (05m15.0s), 07/12 VUs, 6136 complete and 0 interrupted iterations
gradual_ramp   [  40% ] 07/12 VUs  04m46.8s/12m00.0s

running (05m16.0s), 07/12 VUs, 6171 complete and 0 interrupted iterations
gradual_ramp   [  40% ] 07/12 VUs  04m47.8s/12m00.0s

running (05m17.0s), 07/12 VUs, 6221 complete and 0 interrupted iterations
gradual_ramp   [  40% ] 07/12 VUs  04m48.8s/12m00.0s

running (05m18.0s), 07/12 VUs, 6269 complete and 0 interrupted iterations
gradual_ramp   [  40% ] 07/12 VUs  04m49.8s/12m00.0s

running (05m19.0s), 07/12 VUs, 6363 complete and 0 interrupted iterations
gradual_ramp   [  40% ] 07/12 VUs  04m50.8s/12m00.0s

running (05m20.0s), 07/12 VUs, 6407 complete and 0 interrupted iterations
gradual_ramp   [  41% ] 07/12 VUs  04m51.8s/12m00.0s

running (05m21.0s), 07/12 VUs, 6440 complete and 0 interrupted iterations
gradual_ramp   [  41% ] 07/12 VUs  04m52.8s/12m00.0s

running (05m22.0s), 07/12 VUs, 6468 complete and 0 interrupted iterations
gradual_ramp   [  41% ] 07/12 VUs  04m53.8s/12m00.0s

running (05m23.0s), 07/12 VUs, 6473 complete and 0 interrupted iterations
gradual_ramp   [  41% ] 07/12 VUs  04m54.8s/12m00.0s

running (05m24.0s), 07/12 VUs, 6527 complete and 0 interrupted iterations
gradual_ramp   [  41% ] 07/12 VUs  04m55.8s/12m00.0s

running (05m25.0s), 07/12 VUs, 6547 complete and 0 interrupted iterations
gradual_ramp   [  41% ] 07/12 VUs  04m56.8s/12m00.0s

running (05m26.0s), 07/12 VUs, 6602 complete and 0 interrupted iterations
gradual_ramp   [  41% ] 07/12 VUs  04m57.8s/12m00.0s

running (05m27.0s), 07/12 VUs, 6647 complete and 0 interrupted iterations
gradual_ramp   [  42% ] 07/12 VUs  04m58.8s/12m00.0s

running (05m28.0s), 07/12 VUs, 6672 complete and 0 interrupted iterations
gradual_ramp   [  42% ] 07/12 VUs  04m59.8s/12m00.0s

running (05m29.0s), 07/12 VUs, 6729 complete and 0 interrupted iterations
gradual_ramp   [  42% ] 07/12 VUs  05m00.8s/12m00.0s

running (05m30.0s), 07/12 VUs, 6783 complete and 0 interrupted iterations
gradual_ramp   [  42% ] 07/12 VUs  05m01.8s/12m00.0s

running (05m31.0s), 07/12 VUs, 6865 complete and 0 interrupted iterations
gradual_ramp   [  42% ] 07/12 VUs  05m02.8s/12m00.0s

running (05m32.0s), 07/12 VUs, 6878 complete and 0 interrupted iterations
gradual_ramp   [  42% ] 07/12 VUs  05m03.8s/12m00.0s

running (05m33.0s), 07/12 VUs, 6914 complete and 0 interrupted iterations
gradual_ramp   [  42% ] 07/12 VUs  05m04.8s/12m00.0s

running (05m34.0s), 07/12 VUs, 6958 complete and 0 interrupted iterations
gradual_ramp   [  42% ] 07/12 VUs  05m05.8s/12m00.0s

running (05m35.0s), 07/12 VUs, 6992 complete and 0 interrupted iterations
gradual_ramp   [  43% ] 07/12 VUs  05m06.8s/12m00.0s

running (05m36.0s), 07/12 VUs, 7017 complete and 0 interrupted iterations
gradual_ramp   [  43% ] 07/12 VUs  05m07.8s/12m00.0s

running (05m37.0s), 07/12 VUs, 7082 complete and 0 interrupted iterations
gradual_ramp   [  43% ] 07/12 VUs  05m08.8s/12m00.0s

running (05m38.0s), 07/12 VUs, 7125 complete and 0 interrupted iterations
gradual_ramp   [  43% ] 07/12 VUs  05m09.8s/12m00.0s

running (05m39.0s), 07/12 VUs, 7151 complete and 0 interrupted iterations
gradual_ramp   [  43% ] 07/12 VUs  05m10.8s/12m00.0s

running (05m40.0s), 08/12 VUs, 7224 complete and 0 interrupted iterations
gradual_ramp   [  43% ] 08/12 VUs  05m11.8s/12m00.0s

running (05m41.0s), 08/12 VUs, 7270 complete and 0 interrupted iterations
gradual_ramp   [  43% ] 08/12 VUs  05m12.8s/12m00.0s

running (05m42.0s), 08/12 VUs, 7337 complete and 0 interrupted iterations
gradual_ramp   [  44% ] 08/12 VUs  05m13.8s/12m00.0s

running (05m43.0s), 08/12 VUs, 7371 complete and 0 interrupted iterations
gradual_ramp   [  44% ] 08/12 VUs  05m14.8s/12m00.0s

running (05m44.0s), 08/12 VUs, 7414 complete and 0 interrupted iterations
gradual_ramp   [  44% ] 08/12 VUs  05m15.8s/12m00.0s

running (05m45.0s), 08/12 VUs, 7445 complete and 0 interrupted iterations
gradual_ramp   [  44% ] 08/12 VUs  05m16.8s/12m00.0s

running (05m46.0s), 08/12 VUs, 7475 complete and 0 interrupted iterations
gradual_ramp   [  44% ] 08/12 VUs  05m17.8s/12m00.0s

running (05m47.0s), 08/12 VUs, 7521 complete and 0 interrupted iterations
gradual_ramp   [  44% ] 08/12 VUs  05m18.8s/12m00.0s

running (05m48.0s), 08/12 VUs, 7594 complete and 0 interrupted iterations
gradual_ramp   [  44% ] 08/12 VUs  05m19.8s/12m00.0s

running (05m49.0s), 08/12 VUs, 7640 complete and 0 interrupted iterations
gradual_ramp   [  45% ] 08/12 VUs  05m20.8s/12m00.0s

running (05m50.0s), 08/12 VUs, 7670 complete and 0 interrupted iterations
gradual_ramp   [  45% ] 08/12 VUs  05m21.8s/12m00.0s

running (05m51.0s), 08/12 VUs, 7711 complete and 0 interrupted iterations
gradual_ramp   [  45% ] 08/12 VUs  05m22.8s/12m00.0s

running (05m52.0s), 08/12 VUs, 7762 complete and 0 interrupted iterations
gradual_ramp   [  45% ] 08/12 VUs  05m23.8s/12m00.0s

running (05m53.0s), 08/12 VUs, 7800 complete and 0 interrupted iterations
gradual_ramp   [  45% ] 08/12 VUs  05m24.8s/12m00.0s

running (05m54.0s), 08/12 VUs, 7864 complete and 0 interrupted iterations
gradual_ramp   [  45% ] 08/12 VUs  05m25.8s/12m00.0s

running (05m55.0s), 08/12 VUs, 7881 complete and 0 interrupted iterations
gradual_ramp   [  45% ] 08/12 VUs  05m26.8s/12m00.0s

running (05m56.0s), 08/12 VUs, 7912 complete and 0 interrupted iterations
gradual_ramp   [  46% ] 08/12 VUs  05m27.8s/12m00.0s

running (05m57.0s), 08/12 VUs, 7999 complete and 0 interrupted iterations
gradual_ramp   [  46% ] 08/12 VUs  05m28.8s/12m00.0s

running (05m58.0s), 08/12 VUs, 8019 complete and 0 interrupted iterations
gradual_ramp   [  46% ] 08/12 VUs  05m29.8s/12m00.0s

running (05m59.0s), 08/12 VUs, 8038 complete and 0 interrupted iterations
gradual_ramp   [  46% ] 08/12 VUs  05m30.8s/12m00.0s

running (06m00.0s), 08/12 VUs, 8096 complete and 0 interrupted iterations
gradual_ramp   [  46% ] 08/12 VUs  05m31.8s/12m00.0s

running (06m01.0s), 08/12 VUs, 8118 complete and 0 interrupted iterations
gradual_ramp   [  46% ] 08/12 VUs  05m32.8s/12m00.0s

running (06m02.0s), 08/12 VUs, 8146 complete and 0 interrupted iterations
gradual_ramp   [  46% ] 08/12 VUs  05m33.8s/12m00.0s

running (06m03.0s), 08/12 VUs, 8195 complete and 0 interrupted iterations
gradual_ramp   [  47% ] 08/12 VUs  05m34.8s/12m00.0s

running (06m04.0s), 08/12 VUs, 8225 complete and 0 interrupted iterations
gradual_ramp   [  47% ] 08/12 VUs  05m35.8s/12m00.0s

running (06m05.0s), 08/12 VUs, 8277 complete and 0 interrupted iterations
gradual_ramp   [  47% ] 08/12 VUs  05m36.8s/12m00.0s

running (06m06.0s), 08/12 VUs, 8319 complete and 0 interrupted iterations
gradual_ramp   [  47% ] 08/12 VUs  05m37.8s/12m00.0s

running (06m07.0s), 09/12 VUs, 8375 complete and 0 interrupted iterations
gradual_ramp   [  47% ] 09/12 VUs  05m38.8s/12m00.0s

running (06m08.0s), 09/12 VUs, 8443 complete and 0 interrupted iterations
gradual_ramp   [  47% ] 09/12 VUs  05m39.8s/12m00.0s

running (06m09.0s), 09/12 VUs, 8472 complete and 0 interrupted iterations
gradual_ramp   [  47% ] 09/12 VUs  05m40.8s/12m00.0s

running (06m10.0s), 09/12 VUs, 8505 complete and 0 interrupted iterations
gradual_ramp   [  47% ] 09/12 VUs  05m41.8s/12m00.0s

running (06m11.0s), 09/12 VUs, 8552 complete and 0 interrupted iterations
gradual_ramp   [  48% ] 09/12 VUs  05m42.8s/12m00.0s

running (06m12.0s), 09/12 VUs, 8623 complete and 0 interrupted iterations
gradual_ramp   [  48% ] 09/12 VUs  05m43.8s/12m00.0s

running (06m13.0s), 09/12 VUs, 8659 complete and 0 interrupted iterations
gradual_ramp   [  48% ] 09/12 VUs  05m44.8s/12m00.0s

running (06m14.0s), 09/12 VUs, 8689 complete and 0 interrupted iterations
gradual_ramp   [  48% ] 09/12 VUs  05m45.8s/12m00.0s

running (06m15.0s), 09/12 VUs, 8770 complete and 0 interrupted iterations
gradual_ramp   [  48% ] 09/12 VUs  05m46.8s/12m00.0s

running (06m16.0s), 09/12 VUs, 8820 complete and 0 interrupted iterations
gradual_ramp   [  48% ] 09/12 VUs  05m47.8s/12m00.0s

running (06m17.0s), 09/12 VUs, 8863 complete and 0 interrupted iterations
gradual_ramp   [  48% ] 09/12 VUs  05m48.8s/12m00.0s

running (06m18.0s), 09/12 VUs, 8918 complete and 0 interrupted iterations
gradual_ramp   [  49% ] 09/12 VUs  05m49.8s/12m00.0s

running (06m19.0s), 09/12 VUs, 8993 complete and 0 interrupted iterations
gradual_ramp   [  49% ] 09/12 VUs  05m50.8s/12m00.0s

running (06m20.0s), 09/12 VUs, 9017 complete and 0 interrupted iterations
gradual_ramp   [  49% ] 09/12 VUs  05m51.8s/12m00.0s

running (06m21.0s), 09/12 VUs, 9048 complete and 0 interrupted iterations
gradual_ramp   [  49% ] 09/12 VUs  05m52.8s/12m00.0s

running (06m22.0s), 09/12 VUs, 9090 complete and 0 interrupted iterations
gradual_ramp   [  49% ] 09/12 VUs  05m53.8s/12m00.0s

running (06m23.0s), 09/12 VUs, 9142 complete and 0 interrupted iterations
gradual_ramp   [  49% ] 09/12 VUs  05m54.8s/12m00.0s

running (06m24.0s), 09/12 VUs, 9186 complete and 0 interrupted iterations
gradual_ramp   [  49% ] 09/12 VUs  05m55.8s/12m00.0s

running (06m25.0s), 09/12 VUs, 9211 complete and 0 interrupted iterations
gradual_ramp   [  50% ] 09/12 VUs  05m56.8s/12m00.0s

running (06m26.0s), 09/12 VUs, 9247 complete and 0 interrupted iterations
gradual_ramp   [  50% ] 09/12 VUs  05m57.8s/12m00.0s

running (06m27.0s), 09/12 VUs, 9288 complete and 0 interrupted iterations
gradual_ramp   [  50% ] 09/12 VUs  05m58.8s/12m00.0s

running (06m28.0s), 09/12 VUs, 9332 complete and 0 interrupted iterations
gradual_ramp   [  50% ] 09/12 VUs  05m59.8s/12m00.0s

running (06m29.0s), 09/12 VUs, 9431 complete and 0 interrupted iterations
gradual_ramp   [  50% ] 09/12 VUs  06m00.8s/12m00.0s

running (06m30.0s), 09/12 VUs, 9488 complete and 0 interrupted iterations
gradual_ramp   [  50% ] 09/12 VUs  06m01.8s/12m00.0s

running (06m31.0s), 09/12 VUs, 9537 complete and 0 interrupted iterations
gradual_ramp   [  50% ] 09/12 VUs  06m02.8s/12m00.0s

running (06m32.0s), 09/12 VUs, 9587 complete and 0 interrupted iterations
gradual_ramp   [  51% ] 09/12 VUs  06m03.8s/12m00.0s

running (06m33.0s), 09/12 VUs, 9645 complete and 0 interrupted iterations
gradual_ramp   [  51% ] 09/12 VUs  06m04.8s/12m00.0s

running (06m34.0s), 10/12 VUs, 9679 complete and 0 interrupted iterations
gradual_ramp   [  51% ] 10/12 VUs  06m05.8s/12m00.0s

running (06m35.0s), 10/12 VUs, 9726 complete and 0 interrupted iterations
gradual_ramp   [  51% ] 10/12 VUs  06m06.8s/12m00.0s

running (06m36.0s), 10/12 VUs, 9770 complete and 0 interrupted iterations
gradual_ramp   [  51% ] 10/12 VUs  06m07.8s/12m00.0s

running (06m37.0s), 10/12 VUs, 9828 complete and 0 interrupted iterations
gradual_ramp   [  51% ] 10/12 VUs  06m08.8s/12m00.0s

running (06m38.0s), 10/12 VUs, 9869 complete and 0 interrupted iterations
gradual_ramp   [  51% ] 10/12 VUs  06m09.8s/12m00.0s

running (06m39.0s), 10/12 VUs, 9911 complete and 0 interrupted iterations
gradual_ramp   [  52% ] 10/12 VUs  06m10.8s/12m00.0s

running (06m40.0s), 10/12 VUs, 9946 complete and 0 interrupted iterations
gradual_ramp   [  52% ] 10/12 VUs  06m11.8s/12m00.0s

running (06m41.0s), 10/12 VUs, 9957 complete and 0 interrupted iterations
gradual_ramp   [  52% ] 10/12 VUs  06m12.8s/12m00.0s

running (06m42.0s), 10/12 VUs, 10000 complete and 0 interrupted iterations
gradual_ramp   [  52% ] 10/12 VUs  06m13.8s/12m00.0s

running (06m43.0s), 10/12 VUs, 10033 complete and 0 interrupted iterations
gradual_ramp   [  52% ] 10/12 VUs  06m14.8s/12m00.0s

running (06m44.0s), 10/12 VUs, 10078 complete and 0 interrupted iterations
gradual_ramp   [  52% ] 10/12 VUs  06m15.8s/12m00.0s

running (06m45.0s), 10/12 VUs, 10108 complete and 0 interrupted iterations
gradual_ramp   [  52% ] 10/12 VUs  06m16.8s/12m00.0s

running (06m46.0s), 10/12 VUs, 10156 complete and 0 interrupted iterations
gradual_ramp   [  52% ] 10/12 VUs  06m17.8s/12m00.0s

running (06m47.0s), 10/12 VUs, 10190 complete and 0 interrupted iterations
gradual_ramp   [  53% ] 10/12 VUs  06m18.8s/12m00.0s

running (06m48.0s), 10/12 VUs, 10247 complete and 0 interrupted iterations
gradual_ramp   [  53% ] 10/12 VUs  06m19.8s/12m00.0s

running (06m49.0s), 10/12 VUs, 10291 complete and 0 interrupted iterations
gradual_ramp   [  53% ] 10/12 VUs  06m20.8s/12m00.0s

running (06m50.0s), 10/12 VUs, 10316 complete and 0 interrupted iterations
gradual_ramp   [  53% ] 10/12 VUs  06m21.8s/12m00.0s

running (06m51.0s), 10/12 VUs, 10358 complete and 0 interrupted iterations
gradual_ramp   [  53% ] 10/12 VUs  06m22.8s/12m00.0s

running (06m52.0s), 10/12 VUs, 10392 complete and 0 interrupted iterations
gradual_ramp   [  53% ] 10/12 VUs  06m23.8s/12m00.0s

running (06m53.0s), 10/12 VUs, 10424 complete and 0 interrupted iterations
gradual_ramp   [  53% ] 10/12 VUs  06m24.8s/12m00.0s

running (06m54.0s), 10/12 VUs, 10456 complete and 0 interrupted iterations
gradual_ramp   [  54% ] 10/12 VUs  06m25.8s/12m00.0s

running (06m55.0s), 10/12 VUs, 10515 complete and 0 interrupted iterations
gradual_ramp   [  54% ] 10/12 VUs  06m26.8s/12m00.0s

running (06m56.0s), 10/12 VUs, 10568 complete and 0 interrupted iterations
gradual_ramp   [  54% ] 10/12 VUs  06m27.8s/12m00.0s

running (06m57.0s), 10/12 VUs, 10613 complete and 0 interrupted iterations
gradual_ramp   [  54% ] 10/12 VUs  06m28.8s/12m00.0s

running (06m58.0s), 10/12 VUs, 10641 complete and 0 interrupted iterations
gradual_ramp   [  54% ] 10/12 VUs  06m29.8s/12m00.0s

running (06m59.0s), 10/12 VUs, 10670 complete and 0 interrupted iterations
gradual_ramp   [  54% ] 10/12 VUs  06m30.8s/12m00.0s

running (07m00.0s), 10/12 VUs, 10733 complete and 0 interrupted iterations
gradual_ramp   [  54% ] 10/12 VUs  06m31.8s/12m00.0s

running (07m01.0s), 11/12 VUs, 10764 complete and 0 interrupted iterations
gradual_ramp   [  55% ] 11/12 VUs  06m32.8s/12m00.0s

running (07m02.0s), 11/12 VUs, 10815 complete and 0 interrupted iterations
gradual_ramp   [  55% ] 11/12 VUs  06m33.8s/12m00.0s

running (07m03.0s), 11/12 VUs, 10836 complete and 0 interrupted iterations
gradual_ramp   [  55% ] 11/12 VUs  06m34.8s/12m00.0s

running (07m04.0s), 11/12 VUs, 10877 complete and 0 interrupted iterations
gradual_ramp   [  55% ] 11/12 VUs  06m35.8s/12m00.0s

running (07m05.0s), 11/12 VUs, 10931 complete and 0 interrupted iterations
gradual_ramp   [  55% ] 11/12 VUs  06m36.8s/12m00.0s

running (07m06.0s), 11/12 VUs, 10988 complete and 0 interrupted iterations
gradual_ramp   [  55% ] 11/12 VUs  06m37.8s/12m00.0s

running (07m07.0s), 11/12 VUs, 11021 complete and 0 interrupted iterations
gradual_ramp   [  55% ] 11/12 VUs  06m38.8s/12m00.0s

running (07m08.0s), 11/12 VUs, 11054 complete and 0 interrupted iterations
gradual_ramp   [  56% ] 11/12 VUs  06m39.8s/12m00.0s

running (07m09.0s), 11/12 VUs, 11100 complete and 0 interrupted iterations
gradual_ramp   [  56% ] 11/12 VUs  06m40.8s/12m00.0s

running (07m10.0s), 11/12 VUs, 11145 complete and 0 interrupted iterations
gradual_ramp   [  56% ] 11/12 VUs  06m41.8s/12m00.0s

running (07m11.0s), 11/12 VUs, 11201 complete and 0 interrupted iterations
gradual_ramp   [  56% ] 11/12 VUs  06m42.8s/12m00.0s

running (07m12.0s), 11/12 VUs, 11233 complete and 0 interrupted iterations
gradual_ramp   [  56% ] 11/12 VUs  06m43.8s/12m00.0s

running (07m13.0s), 11/12 VUs, 11256 complete and 0 interrupted iterations
gradual_ramp   [  56% ] 11/12 VUs  06m44.8s/12m00.0s

running (07m14.0s), 11/12 VUs, 11315 complete and 0 interrupted iterations
gradual_ramp   [  56% ] 11/12 VUs  06m45.8s/12m00.0s

running (07m15.0s), 11/12 VUs, 11369 complete and 0 interrupted iterations
gradual_ramp   [  57% ] 11/12 VUs  06m46.8s/12m00.0s

running (07m16.0s), 11/12 VUs, 11413 complete and 0 interrupted iterations
gradual_ramp   [  57% ] 11/12 VUs  06m47.8s/12m00.0s

running (07m17.0s), 11/12 VUs, 11448 complete and 0 interrupted iterations
gradual_ramp   [  57% ] 11/12 VUs  06m48.8s/12m00.0s

running (07m18.0s), 11/12 VUs, 11495 complete and 0 interrupted iterations
gradual_ramp   [  57% ] 11/12 VUs  06m49.8s/12m00.0s

running (07m19.0s), 11/12 VUs, 11530 complete and 0 interrupted iterations
gradual_ramp   [  57% ] 11/12 VUs  06m50.8s/12m00.0s

running (07m20.0s), 11/12 VUs, 11570 complete and 0 interrupted iterations
gradual_ramp   [  57% ] 11/12 VUs  06m51.8s/12m00.0s

running (07m21.0s), 11/12 VUs, 11651 complete and 0 interrupted iterations
gradual_ramp   [  57% ] 11/12 VUs  06m52.8s/12m00.0s

running (07m22.0s), 11/12 VUs, 11694 complete and 0 interrupted iterations
gradual_ramp   [  57% ] 11/12 VUs  06m53.8s/12m00.0s

running (07m23.0s), 11/12 VUs, 11734 complete and 0 interrupted iterations
gradual_ramp   [  58% ] 11/12 VUs  06m54.8s/12m00.0s

running (07m24.0s), 11/12 VUs, 11768 complete and 0 interrupted iterations
gradual_ramp   [  58% ] 11/12 VUs  06m55.8s/12m00.0s

running (07m25.0s), 11/12 VUs, 11808 complete and 0 interrupted iterations
gradual_ramp   [  58% ] 11/12 VUs  06m56.8s/12m00.0s

running (07m26.0s), 11/12 VUs, 11847 complete and 0 interrupted iterations
gradual_ramp   [  58% ] 11/12 VUs  06m57.8s/12m00.0s

running (07m27.0s), 11/12 VUs, 11896 complete and 0 interrupted iterations
gradual_ramp   [  58% ] 11/12 VUs  06m58.8s/12m00.0s

running (07m28.0s), 11/12 VUs, 11927 complete and 0 interrupted iterations
gradual_ramp   [  58% ] 11/12 VUs  06m59.8s/12m00.0s

running (07m29.0s), 12/12 VUs, 11964 complete and 0 interrupted iterations
gradual_ramp   [  58% ] 12/12 VUs  07m00.8s/12m00.0s

running (07m30.0s), 12/12 VUs, 11996 complete and 0 interrupted iterations
gradual_ramp   [  59% ] 12/12 VUs  07m01.8s/12m00.0s

running (07m31.0s), 12/12 VUs, 12048 complete and 0 interrupted iterations
gradual_ramp   [  59% ] 12/12 VUs  07m02.8s/12m00.0s

running (07m32.0s), 12/12 VUs, 12122 complete and 0 interrupted iterations
gradual_ramp   [  59% ] 12/12 VUs  07m03.8s/12m00.0s

running (07m33.0s), 12/12 VUs, 12190 complete and 0 interrupted iterations
gradual_ramp   [  59% ] 12/12 VUs  07m04.8s/12m00.0s

running (07m34.0s), 12/12 VUs, 12231 complete and 0 interrupted iterations
gradual_ramp   [  59% ] 12/12 VUs  07m05.8s/12m00.0s

running (07m35.0s), 12/12 VUs, 12294 complete and 0 interrupted iterations
gradual_ramp   [  59% ] 12/12 VUs  07m06.8s/12m00.0s

running (07m36.0s), 12/12 VUs, 12386 complete and 0 interrupted iterations
gradual_ramp   [  59% ] 12/12 VUs  07m07.8s/12m00.0s

running (07m37.0s), 12/12 VUs, 12466 complete and 0 interrupted iterations
gradual_ramp   [  60% ] 12/12 VUs  07m08.8s/12m00.0s

running (07m38.0s), 12/12 VUs, 12506 complete and 0 interrupted iterations
gradual_ramp   [  60% ] 12/12 VUs  07m09.8s/12m00.0s

running (07m39.0s), 12/12 VUs, 12581 complete and 0 interrupted iterations
gradual_ramp   [  60% ] 12/12 VUs  07m10.8s/12m00.0s

running (07m40.0s), 12/12 VUs, 12621 complete and 0 interrupted iterations
gradual_ramp   [  60% ] 12/12 VUs  07m11.8s/12m00.0s

running (07m41.0s), 12/12 VUs, 12650 complete and 0 interrupted iterations
gradual_ramp   [  60% ] 12/12 VUs  07m12.8s/12m00.0s

running (07m42.0s), 12/12 VUs, 12727 complete and 0 interrupted iterations
gradual_ramp   [  60% ] 12/12 VUs  07m13.8s/12m00.0s

running (07m43.0s), 12/12 VUs, 12764 complete and 0 interrupted iterations
gradual_ramp   [  60% ] 12/12 VUs  07m14.8s/12m00.0s

running (07m44.0s), 12/12 VUs, 12803 complete and 0 interrupted iterations
gradual_ramp   [  61% ] 12/12 VUs  07m15.8s/12m00.0s

running (07m45.0s), 12/12 VUs, 12850 complete and 0 interrupted iterations
gradual_ramp   [  61% ] 12/12 VUs  07m16.8s/12m00.0s

running (07m46.0s), 12/12 VUs, 12889 complete and 0 interrupted iterations
gradual_ramp   [  61% ] 12/12 VUs  07m17.8s/12m00.0s

running (07m47.0s), 12/12 VUs, 12933 complete and 0 interrupted iterations
gradual_ramp   [  61% ] 12/12 VUs  07m18.8s/12m00.0s

running (07m48.0s), 12/12 VUs, 13006 complete and 0 interrupted iterations
gradual_ramp   [  61% ] 12/12 VUs  07m19.8s/12m00.0s

running (07m49.0s), 12/12 VUs, 13067 complete and 0 interrupted iterations
gradual_ramp   [  61% ] 12/12 VUs  07m20.8s/12m00.0s

running (07m50.0s), 12/12 VUs, 13123 complete and 0 interrupted iterations
gradual_ramp   [  61% ] 12/12 VUs  07m21.8s/12m00.0s

running (07m51.0s), 12/12 VUs, 13158 complete and 0 interrupted iterations
gradual_ramp   [  62% ] 12/12 VUs  07m22.8s/12m00.0s

running (07m52.0s), 12/12 VUs, 13181 complete and 0 interrupted iterations
gradual_ramp   [  62% ] 12/12 VUs  07m23.8s/12m00.0s

running (07m53.0s), 12/12 VUs, 13254 complete and 0 interrupted iterations
gradual_ramp   [  62% ] 12/12 VUs  07m24.8s/12m00.0s

running (07m54.0s), 12/12 VUs, 13277 complete and 0 interrupted iterations
gradual_ramp   [  62% ] 12/12 VUs  07m25.8s/12m00.0s

running (07m55.0s), 12/12 VUs, 13342 complete and 0 interrupted iterations
gradual_ramp   [  62% ] 12/12 VUs  07m26.8s/12m00.0s

running (07m56.0s), 12/12 VUs, 13383 complete and 0 interrupted iterations
gradual_ramp   [  62% ] 12/12 VUs  07m27.8s/12m00.0s

running (07m57.0s), 12/12 VUs, 13415 complete and 0 interrupted iterations
gradual_ramp   [  62% ] 12/12 VUs  07m28.8s/12m00.0s

running (07m58.0s), 12/12 VUs, 13458 complete and 0 interrupted iterations
gradual_ramp   [  62% ] 12/12 VUs  07m29.8s/12m00.0s

running (07m59.0s), 12/12 VUs, 13507 complete and 0 interrupted iterations
gradual_ramp   [  63% ] 12/12 VUs  07m30.8s/12m00.0s

running (08m00.0s), 12/12 VUs, 13523 complete and 0 interrupted iterations
gradual_ramp   [  63% ] 12/12 VUs  07m31.8s/12m00.0s

running (08m01.0s), 12/12 VUs, 13560 complete and 0 interrupted iterations
gradual_ramp   [  63% ] 12/12 VUs  07m32.8s/12m00.0s

running (08m02.0s), 12/12 VUs, 13582 complete and 0 interrupted iterations
gradual_ramp   [  63% ] 12/12 VUs  07m33.8s/12m00.0s

running (08m03.0s), 12/12 VUs, 13648 complete and 0 interrupted iterations
gradual_ramp   [  63% ] 12/12 VUs  07m34.8s/12m00.0s

running (08m04.0s), 12/12 VUs, 13682 complete and 0 interrupted iterations
gradual_ramp   [  63% ] 12/12 VUs  07m35.8s/12m00.0s

running (08m05.0s), 12/12 VUs, 13728 complete and 0 interrupted iterations
gradual_ramp   [  63% ] 12/12 VUs  07m36.8s/12m00.0s

running (08m06.0s), 12/12 VUs, 13752 complete and 0 interrupted iterations
gradual_ramp   [  64% ] 12/12 VUs  07m37.8s/12m00.0s

running (08m07.0s), 12/12 VUs, 13791 complete and 0 interrupted iterations
gradual_ramp   [  64% ] 12/12 VUs  07m38.8s/12m00.0s

running (08m08.0s), 12/12 VUs, 13817 complete and 0 interrupted iterations
gradual_ramp   [  64% ] 12/12 VUs  07m39.8s/12m00.0s

running (08m09.0s), 12/12 VUs, 13853 complete and 0 interrupted iterations
gradual_ramp   [  64% ] 12/12 VUs  07m40.8s/12m00.0s

running (08m10.0s), 12/12 VUs, 13906 complete and 0 interrupted iterations
gradual_ramp   [  64% ] 12/12 VUs  07m41.8s/12m00.0s

running (08m11.0s), 12/12 VUs, 13943 complete and 0 interrupted iterations
gradual_ramp   [  64% ] 12/12 VUs  07m42.8s/12m00.0s

running (08m12.0s), 12/12 VUs, 13978 complete and 0 interrupted iterations
gradual_ramp   [  64% ] 12/12 VUs  07m43.8s/12m00.0s

running (08m13.0s), 12/12 VUs, 14046 complete and 0 interrupted iterations
gradual_ramp   [  65% ] 12/12 VUs  07m44.8s/12m00.0s

running (08m14.0s), 12/12 VUs, 14099 complete and 0 interrupted iterations
gradual_ramp   [  65% ] 12/12 VUs  07m45.8s/12m00.0s

running (08m15.0s), 12/12 VUs, 14173 complete and 0 interrupted iterations
gradual_ramp   [  65% ] 12/12 VUs  07m46.8s/12m00.0s

running (08m16.0s), 12/12 VUs, 14206 complete and 0 interrupted iterations
gradual_ramp   [  65% ] 12/12 VUs  07m47.8s/12m00.0s

running (08m17.0s), 12/12 VUs, 14245 complete and 0 interrupted iterations
gradual_ramp   [  65% ] 12/12 VUs  07m48.8s/12m00.0s

running (08m18.0s), 12/12 VUs, 14281 complete and 0 interrupted iterations
gradual_ramp   [  65% ] 12/12 VUs  07m49.8s/12m00.0s

running (08m19.0s), 12/12 VUs, 14339 complete and 0 interrupted iterations
gradual_ramp   [  65% ] 12/12 VUs  07m50.8s/12m00.0s

running (08m20.0s), 12/12 VUs, 14385 complete and 0 interrupted iterations
gradual_ramp   [  66% ] 12/12 VUs  07m51.8s/12m00.0s

running (08m21.0s), 12/12 VUs, 14440 complete and 0 interrupted iterations
gradual_ramp   [  66% ] 12/12 VUs  07m52.8s/12m00.0s

running (08m22.0s), 12/12 VUs, 14473 complete and 0 interrupted iterations
gradual_ramp   [  66% ] 12/12 VUs  07m53.8s/12m00.0s

running (08m23.0s), 12/12 VUs, 14524 complete and 0 interrupted iterations
gradual_ramp   [  66% ] 12/12 VUs  07m54.8s/12m00.0s

running (08m24.0s), 12/12 VUs, 14575 complete and 0 interrupted iterations
gradual_ramp   [  66% ] 12/12 VUs  07m55.8s/12m00.0s

running (08m25.0s), 12/12 VUs, 14629 complete and 0 interrupted iterations
gradual_ramp   [  66% ] 12/12 VUs  07m56.8s/12m00.0s

running (08m26.0s), 12/12 VUs, 14661 complete and 0 interrupted iterations
gradual_ramp   [  66% ] 12/12 VUs  07m57.8s/12m00.0s

running (08m27.0s), 12/12 VUs, 14705 complete and 0 interrupted iterations
gradual_ramp   [  67% ] 12/12 VUs  07m58.8s/12m00.0s

running (08m28.0s), 12/12 VUs, 14791 complete and 0 interrupted iterations
gradual_ramp   [  67% ] 12/12 VUs  07m59.8s/12m00.0s

running (08m29.0s), 12/12 VUs, 14859 complete and 0 interrupted iterations
gradual_ramp   [  67% ] 12/12 VUs  08m00.8s/12m00.0s

running (08m30.0s), 12/12 VUs, 14911 complete and 0 interrupted iterations
gradual_ramp   [  67% ] 12/12 VUs  08m01.8s/12m00.0s

running (08m31.0s), 12/12 VUs, 14979 complete and 0 interrupted iterations
gradual_ramp   [  67% ] 12/12 VUs  08m02.8s/12m00.0s

running (08m32.0s), 12/12 VUs, 15003 complete and 0 interrupted iterations
gradual_ramp   [  67% ] 12/12 VUs  08m03.8s/12m00.0s

running (08m33.0s), 12/12 VUs, 15045 complete and 0 interrupted iterations
gradual_ramp   [  67% ] 12/12 VUs  08m04.8s/12m00.0s

running (08m34.0s), 12/12 VUs, 15104 complete and 0 interrupted iterations
gradual_ramp   [  67% ] 12/12 VUs  08m05.8s/12m00.0s

running (08m35.0s), 12/12 VUs, 15142 complete and 0 interrupted iterations
gradual_ramp   [  68% ] 12/12 VUs  08m06.8s/12m00.0s

running (08m36.0s), 12/12 VUs, 15201 complete and 0 interrupted iterations
gradual_ramp   [  68% ] 12/12 VUs  08m07.8s/12m00.0s

running (08m37.0s), 12/12 VUs, 15249 complete and 0 interrupted iterations
gradual_ramp   [  68% ] 12/12 VUs  08m08.8s/12m00.0s

running (08m38.0s), 12/12 VUs, 15279 complete and 0 interrupted iterations
gradual_ramp   [  68% ] 12/12 VUs  08m09.8s/12m00.0s

running (08m39.0s), 12/12 VUs, 15330 complete and 0 interrupted iterations
gradual_ramp   [  68% ] 12/12 VUs  08m10.8s/12m00.0s

running (08m40.0s), 12/12 VUs, 15386 complete and 0 interrupted iterations
gradual_ramp   [  68% ] 12/12 VUs  08m11.8s/12m00.0s

running (08m41.0s), 12/12 VUs, 15461 complete and 0 interrupted iterations
gradual_ramp   [  68% ] 12/12 VUs  08m12.8s/12m00.0s

running (08m42.0s), 12/12 VUs, 15515 complete and 0 interrupted iterations
gradual_ramp   [  69% ] 12/12 VUs  08m13.8s/12m00.0s

running (08m43.0s), 12/12 VUs, 15552 complete and 0 interrupted iterations
gradual_ramp   [  69% ] 12/12 VUs  08m14.8s/12m00.0s

running (08m44.0s), 12/12 VUs, 15584 complete and 0 interrupted iterations
gradual_ramp   [  69% ] 12/12 VUs  08m15.8s/12m00.0s

running (08m45.0s), 12/12 VUs, 15616 complete and 0 interrupted iterations
gradual_ramp   [  69% ] 12/12 VUs  08m16.8s/12m00.0s

running (08m46.0s), 12/12 VUs, 15664 complete and 0 interrupted iterations
gradual_ramp   [  69% ] 12/12 VUs  08m17.8s/12m00.0s

running (08m47.0s), 12/12 VUs, 15757 complete and 0 interrupted iterations
gradual_ramp   [  69% ] 12/12 VUs  08m18.8s/12m00.0s

running (08m48.0s), 12/12 VUs, 15800 complete and 0 interrupted iterations
gradual_ramp   [  69% ] 12/12 VUs  08m19.8s/12m00.0s

running (08m49.0s), 12/12 VUs, 15823 complete and 0 interrupted iterations
gradual_ramp   [  70% ] 12/12 VUs  08m20.8s/12m00.0s

running (08m50.0s), 12/12 VUs, 15872 complete and 0 interrupted iterations
gradual_ramp   [  70% ] 12/12 VUs  08m21.8s/12m00.0s

running (08m51.0s), 12/12 VUs, 15907 complete and 0 interrupted iterations
gradual_ramp   [  70% ] 12/12 VUs  08m22.8s/12m00.0s

running (08m52.0s), 12/12 VUs, 15959 complete and 0 interrupted iterations
gradual_ramp   [  70% ] 12/12 VUs  08m23.8s/12m00.0s

running (08m53.0s), 12/12 VUs, 16011 complete and 0 interrupted iterations
gradual_ramp   [  70% ] 12/12 VUs  08m24.8s/12m00.0s

running (08m54.0s), 12/12 VUs, 16024 complete and 0 interrupted iterations
gradual_ramp   [  70% ] 12/12 VUs  08m25.8s/12m00.0s

running (08m55.0s), 12/12 VUs, 16056 complete and 0 interrupted iterations
gradual_ramp   [  70% ] 12/12 VUs  08m26.8s/12m00.0s

running (08m56.0s), 12/12 VUs, 16096 complete and 0 interrupted iterations
gradual_ramp   [  71% ] 12/12 VUs  08m27.8s/12m00.0s

running (08m57.0s), 12/12 VUs, 16162 complete and 0 interrupted iterations
gradual_ramp   [  71% ] 12/12 VUs  08m28.8s/12m00.0s

running (08m58.0s), 12/12 VUs, 16190 complete and 0 interrupted iterations
gradual_ramp   [  71% ] 12/12 VUs  08m29.8s/12m00.0s

running (08m59.0s), 12/12 VUs, 16236 complete and 0 interrupted iterations
gradual_ramp   [  71% ] 12/12 VUs  08m30.8s/12m00.0s

running (09m00.0s), 12/12 VUs, 16292 complete and 0 interrupted iterations
gradual_ramp   [  71% ] 12/12 VUs  08m31.8s/12m00.0s

running (09m01.0s), 12/12 VUs, 16319 complete and 0 interrupted iterations
gradual_ramp   [  71% ] 12/12 VUs  08m32.8s/12m00.0s

running (09m02.0s), 12/12 VUs, 16338 complete and 0 interrupted iterations
gradual_ramp   [  71% ] 12/12 VUs  08m33.8s/12m00.0s

running (09m03.0s), 12/12 VUs, 16391 complete and 0 interrupted iterations
gradual_ramp   [  72% ] 12/12 VUs  08m34.8s/12m00.0s

running (09m04.0s), 12/12 VUs, 16435 complete and 0 interrupted iterations
gradual_ramp   [  72% ] 12/12 VUs  08m35.8s/12m00.0s

running (09m05.0s), 12/12 VUs, 16468 complete and 0 interrupted iterations
gradual_ramp   [  72% ] 12/12 VUs  08m36.8s/12m00.0s

running (09m06.0s), 12/12 VUs, 16554 complete and 0 interrupted iterations
gradual_ramp   [  72% ] 12/12 VUs  08m37.8s/12m00.0s

running (09m07.0s), 12/12 VUs, 16599 complete and 0 interrupted iterations
gradual_ramp   [  72% ] 12/12 VUs  08m38.8s/12m00.0s

running (09m08.0s), 12/12 VUs, 16622 complete and 0 interrupted iterations
gradual_ramp   [  72% ] 12/12 VUs  08m39.8s/12m00.0s

running (09m09.0s), 12/12 VUs, 16656 complete and 0 interrupted iterations
gradual_ramp   [  72% ] 12/12 VUs  08m40.8s/12m00.0s

running (09m10.0s), 12/12 VUs, 16767 complete and 0 interrupted iterations
gradual_ramp   [  72% ] 12/12 VUs  08m41.8s/12m00.0s

running (09m11.0s), 12/12 VUs, 16837 complete and 0 interrupted iterations
gradual_ramp   [  73% ] 12/12 VUs  08m42.8s/12m00.0s

running (09m12.0s), 12/12 VUs, 16870 complete and 0 interrupted iterations
gradual_ramp   [  73% ] 12/12 VUs  08m43.8s/12m00.0s

running (09m13.0s), 12/12 VUs, 16924 complete and 0 interrupted iterations
gradual_ramp   [  73% ] 12/12 VUs  08m44.8s/12m00.0s

running (09m14.0s), 12/12 VUs, 16989 complete and 0 interrupted iterations
gradual_ramp   [  73% ] 12/12 VUs  08m45.8s/12m00.0s

running (09m15.0s), 12/12 VUs, 17033 complete and 0 interrupted iterations
gradual_ramp   [  73% ] 12/12 VUs  08m46.8s/12m00.0s

running (09m16.0s), 12/12 VUs, 17076 complete and 0 interrupted iterations
gradual_ramp   [  73% ] 12/12 VUs  08m47.8s/12m00.0s

running (09m17.0s), 12/12 VUs, 17112 complete and 0 interrupted iterations
gradual_ramp   [  73% ] 12/12 VUs  08m48.8s/12m00.0s

running (09m18.0s), 12/12 VUs, 17157 complete and 0 interrupted iterations
gradual_ramp   [  74% ] 12/12 VUs  08m49.8s/12m00.0s

running (09m19.0s), 12/12 VUs, 17195 complete and 0 interrupted iterations
gradual_ramp   [  74% ] 12/12 VUs  08m50.8s/12m00.0s

running (09m20.0s), 12/12 VUs, 17228 complete and 0 interrupted iterations
gradual_ramp   [  74% ] 12/12 VUs  08m51.8s/12m00.0s

running (09m21.0s), 12/12 VUs, 17253 complete and 0 interrupted iterations
gradual_ramp   [  74% ] 12/12 VUs  08m52.8s/12m00.0s

running (09m22.0s), 12/12 VUs, 17302 complete and 0 interrupted iterations
gradual_ramp   [  74% ] 12/12 VUs  08m53.8s/12m00.0s

running (09m23.0s), 12/12 VUs, 17337 complete and 0 interrupted iterations
gradual_ramp   [  74% ] 12/12 VUs  08m54.8s/12m00.0s

running (09m24.0s), 12/12 VUs, 17391 complete and 0 interrupted iterations
gradual_ramp   [  74% ] 12/12 VUs  08m55.8s/12m00.0s

running (09m25.0s), 12/12 VUs, 17427 complete and 0 interrupted iterations
gradual_ramp   [  75% ] 12/12 VUs  08m56.8s/12m00.0s

running (09m26.0s), 12/12 VUs, 17454 complete and 0 interrupted iterations
gradual_ramp   [  75% ] 12/12 VUs  08m57.8s/12m00.0s

running (09m27.0s), 12/12 VUs, 17502 complete and 0 interrupted iterations
gradual_ramp   [  75% ] 12/12 VUs  08m58.8s/12m00.0s

running (09m28.0s), 12/12 VUs, 17506 complete and 0 interrupted iterations
gradual_ramp   [  75% ] 12/12 VUs  08m59.8s/12m00.0s

running (09m29.0s), 12/12 VUs, 17534 complete and 0 interrupted iterations
gradual_ramp   [  75% ] 12/12 VUs  09m00.8s/12m00.0s

running (09m30.0s), 12/12 VUs, 17567 complete and 0 interrupted iterations
gradual_ramp   [  75% ] 12/12 VUs  09m01.8s/12m00.0s

running (09m31.0s), 12/12 VUs, 17587 complete and 0 interrupted iterations
gradual_ramp   [  75% ] 12/12 VUs  09m02.8s/12m00.0s

running (09m32.0s), 12/12 VUs, 17611 complete and 0 interrupted iterations
gradual_ramp   [  76% ] 12/12 VUs  09m03.8s/12m00.0s

running (09m33.0s), 12/12 VUs, 17632 complete and 0 interrupted iterations
gradual_ramp   [  76% ] 12/12 VUs  09m04.8s/12m00.0s

running (09m34.0s), 12/12 VUs, 17675 complete and 0 interrupted iterations
gradual_ramp   [  76% ] 12/12 VUs  09m05.8s/12m00.0s

running (09m35.0s), 12/12 VUs, 17711 complete and 0 interrupted iterations
gradual_ramp   [  76% ] 12/12 VUs  09m06.8s/12m00.0s

running (09m36.0s), 12/12 VUs, 17737 complete and 0 interrupted iterations
gradual_ramp   [  76% ] 12/12 VUs  09m07.8s/12m00.0s

running (09m37.0s), 12/12 VUs, 17810 complete and 0 interrupted iterations
gradual_ramp   [  76% ] 12/12 VUs  09m08.8s/12m00.0s

running (09m38.0s), 12/12 VUs, 17866 complete and 0 interrupted iterations
gradual_ramp   [  76% ] 12/12 VUs  09m09.8s/12m00.0s

running (09m39.0s), 12/12 VUs, 17944 complete and 0 interrupted iterations
gradual_ramp   [  77% ] 12/12 VUs  09m10.8s/12m00.0s

running (09m40.0s), 12/12 VUs, 17968 complete and 0 interrupted iterations
gradual_ramp   [  77% ] 12/12 VUs  09m11.8s/12m00.0s

running (09m41.0s), 12/12 VUs, 17993 complete and 0 interrupted iterations
gradual_ramp   [  77% ] 12/12 VUs  09m12.8s/12m00.0s

running (09m42.0s), 12/12 VUs, 18070 complete and 0 interrupted iterations
gradual_ramp   [  77% ] 12/12 VUs  09m13.8s/12m00.0s

running (09m43.0s), 12/12 VUs, 18101 complete and 0 interrupted iterations
gradual_ramp   [  77% ] 12/12 VUs  09m14.8s/12m00.0s

running (09m44.0s), 11/12 VUs, 18183 complete and 0 interrupted iterations
gradual_ramp   [  77% ] 11/12 VUs  09m15.8s/12m00.0s

running (09m45.0s), 11/12 VUs, 18226 complete and 0 interrupted iterations
gradual_ramp   [  77% ] 11/12 VUs  09m16.8s/12m00.0s

running (09m46.0s), 11/12 VUs, 18263 complete and 0 interrupted iterations
gradual_ramp   [  77% ] 11/12 VUs  09m17.8s/12m00.0s

running (09m47.0s), 11/12 VUs, 18292 complete and 0 interrupted iterations
gradual_ramp   [  78% ] 11/12 VUs  09m18.8s/12m00.0s

running (09m48.0s), 11/12 VUs, 18334 complete and 0 interrupted iterations
gradual_ramp   [  78% ] 11/12 VUs  09m19.8s/12m00.0s

running (09m49.0s), 11/12 VUs, 18378 complete and 0 interrupted iterations
gradual_ramp   [  78% ] 11/12 VUs  09m20.8s/12m00.0s

running (09m50.0s), 11/12 VUs, 18384 complete and 0 interrupted iterations
gradual_ramp   [  78% ] 11/12 VUs  09m21.8s/12m00.0s

running (09m51.0s), 11/12 VUs, 18403 complete and 0 interrupted iterations
gradual_ramp   [  78% ] 11/12 VUs  09m22.8s/12m00.0s

running (09m52.0s), 11/12 VUs, 18421 complete and 0 interrupted iterations
gradual_ramp   [  78% ] 11/12 VUs  09m23.8s/12m00.0s

running (09m53.0s), 11/12 VUs, 18437 complete and 0 interrupted iterations
gradual_ramp   [  78% ] 11/12 VUs  09m24.8s/12m00.0s

running (09m54.0s), 11/12 VUs, 18462 complete and 0 interrupted iterations
gradual_ramp   [  79% ] 11/12 VUs  09m25.8s/12m00.0s

running (09m55.0s), 11/12 VUs, 18478 complete and 0 interrupted iterations
gradual_ramp   [  79% ] 11/12 VUs  09m26.8s/12m00.0s

running (09m56.0s), 11/12 VUs, 18505 complete and 0 interrupted iterations
gradual_ramp   [  79% ] 11/12 VUs  09m27.8s/12m00.0s

running (09m57.0s), 11/12 VUs, 18551 complete and 0 interrupted iterations
gradual_ramp   [  79% ] 11/12 VUs  09m28.8s/12m00.0s

running (09m58.0s), 11/12 VUs, 18597 complete and 0 interrupted iterations
gradual_ramp   [  79% ] 11/12 VUs  09m29.8s/12m00.0s

running (09m59.0s), 10/12 VUs, 18660 complete and 0 interrupted iterations
gradual_ramp   [  79% ] 10/12 VUs  09m30.8s/12m00.0s

running (10m00.0s), 10/12 VUs, 18674 complete and 0 interrupted iterations
gradual_ramp   [  79% ] 10/12 VUs  09m31.8s/12m00.0s

running (10m01.0s), 10/12 VUs, 18716 complete and 0 interrupted iterations
gradual_ramp   [  80% ] 10/12 VUs  09m32.8s/12m00.0s

running (10m02.0s), 10/12 VUs, 18760 complete and 0 interrupted iterations
gradual_ramp   [  80% ] 10/12 VUs  09m33.8s/12m00.0s

running (10m03.0s), 10/12 VUs, 18809 complete and 0 interrupted iterations
gradual_ramp   [  80% ] 10/12 VUs  09m34.8s/12m00.0s

running (10m04.0s), 10/12 VUs, 18880 complete and 0 interrupted iterations
gradual_ramp   [  80% ] 10/12 VUs  09m35.8s/12m00.0s

running (10m05.0s), 10/12 VUs, 18945 complete and 0 interrupted iterations
gradual_ramp   [  80% ] 10/12 VUs  09m36.8s/12m00.0s

running (10m06.0s), 10/12 VUs, 18990 complete and 0 interrupted iterations
gradual_ramp   [  80% ] 10/12 VUs  09m37.8s/12m00.0s

running (10m07.0s), 10/12 VUs, 19027 complete and 0 interrupted iterations
gradual_ramp   [  80% ] 10/12 VUs  09m38.8s/12m00.0s

running (10m08.0s), 10/12 VUs, 19085 complete and 0 interrupted iterations
gradual_ramp   [  81% ] 10/12 VUs  09m39.8s/12m00.0s

running (10m09.0s), 10/12 VUs, 19097 complete and 0 interrupted iterations
gradual_ramp   [  81% ] 10/12 VUs  09m40.8s/12m00.0s

running (10m10.0s), 10/12 VUs, 19144 complete and 0 interrupted iterations
gradual_ramp   [  81% ] 10/12 VUs  09m41.8s/12m00.0s

running (10m11.0s), 10/12 VUs, 19189 complete and 0 interrupted iterations
gradual_ramp   [  81% ] 10/12 VUs  09m42.8s/12m00.0s

running (10m12.0s), 10/12 VUs, 19212 complete and 0 interrupted iterations
gradual_ramp   [  81% ] 10/12 VUs  09m43.8s/12m00.0s

running (10m13.0s), 10/12 VUs, 19259 complete and 0 interrupted iterations
gradual_ramp   [  81% ] 10/12 VUs  09m44.8s/12m00.0s

running (10m14.0s), 09/12 VUs, 19293 complete and 0 interrupted iterations
gradual_ramp   [  81% ] 09/12 VUs  09m45.8s/12m00.0s

running (10m15.0s), 09/12 VUs, 19347 complete and 0 interrupted iterations
gradual_ramp   [  82% ] 09/12 VUs  09m46.8s/12m00.0s

running (10m16.0s), 09/12 VUs, 19394 complete and 0 interrupted iterations
gradual_ramp   [  82% ] 09/12 VUs  09m47.8s/12m00.0s

running (10m17.0s), 09/12 VUs, 19443 complete and 0 interrupted iterations
gradual_ramp   [  82% ] 09/12 VUs  09m48.8s/12m00.0s

running (10m18.0s), 09/12 VUs, 19478 complete and 0 interrupted iterations
gradual_ramp   [  82% ] 09/12 VUs  09m49.8s/12m00.0s

running (10m19.0s), 09/12 VUs, 19514 complete and 0 interrupted iterations
gradual_ramp   [  82% ] 09/12 VUs  09m50.8s/12m00.0s

running (10m20.0s), 09/12 VUs, 19565 complete and 0 interrupted iterations
gradual_ramp   [  82% ] 09/12 VUs  09m51.8s/12m00.0s

running (10m21.0s), 09/12 VUs, 19617 complete and 0 interrupted iterations
gradual_ramp   [  82% ] 09/12 VUs  09m52.8s/12m00.0s

running (10m22.0s), 09/12 VUs, 19666 complete and 0 interrupted iterations
gradual_ramp   [  82% ] 09/12 VUs  09m53.8s/12m00.0s

running (10m23.0s), 09/12 VUs, 19709 complete and 0 interrupted iterations
gradual_ramp   [  83% ] 09/12 VUs  09m54.8s/12m00.0s

running (10m24.0s), 09/12 VUs, 19764 complete and 0 interrupted iterations
gradual_ramp   [  83% ] 09/12 VUs  09m55.8s/12m00.0s

running (10m25.0s), 09/12 VUs, 19834 complete and 0 interrupted iterations
gradual_ramp   [  83% ] 09/12 VUs  09m56.8s/12m00.0s

running (10m26.0s), 09/12 VUs, 19870 complete and 0 interrupted iterations
gradual_ramp   [  83% ] 09/12 VUs  09m57.8s/12m00.0s

running (10m27.0s), 09/12 VUs, 19895 complete and 0 interrupted iterations
gradual_ramp   [  83% ] 09/12 VUs  09m58.8s/12m00.0s

running (10m28.0s), 09/12 VUs, 19941 complete and 0 interrupted iterations
gradual_ramp   [  83% ] 09/12 VUs  09m59.8s/12m00.0s

running (10m29.0s), 09/12 VUs, 20001 complete and 0 interrupted iterations
gradual_ramp   [  83% ] 09/12 VUs  10m00.8s/12m00.0s

running (10m30.0s), 08/12 VUs, 20021 complete and 0 interrupted iterations
gradual_ramp   [  84% ] 08/12 VUs  10m01.8s/12m00.0s

running (10m31.0s), 08/12 VUs, 20069 complete and 0 interrupted iterations
gradual_ramp   [  84% ] 08/12 VUs  10m02.8s/12m00.0s

running (10m32.0s), 08/12 VUs, 20099 complete and 0 interrupted iterations
gradual_ramp   [  84% ] 08/12 VUs  10m03.8s/12m00.0s

running (10m33.0s), 08/12 VUs, 20158 complete and 0 interrupted iterations
gradual_ramp   [  84% ] 08/12 VUs  10m04.8s/12m00.0s

running (10m34.0s), 08/12 VUs, 20212 complete and 0 interrupted iterations
gradual_ramp   [  84% ] 08/12 VUs  10m05.8s/12m00.0s

running (10m35.0s), 08/12 VUs, 20239 complete and 0 interrupted iterations
gradual_ramp   [  84% ] 08/12 VUs  10m06.8s/12m00.0s

running (10m36.0s), 08/12 VUs, 20298 complete and 0 interrupted iterations
gradual_ramp   [  84% ] 08/12 VUs  10m07.8s/12m00.0s

running (10m37.0s), 08/12 VUs, 20318 complete and 0 interrupted iterations
gradual_ramp   [  85% ] 08/12 VUs  10m08.8s/12m00.0s

running (10m38.0s), 08/12 VUs, 20346 complete and 0 interrupted iterations
gradual_ramp   [  85% ] 08/12 VUs  10m09.8s/12m00.0s

running (10m39.0s), 08/12 VUs, 20390 complete and 0 interrupted iterations
gradual_ramp   [  85% ] 08/12 VUs  10m10.8s/12m00.0s

running (10m40.0s), 08/12 VUs, 20426 complete and 0 interrupted iterations
gradual_ramp   [  85% ] 08/12 VUs  10m11.8s/12m00.0s

running (10m41.0s), 08/12 VUs, 20461 complete and 0 interrupted iterations
gradual_ramp   [  85% ] 08/12 VUs  10m12.8s/12m00.0s

running (10m42.0s), 08/12 VUs, 20493 complete and 0 interrupted iterations
gradual_ramp   [  85% ] 08/12 VUs  10m13.8s/12m00.0s

running (10m43.0s), 08/12 VUs, 20524 complete and 0 interrupted iterations
gradual_ramp   [  85% ] 08/12 VUs  10m14.8s/12m00.0s

running (10m44.0s), 07/12 VUs, 20556 complete and 0 interrupted iterations
gradual_ramp   [  86% ] 07/12 VUs  10m15.8s/12m00.0s

running (10m45.0s), 07/12 VUs, 20598 complete and 0 interrupted iterations
gradual_ramp   [  86% ] 07/12 VUs  10m16.8s/12m00.0s

running (10m46.0s), 07/12 VUs, 20662 complete and 0 interrupted iterations
gradual_ramp   [  86% ] 07/12 VUs  10m17.8s/12m00.0s

running (10m47.0s), 07/12 VUs, 20679 complete and 0 interrupted iterations
gradual_ramp   [  86% ] 07/12 VUs  10m18.8s/12m00.0s

running (10m48.0s), 07/12 VUs, 20736 complete and 0 interrupted iterations
gradual_ramp   [  86% ] 07/12 VUs  10m19.8s/12m00.0s

running (10m49.0s), 07/12 VUs, 20799 complete and 0 interrupted iterations
gradual_ramp   [  86% ] 07/12 VUs  10m20.8s/12m00.0s

running (10m50.0s), 07/12 VUs, 20823 complete and 0 interrupted iterations
gradual_ramp   [  86% ] 07/12 VUs  10m21.8s/12m00.0s

running (10m51.0s), 07/12 VUs, 20887 complete and 0 interrupted iterations
gradual_ramp   [  87% ] 07/12 VUs  10m22.8s/12m00.0s

running (10m52.0s), 07/12 VUs, 20902 complete and 0 interrupted iterations
gradual_ramp   [  87% ] 07/12 VUs  10m23.8s/12m00.0s

running (10m53.0s), 07/12 VUs, 20929 complete and 0 interrupted iterations
gradual_ramp   [  87% ] 07/12 VUs  10m24.8s/12m00.0s

running (10m54.0s), 07/12 VUs, 20956 complete and 0 interrupted iterations
gradual_ramp   [  87% ] 07/12 VUs  10m25.8s/12m00.0s

running (10m55.0s), 07/12 VUs, 21007 complete and 0 interrupted iterations
gradual_ramp   [  87% ] 07/12 VUs  10m26.8s/12m00.0s

running (10m56.0s), 07/12 VUs, 21042 complete and 0 interrupted iterations
gradual_ramp   [  87% ] 07/12 VUs  10m27.8s/12m00.0s

running (10m57.0s), 07/12 VUs, 21084 complete and 0 interrupted iterations
gradual_ramp   [  87% ] 07/12 VUs  10m28.8s/12m00.0s

running (10m58.0s), 07/12 VUs, 21131 complete and 0 interrupted iterations
gradual_ramp   [  87% ] 07/12 VUs  10m29.8s/12m00.0s

running (10m59.0s), 06/12 VUs, 21157 complete and 0 interrupted iterations
gradual_ramp   [  88% ] 06/12 VUs  10m30.8s/12m00.0s

running (11m00.0s), 06/12 VUs, 21188 complete and 0 interrupted iterations
gradual_ramp   [  88% ] 06/12 VUs  10m31.8s/12m00.0s

running (11m01.0s), 06/12 VUs, 21202 complete and 0 interrupted iterations
gradual_ramp   [  88% ] 06/12 VUs  10m32.8s/12m00.0s

running (11m02.0s), 06/12 VUs, 21210 complete and 0 interrupted iterations
gradual_ramp   [  88% ] 06/12 VUs  10m33.8s/12m00.0s

running (11m03.0s), 06/12 VUs, 21238 complete and 0 interrupted iterations
gradual_ramp   [  88% ] 06/12 VUs  10m34.8s/12m00.0s

running (11m04.0s), 06/12 VUs, 21275 complete and 0 interrupted iterations
gradual_ramp   [  88% ] 06/12 VUs  10m35.8s/12m00.0s

running (11m05.0s), 06/12 VUs, 21317 complete and 0 interrupted iterations
gradual_ramp   [  88% ] 06/12 VUs  10m36.8s/12m00.0s

running (11m06.0s), 06/12 VUs, 21379 complete and 0 interrupted iterations
gradual_ramp   [  89% ] 06/12 VUs  10m37.8s/12m00.0s

running (11m07.0s), 06/12 VUs, 21425 complete and 0 interrupted iterations
gradual_ramp   [  89% ] 06/12 VUs  10m38.8s/12m00.0s

running (11m08.0s), 06/12 VUs, 21493 complete and 0 interrupted iterations
gradual_ramp   [  89% ] 06/12 VUs  10m39.8s/12m00.0s

running (11m09.0s), 06/12 VUs, 21539 complete and 0 interrupted iterations
gradual_ramp   [  89% ] 06/12 VUs  10m40.8s/12m00.0s

running (11m10.0s), 06/12 VUs, 21601 complete and 0 interrupted iterations
gradual_ramp   [  89% ] 06/12 VUs  10m41.8s/12m00.0s

running (11m11.0s), 06/12 VUs, 21615 complete and 0 interrupted iterations
gradual_ramp   [  89% ] 06/12 VUs  10m42.8s/12m00.0s

running (11m12.0s), 06/12 VUs, 21655 complete and 0 interrupted iterations
gradual_ramp   [  89% ] 06/12 VUs  10m43.8s/12m00.0s

running (11m13.0s), 06/12 VUs, 21695 complete and 0 interrupted iterations
gradual_ramp   [  90% ] 06/12 VUs  10m44.8s/12m00.0s

running (11m14.0s), 05/12 VUs, 21711 complete and 0 interrupted iterations
gradual_ramp   [  90% ] 05/12 VUs  10m45.8s/12m00.0s

running (11m15.0s), 05/12 VUs, 21748 complete and 0 interrupted iterations
gradual_ramp   [  90% ] 05/12 VUs  10m46.8s/12m00.0s

running (11m16.0s), 05/12 VUs, 21767 complete and 0 interrupted iterations
gradual_ramp   [  90% ] 05/12 VUs  10m47.8s/12m00.0s

running (11m17.0s), 05/12 VUs, 21776 complete and 0 interrupted iterations
gradual_ramp   [  90% ] 05/12 VUs  10m48.8s/12m00.0s

running (11m18.0s), 05/12 VUs, 21817 complete and 0 interrupted iterations
gradual_ramp   [  90% ] 05/12 VUs  10m49.8s/12m00.0s

running (11m19.0s), 05/12 VUs, 21819 complete and 0 interrupted iterations
gradual_ramp   [  90% ] 05/12 VUs  10m50.8s/12m00.0s

running (11m20.0s), 05/12 VUs, 21862 complete and 0 interrupted iterations
gradual_ramp   [  91% ] 05/12 VUs  10m51.8s/12m00.0s

running (11m21.0s), 05/12 VUs, 21903 complete and 0 interrupted iterations
gradual_ramp   [  91% ] 05/12 VUs  10m52.8s/12m00.0s

running (11m22.0s), 05/12 VUs, 21942 complete and 0 interrupted iterations
gradual_ramp   [  91% ] 05/12 VUs  10m53.8s/12m00.0s

running (11m23.0s), 05/12 VUs, 21965 complete and 0 interrupted iterations
gradual_ramp   [  91% ] 05/12 VUs  10m54.8s/12m00.0s

running (11m24.0s), 05/12 VUs, 21989 complete and 0 interrupted iterations
gradual_ramp   [  91% ] 05/12 VUs  10m55.8s/12m00.0s

running (11m25.0s), 05/12 VUs, 22034 complete and 0 interrupted iterations
gradual_ramp   [  91% ] 05/12 VUs  10m56.8s/12m00.0s

running (11m26.0s), 05/12 VUs, 22074 complete and 0 interrupted iterations
gradual_ramp   [  91% ] 05/12 VUs  10m57.8s/12m00.0s

running (11m27.0s), 05/12 VUs, 22135 complete and 0 interrupted iterations
gradual_ramp   [  92% ] 05/12 VUs  10m58.8s/12m00.0s

running (11m28.0s), 05/12 VUs, 22160 complete and 0 interrupted iterations
gradual_ramp   [  92% ] 05/12 VUs  10m59.8s/12m00.0s

running (11m29.0s), 04/12 VUs, 22192 complete and 0 interrupted iterations
gradual_ramp   [  92% ] 04/12 VUs  11m00.8s/12m00.0s

running (11m30.0s), 04/12 VUs, 22226 complete and 0 interrupted iterations
gradual_ramp   [  92% ] 04/12 VUs  11m01.8s/12m00.0s

running (11m31.0s), 04/12 VUs, 22250 complete and 0 interrupted iterations
gradual_ramp   [  92% ] 04/12 VUs  11m02.8s/12m00.0s

running (11m32.0s), 04/12 VUs, 22324 complete and 0 interrupted iterations
gradual_ramp   [  92% ] 04/12 VUs  11m03.8s/12m00.0s

running (11m33.0s), 04/12 VUs, 22359 complete and 0 interrupted iterations
gradual_ramp   [  92% ] 04/12 VUs  11m04.8s/12m00.0s

running (11m34.0s), 04/12 VUs, 22359 complete and 0 interrupted iterations
gradual_ramp   [  92% ] 04/12 VUs  11m05.8s/12m00.0s

running (11m35.0s), 04/12 VUs, 22398 complete and 0 interrupted iterations
gradual_ramp   [  93% ] 04/12 VUs  11m06.8s/12m00.0s

running (11m36.0s), 04/12 VUs, 22427 complete and 0 interrupted iterations
gradual_ramp   [  93% ] 04/12 VUs  11m07.8s/12m00.0s

running (11m37.0s), 04/12 VUs, 22442 complete and 0 interrupted iterations
gradual_ramp   [  93% ] 04/12 VUs  11m08.8s/12m00.0s

running (11m38.0s), 04/12 VUs, 22450 complete and 0 interrupted iterations
gradual_ramp   [  93% ] 04/12 VUs  11m09.8s/12m00.0s

running (11m39.0s), 04/12 VUs, 22475 complete and 0 interrupted iterations
gradual_ramp   [  93% ] 04/12 VUs  11m10.8s/12m00.0s

running (11m40.0s), 04/12 VUs, 22495 complete and 0 interrupted iterations
gradual_ramp   [  93% ] 04/12 VUs  11m11.8s/12m00.0s

running (11m41.0s), 04/12 VUs, 22534 complete and 0 interrupted iterations
gradual_ramp   [  93% ] 04/12 VUs  11m12.8s/12m00.0s

running (11m42.0s), 04/12 VUs, 22580 complete and 0 interrupted iterations
gradual_ramp   [  94% ] 04/12 VUs  11m13.8s/12m00.0s

running (11m43.0s), 04/12 VUs, 22614 complete and 0 interrupted iterations
gradual_ramp   [  94% ] 04/12 VUs  11m14.8s/12m00.0s

running (11m44.0s), 03/12 VUs, 22642 complete and 0 interrupted iterations
gradual_ramp   [  94% ] 03/12 VUs  11m15.8s/12m00.0s

running (11m45.0s), 03/12 VUs, 22670 complete and 0 interrupted iterations
gradual_ramp   [  94% ] 03/12 VUs  11m16.8s/12m00.0s

running (11m46.0s), 03/12 VUs, 22680 complete and 0 interrupted iterations
gradual_ramp   [  94% ] 03/12 VUs  11m17.8s/12m00.0s

running (11m47.0s), 03/12 VUs, 22712 complete and 0 interrupted iterations
gradual_ramp   [  94% ] 03/12 VUs  11m18.8s/12m00.0s

running (11m48.0s), 03/12 VUs, 22761 complete and 0 interrupted iterations
gradual_ramp   [  94% ] 03/12 VUs  11m19.8s/12m00.0s

running (11m49.0s), 03/12 VUs, 22799 complete and 0 interrupted iterations
gradual_ramp   [  95% ] 03/12 VUs  11m20.8s/12m00.0s

running (11m50.0s), 03/12 VUs, 22832 complete and 0 interrupted iterations
gradual_ramp   [  95% ] 03/12 VUs  11m21.8s/12m00.0s

running (11m51.0s), 03/12 VUs, 22887 complete and 0 interrupted iterations
gradual_ramp   [  95% ] 03/12 VUs  11m22.8s/12m00.0s

running (11m52.0s), 03/12 VUs, 22901 complete and 0 interrupted iterations
gradual_ramp   [  95% ] 03/12 VUs  11m23.8s/12m00.0s

running (11m53.0s), 03/12 VUs, 22937 complete and 0 interrupted iterations
gradual_ramp   [  95% ] 03/12 VUs  11m24.8s/12m00.0s

running (11m54.0s), 03/12 VUs, 22978 complete and 0 interrupted iterations
gradual_ramp   [  95% ] 03/12 VUs  11m25.8s/12m00.0s

running (11m55.0s), 03/12 VUs, 23011 complete and 0 interrupted iterations
gradual_ramp   [  95% ] 03/12 VUs  11m26.8s/12m00.0s

running (11m56.0s), 03/12 VUs, 23044 complete and 0 interrupted iterations
gradual_ramp   [  96% ] 03/12 VUs  11m27.8s/12m00.0s

running (11m57.0s), 03/12 VUs, 23069 complete and 0 interrupted iterations
gradual_ramp   [  96% ] 03/12 VUs  11m28.8s/12m00.0s

running (11m58.0s), 03/12 VUs, 23092 complete and 0 interrupted iterations
gradual_ramp   [  96% ] 03/12 VUs  11m29.8s/12m00.0s

running (11m59.0s), 02/12 VUs, 23098 complete and 0 interrupted iterations
gradual_ramp   [  96% ] 02/12 VUs  11m30.8s/12m00.0s

running (12m00.0s), 02/12 VUs, 23111 complete and 0 interrupted iterations
gradual_ramp   [  96% ] 02/12 VUs  11m31.8s/12m00.0s

running (12m01.0s), 02/12 VUs, 23127 complete and 0 interrupted iterations
gradual_ramp   [  96% ] 02/12 VUs  11m32.8s/12m00.0s

running (12m02.0s), 02/12 VUs, 23131 complete and 0 interrupted iterations
gradual_ramp   [  96% ] 02/12 VUs  11m33.8s/12m00.0s

running (12m03.0s), 02/12 VUs, 23153 complete and 0 interrupted iterations
gradual_ramp   [  97% ] 02/12 VUs  11m34.8s/12m00.0s

running (12m04.0s), 02/12 VUs, 23176 complete and 0 interrupted iterations
gradual_ramp   [  97% ] 02/12 VUs  11m35.8s/12m00.0s

running (12m05.0s), 02/12 VUs, 23201 complete and 0 interrupted iterations
gradual_ramp   [  97% ] 02/12 VUs  11m36.8s/12m00.0s

running (12m06.0s), 02/12 VUs, 23212 complete and 0 interrupted iterations
gradual_ramp   [  97% ] 02/12 VUs  11m37.8s/12m00.0s

running (12m07.0s), 02/12 VUs, 23228 complete and 0 interrupted iterations
gradual_ramp   [  97% ] 02/12 VUs  11m38.8s/12m00.0s

running (12m08.0s), 02/12 VUs, 23231 complete and 0 interrupted iterations
gradual_ramp   [  97% ] 02/12 VUs  11m39.8s/12m00.0s

running (12m09.0s), 02/12 VUs, 23261 complete and 0 interrupted iterations
gradual_ramp   [  97% ] 02/12 VUs  11m40.8s/12m00.0s

running (12m10.0s), 02/12 VUs, 23271 complete and 0 interrupted iterations
gradual_ramp   [  97% ] 02/12 VUs  11m41.8s/12m00.0s

running (12m11.0s), 02/12 VUs, 23295 complete and 0 interrupted iterations
gradual_ramp   [  98% ] 02/12 VUs  11m42.8s/12m00.0s

running (12m12.0s), 02/12 VUs, 23310 complete and 0 interrupted iterations
gradual_ramp   [  98% ] 02/12 VUs  11m43.8s/12m00.0s

running (12m13.0s), 02/12 VUs, 23359 complete and 0 interrupted iterations
gradual_ramp   [  98% ] 02/12 VUs  11m44.8s/12m00.0s

running (12m14.0s), 01/12 VUs, 23383 complete and 0 interrupted iterations
gradual_ramp   [  98% ] 01/12 VUs  11m45.8s/12m00.0s

running (12m15.0s), 01/12 VUs, 23388 complete and 0 interrupted iterations
gradual_ramp   [  98% ] 01/12 VUs  11m46.8s/12m00.0s

running (12m16.0s), 01/12 VUs, 23396 complete and 0 interrupted iterations
gradual_ramp   [  98% ] 01/12 VUs  11m47.8s/12m00.0s

running (12m17.0s), 01/12 VUs, 23419 complete and 0 interrupted iterations
gradual_ramp   [  98% ] 01/12 VUs  11m48.8s/12m00.0s

running (12m18.0s), 01/12 VUs, 23435 complete and 0 interrupted iterations
gradual_ramp   [  99% ] 01/12 VUs  11m49.8s/12m00.0s

running (12m19.0s), 01/12 VUs, 23451 complete and 0 interrupted iterations
gradual_ramp   [  99% ] 01/12 VUs  11m50.8s/12m00.0s

running (12m20.0s), 01/12 VUs, 23459 complete and 0 interrupted iterations
gradual_ramp   [  99% ] 01/12 VUs  11m51.8s/12m00.0s

running (12m21.0s), 01/12 VUs, 23475 complete and 0 interrupted iterations
gradual_ramp   [  99% ] 01/12 VUs  11m52.8s/12m00.0s

running (12m22.0s), 01/12 VUs, 23503 complete and 0 interrupted iterations
gradual_ramp   [  99% ] 01/12 VUs  11m53.8s/12m00.0s

running (12m23.0s), 01/12 VUs, 23516 complete and 0 interrupted iterations
gradual_ramp   [  99% ] 01/12 VUs  11m54.8s/12m00.0s

running (12m24.0s), 01/12 VUs, 23525 complete and 0 interrupted iterations
gradual_ramp   [  99% ] 01/12 VUs  11m55.8s/12m00.0s

running (12m25.0s), 01/12 VUs, 23530 complete and 0 interrupted iterations
gradual_ramp   [ 100% ] 01/12 VUs  11m56.8s/12m00.0s

running (12m26.0s), 01/12 VUs, 23535 complete and 0 interrupted iterations
gradual_ramp   [ 100% ] 01/12 VUs  11m57.8s/12m00.0s

running (12m27.0s), 01/12 VUs, 23549 complete and 0 interrupted iterations
gradual_ramp   [ 100% ] 01/12 VUs  11m58.8s/12m00.0s

running (12m28.0s), 01/12 VUs, 23569 complete and 0 interrupted iterations
gradual_ramp   [ 100% ] 01/12 VUs  11m59.8s/12m00.0s


  █ THRESHOLDS 

    http_req_duration
    ✓ 'p(95)<2000' p(95)=1.2s

    http_req_failed
    ✓ 'rate<0.05' rate=0.00%


  █ TOTAL RESULTS 

    checks_total.......: 70710  94.487041/s
    checks_succeeded...: 97.93% 69250 out of 70710
    checks_failed......: 2.06%  1460 out of 70710

    ✓ me status is 200
    ✓ me returns user data
    ✗ me response time < 500ms
      ↳  99% — ✓ 16425 / ✗ 9
    ✓ login status is 200
    ✓ login returns access token
    ✗ login response time < 1000ms
      ↳  79% — ✓ 5685 / ✗ 1451

    HTTP
    http_req_duration..............: avg=191.8ms  min=2.17ms med=12.32ms max=7.83s p(90)=539.28ms p(95)=1.2s
      { expected_response:true }...: avg=191.8ms  min=2.17ms med=12.32ms max=7.83s p(90)=539.28ms p(95)=1.2s
    http_req_failed................: 0.00% 0 out of 23690
    http_reqs......................: 23690 31.656032/s

    EXECUTION
    iteration_duration.............: avg=192.35ms min=2.7ms  med=13.04ms max=7.83s p(90)=538.67ms p(95)=1.2s
    iterations.....................: 23570 31.49568/s
    vus............................: 1     min=0          max=12
    vus_max........................: 12    min=12         max=12

    NETWORK
    data_received..................: 13 MB 17 kB/s
    data_sent......................: 12 MB 15 kB/s




running (12m28.4s), 00/12 VUs, 23570 complete and 0 interrupted iterations
gradual_ramp ✓ [ 100% ] 00/12 VUs  12m0s
