
         /\      Grafana   /‾‾/  
    /\  /  \     |\  __   /  /   
   /  \/    \    | |/ /  /   ‾‾\ 
  /          \   |   (  |  (‾)  |
 / __________ \  |_|\_\  \_____/ 


     execution: local
        script: /scripts/load-test.js
        output: json (/results/results.json)

     scenarios: (100.00%) 1 scenario, 12 max VUs, 12m30s max duration (incl. graceful stop):
              * sudden_spike: Up to 12 looping VUs for 12m0s over 5 stages (gracefulRampDown: 30s, gracefulStop: 30s)

time="2026-08-16T19:14:14Z" level=info msg="Seeding and pre-authenticating 120 users..." source=console

Run            [ 100% ] setup()
sudden_spike   [   0% ]

Run            [ 100% ] setup()
sudden_spike   [   0% ]

Run            [ 100% ] setup()
sudden_spike   [   0% ]

Run            [ 100% ] setup()
sudden_spike   [   0% ]

Run            [ 100% ] setup()
sudden_spike   [   0% ]

Run            [ 100% ] setup()
sudden_spike   [   0% ]

Run            [ 100% ] setup()
sudden_spike   [   0% ]

Run            [ 100% ] setup()
sudden_spike   [   0% ]

Run            [ 100% ] setup()
sudden_spike   [   0% ]

Run            [ 100% ] setup()
sudden_spike   [   0% ]

Run            [ 100% ] setup()
sudden_spike   [   0% ]

Run            [ 100% ] setup()
sudden_spike   [   0% ]

Run            [ 100% ] setup()
sudden_spike   [   0% ]

Run            [ 100% ] setup()
sudden_spike   [   0% ]

Run            [ 100% ] setup()
sudden_spike   [   0% ]

Run            [ 100% ] setup()
sudden_spike   [   0% ]

Run            [ 100% ] setup()
sudden_spike   [   0% ]

Run            [ 100% ] setup()
sudden_spike   [   0% ]

Run            [ 100% ] setup()
sudden_spike   [   0% ]

Run            [ 100% ] setup()
sudden_spike   [   0% ]

Run            [ 100% ] setup()
sudden_spike   [   0% ]

Run            [ 100% ] setup()
sudden_spike   [   0% ]

Run            [ 100% ] setup()
sudden_spike   [   0% ]

Run            [ 100% ] setup()
sudden_spike   [   0% ]

Run            [ 100% ] setup()
sudden_spike   [   0% ]

Run            [ 100% ] setup()
sudden_spike   [   0% ]
time="2026-08-16T19:14:40Z" level=info msg="Pre-auth complete: 120/120 tokens obtained" source=console

running (00m27.0s), 01/12 VUs, 16 complete and 0 interrupted iterations
sudden_spike   [   0% ] 01/12 VUs  00m00.9s/12m00.0s

running (00m28.0s), 01/12 VUs, 25 complete and 0 interrupted iterations
sudden_spike   [   0% ] 01/12 VUs  00m01.9s/12m00.0s

running (00m29.0s), 01/12 VUs, 37 complete and 0 interrupted iterations
sudden_spike   [   0% ] 01/12 VUs  00m02.9s/12m00.0s

running (00m30.0s), 01/12 VUs, 61 complete and 0 interrupted iterations
sudden_spike   [   1% ] 01/12 VUs  00m03.9s/12m00.0s

running (00m31.0s), 01/12 VUs, 80 complete and 0 interrupted iterations
sudden_spike   [   1% ] 01/12 VUs  00m04.9s/12m00.0s

running (00m32.0s), 01/12 VUs, 89 complete and 0 interrupted iterations
sudden_spike   [   1% ] 01/12 VUs  00m05.9s/12m00.0s

running (00m33.0s), 01/12 VUs, 102 complete and 0 interrupted iterations
sudden_spike   [   1% ] 01/12 VUs  00m06.9s/12m00.0s

running (00m34.0s), 01/12 VUs, 131 complete and 0 interrupted iterations
sudden_spike   [   1% ] 01/12 VUs  00m07.9s/12m00.0s

running (00m35.0s), 01/12 VUs, 157 complete and 0 interrupted iterations
sudden_spike   [   1% ] 01/12 VUs  00m08.9s/12m00.0s

running (00m36.0s), 01/12 VUs, 165 complete and 0 interrupted iterations
sudden_spike   [   1% ] 01/12 VUs  00m09.9s/12m00.0s

running (00m37.0s), 01/12 VUs, 180 complete and 0 interrupted iterations
sudden_spike   [   2% ] 01/12 VUs  00m10.9s/12m00.0s

running (00m38.0s), 01/12 VUs, 187 complete and 0 interrupted iterations
sudden_spike   [   2% ] 01/12 VUs  00m11.9s/12m00.0s

running (00m39.0s), 01/12 VUs, 195 complete and 0 interrupted iterations
sudden_spike   [   2% ] 01/12 VUs  00m12.9s/12m00.0s

running (00m40.0s), 01/12 VUs, 213 complete and 0 interrupted iterations
sudden_spike   [   2% ] 01/12 VUs  00m13.9s/12m00.0s

running (00m41.0s), 01/12 VUs, 218 complete and 0 interrupted iterations
sudden_spike   [   2% ] 01/12 VUs  00m14.9s/12m00.0s

running (00m42.0s), 01/12 VUs, 228 complete and 0 interrupted iterations
sudden_spike   [   2% ] 01/12 VUs  00m15.9s/12m00.0s

running (00m43.0s), 01/12 VUs, 258 complete and 0 interrupted iterations
sudden_spike   [   2% ] 01/12 VUs  00m16.9s/12m00.0s

running (00m44.0s), 01/12 VUs, 268 complete and 0 interrupted iterations
sudden_spike   [   2% ] 01/12 VUs  00m17.9s/12m00.0s

running (00m45.0s), 01/12 VUs, 272 complete and 0 interrupted iterations
sudden_spike   [   3% ] 01/12 VUs  00m18.9s/12m00.0s

running (00m46.0s), 01/12 VUs, 281 complete and 0 interrupted iterations
sudden_spike   [   3% ] 01/12 VUs  00m19.9s/12m00.0s

running (00m47.0s), 01/12 VUs, 289 complete and 0 interrupted iterations
sudden_spike   [   3% ] 01/12 VUs  00m20.9s/12m00.0s

running (00m48.0s), 01/12 VUs, 311 complete and 0 interrupted iterations
sudden_spike   [   3% ] 01/12 VUs  00m21.9s/12m00.0s

running (00m49.0s), 01/12 VUs, 323 complete and 0 interrupted iterations
sudden_spike   [   3% ] 01/12 VUs  00m22.9s/12m00.0s

running (00m50.0s), 01/12 VUs, 357 complete and 0 interrupted iterations
sudden_spike   [   3% ] 01/12 VUs  00m23.9s/12m00.0s

running (00m51.0s), 01/12 VUs, 375 complete and 0 interrupted iterations
sudden_spike   [   3% ] 01/12 VUs  00m24.9s/12m00.0s

running (00m52.0s), 01/12 VUs, 397 complete and 0 interrupted iterations
sudden_spike   [   4% ] 01/12 VUs  00m25.9s/12m00.0s

running (00m53.0s), 01/12 VUs, 403 complete and 0 interrupted iterations
sudden_spike   [   4% ] 01/12 VUs  00m26.9s/12m00.0s

running (00m54.0s), 01/12 VUs, 407 complete and 0 interrupted iterations
sudden_spike   [   4% ] 01/12 VUs  00m27.9s/12m00.0s

running (00m55.0s), 01/12 VUs, 433 complete and 0 interrupted iterations
sudden_spike   [   4% ] 01/12 VUs  00m28.9s/12m00.0s

running (00m56.0s), 01/12 VUs, 440 complete and 0 interrupted iterations
sudden_spike   [   4% ] 01/12 VUs  00m29.9s/12m00.0s

running (00m57.0s), 01/12 VUs, 448 complete and 0 interrupted iterations
sudden_spike   [   4% ] 01/12 VUs  00m30.9s/12m00.0s

running (00m58.0s), 01/12 VUs, 465 complete and 0 interrupted iterations
sudden_spike   [   4% ] 01/12 VUs  00m31.9s/12m00.0s

running (00m59.0s), 01/12 VUs, 471 complete and 0 interrupted iterations
sudden_spike   [   5% ] 01/12 VUs  00m32.9s/12m00.0s

running (01m00.0s), 01/12 VUs, 475 complete and 0 interrupted iterations
sudden_spike   [   5% ] 01/12 VUs  00m33.9s/12m00.0s

running (01m01.0s), 01/12 VUs, 481 complete and 0 interrupted iterations
sudden_spike   [   5% ] 01/12 VUs  00m34.9s/12m00.0s

running (01m02.0s), 01/12 VUs, 495 complete and 0 interrupted iterations
sudden_spike   [   5% ] 01/12 VUs  00m35.9s/12m00.0s

running (01m03.0s), 01/12 VUs, 506 complete and 0 interrupted iterations
sudden_spike   [   5% ] 01/12 VUs  00m36.9s/12m00.0s

running (01m04.0s), 01/12 VUs, 515 complete and 0 interrupted iterations
sudden_spike   [   5% ] 01/12 VUs  00m37.9s/12m00.0s

running (01m05.0s), 01/12 VUs, 518 complete and 0 interrupted iterations
sudden_spike   [   5% ] 01/12 VUs  00m38.9s/12m00.0s

running (01m06.0s), 01/12 VUs, 524 complete and 0 interrupted iterations
sudden_spike   [   6% ] 01/12 VUs  00m39.9s/12m00.0s

running (01m07.0s), 01/12 VUs, 536 complete and 0 interrupted iterations
sudden_spike   [   6% ] 01/12 VUs  00m40.9s/12m00.0s

running (01m08.0s), 01/12 VUs, 546 complete and 0 interrupted iterations
sudden_spike   [   6% ] 01/12 VUs  00m41.9s/12m00.0s

running (01m09.0s), 01/12 VUs, 554 complete and 0 interrupted iterations
sudden_spike   [   6% ] 01/12 VUs  00m42.9s/12m00.0s

running (01m10.0s), 01/12 VUs, 576 complete and 0 interrupted iterations
sudden_spike   [   6% ] 01/12 VUs  00m43.9s/12m00.0s

running (01m11.0s), 01/12 VUs, 588 complete and 0 interrupted iterations
sudden_spike   [   6% ] 01/12 VUs  00m44.9s/12m00.0s

running (01m12.0s), 01/12 VUs, 632 complete and 0 interrupted iterations
sudden_spike   [   6% ] 01/12 VUs  00m45.9s/12m00.0s

running (01m13.0s), 01/12 VUs, 643 complete and 0 interrupted iterations
sudden_spike   [   7% ] 01/12 VUs  00m46.9s/12m00.0s

running (01m14.0s), 01/12 VUs, 653 complete and 0 interrupted iterations
sudden_spike   [   7% ] 01/12 VUs  00m47.9s/12m00.0s

running (01m15.0s), 01/12 VUs, 669 complete and 0 interrupted iterations
sudden_spike   [   7% ] 01/12 VUs  00m48.9s/12m00.0s

running (01m16.0s), 01/12 VUs, 673 complete and 0 interrupted iterations
sudden_spike   [   7% ] 01/12 VUs  00m49.9s/12m00.0s

running (01m17.0s), 01/12 VUs, 690 complete and 0 interrupted iterations
sudden_spike   [   7% ] 01/12 VUs  00m50.9s/12m00.0s

running (01m18.0s), 01/12 VUs, 720 complete and 0 interrupted iterations
sudden_spike   [   7% ] 01/12 VUs  00m51.9s/12m00.0s

running (01m19.0s), 01/12 VUs, 742 complete and 0 interrupted iterations
sudden_spike   [   7% ] 01/12 VUs  00m52.9s/12m00.0s

running (01m20.0s), 01/12 VUs, 752 complete and 0 interrupted iterations
sudden_spike   [   7% ] 01/12 VUs  00m53.9s/12m00.0s

running (01m21.0s), 01/12 VUs, 772 complete and 0 interrupted iterations
sudden_spike   [   8% ] 01/12 VUs  00m54.9s/12m00.0s

running (01m22.0s), 01/12 VUs, 776 complete and 0 interrupted iterations
sudden_spike   [   8% ] 01/12 VUs  00m55.9s/12m00.0s

running (01m23.0s), 01/12 VUs, 790 complete and 0 interrupted iterations
sudden_spike   [   8% ] 01/12 VUs  00m56.9s/12m00.0s

running (01m24.0s), 01/12 VUs, 815 complete and 0 interrupted iterations
sudden_spike   [   8% ] 01/12 VUs  00m57.9s/12m00.0s

running (01m25.0s), 01/12 VUs, 823 complete and 0 interrupted iterations
sudden_spike   [   8% ] 01/12 VUs  00m58.9s/12m00.0s

running (01m26.0s), 01/12 VUs, 830 complete and 0 interrupted iterations
sudden_spike   [   8% ] 01/12 VUs  00m59.9s/12m00.0s

running (01m27.0s), 01/12 VUs, 837 complete and 0 interrupted iterations
sudden_spike   [   8% ] 01/12 VUs  01m00.9s/12m00.0s

running (01m28.0s), 01/12 VUs, 868 complete and 0 interrupted iterations
sudden_spike   [   9% ] 01/12 VUs  01m01.9s/12m00.0s

running (01m29.0s), 01/12 VUs, 875 complete and 0 interrupted iterations
sudden_spike   [   9% ] 01/12 VUs  01m02.9s/12m00.0s

running (01m30.0s), 01/12 VUs, 881 complete and 0 interrupted iterations
sudden_spike   [   9% ] 01/12 VUs  01m03.9s/12m00.0s

running (01m31.0s), 01/12 VUs, 908 complete and 0 interrupted iterations
sudden_spike   [   9% ] 01/12 VUs  01m04.9s/12m00.0s

running (01m32.0s), 01/12 VUs, 927 complete and 0 interrupted iterations
sudden_spike   [   9% ] 01/12 VUs  01m05.9s/12m00.0s

running (01m33.0s), 01/12 VUs, 943 complete and 0 interrupted iterations
sudden_spike   [   9% ] 01/12 VUs  01m06.9s/12m00.0s

running (01m34.0s), 01/12 VUs, 958 complete and 0 interrupted iterations
sudden_spike   [   9% ] 01/12 VUs  01m07.9s/12m00.0s

running (01m35.0s), 01/12 VUs, 967 complete and 0 interrupted iterations
sudden_spike   [  10% ] 01/12 VUs  01m08.9s/12m00.0s

running (01m36.0s), 01/12 VUs, 1007 complete and 0 interrupted iterations
sudden_spike   [  10% ] 01/12 VUs  01m09.9s/12m00.0s

running (01m37.0s), 01/12 VUs, 1033 complete and 0 interrupted iterations
sudden_spike   [  10% ] 01/12 VUs  01m10.9s/12m00.0s

running (01m38.0s), 01/12 VUs, 1050 complete and 0 interrupted iterations
sudden_spike   [  10% ] 01/12 VUs  01m11.9s/12m00.0s

running (01m39.0s), 01/12 VUs, 1062 complete and 0 interrupted iterations
sudden_spike   [  10% ] 01/12 VUs  01m12.9s/12m00.0s

running (01m40.0s), 01/12 VUs, 1084 complete and 0 interrupted iterations
sudden_spike   [  10% ] 01/12 VUs  01m13.9s/12m00.0s

running (01m41.0s), 01/12 VUs, 1097 complete and 0 interrupted iterations
sudden_spike   [  10% ] 01/12 VUs  01m14.9s/12m00.0s

running (01m42.0s), 01/12 VUs, 1129 complete and 0 interrupted iterations
sudden_spike   [  11% ] 01/12 VUs  01m15.9s/12m00.0s

running (01m43.0s), 01/12 VUs, 1140 complete and 0 interrupted iterations
sudden_spike   [  11% ] 01/12 VUs  01m16.9s/12m00.0s

running (01m44.0s), 01/12 VUs, 1173 complete and 0 interrupted iterations
sudden_spike   [  11% ] 01/12 VUs  01m17.9s/12m00.0s

running (01m45.0s), 01/12 VUs, 1188 complete and 0 interrupted iterations
sudden_spike   [  11% ] 01/12 VUs  01m18.9s/12m00.0s

running (01m46.0s), 01/12 VUs, 1193 complete and 0 interrupted iterations
sudden_spike   [  11% ] 01/12 VUs  01m19.9s/12m00.0s

running (01m47.0s), 01/12 VUs, 1214 complete and 0 interrupted iterations
sudden_spike   [  11% ] 01/12 VUs  01m20.9s/12m00.0s

running (01m48.0s), 01/12 VUs, 1220 complete and 0 interrupted iterations
sudden_spike   [  11% ] 01/12 VUs  01m21.9s/12m00.0s

running (01m49.0s), 01/12 VUs, 1228 complete and 0 interrupted iterations
sudden_spike   [  12% ] 01/12 VUs  01m22.9s/12m00.0s

running (01m50.0s), 01/12 VUs, 1241 complete and 0 interrupted iterations
sudden_spike   [  12% ] 01/12 VUs  01m23.9s/12m00.0s

running (01m51.0s), 01/12 VUs, 1250 complete and 0 interrupted iterations
sudden_spike   [  12% ] 01/12 VUs  01m24.9s/12m00.0s

running (01m52.0s), 01/12 VUs, 1287 complete and 0 interrupted iterations
sudden_spike   [  12% ] 01/12 VUs  01m25.9s/12m00.0s

running (01m53.0s), 01/12 VUs, 1314 complete and 0 interrupted iterations
sudden_spike   [  12% ] 01/12 VUs  01m26.9s/12m00.0s

running (01m54.0s), 01/12 VUs, 1326 complete and 0 interrupted iterations
sudden_spike   [  12% ] 01/12 VUs  01m27.9s/12m00.0s

running (01m55.0s), 01/12 VUs, 1345 complete and 0 interrupted iterations
sudden_spike   [  12% ] 01/12 VUs  01m28.9s/12m00.0s

running (01m56.0s), 01/12 VUs, 1353 complete and 0 interrupted iterations
sudden_spike   [  12% ] 01/12 VUs  01m29.9s/12m00.0s

running (01m57.0s), 01/12 VUs, 1371 complete and 0 interrupted iterations
sudden_spike   [  13% ] 01/12 VUs  01m30.9s/12m00.0s

running (01m58.0s), 01/12 VUs, 1392 complete and 0 interrupted iterations
sudden_spike   [  13% ] 01/12 VUs  01m31.9s/12m00.0s

running (01m59.0s), 01/12 VUs, 1405 complete and 0 interrupted iterations
sudden_spike   [  13% ] 01/12 VUs  01m32.9s/12m00.0s

running (02m00.0s), 01/12 VUs, 1416 complete and 0 interrupted iterations
sudden_spike   [  13% ] 01/12 VUs  01m33.9s/12m00.0s

running (02m01.0s), 01/12 VUs, 1440 complete and 0 interrupted iterations
sudden_spike   [  13% ] 01/12 VUs  01m34.9s/12m00.0s

running (02m02.0s), 01/12 VUs, 1461 complete and 0 interrupted iterations
sudden_spike   [  13% ] 01/12 VUs  01m35.9s/12m00.0s

running (02m03.0s), 01/12 VUs, 1472 complete and 0 interrupted iterations
sudden_spike   [  13% ] 01/12 VUs  01m36.9s/12m00.0s

running (02m04.0s), 01/12 VUs, 1479 complete and 0 interrupted iterations
sudden_spike   [  14% ] 01/12 VUs  01m37.9s/12m00.0s

running (02m05.0s), 01/12 VUs, 1498 complete and 0 interrupted iterations
sudden_spike   [  14% ] 01/12 VUs  01m38.9s/12m00.0s

running (02m06.0s), 01/12 VUs, 1522 complete and 0 interrupted iterations
sudden_spike   [  14% ] 01/12 VUs  01m39.9s/12m00.0s

running (02m07.0s), 01/12 VUs, 1539 complete and 0 interrupted iterations
sudden_spike   [  14% ] 01/12 VUs  01m40.9s/12m00.0s

running (02m08.0s), 01/12 VUs, 1560 complete and 0 interrupted iterations
sudden_spike   [  14% ] 01/12 VUs  01m41.9s/12m00.0s

running (02m09.0s), 01/12 VUs, 1566 complete and 0 interrupted iterations
sudden_spike   [  14% ] 01/12 VUs  01m42.9s/12m00.0s

running (02m10.0s), 01/12 VUs, 1567 complete and 0 interrupted iterations
sudden_spike   [  14% ] 01/12 VUs  01m43.9s/12m00.0s

running (02m11.0s), 01/12 VUs, 1573 complete and 0 interrupted iterations
sudden_spike   [  15% ] 01/12 VUs  01m44.9s/12m00.0s

running (02m12.0s), 01/12 VUs, 1581 complete and 0 interrupted iterations
sudden_spike   [  15% ] 01/12 VUs  01m45.9s/12m00.0s

running (02m13.0s), 01/12 VUs, 1621 complete and 0 interrupted iterations
sudden_spike   [  15% ] 01/12 VUs  01m46.9s/12m00.0s

running (02m14.0s), 01/12 VUs, 1639 complete and 0 interrupted iterations
sudden_spike   [  15% ] 01/12 VUs  01m47.9s/12m00.0s

running (02m15.0s), 01/12 VUs, 1656 complete and 0 interrupted iterations
sudden_spike   [  15% ] 01/12 VUs  01m48.9s/12m00.0s

running (02m16.0s), 01/12 VUs, 1660 complete and 0 interrupted iterations
sudden_spike   [  15% ] 01/12 VUs  01m49.9s/12m00.0s

running (02m17.0s), 01/12 VUs, 1683 complete and 0 interrupted iterations
sudden_spike   [  15% ] 01/12 VUs  01m50.9s/12m00.0s

running (02m18.0s), 01/12 VUs, 1687 complete and 0 interrupted iterations
sudden_spike   [  16% ] 01/12 VUs  01m51.9s/12m00.0s

running (02m19.0s), 01/12 VUs, 1694 complete and 0 interrupted iterations
sudden_spike   [  16% ] 01/12 VUs  01m52.9s/12m00.0s

running (02m20.0s), 01/12 VUs, 1700 complete and 0 interrupted iterations
sudden_spike   [  16% ] 01/12 VUs  01m53.9s/12m00.0s

running (02m21.0s), 01/12 VUs, 1713 complete and 0 interrupted iterations
sudden_spike   [  16% ] 01/12 VUs  01m54.9s/12m00.0s

running (02m22.0s), 01/12 VUs, 1719 complete and 0 interrupted iterations
sudden_spike   [  16% ] 01/12 VUs  01m55.9s/12m00.0s

running (02m23.0s), 01/12 VUs, 1728 complete and 0 interrupted iterations
sudden_spike   [  16% ] 01/12 VUs  01m56.9s/12m00.0s

running (02m24.0s), 01/12 VUs, 1741 complete and 0 interrupted iterations
sudden_spike   [  16% ] 01/12 VUs  01m57.9s/12m00.0s

running (02m25.0s), 01/12 VUs, 1744 complete and 0 interrupted iterations
sudden_spike   [  17% ] 01/12 VUs  01m58.9s/12m00.0s

running (02m26.0s), 01/12 VUs, 1762 complete and 0 interrupted iterations
sudden_spike   [  17% ] 01/12 VUs  01m59.9s/12m00.0s

running (02m27.0s), 01/12 VUs, 1791 complete and 0 interrupted iterations
sudden_spike   [  17% ] 01/12 VUs  02m00.9s/12m00.0s

running (02m28.0s), 03/12 VUs, 1846 complete and 0 interrupted iterations
sudden_spike   [  17% ] 03/12 VUs  02m01.9s/12m00.0s

running (02m29.0s), 04/12 VUs, 1878 complete and 0 interrupted iterations
sudden_spike   [  17% ] 04/12 VUs  02m02.9s/12m00.0s

running (02m30.0s), 05/12 VUs, 1916 complete and 0 interrupted iterations
sudden_spike   [  17% ] 05/12 VUs  02m03.9s/12m00.0s

running (02m31.0s), 06/12 VUs, 1961 complete and 0 interrupted iterations
sudden_spike   [  17% ] 06/12 VUs  02m04.9s/12m00.0s

running (02m32.0s), 07/12 VUs, 2015 complete and 0 interrupted iterations
sudden_spike   [  17% ] 07/12 VUs  02m05.9s/12m00.0s

running (02m33.0s), 08/12 VUs, 2050 complete and 0 interrupted iterations
sudden_spike   [  18% ] 08/12 VUs  02m06.9s/12m00.0s

running (02m34.0s), 09/12 VUs, 2118 complete and 0 interrupted iterations
sudden_spike   [  18% ] 09/12 VUs  02m07.9s/12m00.0s

running (02m35.0s), 10/12 VUs, 2159 complete and 0 interrupted iterations
sudden_spike   [  18% ] 10/12 VUs  02m08.9s/12m00.0s

running (02m36.0s), 11/12 VUs, 2212 complete and 0 interrupted iterations
sudden_spike   [  18% ] 11/12 VUs  02m09.9s/12m00.0s

running (02m37.0s), 12/12 VUs, 2268 complete and 0 interrupted iterations
sudden_spike   [  18% ] 12/12 VUs  02m10.9s/12m00.0s

running (02m38.0s), 12/12 VUs, 2320 complete and 0 interrupted iterations
sudden_spike   [  18% ] 12/12 VUs  02m11.9s/12m00.0s

running (02m39.0s), 12/12 VUs, 2369 complete and 0 interrupted iterations
sudden_spike   [  18% ] 12/12 VUs  02m12.9s/12m00.0s

running (02m40.0s), 12/12 VUs, 2427 complete and 0 interrupted iterations
sudden_spike   [  19% ] 12/12 VUs  02m13.9s/12m00.0s

running (02m41.0s), 12/12 VUs, 2475 complete and 0 interrupted iterations
sudden_spike   [  19% ] 12/12 VUs  02m14.9s/12m00.0s

running (02m42.0s), 12/12 VUs, 2530 complete and 0 interrupted iterations
sudden_spike   [  19% ] 12/12 VUs  02m15.9s/12m00.0s

running (02m43.0s), 12/12 VUs, 2553 complete and 0 interrupted iterations
sudden_spike   [  19% ] 12/12 VUs  02m16.9s/12m00.0s

running (02m44.0s), 12/12 VUs, 2585 complete and 0 interrupted iterations
sudden_spike   [  19% ] 12/12 VUs  02m17.9s/12m00.0s

running (02m45.0s), 12/12 VUs, 2646 complete and 0 interrupted iterations
sudden_spike   [  19% ] 12/12 VUs  02m18.9s/12m00.0s

running (02m46.0s), 12/12 VUs, 2682 complete and 0 interrupted iterations
sudden_spike   [  19% ] 12/12 VUs  02m19.9s/12m00.0s

running (02m47.0s), 12/12 VUs, 2713 complete and 0 interrupted iterations
sudden_spike   [  20% ] 12/12 VUs  02m20.9s/12m00.0s

running (02m48.0s), 12/12 VUs, 2733 complete and 0 interrupted iterations
sudden_spike   [  20% ] 12/12 VUs  02m21.9s/12m00.0s

running (02m49.0s), 12/12 VUs, 2796 complete and 0 interrupted iterations
sudden_spike   [  20% ] 12/12 VUs  02m22.9s/12m00.0s

running (02m50.0s), 12/12 VUs, 2862 complete and 0 interrupted iterations
sudden_spike   [  20% ] 12/12 VUs  02m23.9s/12m00.0s

running (02m51.0s), 12/12 VUs, 2901 complete and 0 interrupted iterations
sudden_spike   [  20% ] 12/12 VUs  02m24.9s/12m00.0s

running (02m52.0s), 12/12 VUs, 2917 complete and 0 interrupted iterations
sudden_spike   [  20% ] 12/12 VUs  02m25.9s/12m00.0s

running (02m53.0s), 12/12 VUs, 2956 complete and 0 interrupted iterations
sudden_spike   [  20% ] 12/12 VUs  02m26.9s/12m00.0s

running (02m54.0s), 12/12 VUs, 2986 complete and 0 interrupted iterations
sudden_spike   [  21% ] 12/12 VUs  02m27.9s/12m00.0s

running (02m55.0s), 12/12 VUs, 3012 complete and 0 interrupted iterations
sudden_spike   [  21% ] 12/12 VUs  02m28.9s/12m00.0s

running (02m56.0s), 12/12 VUs, 3059 complete and 0 interrupted iterations
sudden_spike   [  21% ] 12/12 VUs  02m29.9s/12m00.0s

running (02m57.0s), 12/12 VUs, 3101 complete and 0 interrupted iterations
sudden_spike   [  21% ] 12/12 VUs  02m30.9s/12m00.0s

running (02m58.0s), 12/12 VUs, 3135 complete and 0 interrupted iterations
sudden_spike   [  21% ] 12/12 VUs  02m31.9s/12m00.0s

running (02m59.0s), 12/12 VUs, 3182 complete and 0 interrupted iterations
sudden_spike   [  21% ] 12/12 VUs  02m32.9s/12m00.0s

running (03m00.0s), 12/12 VUs, 3247 complete and 0 interrupted iterations
sudden_spike   [  21% ] 12/12 VUs  02m33.9s/12m00.0s

running (03m01.0s), 12/12 VUs, 3296 complete and 0 interrupted iterations
sudden_spike   [  22% ] 12/12 VUs  02m34.9s/12m00.0s

running (03m02.0s), 12/12 VUs, 3323 complete and 0 interrupted iterations
sudden_spike   [  22% ] 12/12 VUs  02m35.9s/12m00.0s

running (03m03.0s), 12/12 VUs, 3376 complete and 0 interrupted iterations
sudden_spike   [  22% ] 12/12 VUs  02m36.9s/12m00.0s

running (03m04.0s), 12/12 VUs, 3437 complete and 0 interrupted iterations
sudden_spike   [  22% ] 12/12 VUs  02m37.9s/12m00.0s

running (03m05.0s), 12/12 VUs, 3483 complete and 0 interrupted iterations
sudden_spike   [  22% ] 12/12 VUs  02m38.9s/12m00.0s

running (03m06.0s), 12/12 VUs, 3537 complete and 0 interrupted iterations
sudden_spike   [  22% ] 12/12 VUs  02m39.9s/12m00.0s

running (03m07.0s), 12/12 VUs, 3582 complete and 0 interrupted iterations
sudden_spike   [  22% ] 12/12 VUs  02m40.9s/12m00.0s

running (03m08.0s), 12/12 VUs, 3643 complete and 0 interrupted iterations
sudden_spike   [  22% ] 12/12 VUs  02m41.9s/12m00.0s

running (03m09.0s), 12/12 VUs, 3664 complete and 0 interrupted iterations
sudden_spike   [  23% ] 12/12 VUs  02m42.9s/12m00.0s

running (03m10.0s), 12/12 VUs, 3703 complete and 0 interrupted iterations
sudden_spike   [  23% ] 12/12 VUs  02m43.9s/12m00.0s

running (03m11.0s), 12/12 VUs, 3768 complete and 0 interrupted iterations
sudden_spike   [  23% ] 12/12 VUs  02m44.9s/12m00.0s

running (03m12.0s), 12/12 VUs, 3799 complete and 0 interrupted iterations
sudden_spike   [  23% ] 12/12 VUs  02m45.9s/12m00.0s

running (03m13.0s), 12/12 VUs, 3838 complete and 0 interrupted iterations
sudden_spike   [  23% ] 12/12 VUs  02m46.9s/12m00.0s

running (03m14.0s), 12/12 VUs, 3867 complete and 0 interrupted iterations
sudden_spike   [  23% ] 12/12 VUs  02m47.9s/12m00.0s

running (03m15.0s), 12/12 VUs, 3905 complete and 0 interrupted iterations
sudden_spike   [  23% ] 12/12 VUs  02m48.9s/12m00.0s

running (03m16.0s), 12/12 VUs, 3946 complete and 0 interrupted iterations
sudden_spike   [  24% ] 12/12 VUs  02m49.9s/12m00.0s

running (03m17.0s), 12/12 VUs, 3989 complete and 0 interrupted iterations
sudden_spike   [  24% ] 12/12 VUs  02m50.9s/12m00.0s

running (03m18.0s), 12/12 VUs, 4032 complete and 0 interrupted iterations
sudden_spike   [  24% ] 12/12 VUs  02m51.9s/12m00.0s

running (03m19.0s), 12/12 VUs, 4047 complete and 0 interrupted iterations
sudden_spike   [  24% ] 12/12 VUs  02m52.9s/12m00.0s

running (03m20.0s), 12/12 VUs, 4098 complete and 0 interrupted iterations
sudden_spike   [  24% ] 12/12 VUs  02m53.9s/12m00.0s

running (03m21.0s), 12/12 VUs, 4153 complete and 0 interrupted iterations
sudden_spike   [  24% ] 12/12 VUs  02m54.9s/12m00.0s

running (03m22.0s), 12/12 VUs, 4195 complete and 0 interrupted iterations
sudden_spike   [  24% ] 12/12 VUs  02m55.9s/12m00.0s

running (03m23.0s), 12/12 VUs, 4245 complete and 0 interrupted iterations
sudden_spike   [  25% ] 12/12 VUs  02m56.9s/12m00.0s

running (03m24.0s), 12/12 VUs, 4307 complete and 0 interrupted iterations
sudden_spike   [  25% ] 12/12 VUs  02m57.9s/12m00.0s

running (03m25.0s), 12/12 VUs, 4347 complete and 0 interrupted iterations
sudden_spike   [  25% ] 12/12 VUs  02m58.9s/12m00.0s

running (03m26.0s), 12/12 VUs, 4413 complete and 0 interrupted iterations
sudden_spike   [  25% ] 12/12 VUs  02m59.9s/12m00.0s

running (03m27.0s), 12/12 VUs, 4459 complete and 0 interrupted iterations
sudden_spike   [  25% ] 12/12 VUs  03m00.9s/12m00.0s

running (03m28.0s), 12/12 VUs, 4521 complete and 0 interrupted iterations
sudden_spike   [  25% ] 12/12 VUs  03m01.9s/12m00.0s

running (03m29.0s), 12/12 VUs, 4577 complete and 0 interrupted iterations
sudden_spike   [  25% ] 12/12 VUs  03m02.9s/12m00.0s

running (03m30.0s), 12/12 VUs, 4602 complete and 0 interrupted iterations
sudden_spike   [  26% ] 12/12 VUs  03m03.9s/12m00.0s

running (03m31.0s), 12/12 VUs, 4632 complete and 0 interrupted iterations
sudden_spike   [  26% ] 12/12 VUs  03m04.9s/12m00.0s

running (03m32.0s), 12/12 VUs, 4670 complete and 0 interrupted iterations
sudden_spike   [  26% ] 12/12 VUs  03m05.9s/12m00.0s

running (03m33.0s), 12/12 VUs, 4700 complete and 0 interrupted iterations
sudden_spike   [  26% ] 12/12 VUs  03m06.9s/12m00.0s

running (03m34.0s), 12/12 VUs, 4744 complete and 0 interrupted iterations
sudden_spike   [  26% ] 12/12 VUs  03m07.9s/12m00.0s

running (03m35.0s), 12/12 VUs, 4800 complete and 0 interrupted iterations
sudden_spike   [  26% ] 12/12 VUs  03m08.9s/12m00.0s

running (03m36.0s), 12/12 VUs, 4845 complete and 0 interrupted iterations
sudden_spike   [  26% ] 12/12 VUs  03m09.9s/12m00.0s

running (03m37.0s), 12/12 VUs, 4891 complete and 0 interrupted iterations
sudden_spike   [  27% ] 12/12 VUs  03m10.9s/12m00.0s

running (03m38.0s), 12/12 VUs, 4949 complete and 0 interrupted iterations
sudden_spike   [  27% ] 12/12 VUs  03m11.9s/12m00.0s

running (03m39.0s), 12/12 VUs, 5018 complete and 0 interrupted iterations
sudden_spike   [  27% ] 12/12 VUs  03m12.9s/12m00.0s

running (03m40.0s), 12/12 VUs, 5099 complete and 0 interrupted iterations
sudden_spike   [  27% ] 12/12 VUs  03m13.9s/12m00.0s

running (03m41.0s), 12/12 VUs, 5153 complete and 0 interrupted iterations
sudden_spike   [  27% ] 12/12 VUs  03m14.9s/12m00.0s

running (03m42.0s), 12/12 VUs, 5210 complete and 0 interrupted iterations
sudden_spike   [  27% ] 12/12 VUs  03m15.9s/12m00.0s

running (03m43.0s), 12/12 VUs, 5258 complete and 0 interrupted iterations
sudden_spike   [  27% ] 12/12 VUs  03m16.9s/12m00.0s

running (03m44.0s), 12/12 VUs, 5290 complete and 0 interrupted iterations
sudden_spike   [  27% ] 12/12 VUs  03m17.9s/12m00.0s

running (03m45.0s), 12/12 VUs, 5356 complete and 0 interrupted iterations
sudden_spike   [  28% ] 12/12 VUs  03m18.9s/12m00.0s

running (03m46.0s), 12/12 VUs, 5392 complete and 0 interrupted iterations
sudden_spike   [  28% ] 12/12 VUs  03m19.9s/12m00.0s

running (03m47.0s), 12/12 VUs, 5460 complete and 0 interrupted iterations
sudden_spike   [  28% ] 12/12 VUs  03m20.9s/12m00.0s

running (03m48.0s), 12/12 VUs, 5491 complete and 0 interrupted iterations
sudden_spike   [  28% ] 12/12 VUs  03m21.9s/12m00.0s

running (03m49.0s), 12/12 VUs, 5509 complete and 0 interrupted iterations
sudden_spike   [  28% ] 12/12 VUs  03m22.9s/12m00.0s

running (03m50.0s), 12/12 VUs, 5561 complete and 0 interrupted iterations
sudden_spike   [  28% ] 12/12 VUs  03m23.9s/12m00.0s

running (03m51.0s), 12/12 VUs, 5620 complete and 0 interrupted iterations
sudden_spike   [  28% ] 12/12 VUs  03m24.9s/12m00.0s

running (03m52.0s), 12/12 VUs, 5658 complete and 0 interrupted iterations
sudden_spike   [  29% ] 12/12 VUs  03m25.9s/12m00.0s

running (03m53.0s), 12/12 VUs, 5708 complete and 0 interrupted iterations
sudden_spike   [  29% ] 12/12 VUs  03m26.9s/12m00.0s

running (03m54.0s), 12/12 VUs, 5762 complete and 0 interrupted iterations
sudden_spike   [  29% ] 12/12 VUs  03m27.9s/12m00.0s

running (03m55.0s), 12/12 VUs, 5811 complete and 0 interrupted iterations
sudden_spike   [  29% ] 12/12 VUs  03m28.9s/12m00.0s

running (03m56.0s), 12/12 VUs, 5871 complete and 0 interrupted iterations
sudden_spike   [  29% ] 12/12 VUs  03m29.9s/12m00.0s

running (03m57.0s), 12/12 VUs, 5932 complete and 0 interrupted iterations
sudden_spike   [  29% ] 12/12 VUs  03m30.9s/12m00.0s

running (03m58.0s), 12/12 VUs, 5989 complete and 0 interrupted iterations
sudden_spike   [  29% ] 12/12 VUs  03m31.9s/12m00.0s

running (03m59.0s), 12/12 VUs, 6044 complete and 0 interrupted iterations
sudden_spike   [  30% ] 12/12 VUs  03m32.9s/12m00.0s

running (04m00.0s), 12/12 VUs, 6107 complete and 0 interrupted iterations
sudden_spike   [  30% ] 12/12 VUs  03m33.9s/12m00.0s

running (04m01.0s), 12/12 VUs, 6132 complete and 0 interrupted iterations
sudden_spike   [  30% ] 12/12 VUs  03m34.9s/12m00.0s

running (04m02.0s), 12/12 VUs, 6165 complete and 0 interrupted iterations
sudden_spike   [  30% ] 12/12 VUs  03m35.9s/12m00.0s

running (04m03.0s), 12/12 VUs, 6216 complete and 0 interrupted iterations
sudden_spike   [  30% ] 12/12 VUs  03m36.9s/12m00.0s

running (04m04.0s), 12/12 VUs, 6238 complete and 0 interrupted iterations
sudden_spike   [  30% ] 12/12 VUs  03m37.9s/12m00.0s

running (04m05.0s), 12/12 VUs, 6258 complete and 0 interrupted iterations
sudden_spike   [  30% ] 12/12 VUs  03m38.9s/12m00.0s

running (04m06.0s), 12/12 VUs, 6323 complete and 0 interrupted iterations
sudden_spike   [  31% ] 12/12 VUs  03m39.9s/12m00.0s

running (04m07.0s), 12/12 VUs, 6372 complete and 0 interrupted iterations
sudden_spike   [  31% ] 12/12 VUs  03m40.9s/12m00.0s

running (04m08.0s), 12/12 VUs, 6397 complete and 0 interrupted iterations
sudden_spike   [  31% ] 12/12 VUs  03m41.9s/12m00.0s

running (04m09.0s), 12/12 VUs, 6419 complete and 0 interrupted iterations
sudden_spike   [  31% ] 12/12 VUs  03m42.9s/12m00.0s

running (04m10.0s), 12/12 VUs, 6453 complete and 0 interrupted iterations
sudden_spike   [  31% ] 12/12 VUs  03m43.9s/12m00.0s

running (04m11.0s), 12/12 VUs, 6526 complete and 0 interrupted iterations
sudden_spike   [  31% ] 12/12 VUs  03m44.9s/12m00.0s

running (04m12.0s), 12/12 VUs, 6570 complete and 0 interrupted iterations
sudden_spike   [  31% ] 12/12 VUs  03m45.9s/12m00.0s

running (04m13.0s), 12/12 VUs, 6615 complete and 0 interrupted iterations
sudden_spike   [  32% ] 12/12 VUs  03m46.9s/12m00.0s

running (04m14.0s), 12/12 VUs, 6636 complete and 0 interrupted iterations
sudden_spike   [  32% ] 12/12 VUs  03m47.9s/12m00.0s

running (04m15.0s), 12/12 VUs, 6678 complete and 0 interrupted iterations
sudden_spike   [  32% ] 12/12 VUs  03m48.9s/12m00.0s

running (04m16.0s), 12/12 VUs, 6713 complete and 0 interrupted iterations
sudden_spike   [  32% ] 12/12 VUs  03m49.9s/12m00.0s

running (04m17.0s), 12/12 VUs, 6778 complete and 0 interrupted iterations
sudden_spike   [  32% ] 12/12 VUs  03m50.9s/12m00.0s

running (04m18.0s), 12/12 VUs, 6825 complete and 0 interrupted iterations
sudden_spike   [  32% ] 12/12 VUs  03m51.9s/12m00.0s

running (04m19.0s), 12/12 VUs, 6876 complete and 0 interrupted iterations
sudden_spike   [  32% ] 12/12 VUs  03m52.9s/12m00.0s

running (04m20.0s), 12/12 VUs, 6906 complete and 0 interrupted iterations
sudden_spike   [  32% ] 12/12 VUs  03m53.9s/12m00.0s

running (04m21.0s), 12/12 VUs, 6939 complete and 0 interrupted iterations
sudden_spike   [  33% ] 12/12 VUs  03m54.9s/12m00.0s

running (04m22.0s), 12/12 VUs, 6987 complete and 0 interrupted iterations
sudden_spike   [  33% ] 12/12 VUs  03m55.9s/12m00.0s

running (04m23.0s), 12/12 VUs, 7030 complete and 0 interrupted iterations
sudden_spike   [  33% ] 12/12 VUs  03m56.9s/12m00.0s

running (04m24.0s), 12/12 VUs, 7042 complete and 0 interrupted iterations
sudden_spike   [  33% ] 12/12 VUs  03m57.9s/12m00.0s

running (04m25.0s), 12/12 VUs, 7071 complete and 0 interrupted iterations
sudden_spike   [  33% ] 12/12 VUs  03m58.9s/12m00.0s

running (04m26.0s), 12/12 VUs, 7120 complete and 0 interrupted iterations
sudden_spike   [  33% ] 12/12 VUs  03m59.9s/12m00.0s

running (04m27.0s), 12/12 VUs, 7157 complete and 0 interrupted iterations
sudden_spike   [  33% ] 12/12 VUs  04m00.9s/12m00.0s

running (04m28.0s), 12/12 VUs, 7222 complete and 0 interrupted iterations
sudden_spike   [  34% ] 12/12 VUs  04m01.9s/12m00.0s

running (04m29.0s), 12/12 VUs, 7248 complete and 0 interrupted iterations
sudden_spike   [  34% ] 12/12 VUs  04m02.9s/12m00.0s

running (04m30.0s), 12/12 VUs, 7308 complete and 0 interrupted iterations
sudden_spike   [  34% ] 12/12 VUs  04m03.9s/12m00.0s

running (04m31.0s), 12/12 VUs, 7374 complete and 0 interrupted iterations
sudden_spike   [  34% ] 12/12 VUs  04m04.9s/12m00.0s

running (04m32.0s), 12/12 VUs, 7408 complete and 0 interrupted iterations
sudden_spike   [  34% ] 12/12 VUs  04m05.9s/12m00.0s

running (04m33.0s), 12/12 VUs, 7457 complete and 0 interrupted iterations
sudden_spike   [  34% ] 12/12 VUs  04m06.9s/12m00.0s

running (04m34.0s), 12/12 VUs, 7504 complete and 0 interrupted iterations
sudden_spike   [  34% ] 12/12 VUs  04m07.9s/12m00.0s

running (04m35.0s), 12/12 VUs, 7565 complete and 0 interrupted iterations
sudden_spike   [  35% ] 12/12 VUs  04m08.9s/12m00.0s

running (04m36.0s), 12/12 VUs, 7590 complete and 0 interrupted iterations
sudden_spike   [  35% ] 12/12 VUs  04m09.9s/12m00.0s

running (04m37.0s), 12/12 VUs, 7657 complete and 0 interrupted iterations
sudden_spike   [  35% ] 12/12 VUs  04m10.9s/12m00.0s

running (04m38.0s), 12/12 VUs, 7710 complete and 0 interrupted iterations
sudden_spike   [  35% ] 12/12 VUs  04m11.9s/12m00.0s

running (04m39.0s), 12/12 VUs, 7743 complete and 0 interrupted iterations
sudden_spike   [  35% ] 12/12 VUs  04m12.9s/12m00.0s

running (04m40.0s), 12/12 VUs, 7797 complete and 0 interrupted iterations
sudden_spike   [  35% ] 12/12 VUs  04m13.9s/12m00.0s

running (04m41.0s), 12/12 VUs, 7847 complete and 0 interrupted iterations
sudden_spike   [  35% ] 12/12 VUs  04m14.9s/12m00.0s

running (04m42.0s), 12/12 VUs, 7874 complete and 0 interrupted iterations
sudden_spike   [  36% ] 12/12 VUs  04m15.9s/12m00.0s

running (04m43.0s), 12/12 VUs, 7908 complete and 0 interrupted iterations
sudden_spike   [  36% ] 12/12 VUs  04m16.9s/12m00.0s

running (04m44.0s), 12/12 VUs, 7959 complete and 0 interrupted iterations
sudden_spike   [  36% ] 12/12 VUs  04m17.9s/12m00.0s

running (04m45.0s), 12/12 VUs, 8029 complete and 0 interrupted iterations
sudden_spike   [  36% ] 12/12 VUs  04m18.9s/12m00.0s

running (04m46.0s), 12/12 VUs, 8065 complete and 0 interrupted iterations
sudden_spike   [  36% ] 12/12 VUs  04m19.9s/12m00.0s

running (04m47.0s), 12/12 VUs, 8094 complete and 0 interrupted iterations
sudden_spike   [  36% ] 12/12 VUs  04m20.9s/12m00.0s

running (04m48.0s), 12/12 VUs, 8144 complete and 0 interrupted iterations
sudden_spike   [  36% ] 12/12 VUs  04m21.9s/12m00.0s

running (04m49.0s), 12/12 VUs, 8205 complete and 0 interrupted iterations
sudden_spike   [  37% ] 12/12 VUs  04m22.9s/12m00.0s

running (04m50.0s), 12/12 VUs, 8283 complete and 0 interrupted iterations
sudden_spike   [  37% ] 12/12 VUs  04m23.9s/12m00.0s

running (04m51.0s), 12/12 VUs, 8330 complete and 0 interrupted iterations
sudden_spike   [  37% ] 12/12 VUs  04m24.9s/12m00.0s

running (04m52.0s), 12/12 VUs, 8378 complete and 0 interrupted iterations
sudden_spike   [  37% ] 12/12 VUs  04m25.9s/12m00.0s

running (04m53.0s), 12/12 VUs, 8402 complete and 0 interrupted iterations
sudden_spike   [  37% ] 12/12 VUs  04m26.9s/12m00.0s

running (04m54.0s), 12/12 VUs, 8442 complete and 0 interrupted iterations
sudden_spike   [  37% ] 12/12 VUs  04m27.9s/12m00.0s

running (04m55.0s), 12/12 VUs, 8477 complete and 0 interrupted iterations
sudden_spike   [  37% ] 12/12 VUs  04m28.9s/12m00.0s

running (04m56.0s), 12/12 VUs, 8531 complete and 0 interrupted iterations
sudden_spike   [  37% ] 12/12 VUs  04m29.9s/12m00.0s

running (04m57.0s), 12/12 VUs, 8558 complete and 0 interrupted iterations
sudden_spike   [  38% ] 12/12 VUs  04m30.9s/12m00.0s

running (04m58.0s), 12/12 VUs, 8608 complete and 0 interrupted iterations
sudden_spike   [  38% ] 12/12 VUs  04m31.9s/12m00.0s

running (04m59.0s), 12/12 VUs, 8671 complete and 0 interrupted iterations
sudden_spike   [  38% ] 12/12 VUs  04m32.9s/12m00.0s

running (05m00.0s), 12/12 VUs, 8710 complete and 0 interrupted iterations
sudden_spike   [  38% ] 12/12 VUs  04m33.9s/12m00.0s

running (05m01.0s), 12/12 VUs, 8750 complete and 0 interrupted iterations
sudden_spike   [  38% ] 12/12 VUs  04m34.9s/12m00.0s

running (05m02.0s), 12/12 VUs, 8783 complete and 0 interrupted iterations
sudden_spike   [  38% ] 12/12 VUs  04m35.9s/12m00.0s

running (05m03.0s), 12/12 VUs, 8803 complete and 0 interrupted iterations
sudden_spike   [  38% ] 12/12 VUs  04m36.9s/12m00.0s

running (05m04.0s), 12/12 VUs, 8822 complete and 0 interrupted iterations
sudden_spike   [  39% ] 12/12 VUs  04m37.9s/12m00.0s

running (05m05.0s), 12/12 VUs, 8843 complete and 0 interrupted iterations
sudden_spike   [  39% ] 12/12 VUs  04m38.9s/12m00.0s

running (05m06.0s), 12/12 VUs, 8848 complete and 0 interrupted iterations
sudden_spike   [  39% ] 12/12 VUs  04m39.9s/12m00.0s

running (05m07.0s), 12/12 VUs, 8868 complete and 0 interrupted iterations
sudden_spike   [  39% ] 12/12 VUs  04m40.9s/12m00.0s

running (05m08.0s), 12/12 VUs, 8893 complete and 0 interrupted iterations
sudden_spike   [  39% ] 12/12 VUs  04m41.9s/12m00.0s

running (05m09.0s), 12/12 VUs, 8924 complete and 0 interrupted iterations
sudden_spike   [  39% ] 12/12 VUs  04m42.9s/12m00.0s

running (05m10.0s), 12/12 VUs, 8988 complete and 0 interrupted iterations
sudden_spike   [  39% ] 12/12 VUs  04m43.9s/12m00.0s

running (05m11.0s), 12/12 VUs, 9089 complete and 0 interrupted iterations
sudden_spike   [  40% ] 12/12 VUs  04m44.9s/12m00.0s

running (05m12.0s), 12/12 VUs, 9121 complete and 0 interrupted iterations
sudden_spike   [  40% ] 12/12 VUs  04m45.9s/12m00.0s

running (05m13.0s), 12/12 VUs, 9169 complete and 0 interrupted iterations
sudden_spike   [  40% ] 12/12 VUs  04m46.9s/12m00.0s

running (05m14.0s), 12/12 VUs, 9226 complete and 0 interrupted iterations
sudden_spike   [  40% ] 12/12 VUs  04m47.9s/12m00.0s

running (05m15.0s), 12/12 VUs, 9305 complete and 0 interrupted iterations
sudden_spike   [  40% ] 12/12 VUs  04m48.9s/12m00.0s

running (05m16.0s), 12/12 VUs, 9373 complete and 0 interrupted iterations
sudden_spike   [  40% ] 12/12 VUs  04m49.9s/12m00.0s

running (05m17.0s), 12/12 VUs, 9406 complete and 0 interrupted iterations
sudden_spike   [  40% ] 12/12 VUs  04m50.9s/12m00.0s

running (05m18.0s), 12/12 VUs, 9462 complete and 0 interrupted iterations
sudden_spike   [  41% ] 12/12 VUs  04m51.9s/12m00.0s

running (05m19.0s), 12/12 VUs, 9502 complete and 0 interrupted iterations
sudden_spike   [  41% ] 12/12 VUs  04m52.9s/12m00.0s

running (05m20.0s), 12/12 VUs, 9557 complete and 0 interrupted iterations
sudden_spike   [  41% ] 12/12 VUs  04m53.9s/12m00.0s

running (05m21.0s), 12/12 VUs, 9588 complete and 0 interrupted iterations
sudden_spike   [  41% ] 12/12 VUs  04m54.9s/12m00.0s

running (05m22.0s), 12/12 VUs, 9618 complete and 0 interrupted iterations
sudden_spike   [  41% ] 12/12 VUs  04m55.9s/12m00.0s

running (05m23.0s), 12/12 VUs, 9681 complete and 0 interrupted iterations
sudden_spike   [  41% ] 12/12 VUs  04m56.9s/12m00.0s

running (05m24.0s), 12/12 VUs, 9722 complete and 0 interrupted iterations
sudden_spike   [  41% ] 12/12 VUs  04m57.9s/12m00.0s

running (05m25.0s), 12/12 VUs, 9785 complete and 0 interrupted iterations
sudden_spike   [  42% ] 12/12 VUs  04m58.9s/12m00.0s

running (05m26.0s), 12/12 VUs, 9865 complete and 0 interrupted iterations
sudden_spike   [  42% ] 12/12 VUs  04m59.9s/12m00.0s

running (05m27.0s), 12/12 VUs, 9931 complete and 0 interrupted iterations
sudden_spike   [  42% ] 12/12 VUs  05m00.9s/12m00.0s

running (05m28.0s), 12/12 VUs, 9978 complete and 0 interrupted iterations
sudden_spike   [  42% ] 12/12 VUs  05m01.9s/12m00.0s

running (05m29.0s), 12/12 VUs, 10010 complete and 0 interrupted iterations
sudden_spike   [  42% ] 12/12 VUs  05m02.9s/12m00.0s

running (05m30.0s), 12/12 VUs, 10055 complete and 0 interrupted iterations
sudden_spike   [  42% ] 12/12 VUs  05m03.9s/12m00.0s

running (05m31.0s), 12/12 VUs, 10085 complete and 0 interrupted iterations
sudden_spike   [  42% ] 12/12 VUs  05m04.9s/12m00.0s

running (05m32.0s), 12/12 VUs, 10133 complete and 0 interrupted iterations
sudden_spike   [  42% ] 12/12 VUs  05m05.9s/12m00.0s

running (05m33.0s), 12/12 VUs, 10206 complete and 0 interrupted iterations
sudden_spike   [  43% ] 12/12 VUs  05m06.9s/12m00.0s

running (05m34.0s), 12/12 VUs, 10257 complete and 0 interrupted iterations
sudden_spike   [  43% ] 12/12 VUs  05m07.9s/12m00.0s

running (05m35.0s), 12/12 VUs, 10338 complete and 0 interrupted iterations
sudden_spike   [  43% ] 12/12 VUs  05m08.9s/12m00.0s

running (05m36.0s), 12/12 VUs, 10365 complete and 0 interrupted iterations
sudden_spike   [  43% ] 12/12 VUs  05m09.9s/12m00.0s

running (05m37.0s), 12/12 VUs, 10393 complete and 0 interrupted iterations
sudden_spike   [  43% ] 12/12 VUs  05m10.9s/12m00.0s

running (05m38.0s), 12/12 VUs, 10422 complete and 0 interrupted iterations
sudden_spike   [  43% ] 12/12 VUs  05m11.9s/12m00.0s

running (05m39.0s), 12/12 VUs, 10464 complete and 0 interrupted iterations
sudden_spike   [  43% ] 12/12 VUs  05m12.9s/12m00.0s

running (05m40.0s), 12/12 VUs, 10497 complete and 0 interrupted iterations
sudden_spike   [  44% ] 12/12 VUs  05m13.9s/12m00.0s

running (05m41.0s), 12/12 VUs, 10539 complete and 0 interrupted iterations
sudden_spike   [  44% ] 12/12 VUs  05m14.9s/12m00.0s

running (05m42.0s), 12/12 VUs, 10615 complete and 0 interrupted iterations
sudden_spike   [  44% ] 12/12 VUs  05m15.9s/12m00.0s

running (05m43.0s), 12/12 VUs, 10661 complete and 0 interrupted iterations
sudden_spike   [  44% ] 12/12 VUs  05m16.9s/12m00.0s

running (05m44.0s), 12/12 VUs, 10713 complete and 0 interrupted iterations
sudden_spike   [  44% ] 12/12 VUs  05m17.9s/12m00.0s

running (05m45.0s), 12/12 VUs, 10755 complete and 0 interrupted iterations
sudden_spike   [  44% ] 12/12 VUs  05m18.9s/12m00.0s

running (05m46.0s), 12/12 VUs, 10813 complete and 0 interrupted iterations
sudden_spike   [  44% ] 12/12 VUs  05m19.9s/12m00.0s

running (05m47.0s), 12/12 VUs, 10867 complete and 0 interrupted iterations
sudden_spike   [  45% ] 12/12 VUs  05m20.9s/12m00.0s

running (05m48.0s), 12/12 VUs, 10901 complete and 0 interrupted iterations
sudden_spike   [  45% ] 12/12 VUs  05m21.9s/12m00.0s

running (05m49.0s), 12/12 VUs, 10946 complete and 0 interrupted iterations
sudden_spike   [  45% ] 12/12 VUs  05m22.9s/12m00.0s

running (05m50.0s), 12/12 VUs, 11022 complete and 0 interrupted iterations
sudden_spike   [  45% ] 12/12 VUs  05m23.9s/12m00.0s

running (05m51.0s), 12/12 VUs, 11081 complete and 0 interrupted iterations
sudden_spike   [  45% ] 12/12 VUs  05m24.9s/12m00.0s

running (05m52.0s), 12/12 VUs, 11103 complete and 0 interrupted iterations
sudden_spike   [  45% ] 12/12 VUs  05m25.9s/12m00.0s

running (05m53.0s), 12/12 VUs, 11147 complete and 0 interrupted iterations
sudden_spike   [  45% ] 12/12 VUs  05m26.9s/12m00.0s

running (05m54.0s), 12/12 VUs, 11173 complete and 0 interrupted iterations
sudden_spike   [  46% ] 12/12 VUs  05m27.9s/12m00.0s

running (05m55.0s), 12/12 VUs, 11208 complete and 0 interrupted iterations
sudden_spike   [  46% ] 12/12 VUs  05m28.9s/12m00.0s

running (05m56.0s), 12/12 VUs, 11251 complete and 0 interrupted iterations
sudden_spike   [  46% ] 12/12 VUs  05m29.9s/12m00.0s

running (05m57.0s), 12/12 VUs, 11299 complete and 0 interrupted iterations
sudden_spike   [  46% ] 12/12 VUs  05m30.9s/12m00.0s

running (05m58.0s), 12/12 VUs, 11375 complete and 0 interrupted iterations
sudden_spike   [  46% ] 12/12 VUs  05m31.9s/12m00.0s

running (05m59.0s), 12/12 VUs, 11428 complete and 0 interrupted iterations
sudden_spike   [  46% ] 12/12 VUs  05m32.9s/12m00.0s

running (06m00.0s), 12/12 VUs, 11468 complete and 0 interrupted iterations
sudden_spike   [  46% ] 12/12 VUs  05m33.9s/12m00.0s

running (06m01.0s), 12/12 VUs, 11510 complete and 0 interrupted iterations
sudden_spike   [  47% ] 12/12 VUs  05m34.9s/12m00.0s

running (06m02.0s), 12/12 VUs, 11533 complete and 0 interrupted iterations
sudden_spike   [  47% ] 12/12 VUs  05m35.9s/12m00.0s

running (06m03.0s), 12/12 VUs, 11579 complete and 0 interrupted iterations
sudden_spike   [  47% ] 12/12 VUs  05m36.9s/12m00.0s

running (06m04.0s), 12/12 VUs, 11609 complete and 0 interrupted iterations
sudden_spike   [  47% ] 12/12 VUs  05m37.9s/12m00.0s

running (06m05.0s), 12/12 VUs, 11665 complete and 0 interrupted iterations
sudden_spike   [  47% ] 12/12 VUs  05m38.9s/12m00.0s

running (06m06.0s), 12/12 VUs, 11705 complete and 0 interrupted iterations
sudden_spike   [  47% ] 12/12 VUs  05m39.9s/12m00.0s

running (06m07.0s), 12/12 VUs, 11748 complete and 0 interrupted iterations
sudden_spike   [  47% ] 12/12 VUs  05m40.9s/12m00.0s

running (06m08.0s), 12/12 VUs, 11809 complete and 0 interrupted iterations
sudden_spike   [  47% ] 12/12 VUs  05m41.9s/12m00.0s

running (06m09.0s), 12/12 VUs, 11857 complete and 0 interrupted iterations
sudden_spike   [  48% ] 12/12 VUs  05m42.9s/12m00.0s

running (06m10.0s), 12/12 VUs, 11888 complete and 0 interrupted iterations
sudden_spike   [  48% ] 12/12 VUs  05m43.9s/12m00.0s

running (06m11.0s), 12/12 VUs, 11915 complete and 0 interrupted iterations
sudden_spike   [  48% ] 12/12 VUs  05m44.9s/12m00.0s

running (06m12.0s), 12/12 VUs, 11933 complete and 0 interrupted iterations
sudden_spike   [  48% ] 12/12 VUs  05m45.9s/12m00.0s

running (06m13.0s), 12/12 VUs, 11980 complete and 0 interrupted iterations
sudden_spike   [  48% ] 12/12 VUs  05m46.9s/12m00.0s

running (06m14.0s), 12/12 VUs, 12042 complete and 0 interrupted iterations
sudden_spike   [  48% ] 12/12 VUs  05m47.9s/12m00.0s

running (06m15.0s), 12/12 VUs, 12096 complete and 0 interrupted iterations
sudden_spike   [  48% ] 12/12 VUs  05m48.9s/12m00.0s

running (06m16.0s), 12/12 VUs, 12131 complete and 0 interrupted iterations
sudden_spike   [  49% ] 12/12 VUs  05m49.9s/12m00.0s

running (06m17.0s), 12/12 VUs, 12188 complete and 0 interrupted iterations
sudden_spike   [  49% ] 12/12 VUs  05m50.9s/12m00.0s

running (06m18.0s), 12/12 VUs, 12215 complete and 0 interrupted iterations
sudden_spike   [  49% ] 12/12 VUs  05m51.9s/12m00.0s

running (06m19.0s), 12/12 VUs, 12283 complete and 0 interrupted iterations
sudden_spike   [  49% ] 12/12 VUs  05m52.9s/12m00.0s

running (06m20.0s), 12/12 VUs, 12320 complete and 0 interrupted iterations
sudden_spike   [  49% ] 12/12 VUs  05m53.9s/12m00.0s

running (06m21.0s), 12/12 VUs, 12362 complete and 0 interrupted iterations
sudden_spike   [  49% ] 12/12 VUs  05m54.9s/12m00.0s

running (06m22.0s), 12/12 VUs, 12396 complete and 0 interrupted iterations
sudden_spike   [  49% ] 12/12 VUs  05m55.9s/12m00.0s

running (06m23.0s), 12/12 VUs, 12459 complete and 0 interrupted iterations
sudden_spike   [  50% ] 12/12 VUs  05m56.9s/12m00.0s

running (06m24.0s), 12/12 VUs, 12512 complete and 0 interrupted iterations
sudden_spike   [  50% ] 12/12 VUs  05m57.9s/12m00.0s

running (06m25.0s), 12/12 VUs, 12562 complete and 0 interrupted iterations
sudden_spike   [  50% ] 12/12 VUs  05m58.9s/12m00.0s

running (06m26.0s), 12/12 VUs, 12600 complete and 0 interrupted iterations
sudden_spike   [  50% ] 12/12 VUs  05m59.9s/12m00.0s

running (06m27.0s), 12/12 VUs, 12646 complete and 0 interrupted iterations
sudden_spike   [  50% ] 12/12 VUs  06m00.9s/12m00.0s

running (06m28.0s), 12/12 VUs, 12693 complete and 0 interrupted iterations
sudden_spike   [  50% ] 12/12 VUs  06m01.9s/12m00.0s

running (06m29.0s), 12/12 VUs, 12727 complete and 0 interrupted iterations
sudden_spike   [  50% ] 12/12 VUs  06m02.9s/12m00.0s

running (06m30.0s), 12/12 VUs, 12760 complete and 0 interrupted iterations
sudden_spike   [  51% ] 12/12 VUs  06m03.9s/12m00.0s

running (06m31.0s), 12/12 VUs, 12821 complete and 0 interrupted iterations
sudden_spike   [  51% ] 12/12 VUs  06m04.9s/12m00.0s

running (06m32.0s), 12/12 VUs, 12903 complete and 0 interrupted iterations
sudden_spike   [  51% ] 12/12 VUs  06m05.9s/12m00.0s

running (06m33.0s), 12/12 VUs, 12936 complete and 0 interrupted iterations
sudden_spike   [  51% ] 12/12 VUs  06m06.9s/12m00.0s

running (06m34.0s), 12/12 VUs, 12988 complete and 0 interrupted iterations
sudden_spike   [  51% ] 12/12 VUs  06m07.9s/12m00.0s

running (06m35.0s), 12/12 VUs, 13026 complete and 0 interrupted iterations
sudden_spike   [  51% ] 12/12 VUs  06m08.9s/12m00.0s

running (06m36.0s), 12/12 VUs, 13062 complete and 0 interrupted iterations
sudden_spike   [  51% ] 12/12 VUs  06m09.9s/12m00.0s

running (06m37.0s), 12/12 VUs, 13094 complete and 0 interrupted iterations
sudden_spike   [  52% ] 12/12 VUs  06m10.9s/12m00.0s

running (06m38.0s), 12/12 VUs, 13123 complete and 0 interrupted iterations
sudden_spike   [  52% ] 12/12 VUs  06m11.9s/12m00.0s

running (06m39.0s), 12/12 VUs, 13182 complete and 0 interrupted iterations
sudden_spike   [  52% ] 12/12 VUs  06m12.9s/12m00.0s

running (06m40.0s), 12/12 VUs, 13204 complete and 0 interrupted iterations
sudden_spike   [  52% ] 12/12 VUs  06m13.9s/12m00.0s

running (06m41.0s), 12/12 VUs, 13265 complete and 0 interrupted iterations
sudden_spike   [  52% ] 12/12 VUs  06m14.9s/12m00.0s

running (06m42.0s), 12/12 VUs, 13314 complete and 0 interrupted iterations
sudden_spike   [  52% ] 12/12 VUs  06m15.9s/12m00.0s

running (06m43.0s), 12/12 VUs, 13372 complete and 0 interrupted iterations
sudden_spike   [  52% ] 12/12 VUs  06m16.9s/12m00.0s

running (06m44.0s), 12/12 VUs, 13419 complete and 0 interrupted iterations
sudden_spike   [  52% ] 12/12 VUs  06m17.9s/12m00.0s

running (06m45.0s), 12/12 VUs, 13467 complete and 0 interrupted iterations
sudden_spike   [  53% ] 12/12 VUs  06m18.9s/12m00.0s

running (06m46.0s), 12/12 VUs, 13506 complete and 0 interrupted iterations
sudden_spike   [  53% ] 12/12 VUs  06m19.9s/12m00.0s

running (06m47.0s), 12/12 VUs, 13546 complete and 0 interrupted iterations
sudden_spike   [  53% ] 12/12 VUs  06m20.9s/12m00.0s

running (06m48.0s), 12/12 VUs, 13580 complete and 0 interrupted iterations
sudden_spike   [  53% ] 12/12 VUs  06m21.9s/12m00.0s

running (06m49.0s), 12/12 VUs, 13622 complete and 0 interrupted iterations
sudden_spike   [  53% ] 12/12 VUs  06m22.9s/12m00.0s

running (06m50.0s), 12/12 VUs, 13659 complete and 0 interrupted iterations
sudden_spike   [  53% ] 12/12 VUs  06m23.9s/12m00.0s

running (06m51.0s), 12/12 VUs, 13697 complete and 0 interrupted iterations
sudden_spike   [  53% ] 12/12 VUs  06m24.9s/12m00.0s

running (06m52.0s), 12/12 VUs, 13763 complete and 0 interrupted iterations
sudden_spike   [  54% ] 12/12 VUs  06m25.9s/12m00.0s

running (06m53.0s), 12/12 VUs, 13790 complete and 0 interrupted iterations
sudden_spike   [  54% ] 12/12 VUs  06m26.9s/12m00.0s

running (06m54.0s), 12/12 VUs, 13836 complete and 0 interrupted iterations
sudden_spike   [  54% ] 12/12 VUs  06m27.9s/12m00.0s

running (06m55.0s), 12/12 VUs, 13881 complete and 0 interrupted iterations
sudden_spike   [  54% ] 12/12 VUs  06m28.9s/12m00.0s

running (06m56.0s), 12/12 VUs, 13946 complete and 0 interrupted iterations
sudden_spike   [  54% ] 12/12 VUs  06m29.9s/12m00.0s

running (06m57.0s), 12/12 VUs, 14012 complete and 0 interrupted iterations
sudden_spike   [  54% ] 12/12 VUs  06m30.9s/12m00.0s

running (06m58.0s), 12/12 VUs, 14038 complete and 0 interrupted iterations
sudden_spike   [  54% ] 12/12 VUs  06m31.9s/12m00.0s

running (06m59.0s), 12/12 VUs, 14087 complete and 0 interrupted iterations
sudden_spike   [  55% ] 12/12 VUs  06m32.9s/12m00.0s

running (07m00.0s), 12/12 VUs, 14137 complete and 0 interrupted iterations
sudden_spike   [  55% ] 12/12 VUs  06m33.9s/12m00.0s

running (07m01.0s), 12/12 VUs, 14221 complete and 0 interrupted iterations
sudden_spike   [  55% ] 12/12 VUs  06m34.9s/12m00.0s

running (07m02.0s), 12/12 VUs, 14250 complete and 0 interrupted iterations
sudden_spike   [  55% ] 12/12 VUs  06m35.9s/12m00.0s

running (07m03.0s), 12/12 VUs, 14268 complete and 0 interrupted iterations
sudden_spike   [  55% ] 12/12 VUs  06m36.9s/12m00.0s

running (07m04.0s), 12/12 VUs, 14341 complete and 0 interrupted iterations
sudden_spike   [  55% ] 12/12 VUs  06m37.9s/12m00.0s

running (07m05.0s), 12/12 VUs, 14378 complete and 0 interrupted iterations
sudden_spike   [  55% ] 12/12 VUs  06m38.9s/12m00.0s

running (07m06.0s), 12/12 VUs, 14431 complete and 0 interrupted iterations
sudden_spike   [  56% ] 12/12 VUs  06m39.9s/12m00.0s

running (07m07.0s), 12/12 VUs, 14467 complete and 0 interrupted iterations
sudden_spike   [  56% ] 12/12 VUs  06m40.9s/12m00.0s

running (07m08.0s), 12/12 VUs, 14505 complete and 0 interrupted iterations
sudden_spike   [  56% ] 12/12 VUs  06m41.9s/12m00.0s

running (07m09.0s), 12/12 VUs, 14553 complete and 0 interrupted iterations
sudden_spike   [  56% ] 12/12 VUs  06m42.9s/12m00.0s

running (07m10.0s), 12/12 VUs, 14608 complete and 0 interrupted iterations
sudden_spike   [  56% ] 12/12 VUs  06m43.9s/12m00.0s

running (07m11.0s), 12/12 VUs, 14646 complete and 0 interrupted iterations
sudden_spike   [  56% ] 12/12 VUs  06m44.9s/12m00.0s

running (07m12.0s), 12/12 VUs, 14669 complete and 0 interrupted iterations
sudden_spike   [  56% ] 12/12 VUs  06m45.9s/12m00.0s

running (07m13.0s), 12/12 VUs, 14716 complete and 0 interrupted iterations
sudden_spike   [  57% ] 12/12 VUs  06m46.9s/12m00.0s

running (07m14.0s), 12/12 VUs, 14774 complete and 0 interrupted iterations
sudden_spike   [  57% ] 12/12 VUs  06m47.9s/12m00.0s

running (07m15.0s), 12/12 VUs, 14799 complete and 0 interrupted iterations
sudden_spike   [  57% ] 12/12 VUs  06m48.9s/12m00.0s

running (07m16.0s), 12/12 VUs, 14813 complete and 0 interrupted iterations
sudden_spike   [  57% ] 12/12 VUs  06m49.9s/12m00.0s

running (07m17.0s), 12/12 VUs, 14858 complete and 0 interrupted iterations
sudden_spike   [  57% ] 12/12 VUs  06m50.9s/12m00.0s

running (07m18.0s), 12/12 VUs, 14883 complete and 0 interrupted iterations
sudden_spike   [  57% ] 12/12 VUs  06m51.9s/12m00.0s

running (07m19.0s), 12/12 VUs, 14946 complete and 0 interrupted iterations
sudden_spike   [  57% ] 12/12 VUs  06m52.9s/12m00.0s

running (07m20.0s), 12/12 VUs, 14989 complete and 0 interrupted iterations
sudden_spike   [  57% ] 12/12 VUs  06m53.9s/12m00.0s

running (07m21.0s), 12/12 VUs, 15053 complete and 0 interrupted iterations
sudden_spike   [  58% ] 12/12 VUs  06m54.9s/12m00.0s

running (07m22.0s), 12/12 VUs, 15089 complete and 0 interrupted iterations
sudden_spike   [  58% ] 12/12 VUs  06m55.9s/12m00.0s

running (07m23.0s), 12/12 VUs, 15132 complete and 0 interrupted iterations
sudden_spike   [  58% ] 12/12 VUs  06m56.9s/12m00.0s

running (07m24.0s), 12/12 VUs, 15162 complete and 0 interrupted iterations
sudden_spike   [  58% ] 12/12 VUs  06m57.9s/12m00.0s

running (07m25.0s), 12/12 VUs, 15199 complete and 0 interrupted iterations
sudden_spike   [  58% ] 12/12 VUs  06m58.9s/12m00.0s

running (07m26.0s), 12/12 VUs, 15250 complete and 0 interrupted iterations
sudden_spike   [  58% ] 12/12 VUs  06m59.9s/12m00.0s

running (07m27.0s), 12/12 VUs, 15308 complete and 0 interrupted iterations
sudden_spike   [  58% ] 12/12 VUs  07m00.9s/12m00.0s

running (07m28.0s), 12/12 VUs, 15359 complete and 0 interrupted iterations
sudden_spike   [  59% ] 12/12 VUs  07m01.9s/12m00.0s

running (07m29.0s), 12/12 VUs, 15384 complete and 0 interrupted iterations
sudden_spike   [  59% ] 12/12 VUs  07m02.9s/12m00.0s

running (07m30.0s), 12/12 VUs, 15424 complete and 0 interrupted iterations
sudden_spike   [  59% ] 12/12 VUs  07m03.9s/12m00.0s

running (07m31.0s), 12/12 VUs, 15463 complete and 0 interrupted iterations
sudden_spike   [  59% ] 12/12 VUs  07m04.9s/12m00.0s

running (07m32.0s), 12/12 VUs, 15489 complete and 0 interrupted iterations
sudden_spike   [  59% ] 12/12 VUs  07m05.9s/12m00.0s

running (07m33.0s), 12/12 VUs, 15537 complete and 0 interrupted iterations
sudden_spike   [  59% ] 12/12 VUs  07m06.9s/12m00.0s

running (07m34.0s), 12/12 VUs, 15554 complete and 0 interrupted iterations
sudden_spike   [  59% ] 12/12 VUs  07m07.9s/12m00.0s

running (07m35.0s), 12/12 VUs, 15567 complete and 0 interrupted iterations
sudden_spike   [  60% ] 12/12 VUs  07m08.9s/12m00.0s

running (07m36.0s), 12/12 VUs, 15594 complete and 0 interrupted iterations
sudden_spike   [  60% ] 12/12 VUs  07m09.9s/12m00.0s

running (07m37.0s), 12/12 VUs, 15634 complete and 0 interrupted iterations
sudden_spike   [  60% ] 12/12 VUs  07m10.9s/12m00.0s

running (07m38.0s), 12/12 VUs, 15672 complete and 0 interrupted iterations
sudden_spike   [  60% ] 12/12 VUs  07m11.9s/12m00.0s

running (07m39.0s), 12/12 VUs, 15692 complete and 0 interrupted iterations
sudden_spike   [  60% ] 12/12 VUs  07m12.9s/12m00.0s

running (07m40.0s), 12/12 VUs, 15772 complete and 0 interrupted iterations
sudden_spike   [  60% ] 12/12 VUs  07m13.9s/12m00.0s

running (07m41.0s), 12/12 VUs, 15829 complete and 0 interrupted iterations
sudden_spike   [  60% ] 12/12 VUs  07m14.9s/12m00.0s

running (07m42.0s), 12/12 VUs, 15879 complete and 0 interrupted iterations
sudden_spike   [  61% ] 12/12 VUs  07m15.9s/12m00.0s

running (07m43.0s), 12/12 VUs, 15948 complete and 0 interrupted iterations
sudden_spike   [  61% ] 12/12 VUs  07m16.9s/12m00.0s

running (07m44.0s), 12/12 VUs, 15995 complete and 0 interrupted iterations
sudden_spike   [  61% ] 12/12 VUs  07m17.9s/12m00.0s

running (07m45.0s), 12/12 VUs, 16052 complete and 0 interrupted iterations
sudden_spike   [  61% ] 12/12 VUs  07m18.9s/12m00.0s

running (07m46.0s), 12/12 VUs, 16105 complete and 0 interrupted iterations
sudden_spike   [  61% ] 12/12 VUs  07m19.9s/12m00.0s

running (07m47.0s), 12/12 VUs, 16192 complete and 0 interrupted iterations
sudden_spike   [  61% ] 12/12 VUs  07m20.9s/12m00.0s

running (07m48.0s), 12/12 VUs, 16233 complete and 0 interrupted iterations
sudden_spike   [  61% ] 12/12 VUs  07m21.9s/12m00.0s

running (07m49.0s), 12/12 VUs, 16276 complete and 0 interrupted iterations
sudden_spike   [  62% ] 12/12 VUs  07m22.9s/12m00.0s

running (07m50.0s), 12/12 VUs, 16331 complete and 0 interrupted iterations
sudden_spike   [  62% ] 12/12 VUs  07m23.9s/12m00.0s

running (07m51.0s), 12/12 VUs, 16391 complete and 0 interrupted iterations
sudden_spike   [  62% ] 12/12 VUs  07m24.9s/12m00.0s

running (07m52.0s), 12/12 VUs, 16432 complete and 0 interrupted iterations
sudden_spike   [  62% ] 12/12 VUs  07m25.9s/12m00.0s

running (07m53.0s), 12/12 VUs, 16491 complete and 0 interrupted iterations
sudden_spike   [  62% ] 12/12 VUs  07m26.9s/12m00.0s

running (07m54.0s), 12/12 VUs, 16528 complete and 0 interrupted iterations
sudden_spike   [  62% ] 12/12 VUs  07m27.9s/12m00.0s

running (07m55.0s), 12/12 VUs, 16560 complete and 0 interrupted iterations
sudden_spike   [  62% ] 12/12 VUs  07m28.9s/12m00.0s

running (07m56.0s), 12/12 VUs, 16567 complete and 0 interrupted iterations
sudden_spike   [  62% ] 12/12 VUs  07m29.9s/12m00.0s

running (07m57.0s), 12/12 VUs, 16573 complete and 0 interrupted iterations
sudden_spike   [  63% ] 12/12 VUs  07m30.9s/12m00.0s

running (07m58.0s), 12/12 VUs, 16598 complete and 0 interrupted iterations
sudden_spike   [  63% ] 12/12 VUs  07m31.9s/12m00.0s

running (07m59.0s), 12/12 VUs, 16625 complete and 0 interrupted iterations
sudden_spike   [  63% ] 12/12 VUs  07m32.9s/12m00.0s

running (08m00.0s), 12/12 VUs, 16689 complete and 0 interrupted iterations
sudden_spike   [  63% ] 12/12 VUs  07m33.9s/12m00.0s

running (08m01.0s), 12/12 VUs, 16783 complete and 0 interrupted iterations
sudden_spike   [  63% ] 12/12 VUs  07m34.9s/12m00.0s

running (08m02.0s), 12/12 VUs, 16813 complete and 0 interrupted iterations
sudden_spike   [  63% ] 12/12 VUs  07m35.9s/12m00.0s

running (08m03.0s), 12/12 VUs, 16881 complete and 0 interrupted iterations
sudden_spike   [  63% ] 12/12 VUs  07m36.9s/12m00.0s

running (08m04.0s), 12/12 VUs, 16945 complete and 0 interrupted iterations
sudden_spike   [  64% ] 12/12 VUs  07m37.9s/12m00.0s

running (08m05.0s), 12/12 VUs, 16985 complete and 0 interrupted iterations
sudden_spike   [  64% ] 12/12 VUs  07m38.9s/12m00.0s

running (08m06.0s), 12/12 VUs, 17004 complete and 0 interrupted iterations
sudden_spike   [  64% ] 12/12 VUs  07m39.9s/12m00.0s

running (08m07.0s), 12/12 VUs, 17015 complete and 0 interrupted iterations
sudden_spike   [  64% ] 12/12 VUs  07m40.9s/12m00.0s

running (08m08.0s), 12/12 VUs, 17055 complete and 0 interrupted iterations
sudden_spike   [  64% ] 12/12 VUs  07m41.9s/12m00.0s

running (08m09.0s), 12/12 VUs, 17095 complete and 0 interrupted iterations
sudden_spike   [  64% ] 12/12 VUs  07m42.9s/12m00.0s

running (08m10.0s), 12/12 VUs, 17136 complete and 0 interrupted iterations
sudden_spike   [  64% ] 12/12 VUs  07m43.9s/12m00.0s

running (08m11.0s), 12/12 VUs, 17181 complete and 0 interrupted iterations
sudden_spike   [  65% ] 12/12 VUs  07m44.9s/12m00.0s

running (08m12.0s), 12/12 VUs, 17226 complete and 0 interrupted iterations
sudden_spike   [  65% ] 12/12 VUs  07m45.9s/12m00.0s

running (08m13.0s), 12/12 VUs, 17264 complete and 0 interrupted iterations
sudden_spike   [  65% ] 12/12 VUs  07m46.9s/12m00.0s

running (08m14.0s), 12/12 VUs, 17315 complete and 0 interrupted iterations
sudden_spike   [  65% ] 12/12 VUs  07m47.9s/12m00.0s

running (08m15.0s), 12/12 VUs, 17367 complete and 0 interrupted iterations
sudden_spike   [  65% ] 12/12 VUs  07m48.9s/12m00.0s

running (08m16.0s), 12/12 VUs, 17403 complete and 0 interrupted iterations
sudden_spike   [  65% ] 12/12 VUs  07m49.9s/12m00.0s

running (08m17.0s), 12/12 VUs, 17468 complete and 0 interrupted iterations
sudden_spike   [  65% ] 12/12 VUs  07m50.9s/12m00.0s

running (08m18.0s), 12/12 VUs, 17551 complete and 0 interrupted iterations
sudden_spike   [  66% ] 12/12 VUs  07m51.9s/12m00.0s

running (08m19.0s), 12/12 VUs, 17612 complete and 0 interrupted iterations
sudden_spike   [  66% ] 12/12 VUs  07m52.9s/12m00.0s

running (08m20.0s), 12/12 VUs, 17692 complete and 0 interrupted iterations
sudden_spike   [  66% ] 12/12 VUs  07m53.9s/12m00.0s

running (08m21.0s), 12/12 VUs, 17738 complete and 0 interrupted iterations
sudden_spike   [  66% ] 12/12 VUs  07m54.9s/12m00.0s

running (08m22.0s), 12/12 VUs, 17781 complete and 0 interrupted iterations
sudden_spike   [  66% ] 12/12 VUs  07m55.9s/12m00.0s

running (08m23.0s), 12/12 VUs, 17830 complete and 0 interrupted iterations
sudden_spike   [  66% ] 12/12 VUs  07m56.9s/12m00.0s

running (08m24.0s), 12/12 VUs, 17851 complete and 0 interrupted iterations
sudden_spike   [  66% ] 12/12 VUs  07m57.9s/12m00.0s

running (08m25.0s), 12/12 VUs, 17909 complete and 0 interrupted iterations
sudden_spike   [  67% ] 12/12 VUs  07m58.9s/12m00.0s

running (08m26.0s), 12/12 VUs, 17957 complete and 0 interrupted iterations
sudden_spike   [  67% ] 12/12 VUs  07m59.9s/12m00.0s

running (08m27.0s), 12/12 VUs, 18032 complete and 0 interrupted iterations
sudden_spike   [  67% ] 12/12 VUs  08m00.9s/12m00.0s

running (08m28.0s), 12/12 VUs, 18084 complete and 0 interrupted iterations
sudden_spike   [  67% ] 12/12 VUs  08m01.9s/12m00.0s

running (08m29.0s), 12/12 VUs, 18115 complete and 0 interrupted iterations
sudden_spike   [  67% ] 12/12 VUs  08m02.9s/12m00.0s

running (08m30.0s), 12/12 VUs, 18163 complete and 0 interrupted iterations
sudden_spike   [  67% ] 12/12 VUs  08m03.9s/12m00.0s

running (08m31.0s), 12/12 VUs, 18200 complete and 0 interrupted iterations
sudden_spike   [  67% ] 12/12 VUs  08m04.9s/12m00.0s

running (08m32.0s), 12/12 VUs, 18235 complete and 0 interrupted iterations
sudden_spike   [  67% ] 12/12 VUs  08m05.9s/12m00.0s

running (08m33.0s), 12/12 VUs, 18267 complete and 0 interrupted iterations
sudden_spike   [  68% ] 12/12 VUs  08m06.9s/12m00.0s

running (08m34.0s), 12/12 VUs, 18330 complete and 0 interrupted iterations
sudden_spike   [  68% ] 12/12 VUs  08m07.9s/12m00.0s

running (08m35.0s), 12/12 VUs, 18374 complete and 0 interrupted iterations
sudden_spike   [  68% ] 12/12 VUs  08m08.9s/12m00.0s

running (08m36.0s), 12/12 VUs, 18428 complete and 0 interrupted iterations
sudden_spike   [  68% ] 12/12 VUs  08m09.9s/12m00.0s

running (08m37.0s), 12/12 VUs, 18471 complete and 0 interrupted iterations
sudden_spike   [  68% ] 12/12 VUs  08m10.9s/12m00.0s

running (08m38.0s), 12/12 VUs, 18518 complete and 0 interrupted iterations
sudden_spike   [  68% ] 12/12 VUs  08m11.9s/12m00.0s

running (08m39.0s), 12/12 VUs, 18560 complete and 0 interrupted iterations
sudden_spike   [  68% ] 12/12 VUs  08m12.9s/12m00.0s

running (08m40.0s), 12/12 VUs, 18647 complete and 0 interrupted iterations
sudden_spike   [  69% ] 12/12 VUs  08m13.9s/12m00.0s

running (08m41.0s), 12/12 VUs, 18741 complete and 0 interrupted iterations
sudden_spike   [  69% ] 12/12 VUs  08m14.9s/12m00.0s

running (08m42.0s), 12/12 VUs, 18771 complete and 0 interrupted iterations
sudden_spike   [  69% ] 12/12 VUs  08m15.9s/12m00.0s

running (08m43.0s), 12/12 VUs, 18815 complete and 0 interrupted iterations
sudden_spike   [  69% ] 12/12 VUs  08m16.9s/12m00.0s

running (08m44.0s), 12/12 VUs, 18845 complete and 0 interrupted iterations
sudden_spike   [  69% ] 12/12 VUs  08m17.9s/12m00.0s

running (08m45.0s), 12/12 VUs, 18853 complete and 0 interrupted iterations
sudden_spike   [  69% ] 12/12 VUs  08m18.9s/12m00.0s

running (08m46.0s), 12/12 VUs, 18885 complete and 0 interrupted iterations
sudden_spike   [  69% ] 12/12 VUs  08m19.9s/12m00.0s

running (08m47.0s), 12/12 VUs, 18923 complete and 0 interrupted iterations
sudden_spike   [  70% ] 12/12 VUs  08m20.9s/12m00.0s

running (08m48.0s), 12/12 VUs, 18988 complete and 0 interrupted iterations
sudden_spike   [  70% ] 12/12 VUs  08m21.9s/12m00.0s

running (08m49.0s), 12/12 VUs, 19031 complete and 0 interrupted iterations
sudden_spike   [  70% ] 12/12 VUs  08m22.9s/12m00.0s

running (08m50.0s), 12/12 VUs, 19082 complete and 0 interrupted iterations
sudden_spike   [  70% ] 12/12 VUs  08m23.9s/12m00.0s

running (08m51.0s), 12/12 VUs, 19142 complete and 0 interrupted iterations
sudden_spike   [  70% ] 12/12 VUs  08m24.9s/12m00.0s

running (08m52.0s), 12/12 VUs, 19181 complete and 0 interrupted iterations
sudden_spike   [  70% ] 12/12 VUs  08m25.9s/12m00.0s

running (08m53.0s), 12/12 VUs, 19263 complete and 0 interrupted iterations
sudden_spike   [  70% ] 12/12 VUs  08m26.9s/12m00.0s

running (08m54.0s), 12/12 VUs, 19313 complete and 0 interrupted iterations
sudden_spike   [  71% ] 12/12 VUs  08m27.9s/12m00.0s

running (08m55.0s), 12/12 VUs, 19327 complete and 0 interrupted iterations
sudden_spike   [  71% ] 12/12 VUs  08m28.9s/12m00.0s

running (08m56.0s), 12/12 VUs, 19363 complete and 0 interrupted iterations
sudden_spike   [  71% ] 12/12 VUs  08m29.9s/12m00.0s

running (08m57.0s), 12/12 VUs, 19420 complete and 0 interrupted iterations
sudden_spike   [  71% ] 12/12 VUs  08m30.9s/12m00.0s

running (08m58.0s), 12/12 VUs, 19460 complete and 0 interrupted iterations
sudden_spike   [  71% ] 12/12 VUs  08m31.9s/12m00.0s

running (08m59.0s), 12/12 VUs, 19516 complete and 0 interrupted iterations
sudden_spike   [  71% ] 12/12 VUs  08m32.9s/12m00.0s

running (09m00.0s), 12/12 VUs, 19551 complete and 0 interrupted iterations
sudden_spike   [  71% ] 12/12 VUs  08m33.9s/12m00.0s

running (09m01.0s), 12/12 VUs, 19575 complete and 0 interrupted iterations
sudden_spike   [  72% ] 12/12 VUs  08m34.9s/12m00.0s

running (09m02.0s), 12/12 VUs, 19642 complete and 0 interrupted iterations
sudden_spike   [  72% ] 12/12 VUs  08m35.9s/12m00.0s

running (09m03.0s), 12/12 VUs, 19681 complete and 0 interrupted iterations
sudden_spike   [  72% ] 12/12 VUs  08m36.9s/12m00.0s

running (09m04.0s), 12/12 VUs, 19726 complete and 0 interrupted iterations
sudden_spike   [  72% ] 12/12 VUs  08m37.9s/12m00.0s

running (09m05.0s), 12/12 VUs, 19766 complete and 0 interrupted iterations
sudden_spike   [  72% ] 12/12 VUs  08m38.9s/12m00.0s

running (09m06.0s), 12/12 VUs, 19799 complete and 0 interrupted iterations
sudden_spike   [  72% ] 12/12 VUs  08m39.9s/12m00.0s

running (09m07.0s), 12/12 VUs, 19824 complete and 0 interrupted iterations
sudden_spike   [  72% ] 12/12 VUs  08m40.9s/12m00.0s

running (09m08.0s), 12/12 VUs, 19853 complete and 0 interrupted iterations
sudden_spike   [  72% ] 12/12 VUs  08m41.9s/12m00.0s

running (09m09.0s), 12/12 VUs, 19930 complete and 0 interrupted iterations
sudden_spike   [  73% ] 12/12 VUs  08m42.9s/12m00.0s

running (09m10.0s), 12/12 VUs, 19974 complete and 0 interrupted iterations
sudden_spike   [  73% ] 12/12 VUs  08m43.9s/12m00.0s

running (09m11.0s), 12/12 VUs, 20022 complete and 0 interrupted iterations
sudden_spike   [  73% ] 12/12 VUs  08m44.9s/12m00.0s

running (09m12.0s), 12/12 VUs, 20072 complete and 0 interrupted iterations
sudden_spike   [  73% ] 12/12 VUs  08m45.9s/12m00.0s

running (09m13.0s), 12/12 VUs, 20161 complete and 0 interrupted iterations
sudden_spike   [  73% ] 12/12 VUs  08m46.9s/12m00.0s

running (09m14.0s), 12/12 VUs, 20191 complete and 0 interrupted iterations
sudden_spike   [  73% ] 12/12 VUs  08m47.9s/12m00.0s

running (09m15.0s), 12/12 VUs, 20239 complete and 0 interrupted iterations
sudden_spike   [  73% ] 12/12 VUs  08m48.9s/12m00.0s

running (09m16.0s), 12/12 VUs, 20280 complete and 0 interrupted iterations
sudden_spike   [  74% ] 12/12 VUs  08m49.9s/12m00.0s

running (09m17.0s), 12/12 VUs, 20309 complete and 0 interrupted iterations
sudden_spike   [  74% ] 12/12 VUs  08m50.9s/12m00.0s

running (09m18.0s), 12/12 VUs, 20358 complete and 0 interrupted iterations
sudden_spike   [  74% ] 12/12 VUs  08m51.9s/12m00.0s

running (09m19.0s), 12/12 VUs, 20390 complete and 0 interrupted iterations
sudden_spike   [  74% ] 12/12 VUs  08m52.9s/12m00.0s

running (09m20.0s), 12/12 VUs, 20432 complete and 0 interrupted iterations
sudden_spike   [  74% ] 12/12 VUs  08m53.9s/12m00.0s

running (09m21.0s), 12/12 VUs, 20476 complete and 0 interrupted iterations
sudden_spike   [  74% ] 12/12 VUs  08m54.9s/12m00.0s

running (09m22.0s), 12/12 VUs, 20517 complete and 0 interrupted iterations
sudden_spike   [  74% ] 12/12 VUs  08m55.9s/12m00.0s

running (09m23.0s), 12/12 VUs, 20533 complete and 0 interrupted iterations
sudden_spike   [  75% ] 12/12 VUs  08m56.9s/12m00.0s

running (09m24.0s), 12/12 VUs, 20560 complete and 0 interrupted iterations
sudden_spike   [  75% ] 12/12 VUs  08m57.9s/12m00.0s

running (09m25.0s), 12/12 VUs, 20599 complete and 0 interrupted iterations
sudden_spike   [  75% ] 12/12 VUs  08m58.9s/12m00.0s

running (09m26.0s), 12/12 VUs, 20637 complete and 0 interrupted iterations
sudden_spike   [  75% ] 12/12 VUs  08m59.9s/12m00.0s

running (09m27.0s), 12/12 VUs, 20695 complete and 0 interrupted iterations
sudden_spike   [  75% ] 12/12 VUs  09m00.9s/12m00.0s

running (09m28.0s), 12/12 VUs, 20750 complete and 0 interrupted iterations
sudden_spike   [  75% ] 12/12 VUs  09m01.9s/12m00.0s

running (09m29.0s), 12/12 VUs, 20770 complete and 0 interrupted iterations
sudden_spike   [  75% ] 12/12 VUs  09m02.9s/12m00.0s

running (09m30.0s), 12/12 VUs, 20834 complete and 0 interrupted iterations
sudden_spike   [  76% ] 12/12 VUs  09m03.9s/12m00.0s

running (09m31.0s), 12/12 VUs, 20876 complete and 0 interrupted iterations
sudden_spike   [  76% ] 12/12 VUs  09m04.9s/12m00.0s

running (09m32.0s), 12/12 VUs, 20916 complete and 0 interrupted iterations
sudden_spike   [  76% ] 12/12 VUs  09m05.9s/12m00.0s

running (09m33.0s), 12/12 VUs, 20960 complete and 0 interrupted iterations
sudden_spike   [  76% ] 12/12 VUs  09m06.9s/12m00.0s

running (09m34.0s), 12/12 VUs, 21000 complete and 0 interrupted iterations
sudden_spike   [  76% ] 12/12 VUs  09m07.9s/12m00.0s

running (09m35.0s), 12/12 VUs, 21043 complete and 0 interrupted iterations
sudden_spike   [  76% ] 12/12 VUs  09m08.9s/12m00.0s

running (09m36.0s), 12/12 VUs, 21052 complete and 0 interrupted iterations
sudden_spike   [  76% ] 12/12 VUs  09m09.9s/12m00.0s

running (09m37.0s), 12/12 VUs, 21081 complete and 0 interrupted iterations
sudden_spike   [  77% ] 12/12 VUs  09m10.9s/12m00.0s

running (09m38.0s), 12/12 VUs, 21152 complete and 0 interrupted iterations
sudden_spike   [  77% ] 12/12 VUs  09m11.9s/12m00.0s

running (09m39.0s), 12/12 VUs, 21209 complete and 0 interrupted iterations
sudden_spike   [  77% ] 12/12 VUs  09m12.9s/12m00.0s

running (09m40.0s), 12/12 VUs, 21274 complete and 0 interrupted iterations
sudden_spike   [  77% ] 12/12 VUs  09m13.9s/12m00.0s

running (09m41.0s), 12/12 VUs, 21349 complete and 0 interrupted iterations
sudden_spike   [  77% ] 12/12 VUs  09m14.9s/12m00.0s

running (09m42.0s), 11/12 VUs, 21388 complete and 0 interrupted iterations
sudden_spike   [  77% ] 11/12 VUs  09m15.9s/12m00.0s

running (09m43.0s), 11/12 VUs, 21432 complete and 0 interrupted iterations
sudden_spike   [  77% ] 11/12 VUs  09m16.9s/12m00.0s

running (09m44.0s), 11/12 VUs, 21489 complete and 0 interrupted iterations
sudden_spike   [  77% ] 11/12 VUs  09m17.9s/12m00.0s

running (09m45.0s), 11/12 VUs, 21510 complete and 0 interrupted iterations
sudden_spike   [  78% ] 11/12 VUs  09m18.9s/12m00.0s

running (09m46.0s), 11/12 VUs, 21566 complete and 0 interrupted iterations
sudden_spike   [  78% ] 11/12 VUs  09m19.9s/12m00.0s

running (09m47.0s), 11/12 VUs, 21610 complete and 0 interrupted iterations
sudden_spike   [  78% ] 11/12 VUs  09m20.9s/12m00.0s

running (09m48.0s), 11/12 VUs, 21653 complete and 0 interrupted iterations
sudden_spike   [  78% ] 11/12 VUs  09m21.9s/12m00.0s

running (09m49.0s), 11/12 VUs, 21687 complete and 0 interrupted iterations
sudden_spike   [  78% ] 11/12 VUs  09m22.9s/12m00.0s

running (09m50.0s), 11/12 VUs, 21709 complete and 0 interrupted iterations
sudden_spike   [  78% ] 11/12 VUs  09m23.9s/12m00.0s

running (09m51.0s), 11/12 VUs, 21750 complete and 0 interrupted iterations
sudden_spike   [  78% ] 11/12 VUs  09m24.9s/12m00.0s

running (09m52.0s), 11/12 VUs, 21786 complete and 0 interrupted iterations
sudden_spike   [  79% ] 11/12 VUs  09m25.9s/12m00.0s

running (09m53.0s), 11/12 VUs, 21864 complete and 0 interrupted iterations
sudden_spike   [  79% ] 11/12 VUs  09m26.9s/12m00.0s

running (09m54.0s), 11/12 VUs, 21915 complete and 0 interrupted iterations
sudden_spike   [  79% ] 11/12 VUs  09m27.9s/12m00.0s

running (09m55.0s), 11/12 VUs, 21966 complete and 0 interrupted iterations
sudden_spike   [  79% ] 11/12 VUs  09m28.9s/12m00.0s

running (09m56.0s), 11/12 VUs, 22023 complete and 0 interrupted iterations
sudden_spike   [  79% ] 11/12 VUs  09m29.9s/12m00.0s

running (09m57.0s), 11/12 VUs, 22087 complete and 0 interrupted iterations
sudden_spike   [  79% ] 11/12 VUs  09m30.9s/12m00.0s

running (09m58.0s), 10/12 VUs, 22134 complete and 0 interrupted iterations
sudden_spike   [  79% ] 10/12 VUs  09m31.9s/12m00.0s

running (09m59.0s), 10/12 VUs, 22200 complete and 0 interrupted iterations
sudden_spike   [  80% ] 10/12 VUs  09m32.9s/12m00.0s

running (10m00.0s), 10/12 VUs, 22246 complete and 0 interrupted iterations
sudden_spike   [  80% ] 10/12 VUs  09m33.9s/12m00.0s

running (10m01.0s), 10/12 VUs, 22317 complete and 0 interrupted iterations
sudden_spike   [  80% ] 10/12 VUs  09m34.9s/12m00.0s

running (10m02.0s), 10/12 VUs, 22388 complete and 0 interrupted iterations
sudden_spike   [  80% ] 10/12 VUs  09m35.9s/12m00.0s

running (10m03.0s), 10/12 VUs, 22425 complete and 0 interrupted iterations
sudden_spike   [  80% ] 10/12 VUs  09m36.9s/12m00.0s

running (10m04.0s), 10/12 VUs, 22455 complete and 0 interrupted iterations
sudden_spike   [  80% ] 10/12 VUs  09m37.9s/12m00.0s

running (10m05.0s), 10/12 VUs, 22474 complete and 0 interrupted iterations
sudden_spike   [  80% ] 10/12 VUs  09m38.9s/12m00.0s

running (10m06.0s), 10/12 VUs, 22544 complete and 0 interrupted iterations
sudden_spike   [  81% ] 10/12 VUs  09m39.9s/12m00.0s

running (10m07.0s), 10/12 VUs, 22595 complete and 0 interrupted iterations
sudden_spike   [  81% ] 10/12 VUs  09m40.9s/12m00.0s

running (10m08.0s), 10/12 VUs, 22665 complete and 0 interrupted iterations
sudden_spike   [  81% ] 10/12 VUs  09m41.9s/12m00.0s

running (10m09.0s), 10/12 VUs, 22705 complete and 0 interrupted iterations
sudden_spike   [  81% ] 10/12 VUs  09m42.9s/12m00.0s

running (10m10.0s), 10/12 VUs, 22776 complete and 0 interrupted iterations
sudden_spike   [  81% ] 10/12 VUs  09m43.9s/12m00.0s

running (10m11.0s), 10/12 VUs, 22813 complete and 0 interrupted iterations
sudden_spike   [  81% ] 10/12 VUs  09m44.9s/12m00.0s

running (10m12.0s), 09/12 VUs, 22862 complete and 0 interrupted iterations
sudden_spike   [  81% ] 09/12 VUs  09m45.9s/12m00.0s

running (10m13.0s), 09/12 VUs, 22916 complete and 0 interrupted iterations
sudden_spike   [  82% ] 09/12 VUs  09m46.9s/12m00.0s

running (10m14.0s), 09/12 VUs, 22970 complete and 0 interrupted iterations
sudden_spike   [  82% ] 09/12 VUs  09m47.9s/12m00.0s

running (10m15.0s), 09/12 VUs, 22994 complete and 0 interrupted iterations
sudden_spike   [  82% ] 09/12 VUs  09m48.9s/12m00.0s

running (10m16.0s), 09/12 VUs, 23024 complete and 0 interrupted iterations
sudden_spike   [  82% ] 09/12 VUs  09m49.9s/12m00.0s

running (10m17.0s), 09/12 VUs, 23065 complete and 0 interrupted iterations
sudden_spike   [  82% ] 09/12 VUs  09m50.9s/12m00.0s

running (10m18.0s), 09/12 VUs, 23092 complete and 0 interrupted iterations
sudden_spike   [  82% ] 09/12 VUs  09m51.9s/12m00.0s

running (10m19.0s), 09/12 VUs, 23126 complete and 0 interrupted iterations
sudden_spike   [  82% ] 09/12 VUs  09m52.9s/12m00.0s

running (10m20.0s), 09/12 VUs, 23145 complete and 0 interrupted iterations
sudden_spike   [  82% ] 09/12 VUs  09m53.9s/12m00.0s

running (10m21.0s), 09/12 VUs, 23169 complete and 0 interrupted iterations
sudden_spike   [  83% ] 09/12 VUs  09m54.9s/12m00.0s

running (10m22.0s), 09/12 VUs, 23193 complete and 0 interrupted iterations
sudden_spike   [  83% ] 09/12 VUs  09m55.9s/12m00.0s

running (10m23.0s), 09/12 VUs, 23230 complete and 0 interrupted iterations
sudden_spike   [  83% ] 09/12 VUs  09m56.9s/12m00.0s

running (10m24.0s), 09/12 VUs, 23257 complete and 0 interrupted iterations
sudden_spike   [  83% ] 09/12 VUs  09m57.9s/12m00.0s

running (10m25.0s), 09/12 VUs, 23298 complete and 0 interrupted iterations
sudden_spike   [  83% ] 09/12 VUs  09m58.9s/12m00.0s

running (10m26.0s), 09/12 VUs, 23337 complete and 0 interrupted iterations
sudden_spike   [  83% ] 09/12 VUs  09m59.9s/12m00.0s

running (10m27.0s), 08/12 VUs, 23366 complete and 0 interrupted iterations
sudden_spike   [  83% ] 08/12 VUs  10m00.9s/12m00.0s

running (10m28.0s), 08/12 VUs, 23406 complete and 0 interrupted iterations
sudden_spike   [  84% ] 08/12 VUs  10m01.9s/12m00.0s

running (10m29.0s), 08/12 VUs, 23417 complete and 0 interrupted iterations
sudden_spike   [  84% ] 08/12 VUs  10m02.9s/12m00.0s

running (10m30.0s), 08/12 VUs, 23452 complete and 0 interrupted iterations
sudden_spike   [  84% ] 08/12 VUs  10m03.9s/12m00.0s

running (10m31.0s), 08/12 VUs, 23518 complete and 0 interrupted iterations
sudden_spike   [  84% ] 08/12 VUs  10m04.9s/12m00.0s

running (10m32.0s), 08/12 VUs, 23598 complete and 0 interrupted iterations
sudden_spike   [  84% ] 08/12 VUs  10m05.9s/12m00.0s

running (10m33.0s), 08/12 VUs, 23626 complete and 0 interrupted iterations
sudden_spike   [  84% ] 08/12 VUs  10m06.9s/12m00.0s

running (10m34.0s), 08/12 VUs, 23658 complete and 0 interrupted iterations
sudden_spike   [  84% ] 08/12 VUs  10m07.9s/12m00.0s

running (10m35.0s), 08/12 VUs, 23709 complete and 0 interrupted iterations
sudden_spike   [  85% ] 08/12 VUs  10m08.9s/12m00.0s

running (10m36.0s), 08/12 VUs, 23742 complete and 0 interrupted iterations
sudden_spike   [  85% ] 08/12 VUs  10m09.9s/12m00.0s

running (10m37.0s), 08/12 VUs, 23793 complete and 0 interrupted iterations
sudden_spike   [  85% ] 08/12 VUs  10m10.9s/12m00.0s

running (10m38.0s), 08/12 VUs, 23866 complete and 0 interrupted iterations
sudden_spike   [  85% ] 08/12 VUs  10m11.9s/12m00.0s

running (10m39.0s), 08/12 VUs, 23945 complete and 0 interrupted iterations
sudden_spike   [  85% ] 08/12 VUs  10m12.9s/12m00.0s

running (10m40.0s), 08/12 VUs, 23947 complete and 0 interrupted iterations
sudden_spike   [  85% ] 08/12 VUs  10m13.9s/12m00.0s

running (10m41.0s), 08/12 VUs, 24000 complete and 0 interrupted iterations
sudden_spike   [  85% ] 08/12 VUs  10m14.9s/12m00.0s

running (10m42.0s), 07/12 VUs, 24032 complete and 0 interrupted iterations
sudden_spike   [  86% ] 07/12 VUs  10m15.9s/12m00.0s

running (10m43.0s), 07/12 VUs, 24058 complete and 0 interrupted iterations
sudden_spike   [  86% ] 07/12 VUs  10m16.9s/12m00.0s

running (10m44.0s), 07/12 VUs, 24091 complete and 0 interrupted iterations
sudden_spike   [  86% ] 07/12 VUs  10m17.9s/12m00.0s

running (10m45.0s), 07/12 VUs, 24121 complete and 0 interrupted iterations
sudden_spike   [  86% ] 07/12 VUs  10m18.9s/12m00.0s

running (10m46.0s), 07/12 VUs, 24151 complete and 0 interrupted iterations
sudden_spike   [  86% ] 07/12 VUs  10m19.9s/12m00.0s

running (10m47.0s), 07/12 VUs, 24178 complete and 0 interrupted iterations
sudden_spike   [  86% ] 07/12 VUs  10m20.9s/12m00.0s

running (10m48.0s), 07/12 VUs, 24226 complete and 0 interrupted iterations
sudden_spike   [  86% ] 07/12 VUs  10m21.9s/12m00.0s

running (10m49.0s), 07/12 VUs, 24260 complete and 0 interrupted iterations
sudden_spike   [  87% ] 07/12 VUs  10m22.9s/12m00.0s

running (10m50.0s), 07/12 VUs, 24303 complete and 0 interrupted iterations
sudden_spike   [  87% ] 07/12 VUs  10m23.9s/12m00.0s

running (10m51.0s), 07/12 VUs, 24380 complete and 0 interrupted iterations
sudden_spike   [  87% ] 07/12 VUs  10m24.9s/12m00.0s

running (10m52.0s), 07/12 VUs, 24439 complete and 0 interrupted iterations
sudden_spike   [  87% ] 07/12 VUs  10m25.9s/12m00.0s

running (10m53.0s), 07/12 VUs, 24495 complete and 0 interrupted iterations
sudden_spike   [  87% ] 07/12 VUs  10m26.9s/12m00.0s

running (10m54.0s), 07/12 VUs, 24524 complete and 0 interrupted iterations
sudden_spike   [  87% ] 07/12 VUs  10m27.9s/12m00.0s

running (10m55.0s), 07/12 VUs, 24539 complete and 0 interrupted iterations
sudden_spike   [  87% ] 07/12 VUs  10m28.9s/12m00.0s

running (10m56.0s), 07/12 VUs, 24564 complete and 0 interrupted iterations
sudden_spike   [  87% ] 07/12 VUs  10m29.9s/12m00.0s

running (10m57.0s), 06/12 VUs, 24629 complete and 0 interrupted iterations
sudden_spike   [  88% ] 06/12 VUs  10m30.9s/12m00.0s

running (10m58.0s), 06/12 VUs, 24656 complete and 0 interrupted iterations
sudden_spike   [  88% ] 06/12 VUs  10m31.9s/12m00.0s

running (10m59.0s), 06/12 VUs, 24667 complete and 0 interrupted iterations
sudden_spike   [  88% ] 06/12 VUs  10m32.9s/12m00.0s

running (11m00.0s), 06/12 VUs, 24683 complete and 0 interrupted iterations
sudden_spike   [  88% ] 06/12 VUs  10m33.9s/12m00.0s

running (11m01.0s), 06/12 VUs, 24708 complete and 0 interrupted iterations
sudden_spike   [  88% ] 06/12 VUs  10m34.9s/12m00.0s

running (11m02.0s), 06/12 VUs, 24753 complete and 0 interrupted iterations
sudden_spike   [  88% ] 06/12 VUs  10m35.9s/12m00.0s

running (11m03.0s), 06/12 VUs, 24797 complete and 0 interrupted iterations
sudden_spike   [  88% ] 06/12 VUs  10m36.9s/12m00.0s

running (11m04.0s), 06/12 VUs, 24840 complete and 0 interrupted iterations
sudden_spike   [  89% ] 06/12 VUs  10m37.9s/12m00.0s

running (11m05.0s), 06/12 VUs, 24889 complete and 0 interrupted iterations
sudden_spike   [  89% ] 06/12 VUs  10m38.9s/12m00.0s

running (11m06.0s), 06/12 VUs, 24901 complete and 0 interrupted iterations
sudden_spike   [  89% ] 06/12 VUs  10m39.9s/12m00.0s

running (11m07.0s), 06/12 VUs, 24908 complete and 0 interrupted iterations
sudden_spike   [  89% ] 06/12 VUs  10m40.9s/12m00.0s

running (11m08.0s), 06/12 VUs, 24953 complete and 0 interrupted iterations
sudden_spike   [  89% ] 06/12 VUs  10m41.9s/12m00.0s

running (11m09.0s), 06/12 VUs, 24986 complete and 0 interrupted iterations
sudden_spike   [  89% ] 06/12 VUs  10m42.9s/12m00.0s

running (11m10.0s), 06/12 VUs, 25032 complete and 0 interrupted iterations
sudden_spike   [  89% ] 06/12 VUs  10m43.9s/12m00.0s

running (11m11.0s), 06/12 VUs, 25062 complete and 0 interrupted iterations
sudden_spike   [  90% ] 06/12 VUs  10m44.9s/12m00.0s

running (11m12.0s), 05/12 VUs, 25115 complete and 0 interrupted iterations
sudden_spike   [  90% ] 05/12 VUs  10m45.9s/12m00.0s

running (11m13.0s), 05/12 VUs, 25146 complete and 0 interrupted iterations
sudden_spike   [  90% ] 05/12 VUs  10m46.9s/12m00.0s

running (11m14.0s), 05/12 VUs, 25176 complete and 0 interrupted iterations
sudden_spike   [  90% ] 05/12 VUs  10m47.9s/12m00.0s

running (11m15.0s), 05/12 VUs, 25230 complete and 0 interrupted iterations
sudden_spike   [  90% ] 05/12 VUs  10m48.9s/12m00.0s

running (11m16.0s), 05/12 VUs, 25263 complete and 0 interrupted iterations
sudden_spike   [  90% ] 05/12 VUs  10m49.9s/12m00.0s

running (11m17.0s), 05/12 VUs, 25319 complete and 0 interrupted iterations
sudden_spike   [  90% ] 05/12 VUs  10m50.9s/12m00.0s

running (11m18.0s), 05/12 VUs, 25360 complete and 0 interrupted iterations
sudden_spike   [  91% ] 05/12 VUs  10m51.9s/12m00.0s

running (11m19.0s), 05/12 VUs, 25367 complete and 0 interrupted iterations
sudden_spike   [  91% ] 05/12 VUs  10m52.9s/12m00.0s

running (11m20.0s), 05/12 VUs, 25383 complete and 0 interrupted iterations
sudden_spike   [  91% ] 05/12 VUs  10m53.9s/12m00.0s

running (11m21.0s), 05/12 VUs, 25407 complete and 0 interrupted iterations
sudden_spike   [  91% ] 05/12 VUs  10m54.9s/12m00.0s

running (11m22.0s), 05/12 VUs, 25457 complete and 0 interrupted iterations
sudden_spike   [  91% ] 05/12 VUs  10m55.9s/12m00.0s

running (11m23.0s), 05/12 VUs, 25522 complete and 0 interrupted iterations
sudden_spike   [  91% ] 05/12 VUs  10m56.9s/12m00.0s

running (11m24.0s), 05/12 VUs, 25553 complete and 0 interrupted iterations
sudden_spike   [  91% ] 05/12 VUs  10m57.9s/12m00.0s

running (11m25.0s), 05/12 VUs, 25607 complete and 0 interrupted iterations
sudden_spike   [  92% ] 05/12 VUs  10m58.9s/12m00.0s

running (11m26.0s), 05/12 VUs, 25646 complete and 0 interrupted iterations
sudden_spike   [  92% ] 05/12 VUs  10m59.9s/12m00.0s

running (11m27.0s), 04/12 VUs, 25676 complete and 0 interrupted iterations
sudden_spike   [  92% ] 04/12 VUs  11m00.9s/12m00.0s

running (11m28.0s), 04/12 VUs, 25705 complete and 0 interrupted iterations
sudden_spike   [  92% ] 04/12 VUs  11m01.9s/12m00.0s

running (11m29.0s), 04/12 VUs, 25734 complete and 0 interrupted iterations
sudden_spike   [  92% ] 04/12 VUs  11m02.9s/12m00.0s

running (11m30.0s), 04/12 VUs, 25741 complete and 0 interrupted iterations
sudden_spike   [  92% ] 04/12 VUs  11m03.9s/12m00.0s

running (11m31.0s), 04/12 VUs, 25771 complete and 0 interrupted iterations
sudden_spike   [  92% ] 04/12 VUs  11m04.9s/12m00.0s

running (11m32.0s), 04/12 VUs, 25782 complete and 0 interrupted iterations
sudden_spike   [  92% ] 04/12 VUs  11m05.9s/12m00.0s

running (11m33.0s), 04/12 VUs, 25807 complete and 0 interrupted iterations
sudden_spike   [  93% ] 04/12 VUs  11m06.9s/12m00.0s

running (11m34.0s), 04/12 VUs, 25850 complete and 0 interrupted iterations
sudden_spike   [  93% ] 04/12 VUs  11m07.9s/12m00.0s

running (11m35.0s), 04/12 VUs, 25899 complete and 0 interrupted iterations
sudden_spike   [  93% ] 04/12 VUs  11m08.9s/12m00.0s

running (11m36.0s), 04/12 VUs, 25923 complete and 0 interrupted iterations
sudden_spike   [  93% ] 04/12 VUs  11m09.9s/12m00.0s

running (11m37.0s), 04/12 VUs, 25955 complete and 0 interrupted iterations
sudden_spike   [  93% ] 04/12 VUs  11m10.9s/12m00.0s

running (11m38.0s), 04/12 VUs, 26021 complete and 0 interrupted iterations
sudden_spike   [  93% ] 04/12 VUs  11m11.9s/12m00.0s

running (11m39.0s), 04/12 VUs, 26078 complete and 0 interrupted iterations
sudden_spike   [  93% ] 04/12 VUs  11m12.9s/12m00.0s

running (11m40.0s), 04/12 VUs, 26117 complete and 0 interrupted iterations
sudden_spike   [  94% ] 04/12 VUs  11m13.9s/12m00.0s

running (11m41.0s), 04/12 VUs, 26129 complete and 0 interrupted iterations
sudden_spike   [  94% ] 04/12 VUs  11m14.9s/12m00.0s

running (11m42.0s), 03/12 VUs, 26178 complete and 0 interrupted iterations
sudden_spike   [  94% ] 03/12 VUs  11m15.9s/12m00.0s

running (11m43.0s), 03/12 VUs, 26210 complete and 0 interrupted iterations
sudden_spike   [  94% ] 03/12 VUs  11m16.9s/12m00.0s

running (11m44.0s), 03/12 VUs, 26240 complete and 0 interrupted iterations
sudden_spike   [  94% ] 03/12 VUs  11m17.9s/12m00.0s

running (11m45.0s), 03/12 VUs, 26254 complete and 0 interrupted iterations
sudden_spike   [  94% ] 03/12 VUs  11m18.9s/12m00.0s

running (11m46.0s), 03/12 VUs, 26287 complete and 0 interrupted iterations
sudden_spike   [  94% ] 03/12 VUs  11m19.9s/12m00.0s

running (11m47.0s), 03/12 VUs, 26300 complete and 0 interrupted iterations
sudden_spike   [  95% ] 03/12 VUs  11m20.9s/12m00.0s

running (11m48.0s), 03/12 VUs, 26322 complete and 0 interrupted iterations
sudden_spike   [  95% ] 03/12 VUs  11m21.9s/12m00.0s

running (11m49.0s), 03/12 VUs, 26398 complete and 0 interrupted iterations
sudden_spike   [  95% ] 03/12 VUs  11m22.9s/12m00.0s

running (11m50.0s), 03/12 VUs, 26425 complete and 0 interrupted iterations
sudden_spike   [  95% ] 03/12 VUs  11m23.9s/12m00.0s

running (11m51.0s), 03/12 VUs, 26479 complete and 0 interrupted iterations
sudden_spike   [  95% ] 03/12 VUs  11m24.9s/12m00.0s

running (11m52.0s), 03/12 VUs, 26496 complete and 0 interrupted iterations
sudden_spike   [  95% ] 03/12 VUs  11m25.9s/12m00.0s

running (11m53.0s), 03/12 VUs, 26522 complete and 0 interrupted iterations
sudden_spike   [  95% ] 03/12 VUs  11m26.9s/12m00.0s

running (11m54.0s), 03/12 VUs, 26563 complete and 0 interrupted iterations
sudden_spike   [  96% ] 03/12 VUs  11m27.9s/12m00.0s

running (11m55.0s), 03/12 VUs, 26587 complete and 0 interrupted iterations
sudden_spike   [  96% ] 03/12 VUs  11m28.9s/12m00.0s

running (11m56.0s), 03/12 VUs, 26594 complete and 0 interrupted iterations
sudden_spike   [  96% ] 03/12 VUs  11m29.9s/12m00.0s

running (11m57.0s), 02/12 VUs, 26626 complete and 0 interrupted iterations
sudden_spike   [  96% ] 02/12 VUs  11m30.9s/12m00.0s

running (11m58.0s), 02/12 VUs, 26672 complete and 0 interrupted iterations
sudden_spike   [  96% ] 02/12 VUs  11m31.9s/12m00.0s

running (11m59.0s), 02/12 VUs, 26712 complete and 0 interrupted iterations
sudden_spike   [  96% ] 02/12 VUs  11m32.9s/12m00.0s

running (12m00.0s), 02/12 VUs, 26738 complete and 0 interrupted iterations
sudden_spike   [  96% ] 02/12 VUs  11m33.9s/12m00.0s

running (12m01.0s), 02/12 VUs, 26744 complete and 0 interrupted iterations
sudden_spike   [  97% ] 02/12 VUs  11m34.9s/12m00.0s

running (12m02.0s), 02/12 VUs, 26767 complete and 0 interrupted iterations
sudden_spike   [  97% ] 02/12 VUs  11m35.9s/12m00.0s

running (12m03.0s), 02/12 VUs, 26802 complete and 0 interrupted iterations
sudden_spike   [  97% ] 02/12 VUs  11m36.9s/12m00.0s

running (12m04.0s), 02/12 VUs, 26839 complete and 0 interrupted iterations
sudden_spike   [  97% ] 02/12 VUs  11m37.9s/12m00.0s

running (12m05.0s), 02/12 VUs, 26857 complete and 0 interrupted iterations
sudden_spike   [  97% ] 02/12 VUs  11m38.9s/12m00.0s

running (12m06.0s), 02/12 VUs, 26886 complete and 0 interrupted iterations
sudden_spike   [  97% ] 02/12 VUs  11m39.9s/12m00.0s

running (12m07.0s), 02/12 VUs, 26897 complete and 0 interrupted iterations
sudden_spike   [  97% ] 02/12 VUs  11m40.9s/12m00.0s

running (12m08.0s), 02/12 VUs, 26922 complete and 0 interrupted iterations
sudden_spike   [  97% ] 02/12 VUs  11m41.9s/12m00.0s

running (12m09.0s), 02/12 VUs, 26960 complete and 0 interrupted iterations
sudden_spike   [  98% ] 02/12 VUs  11m42.9s/12m00.0s

running (12m10.0s), 02/12 VUs, 26973 complete and 0 interrupted iterations
sudden_spike   [  98% ] 02/12 VUs  11m43.9s/12m00.0s

running (12m11.0s), 02/12 VUs, 27009 complete and 0 interrupted iterations
sudden_spike   [  98% ] 02/12 VUs  11m44.9s/12m00.0s

running (12m12.0s), 01/12 VUs, 27027 complete and 0 interrupted iterations
sudden_spike   [  98% ] 01/12 VUs  11m45.9s/12m00.0s

running (12m13.0s), 01/12 VUs, 27034 complete and 0 interrupted iterations
sudden_spike   [  98% ] 01/12 VUs  11m46.9s/12m00.0s

running (12m14.0s), 01/12 VUs, 27053 complete and 0 interrupted iterations
sudden_spike   [  98% ] 01/12 VUs  11m47.9s/12m00.0s

running (12m15.0s), 01/12 VUs, 27056 complete and 0 interrupted iterations
sudden_spike   [  98% ] 01/12 VUs  11m48.9s/12m00.0s

running (12m16.0s), 01/12 VUs, 27071 complete and 0 interrupted iterations
sudden_spike   [  99% ] 01/12 VUs  11m49.9s/12m00.0s

running (12m17.0s), 01/12 VUs, 27085 complete and 0 interrupted iterations
sudden_spike   [  99% ] 01/12 VUs  11m50.9s/12m00.0s

running (12m18.0s), 01/12 VUs, 27094 complete and 0 interrupted iterations
sudden_spike   [  99% ] 01/12 VUs  11m51.9s/12m00.0s

running (12m19.0s), 01/12 VUs, 27114 complete and 0 interrupted iterations
sudden_spike   [  99% ] 01/12 VUs  11m52.9s/12m00.0s

running (12m20.0s), 01/12 VUs, 27122 complete and 0 interrupted iterations
sudden_spike   [  99% ] 01/12 VUs  11m53.9s/12m00.0s

running (12m21.0s), 01/12 VUs, 27130 complete and 0 interrupted iterations
sudden_spike   [  99% ] 01/12 VUs  11m54.9s/12m00.0s

running (12m22.0s), 01/12 VUs, 27157 complete and 0 interrupted iterations
sudden_spike   [  99% ] 01/12 VUs  11m55.9s/12m00.0s

running (12m23.0s), 01/12 VUs, 27176 complete and 0 interrupted iterations
sudden_spike   [ 100% ] 01/12 VUs  11m56.9s/12m00.0s

running (12m24.0s), 01/12 VUs, 27190 complete and 0 interrupted iterations
sudden_spike   [ 100% ] 01/12 VUs  11m57.9s/12m00.0s

running (12m25.0s), 01/12 VUs, 27219 complete and 0 interrupted iterations
sudden_spike   [ 100% ] 01/12 VUs  11m58.9s/12m00.0s

running (12m26.0s), 01/12 VUs, 27264 complete and 0 interrupted iterations
sudden_spike   [ 100% ] 01/12 VUs  11m59.9s/12m00.0s


  █ THRESHOLDS 

    http_req_duration
    ✓ 'p(95)<2000' p(95)=1.49s

    http_req_failed
    ✓ 'rate<0.05' rate=0.00%


  █ TOTAL RESULTS 

    checks_total.......: 81795  109.609505/s
    checks_succeeded...: 97.52% 79773 out of 81795
    checks_failed......: 2.47%  2022 out of 81795

    ✓ me status is 200
    ✓ me returns user data
    ✗ me response time < 500ms
      ↳  99% — ✓ 19011 / ✗ 49
    ✓ login status is 200
    ✓ login returns access token
    ✗ login response time < 1000ms
      ↳  75% — ✓ 6232 / ✗ 1973

    HTTP
    http_req_duration..............: avg=229.34ms min=2.17ms med=17.86ms max=7.09s p(90)=573.21ms p(95)=1.49s
      { expected_response:true }...: avg=229.34ms min=2.17ms med=17.86ms max=7.09s p(90)=573.21ms p(95)=1.49s
    http_req_failed................: 0.00% 0 out of 27385
    http_reqs......................: 27385 36.697308/s

    EXECUTION
    iteration_duration.............: avg=230.13ms min=2.7ms  med=18.78ms max=7.09s p(90)=576.38ms p(95)=1.5s 
    iterations.....................: 27265 36.536502/s
    vus............................: 1     min=0          max=12
    vus_max........................: 12    min=12         max=12

    NETWORK
    data_received..................: 14 MB 19 kB/s
    data_sent......................: 13 MB 18 kB/s




running (12m26.2s), 00/12 VUs, 27265 complete and 0 interrupted iterations
sudden_spike ✓ [ 100% ] 00/12 VUs  12m0s
