
          /\      |‾‾| /‾‾/   /‾‾/   
     /\  /  \     |  |/  /   /  /    
    /  \/    \    |     (   /   ‾‾\  
   /          \   |  |\  \ |  (‾)  | 
  / __________ \  |__| \__\ \_____/ .io

  execution: local
     script: /scripts/load-test.js
     output: json (/results/results.json)

  scenarios: (100.00%) 1 scenario, 80 max VUs, 12m30s max duration (incl. graceful stop):
           * sudden_spike: Up to 80 looping VUs for 12m0s over 4 stages (gracefulRampDown: 30s, gracefulStop: 30s)


running (00m01.0s), 10/80 VUs, 9 complete and 0 interrupted iterations
sudden_spike   [   0% ] 10/80 VUs  00m01.0s/12m00.0s

running (00m02.0s), 10/80 VUs, 23 complete and 0 interrupted iterations
sudden_spike   [   0% ] 10/80 VUs  00m02.0s/12m00.0s

running (00m03.0s), 10/80 VUs, 38 complete and 0 interrupted iterations
sudden_spike   [   0% ] 10/80 VUs  00m03.0s/12m00.0s

running (00m04.0s), 10/80 VUs, 51 complete and 0 interrupted iterations
sudden_spike   [   1% ] 10/80 VUs  00m04.0s/12m00.0s

running (00m05.0s), 10/80 VUs, 65 complete and 0 interrupted iterations
sudden_spike   [   1% ] 10/80 VUs  00m05.0s/12m00.0s

running (00m06.0s), 10/80 VUs, 80 complete and 0 interrupted iterations
sudden_spike   [   1% ] 10/80 VUs  00m06.0s/12m00.0s

running (00m07.0s), 10/80 VUs, 93 complete and 0 interrupted iterations
sudden_spike   [   1% ] 10/80 VUs  00m07.0s/12m00.0s

running (00m08.0s), 10/80 VUs, 106 complete and 0 interrupted iterations
sudden_spike   [   1% ] 10/80 VUs  00m08.0s/12m00.0s

running (00m09.0s), 10/80 VUs, 119 complete and 0 interrupted iterations
sudden_spike   [   1% ] 10/80 VUs  00m09.0s/12m00.0s

running (00m10.0s), 10/80 VUs, 135 complete and 0 interrupted iterations
sudden_spike   [   1% ] 10/80 VUs  00m10.0s/12m00.0s

running (00m11.0s), 10/80 VUs, 147 complete and 0 interrupted iterations
sudden_spike   [   2% ] 10/80 VUs  00m11.0s/12m00.0s

running (00m12.0s), 10/80 VUs, 163 complete and 0 interrupted iterations
sudden_spike   [   2% ] 10/80 VUs  00m12.0s/12m00.0s

running (00m13.0s), 10/80 VUs, 175 complete and 0 interrupted iterations
sudden_spike   [   2% ] 10/80 VUs  00m13.0s/12m00.0s

running (00m14.0s), 10/80 VUs, 190 complete and 0 interrupted iterations
sudden_spike   [   2% ] 10/80 VUs  00m14.0s/12m00.0s

running (00m15.0s), 10/80 VUs, 204 complete and 0 interrupted iterations
sudden_spike   [   2% ] 10/80 VUs  00m15.0s/12m00.0s

running (00m16.0s), 10/80 VUs, 218 complete and 0 interrupted iterations
sudden_spike   [   2% ] 10/80 VUs  00m16.0s/12m00.0s

running (00m17.0s), 10/80 VUs, 231 complete and 0 interrupted iterations
sudden_spike   [   2% ] 10/80 VUs  00m17.0s/12m00.0s

running (00m18.0s), 10/80 VUs, 246 complete and 0 interrupted iterations
sudden_spike   [   2% ] 10/80 VUs  00m18.0s/12m00.0s

running (00m19.0s), 10/80 VUs, 262 complete and 0 interrupted iterations
sudden_spike   [   3% ] 10/80 VUs  00m19.0s/12m00.0s

running (00m20.0s), 10/80 VUs, 275 complete and 0 interrupted iterations
sudden_spike   [   3% ] 10/80 VUs  00m20.0s/12m00.0s

running (00m21.0s), 10/80 VUs, 289 complete and 0 interrupted iterations
sudden_spike   [   3% ] 10/80 VUs  00m21.0s/12m00.0s

running (00m22.0s), 10/80 VUs, 302 complete and 0 interrupted iterations
sudden_spike   [   3% ] 10/80 VUs  00m22.0s/12m00.0s

running (00m23.0s), 10/80 VUs, 317 complete and 0 interrupted iterations
sudden_spike   [   3% ] 10/80 VUs  00m23.0s/12m00.0s

running (00m24.0s), 10/80 VUs, 332 complete and 0 interrupted iterations
sudden_spike   [   3% ] 10/80 VUs  00m24.0s/12m00.0s

running (00m25.0s), 10/80 VUs, 346 complete and 0 interrupted iterations
sudden_spike   [   3% ] 10/80 VUs  00m25.0s/12m00.0s

running (00m26.0s), 10/80 VUs, 359 complete and 0 interrupted iterations
sudden_spike   [   4% ] 10/80 VUs  00m26.0s/12m00.0s

running (00m27.0s), 10/80 VUs, 374 complete and 0 interrupted iterations
sudden_spike   [   4% ] 10/80 VUs  00m27.0s/12m00.0s

running (00m28.0s), 10/80 VUs, 389 complete and 0 interrupted iterations
sudden_spike   [   4% ] 10/80 VUs  00m28.0s/12m00.0s

running (00m29.0s), 10/80 VUs, 400 complete and 0 interrupted iterations
sudden_spike   [   4% ] 10/80 VUs  00m29.0s/12m00.0s

running (00m30.0s), 10/80 VUs, 416 complete and 0 interrupted iterations
sudden_spike   [   4% ] 10/80 VUs  00m30.0s/12m00.0s

running (00m31.0s), 10/80 VUs, 431 complete and 0 interrupted iterations
sudden_spike   [   4% ] 10/80 VUs  00m31.0s/12m00.0s

running (00m32.0s), 10/80 VUs, 445 complete and 0 interrupted iterations
sudden_spike   [   4% ] 10/80 VUs  00m32.0s/12m00.0s

running (00m33.0s), 10/80 VUs, 456 complete and 0 interrupted iterations
sudden_spike   [   5% ] 10/80 VUs  00m33.0s/12m00.0s

running (00m34.0s), 10/80 VUs, 469 complete and 0 interrupted iterations
sudden_spike   [   5% ] 10/80 VUs  00m34.0s/12m00.0s

running (00m35.0s), 10/80 VUs, 485 complete and 0 interrupted iterations
sudden_spike   [   5% ] 10/80 VUs  00m35.0s/12m00.0s

running (00m36.0s), 10/80 VUs, 499 complete and 0 interrupted iterations
sudden_spike   [   5% ] 10/80 VUs  00m36.0s/12m00.0s

running (00m37.0s), 10/80 VUs, 514 complete and 0 interrupted iterations
sudden_spike   [   5% ] 10/80 VUs  00m37.0s/12m00.0s

running (00m38.0s), 10/80 VUs, 528 complete and 0 interrupted iterations
sudden_spike   [   5% ] 10/80 VUs  00m38.0s/12m00.0s

running (00m39.0s), 10/80 VUs, 541 complete and 0 interrupted iterations
sudden_spike   [   5% ] 10/80 VUs  00m39.0s/12m00.0s

running (00m40.0s), 10/80 VUs, 554 complete and 0 interrupted iterations
sudden_spike   [   6% ] 10/80 VUs  00m40.0s/12m00.0s

running (00m41.0s), 10/80 VUs, 570 complete and 0 interrupted iterations
sudden_spike   [   6% ] 10/80 VUs  00m41.0s/12m00.0s

running (00m42.0s), 10/80 VUs, 582 complete and 0 interrupted iterations
sudden_spike   [   6% ] 10/80 VUs  00m42.0s/12m00.0s

running (00m43.0s), 10/80 VUs, 596 complete and 0 interrupted iterations
sudden_spike   [   6% ] 10/80 VUs  00m43.0s/12m00.0s

running (00m44.0s), 10/80 VUs, 610 complete and 0 interrupted iterations
sudden_spike   [   6% ] 10/80 VUs  00m44.0s/12m00.0s

running (00m45.0s), 10/80 VUs, 624 complete and 0 interrupted iterations
sudden_spike   [   6% ] 10/80 VUs  00m45.0s/12m00.0s

running (00m46.0s), 10/80 VUs, 637 complete and 0 interrupted iterations
sudden_spike   [   6% ] 10/80 VUs  00m46.0s/12m00.0s

running (00m47.0s), 10/80 VUs, 652 complete and 0 interrupted iterations
sudden_spike   [   7% ] 10/80 VUs  00m47.0s/12m00.0s

running (00m48.0s), 10/80 VUs, 665 complete and 0 interrupted iterations
sudden_spike   [   7% ] 10/80 VUs  00m48.0s/12m00.0s

running (00m49.0s), 10/80 VUs, 680 complete and 0 interrupted iterations
sudden_spike   [   7% ] 10/80 VUs  00m49.0s/12m00.0s

running (00m50.0s), 10/80 VUs, 695 complete and 0 interrupted iterations
sudden_spike   [   7% ] 10/80 VUs  00m50.0s/12m00.0s

running (00m51.0s), 10/80 VUs, 707 complete and 0 interrupted iterations
sudden_spike   [   7% ] 10/80 VUs  00m51.0s/12m00.0s

running (00m52.0s), 10/80 VUs, 722 complete and 0 interrupted iterations
sudden_spike   [   7% ] 10/80 VUs  00m52.0s/12m00.0s

running (00m53.0s), 10/80 VUs, 737 complete and 0 interrupted iterations
sudden_spike   [   7% ] 10/80 VUs  00m53.0s/12m00.0s

running (00m54.0s), 10/80 VUs, 753 complete and 0 interrupted iterations
sudden_spike   [   7% ] 10/80 VUs  00m54.0s/12m00.0s

running (00m55.0s), 10/80 VUs, 765 complete and 0 interrupted iterations
sudden_spike   [   8% ] 10/80 VUs  00m55.0s/12m00.0s

running (00m56.0s), 10/80 VUs, 780 complete and 0 interrupted iterations
sudden_spike   [   8% ] 10/80 VUs  00m56.0s/12m00.0s

running (00m57.0s), 10/80 VUs, 792 complete and 0 interrupted iterations
sudden_spike   [   8% ] 10/80 VUs  00m57.0s/12m00.0s

running (00m58.0s), 10/80 VUs, 804 complete and 0 interrupted iterations
sudden_spike   [   8% ] 10/80 VUs  00m58.0s/12m00.0s

running (00m59.0s), 10/80 VUs, 819 complete and 0 interrupted iterations
sudden_spike   [   8% ] 10/80 VUs  00m59.0s/12m00.0s

running (01m00.0s), 10/80 VUs, 832 complete and 0 interrupted iterations
sudden_spike   [   8% ] 10/80 VUs  01m00.0s/12m00.0s

running (01m01.0s), 10/80 VUs, 849 complete and 0 interrupted iterations
sudden_spike   [   8% ] 10/80 VUs  01m01.0s/12m00.0s

running (01m02.0s), 10/80 VUs, 862 complete and 0 interrupted iterations
sudden_spike   [   9% ] 10/80 VUs  01m02.0s/12m00.0s

running (01m03.0s), 10/80 VUs, 873 complete and 0 interrupted iterations
sudden_spike   [   9% ] 10/80 VUs  01m03.0s/12m00.0s

running (01m04.0s), 10/80 VUs, 887 complete and 0 interrupted iterations
sudden_spike   [   9% ] 10/80 VUs  01m04.0s/12m00.0s

running (01m05.0s), 10/80 VUs, 903 complete and 0 interrupted iterations
sudden_spike   [   9% ] 10/80 VUs  01m05.0s/12m00.0s

running (01m06.0s), 10/80 VUs, 916 complete and 0 interrupted iterations
sudden_spike   [   9% ] 10/80 VUs  01m06.0s/12m00.0s

running (01m07.0s), 10/80 VUs, 929 complete and 0 interrupted iterations
sudden_spike   [   9% ] 10/80 VUs  01m07.0s/12m00.0s

running (01m08.0s), 10/80 VUs, 946 complete and 0 interrupted iterations
sudden_spike   [   9% ] 10/80 VUs  01m08.0s/12m00.0s

running (01m09.0s), 10/80 VUs, 959 complete and 0 interrupted iterations
sudden_spike   [  10% ] 10/80 VUs  01m09.0s/12m00.0s

running (01m10.0s), 10/80 VUs, 976 complete and 0 interrupted iterations
sudden_spike   [  10% ] 10/80 VUs  01m10.0s/12m00.0s

running (01m11.0s), 10/80 VUs, 988 complete and 0 interrupted iterations
sudden_spike   [  10% ] 10/80 VUs  01m11.0s/12m00.0s

running (01m12.0s), 10/80 VUs, 1002 complete and 0 interrupted iterations
sudden_spike   [  10% ] 10/80 VUs  01m12.0s/12m00.0s

running (01m13.0s), 10/80 VUs, 1018 complete and 0 interrupted iterations
sudden_spike   [  10% ] 10/80 VUs  01m13.0s/12m00.0s

running (01m14.0s), 10/80 VUs, 1032 complete and 0 interrupted iterations
sudden_spike   [  10% ] 10/80 VUs  01m14.0s/12m00.0s

running (01m15.0s), 10/80 VUs, 1046 complete and 0 interrupted iterations
sudden_spike   [  10% ] 10/80 VUs  01m15.0s/12m00.0s

running (01m16.0s), 10/80 VUs, 1061 complete and 0 interrupted iterations
sudden_spike   [  11% ] 10/80 VUs  01m16.0s/12m00.0s

running (01m17.0s), 10/80 VUs, 1076 complete and 0 interrupted iterations
sudden_spike   [  11% ] 10/80 VUs  01m17.0s/12m00.0s

running (01m18.0s), 10/80 VUs, 1091 complete and 0 interrupted iterations
sudden_spike   [  11% ] 10/80 VUs  01m18.0s/12m00.0s

running (01m19.0s), 10/80 VUs, 1106 complete and 0 interrupted iterations
sudden_spike   [  11% ] 10/80 VUs  01m19.0s/12m00.0s

running (01m20.0s), 10/80 VUs, 1120 complete and 0 interrupted iterations
sudden_spike   [  11% ] 10/80 VUs  01m20.0s/12m00.0s

running (01m21.0s), 10/80 VUs, 1132 complete and 0 interrupted iterations
sudden_spike   [  11% ] 10/80 VUs  01m21.0s/12m00.0s

running (01m22.0s), 10/80 VUs, 1147 complete and 0 interrupted iterations
sudden_spike   [  11% ] 10/80 VUs  01m22.0s/12m00.0s

running (01m23.0s), 10/80 VUs, 1162 complete and 0 interrupted iterations
sudden_spike   [  12% ] 10/80 VUs  01m23.0s/12m00.0s

running (01m24.0s), 10/80 VUs, 1176 complete and 0 interrupted iterations
sudden_spike   [  12% ] 10/80 VUs  01m24.0s/12m00.0s

running (01m25.0s), 10/80 VUs, 1190 complete and 0 interrupted iterations
sudden_spike   [  12% ] 10/80 VUs  01m25.0s/12m00.0s

running (01m26.0s), 10/80 VUs, 1204 complete and 0 interrupted iterations
sudden_spike   [  12% ] 10/80 VUs  01m26.0s/12m00.0s

running (01m27.0s), 10/80 VUs, 1217 complete and 0 interrupted iterations
sudden_spike   [  12% ] 10/80 VUs  01m27.0s/12m00.0s

running (01m28.0s), 10/80 VUs, 1234 complete and 0 interrupted iterations
sudden_spike   [  12% ] 10/80 VUs  01m28.0s/12m00.0s

running (01m29.0s), 10/80 VUs, 1247 complete and 0 interrupted iterations
sudden_spike   [  12% ] 10/80 VUs  01m29.0s/12m00.0s

running (01m30.0s), 10/80 VUs, 1259 complete and 0 interrupted iterations
sudden_spike   [  12% ] 10/80 VUs  01m30.0s/12m00.0s

running (01m31.0s), 10/80 VUs, 1276 complete and 0 interrupted iterations
sudden_spike   [  13% ] 10/80 VUs  01m31.0s/12m00.0s

running (01m32.0s), 10/80 VUs, 1290 complete and 0 interrupted iterations
sudden_spike   [  13% ] 10/80 VUs  01m32.0s/12m00.0s

running (01m33.0s), 10/80 VUs, 1305 complete and 0 interrupted iterations
sudden_spike   [  13% ] 10/80 VUs  01m33.0s/12m00.0s

running (01m34.0s), 10/80 VUs, 1318 complete and 0 interrupted iterations
sudden_spike   [  13% ] 10/80 VUs  01m34.0s/12m00.0s

running (01m35.0s), 10/80 VUs, 1330 complete and 0 interrupted iterations
sudden_spike   [  13% ] 10/80 VUs  01m35.0s/12m00.0s

running (01m36.0s), 10/80 VUs, 1347 complete and 0 interrupted iterations
sudden_spike   [  13% ] 10/80 VUs  01m36.0s/12m00.0s

running (01m37.0s), 10/80 VUs, 1360 complete and 0 interrupted iterations
sudden_spike   [  13% ] 10/80 VUs  01m37.0s/12m00.0s

running (01m38.0s), 10/80 VUs, 1374 complete and 0 interrupted iterations
sudden_spike   [  14% ] 10/80 VUs  01m38.0s/12m00.0s

running (01m39.0s), 10/80 VUs, 1389 complete and 0 interrupted iterations
sudden_spike   [  14% ] 10/80 VUs  01m39.0s/12m00.0s

running (01m40.0s), 10/80 VUs, 1402 complete and 0 interrupted iterations
sudden_spike   [  14% ] 10/80 VUs  01m40.0s/12m00.0s

running (01m41.0s), 10/80 VUs, 1417 complete and 0 interrupted iterations
sudden_spike   [  14% ] 10/80 VUs  01m41.0s/12m00.0s

running (01m42.0s), 10/80 VUs, 1431 complete and 0 interrupted iterations
sudden_spike   [  14% ] 10/80 VUs  01m42.0s/12m00.0s

running (01m43.0s), 10/80 VUs, 1445 complete and 0 interrupted iterations
sudden_spike   [  14% ] 10/80 VUs  01m43.0s/12m00.0s

running (01m44.0s), 10/80 VUs, 1459 complete and 0 interrupted iterations
sudden_spike   [  14% ] 10/80 VUs  01m44.0s/12m00.0s

running (01m45.0s), 10/80 VUs, 1476 complete and 0 interrupted iterations
sudden_spike   [  15% ] 10/80 VUs  01m45.0s/12m00.0s

running (01m46.0s), 10/80 VUs, 1488 complete and 0 interrupted iterations
sudden_spike   [  15% ] 10/80 VUs  01m46.0s/12m00.0s

running (01m47.0s), 10/80 VUs, 1502 complete and 0 interrupted iterations
sudden_spike   [  15% ] 10/80 VUs  01m47.0s/12m00.0s

running (01m48.0s), 10/80 VUs, 1517 complete and 0 interrupted iterations
sudden_spike   [  15% ] 10/80 VUs  01m48.0s/12m00.0s

running (01m49.0s), 10/80 VUs, 1530 complete and 0 interrupted iterations
sudden_spike   [  15% ] 10/80 VUs  01m49.0s/12m00.0s

running (01m50.0s), 10/80 VUs, 1542 complete and 0 interrupted iterations
sudden_spike   [  15% ] 10/80 VUs  01m50.0s/12m00.0s

running (01m51.0s), 10/80 VUs, 1559 complete and 0 interrupted iterations
sudden_spike   [  15% ] 10/80 VUs  01m51.0s/12m00.0s

running (01m52.0s), 10/80 VUs, 1572 complete and 0 interrupted iterations
sudden_spike   [  16% ] 10/80 VUs  01m52.0s/12m00.0s

running (01m53.0s), 10/80 VUs, 1585 complete and 0 interrupted iterations
sudden_spike   [  16% ] 10/80 VUs  01m53.0s/12m00.0s

running (01m54.0s), 10/80 VUs, 1600 complete and 0 interrupted iterations
sudden_spike   [  16% ] 10/80 VUs  01m54.0s/12m00.0s

running (01m55.0s), 10/80 VUs, 1612 complete and 0 interrupted iterations
sudden_spike   [  16% ] 10/80 VUs  01m55.0s/12m00.0s

running (01m56.0s), 10/80 VUs, 1629 complete and 0 interrupted iterations
sudden_spike   [  16% ] 10/80 VUs  01m56.0s/12m00.0s

running (01m57.0s), 10/80 VUs, 1643 complete and 0 interrupted iterations
sudden_spike   [  16% ] 10/80 VUs  01m57.0s/12m00.0s

running (01m58.0s), 10/80 VUs, 1656 complete and 0 interrupted iterations
sudden_spike   [  16% ] 10/80 VUs  01m58.0s/12m00.0s

running (01m59.0s), 10/80 VUs, 1671 complete and 0 interrupted iterations
sudden_spike   [  17% ] 10/80 VUs  01m59.0s/12m00.0s

running (02m00.0s), 10/80 VUs, 1685 complete and 0 interrupted iterations
sudden_spike   [  17% ] 10/80 VUs  02m00.0s/12m00.0s

running (02m01.0s), 16/80 VUs, 1700 complete and 0 interrupted iterations
sudden_spike   [  17% ] 16/80 VUs  02m01.0s/12m00.0s

running (02m02.0s), 23/80 VUs, 1725 complete and 0 interrupted iterations
sudden_spike   [  17% ] 23/80 VUs  02m02.0s/12m00.0s

running (02m03.0s), 30/80 VUs, 1762 complete and 0 interrupted iterations
sudden_spike   [  17% ] 30/80 VUs  02m03.0s/12m00.0s

running (02m04.0s), 37/80 VUs, 1804 complete and 0 interrupted iterations
sudden_spike   [  17% ] 37/80 VUs  02m04.0s/12m00.0s

running (02m05.0s), 44/80 VUs, 1854 complete and 0 interrupted iterations
sudden_spike   [  17% ] 44/80 VUs  02m05.0s/12m00.0s

running (02m06.0s), 51/80 VUs, 1901 complete and 0 interrupted iterations
sudden_spike   [  17% ] 51/80 VUs  02m06.0s/12m00.0s

running (02m07.0s), 58/80 VUs, 1940 complete and 0 interrupted iterations
sudden_spike   [  18% ] 58/80 VUs  02m07.0s/12m00.0s

running (02m08.0s), 65/80 VUs, 1972 complete and 0 interrupted iterations
sudden_spike   [  18% ] 65/80 VUs  02m08.0s/12m00.0s

running (02m09.0s), 72/80 VUs, 1998 complete and 0 interrupted iterations
sudden_spike   [  18% ] 72/80 VUs  02m09.0s/12m00.0s

running (02m10.0s), 79/80 VUs, 2028 complete and 0 interrupted iterations
sudden_spike   [  18% ] 79/80 VUs  02m10.0s/12m00.0s

running (02m11.0s), 80/80 VUs, 2056 complete and 0 interrupted iterations
sudden_spike   [  18% ] 80/80 VUs  02m11.0s/12m00.0s

running (02m12.0s), 80/80 VUs, 2084 complete and 0 interrupted iterations
sudden_spike   [  18% ] 80/80 VUs  02m12.0s/12m00.0s

running (02m13.0s), 80/80 VUs, 2108 complete and 0 interrupted iterations
sudden_spike   [  18% ] 80/80 VUs  02m13.0s/12m00.0s

running (02m14.0s), 80/80 VUs, 2135 complete and 0 interrupted iterations
sudden_spike   [  19% ] 80/80 VUs  02m14.0s/12m00.0s

running (02m15.0s), 80/80 VUs, 2159 complete and 0 interrupted iterations
sudden_spike   [  19% ] 80/80 VUs  02m15.0s/12m00.0s

running (02m16.0s), 80/80 VUs, 2186 complete and 0 interrupted iterations
sudden_spike   [  19% ] 80/80 VUs  02m16.0s/12m00.0s

running (02m17.0s), 80/80 VUs, 2211 complete and 0 interrupted iterations
sudden_spike   [  19% ] 80/80 VUs  02m17.0s/12m00.0s

running (02m18.0s), 80/80 VUs, 2236 complete and 0 interrupted iterations
sudden_spike   [  19% ] 80/80 VUs  02m18.0s/12m00.0s

running (02m19.0s), 80/80 VUs, 2263 complete and 0 interrupted iterations
sudden_spike   [  19% ] 80/80 VUs  02m19.0s/12m00.0s

running (02m20.0s), 80/80 VUs, 2290 complete and 0 interrupted iterations
sudden_spike   [  19% ] 80/80 VUs  02m20.0s/12m00.0s

running (02m21.0s), 80/80 VUs, 2317 complete and 0 interrupted iterations
sudden_spike   [  20% ] 80/80 VUs  02m21.0s/12m00.0s

running (02m22.0s), 80/80 VUs, 2345 complete and 0 interrupted iterations
sudden_spike   [  20% ] 80/80 VUs  02m22.0s/12m00.0s

running (02m23.0s), 80/80 VUs, 2371 complete and 0 interrupted iterations
sudden_spike   [  20% ] 80/80 VUs  02m23.0s/12m00.0s

running (02m24.0s), 80/80 VUs, 2398 complete and 0 interrupted iterations
sudden_spike   [  20% ] 80/80 VUs  02m24.0s/12m00.0s

running (02m25.0s), 80/80 VUs, 2428 complete and 0 interrupted iterations
sudden_spike   [  20% ] 80/80 VUs  02m25.0s/12m00.0s

running (02m26.0s), 80/80 VUs, 2454 complete and 0 interrupted iterations
sudden_spike   [  20% ] 80/80 VUs  02m26.0s/12m00.0s

running (02m27.0s), 80/80 VUs, 2483 complete and 0 interrupted iterations
sudden_spike   [  20% ] 80/80 VUs  02m27.0s/12m00.0s

running (02m28.0s), 80/80 VUs, 2509 complete and 0 interrupted iterations
sudden_spike   [  21% ] 80/80 VUs  02m28.0s/12m00.0s

running (02m29.0s), 80/80 VUs, 2537 complete and 0 interrupted iterations
sudden_spike   [  21% ] 80/80 VUs  02m29.0s/12m00.0s

running (02m30.0s), 80/80 VUs, 2566 complete and 0 interrupted iterations
sudden_spike   [  21% ] 80/80 VUs  02m30.0s/12m00.0s

running (02m31.0s), 80/80 VUs, 2591 complete and 0 interrupted iterations
sudden_spike   [  21% ] 80/80 VUs  02m31.0s/12m00.0s

running (02m32.0s), 80/80 VUs, 2618 complete and 0 interrupted iterations
sudden_spike   [  21% ] 80/80 VUs  02m32.0s/12m00.0s

running (02m33.0s), 80/80 VUs, 2645 complete and 0 interrupted iterations
sudden_spike   [  21% ] 80/80 VUs  02m33.0s/12m00.0s

running (02m34.0s), 80/80 VUs, 2672 complete and 0 interrupted iterations
sudden_spike   [  21% ] 80/80 VUs  02m34.0s/12m00.0s

running (02m35.0s), 80/80 VUs, 2698 complete and 0 interrupted iterations
sudden_spike   [  22% ] 80/80 VUs  02m35.0s/12m00.0s

running (02m36.0s), 80/80 VUs, 2726 complete and 0 interrupted iterations
sudden_spike   [  22% ] 80/80 VUs  02m36.0s/12m00.0s

running (02m37.0s), 80/80 VUs, 2750 complete and 0 interrupted iterations
sudden_spike   [  22% ] 80/80 VUs  02m37.0s/12m00.0s

running (02m38.0s), 80/80 VUs, 2778 complete and 0 interrupted iterations
sudden_spike   [  22% ] 80/80 VUs  02m38.0s/12m00.0s

running (02m39.0s), 80/80 VUs, 2804 complete and 0 interrupted iterations
sudden_spike   [  22% ] 80/80 VUs  02m39.0s/12m00.0s

running (02m40.0s), 80/80 VUs, 2832 complete and 0 interrupted iterations
sudden_spike   [  22% ] 80/80 VUs  02m40.0s/12m00.0s

running (02m41.0s), 80/80 VUs, 2859 complete and 0 interrupted iterations
sudden_spike   [  22% ] 80/80 VUs  02m41.0s/12m00.0s

running (02m42.0s), 80/80 VUs, 2885 complete and 0 interrupted iterations
sudden_spike   [  22% ] 80/80 VUs  02m42.0s/12m00.0s

running (02m43.0s), 80/80 VUs, 2912 complete and 0 interrupted iterations
sudden_spike   [  23% ] 80/80 VUs  02m43.0s/12m00.0s

running (02m44.0s), 80/80 VUs, 2939 complete and 0 interrupted iterations
sudden_spike   [  23% ] 80/80 VUs  02m44.0s/12m00.0s

running (02m45.0s), 80/80 VUs, 2967 complete and 0 interrupted iterations
sudden_spike   [  23% ] 80/80 VUs  02m45.0s/12m00.0s

running (02m46.0s), 80/80 VUs, 2994 complete and 0 interrupted iterations
sudden_spike   [  23% ] 80/80 VUs  02m46.0s/12m00.0s

running (02m47.0s), 80/80 VUs, 3021 complete and 0 interrupted iterations
sudden_spike   [  23% ] 80/80 VUs  02m47.0s/12m00.0s

running (02m48.0s), 80/80 VUs, 3048 complete and 0 interrupted iterations
sudden_spike   [  23% ] 80/80 VUs  02m48.0s/12m00.0s

running (02m49.0s), 80/80 VUs, 3074 complete and 0 interrupted iterations
sudden_spike   [  23% ] 80/80 VUs  02m49.0s/12m00.0s

running (02m50.0s), 80/80 VUs, 3100 complete and 0 interrupted iterations
sudden_spike   [  24% ] 80/80 VUs  02m50.0s/12m00.0s

running (02m51.0s), 80/80 VUs, 3128 complete and 0 interrupted iterations
sudden_spike   [  24% ] 80/80 VUs  02m51.0s/12m00.0s

running (02m52.0s), 80/80 VUs, 3155 complete and 0 interrupted iterations
sudden_spike   [  24% ] 80/80 VUs  02m52.0s/12m00.0s

running (02m53.0s), 80/80 VUs, 3182 complete and 0 interrupted iterations
sudden_spike   [  24% ] 80/80 VUs  02m53.0s/12m00.0s

running (02m54.0s), 80/80 VUs, 3208 complete and 0 interrupted iterations
sudden_spike   [  24% ] 80/80 VUs  02m54.0s/12m00.0s

running (02m55.0s), 80/80 VUs, 3235 complete and 0 interrupted iterations
sudden_spike   [  24% ] 80/80 VUs  02m55.0s/12m00.0s

running (02m56.0s), 80/80 VUs, 3262 complete and 0 interrupted iterations
sudden_spike   [  24% ] 80/80 VUs  02m56.0s/12m00.0s

running (02m57.0s), 80/80 VUs, 3290 complete and 0 interrupted iterations
sudden_spike   [  25% ] 80/80 VUs  02m57.0s/12m00.0s

running (02m58.0s), 80/80 VUs, 3316 complete and 0 interrupted iterations
sudden_spike   [  25% ] 80/80 VUs  02m58.0s/12m00.0s

running (02m59.0s), 80/80 VUs, 3342 complete and 0 interrupted iterations
sudden_spike   [  25% ] 80/80 VUs  02m59.0s/12m00.0s

running (03m00.0s), 80/80 VUs, 3370 complete and 0 interrupted iterations
sudden_spike   [  25% ] 80/80 VUs  03m00.0s/12m00.0s

running (03m01.0s), 80/80 VUs, 3393 complete and 0 interrupted iterations
sudden_spike   [  25% ] 80/80 VUs  03m01.0s/12m00.0s

running (03m02.0s), 80/80 VUs, 3416 complete and 0 interrupted iterations
sudden_spike   [  25% ] 80/80 VUs  03m02.0s/12m00.0s

running (03m03.0s), 80/80 VUs, 3448 complete and 0 interrupted iterations
sudden_spike   [  25% ] 80/80 VUs  03m03.0s/12m00.0s

running (03m04.0s), 80/80 VUs, 3468 complete and 0 interrupted iterations
sudden_spike   [  26% ] 80/80 VUs  03m04.0s/12m00.0s

running (03m05.0s), 80/80 VUs, 3495 complete and 0 interrupted iterations
sudden_spike   [  26% ] 80/80 VUs  03m05.0s/12m00.0s

running (03m06.0s), 80/80 VUs, 3517 complete and 0 interrupted iterations
sudden_spike   [  26% ] 80/80 VUs  03m06.0s/12m00.0s

running (03m07.0s), 80/80 VUs, 3539 complete and 0 interrupted iterations
sudden_spike   [  26% ] 80/80 VUs  03m07.0s/12m00.0s

running (03m08.0s), 80/80 VUs, 3565 complete and 0 interrupted iterations
sudden_spike   [  26% ] 80/80 VUs  03m08.0s/12m00.0s

running (03m09.0s), 80/80 VUs, 3591 complete and 0 interrupted iterations
sudden_spike   [  26% ] 80/80 VUs  03m09.0s/12m00.0s

running (03m10.0s), 80/80 VUs, 3616 complete and 0 interrupted iterations
sudden_spike   [  26% ] 80/80 VUs  03m10.0s/12m00.0s

running (03m11.0s), 80/80 VUs, 3643 complete and 0 interrupted iterations
sudden_spike   [  27% ] 80/80 VUs  03m11.0s/12m00.0s

running (03m12.0s), 80/80 VUs, 3670 complete and 0 interrupted iterations
sudden_spike   [  27% ] 80/80 VUs  03m12.0s/12m00.0s

running (03m13.0s), 80/80 VUs, 3697 complete and 0 interrupted iterations
sudden_spike   [  27% ] 80/80 VUs  03m13.0s/12m00.0s

running (03m14.0s), 80/80 VUs, 3725 complete and 0 interrupted iterations
sudden_spike   [  27% ] 80/80 VUs  03m14.0s/12m00.0s

running (03m15.0s), 80/80 VUs, 3750 complete and 0 interrupted iterations
sudden_spike   [  27% ] 80/80 VUs  03m15.0s/12m00.0s

running (03m16.0s), 80/80 VUs, 3778 complete and 0 interrupted iterations
sudden_spike   [  27% ] 80/80 VUs  03m16.0s/12m00.0s

running (03m17.0s), 80/80 VUs, 3805 complete and 0 interrupted iterations
sudden_spike   [  27% ] 80/80 VUs  03m17.0s/12m00.0s

running (03m18.0s), 80/80 VUs, 3832 complete and 0 interrupted iterations
sudden_spike   [  27% ] 80/80 VUs  03m18.0s/12m00.0s

running (03m19.0s), 80/80 VUs, 3859 complete and 0 interrupted iterations
sudden_spike   [  28% ] 80/80 VUs  03m19.0s/12m00.0s

running (03m20.0s), 80/80 VUs, 3887 complete and 0 interrupted iterations
sudden_spike   [  28% ] 80/80 VUs  03m20.0s/12m00.0s

running (03m21.0s), 80/80 VUs, 3912 complete and 0 interrupted iterations
sudden_spike   [  28% ] 80/80 VUs  03m21.0s/12m00.0s

running (03m22.0s), 80/80 VUs, 3940 complete and 0 interrupted iterations
sudden_spike   [  28% ] 80/80 VUs  03m22.0s/12m00.0s

running (03m23.0s), 80/80 VUs, 3966 complete and 0 interrupted iterations
sudden_spike   [  28% ] 80/80 VUs  03m23.0s/12m00.0s

running (03m24.0s), 80/80 VUs, 3993 complete and 0 interrupted iterations
sudden_spike   [  28% ] 80/80 VUs  03m24.0s/12m00.0s

running (03m25.0s), 80/80 VUs, 4020 complete and 0 interrupted iterations
sudden_spike   [  28% ] 80/80 VUs  03m25.0s/12m00.0s

running (03m26.0s), 80/80 VUs, 4045 complete and 0 interrupted iterations
sudden_spike   [  29% ] 80/80 VUs  03m26.0s/12m00.0s

running (03m27.0s), 80/80 VUs, 4067 complete and 0 interrupted iterations
sudden_spike   [  29% ] 80/80 VUs  03m27.0s/12m00.0s

running (03m28.0s), 80/80 VUs, 4094 complete and 0 interrupted iterations
sudden_spike   [  29% ] 80/80 VUs  03m28.0s/12m00.0s

running (03m29.0s), 80/80 VUs, 4120 complete and 0 interrupted iterations
sudden_spike   [  29% ] 80/80 VUs  03m29.0s/12m00.0s

running (03m30.0s), 80/80 VUs, 4129 complete and 0 interrupted iterations
sudden_spike   [  29% ] 80/80 VUs  03m30.0s/12m00.0s

running (03m31.0s), 80/80 VUs, 4155 complete and 0 interrupted iterations
sudden_spike   [  29% ] 80/80 VUs  03m31.0s/12m00.0s

running (03m32.0s), 80/80 VUs, 4182 complete and 0 interrupted iterations
sudden_spike   [  29% ] 80/80 VUs  03m32.0s/12m00.0s

running (03m33.0s), 80/80 VUs, 4209 complete and 0 interrupted iterations
sudden_spike   [  30% ] 80/80 VUs  03m33.0s/12m00.0s

running (03m34.0s), 80/80 VUs, 4235 complete and 0 interrupted iterations
sudden_spike   [  30% ] 80/80 VUs  03m34.0s/12m00.0s

running (03m35.0s), 80/80 VUs, 4262 complete and 0 interrupted iterations
sudden_spike   [  30% ] 80/80 VUs  03m35.0s/12m00.0s

running (03m36.0s), 80/80 VUs, 4289 complete and 0 interrupted iterations
sudden_spike   [  30% ] 80/80 VUs  03m36.0s/12m00.0s

running (03m37.0s), 80/80 VUs, 4316 complete and 0 interrupted iterations
sudden_spike   [  30% ] 80/80 VUs  03m37.0s/12m00.0s

running (03m38.0s), 80/80 VUs, 4343 complete and 0 interrupted iterations
sudden_spike   [  30% ] 80/80 VUs  03m38.0s/12m00.0s

running (03m39.0s), 80/80 VUs, 4369 complete and 0 interrupted iterations
sudden_spike   [  30% ] 80/80 VUs  03m39.0s/12m00.0s

running (03m40.0s), 80/80 VUs, 4396 complete and 0 interrupted iterations
sudden_spike   [  31% ] 80/80 VUs  03m40.0s/12m00.0s

running (03m41.0s), 80/80 VUs, 4422 complete and 0 interrupted iterations
sudden_spike   [  31% ] 80/80 VUs  03m41.0s/12m00.0s

running (03m42.0s), 80/80 VUs, 4450 complete and 0 interrupted iterations
sudden_spike   [  31% ] 80/80 VUs  03m42.0s/12m00.0s

running (03m43.0s), 80/80 VUs, 4475 complete and 0 interrupted iterations
sudden_spike   [  31% ] 80/80 VUs  03m43.0s/12m00.0s

running (03m44.0s), 80/80 VUs, 4502 complete and 0 interrupted iterations
sudden_spike   [  31% ] 80/80 VUs  03m44.0s/12m00.0s

running (03m45.0s), 80/80 VUs, 4528 complete and 0 interrupted iterations
sudden_spike   [  31% ] 80/80 VUs  03m45.0s/12m00.0s

running (03m46.0s), 80/80 VUs, 4549 complete and 0 interrupted iterations
sudden_spike   [  31% ] 80/80 VUs  03m46.0s/12m00.0s

running (03m47.0s), 80/80 VUs, 4567 complete and 0 interrupted iterations
sudden_spike   [  32% ] 80/80 VUs  03m47.0s/12m00.0s

running (03m48.0s), 80/80 VUs, 4589 complete and 0 interrupted iterations
sudden_spike   [  32% ] 80/80 VUs  03m48.0s/12m00.0s

running (03m49.0s), 80/80 VUs, 4613 complete and 0 interrupted iterations
sudden_spike   [  32% ] 80/80 VUs  03m49.0s/12m00.0s

running (03m50.0s), 80/80 VUs, 4639 complete and 0 interrupted iterations
sudden_spike   [  32% ] 80/80 VUs  03m50.0s/12m00.0s

running (03m51.0s), 80/80 VUs, 4665 complete and 0 interrupted iterations
sudden_spike   [  32% ] 80/80 VUs  03m51.0s/12m00.0s

running (03m52.0s), 80/80 VUs, 4691 complete and 0 interrupted iterations
sudden_spike   [  32% ] 80/80 VUs  03m52.0s/12m00.0s

running (03m53.0s), 80/80 VUs, 4718 complete and 0 interrupted iterations
sudden_spike   [  32% ] 80/80 VUs  03m53.0s/12m00.0s

running (03m54.0s), 80/80 VUs, 4745 complete and 0 interrupted iterations
sudden_spike   [  32% ] 80/80 VUs  03m54.0s/12m00.0s

running (03m55.0s), 80/80 VUs, 4772 complete and 0 interrupted iterations
sudden_spike   [  33% ] 80/80 VUs  03m55.0s/12m00.0s

running (03m56.0s), 80/80 VUs, 4798 complete and 0 interrupted iterations
sudden_spike   [  33% ] 80/80 VUs  03m56.0s/12m00.0s

running (03m57.0s), 80/80 VUs, 4825 complete and 0 interrupted iterations
sudden_spike   [  33% ] 80/80 VUs  03m57.0s/12m00.0s

running (03m58.0s), 80/80 VUs, 4853 complete and 0 interrupted iterations
sudden_spike   [  33% ] 80/80 VUs  03m58.0s/12m00.0s

running (03m59.0s), 80/80 VUs, 4880 complete and 0 interrupted iterations
sudden_spike   [  33% ] 80/80 VUs  03m59.0s/12m00.0s

running (04m00.0s), 80/80 VUs, 4907 complete and 0 interrupted iterations
sudden_spike   [  33% ] 80/80 VUs  04m00.0s/12m00.0s

running (04m01.0s), 80/80 VUs, 4933 complete and 0 interrupted iterations
sudden_spike   [  33% ] 80/80 VUs  04m01.0s/12m00.0s

running (04m02.0s), 80/80 VUs, 4959 complete and 0 interrupted iterations
sudden_spike   [  34% ] 80/80 VUs  04m02.0s/12m00.0s

running (04m03.0s), 80/80 VUs, 4986 complete and 0 interrupted iterations
sudden_spike   [  34% ] 80/80 VUs  04m03.0s/12m00.0s

running (04m04.0s), 80/80 VUs, 5008 complete and 0 interrupted iterations
sudden_spike   [  34% ] 80/80 VUs  04m04.0s/12m00.0s

running (04m05.0s), 80/80 VUs, 5026 complete and 0 interrupted iterations
sudden_spike   [  34% ] 80/80 VUs  04m05.0s/12m00.0s

running (04m06.0s), 80/80 VUs, 5042 complete and 0 interrupted iterations
sudden_spike   [  34% ] 80/80 VUs  04m06.0s/12m00.0s

running (04m07.0s), 80/80 VUs, 5068 complete and 0 interrupted iterations
sudden_spike   [  34% ] 80/80 VUs  04m07.0s/12m00.0s

running (04m08.0s), 80/80 VUs, 5095 complete and 0 interrupted iterations
sudden_spike   [  34% ] 80/80 VUs  04m08.0s/12m00.0s

running (04m09.0s), 80/80 VUs, 5121 complete and 0 interrupted iterations
sudden_spike   [  35% ] 80/80 VUs  04m09.0s/12m00.0s

running (04m10.0s), 80/80 VUs, 5148 complete and 0 interrupted iterations
sudden_spike   [  35% ] 80/80 VUs  04m10.0s/12m00.0s

running (04m11.0s), 80/80 VUs, 5176 complete and 0 interrupted iterations
sudden_spike   [  35% ] 80/80 VUs  04m11.0s/12m00.0s

running (04m12.0s), 80/80 VUs, 5202 complete and 0 interrupted iterations
sudden_spike   [  35% ] 80/80 VUs  04m12.0s/12m00.0s

running (04m13.0s), 80/80 VUs, 5229 complete and 0 interrupted iterations
sudden_spike   [  35% ] 80/80 VUs  04m13.0s/12m00.0s

running (04m14.0s), 80/80 VUs, 5253 complete and 0 interrupted iterations
sudden_spike   [  35% ] 80/80 VUs  04m14.0s/12m00.0s

running (04m15.0s), 80/80 VUs, 5277 complete and 0 interrupted iterations
sudden_spike   [  35% ] 80/80 VUs  04m15.0s/12m00.0s

running (04m16.0s), 80/80 VUs, 5304 complete and 0 interrupted iterations
sudden_spike   [  36% ] 80/80 VUs  04m16.0s/12m00.0s

running (04m17.0s), 80/80 VUs, 5329 complete and 0 interrupted iterations
sudden_spike   [  36% ] 80/80 VUs  04m17.0s/12m00.0s

running (04m18.0s), 80/80 VUs, 5355 complete and 0 interrupted iterations
sudden_spike   [  36% ] 80/80 VUs  04m18.0s/12m00.0s

running (04m19.0s), 80/80 VUs, 5379 complete and 0 interrupted iterations
sudden_spike   [  36% ] 80/80 VUs  04m19.0s/12m00.0s

running (04m20.0s), 80/80 VUs, 5402 complete and 0 interrupted iterations
sudden_spike   [  36% ] 80/80 VUs  04m20.0s/12m00.0s

running (04m21.0s), 80/80 VUs, 5422 complete and 0 interrupted iterations
sudden_spike   [  36% ] 80/80 VUs  04m21.0s/12m00.0s

running (04m22.0s), 80/80 VUs, 5445 complete and 0 interrupted iterations
sudden_spike   [  36% ] 80/80 VUs  04m22.0s/12m00.0s

running (04m23.0s), 80/80 VUs, 5471 complete and 0 interrupted iterations
sudden_spike   [  37% ] 80/80 VUs  04m23.0s/12m00.0s

running (04m24.0s), 80/80 VUs, 5496 complete and 0 interrupted iterations
sudden_spike   [  37% ] 80/80 VUs  04m24.0s/12m00.0s

running (04m25.0s), 80/80 VUs, 5524 complete and 0 interrupted iterations
sudden_spike   [  37% ] 80/80 VUs  04m25.0s/12m00.0s

running (04m26.0s), 80/80 VUs, 5551 complete and 0 interrupted iterations
sudden_spike   [  37% ] 80/80 VUs  04m26.0s/12m00.0s

running (04m27.0s), 80/80 VUs, 5578 complete and 0 interrupted iterations
sudden_spike   [  37% ] 80/80 VUs  04m27.0s/12m00.0s

running (04m28.0s), 80/80 VUs, 5605 complete and 0 interrupted iterations
sudden_spike   [  37% ] 80/80 VUs  04m28.0s/12m00.0s

running (04m29.0s), 80/80 VUs, 5632 complete and 0 interrupted iterations
sudden_spike   [  37% ] 80/80 VUs  04m29.0s/12m00.0s

running (04m30.0s), 80/80 VUs, 5658 complete and 0 interrupted iterations
sudden_spike   [  37% ] 80/80 VUs  04m30.0s/12m00.0s

running (04m31.0s), 80/80 VUs, 5685 complete and 0 interrupted iterations
sudden_spike   [  38% ] 80/80 VUs  04m31.0s/12m00.0s

running (04m32.0s), 80/80 VUs, 5712 complete and 0 interrupted iterations
sudden_spike   [  38% ] 80/80 VUs  04m32.0s/12m00.0s

running (04m33.0s), 80/80 VUs, 5738 complete and 0 interrupted iterations
sudden_spike   [  38% ] 80/80 VUs  04m33.0s/12m00.0s

running (04m34.0s), 80/80 VUs, 5763 complete and 0 interrupted iterations
sudden_spike   [  38% ] 80/80 VUs  04m34.0s/12m00.0s

running (04m35.0s), 80/80 VUs, 5791 complete and 0 interrupted iterations
sudden_spike   [  38% ] 80/80 VUs  04m35.0s/12m00.0s

running (04m36.0s), 80/80 VUs, 5818 complete and 0 interrupted iterations
sudden_spike   [  38% ] 80/80 VUs  04m36.0s/12m00.0s

running (04m37.0s), 80/80 VUs, 5845 complete and 0 interrupted iterations
sudden_spike   [  38% ] 80/80 VUs  04m37.0s/12m00.0s

running (04m38.0s), 80/80 VUs, 5854 complete and 0 interrupted iterations
sudden_spike   [  39% ] 80/80 VUs  04m38.0s/12m00.0s

running (04m39.0s), 80/80 VUs, 5877 complete and 0 interrupted iterations
sudden_spike   [  39% ] 80/80 VUs  04m39.0s/12m00.0s

running (04m40.0s), 80/80 VUs, 5900 complete and 0 interrupted iterations
sudden_spike   [  39% ] 80/80 VUs  04m40.0s/12m00.0s

running (04m41.0s), 80/80 VUs, 5928 complete and 0 interrupted iterations
sudden_spike   [  39% ] 80/80 VUs  04m41.0s/12m00.0s

running (04m42.0s), 80/80 VUs, 5954 complete and 0 interrupted iterations
sudden_spike   [  39% ] 80/80 VUs  04m42.0s/12m00.0s

running (04m43.0s), 80/80 VUs, 5980 complete and 0 interrupted iterations
sudden_spike   [  39% ] 80/80 VUs  04m43.0s/12m00.0s

running (04m44.0s), 80/80 VUs, 6008 complete and 0 interrupted iterations
sudden_spike   [  39% ] 80/80 VUs  04m44.0s/12m00.0s

running (04m45.0s), 80/80 VUs, 6035 complete and 0 interrupted iterations
sudden_spike   [  40% ] 80/80 VUs  04m45.0s/12m00.0s

running (04m46.0s), 80/80 VUs, 6062 complete and 0 interrupted iterations
sudden_spike   [  40% ] 80/80 VUs  04m46.0s/12m00.0s

running (04m47.0s), 80/80 VUs, 6089 complete and 0 interrupted iterations
sudden_spike   [  40% ] 80/80 VUs  04m47.0s/12m00.0s

running (04m48.0s), 80/80 VUs, 6116 complete and 0 interrupted iterations
sudden_spike   [  40% ] 80/80 VUs  04m48.0s/12m00.0s

running (04m49.0s), 80/80 VUs, 6142 complete and 0 interrupted iterations
sudden_spike   [  40% ] 80/80 VUs  04m49.0s/12m00.0s

running (04m50.0s), 80/80 VUs, 6168 complete and 0 interrupted iterations
sudden_spike   [  40% ] 80/80 VUs  04m50.0s/12m00.0s

running (04m51.0s), 80/80 VUs, 6196 complete and 0 interrupted iterations
sudden_spike   [  40% ] 80/80 VUs  04m51.0s/12m00.0s

running (04m52.0s), 80/80 VUs, 6220 complete and 0 interrupted iterations
sudden_spike   [  41% ] 80/80 VUs  04m52.0s/12m00.0s

running (04m53.0s), 80/80 VUs, 6244 complete and 0 interrupted iterations
sudden_spike   [  41% ] 80/80 VUs  04m53.0s/12m00.0s

running (04m54.0s), 80/80 VUs, 6259 complete and 0 interrupted iterations
sudden_spike   [  41% ] 80/80 VUs  04m54.0s/12m00.0s

running (04m55.0s), 80/80 VUs, 6282 complete and 0 interrupted iterations
sudden_spike   [  41% ] 80/80 VUs  04m55.0s/12m00.0s

running (04m56.0s), 80/80 VUs, 6312 complete and 0 interrupted iterations
sudden_spike   [  41% ] 80/80 VUs  04m56.0s/12m00.0s

running (04m57.0s), 80/80 VUs, 6334 complete and 0 interrupted iterations
sudden_spike   [  41% ] 80/80 VUs  04m57.0s/12m00.0s

running (04m58.0s), 80/80 VUs, 6358 complete and 0 interrupted iterations
sudden_spike   [  41% ] 80/80 VUs  04m58.0s/12m00.0s

running (04m59.0s), 80/80 VUs, 6384 complete and 0 interrupted iterations
sudden_spike   [  42% ] 80/80 VUs  04m59.0s/12m00.0s

running (05m00.0s), 80/80 VUs, 6411 complete and 0 interrupted iterations
sudden_spike   [  42% ] 80/80 VUs  05m00.0s/12m00.0s

running (05m01.0s), 80/80 VUs, 6438 complete and 0 interrupted iterations
sudden_spike   [  42% ] 80/80 VUs  05m01.0s/12m00.0s

running (05m02.0s), 80/80 VUs, 6464 complete and 0 interrupted iterations
sudden_spike   [  42% ] 80/80 VUs  05m02.0s/12m00.0s

running (05m03.0s), 80/80 VUs, 6491 complete and 0 interrupted iterations
sudden_spike   [  42% ] 80/80 VUs  05m03.0s/12m00.0s

running (05m04.0s), 80/80 VUs, 6518 complete and 0 interrupted iterations
sudden_spike   [  42% ] 80/80 VUs  05m04.0s/12m00.0s

running (05m05.0s), 80/80 VUs, 6545 complete and 0 interrupted iterations
sudden_spike   [  42% ] 80/80 VUs  05m05.0s/12m00.0s

running (05m06.0s), 80/80 VUs, 6571 complete and 0 interrupted iterations
sudden_spike   [  42% ] 80/80 VUs  05m06.0s/12m00.0s

running (05m07.0s), 80/80 VUs, 6598 complete and 0 interrupted iterations
sudden_spike   [  43% ] 80/80 VUs  05m07.0s/12m00.0s

running (05m08.0s), 80/80 VUs, 6610 complete and 0 interrupted iterations
sudden_spike   [  43% ] 80/80 VUs  05m08.0s/12m00.0s

running (05m09.0s), 80/80 VUs, 6627 complete and 0 interrupted iterations
sudden_spike   [  43% ] 80/80 VUs  05m09.0s/12m00.0s

running (05m10.0s), 80/80 VUs, 6653 complete and 0 interrupted iterations
sudden_spike   [  43% ] 80/80 VUs  05m10.0s/12m00.0s

running (05m11.0s), 80/80 VUs, 6680 complete and 0 interrupted iterations
sudden_spike   [  43% ] 80/80 VUs  05m11.0s/12m00.0s

running (05m12.0s), 80/80 VUs, 6707 complete and 0 interrupted iterations
sudden_spike   [  43% ] 80/80 VUs  05m12.0s/12m00.0s

running (05m13.0s), 80/80 VUs, 6734 complete and 0 interrupted iterations
sudden_spike   [  43% ] 80/80 VUs  05m13.0s/12m00.0s

running (05m14.0s), 80/80 VUs, 6761 complete and 0 interrupted iterations
sudden_spike   [  44% ] 80/80 VUs  05m14.0s/12m00.0s

running (05m15.0s), 80/80 VUs, 6788 complete and 0 interrupted iterations
sudden_spike   [  44% ] 80/80 VUs  05m15.0s/12m00.0s

running (05m16.0s), 80/80 VUs, 6814 complete and 0 interrupted iterations
sudden_spike   [  44% ] 80/80 VUs  05m16.0s/12m00.0s

running (05m17.0s), 80/80 VUs, 6841 complete and 0 interrupted iterations
sudden_spike   [  44% ] 80/80 VUs  05m17.0s/12m00.0s

running (05m18.0s), 80/80 VUs, 6868 complete and 0 interrupted iterations
sudden_spike   [  44% ] 80/80 VUs  05m18.0s/12m00.0s

running (05m19.0s), 80/80 VUs, 6895 complete and 0 interrupted iterations
sudden_spike   [  44% ] 80/80 VUs  05m19.0s/12m00.0s

running (05m20.0s), 80/80 VUs, 6922 complete and 0 interrupted iterations
sudden_spike   [  44% ] 80/80 VUs  05m20.0s/12m00.0s

running (05m21.0s), 80/80 VUs, 6947 complete and 0 interrupted iterations
sudden_spike   [  45% ] 80/80 VUs  05m21.0s/12m00.0s

running (05m22.0s), 80/80 VUs, 6956 complete and 0 interrupted iterations
sudden_spike   [  45% ] 80/80 VUs  05m22.0s/12m00.0s

running (05m23.0s), 80/80 VUs, 6977 complete and 0 interrupted iterations
sudden_spike   [  45% ] 80/80 VUs  05m23.0s/12m00.0s

running (05m24.0s), 80/80 VUs, 7003 complete and 0 interrupted iterations
sudden_spike   [  45% ] 80/80 VUs  05m24.0s/12m00.0s

running (05m25.0s), 80/80 VUs, 7029 complete and 0 interrupted iterations
sudden_spike   [  45% ] 80/80 VUs  05m25.0s/12m00.0s

running (05m26.0s), 80/80 VUs, 7055 complete and 0 interrupted iterations
sudden_spike   [  45% ] 80/80 VUs  05m26.0s/12m00.0s

running (05m27.0s), 80/80 VUs, 7082 complete and 0 interrupted iterations
sudden_spike   [  45% ] 80/80 VUs  05m27.0s/12m00.0s

running (05m28.0s), 80/80 VUs, 7109 complete and 0 interrupted iterations
sudden_spike   [  46% ] 80/80 VUs  05m28.0s/12m00.0s

running (05m29.0s), 80/80 VUs, 7136 complete and 0 interrupted iterations
sudden_spike   [  46% ] 80/80 VUs  05m29.0s/12m00.0s

running (05m30.0s), 80/80 VUs, 7162 complete and 0 interrupted iterations
sudden_spike   [  46% ] 80/80 VUs  05m30.0s/12m00.0s

running (05m31.0s), 80/80 VUs, 7190 complete and 0 interrupted iterations
sudden_spike   [  46% ] 80/80 VUs  05m31.0s/12m00.0s

running (05m32.0s), 80/80 VUs, 7217 complete and 0 interrupted iterations
sudden_spike   [  46% ] 80/80 VUs  05m32.0s/12m00.0s

running (05m33.0s), 80/80 VUs, 7243 complete and 0 interrupted iterations
sudden_spike   [  46% ] 80/80 VUs  05m33.0s/12m00.0s

running (05m34.0s), 80/80 VUs, 7269 complete and 0 interrupted iterations
sudden_spike   [  46% ] 80/80 VUs  05m34.0s/12m00.0s

running (05m35.0s), 80/80 VUs, 7296 complete and 0 interrupted iterations
sudden_spike   [  47% ] 80/80 VUs  05m35.0s/12m00.0s

running (05m36.0s), 80/80 VUs, 7322 complete and 0 interrupted iterations
sudden_spike   [  47% ] 80/80 VUs  05m36.0s/12m00.0s

running (05m37.0s), 80/80 VUs, 7345 complete and 0 interrupted iterations
sudden_spike   [  47% ] 80/80 VUs  05m37.0s/12m00.0s

running (05m38.0s), 80/80 VUs, 7367 complete and 0 interrupted iterations
sudden_spike   [  47% ] 80/80 VUs  05m38.0s/12m00.0s

running (05m39.0s), 80/80 VUs, 7382 complete and 0 interrupted iterations
sudden_spike   [  47% ] 80/80 VUs  05m39.0s/12m00.0s

running (05m40.0s), 80/80 VUs, 7405 complete and 0 interrupted iterations
sudden_spike   [  47% ] 80/80 VUs  05m40.0s/12m00.0s

running (05m41.0s), 80/80 VUs, 7431 complete and 0 interrupted iterations
sudden_spike   [  47% ] 80/80 VUs  05m41.0s/12m00.0s

running (05m42.0s), 80/80 VUs, 7458 complete and 0 interrupted iterations
sudden_spike   [  47% ] 80/80 VUs  05m42.0s/12m00.0s

running (05m43.0s), 80/80 VUs, 7485 complete and 0 interrupted iterations
sudden_spike   [  48% ] 80/80 VUs  05m43.0s/12m00.0s

running (05m44.0s), 80/80 VUs, 7512 complete and 0 interrupted iterations
sudden_spike   [  48% ] 80/80 VUs  05m44.0s/12m00.0s

running (05m45.0s), 80/80 VUs, 7540 complete and 0 interrupted iterations
sudden_spike   [  48% ] 80/80 VUs  05m45.0s/12m00.0s

running (05m46.0s), 80/80 VUs, 7565 complete and 0 interrupted iterations
sudden_spike   [  48% ] 80/80 VUs  05m46.0s/12m00.0s

running (05m47.0s), 80/80 VUs, 7592 complete and 0 interrupted iterations
sudden_spike   [  48% ] 80/80 VUs  05m47.0s/12m00.0s

running (05m48.0s), 80/80 VUs, 7619 complete and 0 interrupted iterations
sudden_spike   [  48% ] 80/80 VUs  05m48.0s/12m00.0s

running (05m49.0s), 80/80 VUs, 7645 complete and 0 interrupted iterations
sudden_spike   [  48% ] 80/80 VUs  05m49.0s/12m00.0s

running (05m50.0s), 80/80 VUs, 7672 complete and 0 interrupted iterations
sudden_spike   [  49% ] 80/80 VUs  05m50.0s/12m00.0s

running (05m51.0s), 80/80 VUs, 7700 complete and 0 interrupted iterations
sudden_spike   [  49% ] 80/80 VUs  05m51.0s/12m00.0s

running (05m52.0s), 80/80 VUs, 7725 complete and 0 interrupted iterations
sudden_spike   [  49% ] 80/80 VUs  05m52.0s/12m00.0s

running (05m53.0s), 80/80 VUs, 7752 complete and 0 interrupted iterations
sudden_spike   [  49% ] 80/80 VUs  05m53.0s/12m00.0s

running (05m54.0s), 80/80 VUs, 7780 complete and 0 interrupted iterations
sudden_spike   [  49% ] 80/80 VUs  05m54.0s/12m00.0s

running (05m55.0s), 80/80 VUs, 7794 complete and 0 interrupted iterations
sudden_spike   [  49% ] 80/80 VUs  05m55.0s/12m00.0s

running (05m56.0s), 80/80 VUs, 7808 complete and 0 interrupted iterations
sudden_spike   [  49% ] 80/80 VUs  05m56.0s/12m00.0s

running (05m57.0s), 80/80 VUs, 7834 complete and 0 interrupted iterations
sudden_spike   [  50% ] 80/80 VUs  05m57.0s/12m00.0s

running (05m58.0s), 80/80 VUs, 7861 complete and 0 interrupted iterations
sudden_spike   [  50% ] 80/80 VUs  05m58.0s/12m00.0s

running (05m59.0s), 80/80 VUs, 7888 complete and 0 interrupted iterations
sudden_spike   [  50% ] 80/80 VUs  05m59.0s/12m00.0s

running (06m00.0s), 80/80 VUs, 7915 complete and 0 interrupted iterations
sudden_spike   [  50% ] 80/80 VUs  06m00.0s/12m00.0s

running (06m01.0s), 80/80 VUs, 7942 complete and 0 interrupted iterations
sudden_spike   [  50% ] 80/80 VUs  06m01.0s/12m00.0s

running (06m02.0s), 80/80 VUs, 7969 complete and 0 interrupted iterations
sudden_spike   [  50% ] 80/80 VUs  06m02.0s/12m00.0s

running (06m03.0s), 80/80 VUs, 7995 complete and 0 interrupted iterations
sudden_spike   [  50% ] 80/80 VUs  06m03.0s/12m00.0s

running (06m04.0s), 80/80 VUs, 8021 complete and 0 interrupted iterations
sudden_spike   [  51% ] 80/80 VUs  06m04.0s/12m00.0s

running (06m05.0s), 80/80 VUs, 8048 complete and 0 interrupted iterations
sudden_spike   [  51% ] 80/80 VUs  06m05.0s/12m00.0s

running (06m06.0s), 80/80 VUs, 8075 complete and 0 interrupted iterations
sudden_spike   [  51% ] 80/80 VUs  06m06.0s/12m00.0s

running (06m07.0s), 80/80 VUs, 8101 complete and 0 interrupted iterations
sudden_spike   [  51% ] 80/80 VUs  06m07.0s/12m00.0s

running (06m08.0s), 80/80 VUs, 8127 complete and 0 interrupted iterations
sudden_spike   [  51% ] 80/80 VUs  06m08.0s/12m00.0s

running (06m09.0s), 80/80 VUs, 8154 complete and 0 interrupted iterations
sudden_spike   [  51% ] 80/80 VUs  06m09.0s/12m00.0s

running (06m10.0s), 80/80 VUs, 8182 complete and 0 interrupted iterations
sudden_spike   [  51% ] 80/80 VUs  06m10.0s/12m00.0s

running (06m11.0s), 80/80 VUs, 8207 complete and 0 interrupted iterations
sudden_spike   [  52% ] 80/80 VUs  06m11.0s/12m00.0s

running (06m12.0s), 80/80 VUs, 8233 complete and 0 interrupted iterations
sudden_spike   [  52% ] 80/80 VUs  06m12.0s/12m00.0s

running (06m13.0s), 80/80 VUs, 8262 complete and 0 interrupted iterations
sudden_spike   [  52% ] 80/80 VUs  06m13.0s/12m00.0s

running (06m14.0s), 80/80 VUs, 8289 complete and 0 interrupted iterations
sudden_spike   [  52% ] 80/80 VUs  06m14.0s/12m00.0s

running (06m15.0s), 80/80 VUs, 8315 complete and 0 interrupted iterations
sudden_spike   [  52% ] 80/80 VUs  06m15.0s/12m00.0s

running (06m16.0s), 80/80 VUs, 8338 complete and 0 interrupted iterations
sudden_spike   [  52% ] 80/80 VUs  06m16.0s/12m00.0s

running (06m17.0s), 80/80 VUs, 8365 complete and 0 interrupted iterations
sudden_spike   [  52% ] 80/80 VUs  06m17.0s/12m00.0s

running (06m18.0s), 80/80 VUs, 8394 complete and 0 interrupted iterations
sudden_spike   [  52% ] 80/80 VUs  06m18.0s/12m00.0s

running (06m19.0s), 80/80 VUs, 8422 complete and 0 interrupted iterations
sudden_spike   [  53% ] 80/80 VUs  06m19.0s/12m00.0s

running (06m20.0s), 80/80 VUs, 8449 complete and 0 interrupted iterations
sudden_spike   [  53% ] 80/80 VUs  06m20.0s/12m00.0s

running (06m21.0s), 80/80 VUs, 8469 complete and 0 interrupted iterations
sudden_spike   [  53% ] 80/80 VUs  06m21.0s/12m00.0s

running (06m22.0s), 80/80 VUs, 8495 complete and 0 interrupted iterations
sudden_spike   [  53% ] 80/80 VUs  06m22.0s/12m00.0s

running (06m23.0s), 80/80 VUs, 8514 complete and 0 interrupted iterations
sudden_spike   [  53% ] 80/80 VUs  06m23.0s/12m00.0s

running (06m24.0s), 80/80 VUs, 8534 complete and 0 interrupted iterations
sudden_spike   [  53% ] 80/80 VUs  06m24.0s/12m00.0s

running (06m25.0s), 80/80 VUs, 8556 complete and 0 interrupted iterations
sudden_spike   [  53% ] 80/80 VUs  06m25.0s/12m00.0s

running (06m26.0s), 80/80 VUs, 8583 complete and 0 interrupted iterations
sudden_spike   [  54% ] 80/80 VUs  06m26.0s/12m00.0s

running (06m27.0s), 80/80 VUs, 8611 complete and 0 interrupted iterations
sudden_spike   [  54% ] 80/80 VUs  06m27.0s/12m00.0s

running (06m28.0s), 80/80 VUs, 8637 complete and 0 interrupted iterations
sudden_spike   [  54% ] 80/80 VUs  06m28.0s/12m00.0s

running (06m29.0s), 80/80 VUs, 8665 complete and 0 interrupted iterations
sudden_spike   [  54% ] 80/80 VUs  06m29.0s/12m00.0s

running (06m30.0s), 80/80 VUs, 8690 complete and 0 interrupted iterations
sudden_spike   [  54% ] 80/80 VUs  06m30.0s/12m00.0s

running (06m31.0s), 80/80 VUs, 8717 complete and 0 interrupted iterations
sudden_spike   [  54% ] 80/80 VUs  06m31.0s/12m00.0s

running (06m32.0s), 80/80 VUs, 8743 complete and 0 interrupted iterations
sudden_spike   [  54% ] 80/80 VUs  06m32.0s/12m00.0s

running (06m33.0s), 80/80 VUs, 8770 complete and 0 interrupted iterations
sudden_spike   [  55% ] 80/80 VUs  06m33.0s/12m00.0s

running (06m34.0s), 80/80 VUs, 8798 complete and 0 interrupted iterations
sudden_spike   [  55% ] 80/80 VUs  06m34.0s/12m00.0s

running (06m35.0s), 80/80 VUs, 8824 complete and 0 interrupted iterations
sudden_spike   [  55% ] 80/80 VUs  06m35.0s/12m00.0s

running (06m36.0s), 80/80 VUs, 8851 complete and 0 interrupted iterations
sudden_spike   [  55% ] 80/80 VUs  06m36.0s/12m00.0s

running (06m37.0s), 80/80 VUs, 8878 complete and 0 interrupted iterations
sudden_spike   [  55% ] 80/80 VUs  06m37.0s/12m00.0s

running (06m38.0s), 80/80 VUs, 8904 complete and 0 interrupted iterations
sudden_spike   [  55% ] 80/80 VUs  06m38.0s/12m00.0s

running (06m39.0s), 80/80 VUs, 8932 complete and 0 interrupted iterations
sudden_spike   [  55% ] 80/80 VUs  06m39.0s/12m00.0s

running (06m40.0s), 80/80 VUs, 8957 complete and 0 interrupted iterations
sudden_spike   [  56% ] 80/80 VUs  06m40.0s/12m00.0s

running (06m41.0s), 80/80 VUs, 8961 complete and 0 interrupted iterations
sudden_spike   [  56% ] 80/80 VUs  06m41.0s/12m00.0s

running (06m42.0s), 80/80 VUs, 8985 complete and 0 interrupted iterations
sudden_spike   [  56% ] 80/80 VUs  06m42.0s/12m00.0s

running (06m43.0s), 80/80 VUs, 9012 complete and 0 interrupted iterations
sudden_spike   [  56% ] 80/80 VUs  06m43.0s/12m00.0s

running (06m44.0s), 80/80 VUs, 9039 complete and 0 interrupted iterations
sudden_spike   [  56% ] 80/80 VUs  06m44.0s/12m00.0s

running (06m45.0s), 80/80 VUs, 9066 complete and 0 interrupted iterations
sudden_spike   [  56% ] 80/80 VUs  06m45.0s/12m00.0s

running (06m46.0s), 80/80 VUs, 9093 complete and 0 interrupted iterations
sudden_spike   [  56% ] 80/80 VUs  06m46.0s/12m00.0s

running (06m47.0s), 80/80 VUs, 9120 complete and 0 interrupted iterations
sudden_spike   [  57% ] 80/80 VUs  06m47.0s/12m00.0s

running (06m48.0s), 80/80 VUs, 9146 complete and 0 interrupted iterations
sudden_spike   [  57% ] 80/80 VUs  06m48.0s/12m00.0s

running (06m49.0s), 80/80 VUs, 9173 complete and 0 interrupted iterations
sudden_spike   [  57% ] 80/80 VUs  06m49.0s/12m00.0s

running (06m50.0s), 80/80 VUs, 9200 complete and 0 interrupted iterations
sudden_spike   [  57% ] 80/80 VUs  06m50.0s/12m00.0s

running (06m51.0s), 80/80 VUs, 9223 complete and 0 interrupted iterations
sudden_spike   [  57% ] 80/80 VUs  06m51.0s/12m00.0s

running (06m52.0s), 80/80 VUs, 9242 complete and 0 interrupted iterations
sudden_spike   [  57% ] 80/80 VUs  06m52.0s/12m00.0s

running (06m53.0s), 80/80 VUs, 9259 complete and 0 interrupted iterations
sudden_spike   [  57% ] 80/80 VUs  06m53.0s/12m00.0s

running (06m54.0s), 80/80 VUs, 9281 complete and 0 interrupted iterations
sudden_spike   [  57% ] 80/80 VUs  06m54.0s/12m00.0s

running (06m55.0s), 80/80 VUs, 9307 complete and 0 interrupted iterations
sudden_spike   [  58% ] 80/80 VUs  06m55.0s/12m00.0s

running (06m56.0s), 80/80 VUs, 9333 complete and 0 interrupted iterations
sudden_spike   [  58% ] 80/80 VUs  06m56.0s/12m00.0s

running (06m57.0s), 80/80 VUs, 9361 complete and 0 interrupted iterations
sudden_spike   [  58% ] 80/80 VUs  06m57.0s/12m00.0s

running (06m58.0s), 80/80 VUs, 9389 complete and 0 interrupted iterations
sudden_spike   [  58% ] 80/80 VUs  06m58.0s/12m00.0s

running (06m59.0s), 80/80 VUs, 9415 complete and 0 interrupted iterations
sudden_spike   [  58% ] 80/80 VUs  06m59.0s/12m00.0s

running (07m00.0s), 80/80 VUs, 9442 complete and 0 interrupted iterations
sudden_spike   [  58% ] 80/80 VUs  07m00.0s/12m00.0s

running (07m01.0s), 80/80 VUs, 9468 complete and 0 interrupted iterations
sudden_spike   [  58% ] 80/80 VUs  07m01.0s/12m00.0s

running (07m02.0s), 80/80 VUs, 9495 complete and 0 interrupted iterations
sudden_spike   [  59% ] 80/80 VUs  07m02.0s/12m00.0s

running (07m03.0s), 80/80 VUs, 9522 complete and 0 interrupted iterations
sudden_spike   [  59% ] 80/80 VUs  07m03.0s/12m00.0s

running (07m04.0s), 80/80 VUs, 9549 complete and 0 interrupted iterations
sudden_spike   [  59% ] 80/80 VUs  07m04.0s/12m00.0s

running (07m05.0s), 80/80 VUs, 9572 complete and 0 interrupted iterations
sudden_spike   [  59% ] 80/80 VUs  07m05.0s/12m00.0s

running (07m06.0s), 80/80 VUs, 9577 complete and 0 interrupted iterations
sudden_spike   [  59% ] 80/80 VUs  07m06.0s/12m00.0s

running (07m07.0s), 80/80 VUs, 9605 complete and 0 interrupted iterations
sudden_spike   [  59% ] 80/80 VUs  07m07.0s/12m00.0s

running (07m08.0s), 80/80 VUs, 9631 complete and 0 interrupted iterations
sudden_spike   [  59% ] 80/80 VUs  07m08.0s/12m00.0s

running (07m09.0s), 80/80 VUs, 9657 complete and 0 interrupted iterations
sudden_spike   [  60% ] 80/80 VUs  07m09.0s/12m00.0s

running (07m10.0s), 80/80 VUs, 9684 complete and 0 interrupted iterations
sudden_spike   [  60% ] 80/80 VUs  07m10.0s/12m00.0s

running (07m11.0s), 80/80 VUs, 9711 complete and 0 interrupted iterations
sudden_spike   [  60% ] 80/80 VUs  07m11.0s/12m00.0s

running (07m12.0s), 80/80 VUs, 9738 complete and 0 interrupted iterations
sudden_spike   [  60% ] 80/80 VUs  07m12.0s/12m00.0s

running (07m13.0s), 80/80 VUs, 9765 complete and 0 interrupted iterations
sudden_spike   [  60% ] 80/80 VUs  07m13.0s/12m00.0s

running (07m14.0s), 80/80 VUs, 9792 complete and 0 interrupted iterations
sudden_spike   [  60% ] 80/80 VUs  07m14.0s/12m00.0s

running (07m15.0s), 80/80 VUs, 9815 complete and 0 interrupted iterations
sudden_spike   [  60% ] 80/80 VUs  07m15.0s/12m00.0s

running (07m16.0s), 80/80 VUs, 9819 complete and 0 interrupted iterations
sudden_spike   [  61% ] 80/80 VUs  07m16.0s/12m00.0s

running (07m17.0s), 80/80 VUs, 9846 complete and 0 interrupted iterations
sudden_spike   [  61% ] 80/80 VUs  07m17.0s/12m00.0s

running (07m18.0s), 80/80 VUs, 9872 complete and 0 interrupted iterations
sudden_spike   [  61% ] 80/80 VUs  07m18.0s/12m00.0s

running (07m19.0s), 80/80 VUs, 9899 complete and 0 interrupted iterations
sudden_spike   [  61% ] 80/80 VUs  07m19.0s/12m00.0s

running (07m20.0s), 80/80 VUs, 9926 complete and 0 interrupted iterations
sudden_spike   [  61% ] 80/80 VUs  07m20.0s/12m00.0s

running (07m21.0s), 80/80 VUs, 9952 complete and 0 interrupted iterations
sudden_spike   [  61% ] 80/80 VUs  07m21.0s/12m00.0s

running (07m22.0s), 80/80 VUs, 9979 complete and 0 interrupted iterations
sudden_spike   [  61% ] 80/80 VUs  07m22.0s/12m00.0s

running (07m23.0s), 80/80 VUs, 10006 complete and 0 interrupted iterations
sudden_spike   [  62% ] 80/80 VUs  07m23.0s/12m00.0s

running (07m24.0s), 80/80 VUs, 10019 complete and 0 interrupted iterations
sudden_spike   [  62% ] 80/80 VUs  07m24.0s/12m00.0s

running (07m25.0s), 80/80 VUs, 10033 complete and 0 interrupted iterations
sudden_spike   [  62% ] 80/80 VUs  07m25.0s/12m00.0s

running (07m26.0s), 80/80 VUs, 10060 complete and 0 interrupted iterations
sudden_spike   [  62% ] 80/80 VUs  07m26.0s/12m00.0s

running (07m27.0s), 80/80 VUs, 10087 complete and 0 interrupted iterations
sudden_spike   [  62% ] 80/80 VUs  07m27.0s/12m00.0s

running (07m28.0s), 80/80 VUs, 10114 complete and 0 interrupted iterations
sudden_spike   [  62% ] 80/80 VUs  07m28.0s/12m00.0s

running (07m29.0s), 80/80 VUs, 10140 complete and 0 interrupted iterations
sudden_spike   [  62% ] 80/80 VUs  07m29.0s/12m00.0s

running (07m30.0s), 80/80 VUs, 10167 complete and 0 interrupted iterations
sudden_spike   [  62% ] 80/80 VUs  07m30.0s/12m00.0s

running (07m31.0s), 80/80 VUs, 10194 complete and 0 interrupted iterations
sudden_spike   [  63% ] 80/80 VUs  07m31.0s/12m00.0s

running (07m32.0s), 80/80 VUs, 10220 complete and 0 interrupted iterations
sudden_spike   [  63% ] 80/80 VUs  07m32.0s/12m00.0s

running (07m33.0s), 80/80 VUs, 10248 complete and 0 interrupted iterations
sudden_spike   [  63% ] 80/80 VUs  07m33.0s/12m00.0s

running (07m34.0s), 80/80 VUs, 10274 complete and 0 interrupted iterations
sudden_spike   [  63% ] 80/80 VUs  07m34.0s/12m00.0s

running (07m35.0s), 80/80 VUs, 10297 complete and 0 interrupted iterations
sudden_spike   [  63% ] 80/80 VUs  07m35.0s/12m00.0s

running (07m36.0s), 80/80 VUs, 10323 complete and 0 interrupted iterations
sudden_spike   [  63% ] 80/80 VUs  07m36.0s/12m00.0s

running (07m37.0s), 80/80 VUs, 10347 complete and 0 interrupted iterations
sudden_spike   [  63% ] 80/80 VUs  07m37.0s/12m00.0s

running (07m38.0s), 80/80 VUs, 10366 complete and 0 interrupted iterations
sudden_spike   [  64% ] 80/80 VUs  07m38.0s/12m00.0s

running (07m39.0s), 80/80 VUs, 10384 complete and 0 interrupted iterations
sudden_spike   [  64% ] 80/80 VUs  07m39.0s/12m00.0s

running (07m40.0s), 80/80 VUs, 10409 complete and 0 interrupted iterations
sudden_spike   [  64% ] 80/80 VUs  07m40.0s/12m00.0s

running (07m41.0s), 80/80 VUs, 10437 complete and 0 interrupted iterations
sudden_spike   [  64% ] 80/80 VUs  07m41.0s/12m00.0s

running (07m42.0s), 80/80 VUs, 10464 complete and 0 interrupted iterations
sudden_spike   [  64% ] 80/80 VUs  07m42.0s/12m00.0s

running (07m43.0s), 80/80 VUs, 10489 complete and 0 interrupted iterations
sudden_spike   [  64% ] 80/80 VUs  07m43.0s/12m00.0s

running (07m44.0s), 80/80 VUs, 10516 complete and 0 interrupted iterations
sudden_spike   [  64% ] 80/80 VUs  07m44.0s/12m00.0s

running (07m45.0s), 80/80 VUs, 10543 complete and 0 interrupted iterations
sudden_spike   [  65% ] 80/80 VUs  07m45.0s/12m00.0s

running (07m46.0s), 80/80 VUs, 10570 complete and 0 interrupted iterations
sudden_spike   [  65% ] 80/80 VUs  07m46.0s/12m00.0s

running (07m47.0s), 80/80 VUs, 10597 complete and 0 interrupted iterations
sudden_spike   [  65% ] 80/80 VUs  07m47.0s/12m00.0s

running (07m48.0s), 80/80 VUs, 10624 complete and 0 interrupted iterations
sudden_spike   [  65% ] 80/80 VUs  07m48.0s/12m00.0s

running (07m49.0s), 80/80 VUs, 10651 complete and 0 interrupted iterations
sudden_spike   [  65% ] 80/80 VUs  07m49.0s/12m00.0s

running (07m50.0s), 80/80 VUs, 10677 complete and 0 interrupted iterations
sudden_spike   [  65% ] 80/80 VUs  07m50.0s/12m00.0s

running (07m51.0s), 80/80 VUs, 10705 complete and 0 interrupted iterations
sudden_spike   [  65% ] 80/80 VUs  07m51.0s/12m00.0s

running (07m52.0s), 80/80 VUs, 10732 complete and 0 interrupted iterations
sudden_spike   [  66% ] 80/80 VUs  07m52.0s/12m00.0s

running (07m53.0s), 80/80 VUs, 10758 complete and 0 interrupted iterations
sudden_spike   [  66% ] 80/80 VUs  07m53.0s/12m00.0s

running (07m54.0s), 80/80 VUs, 10785 complete and 0 interrupted iterations
sudden_spike   [  66% ] 80/80 VUs  07m54.0s/12m00.0s

running (07m55.0s), 80/80 VUs, 10811 complete and 0 interrupted iterations
sudden_spike   [  66% ] 80/80 VUs  07m55.0s/12m00.0s

running (07m56.0s), 80/80 VUs, 10834 complete and 0 interrupted iterations
sudden_spike   [  66% ] 80/80 VUs  07m56.0s/12m00.0s

running (07m57.0s), 80/80 VUs, 10849 complete and 0 interrupted iterations
sudden_spike   [  66% ] 80/80 VUs  07m57.0s/12m00.0s

running (07m58.0s), 80/80 VUs, 10872 complete and 0 interrupted iterations
sudden_spike   [  66% ] 80/80 VUs  07m58.0s/12m00.0s

running (07m59.0s), 80/80 VUs, 10895 complete and 0 interrupted iterations
sudden_spike   [  67% ] 80/80 VUs  07m59.0s/12m00.0s

running (08m00.0s), 80/80 VUs, 10921 complete and 0 interrupted iterations
sudden_spike   [  67% ] 80/80 VUs  08m00.0s/12m00.0s

running (08m01.0s), 80/80 VUs, 10947 complete and 0 interrupted iterations
sudden_spike   [  67% ] 80/80 VUs  08m01.0s/12m00.0s

running (08m02.0s), 80/80 VUs, 10975 complete and 0 interrupted iterations
sudden_spike   [  67% ] 80/80 VUs  08m02.0s/12m00.0s

running (08m03.0s), 80/80 VUs, 11001 complete and 0 interrupted iterations
sudden_spike   [  67% ] 80/80 VUs  08m03.0s/12m00.0s

running (08m04.0s), 80/80 VUs, 11028 complete and 0 interrupted iterations
sudden_spike   [  67% ] 80/80 VUs  08m04.0s/12m00.0s

running (08m05.0s), 80/80 VUs, 11055 complete and 0 interrupted iterations
sudden_spike   [  67% ] 80/80 VUs  08m05.0s/12m00.0s

running (08m06.0s), 80/80 VUs, 11081 complete and 0 interrupted iterations
sudden_spike   [  67% ] 80/80 VUs  08m06.0s/12m00.0s

running (08m07.0s), 80/80 VUs, 11109 complete and 0 interrupted iterations
sudden_spike   [  68% ] 80/80 VUs  08m07.0s/12m00.0s

running (08m08.0s), 80/80 VUs, 11136 complete and 0 interrupted iterations
sudden_spike   [  68% ] 80/80 VUs  08m08.0s/12m00.0s

running (08m09.0s), 80/80 VUs, 11162 complete and 0 interrupted iterations
sudden_spike   [  68% ] 80/80 VUs  08m09.0s/12m00.0s

running (08m10.0s), 80/80 VUs, 11189 complete and 0 interrupted iterations
sudden_spike   [  68% ] 80/80 VUs  08m10.0s/12m00.0s

running (08m11.0s), 80/80 VUs, 11216 complete and 0 interrupted iterations
sudden_spike   [  68% ] 80/80 VUs  08m11.0s/12m00.0s

running (08m12.0s), 80/80 VUs, 11243 complete and 0 interrupted iterations
sudden_spike   [  68% ] 80/80 VUs  08m12.0s/12m00.0s

running (08m13.0s), 80/80 VUs, 11261 complete and 0 interrupted iterations
sudden_spike   [  68% ] 80/80 VUs  08m13.0s/12m00.0s

running (08m14.0s), 80/80 VUs, 11274 complete and 0 interrupted iterations
sudden_spike   [  69% ] 80/80 VUs  08m14.0s/12m00.0s

running (08m15.0s), 80/80 VUs, 11299 complete and 0 interrupted iterations
sudden_spike   [  69% ] 80/80 VUs  08m15.0s/12m00.0s

running (08m16.0s), 80/80 VUs, 11324 complete and 0 interrupted iterations
sudden_spike   [  69% ] 80/80 VUs  08m16.0s/12m00.0s

running (08m17.0s), 80/80 VUs, 11352 complete and 0 interrupted iterations
sudden_spike   [  69% ] 80/80 VUs  08m17.0s/12m00.0s

running (08m18.0s), 80/80 VUs, 11378 complete and 0 interrupted iterations
sudden_spike   [  69% ] 80/80 VUs  08m18.0s/12m00.0s

running (08m19.0s), 80/80 VUs, 11404 complete and 0 interrupted iterations
sudden_spike   [  69% ] 80/80 VUs  08m19.0s/12m00.0s

running (08m20.0s), 80/80 VUs, 11431 complete and 0 interrupted iterations
sudden_spike   [  69% ] 80/80 VUs  08m20.0s/12m00.0s

running (08m21.0s), 80/80 VUs, 11458 complete and 0 interrupted iterations
sudden_spike   [  70% ] 80/80 VUs  08m21.0s/12m00.0s

running (08m22.0s), 80/80 VUs, 11485 complete and 0 interrupted iterations
sudden_spike   [  70% ] 80/80 VUs  08m22.0s/12m00.0s

running (08m23.0s), 80/80 VUs, 11512 complete and 0 interrupted iterations
sudden_spike   [  70% ] 80/80 VUs  08m23.0s/12m00.0s

running (08m24.0s), 80/80 VUs, 11539 complete and 0 interrupted iterations
sudden_spike   [  70% ] 80/80 VUs  08m24.0s/12m00.0s

running (08m25.0s), 80/80 VUs, 11564 complete and 0 interrupted iterations
sudden_spike   [  70% ] 80/80 VUs  08m25.0s/12m00.0s

running (08m26.0s), 80/80 VUs, 11588 complete and 0 interrupted iterations
sudden_spike   [  70% ] 80/80 VUs  08m26.0s/12m00.0s

running (08m27.0s), 80/80 VUs, 11614 complete and 0 interrupted iterations
sudden_spike   [  70% ] 80/80 VUs  08m27.0s/12m00.0s

running (08m28.0s), 80/80 VUs, 11642 complete and 0 interrupted iterations
sudden_spike   [  71% ] 80/80 VUs  08m28.0s/12m00.0s

running (08m29.0s), 80/80 VUs, 11655 complete and 0 interrupted iterations
sudden_spike   [  71% ] 80/80 VUs  08m29.0s/12m00.0s

running (08m30.0s), 80/80 VUs, 11674 complete and 0 interrupted iterations
sudden_spike   [  71% ] 80/80 VUs  08m30.0s/12m00.0s

running (08m31.0s), 80/80 VUs, 11701 complete and 0 interrupted iterations
sudden_spike   [  71% ] 80/80 VUs  08m31.0s/12m00.0s

running (08m32.0s), 80/80 VUs, 11729 complete and 0 interrupted iterations
sudden_spike   [  71% ] 80/80 VUs  08m32.0s/12m00.0s

running (08m33.0s), 80/80 VUs, 11756 complete and 0 interrupted iterations
sudden_spike   [  71% ] 80/80 VUs  08m33.0s/12m00.0s

running (08m34.0s), 80/80 VUs, 11783 complete and 0 interrupted iterations
sudden_spike   [  71% ] 80/80 VUs  08m34.0s/12m00.0s

running (08m35.0s), 80/80 VUs, 11810 complete and 0 interrupted iterations
sudden_spike   [  72% ] 80/80 VUs  08m35.0s/12m00.0s

running (08m36.0s), 80/80 VUs, 11837 complete and 0 interrupted iterations
sudden_spike   [  72% ] 80/80 VUs  08m36.0s/12m00.0s

running (08m37.0s), 80/80 VUs, 11863 complete and 0 interrupted iterations
sudden_spike   [  72% ] 80/80 VUs  08m37.0s/12m00.0s

running (08m38.0s), 80/80 VUs, 11887 complete and 0 interrupted iterations
sudden_spike   [  72% ] 80/80 VUs  08m38.0s/12m00.0s

running (08m39.0s), 80/80 VUs, 11914 complete and 0 interrupted iterations
sudden_spike   [  72% ] 80/80 VUs  08m39.0s/12m00.0s

running (08m40.0s), 80/80 VUs, 11930 complete and 0 interrupted iterations
sudden_spike   [  72% ] 80/80 VUs  08m40.0s/12m00.0s

running (08m41.0s), 80/80 VUs, 11946 complete and 0 interrupted iterations
sudden_spike   [  72% ] 80/80 VUs  08m41.0s/12m00.0s

running (08m42.0s), 80/80 VUs, 11971 complete and 0 interrupted iterations
sudden_spike   [  72% ] 80/80 VUs  08m42.0s/12m00.0s

running (08m43.0s), 80/80 VUs, 11998 complete and 0 interrupted iterations
sudden_spike   [  73% ] 80/80 VUs  08m43.0s/12m00.0s

running (08m44.0s), 80/80 VUs, 12024 complete and 0 interrupted iterations
sudden_spike   [  73% ] 80/80 VUs  08m44.0s/12m00.0s

running (08m45.0s), 80/80 VUs, 12051 complete and 0 interrupted iterations
sudden_spike   [  73% ] 80/80 VUs  08m45.0s/12m00.0s

running (08m46.0s), 80/80 VUs, 12078 complete and 0 interrupted iterations
sudden_spike   [  73% ] 80/80 VUs  08m46.0s/12m00.0s

running (08m47.0s), 80/80 VUs, 12105 complete and 0 interrupted iterations
sudden_spike   [  73% ] 80/80 VUs  08m47.0s/12m00.0s

running (08m48.0s), 80/80 VUs, 12131 complete and 0 interrupted iterations
sudden_spike   [  73% ] 80/80 VUs  08m48.0s/12m00.0s

running (08m49.0s), 80/80 VUs, 12158 complete and 0 interrupted iterations
sudden_spike   [  73% ] 80/80 VUs  08m49.0s/12m00.0s

running (08m50.0s), 80/80 VUs, 12181 complete and 0 interrupted iterations
sudden_spike   [  74% ] 80/80 VUs  08m50.0s/12m00.0s

running (08m51.0s), 80/80 VUs, 12192 complete and 0 interrupted iterations
sudden_spike   [  74% ] 80/80 VUs  08m51.0s/12m00.0s

running (08m52.0s), 80/80 VUs, 12213 complete and 0 interrupted iterations
sudden_spike   [  74% ] 80/80 VUs  08m52.0s/12m00.0s

running (08m53.0s), 80/80 VUs, 12240 complete and 0 interrupted iterations
sudden_spike   [  74% ] 80/80 VUs  08m53.0s/12m00.0s

running (08m54.0s), 80/80 VUs, 12267 complete and 0 interrupted iterations
sudden_spike   [  74% ] 80/80 VUs  08m54.0s/12m00.0s

running (08m55.0s), 80/80 VUs, 12293 complete and 0 interrupted iterations
sudden_spike   [  74% ] 80/80 VUs  08m55.0s/12m00.0s

running (08m56.0s), 80/80 VUs, 12320 complete and 0 interrupted iterations
sudden_spike   [  74% ] 80/80 VUs  08m56.0s/12m00.0s

running (08m57.0s), 80/80 VUs, 12347 complete and 0 interrupted iterations
sudden_spike   [  75% ] 80/80 VUs  08m57.0s/12m00.0s

running (08m58.0s), 80/80 VUs, 12374 complete and 0 interrupted iterations
sudden_spike   [  75% ] 80/80 VUs  08m58.0s/12m00.0s

running (08m59.0s), 80/80 VUs, 12400 complete and 0 interrupted iterations
sudden_spike   [  75% ] 80/80 VUs  08m59.0s/12m00.0s

running (09m00.0s), 80/80 VUs, 12427 complete and 0 interrupted iterations
sudden_spike   [  75% ] 80/80 VUs  09m00.0s/12m00.0s

running (09m01.0s), 80/80 VUs, 12454 complete and 0 interrupted iterations
sudden_spike   [  75% ] 80/80 VUs  09m01.0s/12m00.0s

running (09m02.0s), 80/80 VUs, 12480 complete and 0 interrupted iterations
sudden_spike   [  75% ] 80/80 VUs  09m02.0s/12m00.0s

running (09m03.0s), 79/80 VUs, 12508 complete and 0 interrupted iterations
sudden_spike   [  75% ] 79/80 VUs  09m03.0s/12m00.0s

running (09m04.0s), 79/80 VUs, 12534 complete and 0 interrupted iterations
sudden_spike   [  76% ] 79/80 VUs  09m04.0s/12m00.0s

running (09m05.0s), 79/80 VUs, 12561 complete and 0 interrupted iterations
sudden_spike   [  76% ] 79/80 VUs  09m05.0s/12m00.0s

running (09m06.0s), 79/80 VUs, 12586 complete and 0 interrupted iterations
sudden_spike   [  76% ] 79/80 VUs  09m06.0s/12m00.0s

running (09m07.0s), 78/80 VUs, 12614 complete and 0 interrupted iterations
sudden_spike   [  76% ] 78/80 VUs  09m07.0s/12m00.0s

running (09m08.0s), 78/80 VUs, 12640 complete and 0 interrupted iterations
sudden_spike   [  76% ] 78/80 VUs  09m08.0s/12m00.0s

running (09m09.0s), 77/80 VUs, 12654 complete and 0 interrupted iterations
sudden_spike   [  76% ] 77/80 VUs  09m09.0s/12m00.0s

running (09m10.0s), 77/80 VUs, 12670 complete and 0 interrupted iterations
sudden_spike   [  76% ] 77/80 VUs  09m10.0s/12m00.0s

running (09m11.0s), 77/80 VUs, 12696 complete and 0 interrupted iterations
sudden_spike   [  77% ] 77/80 VUs  09m11.0s/12m00.0s

running (09m12.0s), 77/80 VUs, 12723 complete and 0 interrupted iterations
sudden_spike   [  77% ] 77/80 VUs  09m12.0s/12m00.0s

running (09m13.0s), 76/80 VUs, 12750 complete and 0 interrupted iterations
sudden_spike   [  77% ] 76/80 VUs  09m13.0s/12m00.0s

running (09m14.0s), 75/80 VUs, 12777 complete and 0 interrupted iterations
sudden_spike   [  77% ] 75/80 VUs  09m14.0s/12m00.0s

running (09m15.0s), 75/80 VUs, 12804 complete and 0 interrupted iterations
sudden_spike   [  77% ] 75/80 VUs  09m15.0s/12m00.0s

running (09m16.0s), 75/80 VUs, 12831 complete and 0 interrupted iterations
sudden_spike   [  77% ] 75/80 VUs  09m16.0s/12m00.0s

running (09m17.0s), 74/80 VUs, 12858 complete and 0 interrupted iterations
sudden_spike   [  77% ] 74/80 VUs  09m17.0s/12m00.0s

running (09m18.0s), 73/80 VUs, 12885 complete and 0 interrupted iterations
sudden_spike   [  77% ] 73/80 VUs  09m18.0s/12m00.0s

running (09m19.0s), 72/80 VUs, 12911 complete and 0 interrupted iterations
sudden_spike   [  78% ] 72/80 VUs  09m19.0s/12m00.0s

running (09m20.0s), 72/80 VUs, 12938 complete and 0 interrupted iterations
sudden_spike   [  78% ] 72/80 VUs  09m20.0s/12m00.0s

running (09m21.0s), 72/80 VUs, 12965 complete and 0 interrupted iterations
sudden_spike   [  78% ] 72/80 VUs  09m21.0s/12m00.0s

running (09m22.0s), 71/80 VUs, 12992 complete and 0 interrupted iterations
sudden_spike   [  78% ] 71/80 VUs  09m22.0s/12m00.0s

running (09m23.0s), 70/80 VUs, 13018 complete and 0 interrupted iterations
sudden_spike   [  78% ] 70/80 VUs  09m23.0s/12m00.0s

running (09m24.0s), 70/80 VUs, 13045 complete and 0 interrupted iterations
sudden_spike   [  78% ] 70/80 VUs  09m24.0s/12m00.0s

running (09m25.0s), 70/80 VUs, 13072 complete and 0 interrupted iterations
sudden_spike   [  78% ] 70/80 VUs  09m25.0s/12m00.0s

running (09m26.0s), 69/80 VUs, 13098 complete and 0 interrupted iterations
sudden_spike   [  79% ] 69/80 VUs  09m26.0s/12m00.0s

running (09m27.0s), 69/80 VUs, 13125 complete and 0 interrupted iterations
sudden_spike   [  79% ] 69/80 VUs  09m27.0s/12m00.0s

running (09m28.0s), 68/80 VUs, 13153 complete and 0 interrupted iterations
sudden_spike   [  79% ] 68/80 VUs  09m28.0s/12m00.0s

running (09m29.0s), 68/80 VUs, 13179 complete and 0 interrupted iterations
sudden_spike   [  79% ] 68/80 VUs  09m29.0s/12m00.0s

running (09m30.0s), 68/80 VUs, 13206 complete and 0 interrupted iterations
sudden_spike   [  79% ] 68/80 VUs  09m30.0s/12m00.0s

running (09m31.0s), 68/80 VUs, 13233 complete and 0 interrupted iterations
sudden_spike   [  79% ] 68/80 VUs  09m31.0s/12m00.0s

running (09m32.0s), 67/80 VUs, 13259 complete and 0 interrupted iterations
sudden_spike   [  79% ] 67/80 VUs  09m32.0s/12m00.0s

running (09m33.0s), 66/80 VUs, 13286 complete and 0 interrupted iterations
sudden_spike   [  80% ] 66/80 VUs  09m33.0s/12m00.0s

running (09m34.0s), 66/80 VUs, 13313 complete and 0 interrupted iterations
sudden_spike   [  80% ] 66/80 VUs  09m34.0s/12m00.0s

running (09m35.0s), 65/80 VUs, 13361 complete and 0 interrupted iterations
sudden_spike   [  80% ] 65/80 VUs  09m35.0s/12m00.0s

running (09m36.0s), 65/80 VUs, 13392 complete and 0 interrupted iterations
sudden_spike   [  80% ] 65/80 VUs  09m36.0s/12m00.0s

running (09m37.0s), 64/80 VUs, 13418 complete and 0 interrupted iterations
sudden_spike   [  80% ] 64/80 VUs  09m37.0s/12m00.0s

running (09m38.0s), 64/80 VUs, 13446 complete and 0 interrupted iterations
sudden_spike   [  80% ] 64/80 VUs  09m38.0s/12m00.0s

running (09m39.0s), 63/80 VUs, 13473 complete and 0 interrupted iterations
sudden_spike   [  80% ] 63/80 VUs  09m39.0s/12m00.0s

running (09m40.0s), 63/80 VUs, 13500 complete and 0 interrupted iterations
sudden_spike   [  81% ] 63/80 VUs  09m40.0s/12m00.0s

running (09m41.0s), 63/80 VUs, 13526 complete and 0 interrupted iterations
sudden_spike   [  81% ] 63/80 VUs  09m41.0s/12m00.0s

running (09m42.0s), 63/80 VUs, 13553 complete and 0 interrupted iterations
sudden_spike   [  81% ] 63/80 VUs  09m42.0s/12m00.0s

running (09m43.0s), 62/80 VUs, 13582 complete and 0 interrupted iterations
sudden_spike   [  81% ] 62/80 VUs  09m43.0s/12m00.0s

running (09m44.0s), 61/80 VUs, 13625 complete and 0 interrupted iterations
sudden_spike   [  81% ] 61/80 VUs  09m44.0s/12m00.0s

running (09m45.0s), 61/80 VUs, 13658 complete and 0 interrupted iterations
sudden_spike   [  81% ] 61/80 VUs  09m45.0s/12m00.0s

running (09m46.0s), 60/80 VUs, 13684 complete and 0 interrupted iterations
sudden_spike   [  81% ] 60/80 VUs  09m46.0s/12m00.0s

running (09m47.0s), 60/80 VUs, 13712 complete and 0 interrupted iterations
sudden_spike   [  82% ] 60/80 VUs  09m47.0s/12m00.0s

running (09m48.0s), 60/80 VUs, 13760 complete and 0 interrupted iterations
sudden_spike   [  82% ] 60/80 VUs  09m48.0s/12m00.0s

running (09m49.0s), 60/80 VUs, 13783 complete and 0 interrupted iterations
sudden_spike   [  82% ] 60/80 VUs  09m49.0s/12m00.0s

running (09m50.0s), 58/80 VUs, 13815 complete and 0 interrupted iterations
sudden_spike   [  82% ] 58/80 VUs  09m50.0s/12m00.0s

running (09m51.0s), 58/80 VUs, 13855 complete and 0 interrupted iterations
sudden_spike   [  82% ] 58/80 VUs  09m51.0s/12m00.0s

running (09m52.0s), 58/80 VUs, 13888 complete and 0 interrupted iterations
sudden_spike   [  82% ] 58/80 VUs  09m52.0s/12m00.0s

running (09m53.0s), 58/80 VUs, 13923 complete and 0 interrupted iterations
sudden_spike   [  82% ] 58/80 VUs  09m53.0s/12m00.0s

running (09m54.0s), 57/80 VUs, 13954 complete and 0 interrupted iterations
sudden_spike   [  82% ] 57/80 VUs  09m54.0s/12m00.0s

running (09m55.0s), 56/80 VUs, 13994 complete and 0 interrupted iterations
sudden_spike   [  83% ] 56/80 VUs  09m55.0s/12m00.0s

running (09m56.0s), 56/80 VUs, 14031 complete and 0 interrupted iterations
sudden_spike   [  83% ] 56/80 VUs  09m56.0s/12m00.0s

running (09m57.0s), 55/80 VUs, 14072 complete and 0 interrupted iterations
sudden_spike   [  83% ] 55/80 VUs  09m57.0s/12m00.0s

running (09m58.0s), 55/80 VUs, 14108 complete and 0 interrupted iterations
sudden_spike   [  83% ] 55/80 VUs  09m58.0s/12m00.0s

running (09m59.0s), 55/80 VUs, 14143 complete and 0 interrupted iterations
sudden_spike   [  83% ] 55/80 VUs  09m59.0s/12m00.0s

running (10m00.0s), 54/80 VUs, 14182 complete and 0 interrupted iterations
sudden_spike   [  83% ] 54/80 VUs  10m00.0s/12m00.0s

running (10m01.0s), 53/80 VUs, 14226 complete and 0 interrupted iterations
sudden_spike   [  83% ] 53/80 VUs  10m01.0s/12m00.0s

running (10m02.0s), 53/80 VUs, 14261 complete and 0 interrupted iterations
sudden_spike   [  84% ] 53/80 VUs  10m02.0s/12m00.0s

running (10m03.0s), 53/80 VUs, 14301 complete and 0 interrupted iterations
sudden_spike   [  84% ] 53/80 VUs  10m03.0s/12m00.0s

running (10m04.0s), 53/80 VUs, 14337 complete and 0 interrupted iterations
sudden_spike   [  84% ] 53/80 VUs  10m04.0s/12m00.0s

running (10m05.0s), 52/80 VUs, 14381 complete and 0 interrupted iterations
sudden_spike   [  84% ] 52/80 VUs  10m05.0s/12m00.0s

running (10m06.0s), 52/80 VUs, 14422 complete and 0 interrupted iterations
sudden_spike   [  84% ] 52/80 VUs  10m06.0s/12m00.0s

running (10m07.0s), 51/80 VUs, 14462 complete and 0 interrupted iterations
sudden_spike   [  84% ] 51/80 VUs  10m07.0s/12m00.0s

running (10m08.0s), 51/80 VUs, 14503 complete and 0 interrupted iterations
sudden_spike   [  84% ] 51/80 VUs  10m08.0s/12m00.0s

running (10m09.0s), 50/80 VUs, 14545 complete and 0 interrupted iterations
sudden_spike   [  85% ] 50/80 VUs  10m09.0s/12m00.0s

running (10m10.0s), 50/80 VUs, 14589 complete and 0 interrupted iterations
sudden_spike   [  85% ] 50/80 VUs  10m10.0s/12m00.0s

running (10m11.0s), 49/80 VUs, 14632 complete and 0 interrupted iterations
sudden_spike   [  85% ] 49/80 VUs  10m11.0s/12m00.0s

running (10m12.0s), 49/80 VUs, 14670 complete and 0 interrupted iterations
sudden_spike   [  85% ] 49/80 VUs  10m12.0s/12m00.0s

running (10m13.0s), 48/80 VUs, 14716 complete and 0 interrupted iterations
sudden_spike   [  85% ] 48/80 VUs  10m13.0s/12m00.0s

running (10m14.0s), 48/80 VUs, 14764 complete and 0 interrupted iterations
sudden_spike   [  85% ] 48/80 VUs  10m14.0s/12m00.0s

running (10m15.0s), 47/80 VUs, 14809 complete and 0 interrupted iterations
sudden_spike   [  85% ] 47/80 VUs  10m15.0s/12m00.0s

running (10m16.0s), 47/80 VUs, 14855 complete and 0 interrupted iterations
sudden_spike   [  86% ] 47/80 VUs  10m16.0s/12m00.0s

running (10m17.0s), 47/80 VUs, 14895 complete and 0 interrupted iterations
sudden_spike   [  86% ] 47/80 VUs  10m17.0s/12m00.0s

running (10m18.0s), 46/80 VUs, 14941 complete and 0 interrupted iterations
sudden_spike   [  86% ] 46/80 VUs  10m18.0s/12m00.0s

running (10m19.0s), 46/80 VUs, 14988 complete and 0 interrupted iterations
sudden_spike   [  86% ] 46/80 VUs  10m19.0s/12m00.0s

running (10m20.0s), 45/80 VUs, 15035 complete and 0 interrupted iterations
sudden_spike   [  86% ] 45/80 VUs  10m20.0s/12m00.0s

running (10m21.0s), 45/80 VUs, 15084 complete and 0 interrupted iterations
sudden_spike   [  86% ] 45/80 VUs  10m21.0s/12m00.0s

running (10m22.0s), 44/80 VUs, 15131 complete and 0 interrupted iterations
sudden_spike   [  86% ] 44/80 VUs  10m22.0s/12m00.0s

running (10m23.0s), 44/80 VUs, 15178 complete and 0 interrupted iterations
sudden_spike   [  87% ] 44/80 VUs  10m23.0s/12m00.0s

running (10m24.0s), 44/80 VUs, 15226 complete and 0 interrupted iterations
sudden_spike   [  87% ] 44/80 VUs  10m24.0s/12m00.0s

running (10m25.0s), 43/80 VUs, 15273 complete and 0 interrupted iterations
sudden_spike   [  87% ] 43/80 VUs  10m25.0s/12m00.0s

running (10m26.0s), 42/80 VUs, 15321 complete and 0 interrupted iterations
sudden_spike   [  87% ] 42/80 VUs  10m26.0s/12m00.0s

running (10m27.0s), 42/80 VUs, 15372 complete and 0 interrupted iterations
sudden_spike   [  87% ] 42/80 VUs  10m27.0s/12m00.0s

running (10m28.0s), 42/80 VUs, 15424 complete and 0 interrupted iterations
sudden_spike   [  87% ] 42/80 VUs  10m28.0s/12m00.0s

running (10m29.0s), 41/80 VUs, 15470 complete and 0 interrupted iterations
sudden_spike   [  87% ] 41/80 VUs  10m29.0s/12m00.0s

running (10m30.0s), 41/80 VUs, 15527 complete and 0 interrupted iterations
sudden_spike   [  87% ] 41/80 VUs  10m30.0s/12m00.0s

running (10m31.0s), 40/80 VUs, 15576 complete and 0 interrupted iterations
sudden_spike   [  88% ] 40/80 VUs  10m31.0s/12m00.0s

running (10m32.0s), 40/80 VUs, 15624 complete and 0 interrupted iterations
sudden_spike   [  88% ] 40/80 VUs  10m32.0s/12m00.0s

running (10m33.0s), 39/80 VUs, 15674 complete and 0 interrupted iterations
sudden_spike   [  88% ] 39/80 VUs  10m33.0s/12m00.0s

running (10m34.0s), 39/80 VUs, 15726 complete and 0 interrupted iterations
sudden_spike   [  88% ] 39/80 VUs  10m34.0s/12m00.0s

running (10m35.0s), 39/80 VUs, 15775 complete and 0 interrupted iterations
sudden_spike   [  88% ] 39/80 VUs  10m35.0s/12m00.0s

running (10m36.0s), 38/80 VUs, 15827 complete and 0 interrupted iterations
sudden_spike   [  88% ] 38/80 VUs  10m36.0s/12m00.0s

running (10m37.0s), 38/80 VUs, 15877 complete and 0 interrupted iterations
sudden_spike   [  88% ] 38/80 VUs  10m37.0s/12m00.0s

running (10m38.0s), 37/80 VUs, 15931 complete and 0 interrupted iterations
sudden_spike   [  89% ] 37/80 VUs  10m38.0s/12m00.0s

running (10m39.0s), 37/80 VUs, 15981 complete and 0 interrupted iterations
sudden_spike   [  89% ] 37/80 VUs  10m39.0s/12m00.0s

running (10m40.0s), 36/80 VUs, 16034 complete and 0 interrupted iterations
sudden_spike   [  89% ] 36/80 VUs  10m40.0s/12m00.0s

running (10m41.0s), 36/80 VUs, 16085 complete and 0 interrupted iterations
sudden_spike   [  89% ] 36/80 VUs  10m41.0s/12m00.0s

running (10m42.0s), 35/80 VUs, 16135 complete and 0 interrupted iterations
sudden_spike   [  89% ] 35/80 VUs  10m42.0s/12m00.0s

running (10m43.0s), 35/80 VUs, 16185 complete and 0 interrupted iterations
sudden_spike   [  89% ] 35/80 VUs  10m43.0s/12m00.0s

running (10m44.0s), 35/80 VUs, 16233 complete and 0 interrupted iterations
sudden_spike   [  89% ] 35/80 VUs  10m44.0s/12m00.0s

running (10m45.0s), 34/80 VUs, 16282 complete and 0 interrupted iterations
sudden_spike   [  90% ] 34/80 VUs  10m45.0s/12m00.0s

running (10m46.0s), 33/80 VUs, 16335 complete and 0 interrupted iterations
sudden_spike   [  90% ] 33/80 VUs  10m46.0s/12m00.0s

running (10m47.0s), 33/80 VUs, 16379 complete and 0 interrupted iterations
sudden_spike   [  90% ] 33/80 VUs  10m47.0s/12m00.0s

running (10m48.0s), 33/80 VUs, 16423 complete and 0 interrupted iterations
sudden_spike   [  90% ] 33/80 VUs  10m48.0s/12m00.0s

running (10m49.0s), 32/80 VUs, 16468 complete and 0 interrupted iterations
sudden_spike   [  90% ] 32/80 VUs  10m49.0s/12m00.0s

running (10m50.0s), 32/80 VUs, 16517 complete and 0 interrupted iterations
sudden_spike   [  90% ] 32/80 VUs  10m50.0s/12m00.0s

running (10m51.0s), 32/80 VUs, 16558 complete and 0 interrupted iterations
sudden_spike   [  90% ] 32/80 VUs  10m51.0s/12m00.0s

running (10m52.0s), 31/80 VUs, 16602 complete and 0 interrupted iterations
sudden_spike   [  91% ] 31/80 VUs  10m52.0s/12m00.0s

running (10m53.0s), 31/80 VUs, 16643 complete and 0 interrupted iterations
sudden_spike   [  91% ] 31/80 VUs  10m53.0s/12m00.0s

running (10m54.0s), 30/80 VUs, 16688 complete and 0 interrupted iterations
sudden_spike   [  91% ] 30/80 VUs  10m54.0s/12m00.0s

running (10m55.0s), 30/80 VUs, 16730 complete and 0 interrupted iterations
sudden_spike   [  91% ] 30/80 VUs  10m55.0s/12m00.0s

running (10m56.0s), 29/80 VUs, 16770 complete and 0 interrupted iterations
sudden_spike   [  91% ] 29/80 VUs  10m56.0s/12m00.0s

running (10m57.0s), 29/80 VUs, 16816 complete and 0 interrupted iterations
sudden_spike   [  91% ] 29/80 VUs  10m57.0s/12m00.0s

running (10m58.0s), 28/80 VUs, 16854 complete and 0 interrupted iterations
sudden_spike   [  91% ] 28/80 VUs  10m58.0s/12m00.0s

running (10m59.0s), 28/80 VUs, 16892 complete and 0 interrupted iterations
sudden_spike   [  92% ] 28/80 VUs  10m59.0s/12m00.0s

running (11m00.0s), 28/80 VUs, 16933 complete and 0 interrupted iterations
sudden_spike   [  92% ] 28/80 VUs  11m00.0s/12m00.0s

running (11m01.0s), 27/80 VUs, 16970 complete and 0 interrupted iterations
sudden_spike   [  92% ] 27/80 VUs  11m01.0s/12m00.0s

running (11m02.0s), 27/80 VUs, 17009 complete and 0 interrupted iterations
sudden_spike   [  92% ] 27/80 VUs  11m02.0s/12m00.0s

running (11m03.0s), 26/80 VUs, 17046 complete and 0 interrupted iterations
sudden_spike   [  92% ] 26/80 VUs  11m03.0s/12m00.0s

running (11m04.0s), 26/80 VUs, 17083 complete and 0 interrupted iterations
sudden_spike   [  92% ] 26/80 VUs  11m04.0s/12m00.0s

running (11m05.0s), 25/80 VUs, 17121 complete and 0 interrupted iterations
sudden_spike   [  92% ] 25/80 VUs  11m05.0s/12m00.0s

running (11m06.0s), 25/80 VUs, 17158 complete and 0 interrupted iterations
sudden_spike   [  92% ] 25/80 VUs  11m06.0s/12m00.0s

running (11m07.0s), 24/80 VUs, 17189 complete and 0 interrupted iterations
sudden_spike   [  93% ] 24/80 VUs  11m07.0s/12m00.0s

running (11m08.0s), 24/80 VUs, 17227 complete and 0 interrupted iterations
sudden_spike   [  93% ] 24/80 VUs  11m08.0s/12m00.0s

running (11m09.0s), 23/80 VUs, 17257 complete and 0 interrupted iterations
sudden_spike   [  93% ] 23/80 VUs  11m09.0s/12m00.0s

running (11m10.0s), 23/80 VUs, 17292 complete and 0 interrupted iterations
sudden_spike   [  93% ] 23/80 VUs  11m10.0s/12m00.0s

running (11m11.0s), 22/80 VUs, 17319 complete and 0 interrupted iterations
sudden_spike   [  93% ] 22/80 VUs  11m11.0s/12m00.0s

running (11m12.0s), 22/80 VUs, 17353 complete and 0 interrupted iterations
sudden_spike   [  93% ] 22/80 VUs  11m12.0s/12m00.0s

running (11m13.0s), 22/80 VUs, 17380 complete and 0 interrupted iterations
sudden_spike   [  93% ] 22/80 VUs  11m13.0s/12m00.0s

running (11m14.0s), 21/80 VUs, 17414 complete and 0 interrupted iterations
sudden_spike   [  94% ] 21/80 VUs  11m14.0s/12m00.0s

running (11m15.0s), 21/80 VUs, 17442 complete and 0 interrupted iterations
sudden_spike   [  94% ] 21/80 VUs  11m15.0s/12m00.0s

running (11m16.0s), 20/80 VUs, 17470 complete and 0 interrupted iterations
sudden_spike   [  94% ] 20/80 VUs  11m16.0s/12m00.0s

running (11m17.0s), 20/80 VUs, 17496 complete and 0 interrupted iterations
sudden_spike   [  94% ] 20/80 VUs  11m17.0s/12m00.0s

running (11m18.0s), 20/80 VUs, 17524 complete and 0 interrupted iterations
sudden_spike   [  94% ] 20/80 VUs  11m18.0s/12m00.0s

running (11m19.0s), 19/80 VUs, 17550 complete and 0 interrupted iterations
sudden_spike   [  94% ] 19/80 VUs  11m19.0s/12m00.0s

running (11m20.0s), 18/80 VUs, 17579 complete and 0 interrupted iterations
sudden_spike   [  94% ] 18/80 VUs  11m20.0s/12m00.0s

running (11m21.0s), 18/80 VUs, 17602 complete and 0 interrupted iterations
sudden_spike   [  95% ] 18/80 VUs  11m21.0s/12m00.0s

running (11m22.0s), 17/80 VUs, 17632 complete and 0 interrupted iterations
sudden_spike   [  95% ] 17/80 VUs  11m22.0s/12m00.0s

running (11m23.0s), 17/80 VUs, 17656 complete and 0 interrupted iterations
sudden_spike   [  95% ] 17/80 VUs  11m23.0s/12m00.0s

running (11m24.0s), 17/80 VUs, 17683 complete and 0 interrupted iterations
sudden_spike   [  95% ] 17/80 VUs  11m24.0s/12m00.0s

running (11m25.0s), 16/80 VUs, 17704 complete and 0 interrupted iterations
sudden_spike   [  95% ] 16/80 VUs  11m25.0s/12m00.0s

running (11m26.0s), 16/80 VUs, 17725 complete and 0 interrupted iterations
sudden_spike   [  95% ] 16/80 VUs  11m26.0s/12m00.0s

running (11m27.0s), 15/80 VUs, 17750 complete and 0 interrupted iterations
sudden_spike   [  95% ] 15/80 VUs  11m27.0s/12m00.0s

running (11m28.0s), 15/80 VUs, 17772 complete and 0 interrupted iterations
sudden_spike   [  96% ] 15/80 VUs  11m28.0s/12m00.0s

running (11m29.0s), 15/80 VUs, 17793 complete and 0 interrupted iterations
sudden_spike   [  96% ] 15/80 VUs  11m29.0s/12m00.0s

running (11m30.0s), 14/80 VUs, 17812 complete and 0 interrupted iterations
sudden_spike   [  96% ] 14/80 VUs  11m30.0s/12m00.0s

running (11m31.0s), 14/80 VUs, 17831 complete and 0 interrupted iterations
sudden_spike   [  96% ] 14/80 VUs  11m31.0s/12m00.0s

running (11m32.0s), 13/80 VUs, 17851 complete and 0 interrupted iterations
sudden_spike   [  96% ] 13/80 VUs  11m32.0s/12m00.0s

running (11m33.0s), 13/80 VUs, 17870 complete and 0 interrupted iterations
sudden_spike   [  96% ] 13/80 VUs  11m33.0s/12m00.0s

running (11m34.0s), 12/80 VUs, 17888 complete and 0 interrupted iterations
sudden_spike   [  96% ] 12/80 VUs  11m34.0s/12m00.0s

running (11m35.0s), 12/80 VUs, 17904 complete and 0 interrupted iterations
sudden_spike   [  97% ] 12/80 VUs  11m35.0s/12m00.0s

running (11m36.0s), 11/80 VUs, 17920 complete and 0 interrupted iterations
sudden_spike   [  97% ] 11/80 VUs  11m36.0s/12m00.0s

running (11m37.0s), 11/80 VUs, 17937 complete and 0 interrupted iterations
sudden_spike   [  97% ] 11/80 VUs  11m37.0s/12m00.0s

running (11m38.0s), 10/80 VUs, 17954 complete and 0 interrupted iterations
sudden_spike   [  97% ] 10/80 VUs  11m38.0s/12m00.0s

running (11m39.0s), 10/80 VUs, 17967 complete and 0 interrupted iterations
sudden_spike   [  97% ] 10/80 VUs  11m39.0s/12m00.0s

running (11m40.0s), 10/80 VUs, 17981 complete and 0 interrupted iterations
sudden_spike   [  97% ] 10/80 VUs  11m40.0s/12m00.0s

running (11m41.0s), 09/80 VUs, 17995 complete and 0 interrupted iterations
sudden_spike   [  97% ] 09/80 VUs  11m41.0s/12m00.0s

running (11m42.0s), 09/80 VUs, 18008 complete and 0 interrupted iterations
sudden_spike   [  97% ] 09/80 VUs  11m42.0s/12m00.0s

running (11m43.0s), 08/80 VUs, 18020 complete and 0 interrupted iterations
sudden_spike   [  98% ] 08/80 VUs  11m43.0s/12m00.0s

running (11m44.0s), 08/80 VUs, 18033 complete and 0 interrupted iterations
sudden_spike   [  98% ] 08/80 VUs  11m44.0s/12m00.0s

running (11m45.0s), 07/80 VUs, 18045 complete and 0 interrupted iterations
sudden_spike   [  98% ] 07/80 VUs  11m45.0s/12m00.0s

running (11m46.0s), 07/80 VUs, 18054 complete and 0 interrupted iterations
sudden_spike   [  98% ] 07/80 VUs  11m46.0s/12m00.0s

running (11m47.0s), 06/80 VUs, 18065 complete and 0 interrupted iterations
sudden_spike   [  98% ] 06/80 VUs  11m47.0s/12m00.0s

running (11m48.0s), 06/80 VUs, 18073 complete and 0 interrupted iterations
sudden_spike   [  98% ] 06/80 VUs  11m48.0s/12m00.0s

running (11m49.0s), 06/80 VUs, 18082 complete and 0 interrupted iterations
sudden_spike   [  98% ] 06/80 VUs  11m49.0s/12m00.0s

running (11m50.0s), 05/80 VUs, 18088 complete and 0 interrupted iterations
sudden_spike   [  99% ] 05/80 VUs  11m50.0s/12m00.0s

running (11m51.0s), 05/80 VUs, 18097 complete and 0 interrupted iterations
sudden_spike   [  99% ] 05/80 VUs  11m51.0s/12m00.0s

running (11m52.0s), 04/80 VUs, 18102 complete and 0 interrupted iterations
sudden_spike   [  99% ] 04/80 VUs  11m52.0s/12m00.0s

running (11m53.0s), 04/80 VUs, 18109 complete and 0 interrupted iterations
sudden_spike   [  99% ] 04/80 VUs  11m53.0s/12m00.0s

running (11m54.0s), 03/80 VUs, 18114 complete and 0 interrupted iterations
sudden_spike   [  99% ] 03/80 VUs  11m54.0s/12m00.0s

running (11m55.0s), 03/80 VUs, 18117 complete and 0 interrupted iterations
sudden_spike   [  99% ] 03/80 VUs  11m55.0s/12m00.0s

running (11m56.0s), 02/80 VUs, 18122 complete and 0 interrupted iterations
sudden_spike   [  99% ] 02/80 VUs  11m56.0s/12m00.0s

running (11m57.0s), 02/80 VUs, 18125 complete and 0 interrupted iterations
sudden_spike   [ 100% ] 02/80 VUs  11m57.0s/12m00.0s

running (11m58.0s), 01/80 VUs, 18128 complete and 0 interrupted iterations
sudden_spike   [ 100% ] 01/80 VUs  11m58.0s/12m00.0s

running (11m59.0s), 01/80 VUs, 18130 complete and 0 interrupted iterations
sudden_spike   [ 100% ] 01/80 VUs  11m59.0s/12m00.0s

running (12m00.0s), 01/80 VUs, 18131 complete and 0 interrupted iterations
sudden_spike   [ 100% ] 01/80 VUs  12m00.0s/12m00.0s

     ✓ status is 200
     ✓ returns quotes
     ✗ response time <2000ms
      ↳  36% — ✓ 6700 / ✗ 11432

     checks.........................: 78.98% ✓ 42964     ✗ 11432
     data_received..................: 14 MB  19 kB/s
     data_sent......................: 8.4 MB 12 kB/s
     http_req_blocked...............: avg=846.85µs min=460.29µs med=710.76µs max=28.57ms  p(90)=924.61µs p(95)=1.44ms 
     http_req_connecting............: avg=799.41µs min=435.94µs med=671.21µs max=28.52ms  p(90)=878.15µs p(95)=1.37ms 
   ✗ http_req_duration..............: avg=2.3s     min=469.79ms med=3.01s    max=3.88s    p(90)=3.29s    p(95)=3.36s  
       { expected_response:true }...: avg=2.3s     min=469.79ms med=3.01s    max=3.88s    p(90)=3.29s    p(95)=3.36s  
   ✓ http_req_failed................: 0.00%  ✓ 0         ✗ 18132
     http_req_receiving.............: avg=18.38ms  min=32.07µs  med=11.65ms  max=124.89ms p(90)=64.14ms  p(95)=66.43ms
     http_req_sending...............: avg=35.33µs  min=10.91µs  med=32.42µs  max=1.87ms   p(90)=46.58µs  p(95)=54.95µs
     http_req_tls_handshaking.......: avg=0s       min=0s       med=0s       max=0s       p(90)=0s       p(95)=0s     
     http_req_waiting...............: avg=2.28s    min=469.64ms med=2.99s    max=3.87s    p(90)=3.28s    p(95)=3.31s  
     http_reqs......................: 18132  25.178484/s
     iteration_duration.............: avg=2.3s     min=470.92ms med=3.01s    max=3.88s    p(90)=3.29s    p(95)=3.37s  
     iterations.....................: 18132  25.178484/s
     vus............................: 1      min=1       max=80 
     vus_max........................: 80     min=80      max=80 


running (12m00.1s), 00/80 VUs, 18132 complete and 0 interrupted iterations
sudden_spike ✓ [ 100% ] 00/80 VUs  12m0s
time="2026-08-15T09:19:49Z" level=error msg="thresholds on metrics 'http_req_duration' have been crossed"
