
          /\      |‾‾| /‾‾/   /‾‾/   
     /\  /  \     |  |/  /   /  /    
    /  \/    \    |     (   /   ‾‾\  
   /          \   |  |\  \ |  (‾)  | 
  / __________ \  |__| \__\ \_____/ .io

  execution: local
     script: /scripts/load-test.js
     output: json (/results/results.json)

  scenarios: (100.00%) 1 scenario, 80 max VUs, 12m30s max duration (incl. graceful stop):
           * sudden_spike: Up to 80 looping VUs for 12m0s over 4 stages (gracefulRampDown: 30s, gracefulStop: 30s)


running (00m01.0s), 10/80 VUs, 10 complete and 0 interrupted iterations
sudden_spike   [   0% ] 10/80 VUs  00m01.0s/12m00.0s

running (00m02.0s), 10/80 VUs, 21 complete and 0 interrupted iterations
sudden_spike   [   0% ] 10/80 VUs  00m02.0s/12m00.0s

running (00m03.0s), 10/80 VUs, 38 complete and 0 interrupted iterations
sudden_spike   [   0% ] 10/80 VUs  00m03.0s/12m00.0s

running (00m04.0s), 10/80 VUs, 50 complete and 0 interrupted iterations
sudden_spike   [   1% ] 10/80 VUs  00m04.0s/12m00.0s

running (00m05.0s), 10/80 VUs, 66 complete and 0 interrupted iterations
sudden_spike   [   1% ] 10/80 VUs  00m05.0s/12m00.0s

running (00m06.0s), 10/80 VUs, 78 complete and 0 interrupted iterations
sudden_spike   [   1% ] 10/80 VUs  00m06.0s/12m00.0s

running (00m07.0s), 10/80 VUs, 94 complete and 0 interrupted iterations
sudden_spike   [   1% ] 10/80 VUs  00m07.0s/12m00.0s

running (00m08.0s), 10/80 VUs, 107 complete and 0 interrupted iterations
sudden_spike   [   1% ] 10/80 VUs  00m08.0s/12m00.0s

running (00m09.0s), 10/80 VUs, 124 complete and 0 interrupted iterations
sudden_spike   [   1% ] 10/80 VUs  00m09.0s/12m00.0s

running (00m10.0s), 10/80 VUs, 135 complete and 0 interrupted iterations
sudden_spike   [   1% ] 10/80 VUs  00m10.0s/12m00.0s

running (00m11.0s), 10/80 VUs, 150 complete and 0 interrupted iterations
sudden_spike   [   2% ] 10/80 VUs  00m11.0s/12m00.0s

running (00m12.0s), 10/80 VUs, 167 complete and 0 interrupted iterations
sudden_spike   [   2% ] 10/80 VUs  00m12.0s/12m00.0s

running (00m13.0s), 10/80 VUs, 182 complete and 0 interrupted iterations
sudden_spike   [   2% ] 10/80 VUs  00m13.0s/12m00.0s

running (00m14.0s), 10/80 VUs, 194 complete and 0 interrupted iterations
sudden_spike   [   2% ] 10/80 VUs  00m14.0s/12m00.0s

running (00m15.0s), 10/80 VUs, 209 complete and 0 interrupted iterations
sudden_spike   [   2% ] 10/80 VUs  00m15.0s/12m00.0s

running (00m16.0s), 10/80 VUs, 221 complete and 0 interrupted iterations
sudden_spike   [   2% ] 10/80 VUs  00m16.0s/12m00.0s

running (00m17.0s), 10/80 VUs, 235 complete and 0 interrupted iterations
sudden_spike   [   2% ] 10/80 VUs  00m17.0s/12m00.0s

running (00m18.0s), 10/80 VUs, 250 complete and 0 interrupted iterations
sudden_spike   [   2% ] 10/80 VUs  00m18.0s/12m00.0s

running (00m19.0s), 10/80 VUs, 266 complete and 0 interrupted iterations
sudden_spike   [   3% ] 10/80 VUs  00m19.0s/12m00.0s

running (00m20.0s), 10/80 VUs, 278 complete and 0 interrupted iterations
sudden_spike   [   3% ] 10/80 VUs  00m20.0s/12m00.0s

running (00m21.0s), 10/80 VUs, 290 complete and 0 interrupted iterations
sudden_spike   [   3% ] 10/80 VUs  00m21.0s/12m00.0s

running (00m22.0s), 10/80 VUs, 306 complete and 0 interrupted iterations
sudden_spike   [   3% ] 10/80 VUs  00m22.0s/12m00.0s

running (00m23.0s), 10/80 VUs, 320 complete and 0 interrupted iterations
sudden_spike   [   3% ] 10/80 VUs  00m23.0s/12m00.0s

running (00m24.0s), 10/80 VUs, 333 complete and 0 interrupted iterations
sudden_spike   [   3% ] 10/80 VUs  00m24.0s/12m00.0s

running (00m25.0s), 10/80 VUs, 347 complete and 0 interrupted iterations
sudden_spike   [   3% ] 10/80 VUs  00m25.0s/12m00.0s

running (00m26.0s), 10/80 VUs, 361 complete and 0 interrupted iterations
sudden_spike   [   4% ] 10/80 VUs  00m26.0s/12m00.0s

running (00m27.0s), 10/80 VUs, 374 complete and 0 interrupted iterations
sudden_spike   [   4% ] 10/80 VUs  00m27.0s/12m00.0s

running (00m28.0s), 10/80 VUs, 389 complete and 0 interrupted iterations
sudden_spike   [   4% ] 10/80 VUs  00m28.0s/12m00.0s

running (00m29.0s), 10/80 VUs, 402 complete and 0 interrupted iterations
sudden_spike   [   4% ] 10/80 VUs  00m29.0s/12m00.0s

running (00m30.0s), 10/80 VUs, 416 complete and 0 interrupted iterations
sudden_spike   [   4% ] 10/80 VUs  00m30.0s/12m00.0s

running (00m31.0s), 10/80 VUs, 430 complete and 0 interrupted iterations
sudden_spike   [   4% ] 10/80 VUs  00m31.0s/12m00.0s

running (00m32.0s), 10/80 VUs, 442 complete and 0 interrupted iterations
sudden_spike   [   4% ] 10/80 VUs  00m32.0s/12m00.0s

running (00m33.0s), 10/80 VUs, 460 complete and 0 interrupted iterations
sudden_spike   [   5% ] 10/80 VUs  00m33.0s/12m00.0s

running (00m34.0s), 10/80 VUs, 473 complete and 0 interrupted iterations
sudden_spike   [   5% ] 10/80 VUs  00m34.0s/12m00.0s

running (00m35.0s), 10/80 VUs, 491 complete and 0 interrupted iterations
sudden_spike   [   5% ] 10/80 VUs  00m35.0s/12m00.0s

running (00m36.0s), 10/80 VUs, 502 complete and 0 interrupted iterations
sudden_spike   [   5% ] 10/80 VUs  00m36.0s/12m00.0s

running (00m37.0s), 10/80 VUs, 518 complete and 0 interrupted iterations
sudden_spike   [   5% ] 10/80 VUs  00m37.0s/12m00.0s

running (00m38.0s), 10/80 VUs, 529 complete and 0 interrupted iterations
sudden_spike   [   5% ] 10/80 VUs  00m38.0s/12m00.0s

running (00m39.0s), 10/80 VUs, 544 complete and 0 interrupted iterations
sudden_spike   [   5% ] 10/80 VUs  00m39.0s/12m00.0s

running (00m40.0s), 10/80 VUs, 558 complete and 0 interrupted iterations
sudden_spike   [   6% ] 10/80 VUs  00m40.0s/12m00.0s

running (00m41.0s), 10/80 VUs, 573 complete and 0 interrupted iterations
sudden_spike   [   6% ] 10/80 VUs  00m41.0s/12m00.0s

running (00m42.0s), 10/80 VUs, 584 complete and 0 interrupted iterations
sudden_spike   [   6% ] 10/80 VUs  00m42.0s/12m00.0s

running (00m43.0s), 10/80 VUs, 600 complete and 0 interrupted iterations
sudden_spike   [   6% ] 10/80 VUs  00m43.0s/12m00.0s

running (00m44.0s), 10/80 VUs, 614 complete and 0 interrupted iterations
sudden_spike   [   6% ] 10/80 VUs  00m44.0s/12m00.0s

running (00m45.0s), 10/80 VUs, 626 complete and 0 interrupted iterations
sudden_spike   [   6% ] 10/80 VUs  00m45.0s/12m00.0s

running (00m46.0s), 10/80 VUs, 644 complete and 0 interrupted iterations
sudden_spike   [   6% ] 10/80 VUs  00m46.0s/12m00.0s

running (00m47.0s), 10/80 VUs, 655 complete and 0 interrupted iterations
sudden_spike   [   7% ] 10/80 VUs  00m47.0s/12m00.0s

running (00m48.0s), 10/80 VUs, 667 complete and 0 interrupted iterations
sudden_spike   [   7% ] 10/80 VUs  00m48.0s/12m00.0s

running (00m49.0s), 10/80 VUs, 684 complete and 0 interrupted iterations
sudden_spike   [   7% ] 10/80 VUs  00m49.0s/12m00.0s

running (00m50.0s), 10/80 VUs, 696 complete and 0 interrupted iterations
sudden_spike   [   7% ] 10/80 VUs  00m50.0s/12m00.0s

running (00m51.0s), 10/80 VUs, 707 complete and 0 interrupted iterations
sudden_spike   [   7% ] 10/80 VUs  00m51.0s/12m00.0s

running (00m52.0s), 10/80 VUs, 723 complete and 0 interrupted iterations
sudden_spike   [   7% ] 10/80 VUs  00m52.0s/12m00.0s

running (00m53.0s), 10/80 VUs, 738 complete and 0 interrupted iterations
sudden_spike   [   7% ] 10/80 VUs  00m53.0s/12m00.0s

running (00m54.0s), 10/80 VUs, 751 complete and 0 interrupted iterations
sudden_spike   [   7% ] 10/80 VUs  00m54.0s/12m00.0s

running (00m55.0s), 10/80 VUs, 767 complete and 0 interrupted iterations
sudden_spike   [   8% ] 10/80 VUs  00m55.0s/12m00.0s

running (00m56.0s), 10/80 VUs, 781 complete and 0 interrupted iterations
sudden_spike   [   8% ] 10/80 VUs  00m56.0s/12m00.0s

running (00m57.0s), 10/80 VUs, 794 complete and 0 interrupted iterations
sudden_spike   [   8% ] 10/80 VUs  00m57.0s/12m00.0s

running (00m58.0s), 10/80 VUs, 809 complete and 0 interrupted iterations
sudden_spike   [   8% ] 10/80 VUs  00m58.0s/12m00.0s

running (00m59.0s), 10/80 VUs, 821 complete and 0 interrupted iterations
sudden_spike   [   8% ] 10/80 VUs  00m59.0s/12m00.0s

running (01m00.0s), 10/80 VUs, 839 complete and 0 interrupted iterations
sudden_spike   [   8% ] 10/80 VUs  01m00.0s/12m00.0s

running (01m01.0s), 10/80 VUs, 851 complete and 0 interrupted iterations
sudden_spike   [   8% ] 10/80 VUs  01m01.0s/12m00.0s

running (01m02.0s), 10/80 VUs, 866 complete and 0 interrupted iterations
sudden_spike   [   9% ] 10/80 VUs  01m02.0s/12m00.0s

running (01m03.0s), 10/80 VUs, 880 complete and 0 interrupted iterations
sudden_spike   [   9% ] 10/80 VUs  01m03.0s/12m00.0s

running (01m04.0s), 10/80 VUs, 894 complete and 0 interrupted iterations
sudden_spike   [   9% ] 10/80 VUs  01m04.0s/12m00.0s

running (01m05.0s), 10/80 VUs, 909 complete and 0 interrupted iterations
sudden_spike   [   9% ] 10/80 VUs  01m05.0s/12m00.0s

running (01m06.0s), 10/80 VUs, 925 complete and 0 interrupted iterations
sudden_spike   [   9% ] 10/80 VUs  01m06.0s/12m00.0s

running (01m07.0s), 10/80 VUs, 939 complete and 0 interrupted iterations
sudden_spike   [   9% ] 10/80 VUs  01m07.0s/12m00.0s

running (01m08.0s), 10/80 VUs, 951 complete and 0 interrupted iterations
sudden_spike   [   9% ] 10/80 VUs  01m08.0s/12m00.0s

running (01m09.0s), 10/80 VUs, 965 complete and 0 interrupted iterations
sudden_spike   [  10% ] 10/80 VUs  01m09.0s/12m00.0s

running (01m10.0s), 10/80 VUs, 981 complete and 0 interrupted iterations
sudden_spike   [  10% ] 10/80 VUs  01m10.0s/12m00.0s

running (01m11.0s), 10/80 VUs, 993 complete and 0 interrupted iterations
sudden_spike   [  10% ] 10/80 VUs  01m11.0s/12m00.0s

running (01m12.0s), 10/80 VUs, 1007 complete and 0 interrupted iterations
sudden_spike   [  10% ] 10/80 VUs  01m12.0s/12m00.0s

running (01m13.0s), 10/80 VUs, 1021 complete and 0 interrupted iterations
sudden_spike   [  10% ] 10/80 VUs  01m13.0s/12m00.0s

running (01m14.0s), 10/80 VUs, 1035 complete and 0 interrupted iterations
sudden_spike   [  10% ] 10/80 VUs  01m14.0s/12m00.0s

running (01m15.0s), 10/80 VUs, 1051 complete and 0 interrupted iterations
sudden_spike   [  10% ] 10/80 VUs  01m15.0s/12m00.0s

running (01m16.0s), 10/80 VUs, 1063 complete and 0 interrupted iterations
sudden_spike   [  11% ] 10/80 VUs  01m16.0s/12m00.0s

running (01m17.0s), 10/80 VUs, 1076 complete and 0 interrupted iterations
sudden_spike   [  11% ] 10/80 VUs  01m17.0s/12m00.0s

running (01m18.0s), 10/80 VUs, 1091 complete and 0 interrupted iterations
sudden_spike   [  11% ] 10/80 VUs  01m18.0s/12m00.0s

running (01m19.0s), 10/80 VUs, 1105 complete and 0 interrupted iterations
sudden_spike   [  11% ] 10/80 VUs  01m19.0s/12m00.0s

running (01m20.0s), 10/80 VUs, 1120 complete and 0 interrupted iterations
sudden_spike   [  11% ] 10/80 VUs  01m20.0s/12m00.0s

running (01m21.0s), 10/80 VUs, 1133 complete and 0 interrupted iterations
sudden_spike   [  11% ] 10/80 VUs  01m21.0s/12m00.0s

running (01m22.0s), 10/80 VUs, 1146 complete and 0 interrupted iterations
sudden_spike   [  11% ] 10/80 VUs  01m22.0s/12m00.0s

running (01m23.0s), 10/80 VUs, 1161 complete and 0 interrupted iterations
sudden_spike   [  12% ] 10/80 VUs  01m23.0s/12m00.0s

running (01m24.0s), 10/80 VUs, 1175 complete and 0 interrupted iterations
sudden_spike   [  12% ] 10/80 VUs  01m24.0s/12m00.0s

running (01m25.0s), 10/80 VUs, 1187 complete and 0 interrupted iterations
sudden_spike   [  12% ] 10/80 VUs  01m25.0s/12m00.0s

running (01m26.0s), 10/80 VUs, 1202 complete and 0 interrupted iterations
sudden_spike   [  12% ] 10/80 VUs  01m26.0s/12m00.0s

running (01m27.0s), 10/80 VUs, 1218 complete and 0 interrupted iterations
sudden_spike   [  12% ] 10/80 VUs  01m27.0s/12m00.0s

running (01m28.0s), 10/80 VUs, 1230 complete and 0 interrupted iterations
sudden_spike   [  12% ] 10/80 VUs  01m28.0s/12m00.0s

running (01m29.0s), 10/80 VUs, 1246 complete and 0 interrupted iterations
sudden_spike   [  12% ] 10/80 VUs  01m29.0s/12m00.0s

running (01m30.0s), 10/80 VUs, 1259 complete and 0 interrupted iterations
sudden_spike   [  12% ] 10/80 VUs  01m30.0s/12m00.0s

running (01m31.0s), 10/80 VUs, 1274 complete and 0 interrupted iterations
sudden_spike   [  13% ] 10/80 VUs  01m31.0s/12m00.0s

running (01m32.0s), 10/80 VUs, 1287 complete and 0 interrupted iterations
sudden_spike   [  13% ] 10/80 VUs  01m32.0s/12m00.0s

running (01m33.0s), 10/80 VUs, 1302 complete and 0 interrupted iterations
sudden_spike   [  13% ] 10/80 VUs  01m33.0s/12m00.0s

running (01m34.0s), 10/80 VUs, 1315 complete and 0 interrupted iterations
sudden_spike   [  13% ] 10/80 VUs  01m34.0s/12m00.0s

running (01m35.0s), 10/80 VUs, 1331 complete and 0 interrupted iterations
sudden_spike   [  13% ] 10/80 VUs  01m35.0s/12m00.0s

running (01m36.0s), 10/80 VUs, 1343 complete and 0 interrupted iterations
sudden_spike   [  13% ] 10/80 VUs  01m36.0s/12m00.0s

running (01m37.0s), 10/80 VUs, 1357 complete and 0 interrupted iterations
sudden_spike   [  13% ] 10/80 VUs  01m37.0s/12m00.0s

running (01m38.0s), 10/80 VUs, 1371 complete and 0 interrupted iterations
sudden_spike   [  14% ] 10/80 VUs  01m38.0s/12m00.0s

running (01m39.0s), 10/80 VUs, 1384 complete and 0 interrupted iterations
sudden_spike   [  14% ] 10/80 VUs  01m39.0s/12m00.0s

running (01m40.0s), 10/80 VUs, 1398 complete and 0 interrupted iterations
sudden_spike   [  14% ] 10/80 VUs  01m40.0s/12m00.0s

running (01m41.0s), 10/80 VUs, 1413 complete and 0 interrupted iterations
sudden_spike   [  14% ] 10/80 VUs  01m41.0s/12m00.0s

running (01m42.0s), 10/80 VUs, 1428 complete and 0 interrupted iterations
sudden_spike   [  14% ] 10/80 VUs  01m42.0s/12m00.0s

running (01m43.0s), 10/80 VUs, 1444 complete and 0 interrupted iterations
sudden_spike   [  14% ] 10/80 VUs  01m43.0s/12m00.0s

running (01m44.0s), 10/80 VUs, 1456 complete and 0 interrupted iterations
sudden_spike   [  14% ] 10/80 VUs  01m44.0s/12m00.0s

running (01m45.0s), 10/80 VUs, 1471 complete and 0 interrupted iterations
sudden_spike   [  15% ] 10/80 VUs  01m45.0s/12m00.0s

running (01m46.0s), 10/80 VUs, 1483 complete and 0 interrupted iterations
sudden_spike   [  15% ] 10/80 VUs  01m46.0s/12m00.0s

running (01m47.0s), 10/80 VUs, 1498 complete and 0 interrupted iterations
sudden_spike   [  15% ] 10/80 VUs  01m47.0s/12m00.0s

running (01m48.0s), 10/80 VUs, 1513 complete and 0 interrupted iterations
sudden_spike   [  15% ] 10/80 VUs  01m48.0s/12m00.0s

running (01m49.0s), 10/80 VUs, 1526 complete and 0 interrupted iterations
sudden_spike   [  15% ] 10/80 VUs  01m49.0s/12m00.0s

running (01m50.0s), 10/80 VUs, 1542 complete and 0 interrupted iterations
sudden_spike   [  15% ] 10/80 VUs  01m50.0s/12m00.0s

running (01m51.0s), 10/80 VUs, 1556 complete and 0 interrupted iterations
sudden_spike   [  15% ] 10/80 VUs  01m51.0s/12m00.0s

running (01m52.0s), 10/80 VUs, 1571 complete and 0 interrupted iterations
sudden_spike   [  16% ] 10/80 VUs  01m52.0s/12m00.0s

running (01m53.0s), 10/80 VUs, 1582 complete and 0 interrupted iterations
sudden_spike   [  16% ] 10/80 VUs  01m53.0s/12m00.0s

running (01m54.0s), 10/80 VUs, 1598 complete and 0 interrupted iterations
sudden_spike   [  16% ] 10/80 VUs  01m54.0s/12m00.0s

running (01m55.0s), 10/80 VUs, 1612 complete and 0 interrupted iterations
sudden_spike   [  16% ] 10/80 VUs  01m55.0s/12m00.0s

running (01m56.0s), 10/80 VUs, 1627 complete and 0 interrupted iterations
sudden_spike   [  16% ] 10/80 VUs  01m56.0s/12m00.0s

running (01m57.0s), 10/80 VUs, 1641 complete and 0 interrupted iterations
sudden_spike   [  16% ] 10/80 VUs  01m57.0s/12m00.0s

running (01m58.0s), 10/80 VUs, 1653 complete and 0 interrupted iterations
sudden_spike   [  16% ] 10/80 VUs  01m58.0s/12m00.0s

running (01m59.0s), 10/80 VUs, 1667 complete and 0 interrupted iterations
sudden_spike   [  17% ] 10/80 VUs  01m59.0s/12m00.0s

running (02m00.0s), 10/80 VUs, 1681 complete and 0 interrupted iterations
sudden_spike   [  17% ] 10/80 VUs  02m00.0s/12m00.0s

running (02m01.0s), 16/80 VUs, 1695 complete and 0 interrupted iterations
sudden_spike   [  17% ] 16/80 VUs  02m01.0s/12m00.0s

running (02m02.0s), 23/80 VUs, 1720 complete and 0 interrupted iterations
sudden_spike   [  17% ] 23/80 VUs  02m02.0s/12m00.0s

running (02m03.0s), 30/80 VUs, 1754 complete and 0 interrupted iterations
sudden_spike   [  17% ] 30/80 VUs  02m03.0s/12m00.0s

running (02m04.0s), 37/80 VUs, 1802 complete and 0 interrupted iterations
sudden_spike   [  17% ] 37/80 VUs  02m04.0s/12m00.0s

running (02m05.0s), 44/80 VUs, 1850 complete and 0 interrupted iterations
sudden_spike   [  17% ] 44/80 VUs  02m05.0s/12m00.0s

running (02m06.0s), 51/80 VUs, 1892 complete and 0 interrupted iterations
sudden_spike   [  17% ] 51/80 VUs  02m06.0s/12m00.0s

running (02m07.0s), 58/80 VUs, 1932 complete and 0 interrupted iterations
sudden_spike   [  18% ] 58/80 VUs  02m07.0s/12m00.0s

running (02m08.0s), 65/80 VUs, 1964 complete and 0 interrupted iterations
sudden_spike   [  18% ] 65/80 VUs  02m08.0s/12m00.0s

running (02m09.0s), 72/80 VUs, 1996 complete and 0 interrupted iterations
sudden_spike   [  18% ] 72/80 VUs  02m09.0s/12m00.0s

running (02m10.0s), 79/80 VUs, 2020 complete and 0 interrupted iterations
sudden_spike   [  18% ] 79/80 VUs  02m10.0s/12m00.0s

running (02m11.0s), 80/80 VUs, 2048 complete and 0 interrupted iterations
sudden_spike   [  18% ] 80/80 VUs  02m11.0s/12m00.0s

running (02m12.0s), 80/80 VUs, 2075 complete and 0 interrupted iterations
sudden_spike   [  18% ] 80/80 VUs  02m12.0s/12m00.0s

running (02m13.0s), 80/80 VUs, 2103 complete and 0 interrupted iterations
sudden_spike   [  18% ] 80/80 VUs  02m13.0s/12m00.0s

running (02m14.0s), 80/80 VUs, 2129 complete and 0 interrupted iterations
sudden_spike   [  19% ] 80/80 VUs  02m14.0s/12m00.0s

running (02m15.0s), 80/80 VUs, 2153 complete and 0 interrupted iterations
sudden_spike   [  19% ] 80/80 VUs  02m15.0s/12m00.0s

running (02m16.0s), 80/80 VUs, 2181 complete and 0 interrupted iterations
sudden_spike   [  19% ] 80/80 VUs  02m16.0s/12m00.0s

running (02m17.0s), 80/80 VUs, 2206 complete and 0 interrupted iterations
sudden_spike   [  19% ] 80/80 VUs  02m17.0s/12m00.0s

running (02m18.0s), 80/80 VUs, 2235 complete and 0 interrupted iterations
sudden_spike   [  19% ] 80/80 VUs  02m18.0s/12m00.0s

running (02m19.0s), 80/80 VUs, 2263 complete and 0 interrupted iterations
sudden_spike   [  19% ] 80/80 VUs  02m19.0s/12m00.0s

running (02m20.0s), 80/80 VUs, 2289 complete and 0 interrupted iterations
sudden_spike   [  19% ] 80/80 VUs  02m20.0s/12m00.0s

running (02m21.0s), 80/80 VUs, 2315 complete and 0 interrupted iterations
sudden_spike   [  20% ] 80/80 VUs  02m21.0s/12m00.0s

running (02m22.0s), 80/80 VUs, 2343 complete and 0 interrupted iterations
sudden_spike   [  20% ] 80/80 VUs  02m22.0s/12m00.0s

running (02m23.0s), 80/80 VUs, 2370 complete and 0 interrupted iterations
sudden_spike   [  20% ] 80/80 VUs  02m23.0s/12m00.0s

running (02m24.0s), 80/80 VUs, 2397 complete and 0 interrupted iterations
sudden_spike   [  20% ] 80/80 VUs  02m24.0s/12m00.0s

running (02m25.0s), 80/80 VUs, 2424 complete and 0 interrupted iterations
sudden_spike   [  20% ] 80/80 VUs  02m25.0s/12m00.0s

running (02m26.0s), 80/80 VUs, 2451 complete and 0 interrupted iterations
sudden_spike   [  20% ] 80/80 VUs  02m26.0s/12m00.0s

running (02m27.0s), 80/80 VUs, 2477 complete and 0 interrupted iterations
sudden_spike   [  20% ] 80/80 VUs  02m27.0s/12m00.0s

running (02m28.0s), 80/80 VUs, 2505 complete and 0 interrupted iterations
sudden_spike   [  21% ] 80/80 VUs  02m28.0s/12m00.0s

running (02m29.0s), 80/80 VUs, 2531 complete and 0 interrupted iterations
sudden_spike   [  21% ] 80/80 VUs  02m29.0s/12m00.0s

running (02m30.0s), 80/80 VUs, 2557 complete and 0 interrupted iterations
sudden_spike   [  21% ] 80/80 VUs  02m30.0s/12m00.0s

running (02m31.0s), 80/80 VUs, 2568 complete and 0 interrupted iterations
sudden_spike   [  21% ] 80/80 VUs  02m31.0s/12m00.0s

running (02m32.0s), 80/80 VUs, 2589 complete and 0 interrupted iterations
sudden_spike   [  21% ] 80/80 VUs  02m32.0s/12m00.0s

running (02m33.0s), 80/80 VUs, 2615 complete and 0 interrupted iterations
sudden_spike   [  21% ] 80/80 VUs  02m33.0s/12m00.0s

running (02m34.0s), 80/80 VUs, 2641 complete and 0 interrupted iterations
sudden_spike   [  21% ] 80/80 VUs  02m34.0s/12m00.0s

running (02m35.0s), 80/80 VUs, 2666 complete and 0 interrupted iterations
sudden_spike   [  22% ] 80/80 VUs  02m35.0s/12m00.0s

running (02m36.0s), 80/80 VUs, 2694 complete and 0 interrupted iterations
sudden_spike   [  22% ] 80/80 VUs  02m36.0s/12m00.0s

running (02m37.0s), 80/80 VUs, 2722 complete and 0 interrupted iterations
sudden_spike   [  22% ] 80/80 VUs  02m37.0s/12m00.0s

running (02m38.0s), 80/80 VUs, 2748 complete and 0 interrupted iterations
sudden_spike   [  22% ] 80/80 VUs  02m38.0s/12m00.0s

running (02m39.0s), 80/80 VUs, 2792 complete and 0 interrupted iterations
sudden_spike   [  22% ] 80/80 VUs  02m39.0s/12m00.0s

running (02m40.0s), 80/80 VUs, 2839 complete and 0 interrupted iterations
sudden_spike   [  22% ] 80/80 VUs  02m40.0s/12m00.0s

running (02m41.0s), 80/80 VUs, 2887 complete and 0 interrupted iterations
sudden_spike   [  22% ] 80/80 VUs  02m41.0s/12m00.0s

running (02m42.0s), 80/80 VUs, 2957 complete and 0 interrupted iterations
sudden_spike   [  22% ] 80/80 VUs  02m42.0s/12m00.0s

running (02m43.0s), 80/80 VUs, 3037 complete and 0 interrupted iterations
sudden_spike   [  23% ] 80/80 VUs  02m43.0s/12m00.0s

running (02m44.0s), 80/80 VUs, 3099 complete and 0 interrupted iterations
sudden_spike   [  23% ] 80/80 VUs  02m44.0s/12m00.0s

running (02m45.0s), 80/80 VUs, 3179 complete and 0 interrupted iterations
sudden_spike   [  23% ] 80/80 VUs  02m45.0s/12m00.0s

running (02m46.0s), 80/80 VUs, 3253 complete and 0 interrupted iterations
sudden_spike   [  23% ] 80/80 VUs  02m46.0s/12m00.0s

running (02m47.0s), 80/80 VUs, 3336 complete and 0 interrupted iterations
sudden_spike   [  23% ] 80/80 VUs  02m47.0s/12m00.0s

running (02m48.0s), 80/80 VUs, 3440 complete and 0 interrupted iterations
sudden_spike   [  23% ] 80/80 VUs  02m48.0s/12m00.0s

running (02m49.0s), 80/80 VUs, 3535 complete and 0 interrupted iterations
sudden_spike   [  23% ] 80/80 VUs  02m49.0s/12m00.0s

running (02m50.0s), 80/80 VUs, 3617 complete and 0 interrupted iterations
sudden_spike   [  24% ] 80/80 VUs  02m50.0s/12m00.0s

running (02m51.0s), 80/80 VUs, 3706 complete and 0 interrupted iterations
sudden_spike   [  24% ] 80/80 VUs  02m51.0s/12m00.0s

running (02m52.0s), 80/80 VUs, 3788 complete and 0 interrupted iterations
sudden_spike   [  24% ] 80/80 VUs  02m52.0s/12m00.0s

running (02m53.0s), 80/80 VUs, 3859 complete and 0 interrupted iterations
sudden_spike   [  24% ] 80/80 VUs  02m53.0s/12m00.0s

running (02m54.0s), 80/80 VUs, 3939 complete and 0 interrupted iterations
sudden_spike   [  24% ] 80/80 VUs  02m54.0s/12m00.0s

running (02m55.0s), 80/80 VUs, 4009 complete and 0 interrupted iterations
sudden_spike   [  24% ] 80/80 VUs  02m55.0s/12m00.0s

running (02m56.0s), 80/80 VUs, 4091 complete and 0 interrupted iterations
sudden_spike   [  24% ] 80/80 VUs  02m56.0s/12m00.0s

running (02m57.0s), 80/80 VUs, 4166 complete and 0 interrupted iterations
sudden_spike   [  25% ] 80/80 VUs  02m57.0s/12m00.0s

running (02m58.0s), 80/80 VUs, 4243 complete and 0 interrupted iterations
sudden_spike   [  25% ] 80/80 VUs  02m58.0s/12m00.0s

running (02m59.0s), 80/80 VUs, 4307 complete and 0 interrupted iterations
sudden_spike   [  25% ] 80/80 VUs  02m59.0s/12m00.0s

running (03m00.0s), 80/80 VUs, 4382 complete and 0 interrupted iterations
sudden_spike   [  25% ] 80/80 VUs  03m00.0s/12m00.0s

running (03m01.0s), 80/80 VUs, 4449 complete and 0 interrupted iterations
sudden_spike   [  25% ] 80/80 VUs  03m01.0s/12m00.0s

running (03m02.0s), 80/80 VUs, 4500 complete and 0 interrupted iterations
sudden_spike   [  25% ] 80/80 VUs  03m02.0s/12m00.0s

running (03m03.0s), 80/80 VUs, 4581 complete and 0 interrupted iterations
sudden_spike   [  25% ] 80/80 VUs  03m03.0s/12m00.0s

running (03m04.0s), 80/80 VUs, 4653 complete and 0 interrupted iterations
sudden_spike   [  26% ] 80/80 VUs  03m04.0s/12m00.0s

running (03m05.0s), 80/80 VUs, 4717 complete and 0 interrupted iterations
sudden_spike   [  26% ] 80/80 VUs  03m05.0s/12m00.0s

running (03m06.0s), 80/80 VUs, 4789 complete and 0 interrupted iterations
sudden_spike   [  26% ] 80/80 VUs  03m06.0s/12m00.0s

running (03m07.0s), 80/80 VUs, 4861 complete and 0 interrupted iterations
sudden_spike   [  26% ] 80/80 VUs  03m07.0s/12m00.0s

running (03m08.0s), 80/80 VUs, 4929 complete and 0 interrupted iterations
sudden_spike   [  26% ] 80/80 VUs  03m08.0s/12m00.0s

running (03m09.0s), 80/80 VUs, 4998 complete and 0 interrupted iterations
sudden_spike   [  26% ] 80/80 VUs  03m09.0s/12m00.0s

running (03m10.0s), 80/80 VUs, 5083 complete and 0 interrupted iterations
sudden_spike   [  26% ] 80/80 VUs  03m10.0s/12m00.0s

running (03m11.0s), 80/80 VUs, 5185 complete and 0 interrupted iterations
sudden_spike   [  27% ] 80/80 VUs  03m11.0s/12m00.0s

running (03m12.0s), 80/80 VUs, 5280 complete and 0 interrupted iterations
sudden_spike   [  27% ] 80/80 VUs  03m12.0s/12m00.0s

running (03m13.0s), 80/80 VUs, 5364 complete and 0 interrupted iterations
sudden_spike   [  27% ] 80/80 VUs  03m13.0s/12m00.0s

running (03m14.0s), 80/80 VUs, 5460 complete and 0 interrupted iterations
sudden_spike   [  27% ] 80/80 VUs  03m14.0s/12m00.0s

running (03m15.0s), 80/80 VUs, 5545 complete and 0 interrupted iterations
sudden_spike   [  27% ] 80/80 VUs  03m15.0s/12m00.0s

running (03m16.0s), 80/80 VUs, 5619 complete and 0 interrupted iterations
sudden_spike   [  27% ] 80/80 VUs  03m16.0s/12m00.0s

running (03m17.0s), 80/80 VUs, 5700 complete and 0 interrupted iterations
sudden_spike   [  27% ] 80/80 VUs  03m17.0s/12m00.0s

running (03m18.0s), 80/80 VUs, 5780 complete and 0 interrupted iterations
sudden_spike   [  27% ] 80/80 VUs  03m18.0s/12m00.0s

running (03m19.0s), 80/80 VUs, 5869 complete and 0 interrupted iterations
sudden_spike   [  28% ] 80/80 VUs  03m19.0s/12m00.0s

running (03m20.0s), 80/80 VUs, 5936 complete and 0 interrupted iterations
sudden_spike   [  28% ] 80/80 VUs  03m20.0s/12m00.0s

running (03m21.0s), 80/80 VUs, 5997 complete and 0 interrupted iterations
sudden_spike   [  28% ] 80/80 VUs  03m21.0s/12m00.0s

running (03m22.0s), 80/80 VUs, 6049 complete and 0 interrupted iterations
sudden_spike   [  28% ] 80/80 VUs  03m22.0s/12m00.0s

running (03m23.0s), 80/80 VUs, 6108 complete and 0 interrupted iterations
sudden_spike   [  28% ] 80/80 VUs  03m23.0s/12m00.0s

running (03m24.0s), 80/80 VUs, 6170 complete and 0 interrupted iterations
sudden_spike   [  28% ] 80/80 VUs  03m24.0s/12m00.0s

running (03m25.0s), 80/80 VUs, 6229 complete and 0 interrupted iterations
sudden_spike   [  28% ] 80/80 VUs  03m25.0s/12m00.0s

running (03m26.0s), 80/80 VUs, 6300 complete and 0 interrupted iterations
sudden_spike   [  29% ] 80/80 VUs  03m26.0s/12m00.0s

running (03m27.0s), 80/80 VUs, 6388 complete and 0 interrupted iterations
sudden_spike   [  29% ] 80/80 VUs  03m27.0s/12m00.0s

running (03m28.0s), 80/80 VUs, 6479 complete and 0 interrupted iterations
sudden_spike   [  29% ] 80/80 VUs  03m28.0s/12m00.0s

running (03m29.0s), 80/80 VUs, 6565 complete and 0 interrupted iterations
sudden_spike   [  29% ] 80/80 VUs  03m29.0s/12m00.0s

running (03m30.0s), 80/80 VUs, 6661 complete and 0 interrupted iterations
sudden_spike   [  29% ] 80/80 VUs  03m30.0s/12m00.0s

running (03m31.0s), 80/80 VUs, 6753 complete and 0 interrupted iterations
sudden_spike   [  29% ] 80/80 VUs  03m31.0s/12m00.0s

running (03m32.0s), 80/80 VUs, 6845 complete and 0 interrupted iterations
sudden_spike   [  29% ] 80/80 VUs  03m32.0s/12m00.0s

running (03m33.0s), 80/80 VUs, 6943 complete and 0 interrupted iterations
sudden_spike   [  30% ] 80/80 VUs  03m33.0s/12m00.0s

running (03m34.0s), 80/80 VUs, 7032 complete and 0 interrupted iterations
sudden_spike   [  30% ] 80/80 VUs  03m34.0s/12m00.0s

running (03m35.0s), 80/80 VUs, 7111 complete and 0 interrupted iterations
sudden_spike   [  30% ] 80/80 VUs  03m35.0s/12m00.0s

running (03m36.0s), 80/80 VUs, 7182 complete and 0 interrupted iterations
sudden_spike   [  30% ] 80/80 VUs  03m36.0s/12m00.0s

running (03m37.0s), 80/80 VUs, 7264 complete and 0 interrupted iterations
sudden_spike   [  30% ] 80/80 VUs  03m37.0s/12m00.0s

running (03m38.0s), 80/80 VUs, 7344 complete and 0 interrupted iterations
sudden_spike   [  30% ] 80/80 VUs  03m38.0s/12m00.0s

running (03m39.0s), 80/80 VUs, 7457 complete and 0 interrupted iterations
sudden_spike   [  30% ] 80/80 VUs  03m39.0s/12m00.0s

running (03m40.0s), 80/80 VUs, 7570 complete and 0 interrupted iterations
sudden_spike   [  31% ] 80/80 VUs  03m40.0s/12m00.0s

running (03m41.0s), 80/80 VUs, 7686 complete and 0 interrupted iterations
sudden_spike   [  31% ] 80/80 VUs  03m41.0s/12m00.0s

running (03m42.0s), 80/80 VUs, 7795 complete and 0 interrupted iterations
sudden_spike   [  31% ] 80/80 VUs  03m42.0s/12m00.0s

running (03m43.0s), 80/80 VUs, 7910 complete and 0 interrupted iterations
sudden_spike   [  31% ] 80/80 VUs  03m43.0s/12m00.0s

running (03m44.0s), 80/80 VUs, 8015 complete and 0 interrupted iterations
sudden_spike   [  31% ] 80/80 VUs  03m44.0s/12m00.0s

running (03m45.0s), 80/80 VUs, 8132 complete and 0 interrupted iterations
sudden_spike   [  31% ] 80/80 VUs  03m45.0s/12m00.0s

running (03m46.0s), 80/80 VUs, 8240 complete and 0 interrupted iterations
sudden_spike   [  31% ] 80/80 VUs  03m46.0s/12m00.0s

running (03m47.0s), 80/80 VUs, 8355 complete and 0 interrupted iterations
sudden_spike   [  32% ] 80/80 VUs  03m47.0s/12m00.0s

running (03m48.0s), 80/80 VUs, 8465 complete and 0 interrupted iterations
sudden_spike   [  32% ] 80/80 VUs  03m48.0s/12m00.0s

running (03m49.0s), 80/80 VUs, 8579 complete and 0 interrupted iterations
sudden_spike   [  32% ] 80/80 VUs  03m49.0s/12m00.0s

running (03m50.0s), 80/80 VUs, 8696 complete and 0 interrupted iterations
sudden_spike   [  32% ] 80/80 VUs  03m50.0s/12m00.0s

running (03m51.0s), 80/80 VUs, 8808 complete and 0 interrupted iterations
sudden_spike   [  32% ] 80/80 VUs  03m51.0s/12m00.0s

running (03m52.0s), 80/80 VUs, 8923 complete and 0 interrupted iterations
sudden_spike   [  32% ] 80/80 VUs  03m52.0s/12m00.0s

running (03m53.0s), 80/80 VUs, 9032 complete and 0 interrupted iterations
sudden_spike   [  32% ] 80/80 VUs  03m53.0s/12m00.0s

running (03m54.0s), 80/80 VUs, 9148 complete and 0 interrupted iterations
sudden_spike   [  32% ] 80/80 VUs  03m54.0s/12m00.0s

running (03m55.0s), 80/80 VUs, 9261 complete and 0 interrupted iterations
sudden_spike   [  33% ] 80/80 VUs  03m55.0s/12m00.0s

running (03m56.0s), 80/80 VUs, 9377 complete and 0 interrupted iterations
sudden_spike   [  33% ] 80/80 VUs  03m56.0s/12m00.0s

running (03m57.0s), 80/80 VUs, 9487 complete and 0 interrupted iterations
sudden_spike   [  33% ] 80/80 VUs  03m57.0s/12m00.0s

running (03m58.0s), 80/80 VUs, 9605 complete and 0 interrupted iterations
sudden_spike   [  33% ] 80/80 VUs  03m58.0s/12m00.0s

running (03m59.0s), 80/80 VUs, 9715 complete and 0 interrupted iterations
sudden_spike   [  33% ] 80/80 VUs  03m59.0s/12m00.0s

running (04m00.0s), 80/80 VUs, 9824 complete and 0 interrupted iterations
sudden_spike   [  33% ] 80/80 VUs  04m00.0s/12m00.0s

running (04m01.0s), 80/80 VUs, 9939 complete and 0 interrupted iterations
sudden_spike   [  33% ] 80/80 VUs  04m01.0s/12m00.0s

running (04m02.0s), 80/80 VUs, 10049 complete and 0 interrupted iterations
sudden_spike   [  34% ] 80/80 VUs  04m02.0s/12m00.0s

running (04m03.0s), 80/80 VUs, 10164 complete and 0 interrupted iterations
sudden_spike   [  34% ] 80/80 VUs  04m03.0s/12m00.0s

running (04m04.0s), 80/80 VUs, 10279 complete and 0 interrupted iterations
sudden_spike   [  34% ] 80/80 VUs  04m04.0s/12m00.0s

running (04m05.0s), 80/80 VUs, 10389 complete and 0 interrupted iterations
sudden_spike   [  34% ] 80/80 VUs  04m05.0s/12m00.0s

running (04m06.0s), 80/80 VUs, 10505 complete and 0 interrupted iterations
sudden_spike   [  34% ] 80/80 VUs  04m06.0s/12m00.0s

running (04m07.0s), 80/80 VUs, 10623 complete and 0 interrupted iterations
sudden_spike   [  34% ] 80/80 VUs  04m07.0s/12m00.0s

running (04m08.0s), 80/80 VUs, 10735 complete and 0 interrupted iterations
sudden_spike   [  34% ] 80/80 VUs  04m08.0s/12m00.0s

running (04m09.0s), 80/80 VUs, 10845 complete and 0 interrupted iterations
sudden_spike   [  35% ] 80/80 VUs  04m09.0s/12m00.0s

running (04m10.0s), 80/80 VUs, 10957 complete and 0 interrupted iterations
sudden_spike   [  35% ] 80/80 VUs  04m10.0s/12m00.0s

running (04m11.0s), 80/80 VUs, 11068 complete and 0 interrupted iterations
sudden_spike   [  35% ] 80/80 VUs  04m11.0s/12m00.0s

running (04m12.0s), 80/80 VUs, 11180 complete and 0 interrupted iterations
sudden_spike   [  35% ] 80/80 VUs  04m12.0s/12m00.0s

running (04m13.0s), 80/80 VUs, 11293 complete and 0 interrupted iterations
sudden_spike   [  35% ] 80/80 VUs  04m13.0s/12m00.0s

running (04m14.0s), 80/80 VUs, 11405 complete and 0 interrupted iterations
sudden_spike   [  35% ] 80/80 VUs  04m14.0s/12m00.0s

running (04m15.0s), 80/80 VUs, 11516 complete and 0 interrupted iterations
sudden_spike   [  35% ] 80/80 VUs  04m15.0s/12m00.0s

running (04m16.0s), 80/80 VUs, 11629 complete and 0 interrupted iterations
sudden_spike   [  36% ] 80/80 VUs  04m16.0s/12m00.0s

running (04m17.0s), 80/80 VUs, 11743 complete and 0 interrupted iterations
sudden_spike   [  36% ] 80/80 VUs  04m17.0s/12m00.0s

running (04m18.0s), 80/80 VUs, 11847 complete and 0 interrupted iterations
sudden_spike   [  36% ] 80/80 VUs  04m18.0s/12m00.0s

running (04m19.0s), 80/80 VUs, 11960 complete and 0 interrupted iterations
sudden_spike   [  36% ] 80/80 VUs  04m19.0s/12m00.0s

running (04m20.0s), 80/80 VUs, 12072 complete and 0 interrupted iterations
sudden_spike   [  36% ] 80/80 VUs  04m20.0s/12m00.0s

running (04m21.0s), 80/80 VUs, 12187 complete and 0 interrupted iterations
sudden_spike   [  36% ] 80/80 VUs  04m21.0s/12m00.0s

running (04m22.0s), 80/80 VUs, 12300 complete and 0 interrupted iterations
sudden_spike   [  36% ] 80/80 VUs  04m22.0s/12m00.0s

running (04m23.0s), 80/80 VUs, 12415 complete and 0 interrupted iterations
sudden_spike   [  37% ] 80/80 VUs  04m23.0s/12m00.0s

running (04m24.0s), 80/80 VUs, 12528 complete and 0 interrupted iterations
sudden_spike   [  37% ] 80/80 VUs  04m24.0s/12m00.0s

running (04m25.0s), 80/80 VUs, 12634 complete and 0 interrupted iterations
sudden_spike   [  37% ] 80/80 VUs  04m25.0s/12m00.0s

running (04m26.0s), 80/80 VUs, 12744 complete and 0 interrupted iterations
sudden_spike   [  37% ] 80/80 VUs  04m26.0s/12m00.0s

running (04m27.0s), 80/80 VUs, 12860 complete and 0 interrupted iterations
sudden_spike   [  37% ] 80/80 VUs  04m27.0s/12m00.0s

running (04m28.0s), 80/80 VUs, 12974 complete and 0 interrupted iterations
sudden_spike   [  37% ] 80/80 VUs  04m28.0s/12m00.0s

running (04m29.0s), 80/80 VUs, 13079 complete and 0 interrupted iterations
sudden_spike   [  37% ] 80/80 VUs  04m29.0s/12m00.0s

running (04m30.0s), 80/80 VUs, 13190 complete and 0 interrupted iterations
sudden_spike   [  37% ] 80/80 VUs  04m30.0s/12m00.0s

running (04m31.0s), 80/80 VUs, 13307 complete and 0 interrupted iterations
sudden_spike   [  38% ] 80/80 VUs  04m31.0s/12m00.0s

running (04m32.0s), 80/80 VUs, 13415 complete and 0 interrupted iterations
sudden_spike   [  38% ] 80/80 VUs  04m32.0s/12m00.0s

running (04m33.0s), 80/80 VUs, 13529 complete and 0 interrupted iterations
sudden_spike   [  38% ] 80/80 VUs  04m33.0s/12m00.0s

running (04m34.0s), 80/80 VUs, 13641 complete and 0 interrupted iterations
sudden_spike   [  38% ] 80/80 VUs  04m34.0s/12m00.0s

running (04m35.0s), 80/80 VUs, 13754 complete and 0 interrupted iterations
sudden_spike   [  38% ] 80/80 VUs  04m35.0s/12m00.0s

running (04m36.0s), 80/80 VUs, 13871 complete and 0 interrupted iterations
sudden_spike   [  38% ] 80/80 VUs  04m36.0s/12m00.0s

running (04m37.0s), 80/80 VUs, 13974 complete and 0 interrupted iterations
sudden_spike   [  38% ] 80/80 VUs  04m37.0s/12m00.0s

running (04m38.0s), 80/80 VUs, 14088 complete and 0 interrupted iterations
sudden_spike   [  39% ] 80/80 VUs  04m38.0s/12m00.0s

running (04m39.0s), 80/80 VUs, 14206 complete and 0 interrupted iterations
sudden_spike   [  39% ] 80/80 VUs  04m39.0s/12m00.0s

running (04m40.0s), 80/80 VUs, 14315 complete and 0 interrupted iterations
sudden_spike   [  39% ] 80/80 VUs  04m40.0s/12m00.0s

running (04m41.0s), 80/80 VUs, 14427 complete and 0 interrupted iterations
sudden_spike   [  39% ] 80/80 VUs  04m41.0s/12m00.0s

running (04m42.0s), 80/80 VUs, 14543 complete and 0 interrupted iterations
sudden_spike   [  39% ] 80/80 VUs  04m42.0s/12m00.0s

running (04m43.0s), 80/80 VUs, 14653 complete and 0 interrupted iterations
sudden_spike   [  39% ] 80/80 VUs  04m43.0s/12m00.0s

running (04m44.0s), 80/80 VUs, 14763 complete and 0 interrupted iterations
sudden_spike   [  39% ] 80/80 VUs  04m44.0s/12m00.0s

running (04m45.0s), 80/80 VUs, 14881 complete and 0 interrupted iterations
sudden_spike   [  40% ] 80/80 VUs  04m45.0s/12m00.0s

running (04m46.0s), 80/80 VUs, 14988 complete and 0 interrupted iterations
sudden_spike   [  40% ] 80/80 VUs  04m46.0s/12m00.0s

running (04m47.0s), 80/80 VUs, 15107 complete and 0 interrupted iterations
sudden_spike   [  40% ] 80/80 VUs  04m47.0s/12m00.0s

running (04m48.0s), 80/80 VUs, 15211 complete and 0 interrupted iterations
sudden_spike   [  40% ] 80/80 VUs  04m48.0s/12m00.0s

running (04m49.0s), 80/80 VUs, 15326 complete and 0 interrupted iterations
sudden_spike   [  40% ] 80/80 VUs  04m49.0s/12m00.0s

running (04m50.0s), 80/80 VUs, 15447 complete and 0 interrupted iterations
sudden_spike   [  40% ] 80/80 VUs  04m50.0s/12m00.0s

running (04m51.0s), 80/80 VUs, 15557 complete and 0 interrupted iterations
sudden_spike   [  40% ] 80/80 VUs  04m51.0s/12m00.0s

running (04m52.0s), 80/80 VUs, 15669 complete and 0 interrupted iterations
sudden_spike   [  41% ] 80/80 VUs  04m52.0s/12m00.0s

running (04m53.0s), 80/80 VUs, 15793 complete and 0 interrupted iterations
sudden_spike   [  41% ] 80/80 VUs  04m53.0s/12m00.0s

running (04m54.0s), 80/80 VUs, 15903 complete and 0 interrupted iterations
sudden_spike   [  41% ] 80/80 VUs  04m54.0s/12m00.0s

running (04m55.0s), 80/80 VUs, 16007 complete and 0 interrupted iterations
sudden_spike   [  41% ] 80/80 VUs  04m55.0s/12m00.0s

running (04m56.0s), 80/80 VUs, 16118 complete and 0 interrupted iterations
sudden_spike   [  41% ] 80/80 VUs  04m56.0s/12m00.0s

running (04m57.0s), 80/80 VUs, 16240 complete and 0 interrupted iterations
sudden_spike   [  41% ] 80/80 VUs  04m57.0s/12m00.0s

running (04m58.0s), 80/80 VUs, 16344 complete and 0 interrupted iterations
sudden_spike   [  41% ] 80/80 VUs  04m58.0s/12m00.0s

running (04m59.0s), 80/80 VUs, 16462 complete and 0 interrupted iterations
sudden_spike   [  42% ] 80/80 VUs  04m59.0s/12m00.0s

running (05m00.0s), 80/80 VUs, 16571 complete and 0 interrupted iterations
sudden_spike   [  42% ] 80/80 VUs  05m00.0s/12m00.0s

running (05m01.0s), 80/80 VUs, 16686 complete and 0 interrupted iterations
sudden_spike   [  42% ] 80/80 VUs  05m01.0s/12m00.0s

running (05m02.0s), 80/80 VUs, 16798 complete and 0 interrupted iterations
sudden_spike   [  42% ] 80/80 VUs  05m02.0s/12m00.0s

running (05m03.0s), 80/80 VUs, 16910 complete and 0 interrupted iterations
sudden_spike   [  42% ] 80/80 VUs  05m03.0s/12m00.0s

running (05m04.0s), 80/80 VUs, 17028 complete and 0 interrupted iterations
sudden_spike   [  42% ] 80/80 VUs  05m04.0s/12m00.0s

running (05m05.0s), 80/80 VUs, 17135 complete and 0 interrupted iterations
sudden_spike   [  42% ] 80/80 VUs  05m05.0s/12m00.0s

running (05m06.0s), 80/80 VUs, 17250 complete and 0 interrupted iterations
sudden_spike   [  42% ] 80/80 VUs  05m06.0s/12m00.0s

running (05m07.0s), 80/80 VUs, 17365 complete and 0 interrupted iterations
sudden_spike   [  43% ] 80/80 VUs  05m07.0s/12m00.0s

running (05m08.0s), 80/80 VUs, 17468 complete and 0 interrupted iterations
sudden_spike   [  43% ] 80/80 VUs  05m08.0s/12m00.0s

running (05m09.0s), 80/80 VUs, 17586 complete and 0 interrupted iterations
sudden_spike   [  43% ] 80/80 VUs  05m09.0s/12m00.0s

running (05m10.0s), 80/80 VUs, 17699 complete and 0 interrupted iterations
sudden_spike   [  43% ] 80/80 VUs  05m10.0s/12m00.0s

running (05m11.0s), 80/80 VUs, 17811 complete and 0 interrupted iterations
sudden_spike   [  43% ] 80/80 VUs  05m11.0s/12m00.0s

running (05m12.0s), 80/80 VUs, 17920 complete and 0 interrupted iterations
sudden_spike   [  43% ] 80/80 VUs  05m12.0s/12m00.0s

running (05m13.0s), 80/80 VUs, 18033 complete and 0 interrupted iterations
sudden_spike   [  43% ] 80/80 VUs  05m13.0s/12m00.0s

running (05m14.0s), 80/80 VUs, 18150 complete and 0 interrupted iterations
sudden_spike   [  44% ] 80/80 VUs  05m14.0s/12m00.0s

running (05m15.0s), 80/80 VUs, 18253 complete and 0 interrupted iterations
sudden_spike   [  44% ] 80/80 VUs  05m15.0s/12m00.0s

running (05m16.0s), 80/80 VUs, 18370 complete and 0 interrupted iterations
sudden_spike   [  44% ] 80/80 VUs  05m16.0s/12m00.0s

running (05m17.0s), 80/80 VUs, 18483 complete and 0 interrupted iterations
sudden_spike   [  44% ] 80/80 VUs  05m17.0s/12m00.0s

running (05m18.0s), 80/80 VUs, 18601 complete and 0 interrupted iterations
sudden_spike   [  44% ] 80/80 VUs  05m18.0s/12m00.0s

running (05m19.0s), 80/80 VUs, 18708 complete and 0 interrupted iterations
sudden_spike   [  44% ] 80/80 VUs  05m19.0s/12m00.0s

running (05m20.0s), 80/80 VUs, 18821 complete and 0 interrupted iterations
sudden_spike   [  44% ] 80/80 VUs  05m20.0s/12m00.0s

running (05m21.0s), 80/80 VUs, 18939 complete and 0 interrupted iterations
sudden_spike   [  45% ] 80/80 VUs  05m21.0s/12m00.0s

running (05m22.0s), 80/80 VUs, 19045 complete and 0 interrupted iterations
sudden_spike   [  45% ] 80/80 VUs  05m22.0s/12m00.0s

running (05m23.0s), 80/80 VUs, 19163 complete and 0 interrupted iterations
sudden_spike   [  45% ] 80/80 VUs  05m23.0s/12m00.0s

running (05m24.0s), 80/80 VUs, 19275 complete and 0 interrupted iterations
sudden_spike   [  45% ] 80/80 VUs  05m24.0s/12m00.0s

running (05m25.0s), 80/80 VUs, 19384 complete and 0 interrupted iterations
sudden_spike   [  45% ] 80/80 VUs  05m25.0s/12m00.0s

running (05m26.0s), 80/80 VUs, 19503 complete and 0 interrupted iterations
sudden_spike   [  45% ] 80/80 VUs  05m26.0s/12m00.0s

running (05m27.0s), 80/80 VUs, 19613 complete and 0 interrupted iterations
sudden_spike   [  45% ] 80/80 VUs  05m27.0s/12m00.0s

running (05m28.0s), 80/80 VUs, 19730 complete and 0 interrupted iterations
sudden_spike   [  46% ] 80/80 VUs  05m28.0s/12m00.0s

running (05m29.0s), 80/80 VUs, 19840 complete and 0 interrupted iterations
sudden_spike   [  46% ] 80/80 VUs  05m29.0s/12m00.0s

running (05m30.0s), 80/80 VUs, 19955 complete and 0 interrupted iterations
sudden_spike   [  46% ] 80/80 VUs  05m30.0s/12m00.0s

running (05m31.0s), 80/80 VUs, 20069 complete and 0 interrupted iterations
sudden_spike   [  46% ] 80/80 VUs  05m31.0s/12m00.0s

running (05m32.0s), 80/80 VUs, 20178 complete and 0 interrupted iterations
sudden_spike   [  46% ] 80/80 VUs  05m32.0s/12m00.0s

running (05m33.0s), 80/80 VUs, 20290 complete and 0 interrupted iterations
sudden_spike   [  46% ] 80/80 VUs  05m33.0s/12m00.0s

running (05m34.0s), 80/80 VUs, 20404 complete and 0 interrupted iterations
sudden_spike   [  46% ] 80/80 VUs  05m34.0s/12m00.0s

running (05m35.0s), 80/80 VUs, 20514 complete and 0 interrupted iterations
sudden_spike   [  47% ] 80/80 VUs  05m35.0s/12m00.0s

running (05m36.0s), 80/80 VUs, 20627 complete and 0 interrupted iterations
sudden_spike   [  47% ] 80/80 VUs  05m36.0s/12m00.0s

running (05m37.0s), 80/80 VUs, 20742 complete and 0 interrupted iterations
sudden_spike   [  47% ] 80/80 VUs  05m37.0s/12m00.0s

running (05m38.0s), 80/80 VUs, 20850 complete and 0 interrupted iterations
sudden_spike   [  47% ] 80/80 VUs  05m38.0s/12m00.0s

running (05m39.0s), 80/80 VUs, 20963 complete and 0 interrupted iterations
sudden_spike   [  47% ] 80/80 VUs  05m39.0s/12m00.0s

running (05m40.0s), 80/80 VUs, 21080 complete and 0 interrupted iterations
sudden_spike   [  47% ] 80/80 VUs  05m40.0s/12m00.0s

running (05m41.0s), 80/80 VUs, 21192 complete and 0 interrupted iterations
sudden_spike   [  47% ] 80/80 VUs  05m41.0s/12m00.0s

running (05m42.0s), 80/80 VUs, 21295 complete and 0 interrupted iterations
sudden_spike   [  47% ] 80/80 VUs  05m42.0s/12m00.0s

running (05m43.0s), 80/80 VUs, 21412 complete and 0 interrupted iterations
sudden_spike   [  48% ] 80/80 VUs  05m43.0s/12m00.0s

running (05m44.0s), 80/80 VUs, 21517 complete and 0 interrupted iterations
sudden_spike   [  48% ] 80/80 VUs  05m44.0s/12m00.0s

running (05m45.0s), 80/80 VUs, 21639 complete and 0 interrupted iterations
sudden_spike   [  48% ] 80/80 VUs  05m45.0s/12m00.0s

running (05m46.0s), 80/80 VUs, 21749 complete and 0 interrupted iterations
sudden_spike   [  48% ] 80/80 VUs  05m46.0s/12m00.0s

running (05m47.0s), 80/80 VUs, 21864 complete and 0 interrupted iterations
sudden_spike   [  48% ] 80/80 VUs  05m47.0s/12m00.0s

running (05m48.0s), 80/80 VUs, 21979 complete and 0 interrupted iterations
sudden_spike   [  48% ] 80/80 VUs  05m48.0s/12m00.0s

running (05m49.0s), 80/80 VUs, 22090 complete and 0 interrupted iterations
sudden_spike   [  48% ] 80/80 VUs  05m49.0s/12m00.0s

running (05m50.0s), 80/80 VUs, 22203 complete and 0 interrupted iterations
sudden_spike   [  49% ] 80/80 VUs  05m50.0s/12m00.0s

running (05m51.0s), 80/80 VUs, 22317 complete and 0 interrupted iterations
sudden_spike   [  49% ] 80/80 VUs  05m51.0s/12m00.0s

running (05m52.0s), 80/80 VUs, 22427 complete and 0 interrupted iterations
sudden_spike   [  49% ] 80/80 VUs  05m52.0s/12m00.0s

running (05m53.0s), 80/80 VUs, 22538 complete and 0 interrupted iterations
sudden_spike   [  49% ] 80/80 VUs  05m53.0s/12m00.0s

running (05m54.0s), 80/80 VUs, 22652 complete and 0 interrupted iterations
sudden_spike   [  49% ] 80/80 VUs  05m54.0s/12m00.0s

running (05m55.0s), 80/80 VUs, 22761 complete and 0 interrupted iterations
sudden_spike   [  49% ] 80/80 VUs  05m55.0s/12m00.0s

running (05m56.0s), 80/80 VUs, 22878 complete and 0 interrupted iterations
sudden_spike   [  49% ] 80/80 VUs  05m56.0s/12m00.0s

running (05m57.0s), 80/80 VUs, 22983 complete and 0 interrupted iterations
sudden_spike   [  50% ] 80/80 VUs  05m57.0s/12m00.0s

running (05m58.0s), 80/80 VUs, 23102 complete and 0 interrupted iterations
sudden_spike   [  50% ] 80/80 VUs  05m58.0s/12m00.0s

running (05m59.0s), 80/80 VUs, 23217 complete and 0 interrupted iterations
sudden_spike   [  50% ] 80/80 VUs  05m59.0s/12m00.0s

running (06m00.0s), 80/80 VUs, 23327 complete and 0 interrupted iterations
sudden_spike   [  50% ] 80/80 VUs  06m00.0s/12m00.0s

running (06m01.0s), 80/80 VUs, 23444 complete and 0 interrupted iterations
sudden_spike   [  50% ] 80/80 VUs  06m01.0s/12m00.0s

running (06m02.0s), 80/80 VUs, 23554 complete and 0 interrupted iterations
sudden_spike   [  50% ] 80/80 VUs  06m02.0s/12m00.0s

running (06m03.0s), 80/80 VUs, 23668 complete and 0 interrupted iterations
sudden_spike   [  50% ] 80/80 VUs  06m03.0s/12m00.0s

running (06m04.0s), 80/80 VUs, 23774 complete and 0 interrupted iterations
sudden_spike   [  51% ] 80/80 VUs  06m04.0s/12m00.0s

running (06m05.0s), 80/80 VUs, 23894 complete and 0 interrupted iterations
sudden_spike   [  51% ] 80/80 VUs  06m05.0s/12m00.0s

running (06m06.0s), 80/80 VUs, 24006 complete and 0 interrupted iterations
sudden_spike   [  51% ] 80/80 VUs  06m06.0s/12m00.0s

running (06m07.0s), 80/80 VUs, 24115 complete and 0 interrupted iterations
sudden_spike   [  51% ] 80/80 VUs  06m07.0s/12m00.0s

running (06m08.0s), 80/80 VUs, 24233 complete and 0 interrupted iterations
sudden_spike   [  51% ] 80/80 VUs  06m08.0s/12m00.0s

running (06m09.0s), 80/80 VUs, 24343 complete and 0 interrupted iterations
sudden_spike   [  51% ] 80/80 VUs  06m09.0s/12m00.0s

running (06m10.0s), 80/80 VUs, 24462 complete and 0 interrupted iterations
sudden_spike   [  51% ] 80/80 VUs  06m10.0s/12m00.0s

running (06m11.0s), 80/80 VUs, 24570 complete and 0 interrupted iterations
sudden_spike   [  52% ] 80/80 VUs  06m11.0s/12m00.0s

running (06m12.0s), 80/80 VUs, 24684 complete and 0 interrupted iterations
sudden_spike   [  52% ] 80/80 VUs  06m12.0s/12m00.0s

running (06m13.0s), 80/80 VUs, 24797 complete and 0 interrupted iterations
sudden_spike   [  52% ] 80/80 VUs  06m13.0s/12m00.0s

running (06m14.0s), 80/80 VUs, 24915 complete and 0 interrupted iterations
sudden_spike   [  52% ] 80/80 VUs  06m14.0s/12m00.0s

running (06m15.0s), 80/80 VUs, 25028 complete and 0 interrupted iterations
sudden_spike   [  52% ] 80/80 VUs  06m15.0s/12m00.0s

running (06m16.0s), 80/80 VUs, 25138 complete and 0 interrupted iterations
sudden_spike   [  52% ] 80/80 VUs  06m16.0s/12m00.0s

running (06m17.0s), 80/80 VUs, 25257 complete and 0 interrupted iterations
sudden_spike   [  52% ] 80/80 VUs  06m17.0s/12m00.0s

running (06m18.0s), 80/80 VUs, 25368 complete and 0 interrupted iterations
sudden_spike   [  52% ] 80/80 VUs  06m18.0s/12m00.0s

running (06m19.0s), 80/80 VUs, 25484 complete and 0 interrupted iterations
sudden_spike   [  53% ] 80/80 VUs  06m19.0s/12m00.0s

running (06m20.0s), 80/80 VUs, 25599 complete and 0 interrupted iterations
sudden_spike   [  53% ] 80/80 VUs  06m20.0s/12m00.0s

running (06m21.0s), 80/80 VUs, 25703 complete and 0 interrupted iterations
sudden_spike   [  53% ] 80/80 VUs  06m21.0s/12m00.0s

running (06m22.0s), 80/80 VUs, 25817 complete and 0 interrupted iterations
sudden_spike   [  53% ] 80/80 VUs  06m22.0s/12m00.0s

running (06m23.0s), 80/80 VUs, 25927 complete and 0 interrupted iterations
sudden_spike   [  53% ] 80/80 VUs  06m23.0s/12m00.0s

running (06m24.0s), 80/80 VUs, 26043 complete and 0 interrupted iterations
sudden_spike   [  53% ] 80/80 VUs  06m24.0s/12m00.0s

running (06m25.0s), 80/80 VUs, 26160 complete and 0 interrupted iterations
sudden_spike   [  53% ] 80/80 VUs  06m25.0s/12m00.0s

running (06m26.0s), 80/80 VUs, 26268 complete and 0 interrupted iterations
sudden_spike   [  54% ] 80/80 VUs  06m26.0s/12m00.0s

running (06m27.0s), 80/80 VUs, 26391 complete and 0 interrupted iterations
sudden_spike   [  54% ] 80/80 VUs  06m27.0s/12m00.0s

running (06m28.0s), 80/80 VUs, 26497 complete and 0 interrupted iterations
sudden_spike   [  54% ] 80/80 VUs  06m28.0s/12m00.0s

running (06m29.0s), 80/80 VUs, 26609 complete and 0 interrupted iterations
sudden_spike   [  54% ] 80/80 VUs  06m29.0s/12m00.0s

running (06m30.0s), 80/80 VUs, 26725 complete and 0 interrupted iterations
sudden_spike   [  54% ] 80/80 VUs  06m30.0s/12m00.0s

running (06m31.0s), 80/80 VUs, 26834 complete and 0 interrupted iterations
sudden_spike   [  54% ] 80/80 VUs  06m31.0s/12m00.0s

running (06m32.0s), 80/80 VUs, 26948 complete and 0 interrupted iterations
sudden_spike   [  54% ] 80/80 VUs  06m32.0s/12m00.0s

running (06m33.0s), 80/80 VUs, 27057 complete and 0 interrupted iterations
sudden_spike   [  55% ] 80/80 VUs  06m33.0s/12m00.0s

running (06m34.0s), 80/80 VUs, 27171 complete and 0 interrupted iterations
sudden_spike   [  55% ] 80/80 VUs  06m34.0s/12m00.0s

running (06m35.0s), 80/80 VUs, 27282 complete and 0 interrupted iterations
sudden_spike   [  55% ] 80/80 VUs  06m35.0s/12m00.0s

running (06m36.0s), 80/80 VUs, 27395 complete and 0 interrupted iterations
sudden_spike   [  55% ] 80/80 VUs  06m36.0s/12m00.0s

running (06m37.0s), 80/80 VUs, 27509 complete and 0 interrupted iterations
sudden_spike   [  55% ] 80/80 VUs  06m37.0s/12m00.0s

running (06m38.0s), 80/80 VUs, 27626 complete and 0 interrupted iterations
sudden_spike   [  55% ] 80/80 VUs  06m38.0s/12m00.0s

running (06m39.0s), 80/80 VUs, 27734 complete and 0 interrupted iterations
sudden_spike   [  55% ] 80/80 VUs  06m39.0s/12m00.0s

running (06m40.0s), 80/80 VUs, 27849 complete and 0 interrupted iterations
sudden_spike   [  56% ] 80/80 VUs  06m40.0s/12m00.0s

running (06m41.0s), 80/80 VUs, 27952 complete and 0 interrupted iterations
sudden_spike   [  56% ] 80/80 VUs  06m41.0s/12m00.0s

running (06m42.0s), 80/80 VUs, 28067 complete and 0 interrupted iterations
sudden_spike   [  56% ] 80/80 VUs  06m42.0s/12m00.0s

running (06m43.0s), 80/80 VUs, 28182 complete and 0 interrupted iterations
sudden_spike   [  56% ] 80/80 VUs  06m43.0s/12m00.0s

running (06m44.0s), 80/80 VUs, 28300 complete and 0 interrupted iterations
sudden_spike   [  56% ] 80/80 VUs  06m44.0s/12m00.0s

running (06m45.0s), 80/80 VUs, 28415 complete and 0 interrupted iterations
sudden_spike   [  56% ] 80/80 VUs  06m45.0s/12m00.0s

running (06m46.0s), 80/80 VUs, 28522 complete and 0 interrupted iterations
sudden_spike   [  56% ] 80/80 VUs  06m46.0s/12m00.0s

running (06m47.0s), 80/80 VUs, 28639 complete and 0 interrupted iterations
sudden_spike   [  57% ] 80/80 VUs  06m47.0s/12m00.0s

running (06m48.0s), 80/80 VUs, 28746 complete and 0 interrupted iterations
sudden_spike   [  57% ] 80/80 VUs  06m48.0s/12m00.0s

running (06m49.0s), 80/80 VUs, 28861 complete and 0 interrupted iterations
sudden_spike   [  57% ] 80/80 VUs  06m49.0s/12m00.0s

running (06m50.0s), 80/80 VUs, 28978 complete and 0 interrupted iterations
sudden_spike   [  57% ] 80/80 VUs  06m50.0s/12m00.0s

running (06m51.0s), 80/80 VUs, 29075 complete and 0 interrupted iterations
sudden_spike   [  57% ] 80/80 VUs  06m51.0s/12m00.0s

running (06m52.0s), 80/80 VUs, 29202 complete and 0 interrupted iterations
sudden_spike   [  57% ] 80/80 VUs  06m52.0s/12m00.0s

running (06m53.0s), 80/80 VUs, 29304 complete and 0 interrupted iterations
sudden_spike   [  57% ] 80/80 VUs  06m53.0s/12m00.0s

running (06m54.0s), 80/80 VUs, 29418 complete and 0 interrupted iterations
sudden_spike   [  57% ] 80/80 VUs  06m54.0s/12m00.0s

running (06m55.0s), 80/80 VUs, 29529 complete and 0 interrupted iterations
sudden_spike   [  58% ] 80/80 VUs  06m55.0s/12m00.0s

running (06m56.0s), 80/80 VUs, 29637 complete and 0 interrupted iterations
sudden_spike   [  58% ] 80/80 VUs  06m56.0s/12m00.0s

running (06m57.0s), 80/80 VUs, 29754 complete and 0 interrupted iterations
sudden_spike   [  58% ] 80/80 VUs  06m57.0s/12m00.0s

running (06m58.0s), 80/80 VUs, 29863 complete and 0 interrupted iterations
sudden_spike   [  58% ] 80/80 VUs  06m58.0s/12m00.0s

running (06m59.0s), 80/80 VUs, 29976 complete and 0 interrupted iterations
sudden_spike   [  58% ] 80/80 VUs  06m59.0s/12m00.0s

running (07m00.0s), 80/80 VUs, 30087 complete and 0 interrupted iterations
sudden_spike   [  58% ] 80/80 VUs  07m00.0s/12m00.0s

running (07m01.0s), 80/80 VUs, 30207 complete and 0 interrupted iterations
sudden_spike   [  58% ] 80/80 VUs  07m01.0s/12m00.0s

running (07m02.0s), 80/80 VUs, 30319 complete and 0 interrupted iterations
sudden_spike   [  59% ] 80/80 VUs  07m02.0s/12m00.0s

running (07m03.0s), 80/80 VUs, 30432 complete and 0 interrupted iterations
sudden_spike   [  59% ] 80/80 VUs  07m03.0s/12m00.0s

running (07m04.0s), 80/80 VUs, 30543 complete and 0 interrupted iterations
sudden_spike   [  59% ] 80/80 VUs  07m04.0s/12m00.0s

running (07m05.0s), 80/80 VUs, 30652 complete and 0 interrupted iterations
sudden_spike   [  59% ] 80/80 VUs  07m05.0s/12m00.0s

running (07m06.0s), 80/80 VUs, 30769 complete and 0 interrupted iterations
sudden_spike   [  59% ] 80/80 VUs  07m06.0s/12m00.0s

running (07m07.0s), 80/80 VUs, 30876 complete and 0 interrupted iterations
sudden_spike   [  59% ] 80/80 VUs  07m07.0s/12m00.0s

running (07m08.0s), 80/80 VUs, 30994 complete and 0 interrupted iterations
sudden_spike   [  59% ] 80/80 VUs  07m08.0s/12m00.0s

running (07m09.0s), 80/80 VUs, 31105 complete and 0 interrupted iterations
sudden_spike   [  60% ] 80/80 VUs  07m09.0s/12m00.0s

running (07m10.0s), 80/80 VUs, 31214 complete and 0 interrupted iterations
sudden_spike   [  60% ] 80/80 VUs  07m10.0s/12m00.0s

running (07m11.0s), 80/80 VUs, 31329 complete and 0 interrupted iterations
sudden_spike   [  60% ] 80/80 VUs  07m11.0s/12m00.0s

running (07m12.0s), 80/80 VUs, 31445 complete and 0 interrupted iterations
sudden_spike   [  60% ] 80/80 VUs  07m12.0s/12m00.0s

running (07m13.0s), 80/80 VUs, 31555 complete and 0 interrupted iterations
sudden_spike   [  60% ] 80/80 VUs  07m13.0s/12m00.0s

running (07m14.0s), 80/80 VUs, 31670 complete and 0 interrupted iterations
sudden_spike   [  60% ] 80/80 VUs  07m14.0s/12m00.0s

running (07m15.0s), 80/80 VUs, 31779 complete and 0 interrupted iterations
sudden_spike   [  60% ] 80/80 VUs  07m15.0s/12m00.0s

running (07m16.0s), 80/80 VUs, 31894 complete and 0 interrupted iterations
sudden_spike   [  61% ] 80/80 VUs  07m16.0s/12m00.0s

running (07m17.0s), 80/80 VUs, 32009 complete and 0 interrupted iterations
sudden_spike   [  61% ] 80/80 VUs  07m17.0s/12m00.0s

running (07m18.0s), 80/80 VUs, 32123 complete and 0 interrupted iterations
sudden_spike   [  61% ] 80/80 VUs  07m18.0s/12m00.0s

running (07m19.0s), 80/80 VUs, 32227 complete and 0 interrupted iterations
sudden_spike   [  61% ] 80/80 VUs  07m19.0s/12m00.0s

running (07m20.0s), 80/80 VUs, 32348 complete and 0 interrupted iterations
sudden_spike   [  61% ] 80/80 VUs  07m20.0s/12m00.0s

running (07m21.0s), 80/80 VUs, 32454 complete and 0 interrupted iterations
sudden_spike   [  61% ] 80/80 VUs  07m21.0s/12m00.0s

running (07m22.0s), 80/80 VUs, 32563 complete and 0 interrupted iterations
sudden_spike   [  61% ] 80/80 VUs  07m22.0s/12m00.0s

running (07m23.0s), 80/80 VUs, 32682 complete and 0 interrupted iterations
sudden_spike   [  62% ] 80/80 VUs  07m23.0s/12m00.0s

running (07m24.0s), 80/80 VUs, 32797 complete and 0 interrupted iterations
sudden_spike   [  62% ] 80/80 VUs  07m24.0s/12m00.0s

running (07m25.0s), 80/80 VUs, 32905 complete and 0 interrupted iterations
sudden_spike   [  62% ] 80/80 VUs  07m25.0s/12m00.0s

running (07m26.0s), 80/80 VUs, 33024 complete and 0 interrupted iterations
sudden_spike   [  62% ] 80/80 VUs  07m26.0s/12m00.0s

running (07m27.0s), 80/80 VUs, 33131 complete and 0 interrupted iterations
sudden_spike   [  62% ] 80/80 VUs  07m27.0s/12m00.0s

running (07m28.0s), 80/80 VUs, 33239 complete and 0 interrupted iterations
sudden_spike   [  62% ] 80/80 VUs  07m28.0s/12m00.0s

running (07m29.0s), 80/80 VUs, 33359 complete and 0 interrupted iterations
sudden_spike   [  62% ] 80/80 VUs  07m29.0s/12m00.0s

running (07m30.0s), 80/80 VUs, 33475 complete and 0 interrupted iterations
sudden_spike   [  62% ] 80/80 VUs  07m30.0s/12m00.0s

running (07m31.0s), 80/80 VUs, 33589 complete and 0 interrupted iterations
sudden_spike   [  63% ] 80/80 VUs  07m31.0s/12m00.0s

running (07m32.0s), 80/80 VUs, 33705 complete and 0 interrupted iterations
sudden_spike   [  63% ] 80/80 VUs  07m32.0s/12m00.0s

running (07m33.0s), 80/80 VUs, 33821 complete and 0 interrupted iterations
sudden_spike   [  63% ] 80/80 VUs  07m33.0s/12m00.0s

running (07m34.0s), 80/80 VUs, 33932 complete and 0 interrupted iterations
sudden_spike   [  63% ] 80/80 VUs  07m34.0s/12m00.0s

running (07m35.0s), 80/80 VUs, 34044 complete and 0 interrupted iterations
sudden_spike   [  63% ] 80/80 VUs  07m35.0s/12m00.0s

running (07m36.0s), 80/80 VUs, 34153 complete and 0 interrupted iterations
sudden_spike   [  63% ] 80/80 VUs  07m36.0s/12m00.0s

running (07m37.0s), 80/80 VUs, 34267 complete and 0 interrupted iterations
sudden_spike   [  63% ] 80/80 VUs  07m37.0s/12m00.0s

running (07m38.0s), 80/80 VUs, 34384 complete and 0 interrupted iterations
sudden_spike   [  64% ] 80/80 VUs  07m38.0s/12m00.0s

running (07m39.0s), 80/80 VUs, 34492 complete and 0 interrupted iterations
sudden_spike   [  64% ] 80/80 VUs  07m39.0s/12m00.0s

running (07m40.0s), 80/80 VUs, 34609 complete and 0 interrupted iterations
sudden_spike   [  64% ] 80/80 VUs  07m40.0s/12m00.0s

running (07m41.0s), 80/80 VUs, 34720 complete and 0 interrupted iterations
sudden_spike   [  64% ] 80/80 VUs  07m41.0s/12m00.0s

running (07m42.0s), 80/80 VUs, 34839 complete and 0 interrupted iterations
sudden_spike   [  64% ] 80/80 VUs  07m42.0s/12m00.0s

running (07m43.0s), 80/80 VUs, 34951 complete and 0 interrupted iterations
sudden_spike   [  64% ] 80/80 VUs  07m43.0s/12m00.0s

running (07m44.0s), 80/80 VUs, 35062 complete and 0 interrupted iterations
sudden_spike   [  64% ] 80/80 VUs  07m44.0s/12m00.0s

running (07m45.0s), 80/80 VUs, 35170 complete and 0 interrupted iterations
sudden_spike   [  65% ] 80/80 VUs  07m45.0s/12m00.0s

running (07m46.0s), 80/80 VUs, 35290 complete and 0 interrupted iterations
sudden_spike   [  65% ] 80/80 VUs  07m46.0s/12m00.0s

running (07m47.0s), 80/80 VUs, 35404 complete and 0 interrupted iterations
sudden_spike   [  65% ] 80/80 VUs  07m47.0s/12m00.0s

running (07m48.0s), 80/80 VUs, 35514 complete and 0 interrupted iterations
sudden_spike   [  65% ] 80/80 VUs  07m48.0s/12m00.0s

running (07m49.0s), 80/80 VUs, 35629 complete and 0 interrupted iterations
sudden_spike   [  65% ] 80/80 VUs  07m49.0s/12m00.0s

running (07m50.0s), 80/80 VUs, 35747 complete and 0 interrupted iterations
sudden_spike   [  65% ] 80/80 VUs  07m50.0s/12m00.0s

running (07m51.0s), 80/80 VUs, 35858 complete and 0 interrupted iterations
sudden_spike   [  65% ] 80/80 VUs  07m51.0s/12m00.0s

running (07m52.0s), 80/80 VUs, 35975 complete and 0 interrupted iterations
sudden_spike   [  66% ] 80/80 VUs  07m52.0s/12m00.0s

running (07m53.0s), 80/80 VUs, 36081 complete and 0 interrupted iterations
sudden_spike   [  66% ] 80/80 VUs  07m53.0s/12m00.0s

running (07m54.0s), 80/80 VUs, 36197 complete and 0 interrupted iterations
sudden_spike   [  66% ] 80/80 VUs  07m54.0s/12m00.0s

running (07m55.0s), 80/80 VUs, 36315 complete and 0 interrupted iterations
sudden_spike   [  66% ] 80/80 VUs  07m55.0s/12m00.0s

running (07m56.0s), 80/80 VUs, 36427 complete and 0 interrupted iterations
sudden_spike   [  66% ] 80/80 VUs  07m56.0s/12m00.0s

running (07m57.0s), 80/80 VUs, 36533 complete and 0 interrupted iterations
sudden_spike   [  66% ] 80/80 VUs  07m57.0s/12m00.0s

running (07m58.0s), 80/80 VUs, 36656 complete and 0 interrupted iterations
sudden_spike   [  66% ] 80/80 VUs  07m58.0s/12m00.0s

running (07m59.0s), 80/80 VUs, 36762 complete and 0 interrupted iterations
sudden_spike   [  67% ] 80/80 VUs  07m59.0s/12m00.0s

running (08m00.0s), 80/80 VUs, 36873 complete and 0 interrupted iterations
sudden_spike   [  67% ] 80/80 VUs  08m00.0s/12m00.0s

running (08m01.0s), 80/80 VUs, 36984 complete and 0 interrupted iterations
sudden_spike   [  67% ] 80/80 VUs  08m01.0s/12m00.0s

running (08m02.0s), 80/80 VUs, 37100 complete and 0 interrupted iterations
sudden_spike   [  67% ] 80/80 VUs  08m02.0s/12m00.0s

running (08m03.0s), 80/80 VUs, 37208 complete and 0 interrupted iterations
sudden_spike   [  67% ] 80/80 VUs  08m03.0s/12m00.0s

running (08m04.0s), 80/80 VUs, 37325 complete and 0 interrupted iterations
sudden_spike   [  67% ] 80/80 VUs  08m04.0s/12m00.0s

running (08m05.0s), 80/80 VUs, 37441 complete and 0 interrupted iterations
sudden_spike   [  67% ] 80/80 VUs  08m05.0s/12m00.0s

running (08m06.0s), 80/80 VUs, 37553 complete and 0 interrupted iterations
sudden_spike   [  67% ] 80/80 VUs  08m06.0s/12m00.0s

running (08m07.0s), 80/80 VUs, 37660 complete and 0 interrupted iterations
sudden_spike   [  68% ] 80/80 VUs  08m07.0s/12m00.0s

running (08m08.0s), 80/80 VUs, 37776 complete and 0 interrupted iterations
sudden_spike   [  68% ] 80/80 VUs  08m08.0s/12m00.0s

running (08m09.0s), 80/80 VUs, 37890 complete and 0 interrupted iterations
sudden_spike   [  68% ] 80/80 VUs  08m09.0s/12m00.0s

running (08m10.0s), 80/80 VUs, 37999 complete and 0 interrupted iterations
sudden_spike   [  68% ] 80/80 VUs  08m10.0s/12m00.0s

running (08m11.0s), 80/80 VUs, 38107 complete and 0 interrupted iterations
sudden_spike   [  68% ] 80/80 VUs  08m11.0s/12m00.0s

running (08m12.0s), 80/80 VUs, 38219 complete and 0 interrupted iterations
sudden_spike   [  68% ] 80/80 VUs  08m12.0s/12m00.0s

running (08m13.0s), 80/80 VUs, 38338 complete and 0 interrupted iterations
sudden_spike   [  68% ] 80/80 VUs  08m13.0s/12m00.0s

running (08m14.0s), 80/80 VUs, 38451 complete and 0 interrupted iterations
sudden_spike   [  69% ] 80/80 VUs  08m14.0s/12m00.0s

running (08m15.0s), 80/80 VUs, 38561 complete and 0 interrupted iterations
sudden_spike   [  69% ] 80/80 VUs  08m15.0s/12m00.0s

running (08m16.0s), 80/80 VUs, 38670 complete and 0 interrupted iterations
sudden_spike   [  69% ] 80/80 VUs  08m16.0s/12m00.0s

running (08m17.0s), 80/80 VUs, 38786 complete and 0 interrupted iterations
sudden_spike   [  69% ] 80/80 VUs  08m17.0s/12m00.0s

running (08m18.0s), 80/80 VUs, 38903 complete and 0 interrupted iterations
sudden_spike   [  69% ] 80/80 VUs  08m18.0s/12m00.0s

running (08m19.0s), 80/80 VUs, 39015 complete and 0 interrupted iterations
sudden_spike   [  69% ] 80/80 VUs  08m19.0s/12m00.0s

running (08m20.0s), 80/80 VUs, 39126 complete and 0 interrupted iterations
sudden_spike   [  69% ] 80/80 VUs  08m20.0s/12m00.0s

running (08m21.0s), 80/80 VUs, 39237 complete and 0 interrupted iterations
sudden_spike   [  70% ] 80/80 VUs  08m21.0s/12m00.0s

running (08m22.0s), 80/80 VUs, 39351 complete and 0 interrupted iterations
sudden_spike   [  70% ] 80/80 VUs  08m22.0s/12m00.0s

running (08m23.0s), 80/80 VUs, 39467 complete and 0 interrupted iterations
sudden_spike   [  70% ] 80/80 VUs  08m23.0s/12m00.0s

running (08m24.0s), 80/80 VUs, 39577 complete and 0 interrupted iterations
sudden_spike   [  70% ] 80/80 VUs  08m24.0s/12m00.0s

running (08m25.0s), 80/80 VUs, 39684 complete and 0 interrupted iterations
sudden_spike   [  70% ] 80/80 VUs  08m25.0s/12m00.0s

running (08m26.0s), 80/80 VUs, 39797 complete and 0 interrupted iterations
sudden_spike   [  70% ] 80/80 VUs  08m26.0s/12m00.0s

running (08m27.0s), 80/80 VUs, 39914 complete and 0 interrupted iterations
sudden_spike   [  70% ] 80/80 VUs  08m27.0s/12m00.0s

running (08m28.0s), 80/80 VUs, 40022 complete and 0 interrupted iterations
sudden_spike   [  71% ] 80/80 VUs  08m28.0s/12m00.0s

running (08m29.0s), 80/80 VUs, 40145 complete and 0 interrupted iterations
sudden_spike   [  71% ] 80/80 VUs  08m29.0s/12m00.0s

running (08m30.0s), 80/80 VUs, 40253 complete and 0 interrupted iterations
sudden_spike   [  71% ] 80/80 VUs  08m30.0s/12m00.0s

running (08m31.0s), 80/80 VUs, 40368 complete and 0 interrupted iterations
sudden_spike   [  71% ] 80/80 VUs  08m31.0s/12m00.0s

running (08m32.0s), 80/80 VUs, 40488 complete and 0 interrupted iterations
sudden_spike   [  71% ] 80/80 VUs  08m32.0s/12m00.0s

running (08m33.0s), 80/80 VUs, 40596 complete and 0 interrupted iterations
sudden_spike   [  71% ] 80/80 VUs  08m33.0s/12m00.0s

running (08m34.0s), 80/80 VUs, 40708 complete and 0 interrupted iterations
sudden_spike   [  71% ] 80/80 VUs  08m34.0s/12m00.0s

running (08m35.0s), 80/80 VUs, 40819 complete and 0 interrupted iterations
sudden_spike   [  72% ] 80/80 VUs  08m35.0s/12m00.0s

running (08m36.0s), 80/80 VUs, 40935 complete and 0 interrupted iterations
sudden_spike   [  72% ] 80/80 VUs  08m36.0s/12m00.0s

running (08m37.0s), 80/80 VUs, 41044 complete and 0 interrupted iterations
sudden_spike   [  72% ] 80/80 VUs  08m37.0s/12m00.0s

running (08m38.0s), 80/80 VUs, 41156 complete and 0 interrupted iterations
sudden_spike   [  72% ] 80/80 VUs  08m38.0s/12m00.0s

running (08m39.0s), 80/80 VUs, 41271 complete and 0 interrupted iterations
sudden_spike   [  72% ] 80/80 VUs  08m39.0s/12m00.0s

running (08m40.0s), 80/80 VUs, 41379 complete and 0 interrupted iterations
sudden_spike   [  72% ] 80/80 VUs  08m40.0s/12m00.0s

running (08m41.0s), 80/80 VUs, 41498 complete and 0 interrupted iterations
sudden_spike   [  72% ] 80/80 VUs  08m41.0s/12m00.0s

running (08m42.0s), 80/80 VUs, 41605 complete and 0 interrupted iterations
sudden_spike   [  72% ] 80/80 VUs  08m42.0s/12m00.0s

running (08m43.0s), 80/80 VUs, 41719 complete and 0 interrupted iterations
sudden_spike   [  73% ] 80/80 VUs  08m43.0s/12m00.0s

running (08m44.0s), 80/80 VUs, 41827 complete and 0 interrupted iterations
sudden_spike   [  73% ] 80/80 VUs  08m44.0s/12m00.0s

running (08m45.0s), 80/80 VUs, 41940 complete and 0 interrupted iterations
sudden_spike   [  73% ] 80/80 VUs  08m45.0s/12m00.0s

running (08m46.0s), 80/80 VUs, 42056 complete and 0 interrupted iterations
sudden_spike   [  73% ] 80/80 VUs  08m46.0s/12m00.0s

running (08m47.0s), 80/80 VUs, 42163 complete and 0 interrupted iterations
sudden_spike   [  73% ] 80/80 VUs  08m47.0s/12m00.0s

running (08m48.0s), 80/80 VUs, 42281 complete and 0 interrupted iterations
sudden_spike   [  73% ] 80/80 VUs  08m48.0s/12m00.0s

running (08m49.0s), 80/80 VUs, 42391 complete and 0 interrupted iterations
sudden_spike   [  73% ] 80/80 VUs  08m49.0s/12m00.0s

running (08m50.0s), 80/80 VUs, 42503 complete and 0 interrupted iterations
sudden_spike   [  74% ] 80/80 VUs  08m50.0s/12m00.0s

running (08m51.0s), 80/80 VUs, 42617 complete and 0 interrupted iterations
sudden_spike   [  74% ] 80/80 VUs  08m51.0s/12m00.0s

running (08m52.0s), 80/80 VUs, 42724 complete and 0 interrupted iterations
sudden_spike   [  74% ] 80/80 VUs  08m52.0s/12m00.0s

running (08m53.0s), 80/80 VUs, 42839 complete and 0 interrupted iterations
sudden_spike   [  74% ] 80/80 VUs  08m53.0s/12m00.0s

running (08m54.0s), 80/80 VUs, 42950 complete and 0 interrupted iterations
sudden_spike   [  74% ] 80/80 VUs  08m54.0s/12m00.0s

running (08m55.0s), 80/80 VUs, 43068 complete and 0 interrupted iterations
sudden_spike   [  74% ] 80/80 VUs  08m55.0s/12m00.0s

running (08m56.0s), 80/80 VUs, 43172 complete and 0 interrupted iterations
sudden_spike   [  74% ] 80/80 VUs  08m56.0s/12m00.0s

running (08m57.0s), 80/80 VUs, 43294 complete and 0 interrupted iterations
sudden_spike   [  75% ] 80/80 VUs  08m57.0s/12m00.0s

running (08m58.0s), 80/80 VUs, 43406 complete and 0 interrupted iterations
sudden_spike   [  75% ] 80/80 VUs  08m58.0s/12m00.0s

running (08m59.0s), 80/80 VUs, 43519 complete and 0 interrupted iterations
sudden_spike   [  75% ] 80/80 VUs  08m59.0s/12m00.0s

running (09m00.0s), 80/80 VUs, 43629 complete and 0 interrupted iterations
sudden_spike   [  75% ] 80/80 VUs  09m00.0s/12m00.0s

running (09m01.0s), 80/80 VUs, 43734 complete and 0 interrupted iterations
sudden_spike   [  75% ] 80/80 VUs  09m01.0s/12m00.0s

running (09m02.0s), 80/80 VUs, 43846 complete and 0 interrupted iterations
sudden_spike   [  75% ] 80/80 VUs  09m02.0s/12m00.0s

running (09m03.0s), 79/80 VUs, 43960 complete and 0 interrupted iterations
sudden_spike   [  75% ] 79/80 VUs  09m03.0s/12m00.0s

running (09m04.0s), 79/80 VUs, 44073 complete and 0 interrupted iterations
sudden_spike   [  76% ] 79/80 VUs  09m04.0s/12m00.0s

running (09m05.0s), 78/80 VUs, 44188 complete and 0 interrupted iterations
sudden_spike   [  76% ] 78/80 VUs  09m05.0s/12m00.0s

running (09m06.0s), 78/80 VUs, 44299 complete and 0 interrupted iterations
sudden_spike   [  76% ] 78/80 VUs  09m06.0s/12m00.0s

running (09m07.0s), 77/80 VUs, 44409 complete and 0 interrupted iterations
sudden_spike   [  76% ] 77/80 VUs  09m07.0s/12m00.0s

running (09m08.0s), 77/80 VUs, 44511 complete and 0 interrupted iterations
sudden_spike   [  76% ] 77/80 VUs  09m08.0s/12m00.0s

running (09m09.0s), 77/80 VUs, 44625 complete and 0 interrupted iterations
sudden_spike   [  76% ] 77/80 VUs  09m09.0s/12m00.0s

running (09m10.0s), 76/80 VUs, 44739 complete and 0 interrupted iterations
sudden_spike   [  76% ] 76/80 VUs  09m10.0s/12m00.0s

running (09m11.0s), 76/80 VUs, 44840 complete and 0 interrupted iterations
sudden_spike   [  77% ] 76/80 VUs  09m11.0s/12m00.0s

running (09m12.0s), 75/80 VUs, 44948 complete and 0 interrupted iterations
sudden_spike   [  77% ] 75/80 VUs  09m12.0s/12m00.0s

running (09m13.0s), 75/80 VUs, 45052 complete and 0 interrupted iterations
sudden_spike   [  77% ] 75/80 VUs  09m13.0s/12m00.0s

running (09m14.0s), 74/80 VUs, 45159 complete and 0 interrupted iterations
sudden_spike   [  77% ] 74/80 VUs  09m14.0s/12m00.0s

running (09m15.0s), 74/80 VUs, 45267 complete and 0 interrupted iterations
sudden_spike   [  77% ] 74/80 VUs  09m15.0s/12m00.0s

running (09m16.0s), 74/80 VUs, 45377 complete and 0 interrupted iterations
sudden_spike   [  77% ] 74/80 VUs  09m16.0s/12m00.0s

running (09m17.0s), 73/80 VUs, 45469 complete and 0 interrupted iterations
sudden_spike   [  77% ] 73/80 VUs  09m17.0s/12m00.0s

running (09m18.0s), 73/80 VUs, 45575 complete and 0 interrupted iterations
sudden_spike   [  77% ] 73/80 VUs  09m18.0s/12m00.0s

running (09m19.0s), 72/80 VUs, 45677 complete and 0 interrupted iterations
sudden_spike   [  78% ] 72/80 VUs  09m19.0s/12m00.0s

running (09m20.0s), 72/80 VUs, 45779 complete and 0 interrupted iterations
sudden_spike   [  78% ] 72/80 VUs  09m20.0s/12m00.0s

running (09m21.0s), 71/80 VUs, 45878 complete and 0 interrupted iterations
sudden_spike   [  78% ] 71/80 VUs  09m21.0s/12m00.0s

running (09m22.0s), 71/80 VUs, 45979 complete and 0 interrupted iterations
sudden_spike   [  78% ] 71/80 VUs  09m22.0s/12m00.0s

running (09m23.0s), 70/80 VUs, 46077 complete and 0 interrupted iterations
sudden_spike   [  78% ] 70/80 VUs  09m23.0s/12m00.0s

running (09m24.0s), 70/80 VUs, 46174 complete and 0 interrupted iterations
sudden_spike   [  78% ] 70/80 VUs  09m24.0s/12m00.0s

running (09m25.0s), 69/80 VUs, 46280 complete and 0 interrupted iterations
sudden_spike   [  78% ] 69/80 VUs  09m25.0s/12m00.0s

running (09m26.0s), 69/80 VUs, 46378 complete and 0 interrupted iterations
sudden_spike   [  79% ] 69/80 VUs  09m26.0s/12m00.0s

running (09m27.0s), 69/80 VUs, 46469 complete and 0 interrupted iterations
sudden_spike   [  79% ] 69/80 VUs  09m27.0s/12m00.0s

running (09m28.0s), 68/80 VUs, 46567 complete and 0 interrupted iterations
sudden_spike   [  79% ] 68/80 VUs  09m28.0s/12m00.0s

running (09m29.0s), 68/80 VUs, 46670 complete and 0 interrupted iterations
sudden_spike   [  79% ] 68/80 VUs  09m29.0s/12m00.0s

running (09m30.0s), 67/80 VUs, 46769 complete and 0 interrupted iterations
sudden_spike   [  79% ] 67/80 VUs  09m30.0s/12m00.0s

running (09m31.0s), 67/80 VUs, 46863 complete and 0 interrupted iterations
sudden_spike   [  79% ] 67/80 VUs  09m31.0s/12m00.0s

running (09m32.0s), 66/80 VUs, 46957 complete and 0 interrupted iterations
sudden_spike   [  79% ] 66/80 VUs  09m32.0s/12m00.0s

running (09m33.0s), 66/80 VUs, 47048 complete and 0 interrupted iterations
sudden_spike   [  80% ] 66/80 VUs  09m33.0s/12m00.0s

running (09m34.0s), 65/80 VUs, 47142 complete and 0 interrupted iterations
sudden_spike   [  80% ] 65/80 VUs  09m34.0s/12m00.0s

running (09m35.0s), 65/80 VUs, 47231 complete and 0 interrupted iterations
sudden_spike   [  80% ] 65/80 VUs  09m35.0s/12m00.0s

running (09m36.0s), 65/80 VUs, 47318 complete and 0 interrupted iterations
sudden_spike   [  80% ] 65/80 VUs  09m36.0s/12m00.0s

running (09m37.0s), 64/80 VUs, 47416 complete and 0 interrupted iterations
sudden_spike   [  80% ] 64/80 VUs  09m37.0s/12m00.0s

running (09m38.0s), 64/80 VUs, 47504 complete and 0 interrupted iterations
sudden_spike   [  80% ] 64/80 VUs  09m38.0s/12m00.0s

running (09m39.0s), 63/80 VUs, 47586 complete and 0 interrupted iterations
sudden_spike   [  80% ] 63/80 VUs  09m39.0s/12m00.0s

running (09m40.0s), 63/80 VUs, 47675 complete and 0 interrupted iterations
sudden_spike   [  81% ] 63/80 VUs  09m40.0s/12m00.0s

running (09m41.0s), 62/80 VUs, 47769 complete and 0 interrupted iterations
sudden_spike   [  81% ] 62/80 VUs  09m41.0s/12m00.0s

running (09m42.0s), 62/80 VUs, 47857 complete and 0 interrupted iterations
sudden_spike   [  81% ] 62/80 VUs  09m42.0s/12m00.0s

running (09m43.0s), 61/80 VUs, 47941 complete and 0 interrupted iterations
sudden_spike   [  81% ] 61/80 VUs  09m43.0s/12m00.0s

running (09m44.0s), 61/80 VUs, 48029 complete and 0 interrupted iterations
sudden_spike   [  81% ] 61/80 VUs  09m44.0s/12m00.0s

running (09m45.0s), 61/80 VUs, 48106 complete and 0 interrupted iterations
sudden_spike   [  81% ] 61/80 VUs  09m45.0s/12m00.0s

running (09m46.0s), 60/80 VUs, 48194 complete and 0 interrupted iterations
sudden_spike   [  81% ] 60/80 VUs  09m46.0s/12m00.0s

running (09m47.0s), 60/80 VUs, 48284 complete and 0 interrupted iterations
sudden_spike   [  82% ] 60/80 VUs  09m47.0s/12m00.0s

running (09m48.0s), 59/80 VUs, 48370 complete and 0 interrupted iterations
sudden_spike   [  82% ] 59/80 VUs  09m48.0s/12m00.0s

running (09m49.0s), 59/80 VUs, 48445 complete and 0 interrupted iterations
sudden_spike   [  82% ] 59/80 VUs  09m49.0s/12m00.0s

running (09m50.0s), 58/80 VUs, 48530 complete and 0 interrupted iterations
sudden_spike   [  82% ] 58/80 VUs  09m50.0s/12m00.0s

running (09m51.0s), 58/80 VUs, 48619 complete and 0 interrupted iterations
sudden_spike   [  82% ] 58/80 VUs  09m51.0s/12m00.0s

running (09m52.0s), 58/80 VUs, 48695 complete and 0 interrupted iterations
sudden_spike   [  82% ] 58/80 VUs  09m52.0s/12m00.0s

running (09m53.0s), 57/80 VUs, 48782 complete and 0 interrupted iterations
sudden_spike   [  82% ] 57/80 VUs  09m53.0s/12m00.0s

running (09m54.0s), 57/80 VUs, 48860 complete and 0 interrupted iterations
sudden_spike   [  82% ] 57/80 VUs  09m54.0s/12m00.0s

running (09m55.0s), 56/80 VUs, 48937 complete and 0 interrupted iterations
sudden_spike   [  83% ] 56/80 VUs  09m55.0s/12m00.0s

running (09m56.0s), 56/80 VUs, 49021 complete and 0 interrupted iterations
sudden_spike   [  83% ] 56/80 VUs  09m56.0s/12m00.0s

running (09m57.0s), 55/80 VUs, 49098 complete and 0 interrupted iterations
sudden_spike   [  83% ] 55/80 VUs  09m57.0s/12m00.0s

running (09m58.0s), 55/80 VUs, 49175 complete and 0 interrupted iterations
sudden_spike   [  83% ] 55/80 VUs  09m58.0s/12m00.0s

running (09m59.0s), 54/80 VUs, 49251 complete and 0 interrupted iterations
sudden_spike   [  83% ] 54/80 VUs  09m59.0s/12m00.0s

running (10m00.0s), 54/80 VUs, 49331 complete and 0 interrupted iterations
sudden_spike   [  83% ] 54/80 VUs  10m00.0s/12m00.0s

running (10m01.0s), 54/80 VUs, 49405 complete and 0 interrupted iterations
sudden_spike   [  83% ] 54/80 VUs  10m01.0s/12m00.0s

running (10m02.0s), 53/80 VUs, 49479 complete and 0 interrupted iterations
sudden_spike   [  84% ] 53/80 VUs  10m02.0s/12m00.0s

running (10m03.0s), 53/80 VUs, 49554 complete and 0 interrupted iterations
sudden_spike   [  84% ] 53/80 VUs  10m03.0s/12m00.0s

running (10m04.0s), 52/80 VUs, 49628 complete and 0 interrupted iterations
sudden_spike   [  84% ] 52/80 VUs  10m04.0s/12m00.0s

running (10m05.0s), 52/80 VUs, 49702 complete and 0 interrupted iterations
sudden_spike   [  84% ] 52/80 VUs  10m05.0s/12m00.0s

running (10m06.0s), 51/80 VUs, 49779 complete and 0 interrupted iterations
sudden_spike   [  84% ] 51/80 VUs  10m06.0s/12m00.0s

running (10m07.0s), 51/80 VUs, 49850 complete and 0 interrupted iterations
sudden_spike   [  84% ] 51/80 VUs  10m07.0s/12m00.0s

running (10m08.0s), 51/80 VUs, 49924 complete and 0 interrupted iterations
sudden_spike   [  84% ] 51/80 VUs  10m08.0s/12m00.0s

running (10m09.0s), 50/80 VUs, 49992 complete and 0 interrupted iterations
sudden_spike   [  85% ] 50/80 VUs  10m09.0s/12m00.0s

running (10m10.0s), 49/80 VUs, 50060 complete and 0 interrupted iterations
sudden_spike   [  85% ] 49/80 VUs  10m10.0s/12m00.0s

running (10m11.0s), 49/80 VUs, 50127 complete and 0 interrupted iterations
sudden_spike   [  85% ] 49/80 VUs  10m11.0s/12m00.0s

running (10m12.0s), 49/80 VUs, 50198 complete and 0 interrupted iterations
sudden_spike   [  85% ] 49/80 VUs  10m12.0s/12m00.0s

running (10m13.0s), 48/80 VUs, 50262 complete and 0 interrupted iterations
sudden_spike   [  85% ] 48/80 VUs  10m13.0s/12m00.0s

running (10m14.0s), 48/80 VUs, 50331 complete and 0 interrupted iterations
sudden_spike   [  85% ] 48/80 VUs  10m14.0s/12m00.0s

running (10m15.0s), 47/80 VUs, 50397 complete and 0 interrupted iterations
sudden_spike   [  85% ] 47/80 VUs  10m15.0s/12m00.0s

running (10m16.0s), 47/80 VUs, 50462 complete and 0 interrupted iterations
sudden_spike   [  86% ] 47/80 VUs  10m16.0s/12m00.0s

running (10m17.0s), 46/80 VUs, 50528 complete and 0 interrupted iterations
sudden_spike   [  86% ] 46/80 VUs  10m17.0s/12m00.0s

running (10m18.0s), 46/80 VUs, 50596 complete and 0 interrupted iterations
sudden_spike   [  86% ] 46/80 VUs  10m18.0s/12m00.0s

running (10m19.0s), 46/80 VUs, 50660 complete and 0 interrupted iterations
sudden_spike   [  86% ] 46/80 VUs  10m19.0s/12m00.0s

running (10m20.0s), 45/80 VUs, 50722 complete and 0 interrupted iterations
sudden_spike   [  86% ] 45/80 VUs  10m20.0s/12m00.0s

running (10m21.0s), 45/80 VUs, 50788 complete and 0 interrupted iterations
sudden_spike   [  86% ] 45/80 VUs  10m21.0s/12m00.0s

running (10m22.0s), 44/80 VUs, 50853 complete and 0 interrupted iterations
sudden_spike   [  86% ] 44/80 VUs  10m22.0s/12m00.0s

running (10m23.0s), 44/80 VUs, 50916 complete and 0 interrupted iterations
sudden_spike   [  87% ] 44/80 VUs  10m23.0s/12m00.0s

running (10m24.0s), 43/80 VUs, 50978 complete and 0 interrupted iterations
sudden_spike   [  87% ] 43/80 VUs  10m24.0s/12m00.0s

running (10m25.0s), 43/80 VUs, 51035 complete and 0 interrupted iterations
sudden_spike   [  87% ] 43/80 VUs  10m25.0s/12m00.0s

running (10m26.0s), 42/80 VUs, 51094 complete and 0 interrupted iterations
sudden_spike   [  87% ] 42/80 VUs  10m26.0s/12m00.0s

running (10m27.0s), 42/80 VUs, 51157 complete and 0 interrupted iterations
sudden_spike   [  87% ] 42/80 VUs  10m27.0s/12m00.0s

running (10m28.0s), 42/80 VUs, 51215 complete and 0 interrupted iterations
sudden_spike   [  87% ] 42/80 VUs  10m28.0s/12m00.0s

running (10m29.0s), 41/80 VUs, 51273 complete and 0 interrupted iterations
sudden_spike   [  87% ] 41/80 VUs  10m29.0s/12m00.0s

running (10m30.0s), 41/80 VUs, 51328 complete and 0 interrupted iterations
sudden_spike   [  87% ] 41/80 VUs  10m30.0s/12m00.0s

running (10m31.0s), 40/80 VUs, 51388 complete and 0 interrupted iterations
sudden_spike   [  88% ] 40/80 VUs  10m31.0s/12m00.0s

running (10m32.0s), 40/80 VUs, 51444 complete and 0 interrupted iterations
sudden_spike   [  88% ] 40/80 VUs  10m32.0s/12m00.0s

running (10m33.0s), 39/80 VUs, 51496 complete and 0 interrupted iterations
sudden_spike   [  88% ] 39/80 VUs  10m33.0s/12m00.0s

running (10m34.0s), 39/80 VUs, 51553 complete and 0 interrupted iterations
sudden_spike   [  88% ] 39/80 VUs  10m34.0s/12m00.0s

running (10m35.0s), 38/80 VUs, 51614 complete and 0 interrupted iterations
sudden_spike   [  88% ] 38/80 VUs  10m35.0s/12m00.0s

running (10m36.0s), 38/80 VUs, 51661 complete and 0 interrupted iterations
sudden_spike   [  88% ] 38/80 VUs  10m36.0s/12m00.0s

running (10m37.0s), 38/80 VUs, 51717 complete and 0 interrupted iterations
sudden_spike   [  88% ] 38/80 VUs  10m37.0s/12m00.0s

running (10m38.0s), 37/80 VUs, 51771 complete and 0 interrupted iterations
sudden_spike   [  89% ] 37/80 VUs  10m38.0s/12m00.0s

running (10m39.0s), 37/80 VUs, 51825 complete and 0 interrupted iterations
sudden_spike   [  89% ] 37/80 VUs  10m39.0s/12m00.0s

running (10m40.0s), 36/80 VUs, 51871 complete and 0 interrupted iterations
sudden_spike   [  89% ] 36/80 VUs  10m40.0s/12m00.0s

running (10m41.0s), 36/80 VUs, 51928 complete and 0 interrupted iterations
sudden_spike   [  89% ] 36/80 VUs  10m41.0s/12m00.0s

running (10m42.0s), 35/80 VUs, 51977 complete and 0 interrupted iterations
sudden_spike   [  89% ] 35/80 VUs  10m42.0s/12m00.0s

running (10m43.0s), 35/80 VUs, 52026 complete and 0 interrupted iterations
sudden_spike   [  89% ] 35/80 VUs  10m43.0s/12m00.0s

running (10m44.0s), 34/80 VUs, 52073 complete and 0 interrupted iterations
sudden_spike   [  89% ] 34/80 VUs  10m44.0s/12m00.0s

running (10m45.0s), 34/80 VUs, 52123 complete and 0 interrupted iterations
sudden_spike   [  90% ] 34/80 VUs  10m45.0s/12m00.0s

running (10m46.0s), 34/80 VUs, 52171 complete and 0 interrupted iterations
sudden_spike   [  90% ] 34/80 VUs  10m46.0s/12m00.0s

running (10m47.0s), 33/80 VUs, 52215 complete and 0 interrupted iterations
sudden_spike   [  90% ] 33/80 VUs  10m47.0s/12m00.0s

running (10m48.0s), 33/80 VUs, 52263 complete and 0 interrupted iterations
sudden_spike   [  90% ] 33/80 VUs  10m48.0s/12m00.0s

running (10m49.0s), 32/80 VUs, 52309 complete and 0 interrupted iterations
sudden_spike   [  90% ] 32/80 VUs  10m49.0s/12m00.0s

running (10m50.0s), 32/80 VUs, 52354 complete and 0 interrupted iterations
sudden_spike   [  90% ] 32/80 VUs  10m50.0s/12m00.0s

running (10m51.0s), 31/80 VUs, 52402 complete and 0 interrupted iterations
sudden_spike   [  90% ] 31/80 VUs  10m51.0s/12m00.0s

running (10m52.0s), 31/80 VUs, 52446 complete and 0 interrupted iterations
sudden_spike   [  91% ] 31/80 VUs  10m52.0s/12m00.0s

running (10m53.0s), 31/80 VUs, 52489 complete and 0 interrupted iterations
sudden_spike   [  91% ] 31/80 VUs  10m53.0s/12m00.0s

running (10m54.0s), 30/80 VUs, 52532 complete and 0 interrupted iterations
sudden_spike   [  91% ] 30/80 VUs  10m54.0s/12m00.0s

running (10m55.0s), 30/80 VUs, 52579 complete and 0 interrupted iterations
sudden_spike   [  91% ] 30/80 VUs  10m55.0s/12m00.0s

running (10m56.0s), 29/80 VUs, 52617 complete and 0 interrupted iterations
sudden_spike   [  91% ] 29/80 VUs  10m56.0s/12m00.0s

running (10m57.0s), 29/80 VUs, 52662 complete and 0 interrupted iterations
sudden_spike   [  91% ] 29/80 VUs  10m57.0s/12m00.0s

running (10m58.0s), 28/80 VUs, 52699 complete and 0 interrupted iterations
sudden_spike   [  91% ] 28/80 VUs  10m58.0s/12m00.0s

running (10m59.0s), 28/80 VUs, 52737 complete and 0 interrupted iterations
sudden_spike   [  92% ] 28/80 VUs  10m59.0s/12m00.0s

running (11m00.0s), 27/80 VUs, 52776 complete and 0 interrupted iterations
sudden_spike   [  92% ] 27/80 VUs  11m00.0s/12m00.0s

running (11m01.0s), 27/80 VUs, 52817 complete and 0 interrupted iterations
sudden_spike   [  92% ] 27/80 VUs  11m01.0s/12m00.0s

running (11m02.0s), 26/80 VUs, 52853 complete and 0 interrupted iterations
sudden_spike   [  92% ] 26/80 VUs  11m02.0s/12m00.0s

running (11m03.0s), 26/80 VUs, 52890 complete and 0 interrupted iterations
sudden_spike   [  92% ] 26/80 VUs  11m03.0s/12m00.0s

running (11m04.0s), 26/80 VUs, 52926 complete and 0 interrupted iterations
sudden_spike   [  92% ] 26/80 VUs  11m04.0s/12m00.0s

running (11m05.0s), 25/80 VUs, 52964 complete and 0 interrupted iterations
sudden_spike   [  92% ] 25/80 VUs  11m05.0s/12m00.0s

running (11m06.0s), 25/80 VUs, 52994 complete and 0 interrupted iterations
sudden_spike   [  92% ] 25/80 VUs  11m06.0s/12m00.0s

running (11m07.0s), 24/80 VUs, 53031 complete and 0 interrupted iterations
sudden_spike   [  93% ] 24/80 VUs  11m07.0s/12m00.0s

running (11m08.0s), 24/80 VUs, 53067 complete and 0 interrupted iterations
sudden_spike   [  93% ] 24/80 VUs  11m08.0s/12m00.0s

running (11m09.0s), 23/80 VUs, 53101 complete and 0 interrupted iterations
sudden_spike   [  93% ] 23/80 VUs  11m09.0s/12m00.0s

running (11m10.0s), 23/80 VUs, 53135 complete and 0 interrupted iterations
sudden_spike   [  93% ] 23/80 VUs  11m10.0s/12m00.0s

running (11m11.0s), 22/80 VUs, 53169 complete and 0 interrupted iterations
sudden_spike   [  93% ] 22/80 VUs  11m11.0s/12m00.0s

running (11m12.0s), 22/80 VUs, 53199 complete and 0 interrupted iterations
sudden_spike   [  93% ] 22/80 VUs  11m12.0s/12m00.0s

running (11m13.0s), 21/80 VUs, 53228 complete and 0 interrupted iterations
sudden_spike   [  93% ] 21/80 VUs  11m13.0s/12m00.0s

running (11m14.0s), 21/80 VUs, 53259 complete and 0 interrupted iterations
sudden_spike   [  94% ] 21/80 VUs  11m14.0s/12m00.0s

running (11m15.0s), 21/80 VUs, 53291 complete and 0 interrupted iterations
sudden_spike   [  94% ] 21/80 VUs  11m15.0s/12m00.0s

running (11m16.0s), 20/80 VUs, 53322 complete and 0 interrupted iterations
sudden_spike   [  94% ] 20/80 VUs  11m16.0s/12m00.0s

running (11m17.0s), 20/80 VUs, 53349 complete and 0 interrupted iterations
sudden_spike   [  94% ] 20/80 VUs  11m17.0s/12m00.0s

running (11m18.0s), 19/80 VUs, 53381 complete and 0 interrupted iterations
sudden_spike   [  94% ] 19/80 VUs  11m18.0s/12m00.0s

running (11m19.0s), 19/80 VUs, 53408 complete and 0 interrupted iterations
sudden_spike   [  94% ] 19/80 VUs  11m19.0s/12m00.0s

running (11m20.0s), 18/80 VUs, 53433 complete and 0 interrupted iterations
sudden_spike   [  94% ] 18/80 VUs  11m20.0s/12m00.0s

running (11m21.0s), 18/80 VUs, 53458 complete and 0 interrupted iterations
sudden_spike   [  95% ] 18/80 VUs  11m21.0s/12m00.0s

running (11m22.0s), 18/80 VUs, 53484 complete and 0 interrupted iterations
sudden_spike   [  95% ] 18/80 VUs  11m22.0s/12m00.0s

running (11m23.0s), 17/80 VUs, 53512 complete and 0 interrupted iterations
sudden_spike   [  95% ] 17/80 VUs  11m23.0s/12m00.0s

running (11m24.0s), 17/80 VUs, 53535 complete and 0 interrupted iterations
sudden_spike   [  95% ] 17/80 VUs  11m24.0s/12m00.0s

running (11m25.0s), 16/80 VUs, 53556 complete and 0 interrupted iterations
sudden_spike   [  95% ] 16/80 VUs  11m25.0s/12m00.0s

running (11m26.0s), 16/80 VUs, 53579 complete and 0 interrupted iterations
sudden_spike   [  95% ] 16/80 VUs  11m26.0s/12m00.0s

running (11m27.0s), 15/80 VUs, 53602 complete and 0 interrupted iterations
sudden_spike   [  95% ] 15/80 VUs  11m27.0s/12m00.0s

running (11m28.0s), 15/80 VUs, 53620 complete and 0 interrupted iterations
sudden_spike   [  96% ] 15/80 VUs  11m28.0s/12m00.0s

running (11m29.0s), 14/80 VUs, 53640 complete and 0 interrupted iterations
sudden_spike   [  96% ] 14/80 VUs  11m29.0s/12m00.0s

running (11m30.0s), 14/80 VUs, 53662 complete and 0 interrupted iterations
sudden_spike   [  96% ] 14/80 VUs  11m30.0s/12m00.0s

running (11m31.0s), 14/80 VUs, 53682 complete and 0 interrupted iterations
sudden_spike   [  96% ] 14/80 VUs  11m31.0s/12m00.0s

running (11m32.0s), 13/80 VUs, 53697 complete and 0 interrupted iterations
sudden_spike   [  96% ] 13/80 VUs  11m32.0s/12m00.0s

running (11m33.0s), 13/80 VUs, 53719 complete and 0 interrupted iterations
sudden_spike   [  96% ] 13/80 VUs  11m33.0s/12m00.0s

running (11m34.0s), 12/80 VUs, 53736 complete and 0 interrupted iterations
sudden_spike   [  96% ] 12/80 VUs  11m34.0s/12m00.0s

running (11m35.0s), 12/80 VUs, 53749 complete and 0 interrupted iterations
sudden_spike   [  97% ] 12/80 VUs  11m35.0s/12m00.0s

running (11m36.0s), 11/80 VUs, 53769 complete and 0 interrupted iterations
sudden_spike   [  97% ] 11/80 VUs  11m36.0s/12m00.0s

running (11m37.0s), 11/80 VUs, 53785 complete and 0 interrupted iterations
sudden_spike   [  97% ] 11/80 VUs  11m37.0s/12m00.0s

running (11m38.0s), 10/80 VUs, 53801 complete and 0 interrupted iterations
sudden_spike   [  97% ] 10/80 VUs  11m38.0s/12m00.0s

running (11m39.0s), 10/80 VUs, 53814 complete and 0 interrupted iterations
sudden_spike   [  97% ] 10/80 VUs  11m39.0s/12m00.0s

running (11m40.0s), 09/80 VUs, 53830 complete and 0 interrupted iterations
sudden_spike   [  97% ] 09/80 VUs  11m40.0s/12m00.0s

running (11m41.0s), 09/80 VUs, 53839 complete and 0 interrupted iterations
sudden_spike   [  97% ] 09/80 VUs  11m41.0s/12m00.0s

running (11m42.0s), 09/80 VUs, 53852 complete and 0 interrupted iterations
sudden_spike   [  97% ] 09/80 VUs  11m42.0s/12m00.0s

running (11m43.0s), 08/80 VUs, 53865 complete and 0 interrupted iterations
sudden_spike   [  98% ] 08/80 VUs  11m43.0s/12m00.0s

running (11m44.0s), 08/80 VUs, 53877 complete and 0 interrupted iterations
sudden_spike   [  98% ] 08/80 VUs  11m44.0s/12m00.0s

running (11m45.0s), 07/80 VUs, 53886 complete and 0 interrupted iterations
sudden_spike   [  98% ] 07/80 VUs  11m45.0s/12m00.0s

running (11m46.0s), 07/80 VUs, 53897 complete and 0 interrupted iterations
sudden_spike   [  98% ] 07/80 VUs  11m46.0s/12m00.0s

running (11m47.0s), 06/80 VUs, 53906 complete and 0 interrupted iterations
sudden_spike   [  98% ] 06/80 VUs  11m47.0s/12m00.0s

running (11m48.0s), 06/80 VUs, 53914 complete and 0 interrupted iterations
sudden_spike   [  98% ] 06/80 VUs  11m48.0s/12m00.0s

running (11m49.0s), 05/80 VUs, 53923 complete and 0 interrupted iterations
sudden_spike   [  98% ] 05/80 VUs  11m49.0s/12m00.0s

running (11m50.0s), 05/80 VUs, 53930 complete and 0 interrupted iterations
sudden_spike   [  99% ] 05/80 VUs  11m50.0s/12m00.0s

running (11m51.0s), 05/80 VUs, 53937 complete and 0 interrupted iterations
sudden_spike   [  99% ] 05/80 VUs  11m51.0s/12m00.0s

running (11m52.0s), 04/80 VUs, 53943 complete and 0 interrupted iterations
sudden_spike   [  99% ] 04/80 VUs  11m52.0s/12m00.0s

running (11m53.0s), 04/80 VUs, 53948 complete and 0 interrupted iterations
sudden_spike   [  99% ] 04/80 VUs  11m53.0s/12m00.0s

running (11m54.0s), 03/80 VUs, 53954 complete and 0 interrupted iterations
sudden_spike   [  99% ] 03/80 VUs  11m54.0s/12m00.0s

running (11m55.0s), 03/80 VUs, 53958 complete and 0 interrupted iterations
sudden_spike   [  99% ] 03/80 VUs  11m55.0s/12m00.0s

running (11m56.0s), 03/80 VUs, 53963 complete and 0 interrupted iterations
sudden_spike   [  99% ] 03/80 VUs  11m56.0s/12m00.0s

running (11m57.0s), 02/80 VUs, 53967 complete and 0 interrupted iterations
sudden_spike   [ 100% ] 02/80 VUs  11m57.0s/12m00.0s

running (11m58.0s), 02/80 VUs, 53969 complete and 0 interrupted iterations
sudden_spike   [ 100% ] 02/80 VUs  11m58.0s/12m00.0s

running (11m59.0s), 01/80 VUs, 53972 complete and 0 interrupted iterations
sudden_spike   [ 100% ] 01/80 VUs  11m59.0s/12m00.0s

running (12m00.0s), 01/80 VUs, 53973 complete and 0 interrupted iterations
sudden_spike   [ 100% ] 01/80 VUs  12m00.0s/12m00.0s

     ✓ status is 200
     ✓ returns quotes
     ✗ response time <2000ms
      ↳  98% — ✓ 53066 / ✗ 908

     checks.........................: 99.43% ✓ 161014    ✗ 908  
     data_received..................: 40 MB  56 kB/s
     data_sent......................: 25 MB  35 kB/s
     http_req_blocked...............: avg=586.27µs min=99.44µs  med=617.7µs  max=37.98ms  p(90)=873.79µs p(95)=1.18ms 
     http_req_connecting............: avg=545.55µs min=80.21µs  med=579.8µs  max=37.93ms  p(90)=831.4µs  p(95)=1.13ms 
   ✓ http_req_duration..............: avg=772.89ms min=468.81ms med=722.48ms max=3.59s    p(90)=917.7ms  p(95)=1.05s  
       { expected_response:true }...: avg=772.89ms min=468.81ms med=722.48ms max=3.59s    p(90)=917.7ms  p(95)=1.05s  
   ✓ http_req_failed................: 0.00%  ✓ 0         ✗ 53974
     http_req_receiving.............: avg=1.1ms    min=30.82µs  med=127.25µs max=104.95ms p(90)=255.89µs p(95)=1.55ms 
     http_req_sending...............: avg=34.3µs   min=13.31µs  med=32.21µs  max=7.5ms    p(90)=43.83µs  p(95)=49.74µs
     http_req_tls_handshaking.......: avg=0s       min=0s       med=0s       max=0s       p(90)=0s       p(95)=0s     
     http_req_waiting...............: avg=771.75ms min=468.64ms med=722.31ms max=3.57s    p(90)=917.45ms p(95)=1.04s  
     http_reqs......................: 53974  74.935931/s
     iteration_duration.............: avg=773.73ms min=469.24ms med=723.37ms max=3.59s    p(90)=918.62ms p(95)=1.05s  
     iterations.....................: 53974  74.935931/s
     vus............................: 1      min=1       max=80 
     vus_max........................: 80     min=80      max=80 


running (12m00.3s), 00/80 VUs, 53974 complete and 0 interrupted iterations
sudden_spike ✓ [ 100% ] 00/80 VUs  12m0s
