
         /\      Grafana   /‾‾/  
    /\  /  \     |\  __   /  /   
   /  \/    \    | |/ /  /   ‾‾\ 
  /          \   |   (  |  (‾)  |
 / __________ \  |_|\_\  \_____/ 


     execution: local
        script: /scripts/load-test.js
        output: json (/results/results.json)

     scenarios: (100.00%) 1 scenario, 12 max VUs, 12m30s max duration (incl. graceful stop):
              * gradual_ramp: Up to 12 looping VUs for 12m0s over 4 stages (gracefulRampDown: 30s, gracefulStop: 30s)

time="2026-08-17T08:21:59Z" level=info msg="Seeding and pre-authenticating 120 users..." source=console

Run            [ 100% ] setup()
gradual_ramp   [   0% ]

Run            [ 100% ] setup()
gradual_ramp   [   0% ]

Run            [ 100% ] setup()
gradual_ramp   [   0% ]

Run            [ 100% ] setup()
gradual_ramp   [   0% ]

Run            [ 100% ] setup()
gradual_ramp   [   0% ]

Run            [ 100% ] setup()
gradual_ramp   [   0% ]

Run            [ 100% ] setup()
gradual_ramp   [   0% ]

Run            [ 100% ] setup()
gradual_ramp   [   0% ]

Run            [ 100% ] setup()
gradual_ramp   [   0% ]

Run            [ 100% ] setup()
gradual_ramp   [   0% ]

Run            [ 100% ] setup()
gradual_ramp   [   0% ]

Run            [ 100% ] setup()
gradual_ramp   [   0% ]

Run            [ 100% ] setup()
gradual_ramp   [   0% ]

Run            [ 100% ] setup()
gradual_ramp   [   0% ]

Run            [ 100% ] setup()
gradual_ramp   [   0% ]

Run            [ 100% ] setup()
gradual_ramp   [   0% ]

Run            [ 100% ] setup()
gradual_ramp   [   0% ]

Run            [ 100% ] setup()
gradual_ramp   [   0% ]

Run            [ 100% ] setup()
gradual_ramp   [   0% ]

Run            [ 100% ] setup()
gradual_ramp   [   0% ]

Run            [ 100% ] setup()
gradual_ramp   [   0% ]

Run            [ 100% ] setup()
gradual_ramp   [   0% ]

Run            [ 100% ] setup()
gradual_ramp   [   0% ]

Run            [ 100% ] setup()
gradual_ramp   [   0% ]

Run            [ 100% ] setup()
gradual_ramp   [   0% ]

Run            [ 100% ] setup()
gradual_ramp   [   0% ]

Run            [ 100% ] setup()
gradual_ramp   [   0% ]

Run            [ 100% ] setup()
gradual_ramp   [   0% ]
time="2026-08-17T08:22:27Z" level=info msg="Pre-auth complete: 120/120 tokens obtained" source=console

running (00m29.0s), 01/12 VUs, 10 complete and 0 interrupted iterations
gradual_ramp   [   0% ] 01/12 VUs  00m00.7s/12m00.0s

running (00m30.0s), 01/12 VUs, 20 complete and 0 interrupted iterations
gradual_ramp   [   0% ] 01/12 VUs  00m01.7s/12m00.0s

running (00m31.0s), 01/12 VUs, 34 complete and 0 interrupted iterations
gradual_ramp   [   0% ] 01/12 VUs  00m02.7s/12m00.0s

running (00m32.0s), 01/12 VUs, 60 complete and 0 interrupted iterations
gradual_ramp   [   1% ] 01/12 VUs  00m03.7s/12m00.0s

running (00m33.0s), 01/12 VUs, 69 complete and 0 interrupted iterations
gradual_ramp   [   1% ] 01/12 VUs  00m04.7s/12m00.0s

running (00m34.0s), 01/12 VUs, 78 complete and 0 interrupted iterations
gradual_ramp   [   1% ] 01/12 VUs  00m05.7s/12m00.0s

running (00m35.0s), 01/12 VUs, 85 complete and 0 interrupted iterations
gradual_ramp   [   1% ] 01/12 VUs  00m06.7s/12m00.0s

running (00m36.0s), 01/12 VUs, 105 complete and 0 interrupted iterations
gradual_ramp   [   1% ] 01/12 VUs  00m07.7s/12m00.0s

running (00m37.0s), 01/12 VUs, 123 complete and 0 interrupted iterations
gradual_ramp   [   1% ] 01/12 VUs  00m08.7s/12m00.0s

running (00m38.0s), 01/12 VUs, 157 complete and 0 interrupted iterations
gradual_ramp   [   1% ] 01/12 VUs  00m09.7s/12m00.0s

running (00m39.0s), 01/12 VUs, 172 complete and 0 interrupted iterations
gradual_ramp   [   1% ] 01/12 VUs  00m10.7s/12m00.0s

running (00m40.0s), 01/12 VUs, 181 complete and 0 interrupted iterations
gradual_ramp   [   2% ] 01/12 VUs  00m11.7s/12m00.0s

running (00m41.0s), 01/12 VUs, 195 complete and 0 interrupted iterations
gradual_ramp   [   2% ] 01/12 VUs  00m12.7s/12m00.0s

running (00m42.0s), 01/12 VUs, 203 complete and 0 interrupted iterations
gradual_ramp   [   2% ] 01/12 VUs  00m13.7s/12m00.0s

running (00m43.0s), 01/12 VUs, 210 complete and 0 interrupted iterations
gradual_ramp   [   2% ] 01/12 VUs  00m14.7s/12m00.0s

running (00m44.0s), 01/12 VUs, 223 complete and 0 interrupted iterations
gradual_ramp   [   2% ] 01/12 VUs  00m15.7s/12m00.0s

running (00m45.0s), 01/12 VUs, 253 complete and 0 interrupted iterations
gradual_ramp   [   2% ] 01/12 VUs  00m16.7s/12m00.0s

running (00m46.0s), 01/12 VUs, 259 complete and 0 interrupted iterations
gradual_ramp   [   2% ] 01/12 VUs  00m17.7s/12m00.0s

running (00m47.0s), 01/12 VUs, 292 complete and 0 interrupted iterations
gradual_ramp   [   3% ] 01/12 VUs  00m18.7s/12m00.0s

running (00m48.0s), 01/12 VUs, 306 complete and 0 interrupted iterations
gradual_ramp   [   3% ] 01/12 VUs  00m19.7s/12m00.0s

running (00m49.0s), 01/12 VUs, 333 complete and 0 interrupted iterations
gradual_ramp   [   3% ] 01/12 VUs  00m20.7s/12m00.0s

running (00m50.0s), 01/12 VUs, 340 complete and 0 interrupted iterations
gradual_ramp   [   3% ] 01/12 VUs  00m21.7s/12m00.0s

running (00m51.0s), 01/12 VUs, 359 complete and 0 interrupted iterations
gradual_ramp   [   3% ] 01/12 VUs  00m22.7s/12m00.0s

running (00m52.0s), 01/12 VUs, 378 complete and 0 interrupted iterations
gradual_ramp   [   3% ] 01/12 VUs  00m23.7s/12m00.0s

running (00m53.0s), 01/12 VUs, 407 complete and 0 interrupted iterations
gradual_ramp   [   3% ] 01/12 VUs  00m24.7s/12m00.0s

running (00m54.0s), 01/12 VUs, 442 complete and 0 interrupted iterations
gradual_ramp   [   4% ] 01/12 VUs  00m25.7s/12m00.0s

running (00m55.0s), 01/12 VUs, 464 complete and 0 interrupted iterations
gradual_ramp   [   4% ] 01/12 VUs  00m26.7s/12m00.0s

running (00m56.0s), 01/12 VUs, 471 complete and 0 interrupted iterations
gradual_ramp   [   4% ] 01/12 VUs  00m27.7s/12m00.0s

running (00m57.0s), 01/12 VUs, 478 complete and 0 interrupted iterations
gradual_ramp   [   4% ] 01/12 VUs  00m28.7s/12m00.0s

running (00m58.0s), 01/12 VUs, 481 complete and 0 interrupted iterations
gradual_ramp   [   4% ] 01/12 VUs  00m29.7s/12m00.0s

running (00m59.0s), 01/12 VUs, 488 complete and 0 interrupted iterations
gradual_ramp   [   4% ] 01/12 VUs  00m30.7s/12m00.0s

running (01m00.0s), 01/12 VUs, 503 complete and 0 interrupted iterations
gradual_ramp   [   4% ] 01/12 VUs  00m31.7s/12m00.0s

running (01m01.0s), 01/12 VUs, 521 complete and 0 interrupted iterations
gradual_ramp   [   5% ] 01/12 VUs  00m32.7s/12m00.0s

running (01m02.0s), 01/12 VUs, 531 complete and 0 interrupted iterations
gradual_ramp   [   5% ] 01/12 VUs  00m33.7s/12m00.0s

running (01m03.0s), 01/12 VUs, 540 complete and 0 interrupted iterations
gradual_ramp   [   5% ] 01/12 VUs  00m34.7s/12m00.0s

running (01m04.0s), 01/12 VUs, 547 complete and 0 interrupted iterations
gradual_ramp   [   5% ] 01/12 VUs  00m35.7s/12m00.0s

running (01m05.0s), 01/12 VUs, 556 complete and 0 interrupted iterations
gradual_ramp   [   5% ] 01/12 VUs  00m36.7s/12m00.0s

running (01m06.0s), 01/12 VUs, 581 complete and 0 interrupted iterations
gradual_ramp   [   5% ] 01/12 VUs  00m37.7s/12m00.0s

running (01m07.0s), 01/12 VUs, 595 complete and 0 interrupted iterations
gradual_ramp   [   5% ] 01/12 VUs  00m38.7s/12m00.0s

running (01m08.0s), 01/12 VUs, 627 complete and 0 interrupted iterations
gradual_ramp   [   6% ] 01/12 VUs  00m39.7s/12m00.0s

running (01m09.0s), 01/12 VUs, 646 complete and 0 interrupted iterations
gradual_ramp   [   6% ] 01/12 VUs  00m40.7s/12m00.0s

running (01m10.0s), 01/12 VUs, 658 complete and 0 interrupted iterations
gradual_ramp   [   6% ] 01/12 VUs  00m41.7s/12m00.0s

running (01m11.0s), 01/12 VUs, 674 complete and 0 interrupted iterations
gradual_ramp   [   6% ] 01/12 VUs  00m42.7s/12m00.0s

running (01m12.0s), 01/12 VUs, 681 complete and 0 interrupted iterations
gradual_ramp   [   6% ] 01/12 VUs  00m43.7s/12m00.0s

running (01m13.0s), 01/12 VUs, 700 complete and 0 interrupted iterations
gradual_ramp   [   6% ] 01/12 VUs  00m44.7s/12m00.0s

running (01m14.0s), 01/12 VUs, 717 complete and 0 interrupted iterations
gradual_ramp   [   6% ] 01/12 VUs  00m45.7s/12m00.0s

running (01m15.0s), 01/12 VUs, 732 complete and 0 interrupted iterations
gradual_ramp   [   6% ] 01/12 VUs  00m46.7s/12m00.0s

running (01m16.0s), 01/12 VUs, 744 complete and 0 interrupted iterations
gradual_ramp   [   7% ] 01/12 VUs  00m47.7s/12m00.0s

running (01m17.0s), 01/12 VUs, 761 complete and 0 interrupted iterations
gradual_ramp   [   7% ] 01/12 VUs  00m48.7s/12m00.0s

running (01m18.0s), 01/12 VUs, 789 complete and 0 interrupted iterations
gradual_ramp   [   7% ] 01/12 VUs  00m49.7s/12m00.0s

running (01m19.0s), 01/12 VUs, 798 complete and 0 interrupted iterations
gradual_ramp   [   7% ] 01/12 VUs  00m50.7s/12m00.0s

running (01m20.0s), 01/12 VUs, 828 complete and 0 interrupted iterations
gradual_ramp   [   7% ] 01/12 VUs  00m51.7s/12m00.0s

running (01m21.0s), 01/12 VUs, 839 complete and 0 interrupted iterations
gradual_ramp   [   7% ] 01/12 VUs  00m52.7s/12m00.0s

running (01m22.0s), 01/12 VUs, 851 complete and 0 interrupted iterations
gradual_ramp   [   7% ] 01/12 VUs  00m53.7s/12m00.0s

running (01m23.0s), 01/12 VUs, 860 complete and 0 interrupted iterations
gradual_ramp   [   8% ] 01/12 VUs  00m54.7s/12m00.0s

running (01m24.0s), 01/12 VUs, 875 complete and 0 interrupted iterations
gradual_ramp   [   8% ] 01/12 VUs  00m55.7s/12m00.0s

running (01m25.0s), 01/12 VUs, 888 complete and 0 interrupted iterations
gradual_ramp   [   8% ] 01/12 VUs  00m56.7s/12m00.0s

running (01m26.0s), 01/12 VUs, 898 complete and 0 interrupted iterations
gradual_ramp   [   8% ] 01/12 VUs  00m57.7s/12m00.0s

running (01m27.0s), 01/12 VUs, 914 complete and 0 interrupted iterations
gradual_ramp   [   8% ] 01/12 VUs  00m58.7s/12m00.0s

running (01m28.0s), 01/12 VUs, 922 complete and 0 interrupted iterations
gradual_ramp   [   8% ] 01/12 VUs  00m59.7s/12m00.0s

running (01m29.0s), 01/12 VUs, 952 complete and 0 interrupted iterations
gradual_ramp   [   8% ] 01/12 VUs  01m00.7s/12m00.0s

running (01m30.0s), 01/12 VUs, 969 complete and 0 interrupted iterations
gradual_ramp   [   9% ] 01/12 VUs  01m01.7s/12m00.0s

running (01m31.0s), 01/12 VUs, 984 complete and 0 interrupted iterations
gradual_ramp   [   9% ] 01/12 VUs  01m02.7s/12m00.0s

running (01m32.0s), 01/12 VUs, 989 complete and 0 interrupted iterations
gradual_ramp   [   9% ] 01/12 VUs  01m03.7s/12m00.0s

running (01m33.0s), 01/12 VUs, 1001 complete and 0 interrupted iterations
gradual_ramp   [   9% ] 01/12 VUs  01m04.7s/12m00.0s

running (01m34.0s), 01/12 VUs, 1011 complete and 0 interrupted iterations
gradual_ramp   [   9% ] 01/12 VUs  01m05.7s/12m00.0s

running (01m35.0s), 01/12 VUs, 1029 complete and 0 interrupted iterations
gradual_ramp   [   9% ] 01/12 VUs  01m06.7s/12m00.0s

running (01m36.0s), 01/12 VUs, 1051 complete and 0 interrupted iterations
gradual_ramp   [   9% ] 01/12 VUs  01m07.7s/12m00.0s

running (01m37.0s), 01/12 VUs, 1057 complete and 0 interrupted iterations
gradual_ramp   [  10% ] 01/12 VUs  01m08.7s/12m00.0s

running (01m38.0s), 01/12 VUs, 1061 complete and 0 interrupted iterations
gradual_ramp   [  10% ] 01/12 VUs  01m09.7s/12m00.0s

running (01m39.0s), 01/12 VUs, 1071 complete and 0 interrupted iterations
gradual_ramp   [  10% ] 01/12 VUs  01m10.7s/12m00.0s

running (01m40.0s), 01/12 VUs, 1094 complete and 0 interrupted iterations
gradual_ramp   [  10% ] 01/12 VUs  01m11.7s/12m00.0s

running (01m41.0s), 01/12 VUs, 1115 complete and 0 interrupted iterations
gradual_ramp   [  10% ] 01/12 VUs  01m12.7s/12m00.0s

running (01m42.0s), 01/12 VUs, 1134 complete and 0 interrupted iterations
gradual_ramp   [  10% ] 01/12 VUs  01m13.7s/12m00.0s

running (01m43.0s), 01/12 VUs, 1152 complete and 0 interrupted iterations
gradual_ramp   [  10% ] 01/12 VUs  01m14.7s/12m00.0s

running (01m44.0s), 01/12 VUs, 1177 complete and 0 interrupted iterations
gradual_ramp   [  11% ] 01/12 VUs  01m15.7s/12m00.0s

running (01m45.0s), 01/12 VUs, 1184 complete and 0 interrupted iterations
gradual_ramp   [  11% ] 01/12 VUs  01m16.7s/12m00.0s

running (01m46.0s), 01/12 VUs, 1190 complete and 0 interrupted iterations
gradual_ramp   [  11% ] 01/12 VUs  01m17.7s/12m00.0s

running (01m47.0s), 01/12 VUs, 1194 complete and 0 interrupted iterations
gradual_ramp   [  11% ] 01/12 VUs  01m18.7s/12m00.0s

running (01m48.0s), 01/12 VUs, 1205 complete and 0 interrupted iterations
gradual_ramp   [  11% ] 01/12 VUs  01m19.7s/12m00.0s

running (01m49.0s), 01/12 VUs, 1217 complete and 0 interrupted iterations
gradual_ramp   [  11% ] 01/12 VUs  01m20.7s/12m00.0s

running (01m50.0s), 01/12 VUs, 1247 complete and 0 interrupted iterations
gradual_ramp   [  11% ] 01/12 VUs  01m21.7s/12m00.0s

running (01m51.0s), 01/12 VUs, 1266 complete and 0 interrupted iterations
gradual_ramp   [  11% ] 01/12 VUs  01m22.7s/12m00.0s

running (01m52.0s), 01/12 VUs, 1292 complete and 0 interrupted iterations
gradual_ramp   [  12% ] 01/12 VUs  01m23.7s/12m00.0s

running (01m53.0s), 01/12 VUs, 1322 complete and 0 interrupted iterations
gradual_ramp   [  12% ] 01/12 VUs  01m24.7s/12m00.0s

running (01m54.0s), 01/12 VUs, 1341 complete and 0 interrupted iterations
gradual_ramp   [  12% ] 01/12 VUs  01m25.7s/12m00.0s

running (01m55.0s), 01/12 VUs, 1349 complete and 0 interrupted iterations
gradual_ramp   [  12% ] 01/12 VUs  01m26.7s/12m00.0s

running (01m56.0s), 01/12 VUs, 1370 complete and 0 interrupted iterations
gradual_ramp   [  12% ] 01/12 VUs  01m27.7s/12m00.0s

running (01m57.0s), 01/12 VUs, 1376 complete and 0 interrupted iterations
gradual_ramp   [  12% ] 01/12 VUs  01m28.7s/12m00.0s

running (01m58.0s), 01/12 VUs, 1399 complete and 0 interrupted iterations
gradual_ramp   [  12% ] 01/12 VUs  01m29.7s/12m00.0s

running (01m59.0s), 01/12 VUs, 1427 complete and 0 interrupted iterations
gradual_ramp   [  13% ] 01/12 VUs  01m30.7s/12m00.0s

running (02m00.0s), 01/12 VUs, 1431 complete and 0 interrupted iterations
gradual_ramp   [  13% ] 01/12 VUs  01m31.7s/12m00.0s

running (02m01.0s), 01/12 VUs, 1449 complete and 0 interrupted iterations
gradual_ramp   [  13% ] 01/12 VUs  01m32.7s/12m00.0s

running (02m02.0s), 01/12 VUs, 1466 complete and 0 interrupted iterations
gradual_ramp   [  13% ] 01/12 VUs  01m33.7s/12m00.0s

running (02m03.0s), 01/12 VUs, 1491 complete and 0 interrupted iterations
gradual_ramp   [  13% ] 01/12 VUs  01m34.7s/12m00.0s

running (02m04.0s), 01/12 VUs, 1507 complete and 0 interrupted iterations
gradual_ramp   [  13% ] 01/12 VUs  01m35.7s/12m00.0s

running (02m05.0s), 01/12 VUs, 1515 complete and 0 interrupted iterations
gradual_ramp   [  13% ] 01/12 VUs  01m36.7s/12m00.0s

running (02m06.0s), 01/12 VUs, 1538 complete and 0 interrupted iterations
gradual_ramp   [  14% ] 01/12 VUs  01m37.7s/12m00.0s

running (02m07.0s), 01/12 VUs, 1547 complete and 0 interrupted iterations
gradual_ramp   [  14% ] 01/12 VUs  01m38.7s/12m00.0s

running (02m08.0s), 01/12 VUs, 1555 complete and 0 interrupted iterations
gradual_ramp   [  14% ] 01/12 VUs  01m39.7s/12m00.0s

running (02m09.0s), 01/12 VUs, 1575 complete and 0 interrupted iterations
gradual_ramp   [  14% ] 01/12 VUs  01m40.7s/12m00.0s

running (02m10.0s), 01/12 VUs, 1601 complete and 0 interrupted iterations
gradual_ramp   [  14% ] 01/12 VUs  01m41.7s/12m00.0s

running (02m11.0s), 01/12 VUs, 1628 complete and 0 interrupted iterations
gradual_ramp   [  14% ] 01/12 VUs  01m42.7s/12m00.0s

running (02m12.0s), 01/12 VUs, 1638 complete and 0 interrupted iterations
gradual_ramp   [  14% ] 01/12 VUs  01m43.7s/12m00.0s

running (02m13.0s), 01/12 VUs, 1648 complete and 0 interrupted iterations
gradual_ramp   [  15% ] 01/12 VUs  01m44.7s/12m00.0s

running (02m14.0s), 01/12 VUs, 1652 complete and 0 interrupted iterations
gradual_ramp   [  15% ] 01/12 VUs  01m45.7s/12m00.0s

running (02m15.0s), 01/12 VUs, 1683 complete and 0 interrupted iterations
gradual_ramp   [  15% ] 01/12 VUs  01m46.7s/12m00.0s

running (02m16.0s), 01/12 VUs, 1687 complete and 0 interrupted iterations
gradual_ramp   [  15% ] 01/12 VUs  01m47.7s/12m00.0s

running (02m17.0s), 01/12 VUs, 1688 complete and 0 interrupted iterations
gradual_ramp   [  15% ] 01/12 VUs  01m48.7s/12m00.0s

running (02m18.0s), 01/12 VUs, 1703 complete and 0 interrupted iterations
gradual_ramp   [  15% ] 01/12 VUs  01m49.7s/12m00.0s

running (02m19.0s), 01/12 VUs, 1722 complete and 0 interrupted iterations
gradual_ramp   [  15% ] 01/12 VUs  01m50.7s/12m00.0s

running (02m20.0s), 01/12 VUs, 1729 complete and 0 interrupted iterations
gradual_ramp   [  16% ] 01/12 VUs  01m51.7s/12m00.0s

running (02m21.0s), 01/12 VUs, 1740 complete and 0 interrupted iterations
gradual_ramp   [  16% ] 01/12 VUs  01m52.7s/12m00.0s

running (02m22.0s), 01/12 VUs, 1774 complete and 0 interrupted iterations
gradual_ramp   [  16% ] 01/12 VUs  01m53.7s/12m00.0s

running (02m23.0s), 01/12 VUs, 1782 complete and 0 interrupted iterations
gradual_ramp   [  16% ] 01/12 VUs  01m54.7s/12m00.0s

running (02m24.0s), 01/12 VUs, 1793 complete and 0 interrupted iterations
gradual_ramp   [  16% ] 01/12 VUs  01m55.7s/12m00.0s

running (02m25.0s), 01/12 VUs, 1805 complete and 0 interrupted iterations
gradual_ramp   [  16% ] 01/12 VUs  01m56.7s/12m00.0s

running (02m26.0s), 01/12 VUs, 1812 complete and 0 interrupted iterations
gradual_ramp   [  16% ] 01/12 VUs  01m57.7s/12m00.0s

running (02m27.0s), 01/12 VUs, 1835 complete and 0 interrupted iterations
gradual_ramp   [  16% ] 01/12 VUs  01m58.7s/12m00.0s

running (02m28.0s), 01/12 VUs, 1847 complete and 0 interrupted iterations
gradual_ramp   [  17% ] 01/12 VUs  01m59.7s/12m00.0s

running (02m29.0s), 01/12 VUs, 1859 complete and 0 interrupted iterations
gradual_ramp   [  17% ] 01/12 VUs  02m00.7s/12m00.0s

running (02m30.0s), 01/12 VUs, 1865 complete and 0 interrupted iterations
gradual_ramp   [  17% ] 01/12 VUs  02m01.7s/12m00.0s

running (02m31.0s), 01/12 VUs, 1874 complete and 0 interrupted iterations
gradual_ramp   [  17% ] 01/12 VUs  02m02.7s/12m00.0s

running (02m32.0s), 01/12 VUs, 1879 complete and 0 interrupted iterations
gradual_ramp   [  17% ] 01/12 VUs  02m03.7s/12m00.0s

running (02m33.0s), 01/12 VUs, 1895 complete and 0 interrupted iterations
gradual_ramp   [  17% ] 01/12 VUs  02m04.7s/12m00.0s

running (02m34.0s), 01/12 VUs, 1902 complete and 0 interrupted iterations
gradual_ramp   [  17% ] 01/12 VUs  02m05.7s/12m00.0s

running (02m35.0s), 01/12 VUs, 1929 complete and 0 interrupted iterations
gradual_ramp   [  18% ] 01/12 VUs  02m06.7s/12m00.0s

running (02m36.0s), 01/12 VUs, 1936 complete and 0 interrupted iterations
gradual_ramp   [  18% ] 01/12 VUs  02m07.7s/12m00.0s

running (02m37.0s), 01/12 VUs, 1948 complete and 0 interrupted iterations
gradual_ramp   [  18% ] 01/12 VUs  02m08.7s/12m00.0s

running (02m38.0s), 01/12 VUs, 1972 complete and 0 interrupted iterations
gradual_ramp   [  18% ] 01/12 VUs  02m09.7s/12m00.0s

running (02m39.0s), 01/12 VUs, 1977 complete and 0 interrupted iterations
gradual_ramp   [  18% ] 01/12 VUs  02m10.7s/12m00.0s

running (02m40.0s), 01/12 VUs, 1989 complete and 0 interrupted iterations
gradual_ramp   [  18% ] 01/12 VUs  02m11.7s/12m00.0s

running (02m41.0s), 01/12 VUs, 2006 complete and 0 interrupted iterations
gradual_ramp   [  18% ] 01/12 VUs  02m12.7s/12m00.0s

running (02m42.0s), 01/12 VUs, 2027 complete and 0 interrupted iterations
gradual_ramp   [  19% ] 01/12 VUs  02m13.7s/12m00.0s

running (02m43.0s), 01/12 VUs, 2028 complete and 0 interrupted iterations
gradual_ramp   [  19% ] 01/12 VUs  02m14.7s/12m00.0s

running (02m44.0s), 01/12 VUs, 2035 complete and 0 interrupted iterations
gradual_ramp   [  19% ] 01/12 VUs  02m15.7s/12m00.0s

running (02m45.0s), 01/12 VUs, 2037 complete and 0 interrupted iterations
gradual_ramp   [  19% ] 01/12 VUs  02m16.7s/12m00.0s

running (02m46.0s), 01/12 VUs, 2043 complete and 0 interrupted iterations
gradual_ramp   [  19% ] 01/12 VUs  02m17.7s/12m00.0s

running (02m47.0s), 01/12 VUs, 2059 complete and 0 interrupted iterations
gradual_ramp   [  19% ] 01/12 VUs  02m18.7s/12m00.0s

running (02m48.0s), 01/12 VUs, 2082 complete and 0 interrupted iterations
gradual_ramp   [  19% ] 01/12 VUs  02m19.7s/12m00.0s

running (02m49.0s), 01/12 VUs, 2091 complete and 0 interrupted iterations
gradual_ramp   [  20% ] 01/12 VUs  02m20.7s/12m00.0s

running (02m50.0s), 01/12 VUs, 2104 complete and 0 interrupted iterations
gradual_ramp   [  20% ] 01/12 VUs  02m21.7s/12m00.0s

running (02m51.0s), 01/12 VUs, 2112 complete and 0 interrupted iterations
gradual_ramp   [  20% ] 01/12 VUs  02m22.7s/12m00.0s

running (02m52.0s), 01/12 VUs, 2135 complete and 0 interrupted iterations
gradual_ramp   [  20% ] 01/12 VUs  02m23.7s/12m00.0s

running (02m53.0s), 01/12 VUs, 2145 complete and 0 interrupted iterations
gradual_ramp   [  20% ] 01/12 VUs  02m24.7s/12m00.0s

running (02m54.0s), 01/12 VUs, 2154 complete and 0 interrupted iterations
gradual_ramp   [  20% ] 01/12 VUs  02m25.7s/12m00.0s

running (02m55.0s), 01/12 VUs, 2167 complete and 0 interrupted iterations
gradual_ramp   [  20% ] 01/12 VUs  02m26.7s/12m00.0s

running (02m56.0s), 02/12 VUs, 2178 complete and 0 interrupted iterations
gradual_ramp   [  21% ] 02/12 VUs  02m27.7s/12m00.0s

running (02m57.0s), 02/12 VUs, 2208 complete and 0 interrupted iterations
gradual_ramp   [  21% ] 02/12 VUs  02m28.7s/12m00.0s

running (02m58.0s), 02/12 VUs, 2221 complete and 0 interrupted iterations
gradual_ramp   [  21% ] 02/12 VUs  02m29.7s/12m00.0s

running (02m59.0s), 02/12 VUs, 2234 complete and 0 interrupted iterations
gradual_ramp   [  21% ] 02/12 VUs  02m30.7s/12m00.0s

running (03m00.0s), 02/12 VUs, 2246 complete and 0 interrupted iterations
gradual_ramp   [  21% ] 02/12 VUs  02m31.7s/12m00.0s

running (03m01.0s), 02/12 VUs, 2257 complete and 0 interrupted iterations
gradual_ramp   [  21% ] 02/12 VUs  02m32.7s/12m00.0s

running (03m02.0s), 02/12 VUs, 2308 complete and 0 interrupted iterations
gradual_ramp   [  21% ] 02/12 VUs  02m33.7s/12m00.0s

running (03m03.0s), 02/12 VUs, 2323 complete and 0 interrupted iterations
gradual_ramp   [  21% ] 02/12 VUs  02m34.7s/12m00.0s

running (03m04.0s), 02/12 VUs, 2338 complete and 0 interrupted iterations
gradual_ramp   [  22% ] 02/12 VUs  02m35.7s/12m00.0s

running (03m05.0s), 02/12 VUs, 2347 complete and 0 interrupted iterations
gradual_ramp   [  22% ] 02/12 VUs  02m36.7s/12m00.0s

running (03m06.0s), 02/12 VUs, 2351 complete and 0 interrupted iterations
gradual_ramp   [  22% ] 02/12 VUs  02m37.7s/12m00.0s

running (03m07.0s), 02/12 VUs, 2391 complete and 0 interrupted iterations
gradual_ramp   [  22% ] 02/12 VUs  02m38.7s/12m00.0s

running (03m08.0s), 02/12 VUs, 2394 complete and 0 interrupted iterations
gradual_ramp   [  22% ] 02/12 VUs  02m39.7s/12m00.0s

running (03m09.0s), 02/12 VUs, 2428 complete and 0 interrupted iterations
gradual_ramp   [  22% ] 02/12 VUs  02m40.7s/12m00.0s

running (03m10.0s), 02/12 VUs, 2454 complete and 0 interrupted iterations
gradual_ramp   [  22% ] 02/12 VUs  02m41.7s/12m00.0s

running (03m11.0s), 02/12 VUs, 2481 complete and 0 interrupted iterations
gradual_ramp   [  23% ] 02/12 VUs  02m42.7s/12m00.0s

running (03m12.0s), 02/12 VUs, 2521 complete and 0 interrupted iterations
gradual_ramp   [  23% ] 02/12 VUs  02m43.7s/12m00.0s

running (03m13.0s), 02/12 VUs, 2548 complete and 0 interrupted iterations
gradual_ramp   [  23% ] 02/12 VUs  02m44.7s/12m00.0s

running (03m14.0s), 02/12 VUs, 2566 complete and 0 interrupted iterations
gradual_ramp   [  23% ] 02/12 VUs  02m45.7s/12m00.0s

running (03m15.0s), 02/12 VUs, 2595 complete and 0 interrupted iterations
gradual_ramp   [  23% ] 02/12 VUs  02m46.7s/12m00.0s

running (03m16.0s), 02/12 VUs, 2622 complete and 0 interrupted iterations
gradual_ramp   [  23% ] 02/12 VUs  02m47.7s/12m00.0s

running (03m17.0s), 02/12 VUs, 2632 complete and 0 interrupted iterations
gradual_ramp   [  23% ] 02/12 VUs  02m48.7s/12m00.0s

running (03m18.0s), 02/12 VUs, 2639 complete and 0 interrupted iterations
gradual_ramp   [  24% ] 02/12 VUs  02m49.7s/12m00.0s

running (03m19.0s), 02/12 VUs, 2672 complete and 0 interrupted iterations
gradual_ramp   [  24% ] 02/12 VUs  02m50.7s/12m00.0s

running (03m20.0s), 02/12 VUs, 2689 complete and 0 interrupted iterations
gradual_ramp   [  24% ] 02/12 VUs  02m51.7s/12m00.0s

running (03m21.0s), 02/12 VUs, 2719 complete and 0 interrupted iterations
gradual_ramp   [  24% ] 02/12 VUs  02m52.7s/12m00.0s

running (03m22.0s), 02/12 VUs, 2742 complete and 0 interrupted iterations
gradual_ramp   [  24% ] 02/12 VUs  02m53.7s/12m00.0s

running (03m23.0s), 03/12 VUs, 2765 complete and 0 interrupted iterations
gradual_ramp   [  24% ] 03/12 VUs  02m54.7s/12m00.0s

running (03m24.0s), 03/12 VUs, 2808 complete and 0 interrupted iterations
gradual_ramp   [  24% ] 03/12 VUs  02m55.7s/12m00.0s

running (03m25.0s), 03/12 VUs, 2828 complete and 0 interrupted iterations
gradual_ramp   [  25% ] 03/12 VUs  02m56.7s/12m00.0s

running (03m26.0s), 03/12 VUs, 2853 complete and 0 interrupted iterations
gradual_ramp   [  25% ] 03/12 VUs  02m57.7s/12m00.0s

running (03m27.0s), 03/12 VUs, 2875 complete and 0 interrupted iterations
gradual_ramp   [  25% ] 03/12 VUs  02m58.7s/12m00.0s

running (03m28.0s), 03/12 VUs, 2878 complete and 0 interrupted iterations
gradual_ramp   [  25% ] 03/12 VUs  02m59.7s/12m00.0s

running (03m29.0s), 03/12 VUs, 2886 complete and 0 interrupted iterations
gradual_ramp   [  25% ] 03/12 VUs  03m00.7s/12m00.0s

running (03m30.0s), 03/12 VUs, 2906 complete and 0 interrupted iterations
gradual_ramp   [  25% ] 03/12 VUs  03m01.7s/12m00.0s

running (03m31.0s), 03/12 VUs, 2929 complete and 0 interrupted iterations
gradual_ramp   [  25% ] 03/12 VUs  03m02.7s/12m00.0s

running (03m32.0s), 03/12 VUs, 2959 complete and 0 interrupted iterations
gradual_ramp   [  26% ] 03/12 VUs  03m03.7s/12m00.0s

running (03m33.0s), 03/12 VUs, 2988 complete and 0 interrupted iterations
gradual_ramp   [  26% ] 03/12 VUs  03m04.7s/12m00.0s

running (03m34.0s), 03/12 VUs, 3025 complete and 0 interrupted iterations
gradual_ramp   [  26% ] 03/12 VUs  03m05.7s/12m00.0s

running (03m35.0s), 03/12 VUs, 3028 complete and 0 interrupted iterations
gradual_ramp   [  26% ] 03/12 VUs  03m06.7s/12m00.0s

running (03m36.0s), 03/12 VUs, 3035 complete and 0 interrupted iterations
gradual_ramp   [  26% ] 03/12 VUs  03m07.7s/12m00.0s

running (03m37.0s), 03/12 VUs, 3087 complete and 0 interrupted iterations
gradual_ramp   [  26% ] 03/12 VUs  03m08.7s/12m00.0s

running (03m38.0s), 03/12 VUs, 3115 complete and 0 interrupted iterations
gradual_ramp   [  26% ] 03/12 VUs  03m09.7s/12m00.0s

running (03m39.0s), 03/12 VUs, 3157 complete and 0 interrupted iterations
gradual_ramp   [  26% ] 03/12 VUs  03m10.7s/12m00.0s

running (03m40.0s), 03/12 VUs, 3173 complete and 0 interrupted iterations
gradual_ramp   [  27% ] 03/12 VUs  03m11.7s/12m00.0s

running (03m41.0s), 03/12 VUs, 3230 complete and 0 interrupted iterations
gradual_ramp   [  27% ] 03/12 VUs  03m12.7s/12m00.0s

running (03m42.0s), 03/12 VUs, 3242 complete and 0 interrupted iterations
gradual_ramp   [  27% ] 03/12 VUs  03m13.7s/12m00.0s

running (03m43.0s), 03/12 VUs, 3245 complete and 0 interrupted iterations
gradual_ramp   [  27% ] 03/12 VUs  03m14.7s/12m00.0s

running (03m44.0s), 03/12 VUs, 3271 complete and 0 interrupted iterations
gradual_ramp   [  27% ] 03/12 VUs  03m15.7s/12m00.0s

running (03m45.0s), 03/12 VUs, 3304 complete and 0 interrupted iterations
gradual_ramp   [  27% ] 03/12 VUs  03m16.7s/12m00.0s

running (03m46.0s), 03/12 VUs, 3343 complete and 0 interrupted iterations
gradual_ramp   [  27% ] 03/12 VUs  03m17.7s/12m00.0s

running (03m47.0s), 03/12 VUs, 3351 complete and 0 interrupted iterations
gradual_ramp   [  28% ] 03/12 VUs  03m18.7s/12m00.0s

running (03m48.0s), 03/12 VUs, 3408 complete and 0 interrupted iterations
gradual_ramp   [  28% ] 03/12 VUs  03m19.7s/12m00.0s

running (03m49.0s), 03/12 VUs, 3447 complete and 0 interrupted iterations
gradual_ramp   [  28% ] 03/12 VUs  03m20.7s/12m00.0s

running (03m50.0s), 03/12 VUs, 3475 complete and 0 interrupted iterations
gradual_ramp   [  28% ] 03/12 VUs  03m21.7s/12m00.0s

running (03m51.0s), 04/12 VUs, 3495 complete and 0 interrupted iterations
gradual_ramp   [  28% ] 04/12 VUs  03m22.7s/12m00.0s

running (03m52.0s), 04/12 VUs, 3529 complete and 0 interrupted iterations
gradual_ramp   [  28% ] 04/12 VUs  03m23.7s/12m00.0s

running (03m53.0s), 04/12 VUs, 3549 complete and 0 interrupted iterations
gradual_ramp   [  28% ] 04/12 VUs  03m24.7s/12m00.0s

running (03m54.0s), 04/12 VUs, 3563 complete and 0 interrupted iterations
gradual_ramp   [  29% ] 04/12 VUs  03m25.7s/12m00.0s

running (03m55.0s), 04/12 VUs, 3594 complete and 0 interrupted iterations
gradual_ramp   [  29% ] 04/12 VUs  03m26.7s/12m00.0s

running (03m56.0s), 04/12 VUs, 3640 complete and 0 interrupted iterations
gradual_ramp   [  29% ] 04/12 VUs  03m27.7s/12m00.0s

running (03m57.0s), 04/12 VUs, 3661 complete and 0 interrupted iterations
gradual_ramp   [  29% ] 04/12 VUs  03m28.7s/12m00.0s

running (03m58.0s), 04/12 VUs, 3695 complete and 0 interrupted iterations
gradual_ramp   [  29% ] 04/12 VUs  03m29.7s/12m00.0s

running (03m59.0s), 04/12 VUs, 3726 complete and 0 interrupted iterations
gradual_ramp   [  29% ] 04/12 VUs  03m30.7s/12m00.0s

running (04m00.0s), 04/12 VUs, 3739 complete and 0 interrupted iterations
gradual_ramp   [  29% ] 04/12 VUs  03m31.7s/12m00.0s

running (04m01.0s), 04/12 VUs, 3779 complete and 0 interrupted iterations
gradual_ramp   [  30% ] 04/12 VUs  03m32.7s/12m00.0s

running (04m02.0s), 04/12 VUs, 3806 complete and 0 interrupted iterations
gradual_ramp   [  30% ] 04/12 VUs  03m33.7s/12m00.0s

running (04m03.0s), 04/12 VUs, 3823 complete and 0 interrupted iterations
gradual_ramp   [  30% ] 04/12 VUs  03m34.7s/12m00.0s

running (04m04.0s), 04/12 VUs, 3862 complete and 0 interrupted iterations
gradual_ramp   [  30% ] 04/12 VUs  03m35.7s/12m00.0s

running (04m05.0s), 04/12 VUs, 3948 complete and 0 interrupted iterations
gradual_ramp   [  30% ] 04/12 VUs  03m36.7s/12m00.0s

running (04m06.0s), 04/12 VUs, 3961 complete and 0 interrupted iterations
gradual_ramp   [  30% ] 04/12 VUs  03m37.7s/12m00.0s

running (04m07.0s), 04/12 VUs, 4024 complete and 0 interrupted iterations
gradual_ramp   [  30% ] 04/12 VUs  03m38.7s/12m00.0s

running (04m08.0s), 04/12 VUs, 4052 complete and 0 interrupted iterations
gradual_ramp   [  31% ] 04/12 VUs  03m39.7s/12m00.0s

running (04m09.0s), 04/12 VUs, 4076 complete and 0 interrupted iterations
gradual_ramp   [  31% ] 04/12 VUs  03m40.7s/12m00.0s

running (04m10.0s), 04/12 VUs, 4094 complete and 0 interrupted iterations
gradual_ramp   [  31% ] 04/12 VUs  03m41.7s/12m00.0s

running (04m11.0s), 04/12 VUs, 4140 complete and 0 interrupted iterations
gradual_ramp   [  31% ] 04/12 VUs  03m42.7s/12m00.0s

running (04m12.0s), 04/12 VUs, 4193 complete and 0 interrupted iterations
gradual_ramp   [  31% ] 04/12 VUs  03m43.7s/12m00.0s

running (04m13.0s), 04/12 VUs, 4275 complete and 0 interrupted iterations
gradual_ramp   [  31% ] 04/12 VUs  03m44.7s/12m00.0s

running (04m14.0s), 04/12 VUs, 4295 complete and 0 interrupted iterations
gradual_ramp   [  31% ] 04/12 VUs  03m45.7s/12m00.0s

running (04m15.0s), 04/12 VUs, 4362 complete and 0 interrupted iterations
gradual_ramp   [  31% ] 04/12 VUs  03m46.7s/12m00.0s

running (04m16.0s), 04/12 VUs, 4372 complete and 0 interrupted iterations
gradual_ramp   [  32% ] 04/12 VUs  03m47.7s/12m00.0s

running (04m17.0s), 04/12 VUs, 4373 complete and 0 interrupted iterations
gradual_ramp   [  32% ] 04/12 VUs  03m48.7s/12m00.0s

running (04m18.0s), 05/12 VUs, 4425 complete and 0 interrupted iterations
gradual_ramp   [  32% ] 05/12 VUs  03m49.7s/12m00.0s

running (04m19.0s), 05/12 VUs, 4466 complete and 0 interrupted iterations
gradual_ramp   [  32% ] 05/12 VUs  03m50.7s/12m00.0s

running (04m20.0s), 05/12 VUs, 4514 complete and 0 interrupted iterations
gradual_ramp   [  32% ] 05/12 VUs  03m51.7s/12m00.0s

running (04m21.0s), 05/12 VUs, 4535 complete and 0 interrupted iterations
gradual_ramp   [  32% ] 05/12 VUs  03m52.7s/12m00.0s

running (04m22.0s), 05/12 VUs, 4589 complete and 0 interrupted iterations
gradual_ramp   [  32% ] 05/12 VUs  03m53.7s/12m00.0s

running (04m23.0s), 05/12 VUs, 4640 complete and 0 interrupted iterations
gradual_ramp   [  33% ] 05/12 VUs  03m54.7s/12m00.0s

running (04m24.0s), 05/12 VUs, 4666 complete and 0 interrupted iterations
gradual_ramp   [  33% ] 05/12 VUs  03m55.7s/12m00.0s

running (04m25.0s), 05/12 VUs, 4684 complete and 0 interrupted iterations
gradual_ramp   [  33% ] 05/12 VUs  03m56.7s/12m00.0s

running (04m26.0s), 05/12 VUs, 4730 complete and 0 interrupted iterations
gradual_ramp   [  33% ] 05/12 VUs  03m57.7s/12m00.0s

running (04m27.0s), 05/12 VUs, 4768 complete and 0 interrupted iterations
gradual_ramp   [  33% ] 05/12 VUs  03m58.7s/12m00.0s

running (04m28.0s), 05/12 VUs, 4802 complete and 0 interrupted iterations
gradual_ramp   [  33% ] 05/12 VUs  03m59.7s/12m00.0s

running (04m29.0s), 05/12 VUs, 4836 complete and 0 interrupted iterations
gradual_ramp   [  33% ] 05/12 VUs  04m00.7s/12m00.0s

running (04m30.0s), 05/12 VUs, 4864 complete and 0 interrupted iterations
gradual_ramp   [  34% ] 05/12 VUs  04m01.7s/12m00.0s

running (04m31.0s), 05/12 VUs, 4894 complete and 0 interrupted iterations
gradual_ramp   [  34% ] 05/12 VUs  04m02.7s/12m00.0s

running (04m32.0s), 05/12 VUs, 4932 complete and 0 interrupted iterations
gradual_ramp   [  34% ] 05/12 VUs  04m03.7s/12m00.0s

running (04m33.0s), 05/12 VUs, 4979 complete and 0 interrupted iterations
gradual_ramp   [  34% ] 05/12 VUs  04m04.7s/12m00.0s

running (04m34.0s), 05/12 VUs, 5014 complete and 0 interrupted iterations
gradual_ramp   [  34% ] 05/12 VUs  04m05.7s/12m00.0s

running (04m35.0s), 05/12 VUs, 5046 complete and 0 interrupted iterations
gradual_ramp   [  34% ] 05/12 VUs  04m06.7s/12m00.0s

running (04m36.0s), 05/12 VUs, 5084 complete and 0 interrupted iterations
gradual_ramp   [  34% ] 05/12 VUs  04m07.7s/12m00.0s

running (04m37.0s), 05/12 VUs, 5124 complete and 0 interrupted iterations
gradual_ramp   [  35% ] 05/12 VUs  04m08.7s/12m00.0s

running (04m38.0s), 05/12 VUs, 5154 complete and 0 interrupted iterations
gradual_ramp   [  35% ] 05/12 VUs  04m09.7s/12m00.0s

running (04m39.0s), 05/12 VUs, 5179 complete and 0 interrupted iterations
gradual_ramp   [  35% ] 05/12 VUs  04m10.7s/12m00.0s

running (04m40.0s), 05/12 VUs, 5195 complete and 0 interrupted iterations
gradual_ramp   [  35% ] 05/12 VUs  04m11.7s/12m00.0s

running (04m41.0s), 05/12 VUs, 5245 complete and 0 interrupted iterations
gradual_ramp   [  35% ] 05/12 VUs  04m12.7s/12m00.0s

running (04m42.0s), 05/12 VUs, 5282 complete and 0 interrupted iterations
gradual_ramp   [  35% ] 05/12 VUs  04m13.7s/12m00.0s

running (04m43.0s), 05/12 VUs, 5304 complete and 0 interrupted iterations
gradual_ramp   [  35% ] 05/12 VUs  04m14.7s/12m00.0s

running (04m44.0s), 05/12 VUs, 5338 complete and 0 interrupted iterations
gradual_ramp   [  36% ] 05/12 VUs  04m15.7s/12m00.0s

running (04m45.0s), 06/12 VUs, 5353 complete and 0 interrupted iterations
gradual_ramp   [  36% ] 06/12 VUs  04m16.7s/12m00.0s

running (04m46.0s), 06/12 VUs, 5368 complete and 0 interrupted iterations
gradual_ramp   [  36% ] 06/12 VUs  04m17.7s/12m00.0s

running (04m47.0s), 06/12 VUs, 5419 complete and 0 interrupted iterations
gradual_ramp   [  36% ] 06/12 VUs  04m18.7s/12m00.0s

running (04m48.0s), 06/12 VUs, 5482 complete and 0 interrupted iterations
gradual_ramp   [  36% ] 06/12 VUs  04m19.7s/12m00.0s

running (04m49.0s), 06/12 VUs, 5497 complete and 0 interrupted iterations
gradual_ramp   [  36% ] 06/12 VUs  04m20.7s/12m00.0s

running (04m50.0s), 06/12 VUs, 5521 complete and 0 interrupted iterations
gradual_ramp   [  36% ] 06/12 VUs  04m21.7s/12m00.0s

running (04m51.0s), 06/12 VUs, 5573 complete and 0 interrupted iterations
gradual_ramp   [  36% ] 06/12 VUs  04m22.7s/12m00.0s

running (04m52.0s), 06/12 VUs, 5625 complete and 0 interrupted iterations
gradual_ramp   [  37% ] 06/12 VUs  04m23.7s/12m00.0s

running (04m53.0s), 06/12 VUs, 5684 complete and 0 interrupted iterations
gradual_ramp   [  37% ] 06/12 VUs  04m24.7s/12m00.0s

running (04m54.0s), 06/12 VUs, 5710 complete and 0 interrupted iterations
gradual_ramp   [  37% ] 06/12 VUs  04m25.7s/12m00.0s

running (04m55.0s), 06/12 VUs, 5774 complete and 0 interrupted iterations
gradual_ramp   [  37% ] 06/12 VUs  04m26.7s/12m00.0s

running (04m56.0s), 06/12 VUs, 5800 complete and 0 interrupted iterations
gradual_ramp   [  37% ] 06/12 VUs  04m27.7s/12m00.0s

running (04m57.0s), 06/12 VUs, 5844 complete and 0 interrupted iterations
gradual_ramp   [  37% ] 06/12 VUs  04m28.7s/12m00.0s

running (04m58.0s), 06/12 VUs, 5861 complete and 0 interrupted iterations
gradual_ramp   [  37% ] 06/12 VUs  04m29.7s/12m00.0s

running (04m59.0s), 06/12 VUs, 5909 complete and 0 interrupted iterations
gradual_ramp   [  38% ] 06/12 VUs  04m30.7s/12m00.0s

running (05m00.0s), 06/12 VUs, 5954 complete and 0 interrupted iterations
gradual_ramp   [  38% ] 06/12 VUs  04m31.7s/12m00.0s

running (05m01.0s), 06/12 VUs, 5999 complete and 0 interrupted iterations
gradual_ramp   [  38% ] 06/12 VUs  04m32.7s/12m00.0s

running (05m02.0s), 06/12 VUs, 6022 complete and 0 interrupted iterations
gradual_ramp   [  38% ] 06/12 VUs  04m33.7s/12m00.0s

running (05m03.0s), 06/12 VUs, 6094 complete and 0 interrupted iterations
gradual_ramp   [  38% ] 06/12 VUs  04m34.7s/12m00.0s

running (05m04.0s), 06/12 VUs, 6099 complete and 0 interrupted iterations
gradual_ramp   [  38% ] 06/12 VUs  04m35.7s/12m00.0s

running (05m05.0s), 06/12 VUs, 6171 complete and 0 interrupted iterations
gradual_ramp   [  38% ] 06/12 VUs  04m36.7s/12m00.0s

running (05m06.0s), 06/12 VUs, 6246 complete and 0 interrupted iterations
gradual_ramp   [  39% ] 06/12 VUs  04m37.7s/12m00.0s

running (05m07.0s), 06/12 VUs, 6276 complete and 0 interrupted iterations
gradual_ramp   [  39% ] 06/12 VUs  04m38.7s/12m00.0s

running (05m08.0s), 06/12 VUs, 6328 complete and 0 interrupted iterations
gradual_ramp   [  39% ] 06/12 VUs  04m39.7s/12m00.0s

running (05m09.0s), 06/12 VUs, 6389 complete and 0 interrupted iterations
gradual_ramp   [  39% ] 06/12 VUs  04m40.7s/12m00.0s

running (05m10.0s), 06/12 VUs, 6404 complete and 0 interrupted iterations
gradual_ramp   [  39% ] 06/12 VUs  04m41.7s/12m00.0s

running (05m11.0s), 06/12 VUs, 6428 complete and 0 interrupted iterations
gradual_ramp   [  39% ] 06/12 VUs  04m42.7s/12m00.0s

running (05m12.0s), 07/12 VUs, 6466 complete and 0 interrupted iterations
gradual_ramp   [  39% ] 07/12 VUs  04m43.7s/12m00.0s

running (05m13.0s), 07/12 VUs, 6501 complete and 0 interrupted iterations
gradual_ramp   [  40% ] 07/12 VUs  04m44.7s/12m00.0s

running (05m14.0s), 07/12 VUs, 6515 complete and 0 interrupted iterations
gradual_ramp   [  40% ] 07/12 VUs  04m45.7s/12m00.0s

running (05m15.0s), 07/12 VUs, 6538 complete and 0 interrupted iterations
gradual_ramp   [  40% ] 07/12 VUs  04m46.7s/12m00.0s

running (05m16.0s), 07/12 VUs, 6579 complete and 0 interrupted iterations
gradual_ramp   [  40% ] 07/12 VUs  04m47.7s/12m00.0s

running (05m17.0s), 07/12 VUs, 6616 complete and 0 interrupted iterations
gradual_ramp   [  40% ] 07/12 VUs  04m48.7s/12m00.0s

running (05m18.0s), 07/12 VUs, 6652 complete and 0 interrupted iterations
gradual_ramp   [  40% ] 07/12 VUs  04m49.7s/12m00.0s

running (05m19.0s), 07/12 VUs, 6667 complete and 0 interrupted iterations
gradual_ramp   [  40% ] 07/12 VUs  04m50.7s/12m00.0s

running (05m20.0s), 07/12 VUs, 6757 complete and 0 interrupted iterations
gradual_ramp   [  41% ] 07/12 VUs  04m51.7s/12m00.0s

running (05m21.0s), 07/12 VUs, 6807 complete and 0 interrupted iterations
gradual_ramp   [  41% ] 07/12 VUs  04m52.7s/12m00.0s

running (05m22.0s), 07/12 VUs, 6873 complete and 0 interrupted iterations
gradual_ramp   [  41% ] 07/12 VUs  04m53.7s/12m00.0s

running (05m23.0s), 07/12 VUs, 6921 complete and 0 interrupted iterations
gradual_ramp   [  41% ] 07/12 VUs  04m54.7s/12m00.0s

running (05m24.0s), 07/12 VUs, 6947 complete and 0 interrupted iterations
gradual_ramp   [  41% ] 07/12 VUs  04m55.7s/12m00.0s

running (05m25.0s), 07/12 VUs, 6985 complete and 0 interrupted iterations
gradual_ramp   [  41% ] 07/12 VUs  04m56.7s/12m00.0s

running (05m26.0s), 07/12 VUs, 7028 complete and 0 interrupted iterations
gradual_ramp   [  41% ] 07/12 VUs  04m57.7s/12m00.0s

running (05m27.0s), 07/12 VUs, 7075 complete and 0 interrupted iterations
gradual_ramp   [  41% ] 07/12 VUs  04m58.7s/12m00.0s

running (05m28.0s), 07/12 VUs, 7131 complete and 0 interrupted iterations
gradual_ramp   [  42% ] 07/12 VUs  04m59.7s/12m00.0s

running (05m29.0s), 07/12 VUs, 7157 complete and 0 interrupted iterations
gradual_ramp   [  42% ] 07/12 VUs  05m00.7s/12m00.0s

running (05m30.0s), 07/12 VUs, 7198 complete and 0 interrupted iterations
gradual_ramp   [  42% ] 07/12 VUs  05m01.7s/12m00.0s

running (05m31.0s), 07/12 VUs, 7224 complete and 0 interrupted iterations
gradual_ramp   [  42% ] 07/12 VUs  05m02.8s/12m00.0s

running (05m32.0s), 07/12 VUs, 7252 complete and 0 interrupted iterations
gradual_ramp   [  42% ] 07/12 VUs  05m03.7s/12m00.0s

running (05m33.0s), 07/12 VUs, 7288 complete and 0 interrupted iterations
gradual_ramp   [  42% ] 07/12 VUs  05m04.7s/12m00.0s

running (05m34.0s), 07/12 VUs, 7322 complete and 0 interrupted iterations
gradual_ramp   [  42% ] 07/12 VUs  05m05.7s/12m00.0s

running (05m35.0s), 07/12 VUs, 7352 complete and 0 interrupted iterations
gradual_ramp   [  43% ] 07/12 VUs  05m06.7s/12m00.0s

running (05m36.0s), 07/12 VUs, 7402 complete and 0 interrupted iterations
gradual_ramp   [  43% ] 07/12 VUs  05m07.7s/12m00.0s

running (05m37.0s), 07/12 VUs, 7450 complete and 0 interrupted iterations
gradual_ramp   [  43% ] 07/12 VUs  05m08.7s/12m00.0s

running (05m38.0s), 07/12 VUs, 7495 complete and 0 interrupted iterations
gradual_ramp   [  43% ] 07/12 VUs  05m09.7s/12m00.0s

running (05m39.0s), 07/12 VUs, 7563 complete and 0 interrupted iterations
gradual_ramp   [  43% ] 07/12 VUs  05m10.7s/12m00.0s

running (05m40.0s), 08/12 VUs, 7624 complete and 0 interrupted iterations
gradual_ramp   [  43% ] 08/12 VUs  05m11.7s/12m00.0s

running (05m41.0s), 08/12 VUs, 7646 complete and 0 interrupted iterations
gradual_ramp   [  43% ] 08/12 VUs  05m12.7s/12m00.0s

running (05m42.0s), 08/12 VUs, 7713 complete and 0 interrupted iterations
gradual_ramp   [  44% ] 08/12 VUs  05m13.7s/12m00.0s

running (05m43.0s), 08/12 VUs, 7755 complete and 0 interrupted iterations
gradual_ramp   [  44% ] 08/12 VUs  05m14.7s/12m00.0s

running (05m44.0s), 08/12 VUs, 7769 complete and 0 interrupted iterations
gradual_ramp   [  44% ] 08/12 VUs  05m15.7s/12m00.0s

running (05m45.0s), 08/12 VUs, 7795 complete and 0 interrupted iterations
gradual_ramp   [  44% ] 08/12 VUs  05m16.7s/12m00.0s

running (05m46.0s), 08/12 VUs, 7853 complete and 0 interrupted iterations
gradual_ramp   [  44% ] 08/12 VUs  05m17.7s/12m00.0s

running (05m47.0s), 08/12 VUs, 7871 complete and 0 interrupted iterations
gradual_ramp   [  44% ] 08/12 VUs  05m18.7s/12m00.0s

running (05m48.0s), 08/12 VUs, 7937 complete and 0 interrupted iterations
gradual_ramp   [  44% ] 08/12 VUs  05m19.7s/12m00.0s

running (05m49.0s), 08/12 VUs, 7964 complete and 0 interrupted iterations
gradual_ramp   [  45% ] 08/12 VUs  05m20.7s/12m00.0s

running (05m50.0s), 08/12 VUs, 7986 complete and 0 interrupted iterations
gradual_ramp   [  45% ] 08/12 VUs  05m21.7s/12m00.0s

running (05m51.0s), 08/12 VUs, 8044 complete and 0 interrupted iterations
gradual_ramp   [  45% ] 08/12 VUs  05m22.7s/12m00.0s

running (05m52.0s), 08/12 VUs, 8122 complete and 0 interrupted iterations
gradual_ramp   [  45% ] 08/12 VUs  05m23.7s/12m00.0s

running (05m53.0s), 08/12 VUs, 8157 complete and 0 interrupted iterations
gradual_ramp   [  45% ] 08/12 VUs  05m24.7s/12m00.0s

running (05m54.0s), 08/12 VUs, 8198 complete and 0 interrupted iterations
gradual_ramp   [  45% ] 08/12 VUs  05m25.7s/12m00.0s

running (05m55.0s), 08/12 VUs, 8248 complete and 0 interrupted iterations
gradual_ramp   [  45% ] 08/12 VUs  05m26.7s/12m00.0s

running (05m56.0s), 08/12 VUs, 8271 complete and 0 interrupted iterations
gradual_ramp   [  46% ] 08/12 VUs  05m27.7s/12m00.0s

running (05m57.0s), 08/12 VUs, 8305 complete and 0 interrupted iterations
gradual_ramp   [  46% ] 08/12 VUs  05m28.7s/12m00.0s

running (05m58.0s), 08/12 VUs, 8381 complete and 0 interrupted iterations
gradual_ramp   [  46% ] 08/12 VUs  05m29.7s/12m00.0s

running (05m59.0s), 08/12 VUs, 8416 complete and 0 interrupted iterations
gradual_ramp   [  46% ] 08/12 VUs  05m30.7s/12m00.0s

running (06m00.0s), 08/12 VUs, 8436 complete and 0 interrupted iterations
gradual_ramp   [  46% ] 08/12 VUs  05m31.7s/12m00.0s

running (06m01.0s), 08/12 VUs, 8452 complete and 0 interrupted iterations
gradual_ramp   [  46% ] 08/12 VUs  05m32.7s/12m00.0s

running (06m02.0s), 08/12 VUs, 8488 complete and 0 interrupted iterations
gradual_ramp   [  46% ] 08/12 VUs  05m33.7s/12m00.0s

running (06m03.0s), 08/12 VUs, 8517 complete and 0 interrupted iterations
gradual_ramp   [  46% ] 08/12 VUs  05m34.7s/12m00.0s

running (06m04.0s), 08/12 VUs, 8543 complete and 0 interrupted iterations
gradual_ramp   [  47% ] 08/12 VUs  05m35.7s/12m00.0s

running (06m05.0s), 08/12 VUs, 8556 complete and 0 interrupted iterations
gradual_ramp   [  47% ] 08/12 VUs  05m36.7s/12m00.0s

running (06m06.0s), 08/12 VUs, 8574 complete and 0 interrupted iterations
gradual_ramp   [  47% ] 08/12 VUs  05m37.7s/12m00.0s

running (06m07.0s), 09/12 VUs, 8605 complete and 0 interrupted iterations
gradual_ramp   [  47% ] 09/12 VUs  05m38.7s/12m00.0s

running (06m08.0s), 09/12 VUs, 8652 complete and 0 interrupted iterations
gradual_ramp   [  47% ] 09/12 VUs  05m39.7s/12m00.0s

running (06m09.0s), 09/12 VUs, 8678 complete and 0 interrupted iterations
gradual_ramp   [  47% ] 09/12 VUs  05m40.7s/12m00.0s

running (06m10.0s), 09/12 VUs, 8738 complete and 0 interrupted iterations
gradual_ramp   [  47% ] 09/12 VUs  05m41.7s/12m00.0s

running (06m11.0s), 09/12 VUs, 8782 complete and 0 interrupted iterations
gradual_ramp   [  48% ] 09/12 VUs  05m42.7s/12m00.0s

running (06m12.0s), 09/12 VUs, 8803 complete and 0 interrupted iterations
gradual_ramp   [  48% ] 09/12 VUs  05m43.7s/12m00.0s

running (06m13.0s), 09/12 VUs, 8837 complete and 0 interrupted iterations
gradual_ramp   [  48% ] 09/12 VUs  05m44.7s/12m00.0s

running (06m14.0s), 09/12 VUs, 8840 complete and 0 interrupted iterations
gradual_ramp   [  48% ] 09/12 VUs  05m45.7s/12m00.0s

running (06m15.0s), 09/12 VUs, 8871 complete and 0 interrupted iterations
gradual_ramp   [  48% ] 09/12 VUs  05m46.7s/12m00.0s

running (06m16.0s), 09/12 VUs, 8924 complete and 0 interrupted iterations
gradual_ramp   [  48% ] 09/12 VUs  05m47.7s/12m00.0s

running (06m17.0s), 09/12 VUs, 8957 complete and 0 interrupted iterations
gradual_ramp   [  48% ] 09/12 VUs  05m48.7s/12m00.0s

running (06m18.0s), 09/12 VUs, 8995 complete and 0 interrupted iterations
gradual_ramp   [  49% ] 09/12 VUs  05m49.7s/12m00.0s

running (06m19.0s), 09/12 VUs, 9064 complete and 0 interrupted iterations
gradual_ramp   [  49% ] 09/12 VUs  05m50.7s/12m00.0s

running (06m20.0s), 09/12 VUs, 9148 complete and 0 interrupted iterations
gradual_ramp   [  49% ] 09/12 VUs  05m51.7s/12m00.0s

running (06m21.0s), 09/12 VUs, 9173 complete and 0 interrupted iterations
gradual_ramp   [  49% ] 09/12 VUs  05m52.7s/12m00.0s

running (06m22.0s), 09/12 VUs, 9188 complete and 0 interrupted iterations
gradual_ramp   [  49% ] 09/12 VUs  05m53.7s/12m00.0s

running (06m23.0s), 09/12 VUs, 9190 complete and 0 interrupted iterations
gradual_ramp   [  49% ] 09/12 VUs  05m54.7s/12m00.0s

running (06m24.0s), 09/12 VUs, 9223 complete and 0 interrupted iterations
gradual_ramp   [  49% ] 09/12 VUs  05m55.7s/12m00.0s

running (06m25.0s), 09/12 VUs, 9256 complete and 0 interrupted iterations
gradual_ramp   [  50% ] 09/12 VUs  05m56.7s/12m00.0s

running (06m26.0s), 09/12 VUs, 9316 complete and 0 interrupted iterations
gradual_ramp   [  50% ] 09/12 VUs  05m57.7s/12m00.0s

running (06m27.0s), 09/12 VUs, 9353 complete and 0 interrupted iterations
gradual_ramp   [  50% ] 09/12 VUs  05m58.7s/12m00.0s

running (06m28.0s), 09/12 VUs, 9376 complete and 0 interrupted iterations
gradual_ramp   [  50% ] 09/12 VUs  05m59.7s/12m00.0s

running (06m29.0s), 09/12 VUs, 9423 complete and 0 interrupted iterations
gradual_ramp   [  50% ] 09/12 VUs  06m00.7s/12m00.0s

running (06m30.0s), 09/12 VUs, 9486 complete and 0 interrupted iterations
gradual_ramp   [  50% ] 09/12 VUs  06m01.7s/12m00.0s

running (06m31.0s), 09/12 VUs, 9543 complete and 0 interrupted iterations
gradual_ramp   [  50% ] 09/12 VUs  06m02.7s/12m00.0s

running (06m32.0s), 09/12 VUs, 9609 complete and 0 interrupted iterations
gradual_ramp   [  51% ] 09/12 VUs  06m03.7s/12m00.0s

running (06m33.0s), 09/12 VUs, 9660 complete and 0 interrupted iterations
gradual_ramp   [  51% ] 09/12 VUs  06m04.7s/12m00.0s

running (06m34.0s), 10/12 VUs, 9698 complete and 0 interrupted iterations
gradual_ramp   [  51% ] 10/12 VUs  06m05.7s/12m00.0s

running (06m35.0s), 10/12 VUs, 9749 complete and 0 interrupted iterations
gradual_ramp   [  51% ] 10/12 VUs  06m06.7s/12m00.0s

running (06m36.0s), 10/12 VUs, 9817 complete and 0 interrupted iterations
gradual_ramp   [  51% ] 10/12 VUs  06m07.7s/12m00.0s

running (06m37.0s), 10/12 VUs, 9892 complete and 0 interrupted iterations
gradual_ramp   [  51% ] 10/12 VUs  06m08.7s/12m00.0s

running (06m38.0s), 10/12 VUs, 9938 complete and 0 interrupted iterations
gradual_ramp   [  51% ] 10/12 VUs  06m09.7s/12m00.0s

running (06m39.0s), 10/12 VUs, 10014 complete and 0 interrupted iterations
gradual_ramp   [  51% ] 10/12 VUs  06m10.8s/12m00.0s

running (06m40.0s), 10/12 VUs, 10083 complete and 0 interrupted iterations
gradual_ramp   [  52% ] 10/12 VUs  06m11.7s/12m00.0s

running (06m41.0s), 10/12 VUs, 10108 complete and 0 interrupted iterations
gradual_ramp   [  52% ] 10/12 VUs  06m12.7s/12m00.0s

running (06m42.0s), 10/12 VUs, 10159 complete and 0 interrupted iterations
gradual_ramp   [  52% ] 10/12 VUs  06m13.7s/12m00.0s

running (06m43.0s), 10/12 VUs, 10202 complete and 0 interrupted iterations
gradual_ramp   [  52% ] 10/12 VUs  06m14.7s/12m00.0s

running (06m44.0s), 10/12 VUs, 10239 complete and 0 interrupted iterations
gradual_ramp   [  52% ] 10/12 VUs  06m15.7s/12m00.0s

running (06m45.0s), 10/12 VUs, 10279 complete and 0 interrupted iterations
gradual_ramp   [  52% ] 10/12 VUs  06m16.7s/12m00.0s

running (06m46.0s), 10/12 VUs, 10365 complete and 0 interrupted iterations
gradual_ramp   [  52% ] 10/12 VUs  06m17.7s/12m00.0s

running (06m47.0s), 10/12 VUs, 10423 complete and 0 interrupted iterations
gradual_ramp   [  53% ] 10/12 VUs  06m18.7s/12m00.0s

running (06m48.0s), 10/12 VUs, 10475 complete and 0 interrupted iterations
gradual_ramp   [  53% ] 10/12 VUs  06m19.7s/12m00.0s

running (06m49.0s), 10/12 VUs, 10514 complete and 0 interrupted iterations
gradual_ramp   [  53% ] 10/12 VUs  06m20.7s/12m00.0s

running (06m50.0s), 10/12 VUs, 10551 complete and 0 interrupted iterations
gradual_ramp   [  53% ] 10/12 VUs  06m21.7s/12m00.0s

running (06m51.0s), 10/12 VUs, 10596 complete and 0 interrupted iterations
gradual_ramp   [  53% ] 10/12 VUs  06m22.7s/12m00.0s

running (06m52.0s), 10/12 VUs, 10632 complete and 0 interrupted iterations
gradual_ramp   [  53% ] 10/12 VUs  06m23.7s/12m00.0s

running (06m53.0s), 10/12 VUs, 10674 complete and 0 interrupted iterations
gradual_ramp   [  53% ] 10/12 VUs  06m24.7s/12m00.0s

running (06m54.0s), 10/12 VUs, 10723 complete and 0 interrupted iterations
gradual_ramp   [  54% ] 10/12 VUs  06m25.7s/12m00.0s

running (06m55.0s), 10/12 VUs, 10760 complete and 0 interrupted iterations
gradual_ramp   [  54% ] 10/12 VUs  06m26.7s/12m00.0s

running (06m56.0s), 10/12 VUs, 10811 complete and 0 interrupted iterations
gradual_ramp   [  54% ] 10/12 VUs  06m27.7s/12m00.0s

running (06m57.0s), 10/12 VUs, 10834 complete and 0 interrupted iterations
gradual_ramp   [  54% ] 10/12 VUs  06m28.7s/12m00.0s

running (06m58.0s), 10/12 VUs, 10873 complete and 0 interrupted iterations
gradual_ramp   [  54% ] 10/12 VUs  06m29.7s/12m00.0s

running (06m59.0s), 10/12 VUs, 10891 complete and 0 interrupted iterations
gradual_ramp   [  54% ] 10/12 VUs  06m30.7s/12m00.0s

running (07m00.0s), 10/12 VUs, 10937 complete and 0 interrupted iterations
gradual_ramp   [  54% ] 10/12 VUs  06m31.7s/12m00.0s

running (07m01.0s), 11/12 VUs, 10959 complete and 0 interrupted iterations
gradual_ramp   [  55% ] 11/12 VUs  06m32.7s/12m00.0s

running (07m02.0s), 11/12 VUs, 11047 complete and 0 interrupted iterations
gradual_ramp   [  55% ] 11/12 VUs  06m33.7s/12m00.0s

running (07m03.0s), 11/12 VUs, 11104 complete and 0 interrupted iterations
gradual_ramp   [  55% ] 11/12 VUs  06m34.7s/12m00.0s

running (07m04.0s), 11/12 VUs, 11155 complete and 0 interrupted iterations
gradual_ramp   [  55% ] 11/12 VUs  06m35.7s/12m00.0s

running (07m05.0s), 11/12 VUs, 11202 complete and 0 interrupted iterations
gradual_ramp   [  55% ] 11/12 VUs  06m36.7s/12m00.0s

running (07m06.0s), 11/12 VUs, 11262 complete and 0 interrupted iterations
gradual_ramp   [  55% ] 11/12 VUs  06m37.7s/12m00.0s

running (07m07.0s), 11/12 VUs, 11316 complete and 0 interrupted iterations
gradual_ramp   [  55% ] 11/12 VUs  06m38.7s/12m00.0s

running (07m08.0s), 11/12 VUs, 11338 complete and 0 interrupted iterations
gradual_ramp   [  56% ] 11/12 VUs  06m39.7s/12m00.0s

running (07m09.0s), 11/12 VUs, 11352 complete and 0 interrupted iterations
gradual_ramp   [  56% ] 11/12 VUs  06m40.7s/12m00.0s

running (07m10.0s), 11/12 VUs, 11401 complete and 0 interrupted iterations
gradual_ramp   [  56% ] 11/12 VUs  06m41.7s/12m00.0s

running (07m11.0s), 11/12 VUs, 11441 complete and 0 interrupted iterations
gradual_ramp   [  56% ] 11/12 VUs  06m42.7s/12m00.0s

running (07m12.0s), 11/12 VUs, 11503 complete and 0 interrupted iterations
gradual_ramp   [  56% ] 11/12 VUs  06m43.7s/12m00.0s

running (07m13.0s), 11/12 VUs, 11586 complete and 0 interrupted iterations
gradual_ramp   [  56% ] 11/12 VUs  06m44.7s/12m00.0s

running (07m14.0s), 11/12 VUs, 11624 complete and 0 interrupted iterations
gradual_ramp   [  56% ] 11/12 VUs  06m45.7s/12m00.0s

running (07m15.0s), 11/12 VUs, 11673 complete and 0 interrupted iterations
gradual_ramp   [  56% ] 11/12 VUs  06m46.7s/12m00.0s

running (07m16.0s), 11/12 VUs, 11691 complete and 0 interrupted iterations
gradual_ramp   [  57% ] 11/12 VUs  06m47.7s/12m00.0s

running (07m17.0s), 11/12 VUs, 11710 complete and 0 interrupted iterations
gradual_ramp   [  57% ] 11/12 VUs  06m48.7s/12m00.0s

running (07m18.0s), 11/12 VUs, 11737 complete and 0 interrupted iterations
gradual_ramp   [  57% ] 11/12 VUs  06m49.7s/12m00.0s

running (07m19.0s), 11/12 VUs, 11783 complete and 0 interrupted iterations
gradual_ramp   [  57% ] 11/12 VUs  06m50.7s/12m00.0s

running (07m20.0s), 11/12 VUs, 11849 complete and 0 interrupted iterations
gradual_ramp   [  57% ] 11/12 VUs  06m51.7s/12m00.0s

running (07m21.0s), 11/12 VUs, 11909 complete and 0 interrupted iterations
gradual_ramp   [  57% ] 11/12 VUs  06m52.7s/12m00.0s

running (07m22.0s), 11/12 VUs, 11988 complete and 0 interrupted iterations
gradual_ramp   [  57% ] 11/12 VUs  06m53.7s/12m00.0s

running (07m23.0s), 11/12 VUs, 12026 complete and 0 interrupted iterations
gradual_ramp   [  58% ] 11/12 VUs  06m54.7s/12m00.0s

running (07m24.0s), 11/12 VUs, 12071 complete and 0 interrupted iterations
gradual_ramp   [  58% ] 11/12 VUs  06m55.7s/12m00.0s

running (07m25.0s), 11/12 VUs, 12154 complete and 0 interrupted iterations
gradual_ramp   [  58% ] 11/12 VUs  06m56.7s/12m00.0s

running (07m26.0s), 11/12 VUs, 12198 complete and 0 interrupted iterations
gradual_ramp   [  58% ] 11/12 VUs  06m57.7s/12m00.0s

running (07m27.0s), 11/12 VUs, 12238 complete and 0 interrupted iterations
gradual_ramp   [  58% ] 11/12 VUs  06m58.7s/12m00.0s

running (07m28.0s), 11/12 VUs, 12296 complete and 0 interrupted iterations
gradual_ramp   [  58% ] 11/12 VUs  06m59.7s/12m00.0s

running (07m29.0s), 12/12 VUs, 12357 complete and 0 interrupted iterations
gradual_ramp   [  58% ] 12/12 VUs  07m00.7s/12m00.0s

running (07m30.0s), 12/12 VUs, 12421 complete and 0 interrupted iterations
gradual_ramp   [  59% ] 12/12 VUs  07m01.7s/12m00.0s

running (07m31.0s), 12/12 VUs, 12481 complete and 0 interrupted iterations
gradual_ramp   [  59% ] 12/12 VUs  07m02.7s/12m00.0s

running (07m32.0s), 12/12 VUs, 12510 complete and 0 interrupted iterations
gradual_ramp   [  59% ] 12/12 VUs  07m03.7s/12m00.0s

running (07m33.0s), 12/12 VUs, 12545 complete and 0 interrupted iterations
gradual_ramp   [  59% ] 12/12 VUs  07m04.7s/12m00.0s

running (07m34.0s), 12/12 VUs, 12591 complete and 0 interrupted iterations
gradual_ramp   [  59% ] 12/12 VUs  07m05.7s/12m00.0s

running (07m35.0s), 12/12 VUs, 12647 complete and 0 interrupted iterations
gradual_ramp   [  59% ] 12/12 VUs  07m06.7s/12m00.0s

running (07m36.0s), 12/12 VUs, 12704 complete and 0 interrupted iterations
gradual_ramp   [  59% ] 12/12 VUs  07m07.7s/12m00.0s

running (07m37.0s), 12/12 VUs, 12745 complete and 0 interrupted iterations
gradual_ramp   [  60% ] 12/12 VUs  07m08.7s/12m00.0s

running (07m38.0s), 12/12 VUs, 12810 complete and 0 interrupted iterations
gradual_ramp   [  60% ] 12/12 VUs  07m09.7s/12m00.0s

running (07m39.0s), 12/12 VUs, 12858 complete and 0 interrupted iterations
gradual_ramp   [  60% ] 12/12 VUs  07m10.7s/12m00.0s

running (07m40.0s), 12/12 VUs, 12924 complete and 0 interrupted iterations
gradual_ramp   [  60% ] 12/12 VUs  07m11.7s/12m00.0s

running (07m41.0s), 12/12 VUs, 12956 complete and 0 interrupted iterations
gradual_ramp   [  60% ] 12/12 VUs  07m12.7s/12m00.0s

running (07m42.0s), 12/12 VUs, 12986 complete and 0 interrupted iterations
gradual_ramp   [  60% ] 12/12 VUs  07m13.7s/12m00.0s

running (07m43.0s), 12/12 VUs, 13038 complete and 0 interrupted iterations
gradual_ramp   [  60% ] 12/12 VUs  07m14.7s/12m00.0s

running (07m44.0s), 12/12 VUs, 13080 complete and 0 interrupted iterations
gradual_ramp   [  61% ] 12/12 VUs  07m15.7s/12m00.0s

running (07m45.0s), 12/12 VUs, 13110 complete and 0 interrupted iterations
gradual_ramp   [  61% ] 12/12 VUs  07m16.7s/12m00.0s

running (07m46.0s), 12/12 VUs, 13168 complete and 0 interrupted iterations
gradual_ramp   [  61% ] 12/12 VUs  07m17.7s/12m00.0s

running (07m47.0s), 12/12 VUs, 13231 complete and 0 interrupted iterations
gradual_ramp   [  61% ] 12/12 VUs  07m18.7s/12m00.0s

running (07m48.0s), 12/12 VUs, 13315 complete and 0 interrupted iterations
gradual_ramp   [  61% ] 12/12 VUs  07m19.7s/12m00.0s

running (07m49.0s), 12/12 VUs, 13383 complete and 0 interrupted iterations
gradual_ramp   [  61% ] 12/12 VUs  07m20.7s/12m00.0s

running (07m50.0s), 12/12 VUs, 13432 complete and 0 interrupted iterations
gradual_ramp   [  61% ] 12/12 VUs  07m21.7s/12m00.0s

running (07m51.0s), 12/12 VUs, 13470 complete and 0 interrupted iterations
gradual_ramp   [  61% ] 12/12 VUs  07m22.7s/12m00.0s

running (07m52.0s), 12/12 VUs, 13530 complete and 0 interrupted iterations
gradual_ramp   [  62% ] 12/12 VUs  07m23.7s/12m00.0s

running (07m53.0s), 12/12 VUs, 13590 complete and 0 interrupted iterations
gradual_ramp   [  62% ] 12/12 VUs  07m24.7s/12m00.0s

running (07m54.0s), 12/12 VUs, 13661 complete and 0 interrupted iterations
gradual_ramp   [  62% ] 12/12 VUs  07m25.7s/12m00.0s

running (07m55.0s), 12/12 VUs, 13703 complete and 0 interrupted iterations
gradual_ramp   [  62% ] 12/12 VUs  07m26.7s/12m00.0s

running (07m56.0s), 12/12 VUs, 13736 complete and 0 interrupted iterations
gradual_ramp   [  62% ] 12/12 VUs  07m27.7s/12m00.0s

running (07m57.0s), 12/12 VUs, 13793 complete and 0 interrupted iterations
gradual_ramp   [  62% ] 12/12 VUs  07m28.7s/12m00.0s

running (07m58.0s), 12/12 VUs, 13827 complete and 0 interrupted iterations
gradual_ramp   [  62% ] 12/12 VUs  07m29.7s/12m00.0s

running (07m59.0s), 12/12 VUs, 13851 complete and 0 interrupted iterations
gradual_ramp   [  63% ] 12/12 VUs  07m30.7s/12m00.0s

running (08m00.0s), 12/12 VUs, 13909 complete and 0 interrupted iterations
gradual_ramp   [  63% ] 12/12 VUs  07m31.7s/12m00.0s

running (08m01.0s), 12/12 VUs, 13941 complete and 0 interrupted iterations
gradual_ramp   [  63% ] 12/12 VUs  07m32.7s/12m00.0s

running (08m02.0s), 12/12 VUs, 13997 complete and 0 interrupted iterations
gradual_ramp   [  63% ] 12/12 VUs  07m33.7s/12m00.0s

running (08m03.0s), 12/12 VUs, 14025 complete and 0 interrupted iterations
gradual_ramp   [  63% ] 12/12 VUs  07m34.7s/12m00.0s

running (08m04.0s), 12/12 VUs, 14052 complete and 0 interrupted iterations
gradual_ramp   [  63% ] 12/12 VUs  07m35.7s/12m00.0s

running (08m05.0s), 12/12 VUs, 14089 complete and 0 interrupted iterations
gradual_ramp   [  63% ] 12/12 VUs  07m36.7s/12m00.0s

running (08m06.0s), 12/12 VUs, 14127 complete and 0 interrupted iterations
gradual_ramp   [  64% ] 12/12 VUs  07m37.7s/12m00.0s

running (08m07.0s), 12/12 VUs, 14170 complete and 0 interrupted iterations
gradual_ramp   [  64% ] 12/12 VUs  07m38.7s/12m00.0s

running (08m08.0s), 12/12 VUs, 14215 complete and 0 interrupted iterations
gradual_ramp   [  64% ] 12/12 VUs  07m39.7s/12m00.0s

running (08m09.0s), 12/12 VUs, 14266 complete and 0 interrupted iterations
gradual_ramp   [  64% ] 12/12 VUs  07m40.7s/12m00.0s

running (08m10.0s), 12/12 VUs, 14307 complete and 0 interrupted iterations
gradual_ramp   [  64% ] 12/12 VUs  07m41.7s/12m00.0s

running (08m11.0s), 12/12 VUs, 14370 complete and 0 interrupted iterations
gradual_ramp   [  64% ] 12/12 VUs  07m42.7s/12m00.0s

running (08m12.0s), 12/12 VUs, 14390 complete and 0 interrupted iterations
gradual_ramp   [  64% ] 12/12 VUs  07m43.7s/12m00.0s

running (08m13.0s), 12/12 VUs, 14442 complete and 0 interrupted iterations
gradual_ramp   [  65% ] 12/12 VUs  07m44.7s/12m00.0s

running (08m14.0s), 12/12 VUs, 14498 complete and 0 interrupted iterations
gradual_ramp   [  65% ] 12/12 VUs  07m45.7s/12m00.0s

running (08m15.0s), 12/12 VUs, 14536 complete and 0 interrupted iterations
gradual_ramp   [  65% ] 12/12 VUs  07m46.7s/12m00.0s

running (08m16.0s), 12/12 VUs, 14560 complete and 0 interrupted iterations
gradual_ramp   [  65% ] 12/12 VUs  07m47.7s/12m00.0s

running (08m17.0s), 12/12 VUs, 14636 complete and 0 interrupted iterations
gradual_ramp   [  65% ] 12/12 VUs  07m48.7s/12m00.0s

running (08m18.0s), 12/12 VUs, 14664 complete and 0 interrupted iterations
gradual_ramp   [  65% ] 12/12 VUs  07m49.7s/12m00.0s

running (08m19.0s), 12/12 VUs, 14697 complete and 0 interrupted iterations
gradual_ramp   [  65% ] 12/12 VUs  07m50.7s/12m00.0s

running (08m20.0s), 12/12 VUs, 14743 complete and 0 interrupted iterations
gradual_ramp   [  66% ] 12/12 VUs  07m51.7s/12m00.0s

running (08m21.0s), 12/12 VUs, 14821 complete and 0 interrupted iterations
gradual_ramp   [  66% ] 12/12 VUs  07m52.7s/12m00.0s

running (08m22.0s), 12/12 VUs, 14862 complete and 0 interrupted iterations
gradual_ramp   [  66% ] 12/12 VUs  07m53.7s/12m00.0s

running (08m23.0s), 12/12 VUs, 14929 complete and 0 interrupted iterations
gradual_ramp   [  66% ] 12/12 VUs  07m54.7s/12m00.0s

running (08m24.0s), 12/12 VUs, 14973 complete and 0 interrupted iterations
gradual_ramp   [  66% ] 12/12 VUs  07m55.7s/12m00.0s

running (08m25.0s), 12/12 VUs, 15034 complete and 0 interrupted iterations
gradual_ramp   [  66% ] 12/12 VUs  07m56.7s/12m00.0s

running (08m26.0s), 12/12 VUs, 15069 complete and 0 interrupted iterations
gradual_ramp   [  66% ] 12/12 VUs  07m57.7s/12m00.0s

running (08m27.0s), 12/12 VUs, 15140 complete and 0 interrupted iterations
gradual_ramp   [  66% ] 12/12 VUs  07m58.7s/12m00.0s

running (08m28.0s), 12/12 VUs, 15202 complete and 0 interrupted iterations
gradual_ramp   [  67% ] 12/12 VUs  07m59.7s/12m00.0s

running (08m29.0s), 12/12 VUs, 15258 complete and 0 interrupted iterations
gradual_ramp   [  67% ] 12/12 VUs  08m00.7s/12m00.0s

running (08m30.0s), 12/12 VUs, 15295 complete and 0 interrupted iterations
gradual_ramp   [  67% ] 12/12 VUs  08m01.7s/12m00.0s

running (08m31.0s), 12/12 VUs, 15361 complete and 0 interrupted iterations
gradual_ramp   [  67% ] 12/12 VUs  08m02.7s/12m00.0s

running (08m32.0s), 12/12 VUs, 15398 complete and 0 interrupted iterations
gradual_ramp   [  67% ] 12/12 VUs  08m03.7s/12m00.0s

running (08m33.0s), 12/12 VUs, 15461 complete and 0 interrupted iterations
gradual_ramp   [  67% ] 12/12 VUs  08m04.7s/12m00.0s

running (08m34.0s), 12/12 VUs, 15523 complete and 0 interrupted iterations
gradual_ramp   [  67% ] 12/12 VUs  08m05.7s/12m00.0s

running (08m35.0s), 12/12 VUs, 15556 complete and 0 interrupted iterations
gradual_ramp   [  68% ] 12/12 VUs  08m06.7s/12m00.0s

running (08m36.0s), 12/12 VUs, 15593 complete and 0 interrupted iterations
gradual_ramp   [  68% ] 12/12 VUs  08m07.7s/12m00.0s

running (08m37.0s), 12/12 VUs, 15625 complete and 0 interrupted iterations
gradual_ramp   [  68% ] 12/12 VUs  08m08.7s/12m00.0s

running (08m38.0s), 12/12 VUs, 15649 complete and 0 interrupted iterations
gradual_ramp   [  68% ] 12/12 VUs  08m09.7s/12m00.0s

running (08m39.0s), 12/12 VUs, 15714 complete and 0 interrupted iterations
gradual_ramp   [  68% ] 12/12 VUs  08m10.7s/12m00.0s

running (08m40.0s), 12/12 VUs, 15748 complete and 0 interrupted iterations
gradual_ramp   [  68% ] 12/12 VUs  08m11.7s/12m00.0s

running (08m41.0s), 12/12 VUs, 15783 complete and 0 interrupted iterations
gradual_ramp   [  68% ] 12/12 VUs  08m12.7s/12m00.0s

running (08m42.0s), 12/12 VUs, 15815 complete and 0 interrupted iterations
gradual_ramp   [  69% ] 12/12 VUs  08m13.7s/12m00.0s

running (08m43.0s), 12/12 VUs, 15861 complete and 0 interrupted iterations
gradual_ramp   [  69% ] 12/12 VUs  08m14.7s/12m00.0s

running (08m44.0s), 12/12 VUs, 15920 complete and 0 interrupted iterations
gradual_ramp   [  69% ] 12/12 VUs  08m15.7s/12m00.0s

running (08m45.0s), 12/12 VUs, 15946 complete and 0 interrupted iterations
gradual_ramp   [  69% ] 12/12 VUs  08m16.7s/12m00.0s

running (08m46.0s), 12/12 VUs, 16031 complete and 0 interrupted iterations
gradual_ramp   [  69% ] 12/12 VUs  08m17.7s/12m00.0s

running (08m47.0s), 12/12 VUs, 16053 complete and 0 interrupted iterations
gradual_ramp   [  69% ] 12/12 VUs  08m18.7s/12m00.0s

running (08m48.0s), 12/12 VUs, 16145 complete and 0 interrupted iterations
gradual_ramp   [  69% ] 12/12 VUs  08m19.7s/12m00.0s

running (08m49.0s), 12/12 VUs, 16172 complete and 0 interrupted iterations
gradual_ramp   [  70% ] 12/12 VUs  08m20.7s/12m00.0s

running (08m50.0s), 12/12 VUs, 16240 complete and 0 interrupted iterations
gradual_ramp   [  70% ] 12/12 VUs  08m21.7s/12m00.0s

running (08m51.0s), 12/12 VUs, 16308 complete and 0 interrupted iterations
gradual_ramp   [  70% ] 12/12 VUs  08m22.7s/12m00.0s

running (08m52.0s), 12/12 VUs, 16359 complete and 0 interrupted iterations
gradual_ramp   [  70% ] 12/12 VUs  08m23.7s/12m00.0s

running (08m53.0s), 12/12 VUs, 16395 complete and 0 interrupted iterations
gradual_ramp   [  70% ] 12/12 VUs  08m24.7s/12m00.0s

running (08m54.0s), 12/12 VUs, 16455 complete and 0 interrupted iterations
gradual_ramp   [  70% ] 12/12 VUs  08m25.7s/12m00.0s

running (08m55.0s), 12/12 VUs, 16510 complete and 0 interrupted iterations
gradual_ramp   [  70% ] 12/12 VUs  08m26.7s/12m00.0s

running (08m56.0s), 12/12 VUs, 16551 complete and 0 interrupted iterations
gradual_ramp   [  71% ] 12/12 VUs  08m27.7s/12m00.0s

running (08m57.0s), 12/12 VUs, 16593 complete and 0 interrupted iterations
gradual_ramp   [  71% ] 12/12 VUs  08m28.7s/12m00.0s

running (08m58.0s), 12/12 VUs, 16635 complete and 0 interrupted iterations
gradual_ramp   [  71% ] 12/12 VUs  08m29.7s/12m00.0s

running (08m59.0s), 12/12 VUs, 16681 complete and 0 interrupted iterations
gradual_ramp   [  71% ] 12/12 VUs  08m30.7s/12m00.0s

running (09m00.0s), 12/12 VUs, 16744 complete and 0 interrupted iterations
gradual_ramp   [  71% ] 12/12 VUs  08m31.7s/12m00.0s

running (09m01.0s), 12/12 VUs, 16805 complete and 0 interrupted iterations
gradual_ramp   [  71% ] 12/12 VUs  08m32.7s/12m00.0s

running (09m02.0s), 12/12 VUs, 16831 complete and 0 interrupted iterations
gradual_ramp   [  71% ] 12/12 VUs  08m33.7s/12m00.0s

running (09m03.0s), 12/12 VUs, 16867 complete and 0 interrupted iterations
gradual_ramp   [  71% ] 12/12 VUs  08m34.7s/12m00.0s

running (09m04.0s), 12/12 VUs, 16907 complete and 0 interrupted iterations
gradual_ramp   [  72% ] 12/12 VUs  08m35.7s/12m00.0s

running (09m05.0s), 12/12 VUs, 16949 complete and 0 interrupted iterations
gradual_ramp   [  72% ] 12/12 VUs  08m36.7s/12m00.0s

running (09m06.0s), 12/12 VUs, 17018 complete and 0 interrupted iterations
gradual_ramp   [  72% ] 12/12 VUs  08m37.7s/12m00.0s

running (09m07.0s), 12/12 VUs, 17083 complete and 0 interrupted iterations
gradual_ramp   [  72% ] 12/12 VUs  08m38.7s/12m00.0s

running (09m08.0s), 12/12 VUs, 17142 complete and 0 interrupted iterations
gradual_ramp   [  72% ] 12/12 VUs  08m39.7s/12m00.0s

running (09m09.0s), 12/12 VUs, 17180 complete and 0 interrupted iterations
gradual_ramp   [  72% ] 12/12 VUs  08m40.7s/12m00.0s

running (09m10.0s), 12/12 VUs, 17230 complete and 0 interrupted iterations
gradual_ramp   [  72% ] 12/12 VUs  08m41.7s/12m00.0s

running (09m11.0s), 12/12 VUs, 17257 complete and 0 interrupted iterations
gradual_ramp   [  73% ] 12/12 VUs  08m42.7s/12m00.0s

running (09m12.0s), 12/12 VUs, 17313 complete and 0 interrupted iterations
gradual_ramp   [  73% ] 12/12 VUs  08m43.7s/12m00.0s

running (09m13.0s), 12/12 VUs, 17373 complete and 0 interrupted iterations
gradual_ramp   [  73% ] 12/12 VUs  08m44.7s/12m00.0s

running (09m14.0s), 12/12 VUs, 17448 complete and 0 interrupted iterations
gradual_ramp   [  73% ] 12/12 VUs  08m45.7s/12m00.0s

running (09m15.0s), 12/12 VUs, 17507 complete and 0 interrupted iterations
gradual_ramp   [  73% ] 12/12 VUs  08m46.7s/12m00.0s

running (09m16.0s), 12/12 VUs, 17579 complete and 0 interrupted iterations
gradual_ramp   [  73% ] 12/12 VUs  08m47.7s/12m00.0s

running (09m17.0s), 12/12 VUs, 17620 complete and 0 interrupted iterations
gradual_ramp   [  73% ] 12/12 VUs  08m48.7s/12m00.0s

running (09m18.0s), 12/12 VUs, 17679 complete and 0 interrupted iterations
gradual_ramp   [  74% ] 12/12 VUs  08m49.7s/12m00.0s

running (09m19.0s), 12/12 VUs, 17726 complete and 0 interrupted iterations
gradual_ramp   [  74% ] 12/12 VUs  08m50.7s/12m00.0s

running (09m20.0s), 12/12 VUs, 17766 complete and 0 interrupted iterations
gradual_ramp   [  74% ] 12/12 VUs  08m51.7s/12m00.0s

running (09m21.0s), 12/12 VUs, 17787 complete and 0 interrupted iterations
gradual_ramp   [  74% ] 12/12 VUs  08m52.7s/12m00.0s

running (09m22.0s), 12/12 VUs, 17850 complete and 0 interrupted iterations
gradual_ramp   [  74% ] 12/12 VUs  08m53.7s/12m00.0s

running (09m23.0s), 12/12 VUs, 17919 complete and 0 interrupted iterations
gradual_ramp   [  74% ] 12/12 VUs  08m54.7s/12m00.0s

running (09m24.0s), 12/12 VUs, 17957 complete and 0 interrupted iterations
gradual_ramp   [  74% ] 12/12 VUs  08m55.7s/12m00.0s

running (09m25.0s), 12/12 VUs, 17992 complete and 0 interrupted iterations
gradual_ramp   [  75% ] 12/12 VUs  08m56.7s/12m00.0s

running (09m26.0s), 12/12 VUs, 18040 complete and 0 interrupted iterations
gradual_ramp   [  75% ] 12/12 VUs  08m57.7s/12m00.0s

running (09m27.0s), 12/12 VUs, 18096 complete and 0 interrupted iterations
gradual_ramp   [  75% ] 12/12 VUs  08m58.7s/12m00.0s

running (09m28.0s), 12/12 VUs, 18142 complete and 0 interrupted iterations
gradual_ramp   [  75% ] 12/12 VUs  08m59.7s/12m00.0s

running (09m29.0s), 12/12 VUs, 18197 complete and 0 interrupted iterations
gradual_ramp   [  75% ] 12/12 VUs  09m00.7s/12m00.0s

running (09m30.0s), 12/12 VUs, 18236 complete and 0 interrupted iterations
gradual_ramp   [  75% ] 12/12 VUs  09m01.7s/12m00.0s

running (09m31.0s), 12/12 VUs, 18282 complete and 0 interrupted iterations
gradual_ramp   [  75% ] 12/12 VUs  09m02.7s/12m00.0s

running (09m32.0s), 12/12 VUs, 18352 complete and 0 interrupted iterations
gradual_ramp   [  76% ] 12/12 VUs  09m03.7s/12m00.0s

running (09m33.0s), 12/12 VUs, 18393 complete and 0 interrupted iterations
gradual_ramp   [  76% ] 12/12 VUs  09m04.7s/12m00.0s

running (09m34.0s), 12/12 VUs, 18416 complete and 0 interrupted iterations
gradual_ramp   [  76% ] 12/12 VUs  09m05.7s/12m00.0s

running (09m35.0s), 12/12 VUs, 18503 complete and 0 interrupted iterations
gradual_ramp   [  76% ] 12/12 VUs  09m06.7s/12m00.0s

running (09m36.0s), 12/12 VUs, 18532 complete and 0 interrupted iterations
gradual_ramp   [  76% ] 12/12 VUs  09m07.7s/12m00.0s

running (09m37.0s), 12/12 VUs, 18579 complete and 0 interrupted iterations
gradual_ramp   [  76% ] 12/12 VUs  09m08.7s/12m00.0s

running (09m38.0s), 12/12 VUs, 18608 complete and 0 interrupted iterations
gradual_ramp   [  76% ] 12/12 VUs  09m09.7s/12m00.0s

running (09m39.0s), 12/12 VUs, 18659 complete and 0 interrupted iterations
gradual_ramp   [  76% ] 12/12 VUs  09m10.7s/12m00.0s

running (09m40.0s), 12/12 VUs, 18706 complete and 0 interrupted iterations
gradual_ramp   [  77% ] 12/12 VUs  09m11.7s/12m00.0s

running (09m41.0s), 12/12 VUs, 18745 complete and 0 interrupted iterations
gradual_ramp   [  77% ] 12/12 VUs  09m12.7s/12m00.0s

running (09m42.0s), 12/12 VUs, 18793 complete and 0 interrupted iterations
gradual_ramp   [  77% ] 12/12 VUs  09m13.7s/12m00.0s

running (09m43.0s), 12/12 VUs, 18837 complete and 0 interrupted iterations
gradual_ramp   [  77% ] 12/12 VUs  09m14.7s/12m00.0s

running (09m44.0s), 12/12 VUs, 18872 complete and 0 interrupted iterations
gradual_ramp   [  77% ] 12/12 VUs  09m15.8s/12m00.0s

running (09m45.0s), 12/12 VUs, 18915 complete and 0 interrupted iterations
gradual_ramp   [  77% ] 12/12 VUs  09m16.7s/12m00.0s

running (09m46.0s), 11/12 VUs, 18977 complete and 0 interrupted iterations
gradual_ramp   [  77% ] 11/12 VUs  09m17.7s/12m00.0s

running (09m47.0s), 11/12 VUs, 19016 complete and 0 interrupted iterations
gradual_ramp   [  78% ] 11/12 VUs  09m18.7s/12m00.0s

running (09m48.0s), 11/12 VUs, 19052 complete and 0 interrupted iterations
gradual_ramp   [  78% ] 11/12 VUs  09m19.7s/12m00.0s

running (09m49.0s), 11/12 VUs, 19110 complete and 0 interrupted iterations
gradual_ramp   [  78% ] 11/12 VUs  09m20.7s/12m00.0s

running (09m50.0s), 11/12 VUs, 19156 complete and 0 interrupted iterations
gradual_ramp   [  78% ] 11/12 VUs  09m21.7s/12m00.0s

running (09m51.0s), 11/12 VUs, 19218 complete and 0 interrupted iterations
gradual_ramp   [  78% ] 11/12 VUs  09m22.7s/12m00.0s

running (09m52.0s), 11/12 VUs, 19267 complete and 0 interrupted iterations
gradual_ramp   [  78% ] 11/12 VUs  09m23.7s/12m00.0s

running (09m53.0s), 11/12 VUs, 19317 complete and 0 interrupted iterations
gradual_ramp   [  78% ] 11/12 VUs  09m24.7s/12m00.0s

running (09m54.0s), 11/12 VUs, 19413 complete and 0 interrupted iterations
gradual_ramp   [  79% ] 11/12 VUs  09m25.7s/12m00.0s

running (09m55.0s), 11/12 VUs, 19437 complete and 0 interrupted iterations
gradual_ramp   [  79% ] 11/12 VUs  09m26.7s/12m00.0s

running (09m56.0s), 11/12 VUs, 19480 complete and 0 interrupted iterations
gradual_ramp   [  79% ] 11/12 VUs  09m27.7s/12m00.0s

running (09m57.0s), 11/12 VUs, 19514 complete and 0 interrupted iterations
gradual_ramp   [  79% ] 11/12 VUs  09m28.7s/12m00.0s

running (09m58.0s), 11/12 VUs, 19548 complete and 0 interrupted iterations
gradual_ramp   [  79% ] 11/12 VUs  09m29.7s/12m00.0s

running (09m59.0s), 10/12 VUs, 19609 complete and 0 interrupted iterations
gradual_ramp   [  79% ] 10/12 VUs  09m30.7s/12m00.0s

running (10m00.0s), 10/12 VUs, 19652 complete and 0 interrupted iterations
gradual_ramp   [  79% ] 10/12 VUs  09m31.7s/12m00.0s

running (10m01.0s), 10/12 VUs, 19667 complete and 0 interrupted iterations
gradual_ramp   [  80% ] 10/12 VUs  09m32.7s/12m00.0s

running (10m02.0s), 10/12 VUs, 19682 complete and 0 interrupted iterations
gradual_ramp   [  80% ] 10/12 VUs  09m33.7s/12m00.0s

running (10m03.0s), 10/12 VUs, 19711 complete and 0 interrupted iterations
gradual_ramp   [  80% ] 10/12 VUs  09m34.7s/12m00.0s

running (10m04.0s), 10/12 VUs, 19727 complete and 0 interrupted iterations
gradual_ramp   [  80% ] 10/12 VUs  09m35.7s/12m00.0s

running (10m05.0s), 10/12 VUs, 19743 complete and 0 interrupted iterations
gradual_ramp   [  80% ] 10/12 VUs  09m36.7s/12m00.0s

running (10m06.0s), 10/12 VUs, 19796 complete and 0 interrupted iterations
gradual_ramp   [  80% ] 10/12 VUs  09m37.7s/12m00.0s

running (10m07.0s), 10/12 VUs, 19852 complete and 0 interrupted iterations
gradual_ramp   [  80% ] 10/12 VUs  09m38.7s/12m00.0s

running (10m08.0s), 10/12 VUs, 19904 complete and 0 interrupted iterations
gradual_ramp   [  81% ] 10/12 VUs  09m39.7s/12m00.0s

running (10m09.0s), 10/12 VUs, 19970 complete and 0 interrupted iterations
gradual_ramp   [  81% ] 10/12 VUs  09m40.7s/12m00.0s

running (10m10.0s), 10/12 VUs, 20028 complete and 0 interrupted iterations
gradual_ramp   [  81% ] 10/12 VUs  09m41.7s/12m00.0s

running (10m11.0s), 10/12 VUs, 20073 complete and 0 interrupted iterations
gradual_ramp   [  81% ] 10/12 VUs  09m42.7s/12m00.0s

running (10m12.0s), 10/12 VUs, 20130 complete and 0 interrupted iterations
gradual_ramp   [  81% ] 10/12 VUs  09m43.7s/12m00.0s

running (10m13.0s), 10/12 VUs, 20193 complete and 0 interrupted iterations
gradual_ramp   [  81% ] 10/12 VUs  09m44.7s/12m00.0s

running (10m14.0s), 09/12 VUs, 20231 complete and 0 interrupted iterations
gradual_ramp   [  81% ] 09/12 VUs  09m45.7s/12m00.0s

running (10m15.0s), 09/12 VUs, 20275 complete and 0 interrupted iterations
gradual_ramp   [  81% ] 09/12 VUs  09m46.7s/12m00.0s

running (10m16.0s), 09/12 VUs, 20321 complete and 0 interrupted iterations
gradual_ramp   [  82% ] 09/12 VUs  09m47.7s/12m00.0s

running (10m17.0s), 09/12 VUs, 20386 complete and 0 interrupted iterations
gradual_ramp   [  82% ] 09/12 VUs  09m48.7s/12m00.0s

running (10m18.0s), 09/12 VUs, 20426 complete and 0 interrupted iterations
gradual_ramp   [  82% ] 09/12 VUs  09m49.7s/12m00.0s

running (10m19.0s), 09/12 VUs, 20455 complete and 0 interrupted iterations
gradual_ramp   [  82% ] 09/12 VUs  09m50.7s/12m00.0s

running (10m20.0s), 09/12 VUs, 20519 complete and 0 interrupted iterations
gradual_ramp   [  82% ] 09/12 VUs  09m51.7s/12m00.0s

running (10m21.0s), 09/12 VUs, 20594 complete and 0 interrupted iterations
gradual_ramp   [  82% ] 09/12 VUs  09m52.7s/12m00.0s

running (10m22.0s), 09/12 VUs, 20658 complete and 0 interrupted iterations
gradual_ramp   [  82% ] 09/12 VUs  09m53.7s/12m00.0s

running (10m23.0s), 09/12 VUs, 20714 complete and 0 interrupted iterations
gradual_ramp   [  83% ] 09/12 VUs  09m54.7s/12m00.0s

running (10m24.0s), 09/12 VUs, 20745 complete and 0 interrupted iterations
gradual_ramp   [  83% ] 09/12 VUs  09m55.8s/12m00.0s

running (10m25.0s), 09/12 VUs, 20820 complete and 0 interrupted iterations
gradual_ramp   [  83% ] 09/12 VUs  09m56.7s/12m00.0s

running (10m26.0s), 09/12 VUs, 20870 complete and 0 interrupted iterations
gradual_ramp   [  83% ] 09/12 VUs  09m57.7s/12m00.0s

running (10m27.0s), 09/12 VUs, 20920 complete and 0 interrupted iterations
gradual_ramp   [  83% ] 09/12 VUs  09m58.7s/12m00.0s

running (10m28.0s), 09/12 VUs, 20961 complete and 0 interrupted iterations
gradual_ramp   [  83% ] 09/12 VUs  09m59.7s/12m00.0s

running (10m29.0s), 08/12 VUs, 20984 complete and 0 interrupted iterations
gradual_ramp   [  83% ] 08/12 VUs  10m00.7s/12m00.0s

running (10m30.0s), 08/12 VUs, 21024 complete and 0 interrupted iterations
gradual_ramp   [  84% ] 08/12 VUs  10m01.7s/12m00.0s

running (10m31.0s), 08/12 VUs, 21049 complete and 0 interrupted iterations
gradual_ramp   [  84% ] 08/12 VUs  10m02.7s/12m00.0s

running (10m32.0s), 08/12 VUs, 21091 complete and 0 interrupted iterations
gradual_ramp   [  84% ] 08/12 VUs  10m03.7s/12m00.0s

running (10m33.0s), 08/12 VUs, 21133 complete and 0 interrupted iterations
gradual_ramp   [  84% ] 08/12 VUs  10m04.7s/12m00.0s

running (10m34.0s), 08/12 VUs, 21165 complete and 0 interrupted iterations
gradual_ramp   [  84% ] 08/12 VUs  10m05.7s/12m00.0s

running (10m35.0s), 08/12 VUs, 21208 complete and 0 interrupted iterations
gradual_ramp   [  84% ] 08/12 VUs  10m06.7s/12m00.0s

running (10m36.0s), 08/12 VUs, 21228 complete and 0 interrupted iterations
gradual_ramp   [  84% ] 08/12 VUs  10m07.7s/12m00.0s

running (10m37.0s), 08/12 VUs, 21262 complete and 0 interrupted iterations
gradual_ramp   [  85% ] 08/12 VUs  10m08.7s/12m00.0s

running (10m38.0s), 08/12 VUs, 21290 complete and 0 interrupted iterations
gradual_ramp   [  85% ] 08/12 VUs  10m09.7s/12m00.0s

running (10m39.0s), 08/12 VUs, 21328 complete and 0 interrupted iterations
gradual_ramp   [  85% ] 08/12 VUs  10m10.7s/12m00.0s

running (10m40.0s), 08/12 VUs, 21364 complete and 0 interrupted iterations
gradual_ramp   [  85% ] 08/12 VUs  10m11.7s/12m00.0s

running (10m41.0s), 08/12 VUs, 21401 complete and 0 interrupted iterations
gradual_ramp   [  85% ] 08/12 VUs  10m12.7s/12m00.0s

running (10m42.0s), 08/12 VUs, 21423 complete and 0 interrupted iterations
gradual_ramp   [  85% ] 08/12 VUs  10m13.7s/12m00.0s

running (10m43.0s), 08/12 VUs, 21461 complete and 0 interrupted iterations
gradual_ramp   [  85% ] 08/12 VUs  10m14.7s/12m00.0s

running (10m44.0s), 08/12 VUs, 21499 complete and 0 interrupted iterations
gradual_ramp   [  86% ] 08/12 VUs  10m15.7s/12m00.0s

running (10m45.0s), 07/12 VUs, 21534 complete and 0 interrupted iterations
gradual_ramp   [  86% ] 07/12 VUs  10m16.7s/12m00.0s

running (10m46.0s), 07/12 VUs, 21557 complete and 0 interrupted iterations
gradual_ramp   [  86% ] 07/12 VUs  10m17.7s/12m00.0s

running (10m47.0s), 07/12 VUs, 21601 complete and 0 interrupted iterations
gradual_ramp   [  86% ] 07/12 VUs  10m18.7s/12m00.0s

running (10m48.0s), 07/12 VUs, 21656 complete and 0 interrupted iterations
gradual_ramp   [  86% ] 07/12 VUs  10m19.7s/12m00.0s

running (10m49.0s), 07/12 VUs, 21669 complete and 0 interrupted iterations
gradual_ramp   [  86% ] 07/12 VUs  10m20.7s/12m00.0s

running (10m50.0s), 07/12 VUs, 21714 complete and 0 interrupted iterations
gradual_ramp   [  86% ] 07/12 VUs  10m21.7s/12m00.0s

running (10m51.0s), 07/12 VUs, 21728 complete and 0 interrupted iterations
gradual_ramp   [  86% ] 07/12 VUs  10m22.7s/12m00.0s

running (10m52.0s), 07/12 VUs, 21740 complete and 0 interrupted iterations
gradual_ramp   [  87% ] 07/12 VUs  10m23.7s/12m00.0s

running (10m53.0s), 07/12 VUs, 21763 complete and 0 interrupted iterations
gradual_ramp   [  87% ] 07/12 VUs  10m24.7s/12m00.0s

running (10m54.0s), 07/12 VUs, 21787 complete and 0 interrupted iterations
gradual_ramp   [  87% ] 07/12 VUs  10m25.7s/12m00.0s

running (10m55.0s), 07/12 VUs, 21807 complete and 0 interrupted iterations
gradual_ramp   [  87% ] 07/12 VUs  10m26.7s/12m00.0s

running (10m56.0s), 07/12 VUs, 21833 complete and 0 interrupted iterations
gradual_ramp   [  87% ] 07/12 VUs  10m27.7s/12m00.0s

running (10m57.0s), 07/12 VUs, 21901 complete and 0 interrupted iterations
gradual_ramp   [  87% ] 07/12 VUs  10m28.7s/12m00.0s

running (10m58.0s), 07/12 VUs, 21922 complete and 0 interrupted iterations
gradual_ramp   [  87% ] 07/12 VUs  10m29.7s/12m00.0s

running (10m59.0s), 06/12 VUs, 21967 complete and 0 interrupted iterations
gradual_ramp   [  88% ] 06/12 VUs  10m30.7s/12m00.0s

running (11m00.0s), 06/12 VUs, 21994 complete and 0 interrupted iterations
gradual_ramp   [  88% ] 06/12 VUs  10m31.7s/12m00.0s

running (11m01.0s), 06/12 VUs, 22063 complete and 0 interrupted iterations
gradual_ramp   [  88% ] 06/12 VUs  10m32.7s/12m00.0s

running (11m02.0s), 06/12 VUs, 22128 complete and 0 interrupted iterations
gradual_ramp   [  88% ] 06/12 VUs  10m33.7s/12m00.0s

running (11m03.0s), 06/12 VUs, 22160 complete and 0 interrupted iterations
gradual_ramp   [  88% ] 06/12 VUs  10m34.7s/12m00.0s

running (11m04.0s), 06/12 VUs, 22200 complete and 0 interrupted iterations
gradual_ramp   [  88% ] 06/12 VUs  10m35.7s/12m00.0s

running (11m05.0s), 06/12 VUs, 22233 complete and 0 interrupted iterations
gradual_ramp   [  88% ] 06/12 VUs  10m36.7s/12m00.0s

running (11m06.0s), 06/12 VUs, 22278 complete and 0 interrupted iterations
gradual_ramp   [  89% ] 06/12 VUs  10m37.7s/12m00.0s

running (11m07.0s), 06/12 VUs, 22313 complete and 0 interrupted iterations
gradual_ramp   [  89% ] 06/12 VUs  10m38.7s/12m00.0s

running (11m08.0s), 06/12 VUs, 22330 complete and 0 interrupted iterations
gradual_ramp   [  89% ] 06/12 VUs  10m39.7s/12m00.0s

running (11m09.0s), 06/12 VUs, 22330 complete and 0 interrupted iterations
gradual_ramp   [  89% ] 06/12 VUs  10m40.7s/12m00.0s

running (11m10.0s), 06/12 VUs, 22355 complete and 0 interrupted iterations
gradual_ramp   [  89% ] 06/12 VUs  10m41.7s/12m00.0s

running (11m11.0s), 06/12 VUs, 22374 complete and 0 interrupted iterations
gradual_ramp   [  89% ] 06/12 VUs  10m42.7s/12m00.0s

running (11m12.0s), 06/12 VUs, 22405 complete and 0 interrupted iterations
gradual_ramp   [  89% ] 06/12 VUs  10m43.7s/12m00.0s

running (11m13.0s), 06/12 VUs, 22423 complete and 0 interrupted iterations
gradual_ramp   [  90% ] 06/12 VUs  10m44.7s/12m00.0s

running (11m14.0s), 06/12 VUs, 22471 complete and 0 interrupted iterations
gradual_ramp   [  90% ] 06/12 VUs  10m45.7s/12m00.0s

running (11m15.0s), 05/12 VUs, 22528 complete and 0 interrupted iterations
gradual_ramp   [  90% ] 05/12 VUs  10m46.7s/12m00.0s

running (11m16.0s), 05/12 VUs, 22570 complete and 0 interrupted iterations
gradual_ramp   [  90% ] 05/12 VUs  10m47.7s/12m00.0s

running (11m17.0s), 05/12 VUs, 22575 complete and 0 interrupted iterations
gradual_ramp   [  90% ] 05/12 VUs  10m48.7s/12m00.0s

running (11m18.0s), 05/12 VUs, 22609 complete and 0 interrupted iterations
gradual_ramp   [  90% ] 05/12 VUs  10m49.7s/12m00.0s

running (11m19.0s), 05/12 VUs, 22632 complete and 0 interrupted iterations
gradual_ramp   [  90% ] 05/12 VUs  10m50.7s/12m00.0s

running (11m20.0s), 05/12 VUs, 22658 complete and 0 interrupted iterations
gradual_ramp   [  91% ] 05/12 VUs  10m51.7s/12m00.0s

running (11m21.0s), 05/12 VUs, 22703 complete and 0 interrupted iterations
gradual_ramp   [  91% ] 05/12 VUs  10m52.7s/12m00.0s

running (11m22.0s), 05/12 VUs, 22747 complete and 0 interrupted iterations
gradual_ramp   [  91% ] 05/12 VUs  10m53.8s/12m00.0s

running (11m23.0s), 05/12 VUs, 22769 complete and 0 interrupted iterations
gradual_ramp   [  91% ] 05/12 VUs  10m54.7s/12m00.0s

running (11m24.0s), 05/12 VUs, 22782 complete and 0 interrupted iterations
gradual_ramp   [  91% ] 05/12 VUs  10m55.7s/12m00.0s

running (11m25.0s), 05/12 VUs, 22801 complete and 0 interrupted iterations
gradual_ramp   [  91% ] 05/12 VUs  10m56.7s/12m00.0s

running (11m26.0s), 05/12 VUs, 22839 complete and 0 interrupted iterations
gradual_ramp   [  91% ] 05/12 VUs  10m57.7s/12m00.0s

running (11m27.0s), 05/12 VUs, 22895 complete and 0 interrupted iterations
gradual_ramp   [  91% ] 05/12 VUs  10m58.7s/12m00.0s

running (11m28.0s), 05/12 VUs, 22903 complete and 0 interrupted iterations
gradual_ramp   [  92% ] 05/12 VUs  10m59.7s/12m00.0s

running (11m29.0s), 05/12 VUs, 22941 complete and 0 interrupted iterations
gradual_ramp   [  92% ] 05/12 VUs  11m00.7s/12m00.0s

running (11m30.0s), 04/12 VUs, 22967 complete and 0 interrupted iterations
gradual_ramp   [  92% ] 04/12 VUs  11m01.7s/12m00.0s

running (11m31.0s), 04/12 VUs, 22998 complete and 0 interrupted iterations
gradual_ramp   [  92% ] 04/12 VUs  11m02.7s/12m00.0s

running (11m32.0s), 04/12 VUs, 23019 complete and 0 interrupted iterations
gradual_ramp   [  92% ] 04/12 VUs  11m03.7s/12m00.0s

running (11m33.0s), 04/12 VUs, 23068 complete and 0 interrupted iterations
gradual_ramp   [  92% ] 04/12 VUs  11m04.7s/12m00.0s

running (11m34.0s), 04/12 VUs, 23146 complete and 0 interrupted iterations
gradual_ramp   [  92% ] 04/12 VUs  11m05.7s/12m00.0s

running (11m35.0s), 04/12 VUs, 23156 complete and 0 interrupted iterations
gradual_ramp   [  93% ] 04/12 VUs  11m06.7s/12m00.0s

running (11m36.0s), 04/12 VUs, 23164 complete and 0 interrupted iterations
gradual_ramp   [  93% ] 04/12 VUs  11m07.7s/12m00.0s

running (11m37.0s), 04/12 VUs, 23218 complete and 0 interrupted iterations
gradual_ramp   [  93% ] 04/12 VUs  11m08.7s/12m00.0s

running (11m38.0s), 04/12 VUs, 23241 complete and 0 interrupted iterations
gradual_ramp   [  93% ] 04/12 VUs  11m09.7s/12m00.0s

running (11m39.0s), 04/12 VUs, 23278 complete and 0 interrupted iterations
gradual_ramp   [  93% ] 04/12 VUs  11m10.7s/12m00.0s

running (11m40.0s), 04/12 VUs, 23294 complete and 0 interrupted iterations
gradual_ramp   [  93% ] 04/12 VUs  11m11.7s/12m00.0s

running (11m41.0s), 04/12 VUs, 23336 complete and 0 interrupted iterations
gradual_ramp   [  93% ] 04/12 VUs  11m12.7s/12m00.0s

running (11m42.0s), 04/12 VUs, 23361 complete and 0 interrupted iterations
gradual_ramp   [  94% ] 04/12 VUs  11m13.7s/12m00.0s

running (11m43.0s), 04/12 VUs, 23404 complete and 0 interrupted iterations
gradual_ramp   [  94% ] 04/12 VUs  11m14.7s/12m00.0s

running (11m44.0s), 03/12 VUs, 23423 complete and 0 interrupted iterations
gradual_ramp   [  94% ] 03/12 VUs  11m15.7s/12m00.0s

running (11m45.0s), 03/12 VUs, 23471 complete and 0 interrupted iterations
gradual_ramp   [  94% ] 03/12 VUs  11m16.7s/12m00.0s

running (11m46.0s), 03/12 VUs, 23516 complete and 0 interrupted iterations
gradual_ramp   [  94% ] 03/12 VUs  11m17.7s/12m00.0s

running (11m47.0s), 03/12 VUs, 23542 complete and 0 interrupted iterations
gradual_ramp   [  94% ] 03/12 VUs  11m18.7s/12m00.0s

running (11m48.0s), 03/12 VUs, 23547 complete and 0 interrupted iterations
gradual_ramp   [  94% ] 03/12 VUs  11m19.7s/12m00.0s

running (11m49.0s), 03/12 VUs, 23591 complete and 0 interrupted iterations
gradual_ramp   [  95% ] 03/12 VUs  11m20.7s/12m00.0s

running (11m50.0s), 03/12 VUs, 23623 complete and 0 interrupted iterations
gradual_ramp   [  95% ] 03/12 VUs  11m21.8s/12m00.0s

running (11m51.0s), 03/12 VUs, 23638 complete and 0 interrupted iterations
gradual_ramp   [  95% ] 03/12 VUs  11m22.7s/12m00.0s

running (11m52.0s), 03/12 VUs, 23680 complete and 0 interrupted iterations
gradual_ramp   [  95% ] 03/12 VUs  11m23.7s/12m00.0s

running (11m53.0s), 03/12 VUs, 23704 complete and 0 interrupted iterations
gradual_ramp   [  95% ] 03/12 VUs  11m24.7s/12m00.0s

running (11m54.0s), 03/12 VUs, 23751 complete and 0 interrupted iterations
gradual_ramp   [  95% ] 03/12 VUs  11m25.7s/12m00.0s

running (11m55.0s), 03/12 VUs, 23784 complete and 0 interrupted iterations
gradual_ramp   [  95% ] 03/12 VUs  11m26.7s/12m00.0s

running (11m56.0s), 03/12 VUs, 23824 complete and 0 interrupted iterations
gradual_ramp   [  96% ] 03/12 VUs  11m27.7s/12m00.0s

running (11m57.0s), 03/12 VUs, 23864 complete and 0 interrupted iterations
gradual_ramp   [  96% ] 03/12 VUs  11m28.7s/12m00.0s

running (11m58.0s), 03/12 VUs, 23891 complete and 0 interrupted iterations
gradual_ramp   [  96% ] 03/12 VUs  11m29.7s/12m00.0s

running (11m59.0s), 02/12 VUs, 23917 complete and 0 interrupted iterations
gradual_ramp   [  96% ] 02/12 VUs  11m30.7s/12m00.0s

running (12m00.0s), 02/12 VUs, 23934 complete and 0 interrupted iterations
gradual_ramp   [  96% ] 02/12 VUs  11m31.7s/12m00.0s

running (12m01.0s), 02/12 VUs, 23954 complete and 0 interrupted iterations
gradual_ramp   [  96% ] 02/12 VUs  11m32.7s/12m00.0s

running (12m02.0s), 02/12 VUs, 24000 complete and 0 interrupted iterations
gradual_ramp   [  96% ] 02/12 VUs  11m33.7s/12m00.0s

running (12m03.0s), 02/12 VUs, 24006 complete and 0 interrupted iterations
gradual_ramp   [  96% ] 02/12 VUs  11m34.7s/12m00.0s

running (12m04.0s), 02/12 VUs, 24037 complete and 0 interrupted iterations
gradual_ramp   [  97% ] 02/12 VUs  11m35.7s/12m00.0s

running (12m05.0s), 02/12 VUs, 24048 complete and 0 interrupted iterations
gradual_ramp   [  97% ] 02/12 VUs  11m36.7s/12m00.0s

running (12m06.0s), 02/12 VUs, 24060 complete and 0 interrupted iterations
gradual_ramp   [  97% ] 02/12 VUs  11m37.7s/12m00.0s

running (12m07.0s), 02/12 VUs, 24065 complete and 0 interrupted iterations
gradual_ramp   [  97% ] 02/12 VUs  11m38.7s/12m00.0s

running (12m08.0s), 02/12 VUs, 24084 complete and 0 interrupted iterations
gradual_ramp   [  97% ] 02/12 VUs  11m39.7s/12m00.0s

running (12m09.0s), 02/12 VUs, 24112 complete and 0 interrupted iterations
gradual_ramp   [  97% ] 02/12 VUs  11m40.7s/12m00.0s

running (12m10.0s), 02/12 VUs, 24126 complete and 0 interrupted iterations
gradual_ramp   [  97% ] 02/12 VUs  11m41.7s/12m00.0s

running (12m11.0s), 02/12 VUs, 24132 complete and 0 interrupted iterations
gradual_ramp   [  98% ] 02/12 VUs  11m42.7s/12m00.0s

running (12m12.0s), 02/12 VUs, 24139 complete and 0 interrupted iterations
gradual_ramp   [  98% ] 02/12 VUs  11m43.7s/12m00.0s

running (12m13.0s), 02/12 VUs, 24153 complete and 0 interrupted iterations
gradual_ramp   [  98% ] 02/12 VUs  11m44.7s/12m00.0s

running (12m14.0s), 02/12 VUs, 24166 complete and 0 interrupted iterations
gradual_ramp   [  98% ] 02/12 VUs  11m45.7s/12m00.0s

running (12m15.0s), 01/12 VUs, 24193 complete and 0 interrupted iterations
gradual_ramp   [  98% ] 01/12 VUs  11m46.7s/12m00.0s

running (12m16.0s), 01/12 VUs, 24195 complete and 0 interrupted iterations
gradual_ramp   [  98% ] 01/12 VUs  11m47.7s/12m00.0s

running (12m17.0s), 01/12 VUs, 24207 complete and 0 interrupted iterations
gradual_ramp   [  98% ] 01/12 VUs  11m48.7s/12m00.0s

running (12m18.0s), 01/12 VUs, 24214 complete and 0 interrupted iterations
gradual_ramp   [  99% ] 01/12 VUs  11m49.7s/12m00.0s

running (12m19.0s), 01/12 VUs, 24223 complete and 0 interrupted iterations
gradual_ramp   [  99% ] 01/12 VUs  11m50.7s/12m00.0s

running (12m20.0s), 01/12 VUs, 24232 complete and 0 interrupted iterations
gradual_ramp   [  99% ] 01/12 VUs  11m51.7s/12m00.0s

running (12m21.0s), 01/12 VUs, 24249 complete and 0 interrupted iterations
gradual_ramp   [  99% ] 01/12 VUs  11m52.7s/12m00.0s

running (12m22.0s), 01/12 VUs, 24265 complete and 0 interrupted iterations
gradual_ramp   [  99% ] 01/12 VUs  11m53.7s/12m00.0s

running (12m23.0s), 01/12 VUs, 24268 complete and 0 interrupted iterations
gradual_ramp   [  99% ] 01/12 VUs  11m54.7s/12m00.0s

running (12m24.0s), 01/12 VUs, 24279 complete and 0 interrupted iterations
gradual_ramp   [  99% ] 01/12 VUs  11m55.7s/12m00.0s

running (12m25.0s), 01/12 VUs, 24298 complete and 0 interrupted iterations
gradual_ramp   [ 100% ] 01/12 VUs  11m56.7s/12m00.0s

running (12m26.0s), 01/12 VUs, 24305 complete and 0 interrupted iterations
gradual_ramp   [ 100% ] 01/12 VUs  11m57.7s/12m00.0s

running (12m27.0s), 01/12 VUs, 24329 complete and 0 interrupted iterations
gradual_ramp   [ 100% ] 01/12 VUs  11m58.7s/12m00.0s

running (12m28.0s), 01/12 VUs, 24352 complete and 0 interrupted iterations
gradual_ramp   [ 100% ] 01/12 VUs  11m59.7s/12m00.0s


  █ THRESHOLDS 

    http_req_duration
    ✓ 'p(95)<2000' p(95)=1.13s

    http_req_failed
    ✓ 'rate<0.05' rate=0.00%


  █ TOTAL RESULTS 

    checks_total.......: 73059  97.638449/s
    checks_succeeded...: 97.98% 71589 out of 73059
    checks_failed......: 2.01%  1470 out of 73059

    ✓ me status is 200
    ✓ me returns user data
    ✗ me response time < 500ms
      ↳  99% — ✓ 16970 / ✗ 16
    ✓ login status is 200
    ✓ login returns access token
    ✗ login response time < 1000ms
      ↳  80% — ✓ 5913 / ✗ 1454

    HTTP
    http_req_duration..............: avg=185.86ms min=2.21ms med=12.61ms max=5.94s p(90)=534.66ms p(95)=1.13s
      { expected_response:true }...: avg=185.86ms min=2.21ms med=12.61ms max=5.94s p(90)=534.66ms p(95)=1.13s
    http_req_failed................: 0.00% 0 out of 24473
    http_reqs......................: 24473 32.706522/s

    EXECUTION
    iteration_duration.............: avg=186.38ms min=2.67ms med=13.26ms max=5.94s p(90)=533.88ms p(95)=1.14s
    iterations.....................: 24353 32.54615/s
    vus............................: 1     min=0          max=12
    vus_max........................: 12    min=12         max=12

    NETWORK
    data_received..................: 13 MB 17 kB/s
    data_sent......................: 12 MB 16 kB/s




running (12m28.3s), 00/12 VUs, 24353 complete and 0 interrupted iterations
gradual_ramp ✓ [ 100% ] 00/12 VUs  12m0s
