
         /\      Grafana   /‾‾/  
    /\  /  \     |\  __   /  /   
   /  \/    \    | |/ /  /   ‾‾\ 
  /          \   |   (  |  (‾)  |
 / __________ \  |_|\_\  \_____/ 


     execution: local
        script: /scripts/load-test.js
        output: json (/results/results.json)

     scenarios: (100.00%) 1 scenario, 12 max VUs, 12m30s max duration (incl. graceful stop):
              * sudden_spike: Up to 12 looping VUs for 12m0s over 5 stages (gracefulRampDown: 30s, gracefulStop: 30s)

time="2026-08-17T05:05:24Z" level=info msg="Seeding and pre-authenticating 120 users..." source=console

Run            [ 100% ] setup()
sudden_spike   [   0% ]

Run            [ 100% ] setup()
sudden_spike   [   0% ]

Run            [ 100% ] setup()
sudden_spike   [   0% ]

Run            [ 100% ] setup()
sudden_spike   [   0% ]

Run            [ 100% ] setup()
sudden_spike   [   0% ]

Run            [ 100% ] setup()
sudden_spike   [   0% ]

Run            [ 100% ] setup()
sudden_spike   [   0% ]

Run            [ 100% ] setup()
sudden_spike   [   0% ]

Run            [ 100% ] setup()
sudden_spike   [   0% ]

Run            [ 100% ] setup()
sudden_spike   [   0% ]

Run            [ 100% ] setup()
sudden_spike   [   0% ]

Run            [ 100% ] setup()
sudden_spike   [   0% ]

Run            [ 100% ] setup()
sudden_spike   [   0% ]

Run            [ 100% ] setup()
sudden_spike   [   0% ]

Run            [ 100% ] setup()
sudden_spike   [   0% ]

Run            [ 100% ] setup()
sudden_spike   [   0% ]

Run            [ 100% ] setup()
sudden_spike   [   0% ]

Run            [ 100% ] setup()
sudden_spike   [   0% ]

Run            [ 100% ] setup()
sudden_spike   [   0% ]

Run            [ 100% ] setup()
sudden_spike   [   0% ]

Run            [ 100% ] setup()
sudden_spike   [   0% ]

Run            [ 100% ] setup()
sudden_spike   [   0% ]

Run            [ 100% ] setup()
sudden_spike   [   0% ]

Run            [ 100% ] setup()
sudden_spike   [   0% ]

Run            [ 100% ] setup()
sudden_spike   [   0% ]

Run            [ 100% ] setup()
sudden_spike   [   0% ]

Run            [ 100% ] setup()
sudden_spike   [   0% ]

Run            [ 100% ] setup()
sudden_spike   [   0% ]
time="2026-08-17T05:05:52Z" level=info msg="Pre-auth complete: 120/120 tokens obtained" source=console

running (00m29.0s), 01/12 VUs, 2 complete and 0 interrupted iterations
sudden_spike   [   0% ] 01/12 VUs  00m00.8s/12m00.0s

running (00m30.0s), 01/12 VUs, 20 complete and 0 interrupted iterations
sudden_spike   [   0% ] 01/12 VUs  00m01.8s/12m00.0s

running (00m31.0s), 01/12 VUs, 81 complete and 0 interrupted iterations
sudden_spike   [   0% ] 01/12 VUs  00m02.8s/12m00.0s

running (00m32.0s), 01/12 VUs, 85 complete and 0 interrupted iterations
sudden_spike   [   1% ] 01/12 VUs  00m03.8s/12m00.0s

running (00m33.0s), 01/12 VUs, 112 complete and 0 interrupted iterations
sudden_spike   [   1% ] 01/12 VUs  00m04.8s/12m00.0s

running (00m34.0s), 01/12 VUs, 133 complete and 0 interrupted iterations
sudden_spike   [   1% ] 01/12 VUs  00m05.8s/12m00.0s

running (00m35.0s), 01/12 VUs, 160 complete and 0 interrupted iterations
sudden_spike   [   1% ] 01/12 VUs  00m06.8s/12m00.0s

running (00m36.0s), 01/12 VUs, 165 complete and 0 interrupted iterations
sudden_spike   [   1% ] 01/12 VUs  00m07.8s/12m00.0s

running (00m37.0s), 01/12 VUs, 177 complete and 0 interrupted iterations
sudden_spike   [   1% ] 01/12 VUs  00m08.8s/12m00.0s

running (00m38.0s), 01/12 VUs, 189 complete and 0 interrupted iterations
sudden_spike   [   1% ] 01/12 VUs  00m09.8s/12m00.0s

running (00m39.0s), 01/12 VUs, 197 complete and 0 interrupted iterations
sudden_spike   [   2% ] 01/12 VUs  00m10.8s/12m00.0s

running (00m40.0s), 01/12 VUs, 202 complete and 0 interrupted iterations
sudden_spike   [   2% ] 01/12 VUs  00m11.8s/12m00.0s

running (00m41.0s), 01/12 VUs, 215 complete and 0 interrupted iterations
sudden_spike   [   2% ] 01/12 VUs  00m12.8s/12m00.0s

running (00m42.0s), 01/12 VUs, 224 complete and 0 interrupted iterations
sudden_spike   [   2% ] 01/12 VUs  00m13.8s/12m00.0s

running (00m43.0s), 01/12 VUs, 235 complete and 0 interrupted iterations
sudden_spike   [   2% ] 01/12 VUs  00m14.8s/12m00.0s

running (00m44.0s), 01/12 VUs, 239 complete and 0 interrupted iterations
sudden_spike   [   2% ] 01/12 VUs  00m15.8s/12m00.0s

running (00m45.0s), 01/12 VUs, 257 complete and 0 interrupted iterations
sudden_spike   [   2% ] 01/12 VUs  00m16.8s/12m00.0s

running (00m46.0s), 01/12 VUs, 268 complete and 0 interrupted iterations
sudden_spike   [   2% ] 01/12 VUs  00m17.8s/12m00.0s

running (00m47.0s), 01/12 VUs, 286 complete and 0 interrupted iterations
sudden_spike   [   3% ] 01/12 VUs  00m18.8s/12m00.0s

running (00m48.0s), 01/12 VUs, 293 complete and 0 interrupted iterations
sudden_spike   [   3% ] 01/12 VUs  00m19.8s/12m00.0s

running (00m49.0s), 01/12 VUs, 295 complete and 0 interrupted iterations
sudden_spike   [   3% ] 01/12 VUs  00m20.8s/12m00.0s

running (00m50.0s), 01/12 VUs, 312 complete and 0 interrupted iterations
sudden_spike   [   3% ] 01/12 VUs  00m21.8s/12m00.0s

running (00m51.0s), 01/12 VUs, 326 complete and 0 interrupted iterations
sudden_spike   [   3% ] 01/12 VUs  00m22.8s/12m00.0s

running (00m52.0s), 01/12 VUs, 336 complete and 0 interrupted iterations
sudden_spike   [   3% ] 01/12 VUs  00m23.8s/12m00.0s

running (00m53.0s), 01/12 VUs, 352 complete and 0 interrupted iterations
sudden_spike   [   3% ] 01/12 VUs  00m24.8s/12m00.0s

running (00m54.0s), 01/12 VUs, 379 complete and 0 interrupted iterations
sudden_spike   [   4% ] 01/12 VUs  00m25.8s/12m00.0s

running (00m55.0s), 01/12 VUs, 388 complete and 0 interrupted iterations
sudden_spike   [   4% ] 01/12 VUs  00m26.8s/12m00.0s

running (00m56.0s), 01/12 VUs, 394 complete and 0 interrupted iterations
sudden_spike   [   4% ] 01/12 VUs  00m27.8s/12m00.0s

running (00m57.0s), 01/12 VUs, 400 complete and 0 interrupted iterations
sudden_spike   [   4% ] 01/12 VUs  00m28.8s/12m00.0s

running (00m58.0s), 01/12 VUs, 425 complete and 0 interrupted iterations
sudden_spike   [   4% ] 01/12 VUs  00m29.8s/12m00.0s

running (00m59.0s), 01/12 VUs, 436 complete and 0 interrupted iterations
sudden_spike   [   4% ] 01/12 VUs  00m30.8s/12m00.0s

running (01m00.0s), 01/12 VUs, 446 complete and 0 interrupted iterations
sudden_spike   [   4% ] 01/12 VUs  00m31.8s/12m00.0s

running (01m01.0s), 01/12 VUs, 456 complete and 0 interrupted iterations
sudden_spike   [   5% ] 01/12 VUs  00m32.8s/12m00.0s

running (01m02.0s), 01/12 VUs, 460 complete and 0 interrupted iterations
sudden_spike   [   5% ] 01/12 VUs  00m33.8s/12m00.0s

running (01m03.0s), 01/12 VUs, 488 complete and 0 interrupted iterations
sudden_spike   [   5% ] 01/12 VUs  00m34.8s/12m00.0s

running (01m04.0s), 01/12 VUs, 502 complete and 0 interrupted iterations
sudden_spike   [   5% ] 01/12 VUs  00m35.8s/12m00.0s

running (01m05.0s), 01/12 VUs, 512 complete and 0 interrupted iterations
sudden_spike   [   5% ] 01/12 VUs  00m36.8s/12m00.0s

running (01m06.0s), 01/12 VUs, 539 complete and 0 interrupted iterations
sudden_spike   [   5% ] 01/12 VUs  00m37.8s/12m00.0s

running (01m07.0s), 01/12 VUs, 555 complete and 0 interrupted iterations
sudden_spike   [   5% ] 01/12 VUs  00m38.8s/12m00.0s

running (01m08.0s), 01/12 VUs, 556 complete and 0 interrupted iterations
sudden_spike   [   6% ] 01/12 VUs  00m39.8s/12m00.0s

running (01m09.0s), 01/12 VUs, 578 complete and 0 interrupted iterations
sudden_spike   [   6% ] 01/12 VUs  00m40.8s/12m00.0s

running (01m10.0s), 01/12 VUs, 588 complete and 0 interrupted iterations
sudden_spike   [   6% ] 01/12 VUs  00m41.8s/12m00.0s

running (01m11.0s), 01/12 VUs, 616 complete and 0 interrupted iterations
sudden_spike   [   6% ] 01/12 VUs  00m42.8s/12m00.0s

running (01m12.0s), 01/12 VUs, 629 complete and 0 interrupted iterations
sudden_spike   [   6% ] 01/12 VUs  00m43.8s/12m00.0s

running (01m13.0s), 01/12 VUs, 642 complete and 0 interrupted iterations
sudden_spike   [   6% ] 01/12 VUs  00m44.8s/12m00.0s

running (01m14.0s), 01/12 VUs, 654 complete and 0 interrupted iterations
sudden_spike   [   6% ] 01/12 VUs  00m45.8s/12m00.0s

running (01m15.0s), 01/12 VUs, 665 complete and 0 interrupted iterations
sudden_spike   [   7% ] 01/12 VUs  00m46.8s/12m00.0s

running (01m16.0s), 01/12 VUs, 680 complete and 0 interrupted iterations
sudden_spike   [   7% ] 01/12 VUs  00m47.8s/12m00.0s

running (01m17.0s), 01/12 VUs, 704 complete and 0 interrupted iterations
sudden_spike   [   7% ] 01/12 VUs  00m48.8s/12m00.0s

running (01m18.0s), 01/12 VUs, 721 complete and 0 interrupted iterations
sudden_spike   [   7% ] 01/12 VUs  00m49.8s/12m00.0s

running (01m19.0s), 01/12 VUs, 731 complete and 0 interrupted iterations
sudden_spike   [   7% ] 01/12 VUs  00m50.8s/12m00.0s

running (01m20.0s), 01/12 VUs, 743 complete and 0 interrupted iterations
sudden_spike   [   7% ] 01/12 VUs  00m51.8s/12m00.0s

running (01m21.0s), 01/12 VUs, 760 complete and 0 interrupted iterations
sudden_spike   [   7% ] 01/12 VUs  00m52.8s/12m00.0s

running (01m22.0s), 01/12 VUs, 776 complete and 0 interrupted iterations
sudden_spike   [   7% ] 01/12 VUs  00m53.8s/12m00.0s

running (01m23.0s), 01/12 VUs, 786 complete and 0 interrupted iterations
sudden_spike   [   8% ] 01/12 VUs  00m54.8s/12m00.0s

running (01m24.0s), 01/12 VUs, 812 complete and 0 interrupted iterations
sudden_spike   [   8% ] 01/12 VUs  00m55.8s/12m00.0s

running (01m25.0s), 01/12 VUs, 818 complete and 0 interrupted iterations
sudden_spike   [   8% ] 01/12 VUs  00m56.8s/12m00.0s

running (01m26.0s), 01/12 VUs, 826 complete and 0 interrupted iterations
sudden_spike   [   8% ] 01/12 VUs  00m57.8s/12m00.0s

running (01m27.0s), 01/12 VUs, 832 complete and 0 interrupted iterations
sudden_spike   [   8% ] 01/12 VUs  00m58.8s/12m00.0s

running (01m28.0s), 01/12 VUs, 858 complete and 0 interrupted iterations
sudden_spike   [   8% ] 01/12 VUs  00m59.8s/12m00.0s

running (01m29.0s), 01/12 VUs, 868 complete and 0 interrupted iterations
sudden_spike   [   8% ] 01/12 VUs  01m00.8s/12m00.0s

running (01m30.0s), 01/12 VUs, 873 complete and 0 interrupted iterations
sudden_spike   [   9% ] 01/12 VUs  01m01.8s/12m00.0s

running (01m31.0s), 01/12 VUs, 878 complete and 0 interrupted iterations
sudden_spike   [   9% ] 01/12 VUs  01m02.8s/12m00.0s

running (01m32.0s), 01/12 VUs, 884 complete and 0 interrupted iterations
sudden_spike   [   9% ] 01/12 VUs  01m03.8s/12m00.0s

running (01m33.0s), 01/12 VUs, 896 complete and 0 interrupted iterations
sudden_spike   [   9% ] 01/12 VUs  01m04.8s/12m00.0s

running (01m34.0s), 01/12 VUs, 911 complete and 0 interrupted iterations
sudden_spike   [   9% ] 01/12 VUs  01m05.8s/12m00.0s

running (01m35.0s), 01/12 VUs, 923 complete and 0 interrupted iterations
sudden_spike   [   9% ] 01/12 VUs  01m06.8s/12m00.0s

running (01m36.0s), 01/12 VUs, 933 complete and 0 interrupted iterations
sudden_spike   [   9% ] 01/12 VUs  01m07.8s/12m00.0s

running (01m37.0s), 01/12 VUs, 935 complete and 0 interrupted iterations
sudden_spike   [  10% ] 01/12 VUs  01m08.8s/12m00.0s

running (01m38.0s), 01/12 VUs, 958 complete and 0 interrupted iterations
sudden_spike   [  10% ] 01/12 VUs  01m09.8s/12m00.0s

running (01m39.0s), 01/12 VUs, 967 complete and 0 interrupted iterations
sudden_spike   [  10% ] 01/12 VUs  01m10.8s/12m00.0s

running (01m40.0s), 01/12 VUs, 975 complete and 0 interrupted iterations
sudden_spike   [  10% ] 01/12 VUs  01m11.8s/12m00.0s

running (01m41.0s), 01/12 VUs, 1036 complete and 0 interrupted iterations
sudden_spike   [  10% ] 01/12 VUs  01m12.8s/12m00.0s

running (01m42.0s), 01/12 VUs, 1040 complete and 0 interrupted iterations
sudden_spike   [  10% ] 01/12 VUs  01m13.8s/12m00.0s

running (01m43.0s), 01/12 VUs, 1050 complete and 0 interrupted iterations
sudden_spike   [  10% ] 01/12 VUs  01m14.8s/12m00.0s

running (01m44.0s), 01/12 VUs, 1084 complete and 0 interrupted iterations
sudden_spike   [  11% ] 01/12 VUs  01m15.8s/12m00.0s

running (01m45.0s), 01/12 VUs, 1089 complete and 0 interrupted iterations
sudden_spike   [  11% ] 01/12 VUs  01m16.8s/12m00.0s

running (01m46.0s), 01/12 VUs, 1110 complete and 0 interrupted iterations
sudden_spike   [  11% ] 01/12 VUs  01m17.8s/12m00.0s

running (01m47.0s), 01/12 VUs, 1121 complete and 0 interrupted iterations
sudden_spike   [  11% ] 01/12 VUs  01m18.8s/12m00.0s

running (01m48.0s), 01/12 VUs, 1129 complete and 0 interrupted iterations
sudden_spike   [  11% ] 01/12 VUs  01m19.8s/12m00.0s

running (01m49.0s), 01/12 VUs, 1152 complete and 0 interrupted iterations
sudden_spike   [  11% ] 01/12 VUs  01m20.8s/12m00.0s

running (01m50.0s), 01/12 VUs, 1161 complete and 0 interrupted iterations
sudden_spike   [  11% ] 01/12 VUs  01m21.8s/12m00.0s

running (01m51.0s), 01/12 VUs, 1171 complete and 0 interrupted iterations
sudden_spike   [  12% ] 01/12 VUs  01m22.8s/12m00.0s

running (01m52.0s), 01/12 VUs, 1175 complete and 0 interrupted iterations
sudden_spike   [  12% ] 01/12 VUs  01m23.8s/12m00.0s

running (01m53.0s), 01/12 VUs, 1181 complete and 0 interrupted iterations
sudden_spike   [  12% ] 01/12 VUs  01m24.8s/12m00.0s

running (01m54.0s), 01/12 VUs, 1183 complete and 0 interrupted iterations
sudden_spike   [  12% ] 01/12 VUs  01m25.8s/12m00.0s

running (01m55.0s), 01/12 VUs, 1209 complete and 0 interrupted iterations
sudden_spike   [  12% ] 01/12 VUs  01m26.8s/12m00.0s

running (01m56.0s), 01/12 VUs, 1224 complete and 0 interrupted iterations
sudden_spike   [  12% ] 01/12 VUs  01m27.8s/12m00.0s

running (01m57.0s), 01/12 VUs, 1233 complete and 0 interrupted iterations
sudden_spike   [  12% ] 01/12 VUs  01m28.8s/12m00.0s

running (01m58.0s), 01/12 VUs, 1240 complete and 0 interrupted iterations
sudden_spike   [  12% ] 01/12 VUs  01m29.8s/12m00.0s

running (01m59.0s), 01/12 VUs, 1257 complete and 0 interrupted iterations
sudden_spike   [  13% ] 01/12 VUs  01m30.8s/12m00.0s

running (02m00.0s), 01/12 VUs, 1265 complete and 0 interrupted iterations
sudden_spike   [  13% ] 01/12 VUs  01m31.8s/12m00.0s

running (02m01.0s), 01/12 VUs, 1271 complete and 0 interrupted iterations
sudden_spike   [  13% ] 01/12 VUs  01m32.8s/12m00.0s

running (02m02.0s), 01/12 VUs, 1302 complete and 0 interrupted iterations
sudden_spike   [  13% ] 01/12 VUs  01m33.8s/12m00.0s

running (02m03.0s), 01/12 VUs, 1315 complete and 0 interrupted iterations
sudden_spike   [  13% ] 01/12 VUs  01m34.8s/12m00.0s

running (02m04.0s), 01/12 VUs, 1323 complete and 0 interrupted iterations
sudden_spike   [  13% ] 01/12 VUs  01m35.8s/12m00.0s

running (02m05.0s), 01/12 VUs, 1337 complete and 0 interrupted iterations
sudden_spike   [  13% ] 01/12 VUs  01m36.8s/12m00.0s

running (02m06.0s), 01/12 VUs, 1347 complete and 0 interrupted iterations
sudden_spike   [  14% ] 01/12 VUs  01m37.8s/12m00.0s

running (02m07.0s), 01/12 VUs, 1357 complete and 0 interrupted iterations
sudden_spike   [  14% ] 01/12 VUs  01m38.8s/12m00.0s

running (02m08.0s), 01/12 VUs, 1379 complete and 0 interrupted iterations
sudden_spike   [  14% ] 01/12 VUs  01m39.8s/12m00.0s

running (02m09.0s), 01/12 VUs, 1394 complete and 0 interrupted iterations
sudden_spike   [  14% ] 01/12 VUs  01m40.8s/12m00.0s

running (02m10.0s), 01/12 VUs, 1406 complete and 0 interrupted iterations
sudden_spike   [  14% ] 01/12 VUs  01m41.8s/12m00.0s

running (02m11.0s), 01/12 VUs, 1418 complete and 0 interrupted iterations
sudden_spike   [  14% ] 01/12 VUs  01m42.8s/12m00.0s

running (02m12.0s), 01/12 VUs, 1427 complete and 0 interrupted iterations
sudden_spike   [  14% ] 01/12 VUs  01m43.8s/12m00.0s

running (02m13.0s), 01/12 VUs, 1435 complete and 0 interrupted iterations
sudden_spike   [  15% ] 01/12 VUs  01m44.8s/12m00.0s

running (02m14.0s), 01/12 VUs, 1447 complete and 0 interrupted iterations
sudden_spike   [  15% ] 01/12 VUs  01m45.8s/12m00.0s

running (02m15.0s), 01/12 VUs, 1452 complete and 0 interrupted iterations
sudden_spike   [  15% ] 01/12 VUs  01m46.8s/12m00.0s

running (02m16.0s), 01/12 VUs, 1473 complete and 0 interrupted iterations
sudden_spike   [  15% ] 01/12 VUs  01m47.8s/12m00.0s

running (02m17.0s), 01/12 VUs, 1485 complete and 0 interrupted iterations
sudden_spike   [  15% ] 01/12 VUs  01m48.8s/12m00.0s

running (02m18.0s), 01/12 VUs, 1496 complete and 0 interrupted iterations
sudden_spike   [  15% ] 01/12 VUs  01m49.8s/12m00.0s

running (02m19.0s), 01/12 VUs, 1508 complete and 0 interrupted iterations
sudden_spike   [  15% ] 01/12 VUs  01m50.8s/12m00.0s

running (02m20.0s), 01/12 VUs, 1517 complete and 0 interrupted iterations
sudden_spike   [  16% ] 01/12 VUs  01m51.8s/12m00.0s

running (02m21.0s), 01/12 VUs, 1557 complete and 0 interrupted iterations
sudden_spike   [  16% ] 01/12 VUs  01m52.8s/12m00.0s

running (02m22.0s), 01/12 VUs, 1563 complete and 0 interrupted iterations
sudden_spike   [  16% ] 01/12 VUs  01m53.8s/12m00.0s

running (02m23.0s), 01/12 VUs, 1600 complete and 0 interrupted iterations
sudden_spike   [  16% ] 01/12 VUs  01m54.8s/12m00.0s

running (02m24.0s), 01/12 VUs, 1617 complete and 0 interrupted iterations
sudden_spike   [  16% ] 01/12 VUs  01m55.8s/12m00.0s

running (02m25.0s), 01/12 VUs, 1632 complete and 0 interrupted iterations
sudden_spike   [  16% ] 01/12 VUs  01m56.8s/12m00.0s

running (02m26.0s), 01/12 VUs, 1635 complete and 0 interrupted iterations
sudden_spike   [  16% ] 01/12 VUs  01m57.8s/12m00.0s

running (02m27.0s), 01/12 VUs, 1646 complete and 0 interrupted iterations
sudden_spike   [  17% ] 01/12 VUs  01m58.8s/12m00.0s

running (02m28.0s), 01/12 VUs, 1672 complete and 0 interrupted iterations
sudden_spike   [  17% ] 01/12 VUs  01m59.8s/12m00.0s

running (02m29.0s), 01/12 VUs, 1677 complete and 0 interrupted iterations
sudden_spike   [  17% ] 01/12 VUs  02m00.8s/12m00.0s

running (02m30.0s), 02/12 VUs, 1694 complete and 0 interrupted iterations
sudden_spike   [  17% ] 02/12 VUs  02m01.8s/12m00.0s

running (02m31.0s), 04/12 VUs, 1735 complete and 0 interrupted iterations
sudden_spike   [  17% ] 04/12 VUs  02m02.8s/12m00.0s

running (02m32.0s), 05/12 VUs, 1789 complete and 0 interrupted iterations
sudden_spike   [  17% ] 05/12 VUs  02m03.8s/12m00.0s

running (02m33.0s), 06/12 VUs, 1799 complete and 0 interrupted iterations
sudden_spike   [  17% ] 06/12 VUs  02m04.8s/12m00.0s

running (02m34.0s), 07/12 VUs, 1825 complete and 0 interrupted iterations
sudden_spike   [  17% ] 07/12 VUs  02m05.8s/12m00.0s

running (02m35.0s), 08/12 VUs, 1843 complete and 0 interrupted iterations
sudden_spike   [  18% ] 08/12 VUs  02m06.8s/12m00.0s

running (02m36.0s), 09/12 VUs, 1881 complete and 0 interrupted iterations
sudden_spike   [  18% ] 09/12 VUs  02m07.8s/12m00.0s

running (02m37.0s), 10/12 VUs, 1924 complete and 0 interrupted iterations
sudden_spike   [  18% ] 10/12 VUs  02m08.8s/12m00.0s

running (02m38.0s), 11/12 VUs, 1963 complete and 0 interrupted iterations
sudden_spike   [  18% ] 11/12 VUs  02m09.8s/12m00.0s

running (02m39.0s), 12/12 VUs, 2013 complete and 0 interrupted iterations
sudden_spike   [  18% ] 12/12 VUs  02m10.8s/12m00.0s

running (02m40.0s), 12/12 VUs, 2035 complete and 0 interrupted iterations
sudden_spike   [  18% ] 12/12 VUs  02m11.8s/12m00.0s

running (02m41.0s), 12/12 VUs, 2086 complete and 0 interrupted iterations
sudden_spike   [  18% ] 12/12 VUs  02m12.8s/12m00.0s

running (02m42.0s), 12/12 VUs, 2121 complete and 0 interrupted iterations
sudden_spike   [  19% ] 12/12 VUs  02m13.8s/12m00.0s

running (02m43.0s), 12/12 VUs, 2179 complete and 0 interrupted iterations
sudden_spike   [  19% ] 12/12 VUs  02m14.8s/12m00.0s

running (02m44.0s), 12/12 VUs, 2218 complete and 0 interrupted iterations
sudden_spike   [  19% ] 12/12 VUs  02m15.8s/12m00.0s

running (02m45.0s), 12/12 VUs, 2247 complete and 0 interrupted iterations
sudden_spike   [  19% ] 12/12 VUs  02m16.8s/12m00.0s

running (02m46.0s), 12/12 VUs, 2267 complete and 0 interrupted iterations
sudden_spike   [  19% ] 12/12 VUs  02m17.8s/12m00.0s

running (02m47.0s), 12/12 VUs, 2305 complete and 0 interrupted iterations
sudden_spike   [  19% ] 12/12 VUs  02m18.8s/12m00.0s

running (02m48.0s), 12/12 VUs, 2345 complete and 0 interrupted iterations
sudden_spike   [  19% ] 12/12 VUs  02m19.8s/12m00.0s

running (02m49.0s), 12/12 VUs, 2384 complete and 0 interrupted iterations
sudden_spike   [  20% ] 12/12 VUs  02m20.8s/12m00.0s

running (02m50.0s), 12/12 VUs, 2396 complete and 0 interrupted iterations
sudden_spike   [  20% ] 12/12 VUs  02m21.8s/12m00.0s

running (02m51.0s), 12/12 VUs, 2435 complete and 0 interrupted iterations
sudden_spike   [  20% ] 12/12 VUs  02m22.8s/12m00.0s

running (02m52.0s), 12/12 VUs, 2459 complete and 0 interrupted iterations
sudden_spike   [  20% ] 12/12 VUs  02m23.8s/12m00.0s

running (02m53.0s), 12/12 VUs, 2503 complete and 0 interrupted iterations
sudden_spike   [  20% ] 12/12 VUs  02m24.8s/12m00.0s

running (02m54.0s), 12/12 VUs, 2511 complete and 0 interrupted iterations
sudden_spike   [  20% ] 12/12 VUs  02m25.8s/12m00.0s

running (02m55.0s), 12/12 VUs, 2533 complete and 0 interrupted iterations
sudden_spike   [  20% ] 12/12 VUs  02m26.8s/12m00.0s

running (02m56.0s), 12/12 VUs, 2561 complete and 0 interrupted iterations
sudden_spike   [  21% ] 12/12 VUs  02m27.8s/12m00.0s

running (02m57.0s), 12/12 VUs, 2585 complete and 0 interrupted iterations
sudden_spike   [  21% ] 12/12 VUs  02m28.8s/12m00.0s

running (02m58.0s), 12/12 VUs, 2627 complete and 0 interrupted iterations
sudden_spike   [  21% ] 12/12 VUs  02m29.8s/12m00.0s

running (02m59.0s), 12/12 VUs, 2661 complete and 0 interrupted iterations
sudden_spike   [  21% ] 12/12 VUs  02m30.8s/12m00.0s

running (03m00.0s), 12/12 VUs, 2701 complete and 0 interrupted iterations
sudden_spike   [  21% ] 12/12 VUs  02m31.8s/12m00.0s

running (03m01.0s), 12/12 VUs, 2751 complete and 0 interrupted iterations
sudden_spike   [  21% ] 12/12 VUs  02m32.8s/12m00.0s

running (03m02.0s), 12/12 VUs, 2798 complete and 0 interrupted iterations
sudden_spike   [  21% ] 12/12 VUs  02m33.8s/12m00.0s

running (03m03.0s), 12/12 VUs, 2819 complete and 0 interrupted iterations
sudden_spike   [  22% ] 12/12 VUs  02m34.8s/12m00.0s

running (03m04.0s), 12/12 VUs, 2831 complete and 0 interrupted iterations
sudden_spike   [  22% ] 12/12 VUs  02m35.8s/12m00.0s

running (03m05.0s), 12/12 VUs, 2857 complete and 0 interrupted iterations
sudden_spike   [  22% ] 12/12 VUs  02m36.8s/12m00.0s

running (03m06.0s), 12/12 VUs, 2896 complete and 0 interrupted iterations
sudden_spike   [  22% ] 12/12 VUs  02m37.8s/12m00.0s

running (03m07.0s), 12/12 VUs, 2920 complete and 0 interrupted iterations
sudden_spike   [  22% ] 12/12 VUs  02m38.8s/12m00.0s

running (03m08.0s), 12/12 VUs, 2933 complete and 0 interrupted iterations
sudden_spike   [  22% ] 12/12 VUs  02m39.8s/12m00.0s

running (03m09.0s), 12/12 VUs, 2984 complete and 0 interrupted iterations
sudden_spike   [  22% ] 12/12 VUs  02m40.8s/12m00.0s

running (03m10.0s), 12/12 VUs, 3053 complete and 0 interrupted iterations
sudden_spike   [  22% ] 12/12 VUs  02m41.8s/12m00.0s

running (03m11.0s), 12/12 VUs, 3139 complete and 0 interrupted iterations
sudden_spike   [  23% ] 12/12 VUs  02m42.8s/12m00.0s

running (03m12.0s), 12/12 VUs, 3197 complete and 0 interrupted iterations
sudden_spike   [  23% ] 12/12 VUs  02m43.8s/12m00.0s

running (03m13.0s), 12/12 VUs, 3232 complete and 0 interrupted iterations
sudden_spike   [  23% ] 12/12 VUs  02m44.8s/12m00.0s

running (03m14.0s), 12/12 VUs, 3255 complete and 0 interrupted iterations
sudden_spike   [  23% ] 12/12 VUs  02m45.8s/12m00.0s

running (03m15.0s), 12/12 VUs, 3285 complete and 0 interrupted iterations
sudden_spike   [  23% ] 12/12 VUs  02m46.8s/12m00.0s

running (03m16.0s), 12/12 VUs, 3321 complete and 0 interrupted iterations
sudden_spike   [  23% ] 12/12 VUs  02m47.8s/12m00.0s

running (03m17.0s), 12/12 VUs, 3348 complete and 0 interrupted iterations
sudden_spike   [  23% ] 12/12 VUs  02m48.8s/12m00.0s

running (03m18.0s), 12/12 VUs, 3376 complete and 0 interrupted iterations
sudden_spike   [  24% ] 12/12 VUs  02m49.8s/12m00.0s

running (03m19.0s), 12/12 VUs, 3417 complete and 0 interrupted iterations
sudden_spike   [  24% ] 12/12 VUs  02m50.8s/12m00.0s

running (03m20.0s), 12/12 VUs, 3460 complete and 0 interrupted iterations
sudden_spike   [  24% ] 12/12 VUs  02m51.8s/12m00.0s

running (03m21.0s), 12/12 VUs, 3504 complete and 0 interrupted iterations
sudden_spike   [  24% ] 12/12 VUs  02m52.8s/12m00.0s

running (03m22.0s), 12/12 VUs, 3532 complete and 0 interrupted iterations
sudden_spike   [  24% ] 12/12 VUs  02m53.8s/12m00.0s

running (03m23.0s), 12/12 VUs, 3576 complete and 0 interrupted iterations
sudden_spike   [  24% ] 12/12 VUs  02m54.8s/12m00.0s

running (03m24.0s), 12/12 VUs, 3602 complete and 0 interrupted iterations
sudden_spike   [  24% ] 12/12 VUs  02m55.8s/12m00.0s

running (03m25.0s), 12/12 VUs, 3654 complete and 0 interrupted iterations
sudden_spike   [  25% ] 12/12 VUs  02m56.8s/12m00.0s

running (03m26.0s), 12/12 VUs, 3702 complete and 0 interrupted iterations
sudden_spike   [  25% ] 12/12 VUs  02m57.8s/12m00.0s

running (03m27.0s), 12/12 VUs, 3765 complete and 0 interrupted iterations
sudden_spike   [  25% ] 12/12 VUs  02m58.8s/12m00.0s

running (03m28.0s), 12/12 VUs, 3803 complete and 0 interrupted iterations
sudden_spike   [  25% ] 12/12 VUs  02m59.8s/12m00.0s

running (03m29.0s), 12/12 VUs, 3822 complete and 0 interrupted iterations
sudden_spike   [  25% ] 12/12 VUs  03m00.8s/12m00.0s

running (03m30.0s), 12/12 VUs, 3877 complete and 0 interrupted iterations
sudden_spike   [  25% ] 12/12 VUs  03m01.8s/12m00.0s

running (03m31.0s), 12/12 VUs, 3904 complete and 0 interrupted iterations
sudden_spike   [  25% ] 12/12 VUs  03m02.8s/12m00.0s

running (03m32.0s), 12/12 VUs, 3928 complete and 0 interrupted iterations
sudden_spike   [  26% ] 12/12 VUs  03m03.8s/12m00.0s

running (03m33.0s), 12/12 VUs, 3969 complete and 0 interrupted iterations
sudden_spike   [  26% ] 12/12 VUs  03m04.8s/12m00.0s

running (03m34.0s), 12/12 VUs, 4006 complete and 0 interrupted iterations
sudden_spike   [  26% ] 12/12 VUs  03m05.8s/12m00.0s

running (03m35.0s), 12/12 VUs, 4031 complete and 0 interrupted iterations
sudden_spike   [  26% ] 12/12 VUs  03m06.8s/12m00.0s

running (03m36.0s), 12/12 VUs, 4091 complete and 0 interrupted iterations
sudden_spike   [  26% ] 12/12 VUs  03m07.8s/12m00.0s

running (03m37.0s), 12/12 VUs, 4128 complete and 0 interrupted iterations
sudden_spike   [  26% ] 12/12 VUs  03m08.8s/12m00.0s

running (03m38.0s), 12/12 VUs, 4165 complete and 0 interrupted iterations
sudden_spike   [  26% ] 12/12 VUs  03m09.8s/12m00.0s

running (03m39.0s), 12/12 VUs, 4200 complete and 0 interrupted iterations
sudden_spike   [  27% ] 12/12 VUs  03m10.8s/12m00.0s

running (03m40.0s), 12/12 VUs, 4235 complete and 0 interrupted iterations
sudden_spike   [  27% ] 12/12 VUs  03m11.8s/12m00.0s

running (03m41.0s), 12/12 VUs, 4281 complete and 0 interrupted iterations
sudden_spike   [  27% ] 12/12 VUs  03m12.8s/12m00.0s

running (03m42.0s), 12/12 VUs, 4301 complete and 0 interrupted iterations
sudden_spike   [  27% ] 12/12 VUs  03m13.8s/12m00.0s

running (03m43.0s), 12/12 VUs, 4321 complete and 0 interrupted iterations
sudden_spike   [  27% ] 12/12 VUs  03m14.8s/12m00.0s

running (03m44.0s), 12/12 VUs, 4342 complete and 0 interrupted iterations
sudden_spike   [  27% ] 12/12 VUs  03m15.8s/12m00.0s

running (03m45.0s), 12/12 VUs, 4401 complete and 0 interrupted iterations
sudden_spike   [  27% ] 12/12 VUs  03m16.8s/12m00.0s

running (03m46.0s), 12/12 VUs, 4430 complete and 0 interrupted iterations
sudden_spike   [  27% ] 12/12 VUs  03m17.8s/12m00.0s

running (03m47.0s), 12/12 VUs, 4450 complete and 0 interrupted iterations
sudden_spike   [  28% ] 12/12 VUs  03m18.8s/12m00.0s

running (03m48.0s), 12/12 VUs, 4479 complete and 0 interrupted iterations
sudden_spike   [  28% ] 12/12 VUs  03m19.8s/12m00.0s

running (03m49.0s), 12/12 VUs, 4508 complete and 0 interrupted iterations
sudden_spike   [  28% ] 12/12 VUs  03m20.8s/12m00.0s

running (03m50.0s), 12/12 VUs, 4528 complete and 0 interrupted iterations
sudden_spike   [  28% ] 12/12 VUs  03m21.8s/12m00.0s

running (03m51.0s), 12/12 VUs, 4565 complete and 0 interrupted iterations
sudden_spike   [  28% ] 12/12 VUs  03m22.8s/12m00.0s

running (03m52.0s), 12/12 VUs, 4604 complete and 0 interrupted iterations
sudden_spike   [  28% ] 12/12 VUs  03m23.8s/12m00.0s

running (03m53.0s), 12/12 VUs, 4642 complete and 0 interrupted iterations
sudden_spike   [  28% ] 12/12 VUs  03m24.8s/12m00.0s

running (03m54.0s), 12/12 VUs, 4685 complete and 0 interrupted iterations
sudden_spike   [  29% ] 12/12 VUs  03m25.8s/12m00.0s

running (03m55.0s), 12/12 VUs, 4703 complete and 0 interrupted iterations
sudden_spike   [  29% ] 12/12 VUs  03m26.8s/12m00.0s

running (03m56.0s), 12/12 VUs, 4750 complete and 0 interrupted iterations
sudden_spike   [  29% ] 12/12 VUs  03m27.8s/12m00.0s

running (03m57.0s), 12/12 VUs, 4759 complete and 0 interrupted iterations
sudden_spike   [  29% ] 12/12 VUs  03m28.8s/12m00.0s

running (03m58.0s), 12/12 VUs, 4819 complete and 0 interrupted iterations
sudden_spike   [  29% ] 12/12 VUs  03m29.8s/12m00.0s

running (03m59.0s), 12/12 VUs, 4856 complete and 0 interrupted iterations
sudden_spike   [  29% ] 12/12 VUs  03m30.8s/12m00.0s

running (04m00.0s), 12/12 VUs, 4913 complete and 0 interrupted iterations
sudden_spike   [  29% ] 12/12 VUs  03m31.8s/12m00.0s

running (04m01.0s), 12/12 VUs, 4947 complete and 0 interrupted iterations
sudden_spike   [  30% ] 12/12 VUs  03m32.8s/12m00.0s

running (04m02.0s), 12/12 VUs, 4976 complete and 0 interrupted iterations
sudden_spike   [  30% ] 12/12 VUs  03m33.8s/12m00.0s

running (04m03.0s), 12/12 VUs, 5025 complete and 0 interrupted iterations
sudden_spike   [  30% ] 12/12 VUs  03m34.8s/12m00.0s

running (04m04.0s), 12/12 VUs, 5075 complete and 0 interrupted iterations
sudden_spike   [  30% ] 12/12 VUs  03m35.8s/12m00.0s

running (04m05.0s), 12/12 VUs, 5098 complete and 0 interrupted iterations
sudden_spike   [  30% ] 12/12 VUs  03m36.8s/12m00.0s

running (04m06.0s), 12/12 VUs, 5136 complete and 0 interrupted iterations
sudden_spike   [  30% ] 12/12 VUs  03m37.8s/12m00.0s

running (04m07.0s), 12/12 VUs, 5174 complete and 0 interrupted iterations
sudden_spike   [  30% ] 12/12 VUs  03m38.8s/12m00.0s

running (04m08.0s), 12/12 VUs, 5243 complete and 0 interrupted iterations
sudden_spike   [  31% ] 12/12 VUs  03m39.8s/12m00.0s

running (04m09.0s), 12/12 VUs, 5275 complete and 0 interrupted iterations
sudden_spike   [  31% ] 12/12 VUs  03m40.8s/12m00.0s

running (04m10.0s), 12/12 VUs, 5354 complete and 0 interrupted iterations
sudden_spike   [  31% ] 12/12 VUs  03m41.8s/12m00.0s

running (04m11.0s), 12/12 VUs, 5384 complete and 0 interrupted iterations
sudden_spike   [  31% ] 12/12 VUs  03m42.8s/12m00.0s

running (04m12.0s), 12/12 VUs, 5429 complete and 0 interrupted iterations
sudden_spike   [  31% ] 12/12 VUs  03m43.8s/12m00.0s

running (04m13.0s), 12/12 VUs, 5487 complete and 0 interrupted iterations
sudden_spike   [  31% ] 12/12 VUs  03m44.8s/12m00.0s

running (04m14.0s), 12/12 VUs, 5502 complete and 0 interrupted iterations
sudden_spike   [  31% ] 12/12 VUs  03m45.8s/12m00.0s

running (04m15.0s), 12/12 VUs, 5559 complete and 0 interrupted iterations
sudden_spike   [  32% ] 12/12 VUs  03m46.8s/12m00.0s

running (04m16.0s), 12/12 VUs, 5618 complete and 0 interrupted iterations
sudden_spike   [  32% ] 12/12 VUs  03m47.8s/12m00.0s

running (04m17.0s), 12/12 VUs, 5665 complete and 0 interrupted iterations
sudden_spike   [  32% ] 12/12 VUs  03m48.8s/12m00.0s

running (04m18.0s), 12/12 VUs, 5726 complete and 0 interrupted iterations
sudden_spike   [  32% ] 12/12 VUs  03m49.8s/12m00.0s

running (04m19.0s), 12/12 VUs, 5785 complete and 0 interrupted iterations
sudden_spike   [  32% ] 12/12 VUs  03m50.8s/12m00.0s

running (04m20.0s), 12/12 VUs, 5834 complete and 0 interrupted iterations
sudden_spike   [  32% ] 12/12 VUs  03m51.8s/12m00.0s

running (04m21.0s), 12/12 VUs, 5917 complete and 0 interrupted iterations
sudden_spike   [  32% ] 12/12 VUs  03m52.8s/12m00.0s

running (04m22.0s), 12/12 VUs, 5949 complete and 0 interrupted iterations
sudden_spike   [  32% ] 12/12 VUs  03m53.8s/12m00.0s

running (04m23.0s), 12/12 VUs, 5991 complete and 0 interrupted iterations
sudden_spike   [  33% ] 12/12 VUs  03m54.8s/12m00.0s

running (04m24.0s), 12/12 VUs, 6060 complete and 0 interrupted iterations
sudden_spike   [  33% ] 12/12 VUs  03m55.8s/12m00.0s

running (04m25.0s), 12/12 VUs, 6092 complete and 0 interrupted iterations
sudden_spike   [  33% ] 12/12 VUs  03m56.8s/12m00.0s

running (04m26.0s), 12/12 VUs, 6157 complete and 0 interrupted iterations
sudden_spike   [  33% ] 12/12 VUs  03m57.8s/12m00.0s

running (04m27.0s), 12/12 VUs, 6196 complete and 0 interrupted iterations
sudden_spike   [  33% ] 12/12 VUs  03m58.8s/12m00.0s

running (04m28.0s), 12/12 VUs, 6235 complete and 0 interrupted iterations
sudden_spike   [  33% ] 12/12 VUs  03m59.8s/12m00.0s

running (04m29.0s), 12/12 VUs, 6277 complete and 0 interrupted iterations
sudden_spike   [  33% ] 12/12 VUs  04m00.8s/12m00.0s

running (04m30.0s), 12/12 VUs, 6320 complete and 0 interrupted iterations
sudden_spike   [  34% ] 12/12 VUs  04m01.8s/12m00.0s

running (04m31.0s), 12/12 VUs, 6389 complete and 0 interrupted iterations
sudden_spike   [  34% ] 12/12 VUs  04m02.8s/12m00.0s

running (04m32.0s), 12/12 VUs, 6456 complete and 0 interrupted iterations
sudden_spike   [  34% ] 12/12 VUs  04m03.8s/12m00.0s

running (04m33.0s), 12/12 VUs, 6499 complete and 0 interrupted iterations
sudden_spike   [  34% ] 12/12 VUs  04m04.8s/12m00.0s

running (04m34.0s), 12/12 VUs, 6535 complete and 0 interrupted iterations
sudden_spike   [  34% ] 12/12 VUs  04m05.8s/12m00.0s

running (04m35.0s), 12/12 VUs, 6583 complete and 0 interrupted iterations
sudden_spike   [  34% ] 12/12 VUs  04m06.8s/12m00.0s

running (04m36.0s), 12/12 VUs, 6660 complete and 0 interrupted iterations
sudden_spike   [  34% ] 12/12 VUs  04m07.8s/12m00.0s

running (04m37.0s), 12/12 VUs, 6711 complete and 0 interrupted iterations
sudden_spike   [  35% ] 12/12 VUs  04m08.8s/12m00.0s

running (04m38.0s), 12/12 VUs, 6760 complete and 0 interrupted iterations
sudden_spike   [  35% ] 12/12 VUs  04m09.8s/12m00.0s

running (04m39.0s), 12/12 VUs, 6796 complete and 0 interrupted iterations
sudden_spike   [  35% ] 12/12 VUs  04m10.8s/12m00.0s

running (04m40.0s), 12/12 VUs, 6831 complete and 0 interrupted iterations
sudden_spike   [  35% ] 12/12 VUs  04m11.8s/12m00.0s

running (04m41.0s), 12/12 VUs, 6897 complete and 0 interrupted iterations
sudden_spike   [  35% ] 12/12 VUs  04m12.8s/12m00.0s

running (04m42.0s), 12/12 VUs, 6911 complete and 0 interrupted iterations
sudden_spike   [  35% ] 12/12 VUs  04m13.8s/12m00.0s

running (04m43.0s), 12/12 VUs, 6974 complete and 0 interrupted iterations
sudden_spike   [  35% ] 12/12 VUs  04m14.8s/12m00.0s

running (04m44.0s), 12/12 VUs, 7008 complete and 0 interrupted iterations
sudden_spike   [  36% ] 12/12 VUs  04m15.8s/12m00.0s

running (04m45.0s), 12/12 VUs, 7045 complete and 0 interrupted iterations
sudden_spike   [  36% ] 12/12 VUs  04m16.8s/12m00.0s

running (04m46.0s), 12/12 VUs, 7095 complete and 0 interrupted iterations
sudden_spike   [  36% ] 12/12 VUs  04m17.8s/12m00.0s

running (04m47.0s), 12/12 VUs, 7131 complete and 0 interrupted iterations
sudden_spike   [  36% ] 12/12 VUs  04m18.8s/12m00.0s

running (04m48.0s), 12/12 VUs, 7147 complete and 0 interrupted iterations
sudden_spike   [  36% ] 12/12 VUs  04m19.8s/12m00.0s

running (04m49.0s), 12/12 VUs, 7164 complete and 0 interrupted iterations
sudden_spike   [  36% ] 12/12 VUs  04m20.8s/12m00.0s

running (04m50.0s), 12/12 VUs, 7169 complete and 0 interrupted iterations
sudden_spike   [  36% ] 12/12 VUs  04m21.8s/12m00.0s

running (04m51.0s), 12/12 VUs, 7185 complete and 0 interrupted iterations
sudden_spike   [  37% ] 12/12 VUs  04m22.8s/12m00.0s

running (04m52.0s), 12/12 VUs, 7237 complete and 0 interrupted iterations
sudden_spike   [  37% ] 12/12 VUs  04m23.8s/12m00.0s

running (04m53.0s), 12/12 VUs, 7273 complete and 0 interrupted iterations
sudden_spike   [  37% ] 12/12 VUs  04m24.8s/12m00.0s

running (04m54.0s), 12/12 VUs, 7334 complete and 0 interrupted iterations
sudden_spike   [  37% ] 12/12 VUs  04m25.8s/12m00.0s

running (04m55.0s), 12/12 VUs, 7397 complete and 0 interrupted iterations
sudden_spike   [  37% ] 12/12 VUs  04m26.8s/12m00.0s

running (04m56.0s), 12/12 VUs, 7447 complete and 0 interrupted iterations
sudden_spike   [  37% ] 12/12 VUs  04m27.8s/12m00.0s

running (04m57.0s), 12/12 VUs, 7471 complete and 0 interrupted iterations
sudden_spike   [  37% ] 12/12 VUs  04m28.8s/12m00.0s

running (04m58.0s), 12/12 VUs, 7506 complete and 0 interrupted iterations
sudden_spike   [  37% ] 12/12 VUs  04m29.8s/12m00.0s

running (04m59.0s), 12/12 VUs, 7539 complete and 0 interrupted iterations
sudden_spike   [  38% ] 12/12 VUs  04m30.8s/12m00.0s

running (05m00.0s), 12/12 VUs, 7576 complete and 0 interrupted iterations
sudden_spike   [  38% ] 12/12 VUs  04m31.8s/12m00.0s

running (05m01.0s), 12/12 VUs, 7623 complete and 0 interrupted iterations
sudden_spike   [  38% ] 12/12 VUs  04m32.8s/12m00.0s

running (05m02.0s), 12/12 VUs, 7667 complete and 0 interrupted iterations
sudden_spike   [  38% ] 12/12 VUs  04m33.8s/12m00.0s

running (05m03.0s), 12/12 VUs, 7735 complete and 0 interrupted iterations
sudden_spike   [  38% ] 12/12 VUs  04m34.8s/12m00.0s

running (05m04.0s), 12/12 VUs, 7809 complete and 0 interrupted iterations
sudden_spike   [  38% ] 12/12 VUs  04m35.8s/12m00.0s

running (05m05.0s), 12/12 VUs, 7866 complete and 0 interrupted iterations
sudden_spike   [  38% ] 12/12 VUs  04m36.8s/12m00.0s

running (05m06.0s), 12/12 VUs, 7918 complete and 0 interrupted iterations
sudden_spike   [  39% ] 12/12 VUs  04m37.8s/12m00.0s

running (05m07.0s), 12/12 VUs, 7986 complete and 0 interrupted iterations
sudden_spike   [  39% ] 12/12 VUs  04m38.8s/12m00.0s

running (05m08.0s), 12/12 VUs, 8052 complete and 0 interrupted iterations
sudden_spike   [  39% ] 12/12 VUs  04m39.8s/12m00.0s

running (05m09.0s), 12/12 VUs, 8068 complete and 0 interrupted iterations
sudden_spike   [  39% ] 12/12 VUs  04m40.8s/12m00.0s

running (05m10.0s), 12/12 VUs, 8094 complete and 0 interrupted iterations
sudden_spike   [  39% ] 12/12 VUs  04m41.8s/12m00.0s

running (05m11.0s), 12/12 VUs, 8136 complete and 0 interrupted iterations
sudden_spike   [  39% ] 12/12 VUs  04m42.8s/12m00.0s

running (05m12.0s), 12/12 VUs, 8169 complete and 0 interrupted iterations
sudden_spike   [  39% ] 12/12 VUs  04m43.8s/12m00.0s

running (05m13.0s), 12/12 VUs, 8212 complete and 0 interrupted iterations
sudden_spike   [  40% ] 12/12 VUs  04m44.8s/12m00.0s

running (05m14.0s), 12/12 VUs, 8261 complete and 0 interrupted iterations
sudden_spike   [  40% ] 12/12 VUs  04m45.8s/12m00.0s

running (05m15.0s), 12/12 VUs, 8319 complete and 0 interrupted iterations
sudden_spike   [  40% ] 12/12 VUs  04m46.8s/12m00.0s

running (05m16.0s), 12/12 VUs, 8359 complete and 0 interrupted iterations
sudden_spike   [  40% ] 12/12 VUs  04m47.8s/12m00.0s

running (05m17.0s), 12/12 VUs, 8404 complete and 0 interrupted iterations
sudden_spike   [  40% ] 12/12 VUs  04m48.8s/12m00.0s

running (05m18.0s), 12/12 VUs, 8460 complete and 0 interrupted iterations
sudden_spike   [  40% ] 12/12 VUs  04m49.8s/12m00.0s

running (05m19.0s), 12/12 VUs, 8512 complete and 0 interrupted iterations
sudden_spike   [  40% ] 12/12 VUs  04m50.8s/12m00.0s

running (05m20.0s), 12/12 VUs, 8558 complete and 0 interrupted iterations
sudden_spike   [  41% ] 12/12 VUs  04m51.8s/12m00.0s

running (05m21.0s), 12/12 VUs, 8605 complete and 0 interrupted iterations
sudden_spike   [  41% ] 12/12 VUs  04m52.8s/12m00.0s

running (05m22.0s), 12/12 VUs, 8639 complete and 0 interrupted iterations
sudden_spike   [  41% ] 12/12 VUs  04m53.8s/12m00.0s

running (05m23.0s), 12/12 VUs, 8691 complete and 0 interrupted iterations
sudden_spike   [  41% ] 12/12 VUs  04m54.8s/12m00.0s

running (05m24.0s), 12/12 VUs, 8765 complete and 0 interrupted iterations
sudden_spike   [  41% ] 12/12 VUs  04m55.8s/12m00.0s

running (05m25.0s), 12/12 VUs, 8813 complete and 0 interrupted iterations
sudden_spike   [  41% ] 12/12 VUs  04m56.8s/12m00.0s

running (05m26.0s), 12/12 VUs, 8861 complete and 0 interrupted iterations
sudden_spike   [  41% ] 12/12 VUs  04m57.8s/12m00.0s

running (05m27.0s), 12/12 VUs, 8928 complete and 0 interrupted iterations
sudden_spike   [  42% ] 12/12 VUs  04m58.8s/12m00.0s

running (05m28.0s), 12/12 VUs, 8971 complete and 0 interrupted iterations
sudden_spike   [  42% ] 12/12 VUs  04m59.8s/12m00.0s

running (05m29.0s), 12/12 VUs, 9006 complete and 0 interrupted iterations
sudden_spike   [  42% ] 12/12 VUs  05m00.8s/12m00.0s

running (05m30.0s), 12/12 VUs, 9039 complete and 0 interrupted iterations
sudden_spike   [  42% ] 12/12 VUs  05m01.8s/12m00.0s

running (05m31.0s), 12/12 VUs, 9048 complete and 0 interrupted iterations
sudden_spike   [  42% ] 12/12 VUs  05m02.8s/12m00.0s

running (05m32.0s), 12/12 VUs, 9079 complete and 0 interrupted iterations
sudden_spike   [  42% ] 12/12 VUs  05m03.8s/12m00.0s

running (05m33.0s), 12/12 VUs, 9148 complete and 0 interrupted iterations
sudden_spike   [  42% ] 12/12 VUs  05m04.8s/12m00.0s

running (05m34.0s), 12/12 VUs, 9179 complete and 0 interrupted iterations
sudden_spike   [  42% ] 12/12 VUs  05m05.8s/12m00.0s

running (05m35.0s), 12/12 VUs, 9229 complete and 0 interrupted iterations
sudden_spike   [  43% ] 12/12 VUs  05m06.8s/12m00.0s

running (05m36.0s), 12/12 VUs, 9268 complete and 0 interrupted iterations
sudden_spike   [  43% ] 12/12 VUs  05m07.8s/12m00.0s

running (05m37.0s), 12/12 VUs, 9322 complete and 0 interrupted iterations
sudden_spike   [  43% ] 12/12 VUs  05m08.8s/12m00.0s

running (05m38.0s), 12/12 VUs, 9372 complete and 0 interrupted iterations
sudden_spike   [  43% ] 12/12 VUs  05m09.8s/12m00.0s

running (05m39.0s), 12/12 VUs, 9419 complete and 0 interrupted iterations
sudden_spike   [  43% ] 12/12 VUs  05m10.8s/12m00.0s

running (05m40.0s), 12/12 VUs, 9482 complete and 0 interrupted iterations
sudden_spike   [  43% ] 12/12 VUs  05m11.8s/12m00.0s

running (05m41.0s), 12/12 VUs, 9494 complete and 0 interrupted iterations
sudden_spike   [  43% ] 12/12 VUs  05m12.8s/12m00.0s

running (05m42.0s), 12/12 VUs, 9544 complete and 0 interrupted iterations
sudden_spike   [  44% ] 12/12 VUs  05m13.8s/12m00.0s

running (05m43.0s), 12/12 VUs, 9596 complete and 0 interrupted iterations
sudden_spike   [  44% ] 12/12 VUs  05m14.8s/12m00.0s

running (05m44.0s), 12/12 VUs, 9644 complete and 0 interrupted iterations
sudden_spike   [  44% ] 12/12 VUs  05m15.8s/12m00.0s

running (05m45.0s), 12/12 VUs, 9689 complete and 0 interrupted iterations
sudden_spike   [  44% ] 12/12 VUs  05m16.8s/12m00.0s

running (05m46.0s), 12/12 VUs, 9738 complete and 0 interrupted iterations
sudden_spike   [  44% ] 12/12 VUs  05m17.8s/12m00.0s

running (05m47.0s), 12/12 VUs, 9795 complete and 0 interrupted iterations
sudden_spike   [  44% ] 12/12 VUs  05m18.8s/12m00.0s

running (05m48.0s), 12/12 VUs, 9867 complete and 0 interrupted iterations
sudden_spike   [  44% ] 12/12 VUs  05m19.8s/12m00.0s

running (05m49.0s), 12/12 VUs, 9921 complete and 0 interrupted iterations
sudden_spike   [  45% ] 12/12 VUs  05m20.8s/12m00.0s

running (05m50.0s), 12/12 VUs, 9969 complete and 0 interrupted iterations
sudden_spike   [  45% ] 12/12 VUs  05m21.8s/12m00.0s

running (05m51.0s), 12/12 VUs, 9983 complete and 0 interrupted iterations
sudden_spike   [  45% ] 12/12 VUs  05m22.8s/12m00.0s

running (05m52.0s), 12/12 VUs, 10019 complete and 0 interrupted iterations
sudden_spike   [  45% ] 12/12 VUs  05m23.8s/12m00.0s

running (05m53.0s), 12/12 VUs, 10049 complete and 0 interrupted iterations
sudden_spike   [  45% ] 12/12 VUs  05m24.8s/12m00.0s

running (05m54.0s), 12/12 VUs, 10089 complete and 0 interrupted iterations
sudden_spike   [  45% ] 12/12 VUs  05m25.8s/12m00.0s

running (05m55.0s), 12/12 VUs, 10175 complete and 0 interrupted iterations
sudden_spike   [  45% ] 12/12 VUs  05m26.8s/12m00.0s

running (05m56.0s), 12/12 VUs, 10212 complete and 0 interrupted iterations
sudden_spike   [  46% ] 12/12 VUs  05m27.8s/12m00.0s

running (05m57.0s), 12/12 VUs, 10294 complete and 0 interrupted iterations
sudden_spike   [  46% ] 12/12 VUs  05m28.8s/12m00.0s

running (05m58.0s), 12/12 VUs, 10333 complete and 0 interrupted iterations
sudden_spike   [  46% ] 12/12 VUs  05m29.8s/12m00.0s

running (05m59.0s), 12/12 VUs, 10379 complete and 0 interrupted iterations
sudden_spike   [  46% ] 12/12 VUs  05m30.8s/12m00.0s

running (06m00.0s), 12/12 VUs, 10412 complete and 0 interrupted iterations
sudden_spike   [  46% ] 12/12 VUs  05m31.8s/12m00.0s

running (06m01.0s), 12/12 VUs, 10440 complete and 0 interrupted iterations
sudden_spike   [  46% ] 12/12 VUs  05m32.8s/12m00.0s

running (06m02.0s), 12/12 VUs, 10458 complete and 0 interrupted iterations
sudden_spike   [  46% ] 12/12 VUs  05m33.8s/12m00.0s

running (06m03.0s), 12/12 VUs, 10486 complete and 0 interrupted iterations
sudden_spike   [  47% ] 12/12 VUs  05m34.8s/12m00.0s

running (06m04.0s), 12/12 VUs, 10506 complete and 0 interrupted iterations
sudden_spike   [  47% ] 12/12 VUs  05m35.8s/12m00.0s

running (06m05.0s), 12/12 VUs, 10539 complete and 0 interrupted iterations
sudden_spike   [  47% ] 12/12 VUs  05m36.8s/12m00.0s

running (06m06.0s), 12/12 VUs, 10601 complete and 0 interrupted iterations
sudden_spike   [  47% ] 12/12 VUs  05m37.8s/12m00.0s

running (06m07.0s), 12/12 VUs, 10643 complete and 0 interrupted iterations
sudden_spike   [  47% ] 12/12 VUs  05m38.8s/12m00.0s

running (06m08.0s), 12/12 VUs, 10682 complete and 0 interrupted iterations
sudden_spike   [  47% ] 12/12 VUs  05m39.8s/12m00.0s

running (06m09.0s), 12/12 VUs, 10751 complete and 0 interrupted iterations
sudden_spike   [  47% ] 12/12 VUs  05m40.8s/12m00.0s

running (06m10.0s), 12/12 VUs, 10782 complete and 0 interrupted iterations
sudden_spike   [  47% ] 12/12 VUs  05m41.8s/12m00.0s

running (06m11.0s), 12/12 VUs, 10835 complete and 0 interrupted iterations
sudden_spike   [  48% ] 12/12 VUs  05m42.8s/12m00.0s

running (06m12.0s), 12/12 VUs, 10883 complete and 0 interrupted iterations
sudden_spike   [  48% ] 12/12 VUs  05m43.8s/12m00.0s

running (06m13.0s), 12/12 VUs, 10915 complete and 0 interrupted iterations
sudden_spike   [  48% ] 12/12 VUs  05m44.8s/12m00.0s

running (06m14.0s), 12/12 VUs, 10965 complete and 0 interrupted iterations
sudden_spike   [  48% ] 12/12 VUs  05m45.8s/12m00.0s

running (06m15.0s), 12/12 VUs, 11055 complete and 0 interrupted iterations
sudden_spike   [  48% ] 12/12 VUs  05m46.8s/12m00.0s

running (06m16.0s), 12/12 VUs, 11124 complete and 0 interrupted iterations
sudden_spike   [  48% ] 12/12 VUs  05m47.8s/12m00.0s

running (06m17.0s), 12/12 VUs, 11183 complete and 0 interrupted iterations
sudden_spike   [  48% ] 12/12 VUs  05m48.8s/12m00.0s

running (06m18.0s), 12/12 VUs, 11233 complete and 0 interrupted iterations
sudden_spike   [  49% ] 12/12 VUs  05m49.8s/12m00.0s

running (06m19.0s), 12/12 VUs, 11273 complete and 0 interrupted iterations
sudden_spike   [  49% ] 12/12 VUs  05m50.8s/12m00.0s

running (06m20.0s), 12/12 VUs, 11333 complete and 0 interrupted iterations
sudden_spike   [  49% ] 12/12 VUs  05m51.8s/12m00.0s

running (06m21.0s), 12/12 VUs, 11369 complete and 0 interrupted iterations
sudden_spike   [  49% ] 12/12 VUs  05m52.8s/12m00.0s

running (06m22.0s), 12/12 VUs, 11461 complete and 0 interrupted iterations
sudden_spike   [  49% ] 12/12 VUs  05m53.8s/12m00.0s

running (06m23.0s), 12/12 VUs, 11513 complete and 0 interrupted iterations
sudden_spike   [  49% ] 12/12 VUs  05m54.8s/12m00.0s

running (06m24.0s), 12/12 VUs, 11519 complete and 0 interrupted iterations
sudden_spike   [  49% ] 12/12 VUs  05m55.8s/12m00.0s

running (06m25.0s), 12/12 VUs, 11528 complete and 0 interrupted iterations
sudden_spike   [  50% ] 12/12 VUs  05m56.8s/12m00.0s

running (06m26.0s), 12/12 VUs, 11565 complete and 0 interrupted iterations
sudden_spike   [  50% ] 12/12 VUs  05m57.8s/12m00.0s

running (06m27.0s), 12/12 VUs, 11618 complete and 0 interrupted iterations
sudden_spike   [  50% ] 12/12 VUs  05m58.8s/12m00.0s

running (06m28.0s), 12/12 VUs, 11636 complete and 0 interrupted iterations
sudden_spike   [  50% ] 12/12 VUs  05m59.8s/12m00.0s

running (06m29.0s), 12/12 VUs, 11671 complete and 0 interrupted iterations
sudden_spike   [  50% ] 12/12 VUs  06m00.8s/12m00.0s

running (06m30.0s), 12/12 VUs, 11708 complete and 0 interrupted iterations
sudden_spike   [  50% ] 12/12 VUs  06m01.8s/12m00.0s

running (06m31.0s), 12/12 VUs, 11746 complete and 0 interrupted iterations
sudden_spike   [  50% ] 12/12 VUs  06m02.8s/12m00.0s

running (06m32.0s), 12/12 VUs, 11797 complete and 0 interrupted iterations
sudden_spike   [  51% ] 12/12 VUs  06m03.8s/12m00.0s

running (06m33.0s), 12/12 VUs, 11851 complete and 0 interrupted iterations
sudden_spike   [  51% ] 12/12 VUs  06m04.8s/12m00.0s

running (06m34.0s), 12/12 VUs, 11904 complete and 0 interrupted iterations
sudden_spike   [  51% ] 12/12 VUs  06m05.8s/12m00.0s

running (06m35.0s), 12/12 VUs, 11965 complete and 0 interrupted iterations
sudden_spike   [  51% ] 12/12 VUs  06m06.8s/12m00.0s

running (06m36.0s), 12/12 VUs, 11984 complete and 0 interrupted iterations
sudden_spike   [  51% ] 12/12 VUs  06m07.8s/12m00.0s

running (06m37.0s), 12/12 VUs, 12021 complete and 0 interrupted iterations
sudden_spike   [  51% ] 12/12 VUs  06m08.8s/12m00.0s

running (06m38.0s), 12/12 VUs, 12049 complete and 0 interrupted iterations
sudden_spike   [  51% ] 12/12 VUs  06m09.8s/12m00.0s

running (06m39.0s), 12/12 VUs, 12099 complete and 0 interrupted iterations
sudden_spike   [  52% ] 12/12 VUs  06m10.8s/12m00.0s

running (06m40.0s), 12/12 VUs, 12176 complete and 0 interrupted iterations
sudden_spike   [  52% ] 12/12 VUs  06m11.8s/12m00.0s

running (06m41.0s), 12/12 VUs, 12225 complete and 0 interrupted iterations
sudden_spike   [  52% ] 12/12 VUs  06m12.8s/12m00.0s

running (06m42.0s), 12/12 VUs, 12319 complete and 0 interrupted iterations
sudden_spike   [  52% ] 12/12 VUs  06m13.8s/12m00.0s

running (06m43.0s), 12/12 VUs, 12388 complete and 0 interrupted iterations
sudden_spike   [  52% ] 12/12 VUs  06m14.8s/12m00.0s

running (06m44.0s), 12/12 VUs, 12438 complete and 0 interrupted iterations
sudden_spike   [  52% ] 12/12 VUs  06m15.8s/12m00.0s

running (06m45.0s), 12/12 VUs, 12496 complete and 0 interrupted iterations
sudden_spike   [  52% ] 12/12 VUs  06m16.8s/12m00.0s

running (06m46.0s), 12/12 VUs, 12556 complete and 0 interrupted iterations
sudden_spike   [  52% ] 12/12 VUs  06m17.8s/12m00.0s

running (06m47.0s), 12/12 VUs, 12613 complete and 0 interrupted iterations
sudden_spike   [  53% ] 12/12 VUs  06m18.8s/12m00.0s

running (06m48.0s), 12/12 VUs, 12671 complete and 0 interrupted iterations
sudden_spike   [  53% ] 12/12 VUs  06m19.8s/12m00.0s

running (06m49.0s), 12/12 VUs, 12708 complete and 0 interrupted iterations
sudden_spike   [  53% ] 12/12 VUs  06m20.8s/12m00.0s

running (06m50.0s), 12/12 VUs, 12773 complete and 0 interrupted iterations
sudden_spike   [  53% ] 12/12 VUs  06m21.8s/12m00.0s

running (06m51.0s), 12/12 VUs, 12797 complete and 0 interrupted iterations
sudden_spike   [  53% ] 12/12 VUs  06m22.8s/12m00.0s

running (06m52.0s), 12/12 VUs, 12834 complete and 0 interrupted iterations
sudden_spike   [  53% ] 12/12 VUs  06m23.8s/12m00.0s

running (06m53.0s), 12/12 VUs, 12865 complete and 0 interrupted iterations
sudden_spike   [  53% ] 12/12 VUs  06m24.8s/12m00.0s

running (06m54.0s), 12/12 VUs, 12911 complete and 0 interrupted iterations
sudden_spike   [  54% ] 12/12 VUs  06m25.8s/12m00.0s

running (06m55.0s), 12/12 VUs, 12951 complete and 0 interrupted iterations
sudden_spike   [  54% ] 12/12 VUs  06m26.8s/12m00.0s

running (06m56.0s), 12/12 VUs, 13009 complete and 0 interrupted iterations
sudden_spike   [  54% ] 12/12 VUs  06m27.8s/12m00.0s

running (06m57.0s), 12/12 VUs, 13066 complete and 0 interrupted iterations
sudden_spike   [  54% ] 12/12 VUs  06m28.8s/12m00.0s

running (06m58.0s), 12/12 VUs, 13127 complete and 0 interrupted iterations
sudden_spike   [  54% ] 12/12 VUs  06m29.8s/12m00.0s

running (06m59.0s), 12/12 VUs, 13149 complete and 0 interrupted iterations
sudden_spike   [  54% ] 12/12 VUs  06m30.8s/12m00.0s

running (07m00.0s), 12/12 VUs, 13202 complete and 0 interrupted iterations
sudden_spike   [  54% ] 12/12 VUs  06m31.8s/12m00.0s

running (07m01.0s), 12/12 VUs, 13241 complete and 0 interrupted iterations
sudden_spike   [  55% ] 12/12 VUs  06m32.8s/12m00.0s

running (07m02.0s), 12/12 VUs, 13290 complete and 0 interrupted iterations
sudden_spike   [  55% ] 12/12 VUs  06m33.8s/12m00.0s

running (07m03.0s), 12/12 VUs, 13337 complete and 0 interrupted iterations
sudden_spike   [  55% ] 12/12 VUs  06m34.8s/12m00.0s

running (07m04.0s), 12/12 VUs, 13409 complete and 0 interrupted iterations
sudden_spike   [  55% ] 12/12 VUs  06m35.8s/12m00.0s

running (07m05.0s), 12/12 VUs, 13445 complete and 0 interrupted iterations
sudden_spike   [  55% ] 12/12 VUs  06m36.8s/12m00.0s

running (07m06.0s), 12/12 VUs, 13481 complete and 0 interrupted iterations
sudden_spike   [  55% ] 12/12 VUs  06m37.8s/12m00.0s

running (07m07.0s), 12/12 VUs, 13538 complete and 0 interrupted iterations
sudden_spike   [  55% ] 12/12 VUs  06m38.8s/12m00.0s

running (07m08.0s), 12/12 VUs, 13589 complete and 0 interrupted iterations
sudden_spike   [  56% ] 12/12 VUs  06m39.8s/12m00.0s

running (07m09.0s), 12/12 VUs, 13648 complete and 0 interrupted iterations
sudden_spike   [  56% ] 12/12 VUs  06m40.8s/12m00.0s

running (07m10.0s), 12/12 VUs, 13705 complete and 0 interrupted iterations
sudden_spike   [  56% ] 12/12 VUs  06m41.8s/12m00.0s

running (07m11.0s), 12/12 VUs, 13752 complete and 0 interrupted iterations
sudden_spike   [  56% ] 12/12 VUs  06m42.8s/12m00.0s

running (07m12.0s), 12/12 VUs, 13783 complete and 0 interrupted iterations
sudden_spike   [  56% ] 12/12 VUs  06m43.8s/12m00.0s

running (07m13.0s), 12/12 VUs, 13853 complete and 0 interrupted iterations
sudden_spike   [  56% ] 12/12 VUs  06m44.8s/12m00.0s

running (07m14.0s), 12/12 VUs, 13907 complete and 0 interrupted iterations
sudden_spike   [  56% ] 12/12 VUs  06m45.8s/12m00.0s

running (07m15.0s), 12/12 VUs, 13941 complete and 0 interrupted iterations
sudden_spike   [  57% ] 12/12 VUs  06m46.8s/12m00.0s

running (07m16.0s), 12/12 VUs, 13980 complete and 0 interrupted iterations
sudden_spike   [  57% ] 12/12 VUs  06m47.8s/12m00.0s

running (07m17.0s), 12/12 VUs, 13984 complete and 0 interrupted iterations
sudden_spike   [  57% ] 12/12 VUs  06m48.8s/12m00.0s

running (07m18.0s), 12/12 VUs, 14011 complete and 0 interrupted iterations
sudden_spike   [  57% ] 12/12 VUs  06m49.8s/12m00.0s

running (07m19.0s), 12/12 VUs, 14064 complete and 0 interrupted iterations
sudden_spike   [  57% ] 12/12 VUs  06m50.8s/12m00.0s

running (07m20.0s), 12/12 VUs, 14110 complete and 0 interrupted iterations
sudden_spike   [  57% ] 12/12 VUs  06m51.8s/12m00.0s

running (07m21.0s), 12/12 VUs, 14144 complete and 0 interrupted iterations
sudden_spike   [  57% ] 12/12 VUs  06m52.8s/12m00.0s

running (07m22.0s), 12/12 VUs, 14166 complete and 0 interrupted iterations
sudden_spike   [  57% ] 12/12 VUs  06m53.8s/12m00.0s

running (07m23.0s), 12/12 VUs, 14202 complete and 0 interrupted iterations
sudden_spike   [  58% ] 12/12 VUs  06m54.8s/12m00.0s

running (07m24.0s), 12/12 VUs, 14264 complete and 0 interrupted iterations
sudden_spike   [  58% ] 12/12 VUs  06m55.8s/12m00.0s

running (07m25.0s), 12/12 VUs, 14351 complete and 0 interrupted iterations
sudden_spike   [  58% ] 12/12 VUs  06m56.8s/12m00.0s

running (07m26.0s), 12/12 VUs, 14402 complete and 0 interrupted iterations
sudden_spike   [  58% ] 12/12 VUs  06m57.8s/12m00.0s

running (07m27.0s), 12/12 VUs, 14424 complete and 0 interrupted iterations
sudden_spike   [  58% ] 12/12 VUs  06m58.8s/12m00.0s

running (07m28.0s), 12/12 VUs, 14495 complete and 0 interrupted iterations
sudden_spike   [  58% ] 12/12 VUs  06m59.8s/12m00.0s

running (07m29.0s), 12/12 VUs, 14569 complete and 0 interrupted iterations
sudden_spike   [  58% ] 12/12 VUs  07m00.8s/12m00.0s

running (07m30.0s), 12/12 VUs, 14630 complete and 0 interrupted iterations
sudden_spike   [  59% ] 12/12 VUs  07m01.8s/12m00.0s

running (07m31.0s), 12/12 VUs, 14669 complete and 0 interrupted iterations
sudden_spike   [  59% ] 12/12 VUs  07m02.8s/12m00.0s

running (07m32.0s), 12/12 VUs, 14711 complete and 0 interrupted iterations
sudden_spike   [  59% ] 12/12 VUs  07m03.8s/12m00.0s

running (07m33.0s), 12/12 VUs, 14754 complete and 0 interrupted iterations
sudden_spike   [  59% ] 12/12 VUs  07m04.8s/12m00.0s

running (07m34.0s), 12/12 VUs, 14796 complete and 0 interrupted iterations
sudden_spike   [  59% ] 12/12 VUs  07m05.8s/12m00.0s

running (07m35.0s), 12/12 VUs, 14853 complete and 0 interrupted iterations
sudden_spike   [  59% ] 12/12 VUs  07m06.8s/12m00.0s

running (07m36.0s), 12/12 VUs, 14885 complete and 0 interrupted iterations
sudden_spike   [  59% ] 12/12 VUs  07m07.8s/12m00.0s

running (07m37.0s), 12/12 VUs, 14952 complete and 0 interrupted iterations
sudden_spike   [  60% ] 12/12 VUs  07m08.8s/12m00.0s

running (07m38.0s), 12/12 VUs, 14990 complete and 0 interrupted iterations
sudden_spike   [  60% ] 12/12 VUs  07m09.8s/12m00.0s

running (07m39.0s), 12/12 VUs, 15048 complete and 0 interrupted iterations
sudden_spike   [  60% ] 12/12 VUs  07m10.8s/12m00.0s

running (07m40.0s), 12/12 VUs, 15106 complete and 0 interrupted iterations
sudden_spike   [  60% ] 12/12 VUs  07m11.8s/12m00.0s

running (07m41.0s), 12/12 VUs, 15143 complete and 0 interrupted iterations
sudden_spike   [  60% ] 12/12 VUs  07m12.8s/12m00.0s

running (07m42.0s), 12/12 VUs, 15163 complete and 0 interrupted iterations
sudden_spike   [  60% ] 12/12 VUs  07m13.8s/12m00.0s

running (07m43.0s), 12/12 VUs, 15192 complete and 0 interrupted iterations
sudden_spike   [  60% ] 12/12 VUs  07m14.8s/12m00.0s

running (07m44.0s), 12/12 VUs, 15227 complete and 0 interrupted iterations
sudden_spike   [  61% ] 12/12 VUs  07m15.8s/12m00.0s

running (07m45.0s), 12/12 VUs, 15276 complete and 0 interrupted iterations
sudden_spike   [  61% ] 12/12 VUs  07m16.8s/12m00.0s

running (07m46.0s), 12/12 VUs, 15337 complete and 0 interrupted iterations
sudden_spike   [  61% ] 12/12 VUs  07m17.8s/12m00.0s

running (07m47.0s), 12/12 VUs, 15404 complete and 0 interrupted iterations
sudden_spike   [  61% ] 12/12 VUs  07m18.8s/12m00.0s

running (07m48.0s), 12/12 VUs, 15472 complete and 0 interrupted iterations
sudden_spike   [  61% ] 12/12 VUs  07m19.8s/12m00.0s

running (07m49.0s), 12/12 VUs, 15510 complete and 0 interrupted iterations
sudden_spike   [  61% ] 12/12 VUs  07m20.8s/12m00.0s

running (07m50.0s), 12/12 VUs, 15599 complete and 0 interrupted iterations
sudden_spike   [  61% ] 12/12 VUs  07m21.8s/12m00.0s

running (07m51.0s), 12/12 VUs, 15640 complete and 0 interrupted iterations
sudden_spike   [  62% ] 12/12 VUs  07m22.8s/12m00.0s

running (07m52.0s), 12/12 VUs, 15705 complete and 0 interrupted iterations
sudden_spike   [  62% ] 12/12 VUs  07m23.8s/12m00.0s

running (07m53.0s), 12/12 VUs, 15733 complete and 0 interrupted iterations
sudden_spike   [  62% ] 12/12 VUs  07m24.8s/12m00.0s

running (07m54.0s), 12/12 VUs, 15793 complete and 0 interrupted iterations
sudden_spike   [  62% ] 12/12 VUs  07m25.8s/12m00.0s

running (07m55.0s), 12/12 VUs, 15838 complete and 0 interrupted iterations
sudden_spike   [  62% ] 12/12 VUs  07m26.8s/12m00.0s

running (07m56.0s), 12/12 VUs, 15890 complete and 0 interrupted iterations
sudden_spike   [  62% ] 12/12 VUs  07m27.8s/12m00.0s

running (07m57.0s), 12/12 VUs, 15942 complete and 0 interrupted iterations
sudden_spike   [  62% ] 12/12 VUs  07m28.8s/12m00.0s

running (07m58.0s), 12/12 VUs, 16017 complete and 0 interrupted iterations
sudden_spike   [  62% ] 12/12 VUs  07m29.8s/12m00.0s

running (07m59.0s), 12/12 VUs, 16063 complete and 0 interrupted iterations
sudden_spike   [  63% ] 12/12 VUs  07m30.8s/12m00.0s

running (08m00.0s), 12/12 VUs, 16106 complete and 0 interrupted iterations
sudden_spike   [  63% ] 12/12 VUs  07m31.8s/12m00.0s

running (08m01.0s), 12/12 VUs, 16166 complete and 0 interrupted iterations
sudden_spike   [  63% ] 12/12 VUs  07m32.8s/12m00.0s

running (08m02.0s), 12/12 VUs, 16231 complete and 0 interrupted iterations
sudden_spike   [  63% ] 12/12 VUs  07m33.8s/12m00.0s

running (08m03.0s), 12/12 VUs, 16279 complete and 0 interrupted iterations
sudden_spike   [  63% ] 12/12 VUs  07m34.8s/12m00.0s

running (08m04.0s), 12/12 VUs, 16298 complete and 0 interrupted iterations
sudden_spike   [  63% ] 12/12 VUs  07m35.8s/12m00.0s

running (08m05.0s), 12/12 VUs, 16349 complete and 0 interrupted iterations
sudden_spike   [  63% ] 12/12 VUs  07m36.8s/12m00.0s

running (08m06.0s), 12/12 VUs, 16422 complete and 0 interrupted iterations
sudden_spike   [  64% ] 12/12 VUs  07m37.8s/12m00.0s

running (08m07.0s), 12/12 VUs, 16457 complete and 0 interrupted iterations
sudden_spike   [  64% ] 12/12 VUs  07m38.8s/12m00.0s

running (08m08.0s), 12/12 VUs, 16498 complete and 0 interrupted iterations
sudden_spike   [  64% ] 12/12 VUs  07m39.8s/12m00.0s

running (08m09.0s), 12/12 VUs, 16538 complete and 0 interrupted iterations
sudden_spike   [  64% ] 12/12 VUs  07m40.8s/12m00.0s

running (08m10.0s), 12/12 VUs, 16594 complete and 0 interrupted iterations
sudden_spike   [  64% ] 12/12 VUs  07m41.8s/12m00.0s

running (08m11.0s), 12/12 VUs, 16635 complete and 0 interrupted iterations
sudden_spike   [  64% ] 12/12 VUs  07m42.8s/12m00.0s

running (08m12.0s), 12/12 VUs, 16702 complete and 0 interrupted iterations
sudden_spike   [  64% ] 12/12 VUs  07m43.8s/12m00.0s

running (08m13.0s), 12/12 VUs, 16771 complete and 0 interrupted iterations
sudden_spike   [  65% ] 12/12 VUs  07m44.8s/12m00.0s

running (08m14.0s), 12/12 VUs, 16810 complete and 0 interrupted iterations
sudden_spike   [  65% ] 12/12 VUs  07m45.8s/12m00.0s

running (08m15.0s), 12/12 VUs, 16854 complete and 0 interrupted iterations
sudden_spike   [  65% ] 12/12 VUs  07m46.8s/12m00.0s

running (08m16.0s), 12/12 VUs, 16878 complete and 0 interrupted iterations
sudden_spike   [  65% ] 12/12 VUs  07m47.8s/12m00.0s

running (08m17.0s), 12/12 VUs, 16926 complete and 0 interrupted iterations
sudden_spike   [  65% ] 12/12 VUs  07m48.8s/12m00.0s

running (08m18.0s), 12/12 VUs, 16949 complete and 0 interrupted iterations
sudden_spike   [  65% ] 12/12 VUs  07m49.8s/12m00.0s

running (08m19.0s), 12/12 VUs, 16981 complete and 0 interrupted iterations
sudden_spike   [  65% ] 12/12 VUs  07m50.8s/12m00.0s

running (08m20.0s), 12/12 VUs, 17035 complete and 0 interrupted iterations
sudden_spike   [  66% ] 12/12 VUs  07m51.8s/12m00.0s

running (08m21.0s), 12/12 VUs, 17088 complete and 0 interrupted iterations
sudden_spike   [  66% ] 12/12 VUs  07m52.8s/12m00.0s

running (08m22.0s), 12/12 VUs, 17126 complete and 0 interrupted iterations
sudden_spike   [  66% ] 12/12 VUs  07m53.8s/12m00.0s

running (08m23.0s), 12/12 VUs, 17150 complete and 0 interrupted iterations
sudden_spike   [  66% ] 12/12 VUs  07m54.8s/12m00.0s

running (08m24.0s), 12/12 VUs, 17184 complete and 0 interrupted iterations
sudden_spike   [  66% ] 12/12 VUs  07m55.8s/12m00.0s

running (08m25.0s), 12/12 VUs, 17245 complete and 0 interrupted iterations
sudden_spike   [  66% ] 12/12 VUs  07m56.8s/12m00.0s

running (08m26.0s), 12/12 VUs, 17289 complete and 0 interrupted iterations
sudden_spike   [  66% ] 12/12 VUs  07m57.8s/12m00.0s

running (08m27.0s), 12/12 VUs, 17330 complete and 0 interrupted iterations
sudden_spike   [  67% ] 12/12 VUs  07m58.8s/12m00.0s

running (08m28.0s), 12/12 VUs, 17384 complete and 0 interrupted iterations
sudden_spike   [  67% ] 12/12 VUs  07m59.8s/12m00.0s

running (08m29.0s), 12/12 VUs, 17410 complete and 0 interrupted iterations
sudden_spike   [  67% ] 12/12 VUs  08m00.8s/12m00.0s

running (08m30.0s), 12/12 VUs, 17452 complete and 0 interrupted iterations
sudden_spike   [  67% ] 12/12 VUs  08m01.8s/12m00.0s

running (08m31.0s), 12/12 VUs, 17502 complete and 0 interrupted iterations
sudden_spike   [  67% ] 12/12 VUs  08m02.8s/12m00.0s

running (08m32.0s), 12/12 VUs, 17535 complete and 0 interrupted iterations
sudden_spike   [  67% ] 12/12 VUs  08m03.8s/12m00.0s

running (08m33.0s), 12/12 VUs, 17583 complete and 0 interrupted iterations
sudden_spike   [  67% ] 12/12 VUs  08m04.8s/12m00.0s

running (08m34.0s), 12/12 VUs, 17636 complete and 0 interrupted iterations
sudden_spike   [  67% ] 12/12 VUs  08m05.8s/12m00.0s

running (08m35.0s), 12/12 VUs, 17682 complete and 0 interrupted iterations
sudden_spike   [  68% ] 12/12 VUs  08m06.8s/12m00.0s

running (08m36.0s), 12/12 VUs, 17748 complete and 0 interrupted iterations
sudden_spike   [  68% ] 12/12 VUs  08m07.8s/12m00.0s

running (08m37.0s), 12/12 VUs, 17813 complete and 0 interrupted iterations
sudden_spike   [  68% ] 12/12 VUs  08m08.8s/12m00.0s

running (08m38.0s), 12/12 VUs, 17844 complete and 0 interrupted iterations
sudden_spike   [  68% ] 12/12 VUs  08m09.8s/12m00.0s

running (08m39.0s), 12/12 VUs, 17886 complete and 0 interrupted iterations
sudden_spike   [  68% ] 12/12 VUs  08m10.8s/12m00.0s

running (08m40.0s), 12/12 VUs, 17913 complete and 0 interrupted iterations
sudden_spike   [  68% ] 12/12 VUs  08m11.8s/12m00.0s

running (08m41.0s), 12/12 VUs, 17992 complete and 0 interrupted iterations
sudden_spike   [  68% ] 12/12 VUs  08m12.8s/12m00.0s

running (08m42.0s), 12/12 VUs, 18036 complete and 0 interrupted iterations
sudden_spike   [  69% ] 12/12 VUs  08m13.8s/12m00.0s

running (08m43.0s), 12/12 VUs, 18118 complete and 0 interrupted iterations
sudden_spike   [  69% ] 12/12 VUs  08m14.8s/12m00.0s

running (08m44.0s), 12/12 VUs, 18156 complete and 0 interrupted iterations
sudden_spike   [  69% ] 12/12 VUs  08m15.8s/12m00.0s

running (08m45.0s), 12/12 VUs, 18180 complete and 0 interrupted iterations
sudden_spike   [  69% ] 12/12 VUs  08m16.8s/12m00.0s

running (08m46.0s), 12/12 VUs, 18257 complete and 0 interrupted iterations
sudden_spike   [  69% ] 12/12 VUs  08m17.8s/12m00.0s

running (08m47.0s), 12/12 VUs, 18332 complete and 0 interrupted iterations
sudden_spike   [  69% ] 12/12 VUs  08m18.8s/12m00.0s

running (08m48.0s), 12/12 VUs, 18418 complete and 0 interrupted iterations
sudden_spike   [  69% ] 12/12 VUs  08m19.8s/12m00.0s

running (08m49.0s), 12/12 VUs, 18467 complete and 0 interrupted iterations
sudden_spike   [  70% ] 12/12 VUs  08m20.8s/12m00.0s

running (08m50.0s), 12/12 VUs, 18528 complete and 0 interrupted iterations
sudden_spike   [  70% ] 12/12 VUs  08m21.8s/12m00.0s

running (08m51.0s), 12/12 VUs, 18572 complete and 0 interrupted iterations
sudden_spike   [  70% ] 12/12 VUs  08m22.8s/12m00.0s

running (08m52.0s), 12/12 VUs, 18620 complete and 0 interrupted iterations
sudden_spike   [  70% ] 12/12 VUs  08m23.8s/12m00.0s

running (08m53.0s), 12/12 VUs, 18651 complete and 0 interrupted iterations
sudden_spike   [  70% ] 12/12 VUs  08m24.8s/12m00.0s

running (08m54.0s), 12/12 VUs, 18671 complete and 0 interrupted iterations
sudden_spike   [  70% ] 12/12 VUs  08m25.8s/12m00.0s

running (08m55.0s), 12/12 VUs, 18725 complete and 0 interrupted iterations
sudden_spike   [  70% ] 12/12 VUs  08m26.8s/12m00.0s

running (08m56.0s), 12/12 VUs, 18798 complete and 0 interrupted iterations
sudden_spike   [  71% ] 12/12 VUs  08m27.8s/12m00.0s

running (08m57.0s), 12/12 VUs, 18839 complete and 0 interrupted iterations
sudden_spike   [  71% ] 12/12 VUs  08m28.8s/12m00.0s

running (08m58.0s), 12/12 VUs, 18852 complete and 0 interrupted iterations
sudden_spike   [  71% ] 12/12 VUs  08m29.8s/12m00.0s

running (08m59.0s), 12/12 VUs, 18897 complete and 0 interrupted iterations
sudden_spike   [  71% ] 12/12 VUs  08m30.8s/12m00.0s

running (09m00.0s), 12/12 VUs, 18921 complete and 0 interrupted iterations
sudden_spike   [  71% ] 12/12 VUs  08m31.8s/12m00.0s

running (09m01.0s), 12/12 VUs, 18945 complete and 0 interrupted iterations
sudden_spike   [  71% ] 12/12 VUs  08m32.8s/12m00.0s

running (09m02.0s), 12/12 VUs, 19011 complete and 0 interrupted iterations
sudden_spike   [  71% ] 12/12 VUs  08m33.8s/12m00.0s

running (09m03.0s), 12/12 VUs, 19078 complete and 0 interrupted iterations
sudden_spike   [  72% ] 12/12 VUs  08m34.8s/12m00.0s

running (09m04.0s), 12/12 VUs, 19121 complete and 0 interrupted iterations
sudden_spike   [  72% ] 12/12 VUs  08m35.8s/12m00.0s

running (09m05.0s), 12/12 VUs, 19179 complete and 0 interrupted iterations
sudden_spike   [  72% ] 12/12 VUs  08m36.8s/12m00.0s

running (09m06.0s), 12/12 VUs, 19246 complete and 0 interrupted iterations
sudden_spike   [  72% ] 12/12 VUs  08m37.8s/12m00.0s

running (09m07.0s), 12/12 VUs, 19269 complete and 0 interrupted iterations
sudden_spike   [  72% ] 12/12 VUs  08m38.8s/12m00.0s

running (09m08.0s), 12/12 VUs, 19318 complete and 0 interrupted iterations
sudden_spike   [  72% ] 12/12 VUs  08m39.8s/12m00.0s

running (09m09.0s), 12/12 VUs, 19368 complete and 0 interrupted iterations
sudden_spike   [  72% ] 12/12 VUs  08m40.8s/12m00.0s

running (09m10.0s), 12/12 VUs, 19397 complete and 0 interrupted iterations
sudden_spike   [  72% ] 12/12 VUs  08m41.8s/12m00.0s

running (09m11.0s), 12/12 VUs, 19471 complete and 0 interrupted iterations
sudden_spike   [  73% ] 12/12 VUs  08m42.8s/12m00.0s

running (09m12.0s), 12/12 VUs, 19483 complete and 0 interrupted iterations
sudden_spike   [  73% ] 12/12 VUs  08m43.8s/12m00.0s

running (09m13.0s), 12/12 VUs, 19529 complete and 0 interrupted iterations
sudden_spike   [  73% ] 12/12 VUs  08m44.8s/12m00.0s

running (09m14.0s), 12/12 VUs, 19547 complete and 0 interrupted iterations
sudden_spike   [  73% ] 12/12 VUs  08m45.8s/12m00.0s

running (09m15.0s), 12/12 VUs, 19586 complete and 0 interrupted iterations
sudden_spike   [  73% ] 12/12 VUs  08m46.8s/12m00.0s

running (09m16.0s), 12/12 VUs, 19625 complete and 0 interrupted iterations
sudden_spike   [  73% ] 12/12 VUs  08m47.8s/12m00.0s

running (09m17.0s), 12/12 VUs, 19672 complete and 0 interrupted iterations
sudden_spike   [  73% ] 12/12 VUs  08m48.8s/12m00.0s

running (09m18.0s), 12/12 VUs, 19707 complete and 0 interrupted iterations
sudden_spike   [  74% ] 12/12 VUs  08m49.8s/12m00.0s

running (09m19.0s), 12/12 VUs, 19749 complete and 0 interrupted iterations
sudden_spike   [  74% ] 12/12 VUs  08m50.8s/12m00.0s

running (09m20.0s), 12/12 VUs, 19770 complete and 0 interrupted iterations
sudden_spike   [  74% ] 12/12 VUs  08m51.8s/12m00.0s

running (09m21.0s), 12/12 VUs, 19789 complete and 0 interrupted iterations
sudden_spike   [  74% ] 12/12 VUs  08m52.8s/12m00.0s

running (09m22.0s), 12/12 VUs, 19838 complete and 0 interrupted iterations
sudden_spike   [  74% ] 12/12 VUs  08m53.8s/12m00.0s

running (09m23.0s), 12/12 VUs, 19902 complete and 0 interrupted iterations
sudden_spike   [  74% ] 12/12 VUs  08m54.8s/12m00.0s

running (09m24.0s), 12/12 VUs, 19949 complete and 0 interrupted iterations
sudden_spike   [  74% ] 12/12 VUs  08m55.8s/12m00.0s

running (09m25.0s), 12/12 VUs, 19987 complete and 0 interrupted iterations
sudden_spike   [  75% ] 12/12 VUs  08m56.8s/12m00.0s

running (09m26.0s), 12/12 VUs, 20020 complete and 0 interrupted iterations
sudden_spike   [  75% ] 12/12 VUs  08m57.8s/12m00.0s

running (09m27.0s), 12/12 VUs, 20045 complete and 0 interrupted iterations
sudden_spike   [  75% ] 12/12 VUs  08m58.8s/12m00.0s

running (09m28.0s), 12/12 VUs, 20085 complete and 0 interrupted iterations
sudden_spike   [  75% ] 12/12 VUs  08m59.8s/12m00.0s

running (09m29.0s), 12/12 VUs, 20132 complete and 0 interrupted iterations
sudden_spike   [  75% ] 12/12 VUs  09m00.8s/12m00.0s

running (09m30.0s), 12/12 VUs, 20172 complete and 0 interrupted iterations
sudden_spike   [  75% ] 12/12 VUs  09m01.8s/12m00.0s

running (09m31.0s), 12/12 VUs, 20192 complete and 0 interrupted iterations
sudden_spike   [  75% ] 12/12 VUs  09m02.8s/12m00.0s

running (09m32.0s), 12/12 VUs, 20228 complete and 0 interrupted iterations
sudden_spike   [  76% ] 12/12 VUs  09m03.8s/12m00.0s

running (09m33.0s), 12/12 VUs, 20258 complete and 0 interrupted iterations
sudden_spike   [  76% ] 12/12 VUs  09m04.8s/12m00.0s

running (09m34.0s), 12/12 VUs, 20286 complete and 0 interrupted iterations
sudden_spike   [  76% ] 12/12 VUs  09m05.8s/12m00.0s

running (09m35.0s), 12/12 VUs, 20348 complete and 0 interrupted iterations
sudden_spike   [  76% ] 12/12 VUs  09m06.8s/12m00.0s

running (09m36.0s), 12/12 VUs, 20368 complete and 0 interrupted iterations
sudden_spike   [  76% ] 12/12 VUs  09m07.8s/12m00.0s

running (09m37.0s), 12/12 VUs, 20401 complete and 0 interrupted iterations
sudden_spike   [  76% ] 12/12 VUs  09m08.8s/12m00.0s

running (09m38.0s), 12/12 VUs, 20438 complete and 0 interrupted iterations
sudden_spike   [  76% ] 12/12 VUs  09m09.8s/12m00.0s

running (09m39.0s), 12/12 VUs, 20480 complete and 0 interrupted iterations
sudden_spike   [  77% ] 12/12 VUs  09m10.8s/12m00.0s

running (09m40.0s), 12/12 VUs, 20520 complete and 0 interrupted iterations
sudden_spike   [  77% ] 12/12 VUs  09m11.8s/12m00.0s

running (09m41.0s), 12/12 VUs, 20569 complete and 0 interrupted iterations
sudden_spike   [  77% ] 12/12 VUs  09m12.8s/12m00.0s

running (09m42.0s), 12/12 VUs, 20595 complete and 0 interrupted iterations
sudden_spike   [  77% ] 12/12 VUs  09m13.8s/12m00.0s

running (09m43.0s), 12/12 VUs, 20649 complete and 0 interrupted iterations
sudden_spike   [  77% ] 12/12 VUs  09m14.8s/12m00.0s

running (09m44.0s), 12/12 VUs, 20714 complete and 0 interrupted iterations
sudden_spike   [  77% ] 12/12 VUs  09m15.8s/12m00.0s

running (09m45.0s), 11/12 VUs, 20775 complete and 0 interrupted iterations
sudden_spike   [  77% ] 11/12 VUs  09m16.8s/12m00.0s

running (09m46.0s), 11/12 VUs, 20825 complete and 0 interrupted iterations
sudden_spike   [  77% ] 11/12 VUs  09m17.8s/12m00.0s

running (09m47.0s), 11/12 VUs, 20857 complete and 0 interrupted iterations
sudden_spike   [  78% ] 11/12 VUs  09m18.8s/12m00.0s

running (09m48.0s), 11/12 VUs, 20916 complete and 0 interrupted iterations
sudden_spike   [  78% ] 11/12 VUs  09m19.8s/12m00.0s

running (09m49.0s), 11/12 VUs, 20949 complete and 0 interrupted iterations
sudden_spike   [  78% ] 11/12 VUs  09m20.8s/12m00.0s

running (09m50.0s), 11/12 VUs, 21009 complete and 0 interrupted iterations
sudden_spike   [  78% ] 11/12 VUs  09m21.8s/12m00.0s

running (09m51.0s), 11/12 VUs, 21049 complete and 0 interrupted iterations
sudden_spike   [  78% ] 11/12 VUs  09m22.8s/12m00.0s

running (09m52.0s), 11/12 VUs, 21073 complete and 0 interrupted iterations
sudden_spike   [  78% ] 11/12 VUs  09m23.8s/12m00.0s

running (09m53.0s), 11/12 VUs, 21083 complete and 0 interrupted iterations
sudden_spike   [  78% ] 11/12 VUs  09m24.8s/12m00.0s

running (09m54.0s), 11/12 VUs, 21163 complete and 0 interrupted iterations
sudden_spike   [  79% ] 11/12 VUs  09m25.8s/12m00.0s

running (09m55.0s), 11/12 VUs, 21207 complete and 0 interrupted iterations
sudden_spike   [  79% ] 11/12 VUs  09m26.8s/12m00.0s

running (09m56.0s), 11/12 VUs, 21233 complete and 0 interrupted iterations
sudden_spike   [  79% ] 11/12 VUs  09m27.8s/12m00.0s

running (09m57.0s), 11/12 VUs, 21252 complete and 0 interrupted iterations
sudden_spike   [  79% ] 11/12 VUs  09m28.8s/12m00.0s

running (09m58.0s), 11/12 VUs, 21287 complete and 0 interrupted iterations
sudden_spike   [  79% ] 11/12 VUs  09m29.8s/12m00.0s

running (09m59.0s), 11/12 VUs, 21308 complete and 0 interrupted iterations
sudden_spike   [  79% ] 11/12 VUs  09m30.8s/12m00.0s

running (10m00.0s), 11/12 VUs, 21322 complete and 0 interrupted iterations
sudden_spike   [  79% ] 11/12 VUs  09m31.8s/12m00.0s

running (10m01.0s), 10/12 VUs, 21382 complete and 0 interrupted iterations
sudden_spike   [  80% ] 10/12 VUs  09m32.8s/12m00.0s

running (10m02.0s), 10/12 VUs, 21439 complete and 0 interrupted iterations
sudden_spike   [  80% ] 10/12 VUs  09m33.8s/12m00.0s

running (10m03.0s), 10/12 VUs, 21450 complete and 0 interrupted iterations
sudden_spike   [  80% ] 10/12 VUs  09m34.8s/12m00.0s

running (10m04.0s), 10/12 VUs, 21494 complete and 0 interrupted iterations
sudden_spike   [  80% ] 10/12 VUs  09m35.8s/12m00.0s

running (10m05.0s), 10/12 VUs, 21555 complete and 0 interrupted iterations
sudden_spike   [  80% ] 10/12 VUs  09m36.8s/12m00.0s

running (10m06.0s), 10/12 VUs, 21621 complete and 0 interrupted iterations
sudden_spike   [  80% ] 10/12 VUs  09m37.8s/12m00.0s

running (10m07.0s), 10/12 VUs, 21675 complete and 0 interrupted iterations
sudden_spike   [  80% ] 10/12 VUs  09m38.8s/12m00.0s

running (10m08.0s), 10/12 VUs, 21723 complete and 0 interrupted iterations
sudden_spike   [  81% ] 10/12 VUs  09m39.8s/12m00.0s

running (10m09.0s), 10/12 VUs, 21763 complete and 0 interrupted iterations
sudden_spike   [  81% ] 10/12 VUs  09m40.8s/12m00.0s

running (10m10.0s), 10/12 VUs, 21820 complete and 0 interrupted iterations
sudden_spike   [  81% ] 10/12 VUs  09m41.8s/12m00.0s

running (10m11.0s), 10/12 VUs, 21853 complete and 0 interrupted iterations
sudden_spike   [  81% ] 10/12 VUs  09m42.8s/12m00.0s

running (10m12.0s), 10/12 VUs, 21894 complete and 0 interrupted iterations
sudden_spike   [  81% ] 10/12 VUs  09m43.8s/12m00.0s

running (10m13.0s), 10/12 VUs, 21940 complete and 0 interrupted iterations
sudden_spike   [  81% ] 10/12 VUs  09m44.8s/12m00.0s

running (10m14.0s), 09/12 VUs, 21978 complete and 0 interrupted iterations
sudden_spike   [  81% ] 09/12 VUs  09m45.8s/12m00.0s

running (10m15.0s), 09/12 VUs, 22046 complete and 0 interrupted iterations
sudden_spike   [  82% ] 09/12 VUs  09m46.8s/12m00.0s

running (10m16.0s), 09/12 VUs, 22104 complete and 0 interrupted iterations
sudden_spike   [  82% ] 09/12 VUs  09m47.8s/12m00.0s

running (10m17.0s), 09/12 VUs, 22136 complete and 0 interrupted iterations
sudden_spike   [  82% ] 09/12 VUs  09m48.8s/12m00.0s

running (10m18.0s), 09/12 VUs, 22150 complete and 0 interrupted iterations
sudden_spike   [  82% ] 09/12 VUs  09m49.8s/12m00.0s

running (10m19.0s), 09/12 VUs, 22179 complete and 0 interrupted iterations
sudden_spike   [  82% ] 09/12 VUs  09m50.8s/12m00.0s

running (10m20.0s), 09/12 VUs, 22225 complete and 0 interrupted iterations
sudden_spike   [  82% ] 09/12 VUs  09m51.8s/12m00.0s

running (10m21.0s), 09/12 VUs, 22292 complete and 0 interrupted iterations
sudden_spike   [  82% ] 09/12 VUs  09m52.8s/12m00.0s

running (10m22.0s), 09/12 VUs, 22342 complete and 0 interrupted iterations
sudden_spike   [  82% ] 09/12 VUs  09m53.8s/12m00.0s

running (10m23.0s), 09/12 VUs, 22402 complete and 0 interrupted iterations
sudden_spike   [  83% ] 09/12 VUs  09m54.8s/12m00.0s

running (10m24.0s), 09/12 VUs, 22461 complete and 0 interrupted iterations
sudden_spike   [  83% ] 09/12 VUs  09m55.8s/12m00.0s

running (10m25.0s), 09/12 VUs, 22507 complete and 0 interrupted iterations
sudden_spike   [  83% ] 09/12 VUs  09m56.8s/12m00.0s

running (10m26.0s), 09/12 VUs, 22575 complete and 0 interrupted iterations
sudden_spike   [  83% ] 09/12 VUs  09m57.8s/12m00.0s

running (10m27.0s), 09/12 VUs, 22609 complete and 0 interrupted iterations
sudden_spike   [  83% ] 09/12 VUs  09m58.8s/12m00.0s

running (10m28.0s), 09/12 VUs, 22662 complete and 0 interrupted iterations
sudden_spike   [  83% ] 09/12 VUs  09m59.8s/12m00.0s

running (10m29.0s), 09/12 VUs, 22682 complete and 0 interrupted iterations
sudden_spike   [  83% ] 09/12 VUs  10m00.8s/12m00.0s

running (10m30.0s), 08/12 VUs, 22731 complete and 0 interrupted iterations
sudden_spike   [  84% ] 08/12 VUs  10m01.8s/12m00.0s

running (10m31.0s), 08/12 VUs, 22804 complete and 0 interrupted iterations
sudden_spike   [  84% ] 08/12 VUs  10m02.8s/12m00.0s

running (10m32.0s), 08/12 VUs, 22891 complete and 0 interrupted iterations
sudden_spike   [  84% ] 08/12 VUs  10m03.8s/12m00.0s

running (10m33.0s), 08/12 VUs, 22926 complete and 0 interrupted iterations
sudden_spike   [  84% ] 08/12 VUs  10m04.8s/12m00.0s

running (10m34.0s), 08/12 VUs, 23014 complete and 0 interrupted iterations
sudden_spike   [  84% ] 08/12 VUs  10m05.8s/12m00.0s

running (10m35.0s), 08/12 VUs, 23075 complete and 0 interrupted iterations
sudden_spike   [  84% ] 08/12 VUs  10m06.8s/12m00.0s

running (10m36.0s), 08/12 VUs, 23110 complete and 0 interrupted iterations
sudden_spike   [  84% ] 08/12 VUs  10m07.8s/12m00.0s

running (10m37.0s), 08/12 VUs, 23150 complete and 0 interrupted iterations
sudden_spike   [  85% ] 08/12 VUs  10m08.8s/12m00.0s

running (10m38.0s), 08/12 VUs, 23191 complete and 0 interrupted iterations
sudden_spike   [  85% ] 08/12 VUs  10m09.8s/12m00.0s

running (10m39.0s), 08/12 VUs, 23226 complete and 0 interrupted iterations
sudden_spike   [  85% ] 08/12 VUs  10m10.8s/12m00.0s

running (10m40.0s), 08/12 VUs, 23262 complete and 0 interrupted iterations
sudden_spike   [  85% ] 08/12 VUs  10m11.8s/12m00.0s

running (10m41.0s), 08/12 VUs, 23314 complete and 0 interrupted iterations
sudden_spike   [  85% ] 08/12 VUs  10m12.8s/12m00.0s

running (10m42.0s), 08/12 VUs, 23348 complete and 0 interrupted iterations
sudden_spike   [  85% ] 08/12 VUs  10m13.8s/12m00.0s

running (10m43.0s), 08/12 VUs, 23408 complete and 0 interrupted iterations
sudden_spike   [  85% ] 08/12 VUs  10m14.8s/12m00.0s

running (10m44.0s), 07/12 VUs, 23456 complete and 0 interrupted iterations
sudden_spike   [  86% ] 07/12 VUs  10m15.8s/12m00.0s

running (10m45.0s), 07/12 VUs, 23494 complete and 0 interrupted iterations
sudden_spike   [  86% ] 07/12 VUs  10m16.8s/12m00.0s

running (10m46.0s), 07/12 VUs, 23535 complete and 0 interrupted iterations
sudden_spike   [  86% ] 07/12 VUs  10m17.8s/12m00.0s

running (10m47.0s), 07/12 VUs, 23555 complete and 0 interrupted iterations
sudden_spike   [  86% ] 07/12 VUs  10m18.8s/12m00.0s

running (10m48.0s), 07/12 VUs, 23588 complete and 0 interrupted iterations
sudden_spike   [  86% ] 07/12 VUs  10m19.8s/12m00.0s

running (10m49.0s), 07/12 VUs, 23630 complete and 0 interrupted iterations
sudden_spike   [  86% ] 07/12 VUs  10m20.8s/12m00.0s

running (10m50.0s), 07/12 VUs, 23678 complete and 0 interrupted iterations
sudden_spike   [  86% ] 07/12 VUs  10m21.8s/12m00.0s

running (10m51.0s), 07/12 VUs, 23693 complete and 0 interrupted iterations
sudden_spike   [  87% ] 07/12 VUs  10m22.8s/12m00.0s

running (10m52.0s), 07/12 VUs, 23711 complete and 0 interrupted iterations
sudden_spike   [  87% ] 07/12 VUs  10m23.8s/12m00.0s

running (10m53.0s), 07/12 VUs, 23738 complete and 0 interrupted iterations
sudden_spike   [  87% ] 07/12 VUs  10m24.8s/12m00.0s

running (10m54.0s), 07/12 VUs, 23760 complete and 0 interrupted iterations
sudden_spike   [  87% ] 07/12 VUs  10m25.8s/12m00.0s

running (10m55.0s), 07/12 VUs, 23794 complete and 0 interrupted iterations
sudden_spike   [  87% ] 07/12 VUs  10m26.8s/12m00.0s

running (10m56.0s), 07/12 VUs, 23829 complete and 0 interrupted iterations
sudden_spike   [  87% ] 07/12 VUs  10m27.8s/12m00.0s

running (10m57.0s), 07/12 VUs, 23853 complete and 0 interrupted iterations
sudden_spike   [  87% ] 07/12 VUs  10m28.8s/12m00.0s

running (10m58.0s), 07/12 VUs, 23881 complete and 0 interrupted iterations
sudden_spike   [  87% ] 07/12 VUs  10m29.8s/12m00.0s

running (10m59.0s), 06/12 VUs, 23908 complete and 0 interrupted iterations
sudden_spike   [  88% ] 06/12 VUs  10m30.8s/12m00.0s

running (11m00.0s), 06/12 VUs, 23972 complete and 0 interrupted iterations
sudden_spike   [  88% ] 06/12 VUs  10m31.8s/12m00.0s

running (11m01.0s), 06/12 VUs, 23991 complete and 0 interrupted iterations
sudden_spike   [  88% ] 06/12 VUs  10m32.8s/12m00.0s

running (11m02.0s), 06/12 VUs, 24043 complete and 0 interrupted iterations
sudden_spike   [  88% ] 06/12 VUs  10m33.8s/12m00.0s

running (11m03.0s), 06/12 VUs, 24068 complete and 0 interrupted iterations
sudden_spike   [  88% ] 06/12 VUs  10m34.8s/12m00.0s

running (11m04.0s), 06/12 VUs, 24152 complete and 0 interrupted iterations
sudden_spike   [  88% ] 06/12 VUs  10m35.8s/12m00.0s

running (11m05.0s), 06/12 VUs, 24185 complete and 0 interrupted iterations
sudden_spike   [  88% ] 06/12 VUs  10m36.8s/12m00.0s

running (11m06.0s), 06/12 VUs, 24234 complete and 0 interrupted iterations
sudden_spike   [  89% ] 06/12 VUs  10m37.8s/12m00.0s

running (11m07.0s), 06/12 VUs, 24293 complete and 0 interrupted iterations
sudden_spike   [  89% ] 06/12 VUs  10m38.8s/12m00.0s

running (11m08.0s), 06/12 VUs, 24334 complete and 0 interrupted iterations
sudden_spike   [  89% ] 06/12 VUs  10m39.8s/12m00.0s

running (11m09.0s), 06/12 VUs, 24374 complete and 0 interrupted iterations
sudden_spike   [  89% ] 06/12 VUs  10m40.8s/12m00.0s

running (11m10.0s), 06/12 VUs, 24416 complete and 0 interrupted iterations
sudden_spike   [  89% ] 06/12 VUs  10m41.8s/12m00.0s

running (11m11.0s), 06/12 VUs, 24471 complete and 0 interrupted iterations
sudden_spike   [  89% ] 06/12 VUs  10m42.8s/12m00.0s

running (11m12.0s), 06/12 VUs, 24525 complete and 0 interrupted iterations
sudden_spike   [  89% ] 06/12 VUs  10m43.8s/12m00.0s

running (11m13.0s), 06/12 VUs, 24554 complete and 0 interrupted iterations
sudden_spike   [  90% ] 06/12 VUs  10m44.8s/12m00.0s

running (11m14.0s), 05/12 VUs, 24593 complete and 0 interrupted iterations
sudden_spike   [  90% ] 05/12 VUs  10m45.8s/12m00.0s

running (11m15.0s), 05/12 VUs, 24640 complete and 0 interrupted iterations
sudden_spike   [  90% ] 05/12 VUs  10m46.8s/12m00.0s

running (11m16.0s), 05/12 VUs, 24659 complete and 0 interrupted iterations
sudden_spike   [  90% ] 05/12 VUs  10m47.8s/12m00.0s

running (11m17.0s), 05/12 VUs, 24675 complete and 0 interrupted iterations
sudden_spike   [  90% ] 05/12 VUs  10m48.8s/12m00.0s

running (11m18.0s), 05/12 VUs, 24712 complete and 0 interrupted iterations
sudden_spike   [  90% ] 05/12 VUs  10m49.8s/12m00.0s

running (11m19.0s), 05/12 VUs, 24738 complete and 0 interrupted iterations
sudden_spike   [  90% ] 05/12 VUs  10m50.8s/12m00.0s

running (11m20.0s), 05/12 VUs, 24776 complete and 0 interrupted iterations
sudden_spike   [  91% ] 05/12 VUs  10m51.8s/12m00.0s

running (11m21.0s), 05/12 VUs, 24829 complete and 0 interrupted iterations
sudden_spike   [  91% ] 05/12 VUs  10m52.8s/12m00.0s

running (11m22.0s), 05/12 VUs, 24868 complete and 0 interrupted iterations
sudden_spike   [  91% ] 05/12 VUs  10m53.8s/12m00.0s

running (11m23.0s), 05/12 VUs, 24883 complete and 0 interrupted iterations
sudden_spike   [  91% ] 05/12 VUs  10m54.8s/12m00.0s

running (11m24.0s), 05/12 VUs, 24965 complete and 0 interrupted iterations
sudden_spike   [  91% ] 05/12 VUs  10m55.8s/12m00.0s

running (11m25.0s), 05/12 VUs, 25002 complete and 0 interrupted iterations
sudden_spike   [  91% ] 05/12 VUs  10m56.8s/12m00.0s

running (11m26.0s), 05/12 VUs, 25044 complete and 0 interrupted iterations
sudden_spike   [  91% ] 05/12 VUs  10m57.8s/12m00.0s

running (11m27.0s), 05/12 VUs, 25044 complete and 0 interrupted iterations
sudden_spike   [  92% ] 05/12 VUs  10m58.8s/12m00.0s

running (11m28.0s), 05/12 VUs, 25047 complete and 0 interrupted iterations
sudden_spike   [  92% ] 05/12 VUs  10m59.8s/12m00.0s

running (11m29.0s), 04/12 VUs, 25073 complete and 0 interrupted iterations
sudden_spike   [  92% ] 04/12 VUs  11m00.8s/12m00.0s

running (11m30.0s), 04/12 VUs, 25087 complete and 0 interrupted iterations
sudden_spike   [  92% ] 04/12 VUs  11m01.8s/12m00.0s

running (11m31.0s), 04/12 VUs, 25109 complete and 0 interrupted iterations
sudden_spike   [  92% ] 04/12 VUs  11m02.8s/12m00.0s

running (11m32.0s), 04/12 VUs, 25125 complete and 0 interrupted iterations
sudden_spike   [  92% ] 04/12 VUs  11m03.8s/12m00.0s

running (11m33.0s), 04/12 VUs, 25134 complete and 0 interrupted iterations
sudden_spike   [  92% ] 04/12 VUs  11m04.8s/12m00.0s

running (11m34.0s), 04/12 VUs, 25158 complete and 0 interrupted iterations
sudden_spike   [  92% ] 04/12 VUs  11m05.8s/12m00.0s

running (11m35.0s), 04/12 VUs, 25189 complete and 0 interrupted iterations
sudden_spike   [  93% ] 04/12 VUs  11m06.8s/12m00.0s

running (11m36.0s), 04/12 VUs, 25230 complete and 0 interrupted iterations
sudden_spike   [  93% ] 04/12 VUs  11m07.8s/12m00.0s

running (11m37.0s), 04/12 VUs, 25303 complete and 0 interrupted iterations
sudden_spike   [  93% ] 04/12 VUs  11m08.8s/12m00.0s

running (11m38.0s), 04/12 VUs, 25326 complete and 0 interrupted iterations
sudden_spike   [  93% ] 04/12 VUs  11m09.8s/12m00.0s

running (11m39.0s), 04/12 VUs, 25330 complete and 0 interrupted iterations
sudden_spike   [  93% ] 04/12 VUs  11m10.8s/12m00.0s

running (11m40.0s), 04/12 VUs, 25364 complete and 0 interrupted iterations
sudden_spike   [  93% ] 04/12 VUs  11m11.8s/12m00.0s

running (11m41.0s), 04/12 VUs, 25406 complete and 0 interrupted iterations
sudden_spike   [  93% ] 04/12 VUs  11m12.8s/12m00.0s

running (11m42.0s), 04/12 VUs, 25420 complete and 0 interrupted iterations
sudden_spike   [  94% ] 04/12 VUs  11m13.8s/12m00.0s

running (11m43.0s), 04/12 VUs, 25452 complete and 0 interrupted iterations
sudden_spike   [  94% ] 04/12 VUs  11m14.8s/12m00.0s

running (11m44.0s), 04/12 VUs, 25480 complete and 0 interrupted iterations
sudden_spike   [  94% ] 04/12 VUs  11m15.8s/12m00.0s

running (11m45.0s), 03/12 VUs, 25521 complete and 0 interrupted iterations
sudden_spike   [  94% ] 03/12 VUs  11m16.8s/12m00.0s

running (11m46.0s), 03/12 VUs, 25548 complete and 0 interrupted iterations
sudden_spike   [  94% ] 03/12 VUs  11m17.8s/12m00.0s

running (11m47.0s), 03/12 VUs, 25564 complete and 0 interrupted iterations
sudden_spike   [  94% ] 03/12 VUs  11m18.8s/12m00.0s

running (11m48.0s), 03/12 VUs, 25605 complete and 0 interrupted iterations
sudden_spike   [  94% ] 03/12 VUs  11m19.8s/12m00.0s

running (11m49.0s), 03/12 VUs, 25639 complete and 0 interrupted iterations
sudden_spike   [  95% ] 03/12 VUs  11m20.8s/12m00.0s

running (11m50.0s), 03/12 VUs, 25649 complete and 0 interrupted iterations
sudden_spike   [  95% ] 03/12 VUs  11m21.8s/12m00.0s

running (11m51.0s), 03/12 VUs, 25664 complete and 0 interrupted iterations
sudden_spike   [  95% ] 03/12 VUs  11m22.8s/12m00.0s

running (11m52.0s), 03/12 VUs, 25677 complete and 0 interrupted iterations
sudden_spike   [  95% ] 03/12 VUs  11m23.8s/12m00.0s

running (11m53.0s), 03/12 VUs, 25712 complete and 0 interrupted iterations
sudden_spike   [  95% ] 03/12 VUs  11m24.8s/12m00.0s

running (11m54.0s), 03/12 VUs, 25729 complete and 0 interrupted iterations
sudden_spike   [  95% ] 03/12 VUs  11m25.8s/12m00.0s

running (11m55.0s), 03/12 VUs, 25767 complete and 0 interrupted iterations
sudden_spike   [  95% ] 03/12 VUs  11m26.8s/12m00.0s

running (11m56.0s), 03/12 VUs, 25801 complete and 0 interrupted iterations
sudden_spike   [  96% ] 03/12 VUs  11m27.8s/12m00.0s

running (11m57.0s), 03/12 VUs, 25833 complete and 0 interrupted iterations
sudden_spike   [  96% ] 03/12 VUs  11m28.8s/12m00.0s

running (11m58.0s), 03/12 VUs, 25863 complete and 0 interrupted iterations
sudden_spike   [  96% ] 03/12 VUs  11m29.8s/12m00.0s

running (11m59.0s), 02/12 VUs, 25879 complete and 0 interrupted iterations
sudden_spike   [  96% ] 02/12 VUs  11m30.8s/12m00.0s

running (12m00.0s), 02/12 VUs, 25906 complete and 0 interrupted iterations
sudden_spike   [  96% ] 02/12 VUs  11m31.8s/12m00.0s

running (12m01.0s), 02/12 VUs, 25915 complete and 0 interrupted iterations
sudden_spike   [  96% ] 02/12 VUs  11m32.8s/12m00.0s

running (12m02.0s), 02/12 VUs, 25943 complete and 0 interrupted iterations
sudden_spike   [  96% ] 02/12 VUs  11m33.8s/12m00.0s

running (12m03.0s), 02/12 VUs, 25956 complete and 0 interrupted iterations
sudden_spike   [  97% ] 02/12 VUs  11m34.8s/12m00.0s

running (12m04.0s), 02/12 VUs, 25983 complete and 0 interrupted iterations
sudden_spike   [  97% ] 02/12 VUs  11m35.8s/12m00.0s

running (12m05.0s), 02/12 VUs, 26005 complete and 0 interrupted iterations
sudden_spike   [  97% ] 02/12 VUs  11m36.8s/12m00.0s

running (12m06.0s), 02/12 VUs, 26020 complete and 0 interrupted iterations
sudden_spike   [  97% ] 02/12 VUs  11m37.8s/12m00.0s

running (12m07.0s), 02/12 VUs, 26039 complete and 0 interrupted iterations
sudden_spike   [  97% ] 02/12 VUs  11m38.8s/12m00.0s

running (12m08.0s), 02/12 VUs, 26044 complete and 0 interrupted iterations
sudden_spike   [  97% ] 02/12 VUs  11m39.8s/12m00.0s

running (12m09.0s), 02/12 VUs, 26073 complete and 0 interrupted iterations
sudden_spike   [  97% ] 02/12 VUs  11m40.8s/12m00.0s

running (12m10.0s), 02/12 VUs, 26089 complete and 0 interrupted iterations
sudden_spike   [  97% ] 02/12 VUs  11m41.8s/12m00.0s

running (12m11.0s), 02/12 VUs, 26121 complete and 0 interrupted iterations
sudden_spike   [  98% ] 02/12 VUs  11m42.8s/12m00.0s

running (12m12.0s), 02/12 VUs, 26156 complete and 0 interrupted iterations
sudden_spike   [  98% ] 02/12 VUs  11m43.8s/12m00.0s

running (12m13.0s), 02/12 VUs, 26175 complete and 0 interrupted iterations
sudden_spike   [  98% ] 02/12 VUs  11m44.8s/12m00.0s

running (12m14.0s), 02/12 VUs, 26184 complete and 0 interrupted iterations
sudden_spike   [  98% ] 02/12 VUs  11m45.8s/12m00.0s

running (12m15.0s), 01/12 VUs, 26202 complete and 0 interrupted iterations
sudden_spike   [  98% ] 01/12 VUs  11m46.8s/12m00.0s

running (12m16.0s), 01/12 VUs, 26205 complete and 0 interrupted iterations
sudden_spike   [  98% ] 01/12 VUs  11m47.8s/12m00.0s

running (12m17.0s), 01/12 VUs, 26231 complete and 0 interrupted iterations
sudden_spike   [  98% ] 01/12 VUs  11m48.8s/12m00.0s

running (12m18.0s), 01/12 VUs, 26246 complete and 0 interrupted iterations
sudden_spike   [  99% ] 01/12 VUs  11m49.8s/12m00.0s

running (12m19.0s), 01/12 VUs, 26257 complete and 0 interrupted iterations
sudden_spike   [  99% ] 01/12 VUs  11m50.8s/12m00.0s

running (12m20.0s), 01/12 VUs, 26259 complete and 0 interrupted iterations
sudden_spike   [  99% ] 01/12 VUs  11m51.8s/12m00.0s

running (12m21.0s), 01/12 VUs, 26275 complete and 0 interrupted iterations
sudden_spike   [  99% ] 01/12 VUs  11m52.8s/12m00.0s

running (12m22.0s), 01/12 VUs, 26285 complete and 0 interrupted iterations
sudden_spike   [  99% ] 01/12 VUs  11m53.8s/12m00.0s

running (12m23.0s), 01/12 VUs, 26309 complete and 0 interrupted iterations
sudden_spike   [  99% ] 01/12 VUs  11m54.8s/12m00.0s

running (12m24.0s), 01/12 VUs, 26315 complete and 0 interrupted iterations
sudden_spike   [  99% ] 01/12 VUs  11m55.8s/12m00.0s

running (12m25.0s), 01/12 VUs, 26329 complete and 0 interrupted iterations
sudden_spike   [ 100% ] 01/12 VUs  11m56.8s/12m00.0s

running (12m26.0s), 01/12 VUs, 26339 complete and 0 interrupted iterations
sudden_spike   [ 100% ] 01/12 VUs  11m57.8s/12m00.0s

running (12m27.0s), 01/12 VUs, 26350 complete and 0 interrupted iterations
sudden_spike   [ 100% ] 01/12 VUs  11m58.8s/12m00.0s

running (12m28.0s), 01/12 VUs, 26363 complete and 0 interrupted iterations
sudden_spike   [ 100% ] 01/12 VUs  11m59.8s/12m00.0s


  █ THRESHOLDS 

    http_req_duration
    ✓ 'p(95)<2000' p(95)=1.61s

    http_req_failed
    ✓ 'rate<0.05' rate=0.00%


  █ TOTAL RESULTS 

    checks_total.......: 79107  105.682341/s
    checks_succeeded...: 97.47% 77107 out of 79107
    checks_failed......: 2.52%  2000 out of 79107

    ✓ login status is 200
    ✓ login returns access token
    ✗ login response time < 1000ms
      ↳  75% — ✓ 5914 / ✗ 1955
    ✓ me status is 200
    ✓ me returns user data
    ✗ me response time < 500ms
      ↳  99% — ✓ 18455 / ✗ 45

    HTTP
    http_req_duration..............: avg=237.31ms min=2.19ms med=20.87ms max=6.78s p(90)=571ms    p(95)=1.61s
      { expected_response:true }...: avg=237.31ms min=2.19ms med=20.87ms max=6.78s p(90)=571ms    p(95)=1.61s
    http_req_failed................: 0.00% 0 out of 26489
    http_reqs......................: 26489 35.38776/s

    EXECUTION
    iteration_duration.............: avg=238.1ms  min=2.74ms med=21.54ms max=6.78s p(90)=575.23ms p(95)=1.62s
    iterations.....................: 26369 35.227447/s
    vus............................: 1     min=0          max=12
    vus_max........................: 12    min=12         max=12

    NETWORK
    data_received..................: 14 MB 19 kB/s
    data_sent......................: 13 MB 17 kB/s




running (12m28.5s), 00/12 VUs, 26369 complete and 0 interrupted iterations
sudden_spike ✓ [ 100% ] 00/12 VUs  12m0s
