
         /\      Grafana   /‾‾/  
    /\  /  \     |\  __   /  /   
   /  \/    \    | |/ /  /   ‾‾\ 
  /          \   |   (  |  (‾)  |
 / __________ \  |_|\_\  \_____/ 


     execution: local
        script: /scripts/load-test.js
        output: json (/results/results.json)

     scenarios: (100.00%) 1 scenario, 12 max VUs, 12m30s max duration (incl. graceful stop):
              * sudden_spike: Up to 12 looping VUs for 12m0s over 5 stages (gracefulRampDown: 30s, gracefulStop: 30s)

time="2026-08-16T23:11:28Z" level=info msg="Seeding and pre-authenticating 120 users..." source=console

Run            [ 100% ] setup()
sudden_spike   [   0% ]

Run            [ 100% ] setup()
sudden_spike   [   0% ]

Run            [ 100% ] setup()
sudden_spike   [   0% ]

Run            [ 100% ] setup()
sudden_spike   [   0% ]

Run            [ 100% ] setup()
sudden_spike   [   0% ]

Run            [ 100% ] setup()
sudden_spike   [   0% ]

Run            [ 100% ] setup()
sudden_spike   [   0% ]

Run            [ 100% ] setup()
sudden_spike   [   0% ]

Run            [ 100% ] setup()
sudden_spike   [   0% ]

Run            [ 100% ] setup()
sudden_spike   [   0% ]

Run            [ 100% ] setup()
sudden_spike   [   0% ]

Run            [ 100% ] setup()
sudden_spike   [   0% ]

Run            [ 100% ] setup()
sudden_spike   [   0% ]

Run            [ 100% ] setup()
sudden_spike   [   0% ]

Run            [ 100% ] setup()
sudden_spike   [   0% ]

Run            [ 100% ] setup()
sudden_spike   [   0% ]

Run            [ 100% ] setup()
sudden_spike   [   0% ]

Run            [ 100% ] setup()
sudden_spike   [   0% ]

Run            [ 100% ] setup()
sudden_spike   [   0% ]

Run            [ 100% ] setup()
sudden_spike   [   0% ]

Run            [ 100% ] setup()
sudden_spike   [   0% ]

Run            [ 100% ] setup()
sudden_spike   [   0% ]

Run            [ 100% ] setup()
sudden_spike   [   0% ]

Run            [ 100% ] setup()
sudden_spike   [   0% ]

Run            [ 100% ] setup()
sudden_spike   [   0% ]

Run            [ 100% ] setup()
sudden_spike   [   0% ]

Run            [ 100% ] setup()
sudden_spike   [   0% ]

Run            [ 100% ] setup()
sudden_spike   [   0% ]
time="2026-08-16T23:11:56Z" level=info msg="Pre-auth complete: 120/120 tokens obtained" source=console

running (00m29.0s), 01/12 VUs, 13 complete and 0 interrupted iterations
sudden_spike   [   0% ] 01/12 VUs  00m00.8s/12m00.0s

running (00m30.0s), 01/12 VUs, 29 complete and 0 interrupted iterations
sudden_spike   [   0% ] 01/12 VUs  00m01.8s/12m00.0s

running (00m31.0s), 01/12 VUs, 43 complete and 0 interrupted iterations
sudden_spike   [   0% ] 01/12 VUs  00m02.8s/12m00.0s

running (00m32.0s), 01/12 VUs, 65 complete and 0 interrupted iterations
sudden_spike   [   1% ] 01/12 VUs  00m03.8s/12m00.0s

running (00m33.0s), 01/12 VUs, 72 complete and 0 interrupted iterations
sudden_spike   [   1% ] 01/12 VUs  00m04.8s/12m00.0s

running (00m34.0s), 01/12 VUs, 95 complete and 0 interrupted iterations
sudden_spike   [   1% ] 01/12 VUs  00m05.8s/12m00.0s

running (00m35.0s), 01/12 VUs, 113 complete and 0 interrupted iterations
sudden_spike   [   1% ] 01/12 VUs  00m06.8s/12m00.0s

running (00m36.0s), 01/12 VUs, 156 complete and 0 interrupted iterations
sudden_spike   [   1% ] 01/12 VUs  00m07.8s/12m00.0s

running (00m37.0s), 01/12 VUs, 162 complete and 0 interrupted iterations
sudden_spike   [   1% ] 01/12 VUs  00m08.8s/12m00.0s

running (00m38.0s), 01/12 VUs, 163 complete and 0 interrupted iterations
sudden_spike   [   1% ] 01/12 VUs  00m09.8s/12m00.0s

running (00m39.0s), 01/12 VUs, 169 complete and 0 interrupted iterations
sudden_spike   [   1% ] 01/12 VUs  00m10.8s/12m00.0s

running (00m40.0s), 01/12 VUs, 175 complete and 0 interrupted iterations
sudden_spike   [   2% ] 01/12 VUs  00m11.8s/12m00.0s

running (00m41.0s), 01/12 VUs, 189 complete and 0 interrupted iterations
sudden_spike   [   2% ] 01/12 VUs  00m12.8s/12m00.0s

running (00m42.0s), 01/12 VUs, 211 complete and 0 interrupted iterations
sudden_spike   [   2% ] 01/12 VUs  00m13.8s/12m00.0s

running (00m43.0s), 01/12 VUs, 217 complete and 0 interrupted iterations
sudden_spike   [   2% ] 01/12 VUs  00m14.8s/12m00.0s

running (00m44.0s), 01/12 VUs, 224 complete and 0 interrupted iterations
sudden_spike   [   2% ] 01/12 VUs  00m15.8s/12m00.0s

running (00m45.0s), 01/12 VUs, 241 complete and 0 interrupted iterations
sudden_spike   [   2% ] 01/12 VUs  00m16.8s/12m00.0s

running (00m46.0s), 01/12 VUs, 256 complete and 0 interrupted iterations
sudden_spike   [   2% ] 01/12 VUs  00m17.8s/12m00.0s

running (00m47.0s), 01/12 VUs, 284 complete and 0 interrupted iterations
sudden_spike   [   3% ] 01/12 VUs  00m18.8s/12m00.0s

running (00m48.0s), 01/12 VUs, 286 complete and 0 interrupted iterations
sudden_spike   [   3% ] 01/12 VUs  00m19.8s/12m00.0s

running (00m49.0s), 01/12 VUs, 307 complete and 0 interrupted iterations
sudden_spike   [   3% ] 01/12 VUs  00m20.8s/12m00.0s

running (00m50.0s), 01/12 VUs, 310 complete and 0 interrupted iterations
sudden_spike   [   3% ] 01/12 VUs  00m21.8s/12m00.0s

running (00m51.0s), 01/12 VUs, 320 complete and 0 interrupted iterations
sudden_spike   [   3% ] 01/12 VUs  00m22.8s/12m00.0s

running (00m52.0s), 01/12 VUs, 324 complete and 0 interrupted iterations
sudden_spike   [   3% ] 01/12 VUs  00m23.8s/12m00.0s

running (00m53.0s), 01/12 VUs, 342 complete and 0 interrupted iterations
sudden_spike   [   3% ] 01/12 VUs  00m24.8s/12m00.0s

running (00m54.0s), 01/12 VUs, 347 complete and 0 interrupted iterations
sudden_spike   [   4% ] 01/12 VUs  00m25.8s/12m00.0s

running (00m55.0s), 01/12 VUs, 349 complete and 0 interrupted iterations
sudden_spike   [   4% ] 01/12 VUs  00m26.8s/12m00.0s

running (00m56.0s), 01/12 VUs, 353 complete and 0 interrupted iterations
sudden_spike   [   4% ] 01/12 VUs  00m27.8s/12m00.0s

running (00m57.0s), 01/12 VUs, 358 complete and 0 interrupted iterations
sudden_spike   [   4% ] 01/12 VUs  00m28.8s/12m00.0s

running (00m58.0s), 01/12 VUs, 367 complete and 0 interrupted iterations
sudden_spike   [   4% ] 01/12 VUs  00m29.8s/12m00.0s

running (00m59.0s), 01/12 VUs, 426 complete and 0 interrupted iterations
sudden_spike   [   4% ] 01/12 VUs  00m30.8s/12m00.0s

running (01m00.0s), 01/12 VUs, 440 complete and 0 interrupted iterations
sudden_spike   [   4% ] 01/12 VUs  00m31.8s/12m00.0s

running (01m01.0s), 01/12 VUs, 445 complete and 0 interrupted iterations
sudden_spike   [   5% ] 01/12 VUs  00m32.8s/12m00.0s

running (01m02.0s), 01/12 VUs, 456 complete and 0 interrupted iterations
sudden_spike   [   5% ] 01/12 VUs  00m33.8s/12m00.0s

running (01m03.0s), 01/12 VUs, 468 complete and 0 interrupted iterations
sudden_spike   [   5% ] 01/12 VUs  00m34.8s/12m00.0s

running (01m04.0s), 01/12 VUs, 495 complete and 0 interrupted iterations
sudden_spike   [   5% ] 01/12 VUs  00m35.8s/12m00.0s

running (01m05.0s), 01/12 VUs, 504 complete and 0 interrupted iterations
sudden_spike   [   5% ] 01/12 VUs  00m36.8s/12m00.0s

running (01m06.0s), 01/12 VUs, 526 complete and 0 interrupted iterations
sudden_spike   [   5% ] 01/12 VUs  00m37.8s/12m00.0s

running (01m07.0s), 01/12 VUs, 539 complete and 0 interrupted iterations
sudden_spike   [   5% ] 01/12 VUs  00m38.8s/12m00.0s

running (01m08.0s), 01/12 VUs, 543 complete and 0 interrupted iterations
sudden_spike   [   6% ] 01/12 VUs  00m39.8s/12m00.0s

running (01m09.0s), 01/12 VUs, 568 complete and 0 interrupted iterations
sudden_spike   [   6% ] 01/12 VUs  00m40.8s/12m00.0s

running (01m10.0s), 01/12 VUs, 579 complete and 0 interrupted iterations
sudden_spike   [   6% ] 01/12 VUs  00m41.8s/12m00.0s

running (01m11.0s), 01/12 VUs, 582 complete and 0 interrupted iterations
sudden_spike   [   6% ] 01/12 VUs  00m42.8s/12m00.0s

running (01m12.0s), 01/12 VUs, 585 complete and 0 interrupted iterations
sudden_spike   [   6% ] 01/12 VUs  00m43.8s/12m00.0s

running (01m13.0s), 01/12 VUs, 606 complete and 0 interrupted iterations
sudden_spike   [   6% ] 01/12 VUs  00m44.8s/12m00.0s

running (01m14.0s), 01/12 VUs, 622 complete and 0 interrupted iterations
sudden_spike   [   6% ] 01/12 VUs  00m45.8s/12m00.0s

running (01m15.0s), 01/12 VUs, 627 complete and 0 interrupted iterations
sudden_spike   [   6% ] 01/12 VUs  00m46.8s/12m00.0s

running (01m16.0s), 01/12 VUs, 643 complete and 0 interrupted iterations
sudden_spike   [   7% ] 01/12 VUs  00m47.8s/12m00.0s

running (01m17.0s), 01/12 VUs, 650 complete and 0 interrupted iterations
sudden_spike   [   7% ] 01/12 VUs  00m48.8s/12m00.0s

running (01m18.0s), 01/12 VUs, 655 complete and 0 interrupted iterations
sudden_spike   [   7% ] 01/12 VUs  00m49.8s/12m00.0s

running (01m19.0s), 01/12 VUs, 667 complete and 0 interrupted iterations
sudden_spike   [   7% ] 01/12 VUs  00m50.8s/12m00.0s

running (01m20.0s), 01/12 VUs, 677 complete and 0 interrupted iterations
sudden_spike   [   7% ] 01/12 VUs  00m51.8s/12m00.0s

running (01m21.0s), 01/12 VUs, 686 complete and 0 interrupted iterations
sudden_spike   [   7% ] 01/12 VUs  00m52.8s/12m00.0s

running (01m22.0s), 01/12 VUs, 723 complete and 0 interrupted iterations
sudden_spike   [   7% ] 01/12 VUs  00m53.8s/12m00.0s

running (01m23.0s), 01/12 VUs, 736 complete and 0 interrupted iterations
sudden_spike   [   8% ] 01/12 VUs  00m54.8s/12m00.0s

running (01m24.0s), 01/12 VUs, 740 complete and 0 interrupted iterations
sudden_spike   [   8% ] 01/12 VUs  00m55.8s/12m00.0s

running (01m25.0s), 01/12 VUs, 767 complete and 0 interrupted iterations
sudden_spike   [   8% ] 01/12 VUs  00m56.8s/12m00.0s

running (01m26.0s), 01/12 VUs, 770 complete and 0 interrupted iterations
sudden_spike   [   8% ] 01/12 VUs  00m57.8s/12m00.0s

running (01m27.0s), 01/12 VUs, 775 complete and 0 interrupted iterations
sudden_spike   [   8% ] 01/12 VUs  00m58.8s/12m00.0s

running (01m28.0s), 01/12 VUs, 782 complete and 0 interrupted iterations
sudden_spike   [   8% ] 01/12 VUs  00m59.8s/12m00.0s

running (01m29.0s), 01/12 VUs, 795 complete and 0 interrupted iterations
sudden_spike   [   8% ] 01/12 VUs  01m00.8s/12m00.0s

running (01m30.0s), 01/12 VUs, 800 complete and 0 interrupted iterations
sudden_spike   [   9% ] 01/12 VUs  01m01.8s/12m00.0s

running (01m31.0s), 01/12 VUs, 810 complete and 0 interrupted iterations
sudden_spike   [   9% ] 01/12 VUs  01m02.8s/12m00.0s

running (01m32.0s), 01/12 VUs, 813 complete and 0 interrupted iterations
sudden_spike   [   9% ] 01/12 VUs  01m03.8s/12m00.0s

running (01m33.0s), 01/12 VUs, 835 complete and 0 interrupted iterations
sudden_spike   [   9% ] 01/12 VUs  01m04.8s/12m00.0s

running (01m34.0s), 01/12 VUs, 842 complete and 0 interrupted iterations
sudden_spike   [   9% ] 01/12 VUs  01m05.8s/12m00.0s

running (01m35.0s), 01/12 VUs, 854 complete and 0 interrupted iterations
sudden_spike   [   9% ] 01/12 VUs  01m06.8s/12m00.0s

running (01m36.0s), 01/12 VUs, 861 complete and 0 interrupted iterations
sudden_spike   [   9% ] 01/12 VUs  01m07.8s/12m00.0s

running (01m37.0s), 01/12 VUs, 911 complete and 0 interrupted iterations
sudden_spike   [  10% ] 01/12 VUs  01m08.8s/12m00.0s

running (01m38.0s), 01/12 VUs, 942 complete and 0 interrupted iterations
sudden_spike   [  10% ] 01/12 VUs  01m09.8s/12m00.0s

running (01m39.0s), 01/12 VUs, 970 complete and 0 interrupted iterations
sudden_spike   [  10% ] 01/12 VUs  01m10.8s/12m00.0s

running (01m40.0s), 01/12 VUs, 987 complete and 0 interrupted iterations
sudden_spike   [  10% ] 01/12 VUs  01m11.8s/12m00.0s

running (01m41.0s), 01/12 VUs, 1004 complete and 0 interrupted iterations
sudden_spike   [  10% ] 01/12 VUs  01m12.8s/12m00.0s

running (01m42.0s), 01/12 VUs, 1045 complete and 0 interrupted iterations
sudden_spike   [  10% ] 01/12 VUs  01m13.8s/12m00.0s

running (01m43.0s), 01/12 VUs, 1069 complete and 0 interrupted iterations
sudden_spike   [  10% ] 01/12 VUs  01m14.8s/12m00.0s

running (01m44.0s), 01/12 VUs, 1105 complete and 0 interrupted iterations
sudden_spike   [  11% ] 01/12 VUs  01m15.8s/12m00.0s

running (01m45.0s), 01/12 VUs, 1112 complete and 0 interrupted iterations
sudden_spike   [  11% ] 01/12 VUs  01m16.8s/12m00.0s

running (01m46.0s), 01/12 VUs, 1132 complete and 0 interrupted iterations
sudden_spike   [  11% ] 01/12 VUs  01m17.8s/12m00.0s

running (01m47.0s), 01/12 VUs, 1137 complete and 0 interrupted iterations
sudden_spike   [  11% ] 01/12 VUs  01m18.8s/12m00.0s

running (01m48.0s), 01/12 VUs, 1158 complete and 0 interrupted iterations
sudden_spike   [  11% ] 01/12 VUs  01m19.8s/12m00.0s

running (01m49.0s), 01/12 VUs, 1170 complete and 0 interrupted iterations
sudden_spike   [  11% ] 01/12 VUs  01m20.8s/12m00.0s

running (01m50.0s), 01/12 VUs, 1184 complete and 0 interrupted iterations
sudden_spike   [  11% ] 01/12 VUs  01m21.8s/12m00.0s

running (01m51.0s), 01/12 VUs, 1193 complete and 0 interrupted iterations
sudden_spike   [  11% ] 01/12 VUs  01m22.8s/12m00.0s

running (01m52.0s), 01/12 VUs, 1219 complete and 0 interrupted iterations
sudden_spike   [  12% ] 01/12 VUs  01m23.8s/12m00.0s

running (01m53.0s), 01/12 VUs, 1227 complete and 0 interrupted iterations
sudden_spike   [  12% ] 01/12 VUs  01m24.8s/12m00.0s

running (01m54.0s), 01/12 VUs, 1232 complete and 0 interrupted iterations
sudden_spike   [  12% ] 01/12 VUs  01m25.8s/12m00.0s

running (01m55.0s), 01/12 VUs, 1248 complete and 0 interrupted iterations
sudden_spike   [  12% ] 01/12 VUs  01m26.8s/12m00.0s

running (01m56.0s), 01/12 VUs, 1250 complete and 0 interrupted iterations
sudden_spike   [  12% ] 01/12 VUs  01m27.8s/12m00.0s

running (01m57.0s), 01/12 VUs, 1274 complete and 0 interrupted iterations
sudden_spike   [  12% ] 01/12 VUs  01m28.8s/12m00.0s

running (01m58.0s), 01/12 VUs, 1286 complete and 0 interrupted iterations
sudden_spike   [  12% ] 01/12 VUs  01m29.8s/12m00.0s

running (01m59.0s), 01/12 VUs, 1294 complete and 0 interrupted iterations
sudden_spike   [  13% ] 01/12 VUs  01m30.8s/12m00.0s

running (02m00.0s), 01/12 VUs, 1300 complete and 0 interrupted iterations
sudden_spike   [  13% ] 01/12 VUs  01m31.8s/12m00.0s

running (02m01.0s), 01/12 VUs, 1307 complete and 0 interrupted iterations
sudden_spike   [  13% ] 01/12 VUs  01m32.8s/12m00.0s

running (02m02.0s), 01/12 VUs, 1316 complete and 0 interrupted iterations
sudden_spike   [  13% ] 01/12 VUs  01m33.8s/12m00.0s

running (02m03.0s), 01/12 VUs, 1340 complete and 0 interrupted iterations
sudden_spike   [  13% ] 01/12 VUs  01m34.8s/12m00.0s

running (02m04.0s), 01/12 VUs, 1353 complete and 0 interrupted iterations
sudden_spike   [  13% ] 01/12 VUs  01m35.8s/12m00.0s

running (02m05.0s), 01/12 VUs, 1365 complete and 0 interrupted iterations
sudden_spike   [  13% ] 01/12 VUs  01m36.8s/12m00.0s

running (02m06.0s), 01/12 VUs, 1372 complete and 0 interrupted iterations
sudden_spike   [  14% ] 01/12 VUs  01m37.8s/12m00.0s

running (02m07.0s), 01/12 VUs, 1376 complete and 0 interrupted iterations
sudden_spike   [  14% ] 01/12 VUs  01m38.8s/12m00.0s

running (02m08.0s), 01/12 VUs, 1379 complete and 0 interrupted iterations
sudden_spike   [  14% ] 01/12 VUs  01m39.8s/12m00.0s

running (02m09.0s), 01/12 VUs, 1389 complete and 0 interrupted iterations
sudden_spike   [  14% ] 01/12 VUs  01m40.8s/12m00.0s

running (02m10.0s), 01/12 VUs, 1403 complete and 0 interrupted iterations
sudden_spike   [  14% ] 01/12 VUs  01m41.8s/12m00.0s

running (02m11.0s), 01/12 VUs, 1419 complete and 0 interrupted iterations
sudden_spike   [  14% ] 01/12 VUs  01m42.8s/12m00.0s

running (02m12.0s), 01/12 VUs, 1437 complete and 0 interrupted iterations
sudden_spike   [  14% ] 01/12 VUs  01m43.8s/12m00.0s

running (02m13.0s), 01/12 VUs, 1441 complete and 0 interrupted iterations
sudden_spike   [  15% ] 01/12 VUs  01m44.8s/12m00.0s

running (02m14.0s), 01/12 VUs, 1489 complete and 0 interrupted iterations
sudden_spike   [  15% ] 01/12 VUs  01m45.8s/12m00.0s

running (02m15.0s), 01/12 VUs, 1514 complete and 0 interrupted iterations
sudden_spike   [  15% ] 01/12 VUs  01m46.8s/12m00.0s

running (02m16.0s), 01/12 VUs, 1526 complete and 0 interrupted iterations
sudden_spike   [  15% ] 01/12 VUs  01m47.8s/12m00.0s

running (02m17.0s), 01/12 VUs, 1559 complete and 0 interrupted iterations
sudden_spike   [  15% ] 01/12 VUs  01m48.8s/12m00.0s

running (02m18.0s), 01/12 VUs, 1562 complete and 0 interrupted iterations
sudden_spike   [  15% ] 01/12 VUs  01m49.8s/12m00.0s

running (02m19.0s), 01/12 VUs, 1572 complete and 0 interrupted iterations
sudden_spike   [  15% ] 01/12 VUs  01m50.8s/12m00.0s

running (02m20.0s), 01/12 VUs, 1595 complete and 0 interrupted iterations
sudden_spike   [  16% ] 01/12 VUs  01m51.8s/12m00.0s

running (02m21.0s), 01/12 VUs, 1602 complete and 0 interrupted iterations
sudden_spike   [  16% ] 01/12 VUs  01m52.8s/12m00.0s

running (02m22.0s), 01/12 VUs, 1612 complete and 0 interrupted iterations
sudden_spike   [  16% ] 01/12 VUs  01m53.8s/12m00.0s

running (02m23.0s), 01/12 VUs, 1618 complete and 0 interrupted iterations
sudden_spike   [  16% ] 01/12 VUs  01m54.8s/12m00.0s

running (02m24.0s), 01/12 VUs, 1628 complete and 0 interrupted iterations
sudden_spike   [  16% ] 01/12 VUs  01m55.8s/12m00.0s

running (02m25.0s), 01/12 VUs, 1650 complete and 0 interrupted iterations
sudden_spike   [  16% ] 01/12 VUs  01m56.8s/12m00.0s

running (02m26.0s), 01/12 VUs, 1666 complete and 0 interrupted iterations
sudden_spike   [  16% ] 01/12 VUs  01m57.8s/12m00.0s

running (02m27.0s), 01/12 VUs, 1668 complete and 0 interrupted iterations
sudden_spike   [  16% ] 01/12 VUs  01m58.8s/12m00.0s

running (02m28.0s), 01/12 VUs, 1681 complete and 0 interrupted iterations
sudden_spike   [  17% ] 01/12 VUs  01m59.8s/12m00.0s

running (02m29.0s), 01/12 VUs, 1689 complete and 0 interrupted iterations
sudden_spike   [  17% ] 01/12 VUs  02m00.8s/12m00.0s

running (02m30.0s), 02/12 VUs, 1716 complete and 0 interrupted iterations
sudden_spike   [  17% ] 02/12 VUs  02m01.8s/12m00.0s

running (02m31.0s), 04/12 VUs, 1732 complete and 0 interrupted iterations
sudden_spike   [  17% ] 04/12 VUs  02m02.8s/12m00.0s

running (02m32.0s), 05/12 VUs, 1761 complete and 0 interrupted iterations
sudden_spike   [  17% ] 05/12 VUs  02m03.8s/12m00.0s

running (02m33.0s), 06/12 VUs, 1787 complete and 0 interrupted iterations
sudden_spike   [  17% ] 06/12 VUs  02m04.8s/12m00.0s

running (02m34.0s), 07/12 VUs, 1824 complete and 0 interrupted iterations
sudden_spike   [  17% ] 07/12 VUs  02m05.8s/12m00.0s

running (02m35.0s), 08/12 VUs, 1853 complete and 0 interrupted iterations
sudden_spike   [  18% ] 08/12 VUs  02m06.8s/12m00.0s

running (02m36.0s), 09/12 VUs, 1871 complete and 0 interrupted iterations
sudden_spike   [  18% ] 09/12 VUs  02m07.8s/12m00.0s

running (02m37.0s), 10/12 VUs, 1892 complete and 0 interrupted iterations
sudden_spike   [  18% ] 10/12 VUs  02m08.8s/12m00.0s

running (02m38.0s), 11/12 VUs, 1931 complete and 0 interrupted iterations
sudden_spike   [  18% ] 11/12 VUs  02m09.8s/12m00.0s

running (02m39.0s), 12/12 VUs, 1953 complete and 0 interrupted iterations
sudden_spike   [  18% ] 12/12 VUs  02m10.8s/12m00.0s

running (02m40.0s), 12/12 VUs, 2002 complete and 0 interrupted iterations
sudden_spike   [  18% ] 12/12 VUs  02m11.8s/12m00.0s

running (02m41.0s), 12/12 VUs, 2015 complete and 0 interrupted iterations
sudden_spike   [  18% ] 12/12 VUs  02m12.8s/12m00.0s

running (02m42.0s), 12/12 VUs, 2065 complete and 0 interrupted iterations
sudden_spike   [  19% ] 12/12 VUs  02m13.8s/12m00.0s

running (02m43.0s), 12/12 VUs, 2091 complete and 0 interrupted iterations
sudden_spike   [  19% ] 12/12 VUs  02m14.8s/12m00.0s

running (02m44.0s), 12/12 VUs, 2115 complete and 0 interrupted iterations
sudden_spike   [  19% ] 12/12 VUs  02m15.8s/12m00.0s

running (02m45.0s), 12/12 VUs, 2141 complete and 0 interrupted iterations
sudden_spike   [  19% ] 12/12 VUs  02m16.8s/12m00.0s

running (02m46.0s), 12/12 VUs, 2180 complete and 0 interrupted iterations
sudden_spike   [  19% ] 12/12 VUs  02m17.8s/12m00.0s

running (02m47.0s), 12/12 VUs, 2229 complete and 0 interrupted iterations
sudden_spike   [  19% ] 12/12 VUs  02m18.8s/12m00.0s

running (02m48.0s), 12/12 VUs, 2269 complete and 0 interrupted iterations
sudden_spike   [  19% ] 12/12 VUs  02m19.8s/12m00.0s

running (02m49.0s), 12/12 VUs, 2321 complete and 0 interrupted iterations
sudden_spike   [  20% ] 12/12 VUs  02m20.8s/12m00.0s

running (02m50.0s), 12/12 VUs, 2378 complete and 0 interrupted iterations
sudden_spike   [  20% ] 12/12 VUs  02m21.8s/12m00.0s

running (02m51.0s), 12/12 VUs, 2400 complete and 0 interrupted iterations
sudden_spike   [  20% ] 12/12 VUs  02m22.8s/12m00.0s

running (02m52.0s), 12/12 VUs, 2444 complete and 0 interrupted iterations
sudden_spike   [  20% ] 12/12 VUs  02m23.8s/12m00.0s

running (02m53.0s), 12/12 VUs, 2472 complete and 0 interrupted iterations
sudden_spike   [  20% ] 12/12 VUs  02m24.8s/12m00.0s

running (02m54.0s), 12/12 VUs, 2498 complete and 0 interrupted iterations
sudden_spike   [  20% ] 12/12 VUs  02m25.8s/12m00.0s

running (02m55.0s), 12/12 VUs, 2534 complete and 0 interrupted iterations
sudden_spike   [  20% ] 12/12 VUs  02m26.8s/12m00.0s

running (02m56.0s), 12/12 VUs, 2580 complete and 0 interrupted iterations
sudden_spike   [  21% ] 12/12 VUs  02m27.8s/12m00.0s

running (02m57.0s), 12/12 VUs, 2624 complete and 0 interrupted iterations
sudden_spike   [  21% ] 12/12 VUs  02m28.8s/12m00.0s

running (02m58.0s), 12/12 VUs, 2684 complete and 0 interrupted iterations
sudden_spike   [  21% ] 12/12 VUs  02m29.8s/12m00.0s

running (02m59.0s), 12/12 VUs, 2728 complete and 0 interrupted iterations
sudden_spike   [  21% ] 12/12 VUs  02m30.8s/12m00.0s

running (03m00.0s), 12/12 VUs, 2754 complete and 0 interrupted iterations
sudden_spike   [  21% ] 12/12 VUs  02m31.8s/12m00.0s

running (03m01.0s), 12/12 VUs, 2789 complete and 0 interrupted iterations
sudden_spike   [  21% ] 12/12 VUs  02m32.8s/12m00.0s

running (03m02.0s), 12/12 VUs, 2836 complete and 0 interrupted iterations
sudden_spike   [  21% ] 12/12 VUs  02m33.8s/12m00.0s

running (03m03.0s), 12/12 VUs, 2849 complete and 0 interrupted iterations
sudden_spike   [  21% ] 12/12 VUs  02m34.8s/12m00.0s

running (03m04.0s), 12/12 VUs, 2883 complete and 0 interrupted iterations
sudden_spike   [  22% ] 12/12 VUs  02m35.8s/12m00.0s

running (03m05.0s), 12/12 VUs, 2912 complete and 0 interrupted iterations
sudden_spike   [  22% ] 12/12 VUs  02m36.8s/12m00.0s

running (03m06.0s), 12/12 VUs, 2944 complete and 0 interrupted iterations
sudden_spike   [  22% ] 12/12 VUs  02m37.8s/12m00.0s

running (03m07.0s), 12/12 VUs, 2982 complete and 0 interrupted iterations
sudden_spike   [  22% ] 12/12 VUs  02m38.8s/12m00.0s

running (03m08.0s), 12/12 VUs, 3017 complete and 0 interrupted iterations
sudden_spike   [  22% ] 12/12 VUs  02m39.8s/12m00.0s

running (03m09.0s), 12/12 VUs, 3049 complete and 0 interrupted iterations
sudden_spike   [  22% ] 12/12 VUs  02m40.8s/12m00.0s

running (03m10.0s), 12/12 VUs, 3069 complete and 0 interrupted iterations
sudden_spike   [  22% ] 12/12 VUs  02m41.8s/12m00.0s

running (03m11.0s), 12/12 VUs, 3101 complete and 0 interrupted iterations
sudden_spike   [  23% ] 12/12 VUs  02m42.8s/12m00.0s

running (03m12.0s), 12/12 VUs, 3131 complete and 0 interrupted iterations
sudden_spike   [  23% ] 12/12 VUs  02m43.8s/12m00.0s

running (03m13.0s), 12/12 VUs, 3150 complete and 0 interrupted iterations
sudden_spike   [  23% ] 12/12 VUs  02m44.8s/12m00.0s

running (03m14.0s), 12/12 VUs, 3190 complete and 0 interrupted iterations
sudden_spike   [  23% ] 12/12 VUs  02m45.8s/12m00.0s

running (03m15.0s), 12/12 VUs, 3233 complete and 0 interrupted iterations
sudden_spike   [  23% ] 12/12 VUs  02m46.8s/12m00.0s

running (03m16.0s), 12/12 VUs, 3276 complete and 0 interrupted iterations
sudden_spike   [  23% ] 12/12 VUs  02m47.8s/12m00.0s

running (03m17.0s), 12/12 VUs, 3307 complete and 0 interrupted iterations
sudden_spike   [  23% ] 12/12 VUs  02m48.8s/12m00.0s

running (03m18.0s), 12/12 VUs, 3342 complete and 0 interrupted iterations
sudden_spike   [  24% ] 12/12 VUs  02m49.8s/12m00.0s

running (03m19.0s), 12/12 VUs, 3366 complete and 0 interrupted iterations
sudden_spike   [  24% ] 12/12 VUs  02m50.8s/12m00.0s

running (03m20.0s), 12/12 VUs, 3371 complete and 0 interrupted iterations
sudden_spike   [  24% ] 12/12 VUs  02m51.8s/12m00.0s

running (03m21.0s), 12/12 VUs, 3386 complete and 0 interrupted iterations
sudden_spike   [  24% ] 12/12 VUs  02m52.8s/12m00.0s

running (03m22.0s), 12/12 VUs, 3407 complete and 0 interrupted iterations
sudden_spike   [  24% ] 12/12 VUs  02m53.8s/12m00.0s

running (03m23.0s), 12/12 VUs, 3457 complete and 0 interrupted iterations
sudden_spike   [  24% ] 12/12 VUs  02m54.8s/12m00.0s

running (03m24.0s), 12/12 VUs, 3495 complete and 0 interrupted iterations
sudden_spike   [  24% ] 12/12 VUs  02m55.8s/12m00.0s

running (03m25.0s), 12/12 VUs, 3517 complete and 0 interrupted iterations
sudden_spike   [  25% ] 12/12 VUs  02m56.8s/12m00.0s

running (03m26.0s), 12/12 VUs, 3528 complete and 0 interrupted iterations
sudden_spike   [  25% ] 12/12 VUs  02m57.8s/12m00.0s

running (03m27.0s), 12/12 VUs, 3553 complete and 0 interrupted iterations
sudden_spike   [  25% ] 12/12 VUs  02m58.8s/12m00.0s

running (03m28.0s), 12/12 VUs, 3582 complete and 0 interrupted iterations
sudden_spike   [  25% ] 12/12 VUs  02m59.8s/12m00.0s

running (03m29.0s), 12/12 VUs, 3587 complete and 0 interrupted iterations
sudden_spike   [  25% ] 12/12 VUs  03m00.8s/12m00.0s

running (03m30.0s), 12/12 VUs, 3601 complete and 0 interrupted iterations
sudden_spike   [  25% ] 12/12 VUs  03m01.8s/12m00.0s

running (03m31.0s), 12/12 VUs, 3624 complete and 0 interrupted iterations
sudden_spike   [  25% ] 12/12 VUs  03m02.8s/12m00.0s

running (03m32.0s), 12/12 VUs, 3671 complete and 0 interrupted iterations
sudden_spike   [  26% ] 12/12 VUs  03m03.8s/12m00.0s

running (03m33.0s), 12/12 VUs, 3733 complete and 0 interrupted iterations
sudden_spike   [  26% ] 12/12 VUs  03m04.8s/12m00.0s

running (03m34.0s), 12/12 VUs, 3761 complete and 0 interrupted iterations
sudden_spike   [  26% ] 12/12 VUs  03m05.8s/12m00.0s

running (03m35.0s), 12/12 VUs, 3785 complete and 0 interrupted iterations
sudden_spike   [  26% ] 12/12 VUs  03m06.8s/12m00.0s

running (03m36.0s), 12/12 VUs, 3809 complete and 0 interrupted iterations
sudden_spike   [  26% ] 12/12 VUs  03m07.8s/12m00.0s

running (03m37.0s), 12/12 VUs, 3873 complete and 0 interrupted iterations
sudden_spike   [  26% ] 12/12 VUs  03m08.8s/12m00.0s

running (03m38.0s), 12/12 VUs, 3902 complete and 0 interrupted iterations
sudden_spike   [  26% ] 12/12 VUs  03m09.8s/12m00.0s

running (03m39.0s), 12/12 VUs, 3943 complete and 0 interrupted iterations
sudden_spike   [  26% ] 12/12 VUs  03m10.8s/12m00.0s

running (03m40.0s), 12/12 VUs, 3963 complete and 0 interrupted iterations
sudden_spike   [  27% ] 12/12 VUs  03m11.8s/12m00.0s

running (03m41.0s), 12/12 VUs, 3984 complete and 0 interrupted iterations
sudden_spike   [  27% ] 12/12 VUs  03m12.8s/12m00.0s

running (03m42.0s), 12/12 VUs, 4016 complete and 0 interrupted iterations
sudden_spike   [  27% ] 12/12 VUs  03m13.8s/12m00.0s

running (03m43.0s), 12/12 VUs, 4069 complete and 0 interrupted iterations
sudden_spike   [  27% ] 12/12 VUs  03m14.8s/12m00.0s

running (03m44.0s), 12/12 VUs, 4125 complete and 0 interrupted iterations
sudden_spike   [  27% ] 12/12 VUs  03m15.8s/12m00.0s

running (03m45.0s), 12/12 VUs, 4174 complete and 0 interrupted iterations
sudden_spike   [  27% ] 12/12 VUs  03m16.8s/12m00.0s

running (03m46.0s), 12/12 VUs, 4211 complete and 0 interrupted iterations
sudden_spike   [  27% ] 12/12 VUs  03m17.8s/12m00.0s

running (03m47.0s), 12/12 VUs, 4234 complete and 0 interrupted iterations
sudden_spike   [  28% ] 12/12 VUs  03m18.8s/12m00.0s

running (03m48.0s), 12/12 VUs, 4253 complete and 0 interrupted iterations
sudden_spike   [  28% ] 12/12 VUs  03m19.8s/12m00.0s

running (03m49.0s), 12/12 VUs, 4286 complete and 0 interrupted iterations
sudden_spike   [  28% ] 12/12 VUs  03m20.8s/12m00.0s

running (03m50.0s), 12/12 VUs, 4336 complete and 0 interrupted iterations
sudden_spike   [  28% ] 12/12 VUs  03m21.8s/12m00.0s

running (03m51.0s), 12/12 VUs, 4376 complete and 0 interrupted iterations
sudden_spike   [  28% ] 12/12 VUs  03m22.8s/12m00.0s

running (03m52.0s), 12/12 VUs, 4419 complete and 0 interrupted iterations
sudden_spike   [  28% ] 12/12 VUs  03m23.8s/12m00.0s

running (03m53.0s), 12/12 VUs, 4445 complete and 0 interrupted iterations
sudden_spike   [  28% ] 12/12 VUs  03m24.8s/12m00.0s

running (03m54.0s), 12/12 VUs, 4450 complete and 0 interrupted iterations
sudden_spike   [  29% ] 12/12 VUs  03m25.8s/12m00.0s

running (03m55.0s), 12/12 VUs, 4485 complete and 0 interrupted iterations
sudden_spike   [  29% ] 12/12 VUs  03m26.8s/12m00.0s

running (03m56.0s), 12/12 VUs, 4531 complete and 0 interrupted iterations
sudden_spike   [  29% ] 12/12 VUs  03m27.8s/12m00.0s

running (03m57.0s), 12/12 VUs, 4594 complete and 0 interrupted iterations
sudden_spike   [  29% ] 12/12 VUs  03m28.8s/12m00.0s

running (03m58.0s), 12/12 VUs, 4652 complete and 0 interrupted iterations
sudden_spike   [  29% ] 12/12 VUs  03m29.8s/12m00.0s

running (03m59.0s), 12/12 VUs, 4709 complete and 0 interrupted iterations
sudden_spike   [  29% ] 12/12 VUs  03m30.8s/12m00.0s

running (04m00.0s), 12/12 VUs, 4765 complete and 0 interrupted iterations
sudden_spike   [  29% ] 12/12 VUs  03m31.8s/12m00.0s

running (04m01.0s), 12/12 VUs, 4817 complete and 0 interrupted iterations
sudden_spike   [  30% ] 12/12 VUs  03m32.8s/12m00.0s

running (04m02.0s), 12/12 VUs, 4914 complete and 0 interrupted iterations
sudden_spike   [  30% ] 12/12 VUs  03m33.8s/12m00.0s

running (04m03.0s), 12/12 VUs, 4981 complete and 0 interrupted iterations
sudden_spike   [  30% ] 12/12 VUs  03m34.8s/12m00.0s

running (04m04.0s), 12/12 VUs, 5036 complete and 0 interrupted iterations
sudden_spike   [  30% ] 12/12 VUs  03m35.8s/12m00.0s

running (04m05.0s), 12/12 VUs, 5121 complete and 0 interrupted iterations
sudden_spike   [  30% ] 12/12 VUs  03m36.8s/12m00.0s

running (04m06.0s), 12/12 VUs, 5170 complete and 0 interrupted iterations
sudden_spike   [  30% ] 12/12 VUs  03m37.8s/12m00.0s

running (04m07.0s), 12/12 VUs, 5202 complete and 0 interrupted iterations
sudden_spike   [  30% ] 12/12 VUs  03m38.8s/12m00.0s

running (04m08.0s), 12/12 VUs, 5239 complete and 0 interrupted iterations
sudden_spike   [  31% ] 12/12 VUs  03m39.8s/12m00.0s

running (04m09.0s), 12/12 VUs, 5309 complete and 0 interrupted iterations
sudden_spike   [  31% ] 12/12 VUs  03m40.8s/12m00.0s

running (04m10.0s), 12/12 VUs, 5344 complete and 0 interrupted iterations
sudden_spike   [  31% ] 12/12 VUs  03m41.8s/12m00.0s

running (04m11.0s), 12/12 VUs, 5369 complete and 0 interrupted iterations
sudden_spike   [  31% ] 12/12 VUs  03m42.8s/12m00.0s

running (04m12.0s), 12/12 VUs, 5410 complete and 0 interrupted iterations
sudden_spike   [  31% ] 12/12 VUs  03m43.8s/12m00.0s

running (04m13.0s), 12/12 VUs, 5461 complete and 0 interrupted iterations
sudden_spike   [  31% ] 12/12 VUs  03m44.8s/12m00.0s

running (04m14.0s), 12/12 VUs, 5520 complete and 0 interrupted iterations
sudden_spike   [  31% ] 12/12 VUs  03m45.8s/12m00.0s

running (04m15.0s), 12/12 VUs, 5590 complete and 0 interrupted iterations
sudden_spike   [  31% ] 12/12 VUs  03m46.8s/12m00.0s

running (04m16.0s), 12/12 VUs, 5633 complete and 0 interrupted iterations
sudden_spike   [  32% ] 12/12 VUs  03m47.8s/12m00.0s

running (04m17.0s), 12/12 VUs, 5657 complete and 0 interrupted iterations
sudden_spike   [  32% ] 12/12 VUs  03m48.8s/12m00.0s

running (04m18.0s), 12/12 VUs, 5684 complete and 0 interrupted iterations
sudden_spike   [  32% ] 12/12 VUs  03m49.8s/12m00.0s

running (04m19.0s), 12/12 VUs, 5712 complete and 0 interrupted iterations
sudden_spike   [  32% ] 12/12 VUs  03m50.8s/12m00.0s

running (04m20.0s), 12/12 VUs, 5780 complete and 0 interrupted iterations
sudden_spike   [  32% ] 12/12 VUs  03m51.8s/12m00.0s

running (04m21.0s), 12/12 VUs, 5803 complete and 0 interrupted iterations
sudden_spike   [  32% ] 12/12 VUs  03m52.8s/12m00.0s

running (04m22.0s), 12/12 VUs, 5838 complete and 0 interrupted iterations
sudden_spike   [  32% ] 12/12 VUs  03m53.8s/12m00.0s

running (04m23.0s), 12/12 VUs, 5861 complete and 0 interrupted iterations
sudden_spike   [  33% ] 12/12 VUs  03m54.8s/12m00.0s

running (04m24.0s), 12/12 VUs, 5899 complete and 0 interrupted iterations
sudden_spike   [  33% ] 12/12 VUs  03m55.8s/12m00.0s

running (04m25.0s), 12/12 VUs, 5950 complete and 0 interrupted iterations
sudden_spike   [  33% ] 12/12 VUs  03m56.8s/12m00.0s

running (04m26.0s), 12/12 VUs, 5986 complete and 0 interrupted iterations
sudden_spike   [  33% ] 12/12 VUs  03m57.8s/12m00.0s

running (04m27.0s), 12/12 VUs, 6057 complete and 0 interrupted iterations
sudden_spike   [  33% ] 12/12 VUs  03m58.8s/12m00.0s

running (04m28.0s), 12/12 VUs, 6111 complete and 0 interrupted iterations
sudden_spike   [  33% ] 12/12 VUs  03m59.8s/12m00.0s

running (04m29.0s), 12/12 VUs, 6161 complete and 0 interrupted iterations
sudden_spike   [  33% ] 12/12 VUs  04m00.8s/12m00.0s

running (04m30.0s), 12/12 VUs, 6202 complete and 0 interrupted iterations
sudden_spike   [  34% ] 12/12 VUs  04m01.8s/12m00.0s

running (04m31.0s), 12/12 VUs, 6265 complete and 0 interrupted iterations
sudden_spike   [  34% ] 12/12 VUs  04m02.8s/12m00.0s

running (04m32.0s), 12/12 VUs, 6301 complete and 0 interrupted iterations
sudden_spike   [  34% ] 12/12 VUs  04m03.8s/12m00.0s

running (04m33.0s), 12/12 VUs, 6392 complete and 0 interrupted iterations
sudden_spike   [  34% ] 12/12 VUs  04m04.8s/12m00.0s

running (04m34.0s), 12/12 VUs, 6418 complete and 0 interrupted iterations
sudden_spike   [  34% ] 12/12 VUs  04m05.8s/12m00.0s

running (04m35.0s), 12/12 VUs, 6465 complete and 0 interrupted iterations
sudden_spike   [  34% ] 12/12 VUs  04m06.8s/12m00.0s

running (04m36.0s), 12/12 VUs, 6538 complete and 0 interrupted iterations
sudden_spike   [  34% ] 12/12 VUs  04m07.8s/12m00.0s

running (04m37.0s), 12/12 VUs, 6573 complete and 0 interrupted iterations
sudden_spike   [  35% ] 12/12 VUs  04m08.8s/12m00.0s

running (04m38.0s), 12/12 VUs, 6592 complete and 0 interrupted iterations
sudden_spike   [  35% ] 12/12 VUs  04m09.8s/12m00.0s

running (04m39.0s), 12/12 VUs, 6615 complete and 0 interrupted iterations
sudden_spike   [  35% ] 12/12 VUs  04m10.8s/12m00.0s

running (04m40.0s), 12/12 VUs, 6657 complete and 0 interrupted iterations
sudden_spike   [  35% ] 12/12 VUs  04m11.8s/12m00.0s

running (04m41.0s), 12/12 VUs, 6690 complete and 0 interrupted iterations
sudden_spike   [  35% ] 12/12 VUs  04m12.8s/12m00.0s

running (04m42.0s), 12/12 VUs, 6735 complete and 0 interrupted iterations
sudden_spike   [  35% ] 12/12 VUs  04m13.8s/12m00.0s

running (04m43.0s), 12/12 VUs, 6775 complete and 0 interrupted iterations
sudden_spike   [  35% ] 12/12 VUs  04m14.8s/12m00.0s

running (04m44.0s), 12/12 VUs, 6807 complete and 0 interrupted iterations
sudden_spike   [  36% ] 12/12 VUs  04m15.8s/12m00.0s

running (04m45.0s), 12/12 VUs, 6852 complete and 0 interrupted iterations
sudden_spike   [  36% ] 12/12 VUs  04m16.8s/12m00.0s

running (04m46.0s), 12/12 VUs, 6874 complete and 0 interrupted iterations
sudden_spike   [  36% ] 12/12 VUs  04m17.8s/12m00.0s

running (04m47.0s), 12/12 VUs, 6894 complete and 0 interrupted iterations
sudden_spike   [  36% ] 12/12 VUs  04m18.8s/12m00.0s

running (04m48.0s), 12/12 VUs, 6944 complete and 0 interrupted iterations
sudden_spike   [  36% ] 12/12 VUs  04m19.8s/12m00.0s

running (04m49.0s), 12/12 VUs, 6969 complete and 0 interrupted iterations
sudden_spike   [  36% ] 12/12 VUs  04m20.8s/12m00.0s

running (04m50.0s), 12/12 VUs, 7011 complete and 0 interrupted iterations
sudden_spike   [  36% ] 12/12 VUs  04m21.8s/12m00.0s

running (04m51.0s), 12/12 VUs, 7043 complete and 0 interrupted iterations
sudden_spike   [  36% ] 12/12 VUs  04m22.8s/12m00.0s

running (04m52.0s), 12/12 VUs, 7128 complete and 0 interrupted iterations
sudden_spike   [  37% ] 12/12 VUs  04m23.8s/12m00.0s

running (04m53.0s), 12/12 VUs, 7171 complete and 0 interrupted iterations
sudden_spike   [  37% ] 12/12 VUs  04m24.8s/12m00.0s

running (04m54.0s), 12/12 VUs, 7213 complete and 0 interrupted iterations
sudden_spike   [  37% ] 12/12 VUs  04m25.8s/12m00.0s

running (04m55.0s), 12/12 VUs, 7263 complete and 0 interrupted iterations
sudden_spike   [  37% ] 12/12 VUs  04m26.8s/12m00.0s

running (04m56.0s), 12/12 VUs, 7313 complete and 0 interrupted iterations
sudden_spike   [  37% ] 12/12 VUs  04m27.8s/12m00.0s

running (04m57.0s), 12/12 VUs, 7343 complete and 0 interrupted iterations
sudden_spike   [  37% ] 12/12 VUs  04m28.8s/12m00.0s

running (04m58.0s), 12/12 VUs, 7381 complete and 0 interrupted iterations
sudden_spike   [  37% ] 12/12 VUs  04m29.8s/12m00.0s

running (04m59.0s), 12/12 VUs, 7399 complete and 0 interrupted iterations
sudden_spike   [  38% ] 12/12 VUs  04m30.8s/12m00.0s

running (05m00.0s), 12/12 VUs, 7443 complete and 0 interrupted iterations
sudden_spike   [  38% ] 12/12 VUs  04m31.8s/12m00.0s

running (05m01.0s), 12/12 VUs, 7483 complete and 0 interrupted iterations
sudden_spike   [  38% ] 12/12 VUs  04m32.8s/12m00.0s

running (05m02.0s), 12/12 VUs, 7532 complete and 0 interrupted iterations
sudden_spike   [  38% ] 12/12 VUs  04m33.8s/12m00.0s

running (05m03.0s), 12/12 VUs, 7569 complete and 0 interrupted iterations
sudden_spike   [  38% ] 12/12 VUs  04m34.8s/12m00.0s

running (05m04.0s), 12/12 VUs, 7599 complete and 0 interrupted iterations
sudden_spike   [  38% ] 12/12 VUs  04m35.8s/12m00.0s

running (05m05.0s), 12/12 VUs, 7609 complete and 0 interrupted iterations
sudden_spike   [  38% ] 12/12 VUs  04m36.8s/12m00.0s

running (05m06.0s), 12/12 VUs, 7648 complete and 0 interrupted iterations
sudden_spike   [  39% ] 12/12 VUs  04m37.8s/12m00.0s

running (05m07.0s), 12/12 VUs, 7692 complete and 0 interrupted iterations
sudden_spike   [  39% ] 12/12 VUs  04m38.8s/12m00.0s

running (05m08.0s), 12/12 VUs, 7729 complete and 0 interrupted iterations
sudden_spike   [  39% ] 12/12 VUs  04m39.8s/12m00.0s

running (05m09.0s), 12/12 VUs, 7790 complete and 0 interrupted iterations
sudden_spike   [  39% ] 12/12 VUs  04m40.8s/12m00.0s

running (05m10.0s), 12/12 VUs, 7850 complete and 0 interrupted iterations
sudden_spike   [  39% ] 12/12 VUs  04m41.8s/12m00.0s

running (05m11.0s), 12/12 VUs, 7911 complete and 0 interrupted iterations
sudden_spike   [  39% ] 12/12 VUs  04m42.8s/12m00.0s

running (05m12.0s), 12/12 VUs, 7959 complete and 0 interrupted iterations
sudden_spike   [  39% ] 12/12 VUs  04m43.8s/12m00.0s

running (05m13.0s), 12/12 VUs, 7985 complete and 0 interrupted iterations
sudden_spike   [  40% ] 12/12 VUs  04m44.8s/12m00.0s

running (05m14.0s), 12/12 VUs, 8034 complete and 0 interrupted iterations
sudden_spike   [  40% ] 12/12 VUs  04m45.8s/12m00.0s

running (05m15.0s), 12/12 VUs, 8103 complete and 0 interrupted iterations
sudden_spike   [  40% ] 12/12 VUs  04m46.8s/12m00.0s

running (05m16.0s), 12/12 VUs, 8162 complete and 0 interrupted iterations
sudden_spike   [  40% ] 12/12 VUs  04m47.8s/12m00.0s

running (05m17.0s), 12/12 VUs, 8222 complete and 0 interrupted iterations
sudden_spike   [  40% ] 12/12 VUs  04m48.8s/12m00.0s

running (05m18.0s), 12/12 VUs, 8273 complete and 0 interrupted iterations
sudden_spike   [  40% ] 12/12 VUs  04m49.8s/12m00.0s

running (05m19.0s), 12/12 VUs, 8285 complete and 0 interrupted iterations
sudden_spike   [  40% ] 12/12 VUs  04m50.8s/12m00.0s

running (05m20.0s), 12/12 VUs, 8325 complete and 0 interrupted iterations
sudden_spike   [  41% ] 12/12 VUs  04m51.8s/12m00.0s

running (05m21.0s), 12/12 VUs, 8391 complete and 0 interrupted iterations
sudden_spike   [  41% ] 12/12 VUs  04m52.8s/12m00.0s

running (05m22.0s), 12/12 VUs, 8421 complete and 0 interrupted iterations
sudden_spike   [  41% ] 12/12 VUs  04m53.8s/12m00.0s

running (05m23.0s), 12/12 VUs, 8499 complete and 0 interrupted iterations
sudden_spike   [  41% ] 12/12 VUs  04m54.8s/12m00.0s

running (05m24.0s), 12/12 VUs, 8559 complete and 0 interrupted iterations
sudden_spike   [  41% ] 12/12 VUs  04m55.8s/12m00.0s

running (05m25.0s), 12/12 VUs, 8633 complete and 0 interrupted iterations
sudden_spike   [  41% ] 12/12 VUs  04m56.8s/12m00.0s

running (05m26.0s), 12/12 VUs, 8705 complete and 0 interrupted iterations
sudden_spike   [  41% ] 12/12 VUs  04m57.8s/12m00.0s

running (05m27.0s), 12/12 VUs, 8729 complete and 0 interrupted iterations
sudden_spike   [  41% ] 12/12 VUs  04m58.8s/12m00.0s

running (05m28.0s), 12/12 VUs, 8780 complete and 0 interrupted iterations
sudden_spike   [  42% ] 12/12 VUs  04m59.8s/12m00.0s

running (05m29.0s), 12/12 VUs, 8816 complete and 0 interrupted iterations
sudden_spike   [  42% ] 12/12 VUs  05m00.8s/12m00.0s

running (05m30.0s), 12/12 VUs, 8830 complete and 0 interrupted iterations
sudden_spike   [  42% ] 12/12 VUs  05m01.8s/12m00.0s

running (05m31.0s), 12/12 VUs, 8862 complete and 0 interrupted iterations
sudden_spike   [  42% ] 12/12 VUs  05m02.8s/12m00.0s

running (05m32.0s), 12/12 VUs, 8908 complete and 0 interrupted iterations
sudden_spike   [  42% ] 12/12 VUs  05m03.8s/12m00.0s

running (05m33.0s), 12/12 VUs, 8953 complete and 0 interrupted iterations
sudden_spike   [  42% ] 12/12 VUs  05m04.8s/12m00.0s

running (05m34.0s), 12/12 VUs, 9003 complete and 0 interrupted iterations
sudden_spike   [  42% ] 12/12 VUs  05m05.8s/12m00.0s

running (05m35.0s), 12/12 VUs, 9036 complete and 0 interrupted iterations
sudden_spike   [  43% ] 12/12 VUs  05m06.8s/12m00.0s

running (05m36.0s), 12/12 VUs, 9066 complete and 0 interrupted iterations
sudden_spike   [  43% ] 12/12 VUs  05m07.8s/12m00.0s

running (05m37.0s), 12/12 VUs, 9107 complete and 0 interrupted iterations
sudden_spike   [  43% ] 12/12 VUs  05m08.8s/12m00.0s

running (05m38.0s), 12/12 VUs, 9176 complete and 0 interrupted iterations
sudden_spike   [  43% ] 12/12 VUs  05m09.8s/12m00.0s

running (05m39.0s), 12/12 VUs, 9209 complete and 0 interrupted iterations
sudden_spike   [  43% ] 12/12 VUs  05m10.8s/12m00.0s

running (05m40.0s), 12/12 VUs, 9259 complete and 0 interrupted iterations
sudden_spike   [  43% ] 12/12 VUs  05m11.8s/12m00.0s

running (05m41.0s), 12/12 VUs, 9329 complete and 0 interrupted iterations
sudden_spike   [  43% ] 12/12 VUs  05m12.8s/12m00.0s

running (05m42.0s), 12/12 VUs, 9404 complete and 0 interrupted iterations
sudden_spike   [  44% ] 12/12 VUs  05m13.8s/12m00.0s

running (05m43.0s), 12/12 VUs, 9439 complete and 0 interrupted iterations
sudden_spike   [  44% ] 12/12 VUs  05m14.8s/12m00.0s

running (05m44.0s), 12/12 VUs, 9477 complete and 0 interrupted iterations
sudden_spike   [  44% ] 12/12 VUs  05m15.8s/12m00.0s

running (05m45.0s), 12/12 VUs, 9494 complete and 0 interrupted iterations
sudden_spike   [  44% ] 12/12 VUs  05m16.8s/12m00.0s

running (05m46.0s), 12/12 VUs, 9527 complete and 0 interrupted iterations
sudden_spike   [  44% ] 12/12 VUs  05m17.8s/12m00.0s

running (05m47.0s), 12/12 VUs, 9613 complete and 0 interrupted iterations
sudden_spike   [  44% ] 12/12 VUs  05m18.8s/12m00.0s

running (05m48.0s), 12/12 VUs, 9666 complete and 0 interrupted iterations
sudden_spike   [  44% ] 12/12 VUs  05m19.8s/12m00.0s

running (05m49.0s), 12/12 VUs, 9685 complete and 0 interrupted iterations
sudden_spike   [  45% ] 12/12 VUs  05m20.8s/12m00.0s

running (05m50.0s), 12/12 VUs, 9707 complete and 0 interrupted iterations
sudden_spike   [  45% ] 12/12 VUs  05m21.8s/12m00.0s

running (05m51.0s), 12/12 VUs, 9759 complete and 0 interrupted iterations
sudden_spike   [  45% ] 12/12 VUs  05m22.8s/12m00.0s

running (05m52.0s), 12/12 VUs, 9810 complete and 0 interrupted iterations
sudden_spike   [  45% ] 12/12 VUs  05m23.8s/12m00.0s

running (05m53.0s), 12/12 VUs, 9844 complete and 0 interrupted iterations
sudden_spike   [  45% ] 12/12 VUs  05m24.8s/12m00.0s

running (05m54.0s), 12/12 VUs, 9892 complete and 0 interrupted iterations
sudden_spike   [  45% ] 12/12 VUs  05m25.8s/12m00.0s

running (05m55.0s), 12/12 VUs, 9939 complete and 0 interrupted iterations
sudden_spike   [  45% ] 12/12 VUs  05m26.8s/12m00.0s

running (05m56.0s), 12/12 VUs, 9973 complete and 0 interrupted iterations
sudden_spike   [  46% ] 12/12 VUs  05m27.8s/12m00.0s

running (05m57.0s), 12/12 VUs, 10025 complete and 0 interrupted iterations
sudden_spike   [  46% ] 12/12 VUs  05m28.8s/12m00.0s

running (05m58.0s), 12/12 VUs, 10047 complete and 0 interrupted iterations
sudden_spike   [  46% ] 12/12 VUs  05m29.8s/12m00.0s

running (05m59.0s), 12/12 VUs, 10089 complete and 0 interrupted iterations
sudden_spike   [  46% ] 12/12 VUs  05m30.8s/12m00.0s

running (06m00.0s), 12/12 VUs, 10114 complete and 0 interrupted iterations
sudden_spike   [  46% ] 12/12 VUs  05m31.8s/12m00.0s

running (06m01.0s), 12/12 VUs, 10193 complete and 0 interrupted iterations
sudden_spike   [  46% ] 12/12 VUs  05m32.8s/12m00.0s

running (06m02.0s), 12/12 VUs, 10224 complete and 0 interrupted iterations
sudden_spike   [  46% ] 12/12 VUs  05m33.8s/12m00.0s

running (06m03.0s), 12/12 VUs, 10270 complete and 0 interrupted iterations
sudden_spike   [  46% ] 12/12 VUs  05m34.8s/12m00.0s

running (06m04.0s), 12/12 VUs, 10323 complete and 0 interrupted iterations
sudden_spike   [  47% ] 12/12 VUs  05m35.8s/12m00.0s

running (06m05.0s), 12/12 VUs, 10377 complete and 0 interrupted iterations
sudden_spike   [  47% ] 12/12 VUs  05m36.8s/12m00.0s

running (06m06.0s), 12/12 VUs, 10468 complete and 0 interrupted iterations
sudden_spike   [  47% ] 12/12 VUs  05m37.8s/12m00.0s

running (06m07.0s), 12/12 VUs, 10512 complete and 0 interrupted iterations
sudden_spike   [  47% ] 12/12 VUs  05m38.8s/12m00.0s

running (06m08.0s), 12/12 VUs, 10573 complete and 0 interrupted iterations
sudden_spike   [  47% ] 12/12 VUs  05m39.8s/12m00.0s

running (06m09.0s), 12/12 VUs, 10624 complete and 0 interrupted iterations
sudden_spike   [  47% ] 12/12 VUs  05m40.8s/12m00.0s

running (06m10.0s), 12/12 VUs, 10676 complete and 0 interrupted iterations
sudden_spike   [  47% ] 12/12 VUs  05m41.8s/12m00.0s

running (06m11.0s), 12/12 VUs, 10722 complete and 0 interrupted iterations
sudden_spike   [  48% ] 12/12 VUs  05m42.8s/12m00.0s

running (06m12.0s), 12/12 VUs, 10791 complete and 0 interrupted iterations
sudden_spike   [  48% ] 12/12 VUs  05m43.8s/12m00.0s

running (06m13.0s), 12/12 VUs, 10848 complete and 0 interrupted iterations
sudden_spike   [  48% ] 12/12 VUs  05m44.8s/12m00.0s

running (06m14.0s), 12/12 VUs, 10864 complete and 0 interrupted iterations
sudden_spike   [  48% ] 12/12 VUs  05m45.8s/12m00.0s

running (06m15.0s), 12/12 VUs, 10908 complete and 0 interrupted iterations
sudden_spike   [  48% ] 12/12 VUs  05m46.8s/12m00.0s

running (06m16.0s), 12/12 VUs, 10959 complete and 0 interrupted iterations
sudden_spike   [  48% ] 12/12 VUs  05m47.8s/12m00.0s

running (06m17.0s), 12/12 VUs, 10998 complete and 0 interrupted iterations
sudden_spike   [  48% ] 12/12 VUs  05m48.8s/12m00.0s

running (06m18.0s), 12/12 VUs, 11007 complete and 0 interrupted iterations
sudden_spike   [  49% ] 12/12 VUs  05m49.8s/12m00.0s

running (06m19.0s), 12/12 VUs, 11043 complete and 0 interrupted iterations
sudden_spike   [  49% ] 12/12 VUs  05m50.8s/12m00.0s

running (06m20.0s), 12/12 VUs, 11084 complete and 0 interrupted iterations
sudden_spike   [  49% ] 12/12 VUs  05m51.8s/12m00.0s

running (06m21.0s), 12/12 VUs, 11132 complete and 0 interrupted iterations
sudden_spike   [  49% ] 12/12 VUs  05m52.8s/12m00.0s

running (06m22.0s), 12/12 VUs, 11181 complete and 0 interrupted iterations
sudden_spike   [  49% ] 12/12 VUs  05m53.8s/12m00.0s

running (06m23.0s), 12/12 VUs, 11228 complete and 0 interrupted iterations
sudden_spike   [  49% ] 12/12 VUs  05m54.8s/12m00.0s

running (06m24.0s), 12/12 VUs, 11278 complete and 0 interrupted iterations
sudden_spike   [  49% ] 12/12 VUs  05m55.8s/12m00.0s

running (06m25.0s), 12/12 VUs, 11307 complete and 0 interrupted iterations
sudden_spike   [  50% ] 12/12 VUs  05m56.8s/12m00.0s

running (06m26.0s), 12/12 VUs, 11385 complete and 0 interrupted iterations
sudden_spike   [  50% ] 12/12 VUs  05m57.8s/12m00.0s

running (06m27.0s), 12/12 VUs, 11419 complete and 0 interrupted iterations
sudden_spike   [  50% ] 12/12 VUs  05m58.8s/12m00.0s

running (06m28.0s), 12/12 VUs, 11436 complete and 0 interrupted iterations
sudden_spike   [  50% ] 12/12 VUs  05m59.8s/12m00.0s

running (06m29.0s), 12/12 VUs, 11479 complete and 0 interrupted iterations
sudden_spike   [  50% ] 12/12 VUs  06m00.8s/12m00.0s

running (06m30.0s), 12/12 VUs, 11531 complete and 0 interrupted iterations
sudden_spike   [  50% ] 12/12 VUs  06m01.8s/12m00.0s

running (06m31.0s), 12/12 VUs, 11586 complete and 0 interrupted iterations
sudden_spike   [  50% ] 12/12 VUs  06m02.8s/12m00.0s

running (06m32.0s), 12/12 VUs, 11627 complete and 0 interrupted iterations
sudden_spike   [  51% ] 12/12 VUs  06m03.8s/12m00.0s

running (06m33.0s), 12/12 VUs, 11689 complete and 0 interrupted iterations
sudden_spike   [  51% ] 12/12 VUs  06m04.8s/12m00.0s

running (06m34.0s), 12/12 VUs, 11765 complete and 0 interrupted iterations
sudden_spike   [  51% ] 12/12 VUs  06m05.8s/12m00.0s

running (06m35.0s), 12/12 VUs, 11827 complete and 0 interrupted iterations
sudden_spike   [  51% ] 12/12 VUs  06m06.8s/12m00.0s

running (06m36.0s), 12/12 VUs, 11848 complete and 0 interrupted iterations
sudden_spike   [  51% ] 12/12 VUs  06m07.8s/12m00.0s

running (06m37.0s), 12/12 VUs, 11884 complete and 0 interrupted iterations
sudden_spike   [  51% ] 12/12 VUs  06m08.8s/12m00.0s

running (06m38.0s), 12/12 VUs, 11905 complete and 0 interrupted iterations
sudden_spike   [  51% ] 12/12 VUs  06m09.8s/12m00.0s

running (06m39.0s), 12/12 VUs, 11960 complete and 0 interrupted iterations
sudden_spike   [  51% ] 12/12 VUs  06m10.8s/12m00.0s

running (06m40.0s), 12/12 VUs, 12016 complete and 0 interrupted iterations
sudden_spike   [  52% ] 12/12 VUs  06m11.8s/12m00.0s

running (06m41.0s), 12/12 VUs, 12037 complete and 0 interrupted iterations
sudden_spike   [  52% ] 12/12 VUs  06m12.8s/12m00.0s

running (06m42.0s), 12/12 VUs, 12092 complete and 0 interrupted iterations
sudden_spike   [  52% ] 12/12 VUs  06m13.8s/12m00.0s

running (06m43.0s), 12/12 VUs, 12144 complete and 0 interrupted iterations
sudden_spike   [  52% ] 12/12 VUs  06m14.8s/12m00.0s

running (06m44.0s), 12/12 VUs, 12176 complete and 0 interrupted iterations
sudden_spike   [  52% ] 12/12 VUs  06m15.8s/12m00.0s

running (06m45.0s), 12/12 VUs, 12200 complete and 0 interrupted iterations
sudden_spike   [  52% ] 12/12 VUs  06m16.8s/12m00.0s

running (06m46.0s), 12/12 VUs, 12235 complete and 0 interrupted iterations
sudden_spike   [  52% ] 12/12 VUs  06m17.8s/12m00.0s

running (06m47.0s), 12/12 VUs, 12276 complete and 0 interrupted iterations
sudden_spike   [  53% ] 12/12 VUs  06m18.8s/12m00.0s

running (06m48.0s), 12/12 VUs, 12314 complete and 0 interrupted iterations
sudden_spike   [  53% ] 12/12 VUs  06m19.8s/12m00.0s

running (06m49.0s), 12/12 VUs, 12367 complete and 0 interrupted iterations
sudden_spike   [  53% ] 12/12 VUs  06m20.8s/12m00.0s

running (06m50.0s), 12/12 VUs, 12395 complete and 0 interrupted iterations
sudden_spike   [  53% ] 12/12 VUs  06m21.8s/12m00.0s

running (06m51.0s), 12/12 VUs, 12425 complete and 0 interrupted iterations
sudden_spike   [  53% ] 12/12 VUs  06m22.8s/12m00.0s

running (06m52.0s), 12/12 VUs, 12490 complete and 0 interrupted iterations
sudden_spike   [  53% ] 12/12 VUs  06m23.8s/12m00.0s

running (06m53.0s), 12/12 VUs, 12557 complete and 0 interrupted iterations
sudden_spike   [  53% ] 12/12 VUs  06m24.8s/12m00.0s

running (06m54.0s), 12/12 VUs, 12607 complete and 0 interrupted iterations
sudden_spike   [  54% ] 12/12 VUs  06m25.8s/12m00.0s

running (06m55.0s), 12/12 VUs, 12642 complete and 0 interrupted iterations
sudden_spike   [  54% ] 12/12 VUs  06m26.8s/12m00.0s

running (06m56.0s), 12/12 VUs, 12688 complete and 0 interrupted iterations
sudden_spike   [  54% ] 12/12 VUs  06m27.8s/12m00.0s

running (06m57.0s), 12/12 VUs, 12720 complete and 0 interrupted iterations
sudden_spike   [  54% ] 12/12 VUs  06m28.8s/12m00.0s

running (06m58.0s), 12/12 VUs, 12760 complete and 0 interrupted iterations
sudden_spike   [  54% ] 12/12 VUs  06m29.8s/12m00.0s

running (06m59.0s), 12/12 VUs, 12798 complete and 0 interrupted iterations
sudden_spike   [  54% ] 12/12 VUs  06m30.8s/12m00.0s

running (07m00.0s), 12/12 VUs, 12852 complete and 0 interrupted iterations
sudden_spike   [  54% ] 12/12 VUs  06m31.8s/12m00.0s

running (07m01.0s), 12/12 VUs, 12906 complete and 0 interrupted iterations
sudden_spike   [  55% ] 12/12 VUs  06m32.8s/12m00.0s

running (07m02.0s), 12/12 VUs, 12944 complete and 0 interrupted iterations
sudden_spike   [  55% ] 12/12 VUs  06m33.8s/12m00.0s

running (07m03.0s), 12/12 VUs, 13000 complete and 0 interrupted iterations
sudden_spike   [  55% ] 12/12 VUs  06m34.8s/12m00.0s

running (07m04.0s), 12/12 VUs, 13043 complete and 0 interrupted iterations
sudden_spike   [  55% ] 12/12 VUs  06m35.8s/12m00.0s

running (07m05.0s), 12/12 VUs, 13076 complete and 0 interrupted iterations
sudden_spike   [  55% ] 12/12 VUs  06m36.8s/12m00.0s

running (07m06.0s), 12/12 VUs, 13094 complete and 0 interrupted iterations
sudden_spike   [  55% ] 12/12 VUs  06m37.8s/12m00.0s

running (07m07.0s), 12/12 VUs, 13132 complete and 0 interrupted iterations
sudden_spike   [  55% ] 12/12 VUs  06m38.8s/12m00.0s

running (07m08.0s), 12/12 VUs, 13170 complete and 0 interrupted iterations
sudden_spike   [  56% ] 12/12 VUs  06m39.8s/12m00.0s

running (07m09.0s), 12/12 VUs, 13208 complete and 0 interrupted iterations
sudden_spike   [  56% ] 12/12 VUs  06m40.8s/12m00.0s

running (07m10.0s), 12/12 VUs, 13247 complete and 0 interrupted iterations
sudden_spike   [  56% ] 12/12 VUs  06m41.8s/12m00.0s

running (07m11.0s), 12/12 VUs, 13278 complete and 0 interrupted iterations
sudden_spike   [  56% ] 12/12 VUs  06m42.8s/12m00.0s

running (07m12.0s), 12/12 VUs, 13326 complete and 0 interrupted iterations
sudden_spike   [  56% ] 12/12 VUs  06m43.8s/12m00.0s

running (07m13.0s), 12/12 VUs, 13363 complete and 0 interrupted iterations
sudden_spike   [  56% ] 12/12 VUs  06m44.8s/12m00.0s

running (07m14.0s), 12/12 VUs, 13377 complete and 0 interrupted iterations
sudden_spike   [  56% ] 12/12 VUs  06m45.8s/12m00.0s

running (07m15.0s), 12/12 VUs, 13421 complete and 0 interrupted iterations
sudden_spike   [  56% ] 12/12 VUs  06m46.8s/12m00.0s

running (07m16.0s), 12/12 VUs, 13493 complete and 0 interrupted iterations
sudden_spike   [  57% ] 12/12 VUs  06m47.8s/12m00.0s

running (07m17.0s), 12/12 VUs, 13550 complete and 0 interrupted iterations
sudden_spike   [  57% ] 12/12 VUs  06m48.8s/12m00.0s

running (07m18.0s), 12/12 VUs, 13580 complete and 0 interrupted iterations
sudden_spike   [  57% ] 12/12 VUs  06m49.8s/12m00.0s

running (07m19.0s), 12/12 VUs, 13605 complete and 0 interrupted iterations
sudden_spike   [  57% ] 12/12 VUs  06m50.8s/12m00.0s

running (07m20.0s), 12/12 VUs, 13651 complete and 0 interrupted iterations
sudden_spike   [  57% ] 12/12 VUs  06m51.8s/12m00.0s

running (07m21.0s), 12/12 VUs, 13724 complete and 0 interrupted iterations
sudden_spike   [  57% ] 12/12 VUs  06m52.8s/12m00.0s

running (07m22.0s), 12/12 VUs, 13784 complete and 0 interrupted iterations
sudden_spike   [  57% ] 12/12 VUs  06m53.8s/12m00.0s

running (07m23.0s), 12/12 VUs, 13844 complete and 0 interrupted iterations
sudden_spike   [  58% ] 12/12 VUs  06m54.8s/12m00.0s

running (07m24.0s), 12/12 VUs, 13890 complete and 0 interrupted iterations
sudden_spike   [  58% ] 12/12 VUs  06m55.8s/12m00.0s

running (07m25.0s), 12/12 VUs, 13916 complete and 0 interrupted iterations
sudden_spike   [  58% ] 12/12 VUs  06m56.8s/12m00.0s

running (07m26.0s), 12/12 VUs, 13981 complete and 0 interrupted iterations
sudden_spike   [  58% ] 12/12 VUs  06m57.8s/12m00.0s

running (07m27.0s), 12/12 VUs, 14035 complete and 0 interrupted iterations
sudden_spike   [  58% ] 12/12 VUs  06m58.8s/12m00.0s

running (07m28.0s), 12/12 VUs, 14078 complete and 0 interrupted iterations
sudden_spike   [  58% ] 12/12 VUs  06m59.8s/12m00.0s

running (07m29.0s), 12/12 VUs, 14115 complete and 0 interrupted iterations
sudden_spike   [  58% ] 12/12 VUs  07m00.8s/12m00.0s

running (07m30.0s), 12/12 VUs, 14149 complete and 0 interrupted iterations
sudden_spike   [  59% ] 12/12 VUs  07m01.8s/12m00.0s

running (07m31.0s), 12/12 VUs, 14192 complete and 0 interrupted iterations
sudden_spike   [  59% ] 12/12 VUs  07m02.8s/12m00.0s

running (07m32.0s), 12/12 VUs, 14243 complete and 0 interrupted iterations
sudden_spike   [  59% ] 12/12 VUs  07m03.8s/12m00.0s

running (07m33.0s), 12/12 VUs, 14304 complete and 0 interrupted iterations
sudden_spike   [  59% ] 12/12 VUs  07m04.8s/12m00.0s

running (07m34.0s), 12/12 VUs, 14362 complete and 0 interrupted iterations
sudden_spike   [  59% ] 12/12 VUs  07m05.8s/12m00.0s

running (07m35.0s), 12/12 VUs, 14419 complete and 0 interrupted iterations
sudden_spike   [  59% ] 12/12 VUs  07m06.8s/12m00.0s

running (07m36.0s), 12/12 VUs, 14470 complete and 0 interrupted iterations
sudden_spike   [  59% ] 12/12 VUs  07m07.8s/12m00.0s

running (07m37.0s), 12/12 VUs, 14492 complete and 0 interrupted iterations
sudden_spike   [  60% ] 12/12 VUs  07m08.8s/12m00.0s

running (07m38.0s), 12/12 VUs, 14557 complete and 0 interrupted iterations
sudden_spike   [  60% ] 12/12 VUs  07m09.8s/12m00.0s

running (07m39.0s), 12/12 VUs, 14591 complete and 0 interrupted iterations
sudden_spike   [  60% ] 12/12 VUs  07m10.8s/12m00.0s

running (07m40.0s), 12/12 VUs, 14630 complete and 0 interrupted iterations
sudden_spike   [  60% ] 12/12 VUs  07m11.8s/12m00.0s

running (07m41.0s), 12/12 VUs, 14659 complete and 0 interrupted iterations
sudden_spike   [  60% ] 12/12 VUs  07m12.8s/12m00.0s

running (07m42.0s), 12/12 VUs, 14682 complete and 0 interrupted iterations
sudden_spike   [  60% ] 12/12 VUs  07m13.8s/12m00.0s

running (07m43.0s), 12/12 VUs, 14730 complete and 0 interrupted iterations
sudden_spike   [  60% ] 12/12 VUs  07m14.8s/12m00.0s

running (07m44.0s), 12/12 VUs, 14753 complete and 0 interrupted iterations
sudden_spike   [  61% ] 12/12 VUs  07m15.8s/12m00.0s

running (07m45.0s), 12/12 VUs, 14802 complete and 0 interrupted iterations
sudden_spike   [  61% ] 12/12 VUs  07m16.8s/12m00.0s

running (07m46.0s), 12/12 VUs, 14900 complete and 0 interrupted iterations
sudden_spike   [  61% ] 12/12 VUs  07m17.8s/12m00.0s

running (07m47.0s), 12/12 VUs, 14960 complete and 0 interrupted iterations
sudden_spike   [  61% ] 12/12 VUs  07m18.8s/12m00.0s

running (07m48.0s), 12/12 VUs, 14991 complete and 0 interrupted iterations
sudden_spike   [  61% ] 12/12 VUs  07m19.8s/12m00.0s

running (07m49.0s), 12/12 VUs, 15060 complete and 0 interrupted iterations
sudden_spike   [  61% ] 12/12 VUs  07m20.8s/12m00.0s

running (07m50.0s), 12/12 VUs, 15083 complete and 0 interrupted iterations
sudden_spike   [  61% ] 12/12 VUs  07m21.8s/12m00.0s

running (07m51.0s), 12/12 VUs, 15116 complete and 0 interrupted iterations
sudden_spike   [  61% ] 12/12 VUs  07m22.8s/12m00.0s

running (07m52.0s), 12/12 VUs, 15168 complete and 0 interrupted iterations
sudden_spike   [  62% ] 12/12 VUs  07m23.8s/12m00.0s

running (07m53.0s), 12/12 VUs, 15246 complete and 0 interrupted iterations
sudden_spike   [  62% ] 12/12 VUs  07m24.8s/12m00.0s

running (07m54.0s), 12/12 VUs, 15307 complete and 0 interrupted iterations
sudden_spike   [  62% ] 12/12 VUs  07m25.8s/12m00.0s

running (07m55.0s), 12/12 VUs, 15337 complete and 0 interrupted iterations
sudden_spike   [  62% ] 12/12 VUs  07m26.8s/12m00.0s

running (07m56.0s), 12/12 VUs, 15387 complete and 0 interrupted iterations
sudden_spike   [  62% ] 12/12 VUs  07m27.8s/12m00.0s

running (07m57.0s), 12/12 VUs, 15421 complete and 0 interrupted iterations
sudden_spike   [  62% ] 12/12 VUs  07m28.8s/12m00.0s

running (07m58.0s), 12/12 VUs, 15461 complete and 0 interrupted iterations
sudden_spike   [  62% ] 12/12 VUs  07m29.8s/12m00.0s

running (07m59.0s), 12/12 VUs, 15488 complete and 0 interrupted iterations
sudden_spike   [  63% ] 12/12 VUs  07m30.8s/12m00.0s

running (08m00.0s), 12/12 VUs, 15535 complete and 0 interrupted iterations
sudden_spike   [  63% ] 12/12 VUs  07m31.8s/12m00.0s

running (08m01.0s), 12/12 VUs, 15569 complete and 0 interrupted iterations
sudden_spike   [  63% ] 12/12 VUs  07m32.8s/12m00.0s

running (08m02.0s), 12/12 VUs, 15591 complete and 0 interrupted iterations
sudden_spike   [  63% ] 12/12 VUs  07m33.8s/12m00.0s

running (08m03.0s), 12/12 VUs, 15640 complete and 0 interrupted iterations
sudden_spike   [  63% ] 12/12 VUs  07m34.8s/12m00.0s

running (08m04.0s), 12/12 VUs, 15678 complete and 0 interrupted iterations
sudden_spike   [  63% ] 12/12 VUs  07m35.8s/12m00.0s

running (08m05.0s), 12/12 VUs, 15718 complete and 0 interrupted iterations
sudden_spike   [  63% ] 12/12 VUs  07m36.8s/12m00.0s

running (08m06.0s), 12/12 VUs, 15737 complete and 0 interrupted iterations
sudden_spike   [  64% ] 12/12 VUs  07m37.8s/12m00.0s

running (08m07.0s), 12/12 VUs, 15814 complete and 0 interrupted iterations
sudden_spike   [  64% ] 12/12 VUs  07m38.8s/12m00.0s

running (08m08.0s), 12/12 VUs, 15850 complete and 0 interrupted iterations
sudden_spike   [  64% ] 12/12 VUs  07m39.8s/12m00.0s

running (08m09.0s), 12/12 VUs, 15909 complete and 0 interrupted iterations
sudden_spike   [  64% ] 12/12 VUs  07m40.8s/12m00.0s

running (08m10.0s), 12/12 VUs, 15925 complete and 0 interrupted iterations
sudden_spike   [  64% ] 12/12 VUs  07m41.8s/12m00.0s

running (08m11.0s), 12/12 VUs, 15979 complete and 0 interrupted iterations
sudden_spike   [  64% ] 12/12 VUs  07m42.8s/12m00.0s

running (08m12.0s), 12/12 VUs, 16030 complete and 0 interrupted iterations
sudden_spike   [  64% ] 12/12 VUs  07m43.8s/12m00.0s

running (08m13.0s), 12/12 VUs, 16053 complete and 0 interrupted iterations
sudden_spike   [  65% ] 12/12 VUs  07m44.8s/12m00.0s

running (08m14.0s), 12/12 VUs, 16139 complete and 0 interrupted iterations
sudden_spike   [  65% ] 12/12 VUs  07m45.8s/12m00.0s

running (08m15.0s), 12/12 VUs, 16167 complete and 0 interrupted iterations
sudden_spike   [  65% ] 12/12 VUs  07m46.8s/12m00.0s

running (08m16.0s), 12/12 VUs, 16205 complete and 0 interrupted iterations
sudden_spike   [  65% ] 12/12 VUs  07m47.8s/12m00.0s

running (08m17.0s), 12/12 VUs, 16247 complete and 0 interrupted iterations
sudden_spike   [  65% ] 12/12 VUs  07m48.8s/12m00.0s

running (08m18.0s), 12/12 VUs, 16270 complete and 0 interrupted iterations
sudden_spike   [  65% ] 12/12 VUs  07m49.8s/12m00.0s

running (08m19.0s), 12/12 VUs, 16356 complete and 0 interrupted iterations
sudden_spike   [  65% ] 12/12 VUs  07m50.8s/12m00.0s

running (08m20.0s), 12/12 VUs, 16413 complete and 0 interrupted iterations
sudden_spike   [  66% ] 12/12 VUs  07m51.8s/12m00.0s

running (08m21.0s), 12/12 VUs, 16462 complete and 0 interrupted iterations
sudden_spike   [  66% ] 12/12 VUs  07m52.8s/12m00.0s

running (08m22.0s), 12/12 VUs, 16504 complete and 0 interrupted iterations
sudden_spike   [  66% ] 12/12 VUs  07m53.8s/12m00.0s

running (08m23.0s), 12/12 VUs, 16581 complete and 0 interrupted iterations
sudden_spike   [  66% ] 12/12 VUs  07m54.8s/12m00.0s

running (08m24.0s), 12/12 VUs, 16670 complete and 0 interrupted iterations
sudden_spike   [  66% ] 12/12 VUs  07m55.8s/12m00.0s

running (08m25.0s), 12/12 VUs, 16737 complete and 0 interrupted iterations
sudden_spike   [  66% ] 12/12 VUs  07m56.8s/12m00.0s

running (08m26.0s), 12/12 VUs, 16803 complete and 0 interrupted iterations
sudden_spike   [  66% ] 12/12 VUs  07m57.8s/12m00.0s

running (08m27.0s), 12/12 VUs, 16829 complete and 0 interrupted iterations
sudden_spike   [  66% ] 12/12 VUs  07m58.8s/12m00.0s

running (08m28.0s), 12/12 VUs, 16878 complete and 0 interrupted iterations
sudden_spike   [  67% ] 12/12 VUs  07m59.8s/12m00.0s

running (08m29.0s), 12/12 VUs, 16927 complete and 0 interrupted iterations
sudden_spike   [  67% ] 12/12 VUs  08m00.8s/12m00.0s

running (08m30.0s), 12/12 VUs, 16971 complete and 0 interrupted iterations
sudden_spike   [  67% ] 12/12 VUs  08m01.8s/12m00.0s

running (08m31.0s), 12/12 VUs, 17035 complete and 0 interrupted iterations
sudden_spike   [  67% ] 12/12 VUs  08m02.8s/12m00.0s

running (08m32.0s), 12/12 VUs, 17071 complete and 0 interrupted iterations
sudden_spike   [  67% ] 12/12 VUs  08m03.8s/12m00.0s

running (08m33.0s), 12/12 VUs, 17111 complete and 0 interrupted iterations
sudden_spike   [  67% ] 12/12 VUs  08m04.8s/12m00.0s

running (08m34.0s), 12/12 VUs, 17129 complete and 0 interrupted iterations
sudden_spike   [  67% ] 12/12 VUs  08m05.8s/12m00.0s

running (08m35.0s), 12/12 VUs, 17189 complete and 0 interrupted iterations
sudden_spike   [  68% ] 12/12 VUs  08m06.8s/12m00.0s

running (08m36.0s), 12/12 VUs, 17236 complete and 0 interrupted iterations
sudden_spike   [  68% ] 12/12 VUs  08m07.8s/12m00.0s

running (08m37.0s), 12/12 VUs, 17282 complete and 0 interrupted iterations
sudden_spike   [  68% ] 12/12 VUs  08m08.8s/12m00.0s

running (08m38.0s), 12/12 VUs, 17319 complete and 0 interrupted iterations
sudden_spike   [  68% ] 12/12 VUs  08m09.8s/12m00.0s

running (08m39.0s), 12/12 VUs, 17348 complete and 0 interrupted iterations
sudden_spike   [  68% ] 12/12 VUs  08m10.8s/12m00.0s

running (08m40.0s), 12/12 VUs, 17433 complete and 0 interrupted iterations
sudden_spike   [  68% ] 12/12 VUs  08m11.8s/12m00.0s

running (08m41.0s), 12/12 VUs, 17494 complete and 0 interrupted iterations
sudden_spike   [  68% ] 12/12 VUs  08m12.8s/12m00.0s

running (08m42.0s), 12/12 VUs, 17579 complete and 0 interrupted iterations
sudden_spike   [  69% ] 12/12 VUs  08m13.8s/12m00.0s

running (08m43.0s), 12/12 VUs, 17629 complete and 0 interrupted iterations
sudden_spike   [  69% ] 12/12 VUs  08m14.8s/12m00.0s

running (08m44.0s), 12/12 VUs, 17694 complete and 0 interrupted iterations
sudden_spike   [  69% ] 12/12 VUs  08m15.8s/12m00.0s

running (08m45.0s), 12/12 VUs, 17755 complete and 0 interrupted iterations
sudden_spike   [  69% ] 12/12 VUs  08m16.8s/12m00.0s

running (08m46.0s), 12/12 VUs, 17848 complete and 0 interrupted iterations
sudden_spike   [  69% ] 12/12 VUs  08m17.8s/12m00.0s

running (08m47.0s), 12/12 VUs, 17935 complete and 0 interrupted iterations
sudden_spike   [  69% ] 12/12 VUs  08m18.8s/12m00.0s

running (08m48.0s), 12/12 VUs, 17985 complete and 0 interrupted iterations
sudden_spike   [  69% ] 12/12 VUs  08m19.8s/12m00.0s

running (08m49.0s), 12/12 VUs, 18033 complete and 0 interrupted iterations
sudden_spike   [  70% ] 12/12 VUs  08m20.8s/12m00.0s

running (08m50.0s), 12/12 VUs, 18053 complete and 0 interrupted iterations
sudden_spike   [  70% ] 12/12 VUs  08m21.8s/12m00.0s

running (08m51.0s), 12/12 VUs, 18083 complete and 0 interrupted iterations
sudden_spike   [  70% ] 12/12 VUs  08m22.8s/12m00.0s

running (08m52.0s), 12/12 VUs, 18131 complete and 0 interrupted iterations
sudden_spike   [  70% ] 12/12 VUs  08m23.8s/12m00.0s

running (08m53.0s), 12/12 VUs, 18183 complete and 0 interrupted iterations
sudden_spike   [  70% ] 12/12 VUs  08m24.8s/12m00.0s

running (08m54.0s), 12/12 VUs, 18218 complete and 0 interrupted iterations
sudden_spike   [  70% ] 12/12 VUs  08m25.8s/12m00.0s

running (08m55.0s), 12/12 VUs, 18267 complete and 0 interrupted iterations
sudden_spike   [  70% ] 12/12 VUs  08m26.8s/12m00.0s

running (08m56.0s), 12/12 VUs, 18300 complete and 0 interrupted iterations
sudden_spike   [  71% ] 12/12 VUs  08m27.8s/12m00.0s

running (08m57.0s), 12/12 VUs, 18324 complete and 0 interrupted iterations
sudden_spike   [  71% ] 12/12 VUs  08m28.8s/12m00.0s

running (08m58.0s), 12/12 VUs, 18362 complete and 0 interrupted iterations
sudden_spike   [  71% ] 12/12 VUs  08m29.8s/12m00.0s

running (08m59.0s), 12/12 VUs, 18408 complete and 0 interrupted iterations
sudden_spike   [  71% ] 12/12 VUs  08m30.8s/12m00.0s

running (09m00.0s), 12/12 VUs, 18432 complete and 0 interrupted iterations
sudden_spike   [  71% ] 12/12 VUs  08m31.8s/12m00.0s

running (09m01.0s), 12/12 VUs, 18508 complete and 0 interrupted iterations
sudden_spike   [  71% ] 12/12 VUs  08m32.8s/12m00.0s

running (09m02.0s), 12/12 VUs, 18574 complete and 0 interrupted iterations
sudden_spike   [  71% ] 12/12 VUs  08m33.8s/12m00.0s

running (09m03.0s), 12/12 VUs, 18635 complete and 0 interrupted iterations
sudden_spike   [  71% ] 12/12 VUs  08m34.8s/12m00.0s

running (09m04.0s), 12/12 VUs, 18669 complete and 0 interrupted iterations
sudden_spike   [  72% ] 12/12 VUs  08m35.8s/12m00.0s

running (09m05.0s), 12/12 VUs, 18694 complete and 0 interrupted iterations
sudden_spike   [  72% ] 12/12 VUs  08m36.8s/12m00.0s

running (09m06.0s), 12/12 VUs, 18739 complete and 0 interrupted iterations
sudden_spike   [  72% ] 12/12 VUs  08m37.8s/12m00.0s

running (09m07.0s), 12/12 VUs, 18790 complete and 0 interrupted iterations
sudden_spike   [  72% ] 12/12 VUs  08m38.8s/12m00.0s

running (09m08.0s), 12/12 VUs, 18862 complete and 0 interrupted iterations
sudden_spike   [  72% ] 12/12 VUs  08m39.8s/12m00.0s

running (09m09.0s), 12/12 VUs, 18939 complete and 0 interrupted iterations
sudden_spike   [  72% ] 12/12 VUs  08m40.8s/12m00.0s

running (09m10.0s), 12/12 VUs, 18955 complete and 0 interrupted iterations
sudden_spike   [  72% ] 12/12 VUs  08m41.8s/12m00.0s

running (09m11.0s), 12/12 VUs, 19015 complete and 0 interrupted iterations
sudden_spike   [  73% ] 12/12 VUs  08m42.8s/12m00.0s

running (09m12.0s), 12/12 VUs, 19087 complete and 0 interrupted iterations
sudden_spike   [  73% ] 12/12 VUs  08m43.8s/12m00.0s

running (09m13.0s), 12/12 VUs, 19133 complete and 0 interrupted iterations
sudden_spike   [  73% ] 12/12 VUs  08m44.8s/12m00.0s

running (09m14.0s), 12/12 VUs, 19173 complete and 0 interrupted iterations
sudden_spike   [  73% ] 12/12 VUs  08m45.8s/12m00.0s

running (09m15.0s), 12/12 VUs, 19217 complete and 0 interrupted iterations
sudden_spike   [  73% ] 12/12 VUs  08m46.8s/12m00.0s

running (09m16.0s), 12/12 VUs, 19260 complete and 0 interrupted iterations
sudden_spike   [  73% ] 12/12 VUs  08m47.8s/12m00.0s

running (09m17.0s), 12/12 VUs, 19314 complete and 0 interrupted iterations
sudden_spike   [  73% ] 12/12 VUs  08m48.8s/12m00.0s

running (09m18.0s), 12/12 VUs, 19345 complete and 0 interrupted iterations
sudden_spike   [  74% ] 12/12 VUs  08m49.8s/12m00.0s

running (09m19.0s), 12/12 VUs, 19385 complete and 0 interrupted iterations
sudden_spike   [  74% ] 12/12 VUs  08m50.8s/12m00.0s

running (09m20.0s), 12/12 VUs, 19397 complete and 0 interrupted iterations
sudden_spike   [  74% ] 12/12 VUs  08m51.8s/12m00.0s

running (09m21.0s), 12/12 VUs, 19425 complete and 0 interrupted iterations
sudden_spike   [  74% ] 12/12 VUs  08m52.8s/12m00.0s

running (09m22.0s), 12/12 VUs, 19442 complete and 0 interrupted iterations
sudden_spike   [  74% ] 12/12 VUs  08m53.8s/12m00.0s

running (09m23.0s), 12/12 VUs, 19482 complete and 0 interrupted iterations
sudden_spike   [  74% ] 12/12 VUs  08m54.8s/12m00.0s

running (09m24.0s), 12/12 VUs, 19517 complete and 0 interrupted iterations
sudden_spike   [  74% ] 12/12 VUs  08m55.8s/12m00.0s

running (09m25.0s), 12/12 VUs, 19577 complete and 0 interrupted iterations
sudden_spike   [  75% ] 12/12 VUs  08m56.8s/12m00.0s

running (09m26.0s), 12/12 VUs, 19654 complete and 0 interrupted iterations
sudden_spike   [  75% ] 12/12 VUs  08m57.8s/12m00.0s

running (09m27.0s), 12/12 VUs, 19679 complete and 0 interrupted iterations
sudden_spike   [  75% ] 12/12 VUs  08m58.8s/12m00.0s

running (09m28.0s), 12/12 VUs, 19712 complete and 0 interrupted iterations
sudden_spike   [  75% ] 12/12 VUs  08m59.8s/12m00.0s

running (09m29.0s), 12/12 VUs, 19758 complete and 0 interrupted iterations
sudden_spike   [  75% ] 12/12 VUs  09m00.8s/12m00.0s

running (09m30.0s), 12/12 VUs, 19838 complete and 0 interrupted iterations
sudden_spike   [  75% ] 12/12 VUs  09m01.8s/12m00.0s

running (09m31.0s), 12/12 VUs, 19870 complete and 0 interrupted iterations
sudden_spike   [  75% ] 12/12 VUs  09m02.8s/12m00.0s

running (09m32.0s), 12/12 VUs, 19933 complete and 0 interrupted iterations
sudden_spike   [  76% ] 12/12 VUs  09m03.8s/12m00.0s

running (09m33.0s), 12/12 VUs, 19995 complete and 0 interrupted iterations
sudden_spike   [  76% ] 12/12 VUs  09m04.8s/12m00.0s

running (09m34.0s), 12/12 VUs, 20037 complete and 0 interrupted iterations
sudden_spike   [  76% ] 12/12 VUs  09m05.8s/12m00.0s

running (09m35.0s), 12/12 VUs, 20077 complete and 0 interrupted iterations
sudden_spike   [  76% ] 12/12 VUs  09m06.8s/12m00.0s

running (09m36.0s), 12/12 VUs, 20105 complete and 0 interrupted iterations
sudden_spike   [  76% ] 12/12 VUs  09m07.8s/12m00.0s

running (09m37.0s), 12/12 VUs, 20159 complete and 0 interrupted iterations
sudden_spike   [  76% ] 12/12 VUs  09m08.8s/12m00.0s

running (09m38.0s), 12/12 VUs, 20221 complete and 0 interrupted iterations
sudden_spike   [  76% ] 12/12 VUs  09m09.8s/12m00.0s

running (09m39.0s), 12/12 VUs, 20276 complete and 0 interrupted iterations
sudden_spike   [  76% ] 12/12 VUs  09m10.8s/12m00.0s

running (09m40.0s), 12/12 VUs, 20341 complete and 0 interrupted iterations
sudden_spike   [  77% ] 12/12 VUs  09m11.8s/12m00.0s

running (09m41.0s), 12/12 VUs, 20405 complete and 0 interrupted iterations
sudden_spike   [  77% ] 12/12 VUs  09m12.8s/12m00.0s

running (09m42.0s), 12/12 VUs, 20445 complete and 0 interrupted iterations
sudden_spike   [  77% ] 12/12 VUs  09m13.8s/12m00.0s

running (09m43.0s), 12/12 VUs, 20492 complete and 0 interrupted iterations
sudden_spike   [  77% ] 12/12 VUs  09m14.8s/12m00.0s

running (09m44.0s), 11/12 VUs, 20529 complete and 0 interrupted iterations
sudden_spike   [  77% ] 11/12 VUs  09m15.8s/12m00.0s

running (09m45.0s), 11/12 VUs, 20556 complete and 0 interrupted iterations
sudden_spike   [  77% ] 11/12 VUs  09m16.8s/12m00.0s

running (09m46.0s), 11/12 VUs, 20594 complete and 0 interrupted iterations
sudden_spike   [  77% ] 11/12 VUs  09m17.8s/12m00.0s

running (09m47.0s), 11/12 VUs, 20648 complete and 0 interrupted iterations
sudden_spike   [  78% ] 11/12 VUs  09m18.8s/12m00.0s

running (09m48.0s), 11/12 VUs, 20697 complete and 0 interrupted iterations
sudden_spike   [  78% ] 11/12 VUs  09m19.8s/12m00.0s

running (09m49.0s), 11/12 VUs, 20735 complete and 0 interrupted iterations
sudden_spike   [  78% ] 11/12 VUs  09m20.8s/12m00.0s

running (09m50.0s), 11/12 VUs, 20774 complete and 0 interrupted iterations
sudden_spike   [  78% ] 11/12 VUs  09m21.8s/12m00.0s

running (09m51.0s), 11/12 VUs, 20835 complete and 0 interrupted iterations
sudden_spike   [  78% ] 11/12 VUs  09m22.8s/12m00.0s

running (09m52.0s), 11/12 VUs, 20889 complete and 0 interrupted iterations
sudden_spike   [  78% ] 11/12 VUs  09m23.8s/12m00.0s

running (09m53.0s), 11/12 VUs, 20913 complete and 0 interrupted iterations
sudden_spike   [  78% ] 11/12 VUs  09m24.8s/12m00.0s

running (09m54.0s), 11/12 VUs, 20942 complete and 0 interrupted iterations
sudden_spike   [  79% ] 11/12 VUs  09m25.8s/12m00.0s

running (09m55.0s), 11/12 VUs, 20983 complete and 0 interrupted iterations
sudden_spike   [  79% ] 11/12 VUs  09m26.8s/12m00.0s

running (09m56.0s), 11/12 VUs, 21052 complete and 0 interrupted iterations
sudden_spike   [  79% ] 11/12 VUs  09m27.8s/12m00.0s

running (09m57.0s), 11/12 VUs, 21091 complete and 0 interrupted iterations
sudden_spike   [  79% ] 11/12 VUs  09m28.8s/12m00.0s

running (09m58.0s), 11/12 VUs, 21129 complete and 0 interrupted iterations
sudden_spike   [  79% ] 11/12 VUs  09m29.8s/12m00.0s

running (09m59.0s), 10/12 VUs, 21168 complete and 0 interrupted iterations
sudden_spike   [  79% ] 10/12 VUs  09m30.8s/12m00.0s

running (10m00.0s), 10/12 VUs, 21196 complete and 0 interrupted iterations
sudden_spike   [  79% ] 10/12 VUs  09m31.8s/12m00.0s

running (10m01.0s), 10/12 VUs, 21264 complete and 0 interrupted iterations
sudden_spike   [  80% ] 10/12 VUs  09m32.8s/12m00.0s

running (10m02.0s), 10/12 VUs, 21314 complete and 0 interrupted iterations
sudden_spike   [  80% ] 10/12 VUs  09m33.8s/12m00.0s

running (10m03.0s), 10/12 VUs, 21338 complete and 0 interrupted iterations
sudden_spike   [  80% ] 10/12 VUs  09m34.8s/12m00.0s

running (10m04.0s), 10/12 VUs, 21376 complete and 0 interrupted iterations
sudden_spike   [  80% ] 10/12 VUs  09m35.8s/12m00.0s

running (10m05.0s), 10/12 VUs, 21425 complete and 0 interrupted iterations
sudden_spike   [  80% ] 10/12 VUs  09m36.8s/12m00.0s

running (10m06.0s), 10/12 VUs, 21459 complete and 0 interrupted iterations
sudden_spike   [  80% ] 10/12 VUs  09m37.8s/12m00.0s

running (10m07.0s), 10/12 VUs, 21493 complete and 0 interrupted iterations
sudden_spike   [  80% ] 10/12 VUs  09m38.8s/12m00.0s

running (10m08.0s), 10/12 VUs, 21584 complete and 0 interrupted iterations
sudden_spike   [  81% ] 10/12 VUs  09m39.8s/12m00.0s

running (10m09.0s), 10/12 VUs, 21619 complete and 0 interrupted iterations
sudden_spike   [  81% ] 10/12 VUs  09m40.8s/12m00.0s

running (10m10.0s), 10/12 VUs, 21647 complete and 0 interrupted iterations
sudden_spike   [  81% ] 10/12 VUs  09m41.8s/12m00.0s

running (10m11.0s), 10/12 VUs, 21688 complete and 0 interrupted iterations
sudden_spike   [  81% ] 10/12 VUs  09m42.8s/12m00.0s

running (10m12.0s), 10/12 VUs, 21759 complete and 0 interrupted iterations
sudden_spike   [  81% ] 10/12 VUs  09m43.8s/12m00.0s

running (10m13.0s), 10/12 VUs, 21809 complete and 0 interrupted iterations
sudden_spike   [  81% ] 10/12 VUs  09m44.8s/12m00.0s

running (10m14.0s), 09/12 VUs, 21834 complete and 0 interrupted iterations
sudden_spike   [  81% ] 09/12 VUs  09m45.8s/12m00.0s

running (10m15.0s), 09/12 VUs, 21875 complete and 0 interrupted iterations
sudden_spike   [  81% ] 09/12 VUs  09m46.8s/12m00.0s

running (10m16.0s), 09/12 VUs, 21948 complete and 0 interrupted iterations
sudden_spike   [  82% ] 09/12 VUs  09m47.8s/12m00.0s

running (10m17.0s), 09/12 VUs, 22018 complete and 0 interrupted iterations
sudden_spike   [  82% ] 09/12 VUs  09m48.8s/12m00.0s

running (10m18.0s), 09/12 VUs, 22063 complete and 0 interrupted iterations
sudden_spike   [  82% ] 09/12 VUs  09m49.8s/12m00.0s

running (10m19.0s), 09/12 VUs, 22097 complete and 0 interrupted iterations
sudden_spike   [  82% ] 09/12 VUs  09m50.8s/12m00.0s

running (10m20.0s), 09/12 VUs, 22131 complete and 0 interrupted iterations
sudden_spike   [  82% ] 09/12 VUs  09m51.8s/12m00.0s

running (10m21.0s), 09/12 VUs, 22166 complete and 0 interrupted iterations
sudden_spike   [  82% ] 09/12 VUs  09m52.8s/12m00.0s

running (10m22.0s), 09/12 VUs, 22214 complete and 0 interrupted iterations
sudden_spike   [  82% ] 09/12 VUs  09m53.8s/12m00.0s

running (10m23.0s), 09/12 VUs, 22261 complete and 0 interrupted iterations
sudden_spike   [  83% ] 09/12 VUs  09m54.8s/12m00.0s

running (10m24.0s), 09/12 VUs, 22313 complete and 0 interrupted iterations
sudden_spike   [  83% ] 09/12 VUs  09m55.8s/12m00.0s

running (10m25.0s), 09/12 VUs, 22359 complete and 0 interrupted iterations
sudden_spike   [  83% ] 09/12 VUs  09m56.8s/12m00.0s

running (10m26.0s), 09/12 VUs, 22399 complete and 0 interrupted iterations
sudden_spike   [  83% ] 09/12 VUs  09m57.8s/12m00.0s

running (10m27.0s), 09/12 VUs, 22456 complete and 0 interrupted iterations
sudden_spike   [  83% ] 09/12 VUs  09m58.8s/12m00.0s

running (10m28.0s), 09/12 VUs, 22513 complete and 0 interrupted iterations
sudden_spike   [  83% ] 09/12 VUs  09m59.8s/12m00.0s

running (10m29.0s), 09/12 VUs, 22562 complete and 0 interrupted iterations
sudden_spike   [  83% ] 09/12 VUs  10m00.8s/12m00.0s

running (10m30.0s), 09/12 VUs, 22593 complete and 0 interrupted iterations
sudden_spike   [  84% ] 09/12 VUs  10m01.8s/12m00.0s

running (10m31.0s), 08/12 VUs, 22640 complete and 0 interrupted iterations
sudden_spike   [  84% ] 08/12 VUs  10m02.8s/12m00.0s

running (10m32.0s), 08/12 VUs, 22676 complete and 0 interrupted iterations
sudden_spike   [  84% ] 08/12 VUs  10m03.8s/12m00.0s

running (10m33.0s), 08/12 VUs, 22715 complete and 0 interrupted iterations
sudden_spike   [  84% ] 08/12 VUs  10m04.8s/12m00.0s

running (10m34.0s), 08/12 VUs, 22747 complete and 0 interrupted iterations
sudden_spike   [  84% ] 08/12 VUs  10m05.8s/12m00.0s

running (10m35.0s), 08/12 VUs, 22763 complete and 0 interrupted iterations
sudden_spike   [  84% ] 08/12 VUs  10m06.8s/12m00.0s

running (10m36.0s), 08/12 VUs, 22769 complete and 0 interrupted iterations
sudden_spike   [  84% ] 08/12 VUs  10m07.8s/12m00.0s

running (10m37.0s), 08/12 VUs, 22793 complete and 0 interrupted iterations
sudden_spike   [  85% ] 08/12 VUs  10m08.8s/12m00.0s

running (10m38.0s), 08/12 VUs, 22825 complete and 0 interrupted iterations
sudden_spike   [  85% ] 08/12 VUs  10m09.8s/12m00.0s

running (10m39.0s), 08/12 VUs, 22870 complete and 0 interrupted iterations
sudden_spike   [  85% ] 08/12 VUs  10m10.8s/12m00.0s

running (10m40.0s), 08/12 VUs, 22916 complete and 0 interrupted iterations
sudden_spike   [  85% ] 08/12 VUs  10m11.8s/12m00.0s

running (10m41.0s), 08/12 VUs, 22939 complete and 0 interrupted iterations
sudden_spike   [  85% ] 08/12 VUs  10m12.8s/12m00.0s

running (10m42.0s), 08/12 VUs, 22986 complete and 0 interrupted iterations
sudden_spike   [  85% ] 08/12 VUs  10m13.8s/12m00.0s

running (10m43.0s), 08/12 VUs, 23018 complete and 0 interrupted iterations
sudden_spike   [  85% ] 08/12 VUs  10m14.8s/12m00.0s

running (10m44.0s), 07/12 VUs, 23045 complete and 0 interrupted iterations
sudden_spike   [  86% ] 07/12 VUs  10m15.8s/12m00.0s

running (10m45.0s), 07/12 VUs, 23067 complete and 0 interrupted iterations
sudden_spike   [  86% ] 07/12 VUs  10m16.8s/12m00.0s

running (10m46.0s), 07/12 VUs, 23095 complete and 0 interrupted iterations
sudden_spike   [  86% ] 07/12 VUs  10m17.8s/12m00.0s

running (10m47.0s), 07/12 VUs, 23126 complete and 0 interrupted iterations
sudden_spike   [  86% ] 07/12 VUs  10m18.8s/12m00.0s

running (10m48.0s), 07/12 VUs, 23164 complete and 0 interrupted iterations
sudden_spike   [  86% ] 07/12 VUs  10m19.8s/12m00.0s

running (10m49.0s), 07/12 VUs, 23206 complete and 0 interrupted iterations
sudden_spike   [  86% ] 07/12 VUs  10m20.8s/12m00.0s

running (10m50.0s), 07/12 VUs, 23297 complete and 0 interrupted iterations
sudden_spike   [  86% ] 07/12 VUs  10m21.8s/12m00.0s

running (10m51.0s), 07/12 VUs, 23360 complete and 0 interrupted iterations
sudden_spike   [  86% ] 07/12 VUs  10m22.8s/12m00.0s

running (10m52.0s), 07/12 VUs, 23388 complete and 0 interrupted iterations
sudden_spike   [  87% ] 07/12 VUs  10m23.8s/12m00.0s

running (10m53.0s), 07/12 VUs, 23437 complete and 0 interrupted iterations
sudden_spike   [  87% ] 07/12 VUs  10m24.8s/12m00.0s

running (10m54.0s), 07/12 VUs, 23475 complete and 0 interrupted iterations
sudden_spike   [  87% ] 07/12 VUs  10m25.8s/12m00.0s

running (10m55.0s), 07/12 VUs, 23500 complete and 0 interrupted iterations
sudden_spike   [  87% ] 07/12 VUs  10m26.8s/12m00.0s

running (10m56.0s), 07/12 VUs, 23530 complete and 0 interrupted iterations
sudden_spike   [  87% ] 07/12 VUs  10m27.8s/12m00.0s

running (10m57.0s), 07/12 VUs, 23542 complete and 0 interrupted iterations
sudden_spike   [  87% ] 07/12 VUs  10m28.8s/12m00.0s

running (10m58.0s), 07/12 VUs, 23580 complete and 0 interrupted iterations
sudden_spike   [  87% ] 07/12 VUs  10m29.8s/12m00.0s

running (10m59.0s), 07/12 VUs, 23647 complete and 0 interrupted iterations
sudden_spike   [  88% ] 07/12 VUs  10m30.8s/12m00.0s

running (11m00.0s), 06/12 VUs, 23685 complete and 0 interrupted iterations
sudden_spike   [  88% ] 06/12 VUs  10m31.8s/12m00.0s

running (11m01.0s), 06/12 VUs, 23729 complete and 0 interrupted iterations
sudden_spike   [  88% ] 06/12 VUs  10m32.8s/12m00.0s

running (11m02.0s), 06/12 VUs, 23758 complete and 0 interrupted iterations
sudden_spike   [  88% ] 06/12 VUs  10m33.8s/12m00.0s

running (11m03.0s), 06/12 VUs, 23797 complete and 0 interrupted iterations
sudden_spike   [  88% ] 06/12 VUs  10m34.8s/12m00.0s

running (11m04.0s), 06/12 VUs, 23823 complete and 0 interrupted iterations
sudden_spike   [  88% ] 06/12 VUs  10m35.8s/12m00.0s

running (11m05.0s), 06/12 VUs, 23879 complete and 0 interrupted iterations
sudden_spike   [  88% ] 06/12 VUs  10m36.8s/12m00.0s

running (11m06.0s), 06/12 VUs, 23899 complete and 0 interrupted iterations
sudden_spike   [  89% ] 06/12 VUs  10m37.8s/12m00.0s

running (11m07.0s), 06/12 VUs, 23960 complete and 0 interrupted iterations
sudden_spike   [  89% ] 06/12 VUs  10m38.8s/12m00.0s

running (11m08.0s), 06/12 VUs, 23997 complete and 0 interrupted iterations
sudden_spike   [  89% ] 06/12 VUs  10m39.8s/12m00.0s

running (11m09.0s), 06/12 VUs, 24044 complete and 0 interrupted iterations
sudden_spike   [  89% ] 06/12 VUs  10m40.8s/12m00.0s

running (11m10.0s), 06/12 VUs, 24099 complete and 0 interrupted iterations
sudden_spike   [  89% ] 06/12 VUs  10m41.8s/12m00.0s

running (11m11.0s), 06/12 VUs, 24159 complete and 0 interrupted iterations
sudden_spike   [  89% ] 06/12 VUs  10m42.8s/12m00.0s

running (11m12.0s), 06/12 VUs, 24211 complete and 0 interrupted iterations
sudden_spike   [  89% ] 06/12 VUs  10m43.8s/12m00.0s

running (11m13.0s), 06/12 VUs, 24254 complete and 0 interrupted iterations
sudden_spike   [  90% ] 06/12 VUs  10m44.8s/12m00.0s

running (11m14.0s), 06/12 VUs, 24293 complete and 0 interrupted iterations
sudden_spike   [  90% ] 06/12 VUs  10m45.8s/12m00.0s

running (11m15.0s), 05/12 VUs, 24316 complete and 0 interrupted iterations
sudden_spike   [  90% ] 05/12 VUs  10m46.8s/12m00.0s

running (11m16.0s), 05/12 VUs, 24349 complete and 0 interrupted iterations
sudden_spike   [  90% ] 05/12 VUs  10m47.8s/12m00.0s

running (11m17.0s), 05/12 VUs, 24414 complete and 0 interrupted iterations
sudden_spike   [  90% ] 05/12 VUs  10m48.8s/12m00.0s

running (11m18.0s), 05/12 VUs, 24460 complete and 0 interrupted iterations
sudden_spike   [  90% ] 05/12 VUs  10m49.8s/12m00.0s

running (11m19.0s), 05/12 VUs, 24471 complete and 0 interrupted iterations
sudden_spike   [  90% ] 05/12 VUs  10m50.8s/12m00.0s

running (11m20.0s), 05/12 VUs, 24498 complete and 0 interrupted iterations
sudden_spike   [  91% ] 05/12 VUs  10m51.8s/12m00.0s

running (11m21.0s), 05/12 VUs, 24523 complete and 0 interrupted iterations
sudden_spike   [  91% ] 05/12 VUs  10m52.8s/12m00.0s

running (11m22.0s), 05/12 VUs, 24569 complete and 0 interrupted iterations
sudden_spike   [  91% ] 05/12 VUs  10m53.8s/12m00.0s

running (11m23.0s), 05/12 VUs, 24596 complete and 0 interrupted iterations
sudden_spike   [  91% ] 05/12 VUs  10m54.8s/12m00.0s

running (11m24.0s), 05/12 VUs, 24644 complete and 0 interrupted iterations
sudden_spike   [  91% ] 05/12 VUs  10m55.8s/12m00.0s

running (11m25.0s), 05/12 VUs, 24655 complete and 0 interrupted iterations
sudden_spike   [  91% ] 05/12 VUs  10m56.8s/12m00.0s

running (11m26.0s), 05/12 VUs, 24711 complete and 0 interrupted iterations
sudden_spike   [  91% ] 05/12 VUs  10m57.8s/12m00.0s

running (11m27.0s), 05/12 VUs, 24753 complete and 0 interrupted iterations
sudden_spike   [  91% ] 05/12 VUs  10m58.8s/12m00.0s

running (11m28.0s), 05/12 VUs, 24777 complete and 0 interrupted iterations
sudden_spike   [  92% ] 05/12 VUs  10m59.8s/12m00.0s

running (11m29.0s), 05/12 VUs, 24820 complete and 0 interrupted iterations
sudden_spike   [  92% ] 05/12 VUs  11m00.8s/12m00.0s

running (11m30.0s), 04/12 VUs, 24831 complete and 0 interrupted iterations
sudden_spike   [  92% ] 04/12 VUs  11m01.8s/12m00.0s

running (11m31.0s), 04/12 VUs, 24865 complete and 0 interrupted iterations
sudden_spike   [  92% ] 04/12 VUs  11m02.8s/12m00.0s

running (11m32.0s), 04/12 VUs, 24909 complete and 0 interrupted iterations
sudden_spike   [  92% ] 04/12 VUs  11m03.8s/12m00.0s

running (11m33.0s), 04/12 VUs, 24959 complete and 0 interrupted iterations
sudden_spike   [  92% ] 04/12 VUs  11m04.8s/12m00.0s

running (11m34.0s), 04/12 VUs, 25000 complete and 0 interrupted iterations
sudden_spike   [  92% ] 04/12 VUs  11m05.8s/12m00.0s

running (11m35.0s), 04/12 VUs, 25042 complete and 0 interrupted iterations
sudden_spike   [  93% ] 04/12 VUs  11m06.8s/12m00.0s

running (11m36.0s), 04/12 VUs, 25069 complete and 0 interrupted iterations
sudden_spike   [  93% ] 04/12 VUs  11m07.8s/12m00.0s

running (11m37.0s), 04/12 VUs, 25112 complete and 0 interrupted iterations
sudden_spike   [  93% ] 04/12 VUs  11m08.8s/12m00.0s

running (11m38.0s), 04/12 VUs, 25130 complete and 0 interrupted iterations
sudden_spike   [  93% ] 04/12 VUs  11m09.8s/12m00.0s

running (11m39.0s), 04/12 VUs, 25163 complete and 0 interrupted iterations
sudden_spike   [  93% ] 04/12 VUs  11m10.8s/12m00.0s

running (11m40.0s), 04/12 VUs, 25192 complete and 0 interrupted iterations
sudden_spike   [  93% ] 04/12 VUs  11m11.8s/12m00.0s

running (11m41.0s), 04/12 VUs, 25231 complete and 0 interrupted iterations
sudden_spike   [  93% ] 04/12 VUs  11m12.8s/12m00.0s

running (11m42.0s), 04/12 VUs, 25292 complete and 0 interrupted iterations
sudden_spike   [  94% ] 04/12 VUs  11m13.8s/12m00.0s

running (11m43.0s), 04/12 VUs, 25332 complete and 0 interrupted iterations
sudden_spike   [  94% ] 04/12 VUs  11m14.8s/12m00.0s

running (11m44.0s), 04/12 VUs, 25350 complete and 0 interrupted iterations
sudden_spike   [  94% ] 04/12 VUs  11m15.8s/12m00.0s

running (11m45.0s), 03/12 VUs, 25394 complete and 0 interrupted iterations
sudden_spike   [  94% ] 03/12 VUs  11m16.8s/12m00.0s

running (11m46.0s), 03/12 VUs, 25410 complete and 0 interrupted iterations
sudden_spike   [  94% ] 03/12 VUs  11m17.8s/12m00.0s

running (11m47.0s), 03/12 VUs, 25478 complete and 0 interrupted iterations
sudden_spike   [  94% ] 03/12 VUs  11m18.8s/12m00.0s

running (11m48.0s), 03/12 VUs, 25500 complete and 0 interrupted iterations
sudden_spike   [  94% ] 03/12 VUs  11m19.8s/12m00.0s

running (11m49.0s), 03/12 VUs, 25525 complete and 0 interrupted iterations
sudden_spike   [  95% ] 03/12 VUs  11m20.8s/12m00.0s

running (11m50.0s), 03/12 VUs, 25533 complete and 0 interrupted iterations
sudden_spike   [  95% ] 03/12 VUs  11m21.8s/12m00.0s

running (11m51.0s), 03/12 VUs, 25587 complete and 0 interrupted iterations
sudden_spike   [  95% ] 03/12 VUs  11m22.8s/12m00.0s

running (11m52.0s), 03/12 VUs, 25611 complete and 0 interrupted iterations
sudden_spike   [  95% ] 03/12 VUs  11m23.8s/12m00.0s

running (11m53.0s), 03/12 VUs, 25647 complete and 0 interrupted iterations
sudden_spike   [  95% ] 03/12 VUs  11m24.8s/12m00.0s

running (11m54.0s), 03/12 VUs, 25660 complete and 0 interrupted iterations
sudden_spike   [  95% ] 03/12 VUs  11m25.8s/12m00.0s

running (11m55.0s), 03/12 VUs, 25678 complete and 0 interrupted iterations
sudden_spike   [  95% ] 03/12 VUs  11m26.8s/12m00.0s

running (11m56.0s), 03/12 VUs, 25706 complete and 0 interrupted iterations
sudden_spike   [  96% ] 03/12 VUs  11m27.8s/12m00.0s

running (11m57.0s), 03/12 VUs, 25754 complete and 0 interrupted iterations
sudden_spike   [  96% ] 03/12 VUs  11m28.8s/12m00.0s

running (11m58.0s), 03/12 VUs, 25787 complete and 0 interrupted iterations
sudden_spike   [  96% ] 03/12 VUs  11m29.8s/12m00.0s

running (11m59.0s), 02/12 VUs, 25833 complete and 0 interrupted iterations
sudden_spike   [  96% ] 02/12 VUs  11m30.8s/12m00.0s

running (12m00.0s), 02/12 VUs, 25844 complete and 0 interrupted iterations
sudden_spike   [  96% ] 02/12 VUs  11m31.8s/12m00.0s

running (12m01.0s), 02/12 VUs, 25870 complete and 0 interrupted iterations
sudden_spike   [  96% ] 02/12 VUs  11m32.8s/12m00.0s

running (12m02.0s), 02/12 VUs, 25928 complete and 0 interrupted iterations
sudden_spike   [  96% ] 02/12 VUs  11m33.8s/12m00.0s

running (12m03.0s), 02/12 VUs, 25953 complete and 0 interrupted iterations
sudden_spike   [  96% ] 02/12 VUs  11m34.8s/12m00.0s

running (12m04.0s), 02/12 VUs, 25977 complete and 0 interrupted iterations
sudden_spike   [  97% ] 02/12 VUs  11m35.8s/12m00.0s

running (12m05.0s), 02/12 VUs, 25985 complete and 0 interrupted iterations
sudden_spike   [  97% ] 02/12 VUs  11m36.8s/12m00.0s

running (12m06.0s), 02/12 VUs, 25992 complete and 0 interrupted iterations
sudden_spike   [  97% ] 02/12 VUs  11m37.8s/12m00.0s

running (12m07.0s), 02/12 VUs, 26001 complete and 0 interrupted iterations
sudden_spike   [  97% ] 02/12 VUs  11m38.8s/12m00.0s

running (12m08.0s), 02/12 VUs, 26025 complete and 0 interrupted iterations
sudden_spike   [  97% ] 02/12 VUs  11m39.8s/12m00.0s

running (12m09.0s), 02/12 VUs, 26046 complete and 0 interrupted iterations
sudden_spike   [  97% ] 02/12 VUs  11m40.8s/12m00.0s

running (12m10.0s), 02/12 VUs, 26055 complete and 0 interrupted iterations
sudden_spike   [  97% ] 02/12 VUs  11m41.8s/12m00.0s

running (12m11.0s), 02/12 VUs, 26067 complete and 0 interrupted iterations
sudden_spike   [  98% ] 02/12 VUs  11m42.8s/12m00.0s

running (12m12.0s), 02/12 VUs, 26075 complete and 0 interrupted iterations
sudden_spike   [  98% ] 02/12 VUs  11m43.8s/12m00.0s

running (12m13.0s), 02/12 VUs, 26127 complete and 0 interrupted iterations
sudden_spike   [  98% ] 02/12 VUs  11m44.8s/12m00.0s

running (12m14.0s), 01/12 VUs, 26129 complete and 0 interrupted iterations
sudden_spike   [  98% ] 01/12 VUs  11m45.8s/12m00.0s

running (12m15.0s), 01/12 VUs, 26133 complete and 0 interrupted iterations
sudden_spike   [  98% ] 01/12 VUs  11m46.8s/12m00.0s

running (12m16.0s), 01/12 VUs, 26159 complete and 0 interrupted iterations
sudden_spike   [  98% ] 01/12 VUs  11m47.8s/12m00.0s

running (12m17.0s), 01/12 VUs, 26171 complete and 0 interrupted iterations
sudden_spike   [  98% ] 01/12 VUs  11m48.8s/12m00.0s

running (12m18.0s), 01/12 VUs, 26175 complete and 0 interrupted iterations
sudden_spike   [  99% ] 01/12 VUs  11m49.8s/12m00.0s

running (12m19.0s), 01/12 VUs, 26179 complete and 0 interrupted iterations
sudden_spike   [  99% ] 01/12 VUs  11m50.8s/12m00.0s

running (12m20.0s), 01/12 VUs, 26185 complete and 0 interrupted iterations
sudden_spike   [  99% ] 01/12 VUs  11m51.8s/12m00.0s

running (12m21.0s), 01/12 VUs, 26199 complete and 0 interrupted iterations
sudden_spike   [  99% ] 01/12 VUs  11m52.8s/12m00.0s

running (12m22.0s), 01/12 VUs, 26205 complete and 0 interrupted iterations
sudden_spike   [  99% ] 01/12 VUs  11m53.8s/12m00.0s

running (12m23.0s), 01/12 VUs, 26223 complete and 0 interrupted iterations
sudden_spike   [  99% ] 01/12 VUs  11m54.8s/12m00.0s

running (12m24.0s), 01/12 VUs, 26245 complete and 0 interrupted iterations
sudden_spike   [  99% ] 01/12 VUs  11m55.8s/12m00.0s

running (12m25.0s), 01/12 VUs, 26248 complete and 0 interrupted iterations
sudden_spike   [ 100% ] 01/12 VUs  11m56.8s/12m00.0s

running (12m26.0s), 01/12 VUs, 26261 complete and 0 interrupted iterations
sudden_spike   [ 100% ] 01/12 VUs  11m57.8s/12m00.0s

running (12m27.0s), 01/12 VUs, 26269 complete and 0 interrupted iterations
sudden_spike   [ 100% ] 01/12 VUs  11m58.8s/12m00.0s

running (12m28.0s), 01/12 VUs, 26280 complete and 0 interrupted iterations
sudden_spike   [ 100% ] 01/12 VUs  11m59.8s/12m00.0s


  █ THRESHOLDS 

    http_req_duration
    ✓ 'p(95)<2000' p(95)=1.51s

    http_req_failed
    ✓ 'rate<0.05' rate=0.00%


  █ TOTAL RESULTS 

    checks_total.......: 78855  105.343718/s
    checks_succeeded...: 97.48% 76870 out of 78855
    checks_failed......: 2.51%  1985 out of 78855

    ✓ login status is 200
    ✓ login returns access token
    ✗ login response time < 1000ms
      ↳  75% — ✓ 6020 / ✗ 1928
    ✓ me status is 200
    ✓ me returns user data
    ✗ me response time < 500ms
      ↳  99% — ✓ 18280 / ✗ 57

    HTTP
    http_req_duration..............: avg=238.06ms min=2.19ms med=18.3ms  max=6.86s p(90)=570.05ms p(95)=1.51s
      { expected_response:true }...: avg=238.06ms min=2.19ms med=18.3ms  max=6.86s p(90)=570.05ms p(95)=1.51s
    http_req_failed................: 0.00% 0 out of 26405
    http_reqs......................: 26405 35.274883/s

    EXECUTION
    iteration_duration.............: avg=238.88ms min=2.68ms med=19.19ms max=6.86s p(90)=571.05ms p(95)=1.51s
    iterations.....................: 26285 35.114573/s
    vus............................: 1     min=0          max=12
    vus_max........................: 12    min=12         max=12

    NETWORK
    data_received..................: 14 MB 19 kB/s
    data_sent......................: 13 MB 17 kB/s




running (12m28.5s), 00/12 VUs, 26285 complete and 0 interrupted iterations
sudden_spike ✓ [ 100% ] 00/12 VUs  12m0s
