
         /\      Grafana   /‾‾/  
    /\  /  \     |\  __   /  /   
   /  \/    \    | |/ /  /   ‾‾\ 
  /          \   |   (  |  (‾)  |
 / __________ \  |_|\_\  \_____/ 


     execution: local
        script: /scripts/load-test.js
        output: json (/results/results.json)

     scenarios: (100.00%) 1 scenario, 12 max VUs, 12m30s max duration (incl. graceful stop):
              * oscillating: Up to 12 looping VUs for 12m0s over 12 stages (gracefulRampDown: 30s, gracefulStop: 30s)

time="2026-08-17T15:45:25Z" level=info msg="Seeding and pre-authenticating 120 users..." source=console

Run           [ 100% ] setup()
oscillating   [   0% ]

Run           [ 100% ] setup()
oscillating   [   0% ]

Run           [ 100% ] setup()
oscillating   [   0% ]

Run           [ 100% ] setup()
oscillating   [   0% ]

Run           [ 100% ] setup()
oscillating   [   0% ]

Run           [ 100% ] setup()
oscillating   [   0% ]

Run           [ 100% ] setup()
oscillating   [   0% ]

Run           [ 100% ] setup()
oscillating   [   0% ]

Run           [ 100% ] setup()
oscillating   [   0% ]

Run           [ 100% ] setup()
oscillating   [   0% ]

Run           [ 100% ] setup()
oscillating   [   0% ]

Run           [ 100% ] setup()
oscillating   [   0% ]

Run           [ 100% ] setup()
oscillating   [   0% ]

Run           [ 100% ] setup()
oscillating   [   0% ]

Run           [ 100% ] setup()
oscillating   [   0% ]

Run           [ 100% ] setup()
oscillating   [   0% ]

Run           [ 100% ] setup()
oscillating   [   0% ]

Run           [ 100% ] setup()
oscillating   [   0% ]

Run           [ 100% ] setup()
oscillating   [   0% ]

Run           [ 100% ] setup()
oscillating   [   0% ]

Run           [ 100% ] setup()
oscillating   [   0% ]

Run           [ 100% ] setup()
oscillating   [   0% ]

Run           [ 100% ] setup()
oscillating   [   0% ]

Run           [ 100% ] setup()
oscillating   [   0% ]

Run           [ 100% ] setup()
oscillating   [   0% ]

Run           [ 100% ] setup()
oscillating   [   0% ]

Run           [ 100% ] setup()
oscillating   [   0% ]

Run           [ 100% ] setup()
oscillating   [   0% ]
time="2026-08-17T15:45:53Z" level=info msg="Pre-auth complete: 120/120 tokens obtained" source=console

running (00m29.0s), 01/12 VUs, 28 complete and 0 interrupted iterations
oscillating   [   0% ] 01/12 VUs  00m00.9s/12m00.0s

running (00m30.0s), 01/12 VUs, 33 complete and 0 interrupted iterations
oscillating   [   0% ] 01/12 VUs  00m01.9s/12m00.0s

running (00m31.0s), 01/12 VUs, 40 complete and 0 interrupted iterations
oscillating   [   0% ] 01/12 VUs  00m02.9s/12m00.0s

running (00m32.0s), 01/12 VUs, 69 complete and 0 interrupted iterations
oscillating   [   1% ] 01/12 VUs  00m03.9s/12m00.0s

running (00m33.0s), 01/12 VUs, 76 complete and 0 interrupted iterations
oscillating   [   1% ] 01/12 VUs  00m04.9s/12m00.0s

running (00m34.0s), 01/12 VUs, 86 complete and 0 interrupted iterations
oscillating   [   1% ] 01/12 VUs  00m05.9s/12m00.0s

running (00m35.0s), 01/12 VUs, 95 complete and 0 interrupted iterations
oscillating   [   1% ] 01/12 VUs  00m06.9s/12m00.0s

running (00m36.0s), 01/12 VUs, 116 complete and 0 interrupted iterations
oscillating   [   1% ] 01/12 VUs  00m07.9s/12m00.0s

running (00m37.0s), 01/12 VUs, 122 complete and 0 interrupted iterations
oscillating   [   1% ] 01/12 VUs  00m08.9s/12m00.0s

running (00m38.0s), 01/12 VUs, 128 complete and 0 interrupted iterations
oscillating   [   1% ] 01/12 VUs  00m09.9s/12m00.0s

running (00m39.0s), 01/12 VUs, 136 complete and 0 interrupted iterations
oscillating   [   2% ] 01/12 VUs  00m10.9s/12m00.0s

running (00m40.0s), 01/12 VUs, 145 complete and 0 interrupted iterations
oscillating   [   2% ] 01/12 VUs  00m11.9s/12m00.0s

running (00m41.0s), 01/12 VUs, 168 complete and 0 interrupted iterations
oscillating   [   2% ] 01/12 VUs  00m12.9s/12m00.0s

running (00m42.0s), 01/12 VUs, 170 complete and 0 interrupted iterations
oscillating   [   2% ] 01/12 VUs  00m13.9s/12m00.0s

running (00m43.0s), 01/12 VUs, 184 complete and 0 interrupted iterations
oscillating   [   2% ] 01/12 VUs  00m14.9s/12m00.0s

running (00m44.0s), 01/12 VUs, 206 complete and 0 interrupted iterations
oscillating   [   2% ] 01/12 VUs  00m15.9s/12m00.0s

running (00m45.0s), 01/12 VUs, 211 complete and 0 interrupted iterations
oscillating   [   2% ] 01/12 VUs  00m16.9s/12m00.0s

running (00m46.0s), 01/12 VUs, 217 complete and 0 interrupted iterations
oscillating   [   2% ] 01/12 VUs  00m17.9s/12m00.0s

running (00m47.0s), 01/12 VUs, 254 complete and 0 interrupted iterations
oscillating   [   3% ] 01/12 VUs  00m18.9s/12m00.0s

running (00m48.0s), 01/12 VUs, 282 complete and 0 interrupted iterations
oscillating   [   3% ] 01/12 VUs  00m19.9s/12m00.0s

running (00m49.0s), 01/12 VUs, 299 complete and 0 interrupted iterations
oscillating   [   3% ] 01/12 VUs  00m20.9s/12m00.0s

running (00m50.0s), 01/12 VUs, 301 complete and 0 interrupted iterations
oscillating   [   3% ] 01/12 VUs  00m21.9s/12m00.0s

running (00m51.0s), 01/12 VUs, 320 complete and 0 interrupted iterations
oscillating   [   3% ] 01/12 VUs  00m22.9s/12m00.0s

running (00m52.0s), 01/12 VUs, 340 complete and 0 interrupted iterations
oscillating   [   3% ] 01/12 VUs  00m23.9s/12m00.0s

running (00m53.0s), 01/12 VUs, 360 complete and 0 interrupted iterations
oscillating   [   3% ] 01/12 VUs  00m24.9s/12m00.0s

running (00m54.0s), 01/12 VUs, 363 complete and 0 interrupted iterations
oscillating   [   4% ] 01/12 VUs  00m25.9s/12m00.0s

running (00m55.0s), 01/12 VUs, 370 complete and 0 interrupted iterations
oscillating   [   4% ] 01/12 VUs  00m26.9s/12m00.0s

running (00m56.0s), 01/12 VUs, 376 complete and 0 interrupted iterations
oscillating   [   4% ] 01/12 VUs  00m27.9s/12m00.0s

running (00m57.0s), 01/12 VUs, 383 complete and 0 interrupted iterations
oscillating   [   4% ] 01/12 VUs  00m28.9s/12m00.0s

running (00m58.0s), 01/12 VUs, 403 complete and 0 interrupted iterations
oscillating   [   4% ] 01/12 VUs  00m29.9s/12m00.0s

running (00m59.0s), 01/12 VUs, 425 complete and 0 interrupted iterations
oscillating   [   4% ] 01/12 VUs  00m30.9s/12m00.0s

running (01m00.0s), 01/12 VUs, 430 complete and 0 interrupted iterations
oscillating   [   4% ] 01/12 VUs  00m31.9s/12m00.0s

running (01m01.0s), 01/12 VUs, 440 complete and 0 interrupted iterations
oscillating   [   5% ] 01/12 VUs  00m32.9s/12m00.0s

running (01m02.0s), 01/12 VUs, 445 complete and 0 interrupted iterations
oscillating   [   5% ] 01/12 VUs  00m33.9s/12m00.0s

running (01m03.0s), 01/12 VUs, 465 complete and 0 interrupted iterations
oscillating   [   5% ] 01/12 VUs  00m34.9s/12m00.0s

running (01m04.0s), 01/12 VUs, 485 complete and 0 interrupted iterations
oscillating   [   5% ] 01/12 VUs  00m35.9s/12m00.0s

running (01m05.0s), 01/12 VUs, 489 complete and 0 interrupted iterations
oscillating   [   5% ] 01/12 VUs  00m36.9s/12m00.0s

running (01m06.0s), 01/12 VUs, 500 complete and 0 interrupted iterations
oscillating   [   5% ] 01/12 VUs  00m37.9s/12m00.0s

running (01m07.0s), 01/12 VUs, 511 complete and 0 interrupted iterations
oscillating   [   5% ] 01/12 VUs  00m38.9s/12m00.0s

running (01m08.0s), 01/12 VUs, 517 complete and 0 interrupted iterations
oscillating   [   6% ] 01/12 VUs  00m39.9s/12m00.0s

running (01m09.0s), 01/12 VUs, 533 complete and 0 interrupted iterations
oscillating   [   6% ] 01/12 VUs  00m40.9s/12m00.0s

running (01m10.0s), 01/12 VUs, 546 complete and 0 interrupted iterations
oscillating   [   6% ] 01/12 VUs  00m41.9s/12m00.0s

running (01m11.0s), 01/12 VUs, 574 complete and 0 interrupted iterations
oscillating   [   6% ] 01/12 VUs  00m42.9s/12m00.0s

running (01m12.0s), 01/12 VUs, 579 complete and 0 interrupted iterations
oscillating   [   6% ] 01/12 VUs  00m43.9s/12m00.0s

running (01m13.0s), 01/12 VUs, 592 complete and 0 interrupted iterations
oscillating   [   6% ] 01/12 VUs  00m44.9s/12m00.0s

running (01m14.0s), 01/12 VUs, 605 complete and 0 interrupted iterations
oscillating   [   6% ] 01/12 VUs  00m45.9s/12m00.0s

running (01m15.0s), 01/12 VUs, 611 complete and 0 interrupted iterations
oscillating   [   7% ] 01/12 VUs  00m46.9s/12m00.0s

running (01m16.0s), 01/12 VUs, 623 complete and 0 interrupted iterations
oscillating   [   7% ] 01/12 VUs  00m47.9s/12m00.0s

running (01m17.0s), 01/12 VUs, 661 complete and 0 interrupted iterations
oscillating   [   7% ] 01/12 VUs  00m48.9s/12m00.0s

running (01m18.0s), 01/12 VUs, 692 complete and 0 interrupted iterations
oscillating   [   7% ] 01/12 VUs  00m49.9s/12m00.0s

running (01m19.0s), 01/12 VUs, 717 complete and 0 interrupted iterations
oscillating   [   7% ] 01/12 VUs  00m50.9s/12m00.0s

running (01m20.0s), 01/12 VUs, 732 complete and 0 interrupted iterations
oscillating   [   7% ] 01/12 VUs  00m51.9s/12m00.0s

running (01m21.0s), 01/12 VUs, 753 complete and 0 interrupted iterations
oscillating   [   7% ] 01/12 VUs  00m52.9s/12m00.0s

running (01m22.0s), 01/12 VUs, 769 complete and 0 interrupted iterations
oscillating   [   7% ] 01/12 VUs  00m53.9s/12m00.0s

running (01m23.0s), 01/12 VUs, 772 complete and 0 interrupted iterations
oscillating   [   8% ] 01/12 VUs  00m54.9s/12m00.0s

running (01m24.0s), 01/12 VUs, 803 complete and 0 interrupted iterations
oscillating   [   8% ] 01/12 VUs  00m55.9s/12m00.0s

running (01m25.0s), 01/12 VUs, 816 complete and 0 interrupted iterations
oscillating   [   8% ] 01/12 VUs  00m56.9s/12m00.0s

running (01m26.0s), 01/12 VUs, 830 complete and 0 interrupted iterations
oscillating   [   8% ] 01/12 VUs  00m57.9s/12m00.0s

running (01m27.0s), 01/12 VUs, 853 complete and 0 interrupted iterations
oscillating   [   8% ] 01/12 VUs  00m58.9s/12m00.0s

running (01m28.0s), 01/12 VUs, 870 complete and 0 interrupted iterations
oscillating   [   8% ] 01/12 VUs  00m59.9s/12m00.0s

running (01m29.0s), 01/12 VUs, 883 complete and 0 interrupted iterations
oscillating   [   8% ] 01/12 VUs  01m00.9s/12m00.0s

running (01m30.0s), 01/12 VUs, 893 complete and 0 interrupted iterations
oscillating   [   9% ] 01/12 VUs  01m01.9s/12m00.0s

running (01m31.0s), 01/12 VUs, 901 complete and 0 interrupted iterations
oscillating   [   9% ] 01/12 VUs  01m02.9s/12m00.0s

running (01m32.0s), 01/12 VUs, 916 complete and 0 interrupted iterations
oscillating   [   9% ] 01/12 VUs  01m03.9s/12m00.0s

running (01m33.0s), 01/12 VUs, 922 complete and 0 interrupted iterations
oscillating   [   9% ] 01/12 VUs  01m04.9s/12m00.0s

running (01m34.0s), 01/12 VUs, 925 complete and 0 interrupted iterations
oscillating   [   9% ] 01/12 VUs  01m05.9s/12m00.0s

running (01m35.0s), 01/12 VUs, 953 complete and 0 interrupted iterations
oscillating   [   9% ] 01/12 VUs  01m06.9s/12m00.0s

running (01m36.0s), 01/12 VUs, 959 complete and 0 interrupted iterations
oscillating   [   9% ] 01/12 VUs  01m07.9s/12m00.0s

running (01m37.0s), 01/12 VUs, 959 complete and 0 interrupted iterations
oscillating   [  10% ] 01/12 VUs  01m08.9s/12m00.0s

running (01m38.0s), 01/12 VUs, 966 complete and 0 interrupted iterations
oscillating   [  10% ] 01/12 VUs  01m09.9s/12m00.0s

running (01m39.0s), 01/12 VUs, 972 complete and 0 interrupted iterations
oscillating   [  10% ] 01/12 VUs  01m10.9s/12m00.0s

running (01m40.0s), 01/12 VUs, 975 complete and 0 interrupted iterations
oscillating   [  10% ] 01/12 VUs  01m11.9s/12m00.0s

running (01m41.0s), 01/12 VUs, 980 complete and 0 interrupted iterations
oscillating   [  10% ] 01/12 VUs  01m12.9s/12m00.0s

running (01m42.0s), 01/12 VUs, 989 complete and 0 interrupted iterations
oscillating   [  10% ] 01/12 VUs  01m13.9s/12m00.0s

running (01m43.0s), 01/12 VUs, 991 complete and 0 interrupted iterations
oscillating   [  10% ] 01/12 VUs  01m14.9s/12m00.0s

running (01m44.0s), 01/12 VUs, 1004 complete and 0 interrupted iterations
oscillating   [  11% ] 01/12 VUs  01m15.9s/12m00.0s

running (01m45.0s), 01/12 VUs, 1005 complete and 0 interrupted iterations
oscillating   [  11% ] 01/12 VUs  01m16.9s/12m00.0s

running (01m46.0s), 01/12 VUs, 1013 complete and 0 interrupted iterations
oscillating   [  11% ] 01/12 VUs  01m17.9s/12m00.0s

running (01m47.0s), 01/12 VUs, 1027 complete and 0 interrupted iterations
oscillating   [  11% ] 01/12 VUs  01m18.9s/12m00.0s

running (01m48.0s), 01/12 VUs, 1040 complete and 0 interrupted iterations
oscillating   [  11% ] 01/12 VUs  01m19.9s/12m00.0s

running (01m49.0s), 01/12 VUs, 1051 complete and 0 interrupted iterations
oscillating   [  11% ] 01/12 VUs  01m20.9s/12m00.0s

running (01m50.0s), 01/12 VUs, 1052 complete and 0 interrupted iterations
oscillating   [  11% ] 01/12 VUs  01m21.9s/12m00.0s

running (01m51.0s), 01/12 VUs, 1075 complete and 0 interrupted iterations
oscillating   [  12% ] 01/12 VUs  01m22.9s/12m00.0s

running (01m52.0s), 01/12 VUs, 1081 complete and 0 interrupted iterations
oscillating   [  12% ] 01/12 VUs  01m23.9s/12m00.0s

running (01m53.0s), 01/12 VUs, 1084 complete and 0 interrupted iterations
oscillating   [  12% ] 01/12 VUs  01m24.9s/12m00.0s

running (01m54.0s), 01/12 VUs, 1113 complete and 0 interrupted iterations
oscillating   [  12% ] 01/12 VUs  01m25.9s/12m00.0s

running (01m55.0s), 01/12 VUs, 1137 complete and 0 interrupted iterations
oscillating   [  12% ] 01/12 VUs  01m26.9s/12m00.0s

running (01m56.0s), 01/12 VUs, 1158 complete and 0 interrupted iterations
oscillating   [  12% ] 01/12 VUs  01m27.9s/12m00.0s

running (01m57.0s), 01/12 VUs, 1176 complete and 0 interrupted iterations
oscillating   [  12% ] 01/12 VUs  01m28.9s/12m00.0s

running (01m58.0s), 01/12 VUs, 1187 complete and 0 interrupted iterations
oscillating   [  12% ] 01/12 VUs  01m29.9s/12m00.0s

running (01m59.0s), 01/12 VUs, 1198 complete and 0 interrupted iterations
oscillating   [  13% ] 01/12 VUs  01m30.9s/12m00.0s

running (02m00.0s), 01/12 VUs, 1273 complete and 0 interrupted iterations
oscillating   [  13% ] 01/12 VUs  01m31.9s/12m00.0s

running (02m01.0s), 01/12 VUs, 1283 complete and 0 interrupted iterations
oscillating   [  13% ] 01/12 VUs  01m32.9s/12m00.0s

running (02m02.0s), 01/12 VUs, 1303 complete and 0 interrupted iterations
oscillating   [  13% ] 01/12 VUs  01m33.9s/12m00.0s

running (02m03.0s), 01/12 VUs, 1316 complete and 0 interrupted iterations
oscillating   [  13% ] 01/12 VUs  01m34.9s/12m00.0s

running (02m04.0s), 01/12 VUs, 1327 complete and 0 interrupted iterations
oscillating   [  13% ] 01/12 VUs  01m35.9s/12m00.0s

running (02m05.0s), 01/12 VUs, 1333 complete and 0 interrupted iterations
oscillating   [  13% ] 01/12 VUs  01m36.9s/12m00.0s

running (02m06.0s), 01/12 VUs, 1343 complete and 0 interrupted iterations
oscillating   [  14% ] 01/12 VUs  01m37.9s/12m00.0s

running (02m07.0s), 01/12 VUs, 1350 complete and 0 interrupted iterations
oscillating   [  14% ] 01/12 VUs  01m38.9s/12m00.0s

running (02m08.0s), 01/12 VUs, 1363 complete and 0 interrupted iterations
oscillating   [  14% ] 01/12 VUs  01m39.9s/12m00.0s

running (02m09.0s), 01/12 VUs, 1368 complete and 0 interrupted iterations
oscillating   [  14% ] 01/12 VUs  01m40.9s/12m00.0s

running (02m10.0s), 01/12 VUs, 1377 complete and 0 interrupted iterations
oscillating   [  14% ] 01/12 VUs  01m41.9s/12m00.0s

running (02m11.0s), 01/12 VUs, 1410 complete and 0 interrupted iterations
oscillating   [  14% ] 01/12 VUs  01m42.9s/12m00.0s

running (02m12.0s), 01/12 VUs, 1423 complete and 0 interrupted iterations
oscillating   [  14% ] 01/12 VUs  01m43.9s/12m00.0s

running (02m13.0s), 01/12 VUs, 1448 complete and 0 interrupted iterations
oscillating   [  15% ] 01/12 VUs  01m44.9s/12m00.0s

running (02m14.0s), 01/12 VUs, 1455 complete and 0 interrupted iterations
oscillating   [  15% ] 01/12 VUs  01m45.9s/12m00.0s

running (02m15.0s), 01/12 VUs, 1466 complete and 0 interrupted iterations
oscillating   [  15% ] 01/12 VUs  01m46.9s/12m00.0s

running (02m16.0s), 01/12 VUs, 1470 complete and 0 interrupted iterations
oscillating   [  15% ] 01/12 VUs  01m47.9s/12m00.0s

running (02m17.0s), 01/12 VUs, 1487 complete and 0 interrupted iterations
oscillating   [  15% ] 01/12 VUs  01m48.9s/12m00.0s

running (02m18.0s), 01/12 VUs, 1490 complete and 0 interrupted iterations
oscillating   [  15% ] 01/12 VUs  01m49.9s/12m00.0s

running (02m19.0s), 01/12 VUs, 1498 complete and 0 interrupted iterations
oscillating   [  15% ] 01/12 VUs  01m50.9s/12m00.0s

running (02m20.0s), 01/12 VUs, 1535 complete and 0 interrupted iterations
oscillating   [  16% ] 01/12 VUs  01m51.9s/12m00.0s

running (02m21.0s), 01/12 VUs, 1554 complete and 0 interrupted iterations
oscillating   [  16% ] 01/12 VUs  01m52.9s/12m00.0s

running (02m22.0s), 01/12 VUs, 1569 complete and 0 interrupted iterations
oscillating   [  16% ] 01/12 VUs  01m53.9s/12m00.0s

running (02m23.0s), 01/12 VUs, 1572 complete and 0 interrupted iterations
oscillating   [  16% ] 01/12 VUs  01m54.9s/12m00.0s

running (02m24.0s), 01/12 VUs, 1579 complete and 0 interrupted iterations
oscillating   [  16% ] 01/12 VUs  01m55.9s/12m00.0s

running (02m25.0s), 01/12 VUs, 1587 complete and 0 interrupted iterations
oscillating   [  16% ] 01/12 VUs  01m56.9s/12m00.0s

running (02m26.0s), 01/12 VUs, 1596 complete and 0 interrupted iterations
oscillating   [  16% ] 01/12 VUs  01m57.9s/12m00.0s

running (02m27.0s), 01/12 VUs, 1660 complete and 0 interrupted iterations
oscillating   [  17% ] 01/12 VUs  01m58.9s/12m00.0s

running (02m28.0s), 01/12 VUs, 1697 complete and 0 interrupted iterations
oscillating   [  17% ] 01/12 VUs  01m59.9s/12m00.0s

running (02m29.0s), 01/12 VUs, 1709 complete and 0 interrupted iterations
oscillating   [  17% ] 01/12 VUs  02m00.9s/12m00.0s

running (02m30.0s), 03/12 VUs, 1735 complete and 0 interrupted iterations
oscillating   [  17% ] 03/12 VUs  02m01.9s/12m00.0s

running (02m31.0s), 04/12 VUs, 1767 complete and 0 interrupted iterations
oscillating   [  17% ] 04/12 VUs  02m02.9s/12m00.0s

running (02m32.0s), 05/12 VUs, 1779 complete and 0 interrupted iterations
oscillating   [  17% ] 05/12 VUs  02m03.9s/12m00.0s

running (02m33.0s), 06/12 VUs, 1801 complete and 0 interrupted iterations
oscillating   [  17% ] 06/12 VUs  02m04.9s/12m00.0s

running (02m34.0s), 07/12 VUs, 1816 complete and 0 interrupted iterations
oscillating   [  17% ] 07/12 VUs  02m05.9s/12m00.0s

running (02m35.0s), 08/12 VUs, 1833 complete and 0 interrupted iterations
oscillating   [  18% ] 08/12 VUs  02m06.9s/12m00.0s

running (02m36.0s), 09/12 VUs, 1864 complete and 0 interrupted iterations
oscillating   [  18% ] 09/12 VUs  02m07.9s/12m00.0s

running (02m37.0s), 10/12 VUs, 1873 complete and 0 interrupted iterations
oscillating   [  18% ] 10/12 VUs  02m08.9s/12m00.0s

running (02m38.0s), 11/12 VUs, 1954 complete and 0 interrupted iterations
oscillating   [  18% ] 11/12 VUs  02m09.9s/12m00.0s

running (02m39.0s), 12/12 VUs, 1983 complete and 0 interrupted iterations
oscillating   [  18% ] 12/12 VUs  02m10.9s/12m00.0s

running (02m40.0s), 12/12 VUs, 2093 complete and 0 interrupted iterations
oscillating   [  18% ] 12/12 VUs  02m11.9s/12m00.0s

running (02m41.0s), 12/12 VUs, 2145 complete and 0 interrupted iterations
oscillating   [  18% ] 12/12 VUs  02m12.9s/12m00.0s

running (02m42.0s), 12/12 VUs, 2153 complete and 0 interrupted iterations
oscillating   [  19% ] 12/12 VUs  02m13.9s/12m00.0s

running (02m43.0s), 12/12 VUs, 2191 complete and 0 interrupted iterations
oscillating   [  19% ] 12/12 VUs  02m14.9s/12m00.0s

running (02m44.0s), 12/12 VUs, 2222 complete and 0 interrupted iterations
oscillating   [  19% ] 12/12 VUs  02m15.9s/12m00.0s

running (02m45.0s), 12/12 VUs, 2259 complete and 0 interrupted iterations
oscillating   [  19% ] 12/12 VUs  02m16.9s/12m00.0s

running (02m46.0s), 12/12 VUs, 2306 complete and 0 interrupted iterations
oscillating   [  19% ] 12/12 VUs  02m17.9s/12m00.0s

running (02m47.0s), 12/12 VUs, 2332 complete and 0 interrupted iterations
oscillating   [  19% ] 12/12 VUs  02m18.9s/12m00.0s

running (02m48.0s), 12/12 VUs, 2360 complete and 0 interrupted iterations
oscillating   [  19% ] 12/12 VUs  02m19.9s/12m00.0s

running (02m49.0s), 12/12 VUs, 2392 complete and 0 interrupted iterations
oscillating   [  20% ] 12/12 VUs  02m20.9s/12m00.0s

running (02m50.0s), 12/12 VUs, 2432 complete and 0 interrupted iterations
oscillating   [  20% ] 12/12 VUs  02m21.9s/12m00.0s

running (02m51.0s), 12/12 VUs, 2457 complete and 0 interrupted iterations
oscillating   [  20% ] 12/12 VUs  02m22.9s/12m00.0s

running (02m52.0s), 12/12 VUs, 2475 complete and 0 interrupted iterations
oscillating   [  20% ] 12/12 VUs  02m23.9s/12m00.0s

running (02m53.0s), 12/12 VUs, 2500 complete and 0 interrupted iterations
oscillating   [  20% ] 12/12 VUs  02m24.9s/12m00.0s

running (02m54.0s), 12/12 VUs, 2509 complete and 0 interrupted iterations
oscillating   [  20% ] 12/12 VUs  02m25.9s/12m00.0s

running (02m55.0s), 12/12 VUs, 2538 complete and 0 interrupted iterations
oscillating   [  20% ] 12/12 VUs  02m26.9s/12m00.0s

running (02m56.0s), 12/12 VUs, 2564 complete and 0 interrupted iterations
oscillating   [  21% ] 12/12 VUs  02m27.9s/12m00.0s

running (02m57.0s), 12/12 VUs, 2606 complete and 0 interrupted iterations
oscillating   [  21% ] 12/12 VUs  02m28.9s/12m00.0s

running (02m58.0s), 12/12 VUs, 2647 complete and 0 interrupted iterations
oscillating   [  21% ] 12/12 VUs  02m29.9s/12m00.0s

running (02m59.0s), 12/12 VUs, 2663 complete and 0 interrupted iterations
oscillating   [  21% ] 12/12 VUs  02m30.9s/12m00.0s

running (03m00.0s), 12/12 VUs, 2692 complete and 0 interrupted iterations
oscillating   [  21% ] 12/12 VUs  02m31.9s/12m00.0s

running (03m01.0s), 12/12 VUs, 2755 complete and 0 interrupted iterations
oscillating   [  21% ] 12/12 VUs  02m32.9s/12m00.0s

running (03m02.0s), 12/12 VUs, 2776 complete and 0 interrupted iterations
oscillating   [  21% ] 12/12 VUs  02m33.9s/12m00.0s

running (03m03.0s), 12/12 VUs, 2790 complete and 0 interrupted iterations
oscillating   [  22% ] 12/12 VUs  02m34.9s/12m00.0s

running (03m04.0s), 12/12 VUs, 2805 complete and 0 interrupted iterations
oscillating   [  22% ] 12/12 VUs  02m35.9s/12m00.0s

running (03m05.0s), 12/12 VUs, 2825 complete and 0 interrupted iterations
oscillating   [  22% ] 12/12 VUs  02m36.9s/12m00.0s

running (03m06.0s), 12/12 VUs, 2834 complete and 0 interrupted iterations
oscillating   [  22% ] 12/12 VUs  02m37.9s/12m00.0s

running (03m07.0s), 12/12 VUs, 2862 complete and 0 interrupted iterations
oscillating   [  22% ] 12/12 VUs  02m38.9s/12m00.0s

running (03m08.0s), 12/12 VUs, 2902 complete and 0 interrupted iterations
oscillating   [  22% ] 12/12 VUs  02m39.9s/12m00.0s

running (03m09.0s), 12/12 VUs, 2934 complete and 0 interrupted iterations
oscillating   [  22% ] 12/12 VUs  02m40.9s/12m00.0s

running (03m10.0s), 12/12 VUs, 2990 complete and 0 interrupted iterations
oscillating   [  22% ] 12/12 VUs  02m41.9s/12m00.0s

running (03m11.0s), 12/12 VUs, 3029 complete and 0 interrupted iterations
oscillating   [  23% ] 12/12 VUs  02m42.9s/12m00.0s

running (03m12.0s), 12/12 VUs, 3072 complete and 0 interrupted iterations
oscillating   [  23% ] 12/12 VUs  02m43.9s/12m00.0s

running (03m13.0s), 12/12 VUs, 3094 complete and 0 interrupted iterations
oscillating   [  23% ] 12/12 VUs  02m44.9s/12m00.0s

running (03m14.0s), 12/12 VUs, 3140 complete and 0 interrupted iterations
oscillating   [  23% ] 12/12 VUs  02m45.9s/12m00.0s

running (03m15.0s), 12/12 VUs, 3196 complete and 0 interrupted iterations
oscillating   [  23% ] 12/12 VUs  02m46.9s/12m00.0s

running (03m16.0s), 12/12 VUs, 3236 complete and 0 interrupted iterations
oscillating   [  23% ] 12/12 VUs  02m47.9s/12m00.0s

running (03m17.0s), 12/12 VUs, 3269 complete and 0 interrupted iterations
oscillating   [  23% ] 12/12 VUs  02m48.9s/12m00.0s

running (03m18.0s), 12/12 VUs, 3293 complete and 0 interrupted iterations
oscillating   [  24% ] 12/12 VUs  02m49.9s/12m00.0s

running (03m19.0s), 12/12 VUs, 3320 complete and 0 interrupted iterations
oscillating   [  24% ] 12/12 VUs  02m50.9s/12m00.0s

running (03m20.0s), 12/12 VUs, 3360 complete and 0 interrupted iterations
oscillating   [  24% ] 12/12 VUs  02m51.9s/12m00.0s

running (03m21.0s), 12/12 VUs, 3383 complete and 0 interrupted iterations
oscillating   [  24% ] 12/12 VUs  02m52.9s/12m00.0s

running (03m22.0s), 12/12 VUs, 3463 complete and 0 interrupted iterations
oscillating   [  24% ] 12/12 VUs  02m53.9s/12m00.0s

running (03m23.0s), 12/12 VUs, 3511 complete and 0 interrupted iterations
oscillating   [  24% ] 12/12 VUs  02m54.9s/12m00.0s

running (03m24.0s), 12/12 VUs, 3567 complete and 0 interrupted iterations
oscillating   [  24% ] 12/12 VUs  02m55.9s/12m00.0s

running (03m25.0s), 12/12 VUs, 3621 complete and 0 interrupted iterations
oscillating   [  25% ] 12/12 VUs  02m56.9s/12m00.0s

running (03m26.0s), 12/12 VUs, 3665 complete and 0 interrupted iterations
oscillating   [  25% ] 12/12 VUs  02m57.9s/12m00.0s

running (03m27.0s), 12/12 VUs, 3705 complete and 0 interrupted iterations
oscillating   [  25% ] 12/12 VUs  02m58.9s/12m00.0s

running (03m28.0s), 12/12 VUs, 3743 complete and 0 interrupted iterations
oscillating   [  25% ] 12/12 VUs  02m59.9s/12m00.0s

running (03m29.0s), 12/12 VUs, 3806 complete and 0 interrupted iterations
oscillating   [  25% ] 12/12 VUs  03m00.9s/12m00.0s

running (03m30.0s), 12/12 VUs, 3918 complete and 0 interrupted iterations
oscillating   [  25% ] 12/12 VUs  03m01.9s/12m00.0s

running (03m31.0s), 12/12 VUs, 3974 complete and 0 interrupted iterations
oscillating   [  25% ] 12/12 VUs  03m02.9s/12m00.0s

running (03m32.0s), 12/12 VUs, 4023 complete and 0 interrupted iterations
oscillating   [  26% ] 12/12 VUs  03m03.9s/12m00.0s

running (03m33.0s), 12/12 VUs, 4073 complete and 0 interrupted iterations
oscillating   [  26% ] 12/12 VUs  03m04.9s/12m00.0s

running (03m34.0s), 12/12 VUs, 4120 complete and 0 interrupted iterations
oscillating   [  26% ] 12/12 VUs  03m05.9s/12m00.0s

running (03m35.0s), 12/12 VUs, 4164 complete and 0 interrupted iterations
oscillating   [  26% ] 12/12 VUs  03m06.9s/12m00.0s

running (03m36.0s), 12/12 VUs, 4236 complete and 0 interrupted iterations
oscillating   [  26% ] 12/12 VUs  03m07.9s/12m00.0s

running (03m37.0s), 12/12 VUs, 4266 complete and 0 interrupted iterations
oscillating   [  26% ] 12/12 VUs  03m08.9s/12m00.0s

running (03m38.0s), 12/12 VUs, 4329 complete and 0 interrupted iterations
oscillating   [  26% ] 12/12 VUs  03m09.9s/12m00.0s

running (03m39.0s), 12/12 VUs, 4392 complete and 0 interrupted iterations
oscillating   [  27% ] 12/12 VUs  03m10.9s/12m00.0s

running (03m40.0s), 12/12 VUs, 4453 complete and 0 interrupted iterations
oscillating   [  27% ] 12/12 VUs  03m11.9s/12m00.0s

running (03m41.0s), 12/12 VUs, 4474 complete and 0 interrupted iterations
oscillating   [  27% ] 12/12 VUs  03m12.9s/12m00.0s

running (03m42.0s), 12/12 VUs, 4519 complete and 0 interrupted iterations
oscillating   [  27% ] 12/12 VUs  03m13.9s/12m00.0s

running (03m43.0s), 12/12 VUs, 4551 complete and 0 interrupted iterations
oscillating   [  27% ] 12/12 VUs  03m14.9s/12m00.0s

running (03m44.0s), 12/12 VUs, 4587 complete and 0 interrupted iterations
oscillating   [  27% ] 12/12 VUs  03m15.9s/12m00.0s

running (03m45.0s), 12/12 VUs, 4637 complete and 0 interrupted iterations
oscillating   [  27% ] 12/12 VUs  03m16.9s/12m00.0s

running (03m46.0s), 12/12 VUs, 4685 complete and 0 interrupted iterations
oscillating   [  27% ] 12/12 VUs  03m17.9s/12m00.0s

running (03m47.0s), 12/12 VUs, 4736 complete and 0 interrupted iterations
oscillating   [  28% ] 12/12 VUs  03m18.9s/12m00.0s

running (03m48.0s), 12/12 VUs, 4793 complete and 0 interrupted iterations
oscillating   [  28% ] 12/12 VUs  03m19.9s/12m00.0s

running (03m49.0s), 12/12 VUs, 4865 complete and 0 interrupted iterations
oscillating   [  28% ] 12/12 VUs  03m20.9s/12m00.0s

running (03m50.0s), 12/12 VUs, 4930 complete and 0 interrupted iterations
oscillating   [  28% ] 12/12 VUs  03m21.9s/12m00.0s

running (03m51.0s), 12/12 VUs, 4977 complete and 0 interrupted iterations
oscillating   [  28% ] 12/12 VUs  03m22.9s/12m00.0s

running (03m52.0s), 12/12 VUs, 5032 complete and 0 interrupted iterations
oscillating   [  28% ] 12/12 VUs  03m23.9s/12m00.0s

running (03m53.0s), 12/12 VUs, 5077 complete and 0 interrupted iterations
oscillating   [  28% ] 12/12 VUs  03m24.9s/12m00.0s

running (03m54.0s), 12/12 VUs, 5109 complete and 0 interrupted iterations
oscillating   [  29% ] 12/12 VUs  03m25.9s/12m00.0s

running (03m55.0s), 12/12 VUs, 5170 complete and 0 interrupted iterations
oscillating   [  29% ] 12/12 VUs  03m26.9s/12m00.0s

running (03m56.0s), 12/12 VUs, 5245 complete and 0 interrupted iterations
oscillating   [  29% ] 12/12 VUs  03m27.9s/12m00.0s

running (03m57.0s), 12/12 VUs, 5261 complete and 0 interrupted iterations
oscillating   [  29% ] 12/12 VUs  03m28.9s/12m00.0s

running (03m58.0s), 12/12 VUs, 5298 complete and 0 interrupted iterations
oscillating   [  29% ] 12/12 VUs  03m29.9s/12m00.0s

running (03m59.0s), 12/12 VUs, 5311 complete and 0 interrupted iterations
oscillating   [  29% ] 12/12 VUs  03m30.9s/12m00.0s

running (04m00.0s), 11/12 VUs, 5349 complete and 0 interrupted iterations
oscillating   [  29% ] 11/12 VUs  03m31.9s/12m00.0s

running (04m01.0s), 10/12 VUs, 5398 complete and 0 interrupted iterations
oscillating   [  30% ] 10/12 VUs  03m32.9s/12m00.0s

running (04m02.0s), 09/12 VUs, 5417 complete and 0 interrupted iterations
oscillating   [  30% ] 09/12 VUs  03m33.9s/12m00.0s

running (04m03.0s), 08/12 VUs, 5483 complete and 0 interrupted iterations
oscillating   [  30% ] 08/12 VUs  03m34.9s/12m00.0s

running (04m04.0s), 06/12 VUs, 5523 complete and 0 interrupted iterations
oscillating   [  30% ] 06/12 VUs  03m35.9s/12m00.0s

running (04m05.0s), 05/12 VUs, 5531 complete and 0 interrupted iterations
oscillating   [  30% ] 05/12 VUs  03m36.9s/12m00.0s

running (04m06.0s), 04/12 VUs, 5548 complete and 0 interrupted iterations
oscillating   [  30% ] 04/12 VUs  03m37.9s/12m00.0s

running (04m07.0s), 03/12 VUs, 5593 complete and 0 interrupted iterations
oscillating   [  30% ] 03/12 VUs  03m38.9s/12m00.0s

running (04m08.0s), 02/12 VUs, 5615 complete and 0 interrupted iterations
oscillating   [  31% ] 02/12 VUs  03m39.9s/12m00.0s

running (04m09.0s), 01/12 VUs, 5627 complete and 0 interrupted iterations
oscillating   [  31% ] 01/12 VUs  03m40.9s/12m00.0s

running (04m10.0s), 01/12 VUs, 5630 complete and 0 interrupted iterations
oscillating   [  31% ] 01/12 VUs  03m41.9s/12m00.0s

running (04m11.0s), 01/12 VUs, 5668 complete and 0 interrupted iterations
oscillating   [  31% ] 01/12 VUs  03m42.9s/12m00.0s

running (04m12.0s), 01/12 VUs, 5675 complete and 0 interrupted iterations
oscillating   [  31% ] 01/12 VUs  03m43.9s/12m00.0s

running (04m13.0s), 01/12 VUs, 5678 complete and 0 interrupted iterations
oscillating   [  31% ] 01/12 VUs  03m44.9s/12m00.0s

running (04m14.0s), 01/12 VUs, 5707 complete and 0 interrupted iterations
oscillating   [  31% ] 01/12 VUs  03m45.9s/12m00.0s

running (04m15.0s), 01/12 VUs, 5726 complete and 0 interrupted iterations
oscillating   [  32% ] 01/12 VUs  03m46.9s/12m00.0s

running (04m16.0s), 01/12 VUs, 5749 complete and 0 interrupted iterations
oscillating   [  32% ] 01/12 VUs  03m47.9s/12m00.0s

running (04m17.0s), 01/12 VUs, 5761 complete and 0 interrupted iterations
oscillating   [  32% ] 01/12 VUs  03m48.9s/12m00.0s

running (04m18.0s), 01/12 VUs, 5769 complete and 0 interrupted iterations
oscillating   [  32% ] 01/12 VUs  03m49.9s/12m00.0s

running (04m19.0s), 01/12 VUs, 5773 complete and 0 interrupted iterations
oscillating   [  32% ] 01/12 VUs  03m50.9s/12m00.0s

running (04m20.0s), 01/12 VUs, 5782 complete and 0 interrupted iterations
oscillating   [  32% ] 01/12 VUs  03m51.9s/12m00.0s

running (04m21.0s), 01/12 VUs, 5793 complete and 0 interrupted iterations
oscillating   [  32% ] 01/12 VUs  03m52.9s/12m00.0s

running (04m22.0s), 01/12 VUs, 5798 complete and 0 interrupted iterations
oscillating   [  32% ] 01/12 VUs  03m53.9s/12m00.0s

running (04m23.0s), 01/12 VUs, 5828 complete and 0 interrupted iterations
oscillating   [  33% ] 01/12 VUs  03m54.9s/12m00.0s

running (04m24.0s), 01/12 VUs, 5835 complete and 0 interrupted iterations
oscillating   [  33% ] 01/12 VUs  03m55.9s/12m00.0s

running (04m25.0s), 01/12 VUs, 5841 complete and 0 interrupted iterations
oscillating   [  33% ] 01/12 VUs  03m56.9s/12m00.0s

running (04m26.0s), 01/12 VUs, 5868 complete and 0 interrupted iterations
oscillating   [  33% ] 01/12 VUs  03m57.9s/12m00.0s

running (04m27.0s), 01/12 VUs, 5877 complete and 0 interrupted iterations
oscillating   [  33% ] 01/12 VUs  03m58.9s/12m00.0s

running (04m28.0s), 01/12 VUs, 5888 complete and 0 interrupted iterations
oscillating   [  33% ] 01/12 VUs  03m59.9s/12m00.0s

running (04m29.0s), 01/12 VUs, 5902 complete and 0 interrupted iterations
oscillating   [  33% ] 01/12 VUs  04m00.9s/12m00.0s

running (04m30.0s), 01/12 VUs, 5908 complete and 0 interrupted iterations
oscillating   [  34% ] 01/12 VUs  04m01.9s/12m00.0s

running (04m31.0s), 01/12 VUs, 5916 complete and 0 interrupted iterations
oscillating   [  34% ] 01/12 VUs  04m02.9s/12m00.0s

running (04m32.0s), 01/12 VUs, 5938 complete and 0 interrupted iterations
oscillating   [  34% ] 01/12 VUs  04m03.9s/12m00.0s

running (04m33.0s), 01/12 VUs, 5948 complete and 0 interrupted iterations
oscillating   [  34% ] 01/12 VUs  04m04.9s/12m00.0s

running (04m34.0s), 01/12 VUs, 5976 complete and 0 interrupted iterations
oscillating   [  34% ] 01/12 VUs  04m05.9s/12m00.0s

running (04m35.0s), 01/12 VUs, 5992 complete and 0 interrupted iterations
oscillating   [  34% ] 01/12 VUs  04m06.9s/12m00.0s

running (04m36.0s), 01/12 VUs, 5995 complete and 0 interrupted iterations
oscillating   [  34% ] 01/12 VUs  04m07.9s/12m00.0s

running (04m37.0s), 01/12 VUs, 6000 complete and 0 interrupted iterations
oscillating   [  35% ] 01/12 VUs  04m08.9s/12m00.0s

running (04m38.0s), 01/12 VUs, 6016 complete and 0 interrupted iterations
oscillating   [  35% ] 01/12 VUs  04m09.9s/12m00.0s

running (04m39.0s), 01/12 VUs, 6025 complete and 0 interrupted iterations
oscillating   [  35% ] 01/12 VUs  04m10.9s/12m00.0s

running (04m40.0s), 01/12 VUs, 6065 complete and 0 interrupted iterations
oscillating   [  35% ] 01/12 VUs  04m11.9s/12m00.0s

running (04m41.0s), 01/12 VUs, 6082 complete and 0 interrupted iterations
oscillating   [  35% ] 01/12 VUs  04m12.9s/12m00.0s

running (04m42.0s), 01/12 VUs, 6099 complete and 0 interrupted iterations
oscillating   [  35% ] 01/12 VUs  04m13.9s/12m00.0s

running (04m43.0s), 01/12 VUs, 6110 complete and 0 interrupted iterations
oscillating   [  35% ] 01/12 VUs  04m14.9s/12m00.0s

running (04m44.0s), 01/12 VUs, 6141 complete and 0 interrupted iterations
oscillating   [  36% ] 01/12 VUs  04m15.9s/12m00.0s

running (04m45.0s), 01/12 VUs, 6165 complete and 0 interrupted iterations
oscillating   [  36% ] 01/12 VUs  04m16.9s/12m00.0s

running (04m46.0s), 01/12 VUs, 6184 complete and 0 interrupted iterations
oscillating   [  36% ] 01/12 VUs  04m17.9s/12m00.0s

running (04m47.0s), 01/12 VUs, 6202 complete and 0 interrupted iterations
oscillating   [  36% ] 01/12 VUs  04m18.9s/12m00.0s

running (04m48.0s), 01/12 VUs, 6212 complete and 0 interrupted iterations
oscillating   [  36% ] 01/12 VUs  04m19.9s/12m00.0s

running (04m49.0s), 01/12 VUs, 6217 complete and 0 interrupted iterations
oscillating   [  36% ] 01/12 VUs  04m20.9s/12m00.0s

running (04m50.0s), 01/12 VUs, 6242 complete and 0 interrupted iterations
oscillating   [  36% ] 01/12 VUs  04m21.9s/12m00.0s

running (04m51.0s), 01/12 VUs, 6256 complete and 0 interrupted iterations
oscillating   [  37% ] 01/12 VUs  04m22.9s/12m00.0s

running (04m52.0s), 01/12 VUs, 6261 complete and 0 interrupted iterations
oscillating   [  37% ] 01/12 VUs  04m23.9s/12m00.0s

running (04m53.0s), 01/12 VUs, 6273 complete and 0 interrupted iterations
oscillating   [  37% ] 01/12 VUs  04m24.9s/12m00.0s

running (04m54.0s), 01/12 VUs, 6295 complete and 0 interrupted iterations
oscillating   [  37% ] 01/12 VUs  04m25.9s/12m00.0s

running (04m55.0s), 01/12 VUs, 6302 complete and 0 interrupted iterations
oscillating   [  37% ] 01/12 VUs  04m26.9s/12m00.0s

running (04m56.0s), 01/12 VUs, 6335 complete and 0 interrupted iterations
oscillating   [  37% ] 01/12 VUs  04m27.9s/12m00.0s

running (04m57.0s), 01/12 VUs, 6337 complete and 0 interrupted iterations
oscillating   [  37% ] 01/12 VUs  04m28.9s/12m00.0s

running (04m58.0s), 01/12 VUs, 6359 complete and 0 interrupted iterations
oscillating   [  37% ] 01/12 VUs  04m29.9s/12m00.0s

running (04m59.0s), 01/12 VUs, 6378 complete and 0 interrupted iterations
oscillating   [  38% ] 01/12 VUs  04m30.9s/12m00.0s

running (05m00.0s), 01/12 VUs, 6388 complete and 0 interrupted iterations
oscillating   [  38% ] 01/12 VUs  04m31.9s/12m00.0s

running (05m01.0s), 01/12 VUs, 6397 complete and 0 interrupted iterations
oscillating   [  38% ] 01/12 VUs  04m32.9s/12m00.0s

running (05m02.0s), 01/12 VUs, 6430 complete and 0 interrupted iterations
oscillating   [  38% ] 01/12 VUs  04m33.9s/12m00.0s

running (05m03.0s), 01/12 VUs, 6435 complete and 0 interrupted iterations
oscillating   [  38% ] 01/12 VUs  04m34.9s/12m00.0s

running (05m04.0s), 01/12 VUs, 6445 complete and 0 interrupted iterations
oscillating   [  38% ] 01/12 VUs  04m35.9s/12m00.0s

running (05m05.0s), 01/12 VUs, 6459 complete and 0 interrupted iterations
oscillating   [  38% ] 01/12 VUs  04m36.9s/12m00.0s

running (05m06.0s), 01/12 VUs, 6478 complete and 0 interrupted iterations
oscillating   [  39% ] 01/12 VUs  04m37.9s/12m00.0s

running (05m07.0s), 01/12 VUs, 6490 complete and 0 interrupted iterations
oscillating   [  39% ] 01/12 VUs  04m38.9s/12m00.0s

running (05m08.0s), 01/12 VUs, 6494 complete and 0 interrupted iterations
oscillating   [  39% ] 01/12 VUs  04m39.9s/12m00.0s

running (05m09.0s), 01/12 VUs, 6507 complete and 0 interrupted iterations
oscillating   [  39% ] 01/12 VUs  04m40.9s/12m00.0s

running (05m10.0s), 01/12 VUs, 6516 complete and 0 interrupted iterations
oscillating   [  39% ] 01/12 VUs  04m41.9s/12m00.0s

running (05m11.0s), 01/12 VUs, 6529 complete and 0 interrupted iterations
oscillating   [  39% ] 01/12 VUs  04m42.9s/12m00.0s

running (05m12.0s), 01/12 VUs, 6530 complete and 0 interrupted iterations
oscillating   [  39% ] 01/12 VUs  04m43.9s/12m00.0s

running (05m13.0s), 01/12 VUs, 6547 complete and 0 interrupted iterations
oscillating   [  40% ] 01/12 VUs  04m44.9s/12m00.0s

running (05m14.0s), 01/12 VUs, 6555 complete and 0 interrupted iterations
oscillating   [  40% ] 01/12 VUs  04m45.9s/12m00.0s

running (05m15.0s), 01/12 VUs, 6572 complete and 0 interrupted iterations
oscillating   [  40% ] 01/12 VUs  04m46.9s/12m00.0s

running (05m16.0s), 01/12 VUs, 6615 complete and 0 interrupted iterations
oscillating   [  40% ] 01/12 VUs  04m47.9s/12m00.0s

running (05m17.0s), 01/12 VUs, 6625 complete and 0 interrupted iterations
oscillating   [  40% ] 01/12 VUs  04m48.9s/12m00.0s

running (05m18.0s), 01/12 VUs, 6650 complete and 0 interrupted iterations
oscillating   [  40% ] 01/12 VUs  04m49.9s/12m00.0s

running (05m19.0s), 01/12 VUs, 6656 complete and 0 interrupted iterations
oscillating   [  40% ] 01/12 VUs  04m50.9s/12m00.0s

running (05m20.0s), 01/12 VUs, 6695 complete and 0 interrupted iterations
oscillating   [  41% ] 01/12 VUs  04m51.9s/12m00.0s

running (05m21.0s), 01/12 VUs, 6706 complete and 0 interrupted iterations
oscillating   [  41% ] 01/12 VUs  04m52.9s/12m00.0s

running (05m22.0s), 01/12 VUs, 6716 complete and 0 interrupted iterations
oscillating   [  41% ] 01/12 VUs  04m53.9s/12m00.0s

running (05m23.0s), 01/12 VUs, 6726 complete and 0 interrupted iterations
oscillating   [  41% ] 01/12 VUs  04m54.9s/12m00.0s

running (05m24.0s), 01/12 VUs, 6737 complete and 0 interrupted iterations
oscillating   [  41% ] 01/12 VUs  04m55.9s/12m00.0s

running (05m25.0s), 01/12 VUs, 6756 complete and 0 interrupted iterations
oscillating   [  41% ] 01/12 VUs  04m56.9s/12m00.0s

running (05m26.0s), 01/12 VUs, 6768 complete and 0 interrupted iterations
oscillating   [  41% ] 01/12 VUs  04m57.9s/12m00.0s

running (05m27.0s), 01/12 VUs, 6777 complete and 0 interrupted iterations
oscillating   [  42% ] 01/12 VUs  04m58.9s/12m00.0s

running (05m28.0s), 01/12 VUs, 6789 complete and 0 interrupted iterations
oscillating   [  42% ] 01/12 VUs  04m59.9s/12m00.0s

running (05m29.0s), 01/12 VUs, 6793 complete and 0 interrupted iterations
oscillating   [  42% ] 01/12 VUs  05m00.9s/12m00.0s

running (05m30.0s), 03/12 VUs, 6845 complete and 0 interrupted iterations
oscillating   [  42% ] 03/12 VUs  05m01.9s/12m00.0s

running (05m31.0s), 04/12 VUs, 6866 complete and 0 interrupted iterations
oscillating   [  42% ] 04/12 VUs  05m02.9s/12m00.0s

running (05m32.0s), 05/12 VUs, 6910 complete and 0 interrupted iterations
oscillating   [  42% ] 05/12 VUs  05m03.9s/12m00.0s

running (05m33.0s), 06/12 VUs, 6958 complete and 0 interrupted iterations
oscillating   [  42% ] 06/12 VUs  05m04.9s/12m00.0s

running (05m34.0s), 07/12 VUs, 6991 complete and 0 interrupted iterations
oscillating   [  42% ] 07/12 VUs  05m05.9s/12m00.0s

running (05m35.0s), 08/12 VUs, 7026 complete and 0 interrupted iterations
oscillating   [  43% ] 08/12 VUs  05m06.9s/12m00.0s

running (05m36.0s), 09/12 VUs, 7114 complete and 0 interrupted iterations
oscillating   [  43% ] 09/12 VUs  05m07.9s/12m00.0s

running (05m37.0s), 10/12 VUs, 7153 complete and 0 interrupted iterations
oscillating   [  43% ] 10/12 VUs  05m08.9s/12m00.0s

running (05m38.0s), 11/12 VUs, 7186 complete and 0 interrupted iterations
oscillating   [  43% ] 11/12 VUs  05m09.9s/12m00.0s

running (05m39.0s), 12/12 VUs, 7241 complete and 0 interrupted iterations
oscillating   [  43% ] 12/12 VUs  05m10.9s/12m00.0s

running (05m40.0s), 12/12 VUs, 7293 complete and 0 interrupted iterations
oscillating   [  43% ] 12/12 VUs  05m11.9s/12m00.0s

running (05m41.0s), 12/12 VUs, 7325 complete and 0 interrupted iterations
oscillating   [  43% ] 12/12 VUs  05m12.9s/12m00.0s

running (05m42.0s), 12/12 VUs, 7334 complete and 0 interrupted iterations
oscillating   [  44% ] 12/12 VUs  05m13.9s/12m00.0s

running (05m43.0s), 12/12 VUs, 7345 complete and 0 interrupted iterations
oscillating   [  44% ] 12/12 VUs  05m14.9s/12m00.0s

running (05m44.0s), 12/12 VUs, 7378 complete and 0 interrupted iterations
oscillating   [  44% ] 12/12 VUs  05m15.9s/12m00.0s

running (05m45.0s), 12/12 VUs, 7403 complete and 0 interrupted iterations
oscillating   [  44% ] 12/12 VUs  05m16.9s/12m00.0s

running (05m46.0s), 12/12 VUs, 7444 complete and 0 interrupted iterations
oscillating   [  44% ] 12/12 VUs  05m17.9s/12m00.0s

running (05m47.0s), 12/12 VUs, 7478 complete and 0 interrupted iterations
oscillating   [  44% ] 12/12 VUs  05m18.9s/12m00.0s

running (05m48.0s), 12/12 VUs, 7588 complete and 0 interrupted iterations
oscillating   [  44% ] 12/12 VUs  05m19.9s/12m00.0s

running (05m49.0s), 12/12 VUs, 7611 complete and 0 interrupted iterations
oscillating   [  45% ] 12/12 VUs  05m20.9s/12m00.0s

running (05m50.0s), 12/12 VUs, 7650 complete and 0 interrupted iterations
oscillating   [  45% ] 12/12 VUs  05m21.9s/12m00.0s

running (05m51.0s), 12/12 VUs, 7687 complete and 0 interrupted iterations
oscillating   [  45% ] 12/12 VUs  05m22.9s/12m00.0s

running (05m52.0s), 12/12 VUs, 7730 complete and 0 interrupted iterations
oscillating   [  45% ] 12/12 VUs  05m23.9s/12m00.0s

running (05m53.0s), 12/12 VUs, 7766 complete and 0 interrupted iterations
oscillating   [  45% ] 12/12 VUs  05m24.9s/12m00.0s

running (05m54.0s), 12/12 VUs, 7809 complete and 0 interrupted iterations
oscillating   [  45% ] 12/12 VUs  05m25.9s/12m00.0s

running (05m55.0s), 12/12 VUs, 7845 complete and 0 interrupted iterations
oscillating   [  45% ] 12/12 VUs  05m26.9s/12m00.0s

running (05m56.0s), 12/12 VUs, 7877 complete and 0 interrupted iterations
oscillating   [  46% ] 12/12 VUs  05m27.9s/12m00.0s

running (05m57.0s), 12/12 VUs, 7904 complete and 0 interrupted iterations
oscillating   [  46% ] 12/12 VUs  05m28.9s/12m00.0s

running (05m58.0s), 12/12 VUs, 7940 complete and 0 interrupted iterations
oscillating   [  46% ] 12/12 VUs  05m29.9s/12m00.0s

running (05m59.0s), 12/12 VUs, 7992 complete and 0 interrupted iterations
oscillating   [  46% ] 12/12 VUs  05m30.9s/12m00.0s

running (06m00.0s), 12/12 VUs, 8023 complete and 0 interrupted iterations
oscillating   [  46% ] 12/12 VUs  05m31.9s/12m00.0s

running (06m01.0s), 12/12 VUs, 8081 complete and 0 interrupted iterations
oscillating   [  46% ] 12/12 VUs  05m32.9s/12m00.0s

running (06m02.0s), 12/12 VUs, 8139 complete and 0 interrupted iterations
oscillating   [  46% ] 12/12 VUs  05m33.9s/12m00.0s

running (06m03.0s), 12/12 VUs, 8164 complete and 0 interrupted iterations
oscillating   [  47% ] 12/12 VUs  05m34.9s/12m00.0s

running (06m04.0s), 12/12 VUs, 8197 complete and 0 interrupted iterations
oscillating   [  47% ] 12/12 VUs  05m35.9s/12m00.0s

running (06m05.0s), 12/12 VUs, 8223 complete and 0 interrupted iterations
oscillating   [  47% ] 12/12 VUs  05m36.9s/12m00.0s

running (06m06.0s), 12/12 VUs, 8241 complete and 0 interrupted iterations
oscillating   [  47% ] 12/12 VUs  05m37.9s/12m00.0s

running (06m07.0s), 12/12 VUs, 8258 complete and 0 interrupted iterations
oscillating   [  47% ] 12/12 VUs  05m38.9s/12m00.0s

running (06m08.0s), 12/12 VUs, 8275 complete and 0 interrupted iterations
oscillating   [  47% ] 12/12 VUs  05m39.9s/12m00.0s

running (06m09.0s), 12/12 VUs, 8290 complete and 0 interrupted iterations
oscillating   [  47% ] 12/12 VUs  05m40.9s/12m00.0s

running (06m10.0s), 12/12 VUs, 8333 complete and 0 interrupted iterations
oscillating   [  47% ] 12/12 VUs  05m41.9s/12m00.0s

running (06m11.0s), 12/12 VUs, 8369 complete and 0 interrupted iterations
oscillating   [  48% ] 12/12 VUs  05m42.9s/12m00.0s

running (06m12.0s), 12/12 VUs, 8411 complete and 0 interrupted iterations
oscillating   [  48% ] 12/12 VUs  05m43.9s/12m00.0s

running (06m13.0s), 12/12 VUs, 8461 complete and 0 interrupted iterations
oscillating   [  48% ] 12/12 VUs  05m44.9s/12m00.0s

running (06m14.0s), 12/12 VUs, 8507 complete and 0 interrupted iterations
oscillating   [  48% ] 12/12 VUs  05m45.9s/12m00.0s

running (06m15.0s), 12/12 VUs, 8532 complete and 0 interrupted iterations
oscillating   [  48% ] 12/12 VUs  05m46.9s/12m00.0s

running (06m16.0s), 12/12 VUs, 8556 complete and 0 interrupted iterations
oscillating   [  48% ] 12/12 VUs  05m47.9s/12m00.0s

running (06m17.0s), 12/12 VUs, 8575 complete and 0 interrupted iterations
oscillating   [  48% ] 12/12 VUs  05m48.9s/12m00.0s

running (06m18.0s), 12/12 VUs, 8644 complete and 0 interrupted iterations
oscillating   [  49% ] 12/12 VUs  05m49.9s/12m00.0s

running (06m19.0s), 12/12 VUs, 8678 complete and 0 interrupted iterations
oscillating   [  49% ] 12/12 VUs  05m50.9s/12m00.0s

running (06m20.0s), 12/12 VUs, 8710 complete and 0 interrupted iterations
oscillating   [  49% ] 12/12 VUs  05m51.9s/12m00.0s

running (06m21.0s), 12/12 VUs, 8767 complete and 0 interrupted iterations
oscillating   [  49% ] 12/12 VUs  05m52.9s/12m00.0s

running (06m22.0s), 12/12 VUs, 8788 complete and 0 interrupted iterations
oscillating   [  49% ] 12/12 VUs  05m53.9s/12m00.0s

running (06m23.0s), 12/12 VUs, 8835 complete and 0 interrupted iterations
oscillating   [  49% ] 12/12 VUs  05m54.9s/12m00.0s

running (06m24.0s), 12/12 VUs, 8875 complete and 0 interrupted iterations
oscillating   [  49% ] 12/12 VUs  05m55.9s/12m00.0s

running (06m25.0s), 12/12 VUs, 8916 complete and 0 interrupted iterations
oscillating   [  50% ] 12/12 VUs  05m56.9s/12m00.0s

running (06m26.0s), 12/12 VUs, 8953 complete and 0 interrupted iterations
oscillating   [  50% ] 12/12 VUs  05m57.9s/12m00.0s

running (06m27.0s), 12/12 VUs, 9025 complete and 0 interrupted iterations
oscillating   [  50% ] 12/12 VUs  05m58.9s/12m00.0s

running (06m28.0s), 12/12 VUs, 9046 complete and 0 interrupted iterations
oscillating   [  50% ] 12/12 VUs  05m59.9s/12m00.0s

running (06m29.0s), 12/12 VUs, 9084 complete and 0 interrupted iterations
oscillating   [  50% ] 12/12 VUs  06m00.9s/12m00.0s

running (06m30.0s), 12/12 VUs, 9133 complete and 0 interrupted iterations
oscillating   [  50% ] 12/12 VUs  06m01.9s/12m00.0s

running (06m31.0s), 12/12 VUs, 9174 complete and 0 interrupted iterations
oscillating   [  50% ] 12/12 VUs  06m02.9s/12m00.0s

running (06m32.0s), 12/12 VUs, 9219 complete and 0 interrupted iterations
oscillating   [  51% ] 12/12 VUs  06m03.9s/12m00.0s

running (06m33.0s), 12/12 VUs, 9262 complete and 0 interrupted iterations
oscillating   [  51% ] 12/12 VUs  06m04.9s/12m00.0s

running (06m34.0s), 12/12 VUs, 9299 complete and 0 interrupted iterations
oscillating   [  51% ] 12/12 VUs  06m05.9s/12m00.0s

running (06m35.0s), 12/12 VUs, 9361 complete and 0 interrupted iterations
oscillating   [  51% ] 12/12 VUs  06m06.9s/12m00.0s

running (06m36.0s), 12/12 VUs, 9380 complete and 0 interrupted iterations
oscillating   [  51% ] 12/12 VUs  06m07.9s/12m00.0s

running (06m37.0s), 12/12 VUs, 9433 complete and 0 interrupted iterations
oscillating   [  51% ] 12/12 VUs  06m08.9s/12m00.0s

running (06m38.0s), 12/12 VUs, 9465 complete and 0 interrupted iterations
oscillating   [  51% ] 12/12 VUs  06m09.9s/12m00.0s

running (06m39.0s), 12/12 VUs, 9489 complete and 0 interrupted iterations
oscillating   [  52% ] 12/12 VUs  06m10.9s/12m00.0s

running (06m40.0s), 12/12 VUs, 9527 complete and 0 interrupted iterations
oscillating   [  52% ] 12/12 VUs  06m11.9s/12m00.0s

running (06m41.0s), 12/12 VUs, 9572 complete and 0 interrupted iterations
oscillating   [  52% ] 12/12 VUs  06m12.9s/12m00.0s

running (06m42.0s), 12/12 VUs, 9614 complete and 0 interrupted iterations
oscillating   [  52% ] 12/12 VUs  06m13.9s/12m00.0s

running (06m43.0s), 12/12 VUs, 9634 complete and 0 interrupted iterations
oscillating   [  52% ] 12/12 VUs  06m14.9s/12m00.0s

running (06m44.0s), 12/12 VUs, 9676 complete and 0 interrupted iterations
oscillating   [  52% ] 12/12 VUs  06m15.9s/12m00.0s

running (06m45.0s), 12/12 VUs, 9715 complete and 0 interrupted iterations
oscillating   [  52% ] 12/12 VUs  06m16.9s/12m00.0s

running (06m46.0s), 12/12 VUs, 9738 complete and 0 interrupted iterations
oscillating   [  52% ] 12/12 VUs  06m17.9s/12m00.0s

running (06m47.0s), 12/12 VUs, 9807 complete and 0 interrupted iterations
oscillating   [  53% ] 12/12 VUs  06m18.9s/12m00.0s

running (06m48.0s), 12/12 VUs, 9852 complete and 0 interrupted iterations
oscillating   [  53% ] 12/12 VUs  06m19.9s/12m00.0s

running (06m49.0s), 12/12 VUs, 9891 complete and 0 interrupted iterations
oscillating   [  53% ] 12/12 VUs  06m20.9s/12m00.0s

running (06m50.0s), 12/12 VUs, 9911 complete and 0 interrupted iterations
oscillating   [  53% ] 12/12 VUs  06m21.9s/12m00.0s

running (06m51.0s), 12/12 VUs, 9946 complete and 0 interrupted iterations
oscillating   [  53% ] 12/12 VUs  06m22.9s/12m00.0s

running (06m52.0s), 12/12 VUs, 10002 complete and 0 interrupted iterations
oscillating   [  53% ] 12/12 VUs  06m23.9s/12m00.0s

running (06m53.0s), 12/12 VUs, 10050 complete and 0 interrupted iterations
oscillating   [  53% ] 12/12 VUs  06m24.9s/12m00.0s

running (06m54.0s), 12/12 VUs, 10091 complete and 0 interrupted iterations
oscillating   [  54% ] 12/12 VUs  06m25.9s/12m00.0s

running (06m55.0s), 12/12 VUs, 10125 complete and 0 interrupted iterations
oscillating   [  54% ] 12/12 VUs  06m26.9s/12m00.0s

running (06m56.0s), 12/12 VUs, 10163 complete and 0 interrupted iterations
oscillating   [  54% ] 12/12 VUs  06m27.9s/12m00.0s

running (06m57.0s), 12/12 VUs, 10243 complete and 0 interrupted iterations
oscillating   [  54% ] 12/12 VUs  06m28.9s/12m00.0s

running (06m58.0s), 12/12 VUs, 10314 complete and 0 interrupted iterations
oscillating   [  54% ] 12/12 VUs  06m29.9s/12m00.0s

running (06m59.0s), 12/12 VUs, 10363 complete and 0 interrupted iterations
oscillating   [  54% ] 12/12 VUs  06m30.9s/12m00.0s

running (07m00.0s), 12/12 VUs, 10397 complete and 0 interrupted iterations
oscillating   [  54% ] 12/12 VUs  06m31.9s/12m00.0s

running (07m01.0s), 11/12 VUs, 10421 complete and 0 interrupted iterations
oscillating   [  55% ] 11/12 VUs  06m32.9s/12m00.0s

running (07m02.0s), 08/12 VUs, 10478 complete and 0 interrupted iterations
oscillating   [  55% ] 08/12 VUs  06m33.9s/12m00.0s

running (07m03.0s), 08/12 VUs, 10512 complete and 0 interrupted iterations
oscillating   [  55% ] 08/12 VUs  06m34.9s/12m00.0s

running (07m04.0s), 06/12 VUs, 10552 complete and 0 interrupted iterations
oscillating   [  55% ] 06/12 VUs  06m35.9s/12m00.0s

running (07m05.0s), 05/12 VUs, 10589 complete and 0 interrupted iterations
oscillating   [  55% ] 05/12 VUs  06m36.9s/12m00.0s

running (07m06.0s), 04/12 VUs, 10609 complete and 0 interrupted iterations
oscillating   [  55% ] 04/12 VUs  06m37.9s/12m00.0s

running (07m07.0s), 04/12 VUs, 10626 complete and 0 interrupted iterations
oscillating   [  55% ] 04/12 VUs  06m38.9s/12m00.0s

running (07m08.0s), 02/12 VUs, 10653 complete and 0 interrupted iterations
oscillating   [  56% ] 02/12 VUs  06m39.9s/12m00.0s

running (07m09.0s), 01/12 VUs, 10667 complete and 0 interrupted iterations
oscillating   [  56% ] 01/12 VUs  06m40.9s/12m00.0s

running (07m10.0s), 01/12 VUs, 10689 complete and 0 interrupted iterations
oscillating   [  56% ] 01/12 VUs  06m41.9s/12m00.0s

running (07m11.0s), 01/12 VUs, 10712 complete and 0 interrupted iterations
oscillating   [  56% ] 01/12 VUs  06m42.9s/12m00.0s

running (07m12.0s), 01/12 VUs, 10716 complete and 0 interrupted iterations
oscillating   [  56% ] 01/12 VUs  06m43.9s/12m00.0s

running (07m13.0s), 01/12 VUs, 10728 complete and 0 interrupted iterations
oscillating   [  56% ] 01/12 VUs  06m44.9s/12m00.0s

running (07m14.0s), 01/12 VUs, 10748 complete and 0 interrupted iterations
oscillating   [  56% ] 01/12 VUs  06m45.9s/12m00.0s

running (07m15.0s), 01/12 VUs, 10765 complete and 0 interrupted iterations
oscillating   [  57% ] 01/12 VUs  06m46.9s/12m00.0s

running (07m16.0s), 01/12 VUs, 10776 complete and 0 interrupted iterations
oscillating   [  57% ] 01/12 VUs  06m47.9s/12m00.0s

running (07m17.0s), 01/12 VUs, 10782 complete and 0 interrupted iterations
oscillating   [  57% ] 01/12 VUs  06m48.9s/12m00.0s

running (07m18.0s), 01/12 VUs, 10802 complete and 0 interrupted iterations
oscillating   [  57% ] 01/12 VUs  06m49.9s/12m00.0s

running (07m19.0s), 01/12 VUs, 10810 complete and 0 interrupted iterations
oscillating   [  57% ] 01/12 VUs  06m50.9s/12m00.0s

running (07m20.0s), 01/12 VUs, 10832 complete and 0 interrupted iterations
oscillating   [  57% ] 01/12 VUs  06m51.9s/12m00.0s

running (07m21.0s), 01/12 VUs, 10860 complete and 0 interrupted iterations
oscillating   [  57% ] 01/12 VUs  06m52.9s/12m00.0s

running (07m22.0s), 01/12 VUs, 10873 complete and 0 interrupted iterations
oscillating   [  57% ] 01/12 VUs  06m53.9s/12m00.0s

running (07m23.0s), 01/12 VUs, 10880 complete and 0 interrupted iterations
oscillating   [  58% ] 01/12 VUs  06m54.9s/12m00.0s

running (07m24.0s), 01/12 VUs, 10887 complete and 0 interrupted iterations
oscillating   [  58% ] 01/12 VUs  06m55.9s/12m00.0s

running (07m25.0s), 01/12 VUs, 10892 complete and 0 interrupted iterations
oscillating   [  58% ] 01/12 VUs  06m56.9s/12m00.0s

running (07m26.0s), 01/12 VUs, 10894 complete and 0 interrupted iterations
oscillating   [  58% ] 01/12 VUs  06m57.9s/12m00.0s

running (07m27.0s), 01/12 VUs, 10898 complete and 0 interrupted iterations
oscillating   [  58% ] 01/12 VUs  06m58.9s/12m00.0s

running (07m28.0s), 01/12 VUs, 10915 complete and 0 interrupted iterations
oscillating   [  58% ] 01/12 VUs  06m59.9s/12m00.0s

running (07m29.0s), 01/12 VUs, 10921 complete and 0 interrupted iterations
oscillating   [  58% ] 01/12 VUs  07m00.9s/12m00.0s

running (07m30.0s), 01/12 VUs, 10941 complete and 0 interrupted iterations
oscillating   [  59% ] 01/12 VUs  07m01.9s/12m00.0s

running (07m31.0s), 01/12 VUs, 10953 complete and 0 interrupted iterations
oscillating   [  59% ] 01/12 VUs  07m02.9s/12m00.0s

running (07m32.0s), 01/12 VUs, 10962 complete and 0 interrupted iterations
oscillating   [  59% ] 01/12 VUs  07m03.9s/12m00.0s

running (07m33.0s), 01/12 VUs, 11021 complete and 0 interrupted iterations
oscillating   [  59% ] 01/12 VUs  07m04.9s/12m00.0s

running (07m34.0s), 01/12 VUs, 11027 complete and 0 interrupted iterations
oscillating   [  59% ] 01/12 VUs  07m05.9s/12m00.0s

running (07m35.0s), 01/12 VUs, 11042 complete and 0 interrupted iterations
oscillating   [  59% ] 01/12 VUs  07m06.9s/12m00.0s

running (07m36.0s), 01/12 VUs, 11051 complete and 0 interrupted iterations
oscillating   [  59% ] 01/12 VUs  07m07.9s/12m00.0s

running (07m37.0s), 01/12 VUs, 11066 complete and 0 interrupted iterations
oscillating   [  60% ] 01/12 VUs  07m08.9s/12m00.0s

running (07m38.0s), 01/12 VUs, 11090 complete and 0 interrupted iterations
oscillating   [  60% ] 01/12 VUs  07m09.9s/12m00.0s

running (07m39.0s), 01/12 VUs, 11107 complete and 0 interrupted iterations
oscillating   [  60% ] 01/12 VUs  07m10.9s/12m00.0s

running (07m40.0s), 01/12 VUs, 11113 complete and 0 interrupted iterations
oscillating   [  60% ] 01/12 VUs  07m11.9s/12m00.0s

running (07m41.0s), 01/12 VUs, 11121 complete and 0 interrupted iterations
oscillating   [  60% ] 01/12 VUs  07m12.9s/12m00.0s

running (07m42.0s), 01/12 VUs, 11134 complete and 0 interrupted iterations
oscillating   [  60% ] 01/12 VUs  07m13.9s/12m00.0s

running (07m43.0s), 01/12 VUs, 11149 complete and 0 interrupted iterations
oscillating   [  60% ] 01/12 VUs  07m14.9s/12m00.0s

running (07m44.0s), 01/12 VUs, 11158 complete and 0 interrupted iterations
oscillating   [  61% ] 01/12 VUs  07m15.9s/12m00.0s

running (07m45.0s), 01/12 VUs, 11167 complete and 0 interrupted iterations
oscillating   [  61% ] 01/12 VUs  07m16.9s/12m00.0s

running (07m46.0s), 01/12 VUs, 11183 complete and 0 interrupted iterations
oscillating   [  61% ] 01/12 VUs  07m17.9s/12m00.0s

running (07m47.0s), 01/12 VUs, 11185 complete and 0 interrupted iterations
oscillating   [  61% ] 01/12 VUs  07m18.9s/12m00.0s

running (07m48.0s), 01/12 VUs, 11189 complete and 0 interrupted iterations
oscillating   [  61% ] 01/12 VUs  07m19.9s/12m00.0s

running (07m49.0s), 01/12 VUs, 11212 complete and 0 interrupted iterations
oscillating   [  61% ] 01/12 VUs  07m20.9s/12m00.0s

running (07m50.0s), 01/12 VUs, 11233 complete and 0 interrupted iterations
oscillating   [  61% ] 01/12 VUs  07m21.9s/12m00.0s

running (07m51.0s), 01/12 VUs, 11240 complete and 0 interrupted iterations
oscillating   [  62% ] 01/12 VUs  07m22.9s/12m00.0s

running (07m52.0s), 01/12 VUs, 11252 complete and 0 interrupted iterations
oscillating   [  62% ] 01/12 VUs  07m23.9s/12m00.0s

running (07m53.0s), 01/12 VUs, 11262 complete and 0 interrupted iterations
oscillating   [  62% ] 01/12 VUs  07m24.9s/12m00.0s

running (07m54.0s), 01/12 VUs, 11267 complete and 0 interrupted iterations
oscillating   [  62% ] 01/12 VUs  07m25.9s/12m00.0s

running (07m55.0s), 01/12 VUs, 11273 complete and 0 interrupted iterations
oscillating   [  62% ] 01/12 VUs  07m26.9s/12m00.0s

running (07m56.0s), 01/12 VUs, 11284 complete and 0 interrupted iterations
oscillating   [  62% ] 01/12 VUs  07m27.9s/12m00.0s

running (07m57.0s), 01/12 VUs, 11296 complete and 0 interrupted iterations
oscillating   [  62% ] 01/12 VUs  07m28.9s/12m00.0s

running (07m58.0s), 01/12 VUs, 11313 complete and 0 interrupted iterations
oscillating   [  62% ] 01/12 VUs  07m29.9s/12m00.0s

running (07m59.0s), 01/12 VUs, 11318 complete and 0 interrupted iterations
oscillating   [  63% ] 01/12 VUs  07m30.9s/12m00.0s

running (08m00.0s), 01/12 VUs, 11326 complete and 0 interrupted iterations
oscillating   [  63% ] 01/12 VUs  07m31.9s/12m00.0s

running (08m01.0s), 01/12 VUs, 11335 complete and 0 interrupted iterations
oscillating   [  63% ] 01/12 VUs  07m32.9s/12m00.0s

running (08m02.0s), 01/12 VUs, 11351 complete and 0 interrupted iterations
oscillating   [  63% ] 01/12 VUs  07m33.9s/12m00.0s

running (08m03.0s), 01/12 VUs, 11353 complete and 0 interrupted iterations
oscillating   [  63% ] 01/12 VUs  07m34.9s/12m00.0s

running (08m04.0s), 01/12 VUs, 11387 complete and 0 interrupted iterations
oscillating   [  63% ] 01/12 VUs  07m35.9s/12m00.0s

running (08m05.0s), 01/12 VUs, 11403 complete and 0 interrupted iterations
oscillating   [  63% ] 01/12 VUs  07m36.9s/12m00.0s

running (08m06.0s), 01/12 VUs, 11416 complete and 0 interrupted iterations
oscillating   [  64% ] 01/12 VUs  07m37.9s/12m00.0s

running (08m07.0s), 01/12 VUs, 11434 complete and 0 interrupted iterations
oscillating   [  64% ] 01/12 VUs  07m38.9s/12m00.0s

running (08m08.0s), 01/12 VUs, 11440 complete and 0 interrupted iterations
oscillating   [  64% ] 01/12 VUs  07m39.9s/12m00.0s

running (08m09.0s), 01/12 VUs, 11443 complete and 0 interrupted iterations
oscillating   [  64% ] 01/12 VUs  07m40.9s/12m00.0s

running (08m10.0s), 01/12 VUs, 11465 complete and 0 interrupted iterations
oscillating   [  64% ] 01/12 VUs  07m41.9s/12m00.0s

running (08m11.0s), 01/12 VUs, 11486 complete and 0 interrupted iterations
oscillating   [  64% ] 01/12 VUs  07m42.9s/12m00.0s

running (08m12.0s), 01/12 VUs, 11508 complete and 0 interrupted iterations
oscillating   [  64% ] 01/12 VUs  07m43.9s/12m00.0s

running (08m13.0s), 01/12 VUs, 11513 complete and 0 interrupted iterations
oscillating   [  65% ] 01/12 VUs  07m44.9s/12m00.0s

running (08m14.0s), 01/12 VUs, 11530 complete and 0 interrupted iterations
oscillating   [  65% ] 01/12 VUs  07m45.9s/12m00.0s

running (08m15.0s), 01/12 VUs, 11547 complete and 0 interrupted iterations
oscillating   [  65% ] 01/12 VUs  07m46.9s/12m00.0s

running (08m16.0s), 01/12 VUs, 11554 complete and 0 interrupted iterations
oscillating   [  65% ] 01/12 VUs  07m47.9s/12m00.0s

running (08m17.0s), 01/12 VUs, 11597 complete and 0 interrupted iterations
oscillating   [  65% ] 01/12 VUs  07m48.9s/12m00.0s

running (08m18.0s), 01/12 VUs, 11617 complete and 0 interrupted iterations
oscillating   [  65% ] 01/12 VUs  07m49.9s/12m00.0s

running (08m19.0s), 01/12 VUs, 11623 complete and 0 interrupted iterations
oscillating   [  65% ] 01/12 VUs  07m50.9s/12m00.0s

running (08m20.0s), 01/12 VUs, 11650 complete and 0 interrupted iterations
oscillating   [  66% ] 01/12 VUs  07m51.9s/12m00.0s

running (08m21.0s), 01/12 VUs, 11653 complete and 0 interrupted iterations
oscillating   [  66% ] 01/12 VUs  07m52.9s/12m00.0s

running (08m22.0s), 01/12 VUs, 11682 complete and 0 interrupted iterations
oscillating   [  66% ] 01/12 VUs  07m53.9s/12m00.0s

running (08m23.0s), 01/12 VUs, 11698 complete and 0 interrupted iterations
oscillating   [  66% ] 01/12 VUs  07m54.9s/12m00.0s

running (08m24.0s), 01/12 VUs, 11714 complete and 0 interrupted iterations
oscillating   [  66% ] 01/12 VUs  07m55.9s/12m00.0s

running (08m25.0s), 01/12 VUs, 11734 complete and 0 interrupted iterations
oscillating   [  66% ] 01/12 VUs  07m56.9s/12m00.0s

running (08m26.0s), 01/12 VUs, 11748 complete and 0 interrupted iterations
oscillating   [  66% ] 01/12 VUs  07m57.9s/12m00.0s

running (08m27.0s), 01/12 VUs, 11753 complete and 0 interrupted iterations
oscillating   [  67% ] 01/12 VUs  07m58.9s/12m00.0s

running (08m28.0s), 01/12 VUs, 11768 complete and 0 interrupted iterations
oscillating   [  67% ] 01/12 VUs  07m59.9s/12m00.0s

running (08m29.0s), 01/12 VUs, 11772 complete and 0 interrupted iterations
oscillating   [  67% ] 01/12 VUs  08m00.9s/12m00.0s

running (08m30.0s), 03/12 VUs, 11785 complete and 0 interrupted iterations
oscillating   [  67% ] 03/12 VUs  08m01.9s/12m00.0s

running (08m31.0s), 04/12 VUs, 11829 complete and 0 interrupted iterations
oscillating   [  67% ] 04/12 VUs  08m02.9s/12m00.0s

running (08m32.0s), 05/12 VUs, 11845 complete and 0 interrupted iterations
oscillating   [  67% ] 05/12 VUs  08m03.9s/12m00.0s

running (08m33.0s), 06/12 VUs, 11883 complete and 0 interrupted iterations
oscillating   [  67% ] 06/12 VUs  08m04.9s/12m00.0s

running (08m34.0s), 07/12 VUs, 11910 complete and 0 interrupted iterations
oscillating   [  67% ] 07/12 VUs  08m05.9s/12m00.0s

running (08m35.0s), 08/12 VUs, 11956 complete and 0 interrupted iterations
oscillating   [  68% ] 08/12 VUs  08m06.9s/12m00.0s

running (08m36.0s), 09/12 VUs, 11971 complete and 0 interrupted iterations
oscillating   [  68% ] 09/12 VUs  08m07.9s/12m00.0s

running (08m37.0s), 10/12 VUs, 11989 complete and 0 interrupted iterations
oscillating   [  68% ] 10/12 VUs  08m08.9s/12m00.0s

running (08m38.0s), 11/12 VUs, 12024 complete and 0 interrupted iterations
oscillating   [  68% ] 11/12 VUs  08m09.9s/12m00.0s

running (08m39.0s), 12/12 VUs, 12048 complete and 0 interrupted iterations
oscillating   [  68% ] 12/12 VUs  08m10.9s/12m00.0s

running (08m40.0s), 12/12 VUs, 12081 complete and 0 interrupted iterations
oscillating   [  68% ] 12/12 VUs  08m11.9s/12m00.0s

running (08m41.0s), 12/12 VUs, 12110 complete and 0 interrupted iterations
oscillating   [  68% ] 12/12 VUs  08m12.9s/12m00.0s

running (08m42.0s), 12/12 VUs, 12122 complete and 0 interrupted iterations
oscillating   [  69% ] 12/12 VUs  08m13.9s/12m00.0s

running (08m43.0s), 12/12 VUs, 12142 complete and 0 interrupted iterations
oscillating   [  69% ] 12/12 VUs  08m14.9s/12m00.0s

running (08m44.0s), 12/12 VUs, 12178 complete and 0 interrupted iterations
oscillating   [  69% ] 12/12 VUs  08m15.9s/12m00.0s

running (08m45.0s), 12/12 VUs, 12213 complete and 0 interrupted iterations
oscillating   [  69% ] 12/12 VUs  08m16.9s/12m00.0s

running (08m46.0s), 12/12 VUs, 12245 complete and 0 interrupted iterations
oscillating   [  69% ] 12/12 VUs  08m17.9s/12m00.0s

running (08m47.0s), 12/12 VUs, 12264 complete and 0 interrupted iterations
oscillating   [  69% ] 12/12 VUs  08m18.9s/12m00.0s

running (08m48.0s), 12/12 VUs, 12282 complete and 0 interrupted iterations
oscillating   [  69% ] 12/12 VUs  08m19.9s/12m00.0s

running (08m49.0s), 12/12 VUs, 12282 complete and 0 interrupted iterations
oscillating   [  70% ] 12/12 VUs  08m20.9s/12m00.0s

running (08m50.0s), 12/12 VUs, 12304 complete and 0 interrupted iterations
oscillating   [  70% ] 12/12 VUs  08m21.9s/12m00.0s

running (08m51.0s), 12/12 VUs, 12318 complete and 0 interrupted iterations
oscillating   [  70% ] 12/12 VUs  08m22.9s/12m00.0s

running (08m52.0s), 12/12 VUs, 12345 complete and 0 interrupted iterations
oscillating   [  70% ] 12/12 VUs  08m23.9s/12m00.0s

running (08m53.0s), 12/12 VUs, 12389 complete and 0 interrupted iterations
oscillating   [  70% ] 12/12 VUs  08m24.9s/12m00.0s

running (08m54.0s), 12/12 VUs, 12427 complete and 0 interrupted iterations
oscillating   [  70% ] 12/12 VUs  08m25.9s/12m00.0s

running (08m55.0s), 12/12 VUs, 12462 complete and 0 interrupted iterations
oscillating   [  70% ] 12/12 VUs  08m26.9s/12m00.0s

running (08m56.0s), 12/12 VUs, 12484 complete and 0 interrupted iterations
oscillating   [  71% ] 12/12 VUs  08m27.9s/12m00.0s

running (08m57.0s), 12/12 VUs, 12501 complete and 0 interrupted iterations
oscillating   [  71% ] 12/12 VUs  08m28.9s/12m00.0s

running (08m58.0s), 12/12 VUs, 12560 complete and 0 interrupted iterations
oscillating   [  71% ] 12/12 VUs  08m29.9s/12m00.0s

running (08m59.0s), 12/12 VUs, 12586 complete and 0 interrupted iterations
oscillating   [  71% ] 12/12 VUs  08m30.9s/12m00.0s

running (09m00.0s), 12/12 VUs, 12636 complete and 0 interrupted iterations
oscillating   [  71% ] 12/12 VUs  08m31.9s/12m00.0s

running (09m01.0s), 12/12 VUs, 12676 complete and 0 interrupted iterations
oscillating   [  71% ] 12/12 VUs  08m32.9s/12m00.0s

running (09m02.0s), 12/12 VUs, 12709 complete and 0 interrupted iterations
oscillating   [  71% ] 12/12 VUs  08m33.9s/12m00.0s

running (09m03.0s), 12/12 VUs, 12759 complete and 0 interrupted iterations
oscillating   [  72% ] 12/12 VUs  08m34.9s/12m00.0s

running (09m04.0s), 12/12 VUs, 12774 complete and 0 interrupted iterations
oscillating   [  72% ] 12/12 VUs  08m35.9s/12m00.0s

running (09m05.0s), 12/12 VUs, 12800 complete and 0 interrupted iterations
oscillating   [  72% ] 12/12 VUs  08m36.9s/12m00.0s

running (09m06.0s), 12/12 VUs, 12838 complete and 0 interrupted iterations
oscillating   [  72% ] 12/12 VUs  08m37.9s/12m00.0s

running (09m07.0s), 12/12 VUs, 12879 complete and 0 interrupted iterations
oscillating   [  72% ] 12/12 VUs  08m38.9s/12m00.0s

running (09m08.0s), 12/12 VUs, 12917 complete and 0 interrupted iterations
oscillating   [  72% ] 12/12 VUs  08m39.9s/12m00.0s

running (09m09.0s), 12/12 VUs, 12953 complete and 0 interrupted iterations
oscillating   [  72% ] 12/12 VUs  08m40.9s/12m00.0s

running (09m10.0s), 12/12 VUs, 12993 complete and 0 interrupted iterations
oscillating   [  72% ] 12/12 VUs  08m41.9s/12m00.0s

running (09m11.0s), 12/12 VUs, 13061 complete and 0 interrupted iterations
oscillating   [  73% ] 12/12 VUs  08m42.9s/12m00.0s

running (09m12.0s), 12/12 VUs, 13096 complete and 0 interrupted iterations
oscillating   [  73% ] 12/12 VUs  08m43.9s/12m00.0s

running (09m13.0s), 12/12 VUs, 13124 complete and 0 interrupted iterations
oscillating   [  73% ] 12/12 VUs  08m44.9s/12m00.0s

running (09m14.0s), 12/12 VUs, 13182 complete and 0 interrupted iterations
oscillating   [  73% ] 12/12 VUs  08m45.9s/12m00.0s

running (09m15.0s), 12/12 VUs, 13222 complete and 0 interrupted iterations
oscillating   [  73% ] 12/12 VUs  08m46.9s/12m00.0s

running (09m16.0s), 12/12 VUs, 13264 complete and 0 interrupted iterations
oscillating   [  73% ] 12/12 VUs  08m47.9s/12m00.0s

running (09m17.0s), 12/12 VUs, 13300 complete and 0 interrupted iterations
oscillating   [  73% ] 12/12 VUs  08m48.9s/12m00.0s

running (09m18.0s), 12/12 VUs, 13317 complete and 0 interrupted iterations
oscillating   [  74% ] 12/12 VUs  08m49.9s/12m00.0s

running (09m19.0s), 12/12 VUs, 13354 complete and 0 interrupted iterations
oscillating   [  74% ] 12/12 VUs  08m50.9s/12m00.0s

running (09m20.0s), 12/12 VUs, 13390 complete and 0 interrupted iterations
oscillating   [  74% ] 12/12 VUs  08m51.9s/12m00.0s

running (09m21.0s), 12/12 VUs, 13425 complete and 0 interrupted iterations
oscillating   [  74% ] 12/12 VUs  08m52.9s/12m00.0s

running (09m22.0s), 12/12 VUs, 13471 complete and 0 interrupted iterations
oscillating   [  74% ] 12/12 VUs  08m53.9s/12m00.0s

running (09m23.0s), 12/12 VUs, 13554 complete and 0 interrupted iterations
oscillating   [  74% ] 12/12 VUs  08m54.9s/12m00.0s

running (09m24.0s), 12/12 VUs, 13617 complete and 0 interrupted iterations
oscillating   [  74% ] 12/12 VUs  08m55.9s/12m00.0s

running (09m25.0s), 12/12 VUs, 13652 complete and 0 interrupted iterations
oscillating   [  75% ] 12/12 VUs  08m56.9s/12m00.0s

running (09m26.0s), 12/12 VUs, 13693 complete and 0 interrupted iterations
oscillating   [  75% ] 12/12 VUs  08m57.9s/12m00.0s

running (09m27.0s), 12/12 VUs, 13754 complete and 0 interrupted iterations
oscillating   [  75% ] 12/12 VUs  08m58.9s/12m00.0s

running (09m28.0s), 12/12 VUs, 13796 complete and 0 interrupted iterations
oscillating   [  75% ] 12/12 VUs  08m59.9s/12m00.0s

running (09m29.0s), 12/12 VUs, 13848 complete and 0 interrupted iterations
oscillating   [  75% ] 12/12 VUs  09m00.9s/12m00.0s

running (09m30.0s), 12/12 VUs, 13875 complete and 0 interrupted iterations
oscillating   [  75% ] 12/12 VUs  09m01.9s/12m00.0s

running (09m31.0s), 12/12 VUs, 13925 complete and 0 interrupted iterations
oscillating   [  75% ] 12/12 VUs  09m02.9s/12m00.0s

running (09m32.0s), 12/12 VUs, 13994 complete and 0 interrupted iterations
oscillating   [  76% ] 12/12 VUs  09m03.9s/12m00.0s

running (09m33.0s), 12/12 VUs, 14033 complete and 0 interrupted iterations
oscillating   [  76% ] 12/12 VUs  09m04.9s/12m00.0s

running (09m34.0s), 12/12 VUs, 14062 complete and 0 interrupted iterations
oscillating   [  76% ] 12/12 VUs  09m05.9s/12m00.0s

running (09m35.0s), 12/12 VUs, 14075 complete and 0 interrupted iterations
oscillating   [  76% ] 12/12 VUs  09m06.9s/12m00.0s

running (09m36.0s), 12/12 VUs, 14120 complete and 0 interrupted iterations
oscillating   [  76% ] 12/12 VUs  09m07.9s/12m00.0s

running (09m37.0s), 12/12 VUs, 14174 complete and 0 interrupted iterations
oscillating   [  76% ] 12/12 VUs  09m08.9s/12m00.0s

running (09m38.0s), 12/12 VUs, 14232 complete and 0 interrupted iterations
oscillating   [  76% ] 12/12 VUs  09m09.9s/12m00.0s

running (09m39.0s), 12/12 VUs, 14257 complete and 0 interrupted iterations
oscillating   [  77% ] 12/12 VUs  09m10.9s/12m00.0s

running (09m40.0s), 12/12 VUs, 14265 complete and 0 interrupted iterations
oscillating   [  77% ] 12/12 VUs  09m11.9s/12m00.0s

running (09m41.0s), 12/12 VUs, 14328 complete and 0 interrupted iterations
oscillating   [  77% ] 12/12 VUs  09m12.9s/12m00.0s

running (09m42.0s), 12/12 VUs, 14373 complete and 0 interrupted iterations
oscillating   [  77% ] 12/12 VUs  09m13.9s/12m00.0s

running (09m43.0s), 12/12 VUs, 14414 complete and 0 interrupted iterations
oscillating   [  77% ] 12/12 VUs  09m14.9s/12m00.0s

running (09m44.0s), 11/12 VUs, 14468 complete and 0 interrupted iterations
oscillating   [  77% ] 11/12 VUs  09m15.9s/12m00.0s

running (09m45.0s), 11/12 VUs, 14520 complete and 0 interrupted iterations
oscillating   [  77% ] 11/12 VUs  09m16.9s/12m00.0s

running (09m46.0s), 11/12 VUs, 14583 complete and 0 interrupted iterations
oscillating   [  77% ] 11/12 VUs  09m17.9s/12m00.0s

running (09m47.0s), 11/12 VUs, 14622 complete and 0 interrupted iterations
oscillating   [  78% ] 11/12 VUs  09m18.9s/12m00.0s

running (09m48.0s), 11/12 VUs, 14642 complete and 0 interrupted iterations
oscillating   [  78% ] 11/12 VUs  09m19.9s/12m00.0s

running (09m49.0s), 11/12 VUs, 14688 complete and 0 interrupted iterations
oscillating   [  78% ] 11/12 VUs  09m20.9s/12m00.0s

running (09m50.0s), 11/12 VUs, 14726 complete and 0 interrupted iterations
oscillating   [  78% ] 11/12 VUs  09m21.9s/12m00.0s

running (09m51.0s), 11/12 VUs, 14748 complete and 0 interrupted iterations
oscillating   [  78% ] 11/12 VUs  09m22.9s/12m00.0s

running (09m52.0s), 11/12 VUs, 14793 complete and 0 interrupted iterations
oscillating   [  78% ] 11/12 VUs  09m23.9s/12m00.0s

running (09m53.0s), 11/12 VUs, 14824 complete and 0 interrupted iterations
oscillating   [  78% ] 11/12 VUs  09m24.9s/12m00.0s

running (09m54.0s), 11/12 VUs, 14854 complete and 0 interrupted iterations
oscillating   [  79% ] 11/12 VUs  09m25.9s/12m00.0s

running (09m55.0s), 11/12 VUs, 14897 complete and 0 interrupted iterations
oscillating   [  79% ] 11/12 VUs  09m26.9s/12m00.0s

running (09m56.0s), 11/12 VUs, 14947 complete and 0 interrupted iterations
oscillating   [  79% ] 11/12 VUs  09m27.9s/12m00.0s

running (09m57.0s), 11/12 VUs, 14984 complete and 0 interrupted iterations
oscillating   [  79% ] 11/12 VUs  09m28.9s/12m00.0s

running (09m58.0s), 11/12 VUs, 15042 complete and 0 interrupted iterations
oscillating   [  79% ] 11/12 VUs  09m29.9s/12m00.0s

running (09m59.0s), 11/12 VUs, 15121 complete and 0 interrupted iterations
oscillating   [  79% ] 11/12 VUs  09m30.9s/12m00.0s

running (10m00.0s), 10/12 VUs, 15159 complete and 0 interrupted iterations
oscillating   [  79% ] 10/12 VUs  09m31.9s/12m00.0s

running (10m01.0s), 10/12 VUs, 15203 complete and 0 interrupted iterations
oscillating   [  80% ] 10/12 VUs  09m32.9s/12m00.0s

running (10m02.0s), 10/12 VUs, 15252 complete and 0 interrupted iterations
oscillating   [  80% ] 10/12 VUs  09m33.9s/12m00.0s

running (10m03.0s), 10/12 VUs, 15315 complete and 0 interrupted iterations
oscillating   [  80% ] 10/12 VUs  09m34.9s/12m00.0s

running (10m04.0s), 10/12 VUs, 15351 complete and 0 interrupted iterations
oscillating   [  80% ] 10/12 VUs  09m35.9s/12m00.0s

running (10m05.0s), 10/12 VUs, 15395 complete and 0 interrupted iterations
oscillating   [  80% ] 10/12 VUs  09m36.9s/12m00.0s

running (10m06.0s), 10/12 VUs, 15462 complete and 0 interrupted iterations
oscillating   [  80% ] 10/12 VUs  09m37.9s/12m00.0s

running (10m07.0s), 10/12 VUs, 15496 complete and 0 interrupted iterations
oscillating   [  80% ] 10/12 VUs  09m38.9s/12m00.0s

running (10m08.0s), 10/12 VUs, 15540 complete and 0 interrupted iterations
oscillating   [  81% ] 10/12 VUs  09m39.9s/12m00.0s

running (10m09.0s), 10/12 VUs, 15563 complete and 0 interrupted iterations
oscillating   [  81% ] 10/12 VUs  09m40.9s/12m00.0s

running (10m10.0s), 10/12 VUs, 15568 complete and 0 interrupted iterations
oscillating   [  81% ] 10/12 VUs  09m41.9s/12m00.0s

running (10m11.0s), 10/12 VUs, 15585 complete and 0 interrupted iterations
oscillating   [  81% ] 10/12 VUs  09m42.9s/12m00.0s

running (10m12.0s), 10/12 VUs, 15611 complete and 0 interrupted iterations
oscillating   [  81% ] 10/12 VUs  09m43.9s/12m00.0s

running (10m13.0s), 10/12 VUs, 15701 complete and 0 interrupted iterations
oscillating   [  81% ] 10/12 VUs  09m44.9s/12m00.0s

running (10m14.0s), 09/12 VUs, 15739 complete and 0 interrupted iterations
oscillating   [  81% ] 09/12 VUs  09m45.9s/12m00.0s

running (10m15.0s), 09/12 VUs, 15768 complete and 0 interrupted iterations
oscillating   [  82% ] 09/12 VUs  09m46.9s/12m00.0s

running (10m16.0s), 09/12 VUs, 15810 complete and 0 interrupted iterations
oscillating   [  82% ] 09/12 VUs  09m47.9s/12m00.0s

running (10m17.0s), 09/12 VUs, 15872 complete and 0 interrupted iterations
oscillating   [  82% ] 09/12 VUs  09m48.9s/12m00.0s

running (10m18.0s), 09/12 VUs, 15910 complete and 0 interrupted iterations
oscillating   [  82% ] 09/12 VUs  09m49.9s/12m00.0s

running (10m19.0s), 09/12 VUs, 15950 complete and 0 interrupted iterations
oscillating   [  82% ] 09/12 VUs  09m50.9s/12m00.0s

running (10m20.0s), 09/12 VUs, 16012 complete and 0 interrupted iterations
oscillating   [  82% ] 09/12 VUs  09m51.9s/12m00.0s

running (10m21.0s), 09/12 VUs, 16035 complete and 0 interrupted iterations
oscillating   [  82% ] 09/12 VUs  09m52.9s/12m00.0s

running (10m22.0s), 09/12 VUs, 16076 complete and 0 interrupted iterations
oscillating   [  82% ] 09/12 VUs  09m53.9s/12m00.0s

running (10m23.0s), 09/12 VUs, 16108 complete and 0 interrupted iterations
oscillating   [  83% ] 09/12 VUs  09m54.9s/12m00.0s

running (10m24.0s), 09/12 VUs, 16156 complete and 0 interrupted iterations
oscillating   [  83% ] 09/12 VUs  09m55.9s/12m00.0s

running (10m25.0s), 09/12 VUs, 16203 complete and 0 interrupted iterations
oscillating   [  83% ] 09/12 VUs  09m56.9s/12m00.0s

running (10m26.0s), 09/12 VUs, 16235 complete and 0 interrupted iterations
oscillating   [  83% ] 09/12 VUs  09m57.9s/12m00.0s

running (10m27.0s), 09/12 VUs, 16264 complete and 0 interrupted iterations
oscillating   [  83% ] 09/12 VUs  09m58.9s/12m00.0s

running (10m28.0s), 09/12 VUs, 16291 complete and 0 interrupted iterations
oscillating   [  83% ] 09/12 VUs  09m59.9s/12m00.0s

running (10m29.0s), 08/12 VUs, 16318 complete and 0 interrupted iterations
oscillating   [  83% ] 08/12 VUs  10m00.9s/12m00.0s

running (10m30.0s), 08/12 VUs, 16358 complete and 0 interrupted iterations
oscillating   [  84% ] 08/12 VUs  10m01.9s/12m00.0s

running (10m31.0s), 08/12 VUs, 16372 complete and 0 interrupted iterations
oscillating   [  84% ] 08/12 VUs  10m02.9s/12m00.0s

running (10m32.0s), 08/12 VUs, 16394 complete and 0 interrupted iterations
oscillating   [  84% ] 08/12 VUs  10m03.9s/12m00.0s

running (10m33.0s), 08/12 VUs, 16407 complete and 0 interrupted iterations
oscillating   [  84% ] 08/12 VUs  10m04.9s/12m00.0s

running (10m34.0s), 08/12 VUs, 16440 complete and 0 interrupted iterations
oscillating   [  84% ] 08/12 VUs  10m05.9s/12m00.0s

running (10m35.0s), 08/12 VUs, 16483 complete and 0 interrupted iterations
oscillating   [  84% ] 08/12 VUs  10m06.9s/12m00.0s

running (10m36.0s), 08/12 VUs, 16550 complete and 0 interrupted iterations
oscillating   [  84% ] 08/12 VUs  10m07.9s/12m00.0s

running (10m37.0s), 08/12 VUs, 16581 complete and 0 interrupted iterations
oscillating   [  85% ] 08/12 VUs  10m08.9s/12m00.0s

running (10m38.0s), 08/12 VUs, 16645 complete and 0 interrupted iterations
oscillating   [  85% ] 08/12 VUs  10m09.9s/12m00.0s

running (10m39.0s), 08/12 VUs, 16684 complete and 0 interrupted iterations
oscillating   [  85% ] 08/12 VUs  10m10.9s/12m00.0s

running (10m40.0s), 08/12 VUs, 16734 complete and 0 interrupted iterations
oscillating   [  85% ] 08/12 VUs  10m11.9s/12m00.0s

running (10m41.0s), 08/12 VUs, 16791 complete and 0 interrupted iterations
oscillating   [  85% ] 08/12 VUs  10m12.9s/12m00.0s

running (10m42.0s), 08/12 VUs, 16821 complete and 0 interrupted iterations
oscillating   [  85% ] 08/12 VUs  10m13.9s/12m00.0s

running (10m43.0s), 08/12 VUs, 16868 complete and 0 interrupted iterations
oscillating   [  85% ] 08/12 VUs  10m14.9s/12m00.0s

running (10m44.0s), 08/12 VUs, 16904 complete and 0 interrupted iterations
oscillating   [  86% ] 08/12 VUs  10m15.9s/12m00.0s

running (10m45.0s), 07/12 VUs, 17005 complete and 0 interrupted iterations
oscillating   [  86% ] 07/12 VUs  10m16.9s/12m00.0s

running (10m46.0s), 07/12 VUs, 17077 complete and 0 interrupted iterations
oscillating   [  86% ] 07/12 VUs  10m17.9s/12m00.0s

running (10m47.0s), 07/12 VUs, 17082 complete and 0 interrupted iterations
oscillating   [  86% ] 07/12 VUs  10m18.9s/12m00.0s

running (10m48.0s), 07/12 VUs, 17122 complete and 0 interrupted iterations
oscillating   [  86% ] 07/12 VUs  10m19.9s/12m00.0s

running (10m49.0s), 07/12 VUs, 17197 complete and 0 interrupted iterations
oscillating   [  86% ] 07/12 VUs  10m20.9s/12m00.0s

running (10m50.0s), 07/12 VUs, 17259 complete and 0 interrupted iterations
oscillating   [  86% ] 07/12 VUs  10m21.9s/12m00.0s

running (10m51.0s), 07/12 VUs, 17310 complete and 0 interrupted iterations
oscillating   [  87% ] 07/12 VUs  10m22.9s/12m00.0s

running (10m52.0s), 07/12 VUs, 17379 complete and 0 interrupted iterations
oscillating   [  87% ] 07/12 VUs  10m23.9s/12m00.0s

running (10m53.0s), 07/12 VUs, 17411 complete and 0 interrupted iterations
oscillating   [  87% ] 07/12 VUs  10m24.9s/12m00.0s

running (10m54.0s), 07/12 VUs, 17452 complete and 0 interrupted iterations
oscillating   [  87% ] 07/12 VUs  10m25.9s/12m00.0s

running (10m55.0s), 07/12 VUs, 17469 complete and 0 interrupted iterations
oscillating   [  87% ] 07/12 VUs  10m26.9s/12m00.0s

running (10m56.0s), 07/12 VUs, 17494 complete and 0 interrupted iterations
oscillating   [  87% ] 07/12 VUs  10m27.9s/12m00.0s

running (10m57.0s), 07/12 VUs, 17525 complete and 0 interrupted iterations
oscillating   [  87% ] 07/12 VUs  10m28.9s/12m00.0s

running (10m58.0s), 07/12 VUs, 17563 complete and 0 interrupted iterations
oscillating   [  87% ] 07/12 VUs  10m29.9s/12m00.0s

running (10m59.0s), 06/12 VUs, 17595 complete and 0 interrupted iterations
oscillating   [  88% ] 06/12 VUs  10m30.9s/12m00.0s

running (11m00.0s), 06/12 VUs, 17646 complete and 0 interrupted iterations
oscillating   [  88% ] 06/12 VUs  10m31.9s/12m00.0s

running (11m01.0s), 06/12 VUs, 17664 complete and 0 interrupted iterations
oscillating   [  88% ] 06/12 VUs  10m32.9s/12m00.0s

running (11m02.0s), 06/12 VUs, 17696 complete and 0 interrupted iterations
oscillating   [  88% ] 06/12 VUs  10m33.9s/12m00.0s

running (11m03.0s), 06/12 VUs, 17753 complete and 0 interrupted iterations
oscillating   [  88% ] 06/12 VUs  10m34.9s/12m00.0s

running (11m04.0s), 06/12 VUs, 17783 complete and 0 interrupted iterations
oscillating   [  88% ] 06/12 VUs  10m35.9s/12m00.0s

running (11m05.0s), 06/12 VUs, 17850 complete and 0 interrupted iterations
oscillating   [  88% ] 06/12 VUs  10m36.9s/12m00.0s

running (11m06.0s), 06/12 VUs, 17889 complete and 0 interrupted iterations
oscillating   [  89% ] 06/12 VUs  10m37.9s/12m00.0s

running (11m07.0s), 06/12 VUs, 17931 complete and 0 interrupted iterations
oscillating   [  89% ] 06/12 VUs  10m38.9s/12m00.0s

running (11m08.0s), 06/12 VUs, 17979 complete and 0 interrupted iterations
oscillating   [  89% ] 06/12 VUs  10m39.9s/12m00.0s

running (11m09.0s), 06/12 VUs, 18009 complete and 0 interrupted iterations
oscillating   [  89% ] 06/12 VUs  10m40.9s/12m00.0s

running (11m10.0s), 06/12 VUs, 18030 complete and 0 interrupted iterations
oscillating   [  89% ] 06/12 VUs  10m41.9s/12m00.0s

running (11m11.0s), 06/12 VUs, 18078 complete and 0 interrupted iterations
oscillating   [  89% ] 06/12 VUs  10m42.9s/12m00.0s

running (11m12.0s), 06/12 VUs, 18112 complete and 0 interrupted iterations
oscillating   [  89% ] 06/12 VUs  10m43.9s/12m00.0s

running (11m13.0s), 06/12 VUs, 18205 complete and 0 interrupted iterations
oscillating   [  90% ] 06/12 VUs  10m44.9s/12m00.0s

running (11m14.0s), 05/12 VUs, 18230 complete and 0 interrupted iterations
oscillating   [  90% ] 05/12 VUs  10m45.9s/12m00.0s

running (11m15.0s), 05/12 VUs, 18259 complete and 0 interrupted iterations
oscillating   [  90% ] 05/12 VUs  10m46.9s/12m00.0s

running (11m16.0s), 05/12 VUs, 18263 complete and 0 interrupted iterations
oscillating   [  90% ] 05/12 VUs  10m47.9s/12m00.0s

running (11m17.0s), 05/12 VUs, 18273 complete and 0 interrupted iterations
oscillating   [  90% ] 05/12 VUs  10m48.9s/12m00.0s

running (11m18.0s), 05/12 VUs, 18318 complete and 0 interrupted iterations
oscillating   [  90% ] 05/12 VUs  10m49.9s/12m00.0s

running (11m19.0s), 05/12 VUs, 18340 complete and 0 interrupted iterations
oscillating   [  90% ] 05/12 VUs  10m50.9s/12m00.0s

running (11m20.0s), 05/12 VUs, 18360 complete and 0 interrupted iterations
oscillating   [  91% ] 05/12 VUs  10m51.9s/12m00.0s

running (11m21.0s), 05/12 VUs, 18399 complete and 0 interrupted iterations
oscillating   [  91% ] 05/12 VUs  10m52.9s/12m00.0s

running (11m22.0s), 05/12 VUs, 18445 complete and 0 interrupted iterations
oscillating   [  91% ] 05/12 VUs  10m53.9s/12m00.0s

running (11m23.0s), 05/12 VUs, 18493 complete and 0 interrupted iterations
oscillating   [  91% ] 05/12 VUs  10m54.9s/12m00.0s

running (11m24.0s), 05/12 VUs, 18527 complete and 0 interrupted iterations
oscillating   [  91% ] 05/12 VUs  10m55.9s/12m00.0s

running (11m25.0s), 05/12 VUs, 18557 complete and 0 interrupted iterations
oscillating   [  91% ] 05/12 VUs  10m56.9s/12m00.0s

running (11m26.0s), 05/12 VUs, 18579 complete and 0 interrupted iterations
oscillating   [  91% ] 05/12 VUs  10m57.9s/12m00.0s

running (11m27.0s), 05/12 VUs, 18628 complete and 0 interrupted iterations
oscillating   [  92% ] 05/12 VUs  10m58.9s/12m00.0s

running (11m28.0s), 05/12 VUs, 18632 complete and 0 interrupted iterations
oscillating   [  92% ] 05/12 VUs  10m59.9s/12m00.0s

running (11m29.0s), 05/12 VUs, 18661 complete and 0 interrupted iterations
oscillating   [  92% ] 05/12 VUs  11m00.9s/12m00.0s

running (11m30.0s), 04/12 VUs, 18679 complete and 0 interrupted iterations
oscillating   [  92% ] 04/12 VUs  11m01.9s/12m00.0s

running (11m31.0s), 04/12 VUs, 18690 complete and 0 interrupted iterations
oscillating   [  92% ] 04/12 VUs  11m02.9s/12m00.0s

running (11m32.0s), 04/12 VUs, 18714 complete and 0 interrupted iterations
oscillating   [  92% ] 04/12 VUs  11m03.9s/12m00.0s

running (11m33.0s), 04/12 VUs, 18725 complete and 0 interrupted iterations
oscillating   [  92% ] 04/12 VUs  11m04.9s/12m00.0s

running (11m34.0s), 04/12 VUs, 18777 complete and 0 interrupted iterations
oscillating   [  92% ] 04/12 VUs  11m05.9s/12m00.0s

running (11m35.0s), 04/12 VUs, 18803 complete and 0 interrupted iterations
oscillating   [  93% ] 04/12 VUs  11m06.9s/12m00.0s

running (11m36.0s), 04/12 VUs, 18841 complete and 0 interrupted iterations
oscillating   [  93% ] 04/12 VUs  11m07.9s/12m00.0s

running (11m37.0s), 04/12 VUs, 18894 complete and 0 interrupted iterations
oscillating   [  93% ] 04/12 VUs  11m08.9s/12m00.0s

running (11m38.0s), 04/12 VUs, 18916 complete and 0 interrupted iterations
oscillating   [  93% ] 04/12 VUs  11m09.9s/12m00.0s

running (11m39.0s), 04/12 VUs, 18933 complete and 0 interrupted iterations
oscillating   [  93% ] 04/12 VUs  11m10.9s/12m00.0s

running (11m40.0s), 04/12 VUs, 18983 complete and 0 interrupted iterations
oscillating   [  93% ] 04/12 VUs  11m11.9s/12m00.0s

running (11m41.0s), 04/12 VUs, 19027 complete and 0 interrupted iterations
oscillating   [  93% ] 04/12 VUs  11m12.9s/12m00.0s

running (11m42.0s), 04/12 VUs, 19057 complete and 0 interrupted iterations
oscillating   [  94% ] 04/12 VUs  11m13.9s/12m00.0s

running (11m43.0s), 04/12 VUs, 19058 complete and 0 interrupted iterations
oscillating   [  94% ] 04/12 VUs  11m14.9s/12m00.0s

running (11m44.0s), 03/12 VUs, 19065 complete and 0 interrupted iterations
oscillating   [  94% ] 03/12 VUs  11m15.9s/12m00.0s

running (11m45.0s), 03/12 VUs, 19099 complete and 0 interrupted iterations
oscillating   [  94% ] 03/12 VUs  11m16.9s/12m00.0s

running (11m46.0s), 03/12 VUs, 19129 complete and 0 interrupted iterations
oscillating   [  94% ] 03/12 VUs  11m17.9s/12m00.0s

running (11m47.0s), 03/12 VUs, 19176 complete and 0 interrupted iterations
oscillating   [  94% ] 03/12 VUs  11m18.9s/12m00.0s

running (11m48.0s), 03/12 VUs, 19192 complete and 0 interrupted iterations
oscillating   [  94% ] 03/12 VUs  11m19.9s/12m00.0s

running (11m49.0s), 03/12 VUs, 19213 complete and 0 interrupted iterations
oscillating   [  95% ] 03/12 VUs  11m20.9s/12m00.0s

running (11m50.0s), 03/12 VUs, 19234 complete and 0 interrupted iterations
oscillating   [  95% ] 03/12 VUs  11m21.9s/12m00.0s

running (11m51.0s), 03/12 VUs, 19260 complete and 0 interrupted iterations
oscillating   [  95% ] 03/12 VUs  11m22.9s/12m00.0s

running (11m52.0s), 03/12 VUs, 19271 complete and 0 interrupted iterations
oscillating   [  95% ] 03/12 VUs  11m23.9s/12m00.0s

running (11m53.0s), 03/12 VUs, 19290 complete and 0 interrupted iterations
oscillating   [  95% ] 03/12 VUs  11m24.9s/12m00.0s

running (11m54.0s), 03/12 VUs, 19318 complete and 0 interrupted iterations
oscillating   [  95% ] 03/12 VUs  11m25.9s/12m00.0s

running (11m55.0s), 03/12 VUs, 19341 complete and 0 interrupted iterations
oscillating   [  95% ] 03/12 VUs  11m26.9s/12m00.0s

running (11m56.0s), 03/12 VUs, 19395 complete and 0 interrupted iterations
oscillating   [  96% ] 03/12 VUs  11m27.9s/12m00.0s

running (11m57.0s), 03/12 VUs, 19409 complete and 0 interrupted iterations
oscillating   [  96% ] 03/12 VUs  11m28.9s/12m00.0s

running (11m58.0s), 03/12 VUs, 19431 complete and 0 interrupted iterations
oscillating   [  96% ] 03/12 VUs  11m29.9s/12m00.0s

running (11m59.0s), 02/12 VUs, 19438 complete and 0 interrupted iterations
oscillating   [  96% ] 02/12 VUs  11m30.9s/12m00.0s

running (12m00.0s), 02/12 VUs, 19500 complete and 0 interrupted iterations
oscillating   [  96% ] 02/12 VUs  11m31.9s/12m00.0s

running (12m01.0s), 02/12 VUs, 19513 complete and 0 interrupted iterations
oscillating   [  96% ] 02/12 VUs  11m32.9s/12m00.0s

running (12m02.0s), 02/12 VUs, 19518 complete and 0 interrupted iterations
oscillating   [  96% ] 02/12 VUs  11m33.9s/12m00.0s

running (12m03.0s), 02/12 VUs, 19535 complete and 0 interrupted iterations
oscillating   [  97% ] 02/12 VUs  11m34.9s/12m00.0s

running (12m04.0s), 02/12 VUs, 19546 complete and 0 interrupted iterations
oscillating   [  97% ] 02/12 VUs  11m35.9s/12m00.0s

running (12m05.0s), 02/12 VUs, 19558 complete and 0 interrupted iterations
oscillating   [  97% ] 02/12 VUs  11m36.9s/12m00.0s

running (12m06.0s), 02/12 VUs, 19613 complete and 0 interrupted iterations
oscillating   [  97% ] 02/12 VUs  11m37.9s/12m00.0s

running (12m07.0s), 02/12 VUs, 19635 complete and 0 interrupted iterations
oscillating   [  97% ] 02/12 VUs  11m38.9s/12m00.0s

running (12m08.0s), 02/12 VUs, 19661 complete and 0 interrupted iterations
oscillating   [  97% ] 02/12 VUs  11m39.9s/12m00.0s

running (12m09.0s), 02/12 VUs, 19680 complete and 0 interrupted iterations
oscillating   [  97% ] 02/12 VUs  11m40.9s/12m00.0s

running (12m10.0s), 02/12 VUs, 19690 complete and 0 interrupted iterations
oscillating   [  97% ] 02/12 VUs  11m41.9s/12m00.0s

running (12m11.0s), 02/12 VUs, 19734 complete and 0 interrupted iterations
oscillating   [  98% ] 02/12 VUs  11m42.9s/12m00.0s

running (12m12.0s), 02/12 VUs, 19769 complete and 0 interrupted iterations
oscillating   [  98% ] 02/12 VUs  11m43.9s/12m00.0s

running (12m13.0s), 02/12 VUs, 19795 complete and 0 interrupted iterations
oscillating   [  98% ] 02/12 VUs  11m44.9s/12m00.0s

running (12m14.0s), 01/12 VUs, 19806 complete and 0 interrupted iterations
oscillating   [  98% ] 01/12 VUs  11m45.9s/12m00.0s

running (12m15.0s), 01/12 VUs, 19817 complete and 0 interrupted iterations
oscillating   [  98% ] 01/12 VUs  11m46.9s/12m00.0s

running (12m16.0s), 01/12 VUs, 19830 complete and 0 interrupted iterations
oscillating   [  98% ] 01/12 VUs  11m47.9s/12m00.0s

running (12m17.0s), 01/12 VUs, 19840 complete and 0 interrupted iterations
oscillating   [  98% ] 01/12 VUs  11m48.9s/12m00.0s

running (12m18.0s), 01/12 VUs, 19850 complete and 0 interrupted iterations
oscillating   [  99% ] 01/12 VUs  11m49.9s/12m00.0s

running (12m19.0s), 01/12 VUs, 19862 complete and 0 interrupted iterations
oscillating   [  99% ] 01/12 VUs  11m50.9s/12m00.0s

running (12m20.0s), 01/12 VUs, 19873 complete and 0 interrupted iterations
oscillating   [  99% ] 01/12 VUs  11m51.9s/12m00.0s

running (12m21.0s), 01/12 VUs, 19884 complete and 0 interrupted iterations
oscillating   [  99% ] 01/12 VUs  11m52.9s/12m00.0s

running (12m22.0s), 01/12 VUs, 19894 complete and 0 interrupted iterations
oscillating   [  99% ] 01/12 VUs  11m53.9s/12m00.0s

running (12m23.0s), 01/12 VUs, 19917 complete and 0 interrupted iterations
oscillating   [  99% ] 01/12 VUs  11m54.9s/12m00.0s

running (12m24.0s), 01/12 VUs, 19945 complete and 0 interrupted iterations
oscillating   [  99% ] 01/12 VUs  11m55.9s/12m00.0s

running (12m25.0s), 01/12 VUs, 19976 complete and 0 interrupted iterations
oscillating   [ 100% ] 01/12 VUs  11m56.9s/12m00.0s

running (12m26.0s), 01/12 VUs, 19982 complete and 0 interrupted iterations
oscillating   [ 100% ] 01/12 VUs  11m57.9s/12m00.0s

running (12m27.0s), 01/12 VUs, 20018 complete and 0 interrupted iterations
oscillating   [ 100% ] 01/12 VUs  11m58.9s/12m00.0s

running (12m28.0s), 01/12 VUs, 20052 complete and 0 interrupted iterations
oscillating   [ 100% ] 01/12 VUs  11m59.9s/12m00.0s


  █ THRESHOLDS 

    http_req_duration
    ✓ 'p(95)<2000' p(95)=1.29s

    http_req_failed
    ✓ 'rate<0.05' rate=0.00%


  █ TOTAL RESULTS 

    checks_total.......: 60159  80.378841/s
    checks_succeeded...: 97.83% 58854 out of 60159
    checks_failed......: 2.16%  1305 out of 60159

    ✓ me status is 200
    ✓ me returns user data
    ✗ me response time < 500ms
      ↳  99% — ✓ 13949 / ✗ 33
    ✓ login status is 200
    ✓ login returns access token
    ✗ login response time < 1000ms
      ↳  79% — ✓ 4799 / ✗ 1272

    HTTP
    http_req_duration..............: avg=214.08ms min=2.12ms med=12.74ms max=7.17s p(90)=526.92ms p(95)=1.29s
      { expected_response:true }...: avg=214.08ms min=2.12ms med=12.74ms max=7.17s p(90)=526.92ms p(95)=1.29s
    http_req_failed................: 0.00%  0 out of 20173
    http_reqs......................: 20173  26.95328/s

    EXECUTION
    iteration_duration.............: avg=214.75ms min=2.76ms med=13.39ms max=7.17s p(90)=527.16ms p(95)=1.3s 
    iterations.....................: 20053  26.792947/s
    vus............................: 1      min=0          max=12
    vus_max........................: 12     min=12         max=12

    NETWORK
    data_received..................: 11 MB  14 kB/s
    data_sent......................: 9.8 MB 13 kB/s




running (12m28.4s), 00/12 VUs, 20053 complete and 0 interrupted iterations
oscillating ✓ [ 100% ] 00/12 VUs  12m0s
