
         /\      Grafana   /‾‾/  
    /\  /  \     |\  __   /  /   
   /  \/    \    | |/ /  /   ‾‾\ 
  /          \   |   (  |  (‾)  |
 / __________ \  |_|\_\  \_____/ 


     execution: local
        script: /scripts/load-test.js
        output: json (/results/results.json)

     scenarios: (100.00%) 1 scenario, 12 max VUs, 12m30s max duration (incl. graceful stop):
              * sudden_spike: Up to 12 looping VUs for 12m0s over 5 stages (gracefulRampDown: 30s, gracefulStop: 30s)

time="2026-08-17T04:26:05Z" level=info msg="Seeding and pre-authenticating 120 users..." source=console

Run            [ 100% ] setup()
sudden_spike   [   0% ]

Run            [ 100% ] setup()
sudden_spike   [   0% ]

Run            [ 100% ] setup()
sudden_spike   [   0% ]

Run            [ 100% ] setup()
sudden_spike   [   0% ]

Run            [ 100% ] setup()
sudden_spike   [   0% ]

Run            [ 100% ] setup()
sudden_spike   [   0% ]

Run            [ 100% ] setup()
sudden_spike   [   0% ]

Run            [ 100% ] setup()
sudden_spike   [   0% ]

Run            [ 100% ] setup()
sudden_spike   [   0% ]

Run            [ 100% ] setup()
sudden_spike   [   0% ]

Run            [ 100% ] setup()
sudden_spike   [   0% ]

Run            [ 100% ] setup()
sudden_spike   [   0% ]

Run            [ 100% ] setup()
sudden_spike   [   0% ]

Run            [ 100% ] setup()
sudden_spike   [   0% ]

Run            [ 100% ] setup()
sudden_spike   [   0% ]

Run            [ 100% ] setup()
sudden_spike   [   0% ]

Run            [ 100% ] setup()
sudden_spike   [   0% ]

Run            [ 100% ] setup()
sudden_spike   [   0% ]

Run            [ 100% ] setup()
sudden_spike   [   0% ]

Run            [ 100% ] setup()
sudden_spike   [   0% ]

Run            [ 100% ] setup()
sudden_spike   [   0% ]

Run            [ 100% ] setup()
sudden_spike   [   0% ]

Run            [ 100% ] setup()
sudden_spike   [   0% ]

Run            [ 100% ] setup()
sudden_spike   [   0% ]

Run            [ 100% ] setup()
sudden_spike   [   0% ]

Run            [ 100% ] setup()
sudden_spike   [   0% ]

Run            [ 100% ] setup()
sudden_spike   [   0% ]

Run            [ 100% ] setup()
sudden_spike   [   0% ]
time="2026-08-17T04:26:33Z" level=info msg="Pre-auth complete: 120/120 tokens obtained" source=console

running (00m29.0s), 01/12 VUs, 9 complete and 0 interrupted iterations
sudden_spike   [   0% ] 01/12 VUs  00m00.8s/12m00.0s

running (00m30.0s), 01/12 VUs, 25 complete and 0 interrupted iterations
sudden_spike   [   0% ] 01/12 VUs  00m01.8s/12m00.0s

running (00m31.0s), 01/12 VUs, 30 complete and 0 interrupted iterations
sudden_spike   [   0% ] 01/12 VUs  00m02.8s/12m00.0s

running (00m32.0s), 01/12 VUs, 36 complete and 0 interrupted iterations
sudden_spike   [   1% ] 01/12 VUs  00m03.8s/12m00.0s

running (00m33.0s), 01/12 VUs, 52 complete and 0 interrupted iterations
sudden_spike   [   1% ] 01/12 VUs  00m04.8s/12m00.0s

running (00m34.0s), 01/12 VUs, 60 complete and 0 interrupted iterations
sudden_spike   [   1% ] 01/12 VUs  00m05.8s/12m00.0s

running (00m35.0s), 01/12 VUs, 70 complete and 0 interrupted iterations
sudden_spike   [   1% ] 01/12 VUs  00m06.8s/12m00.0s

running (00m36.0s), 01/12 VUs, 76 complete and 0 interrupted iterations
sudden_spike   [   1% ] 01/12 VUs  00m07.8s/12m00.0s

running (00m37.0s), 01/12 VUs, 78 complete and 0 interrupted iterations
sudden_spike   [   1% ] 01/12 VUs  00m08.8s/12m00.0s

running (00m38.0s), 01/12 VUs, 86 complete and 0 interrupted iterations
sudden_spike   [   1% ] 01/12 VUs  00m09.8s/12m00.0s

running (00m39.0s), 01/12 VUs, 88 complete and 0 interrupted iterations
sudden_spike   [   1% ] 01/12 VUs  00m10.8s/12m00.0s

running (00m40.0s), 01/12 VUs, 95 complete and 0 interrupted iterations
sudden_spike   [   2% ] 01/12 VUs  00m11.8s/12m00.0s

running (00m41.0s), 01/12 VUs, 117 complete and 0 interrupted iterations
sudden_spike   [   2% ] 01/12 VUs  00m12.8s/12m00.0s

running (00m42.0s), 01/12 VUs, 125 complete and 0 interrupted iterations
sudden_spike   [   2% ] 01/12 VUs  00m13.8s/12m00.0s

running (00m43.0s), 01/12 VUs, 126 complete and 0 interrupted iterations
sudden_spike   [   2% ] 01/12 VUs  00m14.8s/12m00.0s

running (00m44.0s), 01/12 VUs, 142 complete and 0 interrupted iterations
sudden_spike   [   2% ] 01/12 VUs  00m15.8s/12m00.0s

running (00m45.0s), 01/12 VUs, 166 complete and 0 interrupted iterations
sudden_spike   [   2% ] 01/12 VUs  00m16.8s/12m00.0s

running (00m46.0s), 01/12 VUs, 177 complete and 0 interrupted iterations
sudden_spike   [   2% ] 01/12 VUs  00m17.8s/12m00.0s

running (00m47.0s), 01/12 VUs, 196 complete and 0 interrupted iterations
sudden_spike   [   3% ] 01/12 VUs  00m18.8s/12m00.0s

running (00m48.0s), 01/12 VUs, 209 complete and 0 interrupted iterations
sudden_spike   [   3% ] 01/12 VUs  00m19.8s/12m00.0s

running (00m49.0s), 01/12 VUs, 213 complete and 0 interrupted iterations
sudden_spike   [   3% ] 01/12 VUs  00m20.8s/12m00.0s

running (00m50.0s), 01/12 VUs, 222 complete and 0 interrupted iterations
sudden_spike   [   3% ] 01/12 VUs  00m21.8s/12m00.0s

running (00m51.0s), 01/12 VUs, 225 complete and 0 interrupted iterations
sudden_spike   [   3% ] 01/12 VUs  00m22.8s/12m00.0s

running (00m52.0s), 01/12 VUs, 256 complete and 0 interrupted iterations
sudden_spike   [   3% ] 01/12 VUs  00m23.8s/12m00.0s

running (00m53.0s), 01/12 VUs, 272 complete and 0 interrupted iterations
sudden_spike   [   3% ] 01/12 VUs  00m24.8s/12m00.0s

running (00m54.0s), 01/12 VUs, 286 complete and 0 interrupted iterations
sudden_spike   [   4% ] 01/12 VUs  00m25.8s/12m00.0s

running (00m55.0s), 01/12 VUs, 290 complete and 0 interrupted iterations
sudden_spike   [   4% ] 01/12 VUs  00m26.8s/12m00.0s

running (00m56.0s), 01/12 VUs, 298 complete and 0 interrupted iterations
sudden_spike   [   4% ] 01/12 VUs  00m27.8s/12m00.0s

running (00m57.0s), 01/12 VUs, 318 complete and 0 interrupted iterations
sudden_spike   [   4% ] 01/12 VUs  00m28.8s/12m00.0s

running (00m58.0s), 01/12 VUs, 322 complete and 0 interrupted iterations
sudden_spike   [   4% ] 01/12 VUs  00m29.8s/12m00.0s

running (00m59.0s), 01/12 VUs, 328 complete and 0 interrupted iterations
sudden_spike   [   4% ] 01/12 VUs  00m30.8s/12m00.0s

running (01m00.0s), 01/12 VUs, 335 complete and 0 interrupted iterations
sudden_spike   [   4% ] 01/12 VUs  00m31.8s/12m00.0s

running (01m01.0s), 01/12 VUs, 384 complete and 0 interrupted iterations
sudden_spike   [   5% ] 01/12 VUs  00m32.8s/12m00.0s

running (01m02.0s), 01/12 VUs, 401 complete and 0 interrupted iterations
sudden_spike   [   5% ] 01/12 VUs  00m33.8s/12m00.0s

running (01m03.0s), 01/12 VUs, 408 complete and 0 interrupted iterations
sudden_spike   [   5% ] 01/12 VUs  00m34.8s/12m00.0s

running (01m04.0s), 01/12 VUs, 430 complete and 0 interrupted iterations
sudden_spike   [   5% ] 01/12 VUs  00m35.8s/12m00.0s

running (01m05.0s), 01/12 VUs, 445 complete and 0 interrupted iterations
sudden_spike   [   5% ] 01/12 VUs  00m36.8s/12m00.0s

running (01m06.0s), 01/12 VUs, 471 complete and 0 interrupted iterations
sudden_spike   [   5% ] 01/12 VUs  00m37.8s/12m00.0s

running (01m07.0s), 01/12 VUs, 492 complete and 0 interrupted iterations
sudden_spike   [   5% ] 01/12 VUs  00m38.8s/12m00.0s

running (01m08.0s), 01/12 VUs, 503 complete and 0 interrupted iterations
sudden_spike   [   6% ] 01/12 VUs  00m39.8s/12m00.0s

running (01m09.0s), 01/12 VUs, 531 complete and 0 interrupted iterations
sudden_spike   [   6% ] 01/12 VUs  00m40.8s/12m00.0s

running (01m10.0s), 01/12 VUs, 538 complete and 0 interrupted iterations
sudden_spike   [   6% ] 01/12 VUs  00m41.8s/12m00.0s

running (01m11.0s), 01/12 VUs, 560 complete and 0 interrupted iterations
sudden_spike   [   6% ] 01/12 VUs  00m42.8s/12m00.0s

running (01m12.0s), 01/12 VUs, 570 complete and 0 interrupted iterations
sudden_spike   [   6% ] 01/12 VUs  00m43.8s/12m00.0s

running (01m13.0s), 01/12 VUs, 588 complete and 0 interrupted iterations
sudden_spike   [   6% ] 01/12 VUs  00m44.8s/12m00.0s

running (01m14.0s), 01/12 VUs, 600 complete and 0 interrupted iterations
sudden_spike   [   6% ] 01/12 VUs  00m45.8s/12m00.0s

running (01m15.0s), 01/12 VUs, 636 complete and 0 interrupted iterations
sudden_spike   [   6% ] 01/12 VUs  00m46.8s/12m00.0s

running (01m16.0s), 01/12 VUs, 644 complete and 0 interrupted iterations
sudden_spike   [   7% ] 01/12 VUs  00m47.8s/12m00.0s

running (01m17.0s), 01/12 VUs, 659 complete and 0 interrupted iterations
sudden_spike   [   7% ] 01/12 VUs  00m48.8s/12m00.0s

running (01m18.0s), 01/12 VUs, 674 complete and 0 interrupted iterations
sudden_spike   [   7% ] 01/12 VUs  00m49.8s/12m00.0s

running (01m19.0s), 01/12 VUs, 679 complete and 0 interrupted iterations
sudden_spike   [   7% ] 01/12 VUs  00m50.8s/12m00.0s

running (01m20.0s), 01/12 VUs, 709 complete and 0 interrupted iterations
sudden_spike   [   7% ] 01/12 VUs  00m51.8s/12m00.0s

running (01m21.0s), 01/12 VUs, 716 complete and 0 interrupted iterations
sudden_spike   [   7% ] 01/12 VUs  00m52.8s/12m00.0s

running (01m22.0s), 01/12 VUs, 734 complete and 0 interrupted iterations
sudden_spike   [   7% ] 01/12 VUs  00m53.8s/12m00.0s

running (01m23.0s), 01/12 VUs, 740 complete and 0 interrupted iterations
sudden_spike   [   8% ] 01/12 VUs  00m54.8s/12m00.0s

running (01m24.0s), 01/12 VUs, 761 complete and 0 interrupted iterations
sudden_spike   [   8% ] 01/12 VUs  00m55.8s/12m00.0s

running (01m25.0s), 01/12 VUs, 771 complete and 0 interrupted iterations
sudden_spike   [   8% ] 01/12 VUs  00m56.8s/12m00.0s

running (01m26.0s), 01/12 VUs, 789 complete and 0 interrupted iterations
sudden_spike   [   8% ] 01/12 VUs  00m57.8s/12m00.0s

running (01m27.0s), 01/12 VUs, 808 complete and 0 interrupted iterations
sudden_spike   [   8% ] 01/12 VUs  00m58.8s/12m00.0s

running (01m28.0s), 01/12 VUs, 826 complete and 0 interrupted iterations
sudden_spike   [   8% ] 01/12 VUs  00m59.8s/12m00.0s

running (01m29.0s), 01/12 VUs, 842 complete and 0 interrupted iterations
sudden_spike   [   8% ] 01/12 VUs  01m00.8s/12m00.0s

running (01m30.0s), 01/12 VUs, 854 complete and 0 interrupted iterations
sudden_spike   [   9% ] 01/12 VUs  01m01.8s/12m00.0s

running (01m31.0s), 01/12 VUs, 871 complete and 0 interrupted iterations
sudden_spike   [   9% ] 01/12 VUs  01m02.8s/12m00.0s

running (01m32.0s), 01/12 VUs, 885 complete and 0 interrupted iterations
sudden_spike   [   9% ] 01/12 VUs  01m03.8s/12m00.0s

running (01m33.0s), 01/12 VUs, 896 complete and 0 interrupted iterations
sudden_spike   [   9% ] 01/12 VUs  01m04.8s/12m00.0s

running (01m34.0s), 01/12 VUs, 903 complete and 0 interrupted iterations
sudden_spike   [   9% ] 01/12 VUs  01m05.8s/12m00.0s

running (01m35.0s), 01/12 VUs, 927 complete and 0 interrupted iterations
sudden_spike   [   9% ] 01/12 VUs  01m06.8s/12m00.0s

running (01m36.0s), 01/12 VUs, 935 complete and 0 interrupted iterations
sudden_spike   [   9% ] 01/12 VUs  01m07.8s/12m00.0s

running (01m37.0s), 01/12 VUs, 961 complete and 0 interrupted iterations
sudden_spike   [  10% ] 01/12 VUs  01m08.8s/12m00.0s

running (01m38.0s), 01/12 VUs, 968 complete and 0 interrupted iterations
sudden_spike   [  10% ] 01/12 VUs  01m09.8s/12m00.0s

running (01m39.0s), 01/12 VUs, 975 complete and 0 interrupted iterations
sudden_spike   [  10% ] 01/12 VUs  01m10.8s/12m00.0s

running (01m40.0s), 01/12 VUs, 1008 complete and 0 interrupted iterations
sudden_spike   [  10% ] 01/12 VUs  01m11.8s/12m00.0s

running (01m41.0s), 01/12 VUs, 1011 complete and 0 interrupted iterations
sudden_spike   [  10% ] 01/12 VUs  01m12.8s/12m00.0s

running (01m42.0s), 01/12 VUs, 1024 complete and 0 interrupted iterations
sudden_spike   [  10% ] 01/12 VUs  01m13.8s/12m00.0s

running (01m43.0s), 01/12 VUs, 1039 complete and 0 interrupted iterations
sudden_spike   [  10% ] 01/12 VUs  01m14.8s/12m00.0s

running (01m44.0s), 01/12 VUs, 1056 complete and 0 interrupted iterations
sudden_spike   [  11% ] 01/12 VUs  01m15.8s/12m00.0s

running (01m45.0s), 01/12 VUs, 1063 complete and 0 interrupted iterations
sudden_spike   [  11% ] 01/12 VUs  01m16.8s/12m00.0s

running (01m46.0s), 01/12 VUs, 1087 complete and 0 interrupted iterations
sudden_spike   [  11% ] 01/12 VUs  01m17.8s/12m00.0s

running (01m47.0s), 01/12 VUs, 1092 complete and 0 interrupted iterations
sudden_spike   [  11% ] 01/12 VUs  01m18.8s/12m00.0s

running (01m48.0s), 01/12 VUs, 1119 complete and 0 interrupted iterations
sudden_spike   [  11% ] 01/12 VUs  01m19.8s/12m00.0s

running (01m49.0s), 01/12 VUs, 1131 complete and 0 interrupted iterations
sudden_spike   [  11% ] 01/12 VUs  01m20.8s/12m00.0s

running (01m50.0s), 01/12 VUs, 1151 complete and 0 interrupted iterations
sudden_spike   [  11% ] 01/12 VUs  01m21.8s/12m00.0s

running (01m51.0s), 01/12 VUs, 1162 complete and 0 interrupted iterations
sudden_spike   [  11% ] 01/12 VUs  01m22.8s/12m00.0s

running (01m52.0s), 01/12 VUs, 1164 complete and 0 interrupted iterations
sudden_spike   [  12% ] 01/12 VUs  01m23.8s/12m00.0s

running (01m53.0s), 01/12 VUs, 1172 complete and 0 interrupted iterations
sudden_spike   [  12% ] 01/12 VUs  01m24.8s/12m00.0s

running (01m54.0s), 01/12 VUs, 1178 complete and 0 interrupted iterations
sudden_spike   [  12% ] 01/12 VUs  01m25.8s/12m00.0s

running (01m55.0s), 01/12 VUs, 1189 complete and 0 interrupted iterations
sudden_spike   [  12% ] 01/12 VUs  01m26.8s/12m00.0s

running (01m56.0s), 01/12 VUs, 1192 complete and 0 interrupted iterations
sudden_spike   [  12% ] 01/12 VUs  01m27.8s/12m00.0s

running (01m57.0s), 01/12 VUs, 1197 complete and 0 interrupted iterations
sudden_spike   [  12% ] 01/12 VUs  01m28.8s/12m00.0s

running (01m58.0s), 01/12 VUs, 1222 complete and 0 interrupted iterations
sudden_spike   [  12% ] 01/12 VUs  01m29.8s/12m00.0s

running (01m59.0s), 01/12 VUs, 1239 complete and 0 interrupted iterations
sudden_spike   [  13% ] 01/12 VUs  01m30.8s/12m00.0s

running (02m00.0s), 01/12 VUs, 1249 complete and 0 interrupted iterations
sudden_spike   [  13% ] 01/12 VUs  01m31.8s/12m00.0s

running (02m01.0s), 01/12 VUs, 1258 complete and 0 interrupted iterations
sudden_spike   [  13% ] 01/12 VUs  01m32.8s/12m00.0s

running (02m02.0s), 01/12 VUs, 1287 complete and 0 interrupted iterations
sudden_spike   [  13% ] 01/12 VUs  01m33.8s/12m00.0s

running (02m03.0s), 01/12 VUs, 1317 complete and 0 interrupted iterations
sudden_spike   [  13% ] 01/12 VUs  01m34.8s/12m00.0s

running (02m04.0s), 01/12 VUs, 1325 complete and 0 interrupted iterations
sudden_spike   [  13% ] 01/12 VUs  01m35.8s/12m00.0s

running (02m05.0s), 01/12 VUs, 1342 complete and 0 interrupted iterations
sudden_spike   [  13% ] 01/12 VUs  01m36.8s/12m00.0s

running (02m06.0s), 01/12 VUs, 1360 complete and 0 interrupted iterations
sudden_spike   [  14% ] 01/12 VUs  01m37.8s/12m00.0s

running (02m07.0s), 01/12 VUs, 1380 complete and 0 interrupted iterations
sudden_spike   [  14% ] 01/12 VUs  01m38.8s/12m00.0s

running (02m08.0s), 01/12 VUs, 1388 complete and 0 interrupted iterations
sudden_spike   [  14% ] 01/12 VUs  01m39.8s/12m00.0s

running (02m09.0s), 01/12 VUs, 1422 complete and 0 interrupted iterations
sudden_spike   [  14% ] 01/12 VUs  01m40.8s/12m00.0s

running (02m10.0s), 01/12 VUs, 1456 complete and 0 interrupted iterations
sudden_spike   [  14% ] 01/12 VUs  01m41.8s/12m00.0s

running (02m11.0s), 01/12 VUs, 1461 complete and 0 interrupted iterations
sudden_spike   [  14% ] 01/12 VUs  01m42.8s/12m00.0s

running (02m12.0s), 01/12 VUs, 1497 complete and 0 interrupted iterations
sudden_spike   [  14% ] 01/12 VUs  01m43.8s/12m00.0s

running (02m13.0s), 01/12 VUs, 1506 complete and 0 interrupted iterations
sudden_spike   [  15% ] 01/12 VUs  01m44.8s/12m00.0s

running (02m14.0s), 01/12 VUs, 1511 complete and 0 interrupted iterations
sudden_spike   [  15% ] 01/12 VUs  01m45.8s/12m00.0s

running (02m15.0s), 01/12 VUs, 1518 complete and 0 interrupted iterations
sudden_spike   [  15% ] 01/12 VUs  01m46.8s/12m00.0s

running (02m16.0s), 01/12 VUs, 1568 complete and 0 interrupted iterations
sudden_spike   [  15% ] 01/12 VUs  01m47.8s/12m00.0s

running (02m17.0s), 01/12 VUs, 1579 complete and 0 interrupted iterations
sudden_spike   [  15% ] 01/12 VUs  01m48.8s/12m00.0s

running (02m18.0s), 01/12 VUs, 1582 complete and 0 interrupted iterations
sudden_spike   [  15% ] 01/12 VUs  01m49.8s/12m00.0s

running (02m19.0s), 01/12 VUs, 1596 complete and 0 interrupted iterations
sudden_spike   [  15% ] 01/12 VUs  01m50.8s/12m00.0s

running (02m20.0s), 01/12 VUs, 1616 complete and 0 interrupted iterations
sudden_spike   [  16% ] 01/12 VUs  01m51.8s/12m00.0s

running (02m21.0s), 01/12 VUs, 1639 complete and 0 interrupted iterations
sudden_spike   [  16% ] 01/12 VUs  01m52.8s/12m00.0s

running (02m22.0s), 01/12 VUs, 1684 complete and 0 interrupted iterations
sudden_spike   [  16% ] 01/12 VUs  01m53.8s/12m00.0s

running (02m23.0s), 01/12 VUs, 1686 complete and 0 interrupted iterations
sudden_spike   [  16% ] 01/12 VUs  01m54.8s/12m00.0s

running (02m24.0s), 01/12 VUs, 1695 complete and 0 interrupted iterations
sudden_spike   [  16% ] 01/12 VUs  01m55.8s/12m00.0s

running (02m25.0s), 01/12 VUs, 1699 complete and 0 interrupted iterations
sudden_spike   [  16% ] 01/12 VUs  01m56.8s/12m00.0s

running (02m26.0s), 01/12 VUs, 1728 complete and 0 interrupted iterations
sudden_spike   [  16% ] 01/12 VUs  01m57.8s/12m00.0s

running (02m27.0s), 01/12 VUs, 1757 complete and 0 interrupted iterations
sudden_spike   [  16% ] 01/12 VUs  01m58.8s/12m00.0s

running (02m28.0s), 01/12 VUs, 1763 complete and 0 interrupted iterations
sudden_spike   [  17% ] 01/12 VUs  01m59.8s/12m00.0s

running (02m29.0s), 01/12 VUs, 1770 complete and 0 interrupted iterations
sudden_spike   [  17% ] 01/12 VUs  02m00.8s/12m00.0s

running (02m30.0s), 02/12 VUs, 1792 complete and 0 interrupted iterations
sudden_spike   [  17% ] 02/12 VUs  02m01.8s/12m00.0s

running (02m31.0s), 04/12 VUs, 1809 complete and 0 interrupted iterations
sudden_spike   [  17% ] 04/12 VUs  02m02.8s/12m00.0s

running (02m32.0s), 05/12 VUs, 1846 complete and 0 interrupted iterations
sudden_spike   [  17% ] 05/12 VUs  02m03.8s/12m00.0s

running (02m33.0s), 06/12 VUs, 1900 complete and 0 interrupted iterations
sudden_spike   [  17% ] 06/12 VUs  02m04.8s/12m00.0s

running (02m34.0s), 07/12 VUs, 1922 complete and 0 interrupted iterations
sudden_spike   [  17% ] 07/12 VUs  02m05.8s/12m00.0s

running (02m35.0s), 08/12 VUs, 1948 complete and 0 interrupted iterations
sudden_spike   [  18% ] 08/12 VUs  02m06.8s/12m00.0s

running (02m36.0s), 09/12 VUs, 1993 complete and 0 interrupted iterations
sudden_spike   [  18% ] 09/12 VUs  02m07.8s/12m00.0s

running (02m37.0s), 10/12 VUs, 2028 complete and 0 interrupted iterations
sudden_spike   [  18% ] 10/12 VUs  02m08.8s/12m00.0s

running (02m38.0s), 11/12 VUs, 2070 complete and 0 interrupted iterations
sudden_spike   [  18% ] 11/12 VUs  02m09.8s/12m00.0s

running (02m39.0s), 12/12 VUs, 2091 complete and 0 interrupted iterations
sudden_spike   [  18% ] 12/12 VUs  02m10.8s/12m00.0s

running (02m40.0s), 12/12 VUs, 2134 complete and 0 interrupted iterations
sudden_spike   [  18% ] 12/12 VUs  02m11.8s/12m00.0s

running (02m41.0s), 12/12 VUs, 2187 complete and 0 interrupted iterations
sudden_spike   [  18% ] 12/12 VUs  02m12.8s/12m00.0s

running (02m42.0s), 12/12 VUs, 2242 complete and 0 interrupted iterations
sudden_spike   [  19% ] 12/12 VUs  02m13.8s/12m00.0s

running (02m43.0s), 12/12 VUs, 2298 complete and 0 interrupted iterations
sudden_spike   [  19% ] 12/12 VUs  02m14.8s/12m00.0s

running (02m44.0s), 12/12 VUs, 2326 complete and 0 interrupted iterations
sudden_spike   [  19% ] 12/12 VUs  02m15.8s/12m00.0s

running (02m45.0s), 12/12 VUs, 2384 complete and 0 interrupted iterations
sudden_spike   [  19% ] 12/12 VUs  02m16.8s/12m00.0s

running (02m46.0s), 12/12 VUs, 2427 complete and 0 interrupted iterations
sudden_spike   [  19% ] 12/12 VUs  02m17.8s/12m00.0s

running (02m47.0s), 12/12 VUs, 2510 complete and 0 interrupted iterations
sudden_spike   [  19% ] 12/12 VUs  02m18.8s/12m00.0s

running (02m48.0s), 12/12 VUs, 2538 complete and 0 interrupted iterations
sudden_spike   [  19% ] 12/12 VUs  02m19.8s/12m00.0s

running (02m49.0s), 12/12 VUs, 2575 complete and 0 interrupted iterations
sudden_spike   [  20% ] 12/12 VUs  02m20.8s/12m00.0s

running (02m50.0s), 12/12 VUs, 2609 complete and 0 interrupted iterations
sudden_spike   [  20% ] 12/12 VUs  02m21.8s/12m00.0s

running (02m51.0s), 12/12 VUs, 2676 complete and 0 interrupted iterations
sudden_spike   [  20% ] 12/12 VUs  02m22.8s/12m00.0s

running (02m52.0s), 12/12 VUs, 2706 complete and 0 interrupted iterations
sudden_spike   [  20% ] 12/12 VUs  02m23.8s/12m00.0s

running (02m53.0s), 12/12 VUs, 2748 complete and 0 interrupted iterations
sudden_spike   [  20% ] 12/12 VUs  02m24.8s/12m00.0s

running (02m54.0s), 12/12 VUs, 2791 complete and 0 interrupted iterations
sudden_spike   [  20% ] 12/12 VUs  02m25.8s/12m00.0s

running (02m55.0s), 12/12 VUs, 2864 complete and 0 interrupted iterations
sudden_spike   [  20% ] 12/12 VUs  02m26.8s/12m00.0s

running (02m56.0s), 12/12 VUs, 2906 complete and 0 interrupted iterations
sudden_spike   [  21% ] 12/12 VUs  02m27.8s/12m00.0s

running (02m57.0s), 12/12 VUs, 2930 complete and 0 interrupted iterations
sudden_spike   [  21% ] 12/12 VUs  02m28.8s/12m00.0s

running (02m58.0s), 12/12 VUs, 2949 complete and 0 interrupted iterations
sudden_spike   [  21% ] 12/12 VUs  02m29.8s/12m00.0s

running (02m59.0s), 12/12 VUs, 2992 complete and 0 interrupted iterations
sudden_spike   [  21% ] 12/12 VUs  02m30.8s/12m00.0s

running (03m00.0s), 12/12 VUs, 3040 complete and 0 interrupted iterations
sudden_spike   [  21% ] 12/12 VUs  02m31.8s/12m00.0s

running (03m01.0s), 12/12 VUs, 3070 complete and 0 interrupted iterations
sudden_spike   [  21% ] 12/12 VUs  02m32.8s/12m00.0s

running (03m02.0s), 12/12 VUs, 3108 complete and 0 interrupted iterations
sudden_spike   [  21% ] 12/12 VUs  02m33.8s/12m00.0s

running (03m03.0s), 12/12 VUs, 3140 complete and 0 interrupted iterations
sudden_spike   [  21% ] 12/12 VUs  02m34.8s/12m00.0s

running (03m04.0s), 12/12 VUs, 3171 complete and 0 interrupted iterations
sudden_spike   [  22% ] 12/12 VUs  02m35.8s/12m00.0s

running (03m05.0s), 12/12 VUs, 3249 complete and 0 interrupted iterations
sudden_spike   [  22% ] 12/12 VUs  02m36.8s/12m00.0s

running (03m06.0s), 12/12 VUs, 3322 complete and 0 interrupted iterations
sudden_spike   [  22% ] 12/12 VUs  02m37.8s/12m00.0s

running (03m07.0s), 12/12 VUs, 3352 complete and 0 interrupted iterations
sudden_spike   [  22% ] 12/12 VUs  02m38.8s/12m00.0s

running (03m08.0s), 12/12 VUs, 3376 complete and 0 interrupted iterations
sudden_spike   [  22% ] 12/12 VUs  02m39.8s/12m00.0s

running (03m09.0s), 12/12 VUs, 3405 complete and 0 interrupted iterations
sudden_spike   [  22% ] 12/12 VUs  02m40.8s/12m00.0s

running (03m10.0s), 12/12 VUs, 3418 complete and 0 interrupted iterations
sudden_spike   [  22% ] 12/12 VUs  02m41.8s/12m00.0s

running (03m11.0s), 12/12 VUs, 3434 complete and 0 interrupted iterations
sudden_spike   [  23% ] 12/12 VUs  02m42.8s/12m00.0s

running (03m12.0s), 12/12 VUs, 3502 complete and 0 interrupted iterations
sudden_spike   [  23% ] 12/12 VUs  02m43.8s/12m00.0s

running (03m13.0s), 12/12 VUs, 3523 complete and 0 interrupted iterations
sudden_spike   [  23% ] 12/12 VUs  02m44.8s/12m00.0s

running (03m14.0s), 12/12 VUs, 3560 complete and 0 interrupted iterations
sudden_spike   [  23% ] 12/12 VUs  02m45.8s/12m00.0s

running (03m15.0s), 12/12 VUs, 3596 complete and 0 interrupted iterations
sudden_spike   [  23% ] 12/12 VUs  02m46.8s/12m00.0s

running (03m16.0s), 12/12 VUs, 3641 complete and 0 interrupted iterations
sudden_spike   [  23% ] 12/12 VUs  02m47.8s/12m00.0s

running (03m17.0s), 12/12 VUs, 3671 complete and 0 interrupted iterations
sudden_spike   [  23% ] 12/12 VUs  02m48.8s/12m00.0s

running (03m18.0s), 12/12 VUs, 3697 complete and 0 interrupted iterations
sudden_spike   [  24% ] 12/12 VUs  02m49.8s/12m00.0s

running (03m19.0s), 12/12 VUs, 3729 complete and 0 interrupted iterations
sudden_spike   [  24% ] 12/12 VUs  02m50.8s/12m00.0s

running (03m20.0s), 12/12 VUs, 3752 complete and 0 interrupted iterations
sudden_spike   [  24% ] 12/12 VUs  02m51.8s/12m00.0s

running (03m21.0s), 12/12 VUs, 3802 complete and 0 interrupted iterations
sudden_spike   [  24% ] 12/12 VUs  02m52.8s/12m00.0s

running (03m22.0s), 12/12 VUs, 3819 complete and 0 interrupted iterations
sudden_spike   [  24% ] 12/12 VUs  02m53.8s/12m00.0s

running (03m23.0s), 12/12 VUs, 3862 complete and 0 interrupted iterations
sudden_spike   [  24% ] 12/12 VUs  02m54.8s/12m00.0s

running (03m24.0s), 12/12 VUs, 3920 complete and 0 interrupted iterations
sudden_spike   [  24% ] 12/12 VUs  02m55.8s/12m00.0s

running (03m25.0s), 12/12 VUs, 3959 complete and 0 interrupted iterations
sudden_spike   [  25% ] 12/12 VUs  02m56.8s/12m00.0s

running (03m26.0s), 12/12 VUs, 4002 complete and 0 interrupted iterations
sudden_spike   [  25% ] 12/12 VUs  02m57.8s/12m00.0s

running (03m27.0s), 12/12 VUs, 4029 complete and 0 interrupted iterations
sudden_spike   [  25% ] 12/12 VUs  02m58.8s/12m00.0s

running (03m28.0s), 12/12 VUs, 4105 complete and 0 interrupted iterations
sudden_spike   [  25% ] 12/12 VUs  02m59.8s/12m00.0s

running (03m29.0s), 12/12 VUs, 4175 complete and 0 interrupted iterations
sudden_spike   [  25% ] 12/12 VUs  03m00.8s/12m00.0s

running (03m30.0s), 12/12 VUs, 4195 complete and 0 interrupted iterations
sudden_spike   [  25% ] 12/12 VUs  03m01.8s/12m00.0s

running (03m31.0s), 12/12 VUs, 4263 complete and 0 interrupted iterations
sudden_spike   [  25% ] 12/12 VUs  03m02.8s/12m00.0s

running (03m32.0s), 12/12 VUs, 4319 complete and 0 interrupted iterations
sudden_spike   [  26% ] 12/12 VUs  03m03.8s/12m00.0s

running (03m33.0s), 12/12 VUs, 4353 complete and 0 interrupted iterations
sudden_spike   [  26% ] 12/12 VUs  03m04.8s/12m00.0s

running (03m34.0s), 12/12 VUs, 4386 complete and 0 interrupted iterations
sudden_spike   [  26% ] 12/12 VUs  03m05.8s/12m00.0s

running (03m35.0s), 12/12 VUs, 4422 complete and 0 interrupted iterations
sudden_spike   [  26% ] 12/12 VUs  03m06.8s/12m00.0s

running (03m36.0s), 12/12 VUs, 4476 complete and 0 interrupted iterations
sudden_spike   [  26% ] 12/12 VUs  03m07.8s/12m00.0s

running (03m37.0s), 12/12 VUs, 4506 complete and 0 interrupted iterations
sudden_spike   [  26% ] 12/12 VUs  03m08.8s/12m00.0s

running (03m38.0s), 12/12 VUs, 4535 complete and 0 interrupted iterations
sudden_spike   [  26% ] 12/12 VUs  03m09.8s/12m00.0s

running (03m39.0s), 12/12 VUs, 4542 complete and 0 interrupted iterations
sudden_spike   [  26% ] 12/12 VUs  03m10.8s/12m00.0s

running (03m40.0s), 12/12 VUs, 4574 complete and 0 interrupted iterations
sudden_spike   [  27% ] 12/12 VUs  03m11.8s/12m00.0s

running (03m41.0s), 12/12 VUs, 4597 complete and 0 interrupted iterations
sudden_spike   [  27% ] 12/12 VUs  03m12.8s/12m00.0s

running (03m42.0s), 12/12 VUs, 4608 complete and 0 interrupted iterations
sudden_spike   [  27% ] 12/12 VUs  03m13.8s/12m00.0s

running (03m43.0s), 12/12 VUs, 4642 complete and 0 interrupted iterations
sudden_spike   [  27% ] 12/12 VUs  03m14.8s/12m00.0s

running (03m44.0s), 12/12 VUs, 4705 complete and 0 interrupted iterations
sudden_spike   [  27% ] 12/12 VUs  03m15.8s/12m00.0s

running (03m45.0s), 12/12 VUs, 4742 complete and 0 interrupted iterations
sudden_spike   [  27% ] 12/12 VUs  03m16.8s/12m00.0s

running (03m46.0s), 12/12 VUs, 4811 complete and 0 interrupted iterations
sudden_spike   [  27% ] 12/12 VUs  03m17.8s/12m00.0s

running (03m47.0s), 12/12 VUs, 4858 complete and 0 interrupted iterations
sudden_spike   [  28% ] 12/12 VUs  03m18.8s/12m00.0s

running (03m48.0s), 12/12 VUs, 4915 complete and 0 interrupted iterations
sudden_spike   [  28% ] 12/12 VUs  03m19.8s/12m00.0s

running (03m49.0s), 12/12 VUs, 4936 complete and 0 interrupted iterations
sudden_spike   [  28% ] 12/12 VUs  03m20.8s/12m00.0s

running (03m50.0s), 12/12 VUs, 4961 complete and 0 interrupted iterations
sudden_spike   [  28% ] 12/12 VUs  03m21.8s/12m00.0s

running (03m51.0s), 12/12 VUs, 5002 complete and 0 interrupted iterations
sudden_spike   [  28% ] 12/12 VUs  03m22.8s/12m00.0s

running (03m52.0s), 12/12 VUs, 5040 complete and 0 interrupted iterations
sudden_spike   [  28% ] 12/12 VUs  03m23.8s/12m00.0s

running (03m53.0s), 12/12 VUs, 5086 complete and 0 interrupted iterations
sudden_spike   [  28% ] 12/12 VUs  03m24.8s/12m00.0s

running (03m54.0s), 12/12 VUs, 5136 complete and 0 interrupted iterations
sudden_spike   [  29% ] 12/12 VUs  03m25.8s/12m00.0s

running (03m55.0s), 12/12 VUs, 5183 complete and 0 interrupted iterations
sudden_spike   [  29% ] 12/12 VUs  03m26.8s/12m00.0s

running (03m56.0s), 12/12 VUs, 5228 complete and 0 interrupted iterations
sudden_spike   [  29% ] 12/12 VUs  03m27.8s/12m00.0s

running (03m57.0s), 12/12 VUs, 5262 complete and 0 interrupted iterations
sudden_spike   [  29% ] 12/12 VUs  03m28.8s/12m00.0s

running (03m58.0s), 12/12 VUs, 5299 complete and 0 interrupted iterations
sudden_spike   [  29% ] 12/12 VUs  03m29.8s/12m00.0s

running (03m59.0s), 12/12 VUs, 5349 complete and 0 interrupted iterations
sudden_spike   [  29% ] 12/12 VUs  03m30.8s/12m00.0s

running (04m00.0s), 12/12 VUs, 5392 complete and 0 interrupted iterations
sudden_spike   [  29% ] 12/12 VUs  03m31.8s/12m00.0s

running (04m01.0s), 12/12 VUs, 5432 complete and 0 interrupted iterations
sudden_spike   [  30% ] 12/12 VUs  03m32.8s/12m00.0s

running (04m02.0s), 12/12 VUs, 5463 complete and 0 interrupted iterations
sudden_spike   [  30% ] 12/12 VUs  03m33.8s/12m00.0s

running (04m03.0s), 12/12 VUs, 5507 complete and 0 interrupted iterations
sudden_spike   [  30% ] 12/12 VUs  03m34.8s/12m00.0s

running (04m04.0s), 12/12 VUs, 5552 complete and 0 interrupted iterations
sudden_spike   [  30% ] 12/12 VUs  03m35.8s/12m00.0s

running (04m05.0s), 12/12 VUs, 5605 complete and 0 interrupted iterations
sudden_spike   [  30% ] 12/12 VUs  03m36.8s/12m00.0s

running (04m06.0s), 12/12 VUs, 5653 complete and 0 interrupted iterations
sudden_spike   [  30% ] 12/12 VUs  03m37.8s/12m00.0s

running (04m07.0s), 12/12 VUs, 5698 complete and 0 interrupted iterations
sudden_spike   [  30% ] 12/12 VUs  03m38.8s/12m00.0s

running (04m08.0s), 12/12 VUs, 5753 complete and 0 interrupted iterations
sudden_spike   [  31% ] 12/12 VUs  03m39.8s/12m00.0s

running (04m09.0s), 12/12 VUs, 5786 complete and 0 interrupted iterations
sudden_spike   [  31% ] 12/12 VUs  03m40.8s/12m00.0s

running (04m10.0s), 12/12 VUs, 5817 complete and 0 interrupted iterations
sudden_spike   [  31% ] 12/12 VUs  03m41.8s/12m00.0s

running (04m11.0s), 12/12 VUs, 5858 complete and 0 interrupted iterations
sudden_spike   [  31% ] 12/12 VUs  03m42.8s/12m00.0s

running (04m12.0s), 12/12 VUs, 5908 complete and 0 interrupted iterations
sudden_spike   [  31% ] 12/12 VUs  03m43.8s/12m00.0s

running (04m13.0s), 12/12 VUs, 5943 complete and 0 interrupted iterations
sudden_spike   [  31% ] 12/12 VUs  03m44.8s/12m00.0s

running (04m14.0s), 12/12 VUs, 5978 complete and 0 interrupted iterations
sudden_spike   [  31% ] 12/12 VUs  03m45.8s/12m00.0s

running (04m15.0s), 12/12 VUs, 6043 complete and 0 interrupted iterations
sudden_spike   [  31% ] 12/12 VUs  03m46.8s/12m00.0s

running (04m16.0s), 12/12 VUs, 6064 complete and 0 interrupted iterations
sudden_spike   [  32% ] 12/12 VUs  03m47.8s/12m00.0s

running (04m17.0s), 12/12 VUs, 6138 complete and 0 interrupted iterations
sudden_spike   [  32% ] 12/12 VUs  03m48.8s/12m00.0s

running (04m18.0s), 12/12 VUs, 6190 complete and 0 interrupted iterations
sudden_spike   [  32% ] 12/12 VUs  03m49.8s/12m00.0s

running (04m19.0s), 12/12 VUs, 6220 complete and 0 interrupted iterations
sudden_spike   [  32% ] 12/12 VUs  03m50.8s/12m00.0s

running (04m20.0s), 12/12 VUs, 6268 complete and 0 interrupted iterations
sudden_spike   [  32% ] 12/12 VUs  03m51.8s/12m00.0s

running (04m21.0s), 12/12 VUs, 6296 complete and 0 interrupted iterations
sudden_spike   [  32% ] 12/12 VUs  03m52.8s/12m00.0s

running (04m22.0s), 12/12 VUs, 6339 complete and 0 interrupted iterations
sudden_spike   [  32% ] 12/12 VUs  03m53.8s/12m00.0s

running (04m23.0s), 12/12 VUs, 6398 complete and 0 interrupted iterations
sudden_spike   [  33% ] 12/12 VUs  03m54.8s/12m00.0s

running (04m24.0s), 12/12 VUs, 6448 complete and 0 interrupted iterations
sudden_spike   [  33% ] 12/12 VUs  03m55.8s/12m00.0s

running (04m25.0s), 12/12 VUs, 6491 complete and 0 interrupted iterations
sudden_spike   [  33% ] 12/12 VUs  03m56.8s/12m00.0s

running (04m26.0s), 12/12 VUs, 6554 complete and 0 interrupted iterations
sudden_spike   [  33% ] 12/12 VUs  03m57.8s/12m00.0s

running (04m27.0s), 12/12 VUs, 6613 complete and 0 interrupted iterations
sudden_spike   [  33% ] 12/12 VUs  03m58.8s/12m00.0s

running (04m28.0s), 12/12 VUs, 6677 complete and 0 interrupted iterations
sudden_spike   [  33% ] 12/12 VUs  03m59.8s/12m00.0s

running (04m29.0s), 12/12 VUs, 6749 complete and 0 interrupted iterations
sudden_spike   [  33% ] 12/12 VUs  04m00.8s/12m00.0s

running (04m30.0s), 12/12 VUs, 6793 complete and 0 interrupted iterations
sudden_spike   [  34% ] 12/12 VUs  04m01.8s/12m00.0s

running (04m31.0s), 12/12 VUs, 6853 complete and 0 interrupted iterations
sudden_spike   [  34% ] 12/12 VUs  04m02.8s/12m00.0s

running (04m32.0s), 12/12 VUs, 6899 complete and 0 interrupted iterations
sudden_spike   [  34% ] 12/12 VUs  04m03.8s/12m00.0s

running (04m33.0s), 12/12 VUs, 6946 complete and 0 interrupted iterations
sudden_spike   [  34% ] 12/12 VUs  04m04.8s/12m00.0s

running (04m34.0s), 12/12 VUs, 6988 complete and 0 interrupted iterations
sudden_spike   [  34% ] 12/12 VUs  04m05.8s/12m00.0s

running (04m35.0s), 12/12 VUs, 7014 complete and 0 interrupted iterations
sudden_spike   [  34% ] 12/12 VUs  04m06.8s/12m00.0s

running (04m36.0s), 12/12 VUs, 7068 complete and 0 interrupted iterations
sudden_spike   [  34% ] 12/12 VUs  04m07.8s/12m00.0s

running (04m37.0s), 12/12 VUs, 7104 complete and 0 interrupted iterations
sudden_spike   [  35% ] 12/12 VUs  04m08.8s/12m00.0s

running (04m38.0s), 12/12 VUs, 7133 complete and 0 interrupted iterations
sudden_spike   [  35% ] 12/12 VUs  04m09.8s/12m00.0s

running (04m39.0s), 12/12 VUs, 7146 complete and 0 interrupted iterations
sudden_spike   [  35% ] 12/12 VUs  04m10.8s/12m00.0s

running (04m40.0s), 12/12 VUs, 7184 complete and 0 interrupted iterations
sudden_spike   [  35% ] 12/12 VUs  04m11.8s/12m00.0s

running (04m41.0s), 12/12 VUs, 7221 complete and 0 interrupted iterations
sudden_spike   [  35% ] 12/12 VUs  04m12.8s/12m00.0s

running (04m42.0s), 12/12 VUs, 7256 complete and 0 interrupted iterations
sudden_spike   [  35% ] 12/12 VUs  04m13.8s/12m00.0s

running (04m43.0s), 12/12 VUs, 7320 complete and 0 interrupted iterations
sudden_spike   [  35% ] 12/12 VUs  04m14.8s/12m00.0s

running (04m44.0s), 12/12 VUs, 7377 complete and 0 interrupted iterations
sudden_spike   [  36% ] 12/12 VUs  04m15.8s/12m00.0s

running (04m45.0s), 12/12 VUs, 7409 complete and 0 interrupted iterations
sudden_spike   [  36% ] 12/12 VUs  04m16.8s/12m00.0s

running (04m46.0s), 12/12 VUs, 7436 complete and 0 interrupted iterations
sudden_spike   [  36% ] 12/12 VUs  04m17.8s/12m00.0s

running (04m47.0s), 12/12 VUs, 7483 complete and 0 interrupted iterations
sudden_spike   [  36% ] 12/12 VUs  04m18.8s/12m00.0s

running (04m48.0s), 12/12 VUs, 7529 complete and 0 interrupted iterations
sudden_spike   [  36% ] 12/12 VUs  04m19.8s/12m00.0s

running (04m49.0s), 12/12 VUs, 7597 complete and 0 interrupted iterations
sudden_spike   [  36% ] 12/12 VUs  04m20.8s/12m00.0s

running (04m50.0s), 12/12 VUs, 7645 complete and 0 interrupted iterations
sudden_spike   [  36% ] 12/12 VUs  04m21.8s/12m00.0s

running (04m51.0s), 12/12 VUs, 7668 complete and 0 interrupted iterations
sudden_spike   [  36% ] 12/12 VUs  04m22.8s/12m00.0s

running (04m52.0s), 12/12 VUs, 7700 complete and 0 interrupted iterations
sudden_spike   [  37% ] 12/12 VUs  04m23.8s/12m00.0s

running (04m53.0s), 12/12 VUs, 7733 complete and 0 interrupted iterations
sudden_spike   [  37% ] 12/12 VUs  04m24.8s/12m00.0s

running (04m54.0s), 12/12 VUs, 7754 complete and 0 interrupted iterations
sudden_spike   [  37% ] 12/12 VUs  04m25.8s/12m00.0s

running (04m55.0s), 12/12 VUs, 7796 complete and 0 interrupted iterations
sudden_spike   [  37% ] 12/12 VUs  04m26.8s/12m00.0s

running (04m56.0s), 12/12 VUs, 7855 complete and 0 interrupted iterations
sudden_spike   [  37% ] 12/12 VUs  04m27.8s/12m00.0s

running (04m57.0s), 12/12 VUs, 7889 complete and 0 interrupted iterations
sudden_spike   [  37% ] 12/12 VUs  04m28.8s/12m00.0s

running (04m58.0s), 12/12 VUs, 7900 complete and 0 interrupted iterations
sudden_spike   [  37% ] 12/12 VUs  04m29.8s/12m00.0s

running (04m59.0s), 12/12 VUs, 7987 complete and 0 interrupted iterations
sudden_spike   [  38% ] 12/12 VUs  04m30.8s/12m00.0s

running (05m00.0s), 12/12 VUs, 8069 complete and 0 interrupted iterations
sudden_spike   [  38% ] 12/12 VUs  04m31.8s/12m00.0s

running (05m01.0s), 12/12 VUs, 8109 complete and 0 interrupted iterations
sudden_spike   [  38% ] 12/12 VUs  04m32.8s/12m00.0s

running (05m02.0s), 12/12 VUs, 8151 complete and 0 interrupted iterations
sudden_spike   [  38% ] 12/12 VUs  04m33.8s/12m00.0s

running (05m03.0s), 12/12 VUs, 8200 complete and 0 interrupted iterations
sudden_spike   [  38% ] 12/12 VUs  04m34.8s/12m00.0s

running (05m04.0s), 12/12 VUs, 8236 complete and 0 interrupted iterations
sudden_spike   [  38% ] 12/12 VUs  04m35.8s/12m00.0s

running (05m05.0s), 12/12 VUs, 8274 complete and 0 interrupted iterations
sudden_spike   [  38% ] 12/12 VUs  04m36.8s/12m00.0s

running (05m06.0s), 12/12 VUs, 8325 complete and 0 interrupted iterations
sudden_spike   [  39% ] 12/12 VUs  04m37.8s/12m00.0s

running (05m07.0s), 12/12 VUs, 8398 complete and 0 interrupted iterations
sudden_spike   [  39% ] 12/12 VUs  04m38.8s/12m00.0s

running (05m08.0s), 12/12 VUs, 8423 complete and 0 interrupted iterations
sudden_spike   [  39% ] 12/12 VUs  04m39.8s/12m00.0s

running (05m09.0s), 12/12 VUs, 8479 complete and 0 interrupted iterations
sudden_spike   [  39% ] 12/12 VUs  04m40.8s/12m00.0s

running (05m10.0s), 12/12 VUs, 8530 complete and 0 interrupted iterations
sudden_spike   [  39% ] 12/12 VUs  04m41.8s/12m00.0s

running (05m11.0s), 12/12 VUs, 8572 complete and 0 interrupted iterations
sudden_spike   [  39% ] 12/12 VUs  04m42.8s/12m00.0s

running (05m12.0s), 12/12 VUs, 8589 complete and 0 interrupted iterations
sudden_spike   [  39% ] 12/12 VUs  04m43.8s/12m00.0s

running (05m13.0s), 12/12 VUs, 8628 complete and 0 interrupted iterations
sudden_spike   [  40% ] 12/12 VUs  04m44.8s/12m00.0s

running (05m14.0s), 12/12 VUs, 8717 complete and 0 interrupted iterations
sudden_spike   [  40% ] 12/12 VUs  04m45.8s/12m00.0s

running (05m15.0s), 12/12 VUs, 8740 complete and 0 interrupted iterations
sudden_spike   [  40% ] 12/12 VUs  04m46.8s/12m00.0s

running (05m16.0s), 12/12 VUs, 8810 complete and 0 interrupted iterations
sudden_spike   [  40% ] 12/12 VUs  04m47.8s/12m00.0s

running (05m17.0s), 12/12 VUs, 8833 complete and 0 interrupted iterations
sudden_spike   [  40% ] 12/12 VUs  04m48.8s/12m00.0s

running (05m18.0s), 12/12 VUs, 8881 complete and 0 interrupted iterations
sudden_spike   [  40% ] 12/12 VUs  04m49.8s/12m00.0s

running (05m19.0s), 12/12 VUs, 8936 complete and 0 interrupted iterations
sudden_spike   [  40% ] 12/12 VUs  04m50.8s/12m00.0s

running (05m20.0s), 12/12 VUs, 9012 complete and 0 interrupted iterations
sudden_spike   [  41% ] 12/12 VUs  04m51.8s/12m00.0s

running (05m21.0s), 12/12 VUs, 9045 complete and 0 interrupted iterations
sudden_spike   [  41% ] 12/12 VUs  04m52.8s/12m00.0s

running (05m22.0s), 12/12 VUs, 9087 complete and 0 interrupted iterations
sudden_spike   [  41% ] 12/12 VUs  04m53.8s/12m00.0s

running (05m23.0s), 12/12 VUs, 9104 complete and 0 interrupted iterations
sudden_spike   [  41% ] 12/12 VUs  04m54.8s/12m00.0s

running (05m24.0s), 12/12 VUs, 9143 complete and 0 interrupted iterations
sudden_spike   [  41% ] 12/12 VUs  04m55.8s/12m00.0s

running (05m25.0s), 12/12 VUs, 9178 complete and 0 interrupted iterations
sudden_spike   [  41% ] 12/12 VUs  04m56.8s/12m00.0s

running (05m26.0s), 12/12 VUs, 9214 complete and 0 interrupted iterations
sudden_spike   [  41% ] 12/12 VUs  04m57.8s/12m00.0s

running (05m27.0s), 12/12 VUs, 9300 complete and 0 interrupted iterations
sudden_spike   [  41% ] 12/12 VUs  04m58.8s/12m00.0s

running (05m28.0s), 12/12 VUs, 9366 complete and 0 interrupted iterations
sudden_spike   [  42% ] 12/12 VUs  04m59.8s/12m00.0s

running (05m29.0s), 12/12 VUs, 9420 complete and 0 interrupted iterations
sudden_spike   [  42% ] 12/12 VUs  05m00.8s/12m00.0s

running (05m30.0s), 12/12 VUs, 9453 complete and 0 interrupted iterations
sudden_spike   [  42% ] 12/12 VUs  05m01.8s/12m00.0s

running (05m31.0s), 12/12 VUs, 9496 complete and 0 interrupted iterations
sudden_spike   [  42% ] 12/12 VUs  05m02.8s/12m00.0s

running (05m32.0s), 12/12 VUs, 9526 complete and 0 interrupted iterations
sudden_spike   [  42% ] 12/12 VUs  05m03.8s/12m00.0s

running (05m33.0s), 12/12 VUs, 9579 complete and 0 interrupted iterations
sudden_spike   [  42% ] 12/12 VUs  05m04.8s/12m00.0s

running (05m34.0s), 12/12 VUs, 9638 complete and 0 interrupted iterations
sudden_spike   [  42% ] 12/12 VUs  05m05.8s/12m00.0s

running (05m35.0s), 12/12 VUs, 9678 complete and 0 interrupted iterations
sudden_spike   [  43% ] 12/12 VUs  05m06.8s/12m00.0s

running (05m36.0s), 12/12 VUs, 9712 complete and 0 interrupted iterations
sudden_spike   [  43% ] 12/12 VUs  05m07.8s/12m00.0s

running (05m37.0s), 12/12 VUs, 9723 complete and 0 interrupted iterations
sudden_spike   [  43% ] 12/12 VUs  05m08.8s/12m00.0s

running (05m38.0s), 12/12 VUs, 9784 complete and 0 interrupted iterations
sudden_spike   [  43% ] 12/12 VUs  05m09.8s/12m00.0s

running (05m39.0s), 12/12 VUs, 9817 complete and 0 interrupted iterations
sudden_spike   [  43% ] 12/12 VUs  05m10.8s/12m00.0s

running (05m40.0s), 12/12 VUs, 9883 complete and 0 interrupted iterations
sudden_spike   [  43% ] 12/12 VUs  05m11.8s/12m00.0s

running (05m41.0s), 12/12 VUs, 9928 complete and 0 interrupted iterations
sudden_spike   [  43% ] 12/12 VUs  05m12.8s/12m00.0s

running (05m42.0s), 12/12 VUs, 9974 complete and 0 interrupted iterations
sudden_spike   [  44% ] 12/12 VUs  05m13.8s/12m00.0s

running (05m43.0s), 12/12 VUs, 9996 complete and 0 interrupted iterations
sudden_spike   [  44% ] 12/12 VUs  05m14.8s/12m00.0s

running (05m44.0s), 12/12 VUs, 10019 complete and 0 interrupted iterations
sudden_spike   [  44% ] 12/12 VUs  05m15.8s/12m00.0s

running (05m45.0s), 12/12 VUs, 10054 complete and 0 interrupted iterations
sudden_spike   [  44% ] 12/12 VUs  05m16.8s/12m00.0s

running (05m46.0s), 12/12 VUs, 10100 complete and 0 interrupted iterations
sudden_spike   [  44% ] 12/12 VUs  05m17.8s/12m00.0s

running (05m47.0s), 12/12 VUs, 10159 complete and 0 interrupted iterations
sudden_spike   [  44% ] 12/12 VUs  05m18.8s/12m00.0s

running (05m48.0s), 12/12 VUs, 10224 complete and 0 interrupted iterations
sudden_spike   [  44% ] 12/12 VUs  05m19.8s/12m00.0s

running (05m49.0s), 12/12 VUs, 10311 complete and 0 interrupted iterations
sudden_spike   [  45% ] 12/12 VUs  05m20.8s/12m00.0s

running (05m50.0s), 12/12 VUs, 10340 complete and 0 interrupted iterations
sudden_spike   [  45% ] 12/12 VUs  05m21.8s/12m00.0s

running (05m51.0s), 12/12 VUs, 10374 complete and 0 interrupted iterations
sudden_spike   [  45% ] 12/12 VUs  05m22.8s/12m00.0s

running (05m52.0s), 12/12 VUs, 10437 complete and 0 interrupted iterations
sudden_spike   [  45% ] 12/12 VUs  05m23.8s/12m00.0s

running (05m53.0s), 12/12 VUs, 10469 complete and 0 interrupted iterations
sudden_spike   [  45% ] 12/12 VUs  05m24.8s/12m00.0s

running (05m54.0s), 12/12 VUs, 10506 complete and 0 interrupted iterations
sudden_spike   [  45% ] 12/12 VUs  05m25.8s/12m00.0s

running (05m55.0s), 12/12 VUs, 10557 complete and 0 interrupted iterations
sudden_spike   [  45% ] 12/12 VUs  05m26.8s/12m00.0s

running (05m56.0s), 12/12 VUs, 10632 complete and 0 interrupted iterations
sudden_spike   [  46% ] 12/12 VUs  05m27.8s/12m00.0s

running (05m57.0s), 12/12 VUs, 10680 complete and 0 interrupted iterations
sudden_spike   [  46% ] 12/12 VUs  05m28.8s/12m00.0s

running (05m58.0s), 12/12 VUs, 10746 complete and 0 interrupted iterations
sudden_spike   [  46% ] 12/12 VUs  05m29.8s/12m00.0s

running (05m59.0s), 12/12 VUs, 10791 complete and 0 interrupted iterations
sudden_spike   [  46% ] 12/12 VUs  05m30.8s/12m00.0s

running (06m00.0s), 12/12 VUs, 10812 complete and 0 interrupted iterations
sudden_spike   [  46% ] 12/12 VUs  05m31.8s/12m00.0s

running (06m01.0s), 12/12 VUs, 10831 complete and 0 interrupted iterations
sudden_spike   [  46% ] 12/12 VUs  05m32.8s/12m00.0s

running (06m02.0s), 12/12 VUs, 10855 complete and 0 interrupted iterations
sudden_spike   [  46% ] 12/12 VUs  05m33.8s/12m00.0s

running (06m03.0s), 12/12 VUs, 10865 complete and 0 interrupted iterations
sudden_spike   [  46% ] 12/12 VUs  05m34.8s/12m00.0s

running (06m04.0s), 12/12 VUs, 10910 complete and 0 interrupted iterations
sudden_spike   [  47% ] 12/12 VUs  05m35.8s/12m00.0s

running (06m05.0s), 12/12 VUs, 10961 complete and 0 interrupted iterations
sudden_spike   [  47% ] 12/12 VUs  05m36.8s/12m00.0s

running (06m06.0s), 12/12 VUs, 11006 complete and 0 interrupted iterations
sudden_spike   [  47% ] 12/12 VUs  05m37.8s/12m00.0s

running (06m07.0s), 12/12 VUs, 11061 complete and 0 interrupted iterations
sudden_spike   [  47% ] 12/12 VUs  05m38.8s/12m00.0s

running (06m08.0s), 12/12 VUs, 11118 complete and 0 interrupted iterations
sudden_spike   [  47% ] 12/12 VUs  05m39.8s/12m00.0s

running (06m09.0s), 12/12 VUs, 11170 complete and 0 interrupted iterations
sudden_spike   [  47% ] 12/12 VUs  05m40.8s/12m00.0s

running (06m10.0s), 12/12 VUs, 11217 complete and 0 interrupted iterations
sudden_spike   [  47% ] 12/12 VUs  05m41.8s/12m00.0s

running (06m11.0s), 12/12 VUs, 11303 complete and 0 interrupted iterations
sudden_spike   [  48% ] 12/12 VUs  05m42.8s/12m00.0s

running (06m12.0s), 12/12 VUs, 11341 complete and 0 interrupted iterations
sudden_spike   [  48% ] 12/12 VUs  05m43.8s/12m00.0s

running (06m13.0s), 12/12 VUs, 11447 complete and 0 interrupted iterations
sudden_spike   [  48% ] 12/12 VUs  05m44.8s/12m00.0s

running (06m14.0s), 12/12 VUs, 11471 complete and 0 interrupted iterations
sudden_spike   [  48% ] 12/12 VUs  05m45.8s/12m00.0s

running (06m15.0s), 12/12 VUs, 11506 complete and 0 interrupted iterations
sudden_spike   [  48% ] 12/12 VUs  05m46.8s/12m00.0s

running (06m16.0s), 12/12 VUs, 11548 complete and 0 interrupted iterations
sudden_spike   [  48% ] 12/12 VUs  05m47.8s/12m00.0s

running (06m17.0s), 12/12 VUs, 11601 complete and 0 interrupted iterations
sudden_spike   [  48% ] 12/12 VUs  05m48.8s/12m00.0s

running (06m18.0s), 12/12 VUs, 11611 complete and 0 interrupted iterations
sudden_spike   [  49% ] 12/12 VUs  05m49.8s/12m00.0s

running (06m19.0s), 12/12 VUs, 11656 complete and 0 interrupted iterations
sudden_spike   [  49% ] 12/12 VUs  05m50.8s/12m00.0s

running (06m20.0s), 12/12 VUs, 11702 complete and 0 interrupted iterations
sudden_spike   [  49% ] 12/12 VUs  05m51.8s/12m00.0s

running (06m21.0s), 12/12 VUs, 11755 complete and 0 interrupted iterations
sudden_spike   [  49% ] 12/12 VUs  05m52.8s/12m00.0s

running (06m22.0s), 12/12 VUs, 11791 complete and 0 interrupted iterations
sudden_spike   [  49% ] 12/12 VUs  05m53.8s/12m00.0s

running (06m23.0s), 12/12 VUs, 11848 complete and 0 interrupted iterations
sudden_spike   [  49% ] 12/12 VUs  05m54.8s/12m00.0s

running (06m24.0s), 12/12 VUs, 11889 complete and 0 interrupted iterations
sudden_spike   [  49% ] 12/12 VUs  05m55.8s/12m00.0s

running (06m25.0s), 12/12 VUs, 11950 complete and 0 interrupted iterations
sudden_spike   [  50% ] 12/12 VUs  05m56.8s/12m00.0s

running (06m26.0s), 12/12 VUs, 11980 complete and 0 interrupted iterations
sudden_spike   [  50% ] 12/12 VUs  05m57.8s/12m00.0s

running (06m27.0s), 12/12 VUs, 12018 complete and 0 interrupted iterations
sudden_spike   [  50% ] 12/12 VUs  05m58.8s/12m00.0s

running (06m28.0s), 12/12 VUs, 12039 complete and 0 interrupted iterations
sudden_spike   [  50% ] 12/12 VUs  05m59.8s/12m00.0s

running (06m29.0s), 12/12 VUs, 12079 complete and 0 interrupted iterations
sudden_spike   [  50% ] 12/12 VUs  06m00.8s/12m00.0s

running (06m30.0s), 12/12 VUs, 12123 complete and 0 interrupted iterations
sudden_spike   [  50% ] 12/12 VUs  06m01.8s/12m00.0s

running (06m31.0s), 12/12 VUs, 12168 complete and 0 interrupted iterations
sudden_spike   [  50% ] 12/12 VUs  06m02.8s/12m00.0s

running (06m32.0s), 12/12 VUs, 12224 complete and 0 interrupted iterations
sudden_spike   [  51% ] 12/12 VUs  06m03.8s/12m00.0s

running (06m33.0s), 12/12 VUs, 12275 complete and 0 interrupted iterations
sudden_spike   [  51% ] 12/12 VUs  06m04.8s/12m00.0s

running (06m34.0s), 12/12 VUs, 12326 complete and 0 interrupted iterations
sudden_spike   [  51% ] 12/12 VUs  06m05.8s/12m00.0s

running (06m35.0s), 12/12 VUs, 12359 complete and 0 interrupted iterations
sudden_spike   [  51% ] 12/12 VUs  06m06.8s/12m00.0s

running (06m36.0s), 12/12 VUs, 12401 complete and 0 interrupted iterations
sudden_spike   [  51% ] 12/12 VUs  06m07.8s/12m00.0s

running (06m37.0s), 12/12 VUs, 12453 complete and 0 interrupted iterations
sudden_spike   [  51% ] 12/12 VUs  06m08.8s/12m00.0s

running (06m38.0s), 12/12 VUs, 12505 complete and 0 interrupted iterations
sudden_spike   [  51% ] 12/12 VUs  06m09.8s/12m00.0s

running (06m39.0s), 12/12 VUs, 12569 complete and 0 interrupted iterations
sudden_spike   [  51% ] 12/12 VUs  06m10.8s/12m00.0s

running (06m40.0s), 12/12 VUs, 12614 complete and 0 interrupted iterations
sudden_spike   [  52% ] 12/12 VUs  06m11.8s/12m00.0s

running (06m41.0s), 12/12 VUs, 12658 complete and 0 interrupted iterations
sudden_spike   [  52% ] 12/12 VUs  06m12.8s/12m00.0s

running (06m42.0s), 12/12 VUs, 12681 complete and 0 interrupted iterations
sudden_spike   [  52% ] 12/12 VUs  06m13.8s/12m00.0s

running (06m43.0s), 12/12 VUs, 12702 complete and 0 interrupted iterations
sudden_spike   [  52% ] 12/12 VUs  06m14.8s/12m00.0s

running (06m44.0s), 12/12 VUs, 12717 complete and 0 interrupted iterations
sudden_spike   [  52% ] 12/12 VUs  06m15.8s/12m00.0s

running (06m45.0s), 12/12 VUs, 12740 complete and 0 interrupted iterations
sudden_spike   [  52% ] 12/12 VUs  06m16.8s/12m00.0s

running (06m46.0s), 12/12 VUs, 12779 complete and 0 interrupted iterations
sudden_spike   [  52% ] 12/12 VUs  06m17.8s/12m00.0s

running (06m47.0s), 12/12 VUs, 12910 complete and 0 interrupted iterations
sudden_spike   [  53% ] 12/12 VUs  06m18.8s/12m00.0s

running (06m48.0s), 12/12 VUs, 12988 complete and 0 interrupted iterations
sudden_spike   [  53% ] 12/12 VUs  06m19.8s/12m00.0s

running (06m49.0s), 12/12 VUs, 13056 complete and 0 interrupted iterations
sudden_spike   [  53% ] 12/12 VUs  06m20.8s/12m00.0s

running (06m50.0s), 12/12 VUs, 13115 complete and 0 interrupted iterations
sudden_spike   [  53% ] 12/12 VUs  06m21.8s/12m00.0s

running (06m51.0s), 12/12 VUs, 13167 complete and 0 interrupted iterations
sudden_spike   [  53% ] 12/12 VUs  06m22.8s/12m00.0s

running (06m52.0s), 12/12 VUs, 13211 complete and 0 interrupted iterations
sudden_spike   [  53% ] 12/12 VUs  06m23.8s/12m00.0s

running (06m53.0s), 12/12 VUs, 13251 complete and 0 interrupted iterations
sudden_spike   [  53% ] 12/12 VUs  06m24.8s/12m00.0s

running (06m54.0s), 12/12 VUs, 13262 complete and 0 interrupted iterations
sudden_spike   [  54% ] 12/12 VUs  06m25.8s/12m00.0s

running (06m55.0s), 12/12 VUs, 13325 complete and 0 interrupted iterations
sudden_spike   [  54% ] 12/12 VUs  06m26.8s/12m00.0s

running (06m56.0s), 12/12 VUs, 13370 complete and 0 interrupted iterations
sudden_spike   [  54% ] 12/12 VUs  06m27.8s/12m00.0s

running (06m57.0s), 12/12 VUs, 13405 complete and 0 interrupted iterations
sudden_spike   [  54% ] 12/12 VUs  06m28.8s/12m00.0s

running (06m58.0s), 12/12 VUs, 13437 complete and 0 interrupted iterations
sudden_spike   [  54% ] 12/12 VUs  06m29.8s/12m00.0s

running (06m59.0s), 12/12 VUs, 13478 complete and 0 interrupted iterations
sudden_spike   [  54% ] 12/12 VUs  06m30.8s/12m00.0s

running (07m00.0s), 12/12 VUs, 13513 complete and 0 interrupted iterations
sudden_spike   [  54% ] 12/12 VUs  06m31.8s/12m00.0s

running (07m01.0s), 12/12 VUs, 13539 complete and 0 interrupted iterations
sudden_spike   [  55% ] 12/12 VUs  06m32.8s/12m00.0s

running (07m02.0s), 12/12 VUs, 13566 complete and 0 interrupted iterations
sudden_spike   [  55% ] 12/12 VUs  06m33.8s/12m00.0s

running (07m03.0s), 12/12 VUs, 13636 complete and 0 interrupted iterations
sudden_spike   [  55% ] 12/12 VUs  06m34.8s/12m00.0s

running (07m04.0s), 12/12 VUs, 13684 complete and 0 interrupted iterations
sudden_spike   [  55% ] 12/12 VUs  06m35.8s/12m00.0s

running (07m05.0s), 12/12 VUs, 13734 complete and 0 interrupted iterations
sudden_spike   [  55% ] 12/12 VUs  06m36.8s/12m00.0s

running (07m06.0s), 12/12 VUs, 13773 complete and 0 interrupted iterations
sudden_spike   [  55% ] 12/12 VUs  06m37.8s/12m00.0s

running (07m07.0s), 12/12 VUs, 13816 complete and 0 interrupted iterations
sudden_spike   [  55% ] 12/12 VUs  06m38.8s/12m00.0s

running (07m08.0s), 12/12 VUs, 13859 complete and 0 interrupted iterations
sudden_spike   [  56% ] 12/12 VUs  06m39.8s/12m00.0s

running (07m09.0s), 12/12 VUs, 13888 complete and 0 interrupted iterations
sudden_spike   [  56% ] 12/12 VUs  06m40.8s/12m00.0s

running (07m10.0s), 12/12 VUs, 13952 complete and 0 interrupted iterations
sudden_spike   [  56% ] 12/12 VUs  06m41.8s/12m00.0s

running (07m11.0s), 12/12 VUs, 14009 complete and 0 interrupted iterations
sudden_spike   [  56% ] 12/12 VUs  06m42.8s/12m00.0s

running (07m12.0s), 12/12 VUs, 14059 complete and 0 interrupted iterations
sudden_spike   [  56% ] 12/12 VUs  06m43.8s/12m00.0s

running (07m13.0s), 12/12 VUs, 14114 complete and 0 interrupted iterations
sudden_spike   [  56% ] 12/12 VUs  06m44.8s/12m00.0s

running (07m14.0s), 12/12 VUs, 14126 complete and 0 interrupted iterations
sudden_spike   [  56% ] 12/12 VUs  06m45.8s/12m00.0s

running (07m15.0s), 12/12 VUs, 14185 complete and 0 interrupted iterations
sudden_spike   [  56% ] 12/12 VUs  06m46.8s/12m00.0s

running (07m16.0s), 12/12 VUs, 14236 complete and 0 interrupted iterations
sudden_spike   [  57% ] 12/12 VUs  06m47.8s/12m00.0s

running (07m17.0s), 12/12 VUs, 14274 complete and 0 interrupted iterations
sudden_spike   [  57% ] 12/12 VUs  06m48.8s/12m00.0s

running (07m18.0s), 12/12 VUs, 14341 complete and 0 interrupted iterations
sudden_spike   [  57% ] 12/12 VUs  06m49.8s/12m00.0s

running (07m19.0s), 12/12 VUs, 14390 complete and 0 interrupted iterations
sudden_spike   [  57% ] 12/12 VUs  06m50.8s/12m00.0s

running (07m20.0s), 12/12 VUs, 14406 complete and 0 interrupted iterations
sudden_spike   [  57% ] 12/12 VUs  06m51.8s/12m00.0s

running (07m21.0s), 12/12 VUs, 14444 complete and 0 interrupted iterations
sudden_spike   [  57% ] 12/12 VUs  06m52.8s/12m00.0s

running (07m22.0s), 12/12 VUs, 14494 complete and 0 interrupted iterations
sudden_spike   [  57% ] 12/12 VUs  06m53.8s/12m00.0s

running (07m23.0s), 12/12 VUs, 14558 complete and 0 interrupted iterations
sudden_spike   [  58% ] 12/12 VUs  06m54.8s/12m00.0s

running (07m24.0s), 12/12 VUs, 14564 complete and 0 interrupted iterations
sudden_spike   [  58% ] 12/12 VUs  06m55.8s/12m00.0s

running (07m25.0s), 12/12 VUs, 14624 complete and 0 interrupted iterations
sudden_spike   [  58% ] 12/12 VUs  06m56.8s/12m00.0s

running (07m26.0s), 12/12 VUs, 14661 complete and 0 interrupted iterations
sudden_spike   [  58% ] 12/12 VUs  06m57.8s/12m00.0s

running (07m27.0s), 12/12 VUs, 14693 complete and 0 interrupted iterations
sudden_spike   [  58% ] 12/12 VUs  06m58.8s/12m00.0s

running (07m28.0s), 12/12 VUs, 14742 complete and 0 interrupted iterations
sudden_spike   [  58% ] 12/12 VUs  06m59.8s/12m00.0s

running (07m29.0s), 12/12 VUs, 14830 complete and 0 interrupted iterations
sudden_spike   [  58% ] 12/12 VUs  07m00.8s/12m00.0s

running (07m30.0s), 12/12 VUs, 14864 complete and 0 interrupted iterations
sudden_spike   [  59% ] 12/12 VUs  07m01.8s/12m00.0s

running (07m31.0s), 12/12 VUs, 14911 complete and 0 interrupted iterations
sudden_spike   [  59% ] 12/12 VUs  07m02.8s/12m00.0s

running (07m32.0s), 12/12 VUs, 14963 complete and 0 interrupted iterations
sudden_spike   [  59% ] 12/12 VUs  07m03.8s/12m00.0s

running (07m33.0s), 12/12 VUs, 15008 complete and 0 interrupted iterations
sudden_spike   [  59% ] 12/12 VUs  07m04.8s/12m00.0s

running (07m34.0s), 12/12 VUs, 15050 complete and 0 interrupted iterations
sudden_spike   [  59% ] 12/12 VUs  07m05.8s/12m00.0s

running (07m35.0s), 12/12 VUs, 15076 complete and 0 interrupted iterations
sudden_spike   [  59% ] 12/12 VUs  07m06.8s/12m00.0s

running (07m36.0s), 12/12 VUs, 15120 complete and 0 interrupted iterations
sudden_spike   [  59% ] 12/12 VUs  07m07.8s/12m00.0s

running (07m37.0s), 12/12 VUs, 15145 complete and 0 interrupted iterations
sudden_spike   [  60% ] 12/12 VUs  07m08.8s/12m00.0s

running (07m38.0s), 12/12 VUs, 15166 complete and 0 interrupted iterations
sudden_spike   [  60% ] 12/12 VUs  07m09.8s/12m00.0s

running (07m39.0s), 12/12 VUs, 15214 complete and 0 interrupted iterations
sudden_spike   [  60% ] 12/12 VUs  07m10.8s/12m00.0s

running (07m40.0s), 12/12 VUs, 15231 complete and 0 interrupted iterations
sudden_spike   [  60% ] 12/12 VUs  07m11.8s/12m00.0s

running (07m41.0s), 12/12 VUs, 15260 complete and 0 interrupted iterations
sudden_spike   [  60% ] 12/12 VUs  07m12.8s/12m00.0s

running (07m42.0s), 12/12 VUs, 15310 complete and 0 interrupted iterations
sudden_spike   [  60% ] 12/12 VUs  07m13.8s/12m00.0s

running (07m43.0s), 12/12 VUs, 15374 complete and 0 interrupted iterations
sudden_spike   [  60% ] 12/12 VUs  07m14.8s/12m00.0s

running (07m44.0s), 12/12 VUs, 15424 complete and 0 interrupted iterations
sudden_spike   [  61% ] 12/12 VUs  07m15.8s/12m00.0s

running (07m45.0s), 12/12 VUs, 15461 complete and 0 interrupted iterations
sudden_spike   [  61% ] 12/12 VUs  07m16.8s/12m00.0s

running (07m46.0s), 12/12 VUs, 15476 complete and 0 interrupted iterations
sudden_spike   [  61% ] 12/12 VUs  07m17.8s/12m00.0s

running (07m47.0s), 12/12 VUs, 15507 complete and 0 interrupted iterations
sudden_spike   [  61% ] 12/12 VUs  07m18.8s/12m00.0s

running (07m48.0s), 12/12 VUs, 15528 complete and 0 interrupted iterations
sudden_spike   [  61% ] 12/12 VUs  07m19.8s/12m00.0s

running (07m49.0s), 12/12 VUs, 15573 complete and 0 interrupted iterations
sudden_spike   [  61% ] 12/12 VUs  07m20.8s/12m00.0s

running (07m50.0s), 12/12 VUs, 15612 complete and 0 interrupted iterations
sudden_spike   [  61% ] 12/12 VUs  07m21.8s/12m00.0s

running (07m51.0s), 12/12 VUs, 15667 complete and 0 interrupted iterations
sudden_spike   [  61% ] 12/12 VUs  07m22.8s/12m00.0s

running (07m52.0s), 12/12 VUs, 15708 complete and 0 interrupted iterations
sudden_spike   [  62% ] 12/12 VUs  07m23.8s/12m00.0s

running (07m53.0s), 12/12 VUs, 15754 complete and 0 interrupted iterations
sudden_spike   [  62% ] 12/12 VUs  07m24.8s/12m00.0s

running (07m54.0s), 12/12 VUs, 15778 complete and 0 interrupted iterations
sudden_spike   [  62% ] 12/12 VUs  07m25.8s/12m00.0s

running (07m55.0s), 12/12 VUs, 15830 complete and 0 interrupted iterations
sudden_spike   [  62% ] 12/12 VUs  07m26.8s/12m00.0s

running (07m56.0s), 12/12 VUs, 15885 complete and 0 interrupted iterations
sudden_spike   [  62% ] 12/12 VUs  07m27.8s/12m00.0s

running (07m57.0s), 12/12 VUs, 15909 complete and 0 interrupted iterations
sudden_spike   [  62% ] 12/12 VUs  07m28.8s/12m00.0s

running (07m58.0s), 12/12 VUs, 15953 complete and 0 interrupted iterations
sudden_spike   [  62% ] 12/12 VUs  07m29.8s/12m00.0s

running (07m59.0s), 12/12 VUs, 15996 complete and 0 interrupted iterations
sudden_spike   [  63% ] 12/12 VUs  07m30.8s/12m00.0s

running (08m00.0s), 12/12 VUs, 16058 complete and 0 interrupted iterations
sudden_spike   [  63% ] 12/12 VUs  07m31.8s/12m00.0s

running (08m01.0s), 12/12 VUs, 16086 complete and 0 interrupted iterations
sudden_spike   [  63% ] 12/12 VUs  07m32.8s/12m00.0s

running (08m02.0s), 12/12 VUs, 16112 complete and 0 interrupted iterations
sudden_spike   [  63% ] 12/12 VUs  07m33.8s/12m00.0s

running (08m03.0s), 12/12 VUs, 16175 complete and 0 interrupted iterations
sudden_spike   [  63% ] 12/12 VUs  07m34.8s/12m00.0s

running (08m04.0s), 12/12 VUs, 16222 complete and 0 interrupted iterations
sudden_spike   [  63% ] 12/12 VUs  07m35.8s/12m00.0s

running (08m05.0s), 12/12 VUs, 16269 complete and 0 interrupted iterations
sudden_spike   [  63% ] 12/12 VUs  07m36.8s/12m00.0s

running (08m06.0s), 12/12 VUs, 16312 complete and 0 interrupted iterations
sudden_spike   [  64% ] 12/12 VUs  07m37.8s/12m00.0s

running (08m07.0s), 12/12 VUs, 16354 complete and 0 interrupted iterations
sudden_spike   [  64% ] 12/12 VUs  07m38.8s/12m00.0s

running (08m08.0s), 12/12 VUs, 16358 complete and 0 interrupted iterations
sudden_spike   [  64% ] 12/12 VUs  07m39.8s/12m00.0s

running (08m09.0s), 12/12 VUs, 16402 complete and 0 interrupted iterations
sudden_spike   [  64% ] 12/12 VUs  07m40.8s/12m00.0s

running (08m10.0s), 12/12 VUs, 16462 complete and 0 interrupted iterations
sudden_spike   [  64% ] 12/12 VUs  07m41.8s/12m00.0s

running (08m11.0s), 12/12 VUs, 16497 complete and 0 interrupted iterations
sudden_spike   [  64% ] 12/12 VUs  07m42.8s/12m00.0s

running (08m12.0s), 12/12 VUs, 16526 complete and 0 interrupted iterations
sudden_spike   [  64% ] 12/12 VUs  07m43.8s/12m00.0s

running (08m13.0s), 12/12 VUs, 16548 complete and 0 interrupted iterations
sudden_spike   [  65% ] 12/12 VUs  07m44.8s/12m00.0s

running (08m14.0s), 12/12 VUs, 16603 complete and 0 interrupted iterations
sudden_spike   [  65% ] 12/12 VUs  07m45.8s/12m00.0s

running (08m15.0s), 12/12 VUs, 16647 complete and 0 interrupted iterations
sudden_spike   [  65% ] 12/12 VUs  07m46.8s/12m00.0s

running (08m16.0s), 12/12 VUs, 16678 complete and 0 interrupted iterations
sudden_spike   [  65% ] 12/12 VUs  07m47.8s/12m00.0s

running (08m17.0s), 12/12 VUs, 16747 complete and 0 interrupted iterations
sudden_spike   [  65% ] 12/12 VUs  07m48.8s/12m00.0s

running (08m18.0s), 12/12 VUs, 16782 complete and 0 interrupted iterations
sudden_spike   [  65% ] 12/12 VUs  07m49.8s/12m00.0s

running (08m19.0s), 12/12 VUs, 16837 complete and 0 interrupted iterations
sudden_spike   [  65% ] 12/12 VUs  07m50.8s/12m00.0s

running (08m20.0s), 12/12 VUs, 16895 complete and 0 interrupted iterations
sudden_spike   [  66% ] 12/12 VUs  07m51.8s/12m00.0s

running (08m21.0s), 12/12 VUs, 16975 complete and 0 interrupted iterations
sudden_spike   [  66% ] 12/12 VUs  07m52.8s/12m00.0s

running (08m22.0s), 12/12 VUs, 17037 complete and 0 interrupted iterations
sudden_spike   [  66% ] 12/12 VUs  07m53.8s/12m00.0s

running (08m23.0s), 12/12 VUs, 17068 complete and 0 interrupted iterations
sudden_spike   [  66% ] 12/12 VUs  07m54.8s/12m00.0s

running (08m24.0s), 12/12 VUs, 17118 complete and 0 interrupted iterations
sudden_spike   [  66% ] 12/12 VUs  07m55.8s/12m00.0s

running (08m25.0s), 12/12 VUs, 17168 complete and 0 interrupted iterations
sudden_spike   [  66% ] 12/12 VUs  07m56.8s/12m00.0s

running (08m26.0s), 12/12 VUs, 17207 complete and 0 interrupted iterations
sudden_spike   [  66% ] 12/12 VUs  07m57.8s/12m00.0s

running (08m27.0s), 12/12 VUs, 17254 complete and 0 interrupted iterations
sudden_spike   [  66% ] 12/12 VUs  07m58.8s/12m00.0s

running (08m28.0s), 12/12 VUs, 17327 complete and 0 interrupted iterations
sudden_spike   [  67% ] 12/12 VUs  07m59.8s/12m00.0s

running (08m29.0s), 12/12 VUs, 17361 complete and 0 interrupted iterations
sudden_spike   [  67% ] 12/12 VUs  08m00.8s/12m00.0s

running (08m30.0s), 12/12 VUs, 17382 complete and 0 interrupted iterations
sudden_spike   [  67% ] 12/12 VUs  08m01.8s/12m00.0s

running (08m31.0s), 12/12 VUs, 17426 complete and 0 interrupted iterations
sudden_spike   [  67% ] 12/12 VUs  08m02.8s/12m00.0s

running (08m32.0s), 12/12 VUs, 17495 complete and 0 interrupted iterations
sudden_spike   [  67% ] 12/12 VUs  08m03.8s/12m00.0s

running (08m33.0s), 12/12 VUs, 17546 complete and 0 interrupted iterations
sudden_spike   [  67% ] 12/12 VUs  08m04.8s/12m00.0s

running (08m34.0s), 12/12 VUs, 17592 complete and 0 interrupted iterations
sudden_spike   [  67% ] 12/12 VUs  08m05.8s/12m00.0s

running (08m35.0s), 12/12 VUs, 17632 complete and 0 interrupted iterations
sudden_spike   [  68% ] 12/12 VUs  08m06.8s/12m00.0s

running (08m36.0s), 12/12 VUs, 17671 complete and 0 interrupted iterations
sudden_spike   [  68% ] 12/12 VUs  08m07.8s/12m00.0s

running (08m37.0s), 12/12 VUs, 17689 complete and 0 interrupted iterations
sudden_spike   [  68% ] 12/12 VUs  08m08.8s/12m00.0s

running (08m38.0s), 12/12 VUs, 17724 complete and 0 interrupted iterations
sudden_spike   [  68% ] 12/12 VUs  08m09.8s/12m00.0s

running (08m39.0s), 12/12 VUs, 17781 complete and 0 interrupted iterations
sudden_spike   [  68% ] 12/12 VUs  08m10.8s/12m00.0s

running (08m40.0s), 12/12 VUs, 17824 complete and 0 interrupted iterations
sudden_spike   [  68% ] 12/12 VUs  08m11.8s/12m00.0s

running (08m41.0s), 12/12 VUs, 17880 complete and 0 interrupted iterations
sudden_spike   [  68% ] 12/12 VUs  08m12.8s/12m00.0s

running (08m42.0s), 12/12 VUs, 17902 complete and 0 interrupted iterations
sudden_spike   [  69% ] 12/12 VUs  08m13.8s/12m00.0s

running (08m43.0s), 12/12 VUs, 17944 complete and 0 interrupted iterations
sudden_spike   [  69% ] 12/12 VUs  08m14.8s/12m00.0s

running (08m44.0s), 12/12 VUs, 18012 complete and 0 interrupted iterations
sudden_spike   [  69% ] 12/12 VUs  08m15.8s/12m00.0s

running (08m45.0s), 12/12 VUs, 18087 complete and 0 interrupted iterations
sudden_spike   [  69% ] 12/12 VUs  08m16.8s/12m00.0s

running (08m46.0s), 12/12 VUs, 18117 complete and 0 interrupted iterations
sudden_spike   [  69% ] 12/12 VUs  08m17.8s/12m00.0s

running (08m47.0s), 12/12 VUs, 18160 complete and 0 interrupted iterations
sudden_spike   [  69% ] 12/12 VUs  08m18.8s/12m00.0s

running (08m48.0s), 12/12 VUs, 18207 complete and 0 interrupted iterations
sudden_spike   [  69% ] 12/12 VUs  08m19.8s/12m00.0s

running (08m49.0s), 12/12 VUs, 18277 complete and 0 interrupted iterations
sudden_spike   [  70% ] 12/12 VUs  08m20.8s/12m00.0s

running (08m50.0s), 12/12 VUs, 18314 complete and 0 interrupted iterations
sudden_spike   [  70% ] 12/12 VUs  08m21.8s/12m00.0s

running (08m51.0s), 12/12 VUs, 18348 complete and 0 interrupted iterations
sudden_spike   [  70% ] 12/12 VUs  08m22.8s/12m00.0s

running (08m52.0s), 12/12 VUs, 18374 complete and 0 interrupted iterations
sudden_spike   [  70% ] 12/12 VUs  08m23.8s/12m00.0s

running (08m53.0s), 12/12 VUs, 18401 complete and 0 interrupted iterations
sudden_spike   [  70% ] 12/12 VUs  08m24.8s/12m00.0s

running (08m54.0s), 12/12 VUs, 18431 complete and 0 interrupted iterations
sudden_spike   [  70% ] 12/12 VUs  08m25.8s/12m00.0s

running (08m55.0s), 12/12 VUs, 18486 complete and 0 interrupted iterations
sudden_spike   [  70% ] 12/12 VUs  08m26.8s/12m00.0s

running (08m56.0s), 12/12 VUs, 18529 complete and 0 interrupted iterations
sudden_spike   [  71% ] 12/12 VUs  08m27.8s/12m00.0s

running (08m57.0s), 12/12 VUs, 18574 complete and 0 interrupted iterations
sudden_spike   [  71% ] 12/12 VUs  08m28.8s/12m00.0s

running (08m58.0s), 12/12 VUs, 18640 complete and 0 interrupted iterations
sudden_spike   [  71% ] 12/12 VUs  08m29.8s/12m00.0s

running (08m59.0s), 12/12 VUs, 18680 complete and 0 interrupted iterations
sudden_spike   [  71% ] 12/12 VUs  08m30.8s/12m00.0s

running (09m00.0s), 12/12 VUs, 18724 complete and 0 interrupted iterations
sudden_spike   [  71% ] 12/12 VUs  08m31.8s/12m00.0s

running (09m01.0s), 12/12 VUs, 18764 complete and 0 interrupted iterations
sudden_spike   [  71% ] 12/12 VUs  08m32.8s/12m00.0s

running (09m02.0s), 12/12 VUs, 18782 complete and 0 interrupted iterations
sudden_spike   [  71% ] 12/12 VUs  08m33.8s/12m00.0s

running (09m03.0s), 12/12 VUs, 18813 complete and 0 interrupted iterations
sudden_spike   [  71% ] 12/12 VUs  08m34.8s/12m00.0s

running (09m04.0s), 12/12 VUs, 18861 complete and 0 interrupted iterations
sudden_spike   [  72% ] 12/12 VUs  08m35.8s/12m00.0s

running (09m05.0s), 12/12 VUs, 18948 complete and 0 interrupted iterations
sudden_spike   [  72% ] 12/12 VUs  08m36.8s/12m00.0s

running (09m06.0s), 12/12 VUs, 19037 complete and 0 interrupted iterations
sudden_spike   [  72% ] 12/12 VUs  08m37.8s/12m00.0s

running (09m07.0s), 12/12 VUs, 19080 complete and 0 interrupted iterations
sudden_spike   [  72% ] 12/12 VUs  08m38.8s/12m00.0s

running (09m08.0s), 12/12 VUs, 19138 complete and 0 interrupted iterations
sudden_spike   [  72% ] 12/12 VUs  08m39.8s/12m00.0s

running (09m09.0s), 12/12 VUs, 19167 complete and 0 interrupted iterations
sudden_spike   [  72% ] 12/12 VUs  08m40.8s/12m00.0s

running (09m10.0s), 12/12 VUs, 19184 complete and 0 interrupted iterations
sudden_spike   [  72% ] 12/12 VUs  08m41.8s/12m00.0s

running (09m11.0s), 12/12 VUs, 19247 complete and 0 interrupted iterations
sudden_spike   [  73% ] 12/12 VUs  08m42.8s/12m00.0s

running (09m12.0s), 12/12 VUs, 19293 complete and 0 interrupted iterations
sudden_spike   [  73% ] 12/12 VUs  08m43.8s/12m00.0s

running (09m13.0s), 12/12 VUs, 19341 complete and 0 interrupted iterations
sudden_spike   [  73% ] 12/12 VUs  08m44.8s/12m00.0s

running (09m14.0s), 12/12 VUs, 19384 complete and 0 interrupted iterations
sudden_spike   [  73% ] 12/12 VUs  08m45.8s/12m00.0s

running (09m15.0s), 12/12 VUs, 19404 complete and 0 interrupted iterations
sudden_spike   [  73% ] 12/12 VUs  08m46.8s/12m00.0s

running (09m16.0s), 12/12 VUs, 19461 complete and 0 interrupted iterations
sudden_spike   [  73% ] 12/12 VUs  08m47.8s/12m00.0s

running (09m17.0s), 12/12 VUs, 19497 complete and 0 interrupted iterations
sudden_spike   [  73% ] 12/12 VUs  08m48.8s/12m00.0s

running (09m18.0s), 12/12 VUs, 19548 complete and 0 interrupted iterations
sudden_spike   [  74% ] 12/12 VUs  08m49.8s/12m00.0s

running (09m19.0s), 12/12 VUs, 19597 complete and 0 interrupted iterations
sudden_spike   [  74% ] 12/12 VUs  08m50.8s/12m00.0s

running (09m20.0s), 12/12 VUs, 19638 complete and 0 interrupted iterations
sudden_spike   [  74% ] 12/12 VUs  08m51.8s/12m00.0s

running (09m21.0s), 12/12 VUs, 19651 complete and 0 interrupted iterations
sudden_spike   [  74% ] 12/12 VUs  08m52.8s/12m00.0s

running (09m22.0s), 12/12 VUs, 19703 complete and 0 interrupted iterations
sudden_spike   [  74% ] 12/12 VUs  08m53.8s/12m00.0s

running (09m23.0s), 12/12 VUs, 19742 complete and 0 interrupted iterations
sudden_spike   [  74% ] 12/12 VUs  08m54.8s/12m00.0s

running (09m24.0s), 12/12 VUs, 19776 complete and 0 interrupted iterations
sudden_spike   [  74% ] 12/12 VUs  08m55.8s/12m00.0s

running (09m25.0s), 12/12 VUs, 19811 complete and 0 interrupted iterations
sudden_spike   [  75% ] 12/12 VUs  08m56.8s/12m00.0s

running (09m26.0s), 12/12 VUs, 19846 complete and 0 interrupted iterations
sudden_spike   [  75% ] 12/12 VUs  08m57.8s/12m00.0s

running (09m27.0s), 12/12 VUs, 19886 complete and 0 interrupted iterations
sudden_spike   [  75% ] 12/12 VUs  08m58.8s/12m00.0s

running (09m28.0s), 12/12 VUs, 19948 complete and 0 interrupted iterations
sudden_spike   [  75% ] 12/12 VUs  08m59.8s/12m00.0s

running (09m29.0s), 12/12 VUs, 19998 complete and 0 interrupted iterations
sudden_spike   [  75% ] 12/12 VUs  09m00.8s/12m00.0s

running (09m30.0s), 12/12 VUs, 20049 complete and 0 interrupted iterations
sudden_spike   [  75% ] 12/12 VUs  09m01.8s/12m00.0s

running (09m31.0s), 12/12 VUs, 20102 complete and 0 interrupted iterations
sudden_spike   [  75% ] 12/12 VUs  09m02.8s/12m00.0s

running (09m32.0s), 12/12 VUs, 20150 complete and 0 interrupted iterations
sudden_spike   [  76% ] 12/12 VUs  09m03.8s/12m00.0s

running (09m33.0s), 12/12 VUs, 20183 complete and 0 interrupted iterations
sudden_spike   [  76% ] 12/12 VUs  09m04.8s/12m00.0s

running (09m34.0s), 12/12 VUs, 20245 complete and 0 interrupted iterations
sudden_spike   [  76% ] 12/12 VUs  09m05.8s/12m00.0s

running (09m35.0s), 12/12 VUs, 20314 complete and 0 interrupted iterations
sudden_spike   [  76% ] 12/12 VUs  09m06.8s/12m00.0s

running (09m36.0s), 12/12 VUs, 20368 complete and 0 interrupted iterations
sudden_spike   [  76% ] 12/12 VUs  09m07.8s/12m00.0s

running (09m37.0s), 12/12 VUs, 20417 complete and 0 interrupted iterations
sudden_spike   [  76% ] 12/12 VUs  09m08.8s/12m00.0s

running (09m38.0s), 12/12 VUs, 20463 complete and 0 interrupted iterations
sudden_spike   [  76% ] 12/12 VUs  09m09.8s/12m00.0s

running (09m39.0s), 12/12 VUs, 20505 complete and 0 interrupted iterations
sudden_spike   [  76% ] 12/12 VUs  09m10.8s/12m00.0s

running (09m40.0s), 12/12 VUs, 20521 complete and 0 interrupted iterations
sudden_spike   [  77% ] 12/12 VUs  09m11.8s/12m00.0s

running (09m41.0s), 12/12 VUs, 20568 complete and 0 interrupted iterations
sudden_spike   [  77% ] 12/12 VUs  09m12.8s/12m00.0s

running (09m42.0s), 12/12 VUs, 20579 complete and 0 interrupted iterations
sudden_spike   [  77% ] 12/12 VUs  09m13.8s/12m00.0s

running (09m43.0s), 12/12 VUs, 20615 complete and 0 interrupted iterations
sudden_spike   [  77% ] 12/12 VUs  09m14.8s/12m00.0s

running (09m44.0s), 11/12 VUs, 20669 complete and 0 interrupted iterations
sudden_spike   [  77% ] 11/12 VUs  09m15.8s/12m00.0s

running (09m45.0s), 11/12 VUs, 20728 complete and 0 interrupted iterations
sudden_spike   [  77% ] 11/12 VUs  09m16.8s/12m00.0s

running (09m46.0s), 11/12 VUs, 20774 complete and 0 interrupted iterations
sudden_spike   [  77% ] 11/12 VUs  09m17.8s/12m00.0s

running (09m47.0s), 11/12 VUs, 20828 complete and 0 interrupted iterations
sudden_spike   [  78% ] 11/12 VUs  09m18.8s/12m00.0s

running (09m48.0s), 11/12 VUs, 20851 complete and 0 interrupted iterations
sudden_spike   [  78% ] 11/12 VUs  09m19.8s/12m00.0s

running (09m49.0s), 11/12 VUs, 20892 complete and 0 interrupted iterations
sudden_spike   [  78% ] 11/12 VUs  09m20.8s/12m00.0s

running (09m50.0s), 11/12 VUs, 20950 complete and 0 interrupted iterations
sudden_spike   [  78% ] 11/12 VUs  09m21.8s/12m00.0s

running (09m51.0s), 11/12 VUs, 20983 complete and 0 interrupted iterations
sudden_spike   [  78% ] 11/12 VUs  09m22.8s/12m00.0s

running (09m52.0s), 11/12 VUs, 20990 complete and 0 interrupted iterations
sudden_spike   [  78% ] 11/12 VUs  09m23.8s/12m00.0s

running (09m53.0s), 11/12 VUs, 21030 complete and 0 interrupted iterations
sudden_spike   [  78% ] 11/12 VUs  09m24.8s/12m00.0s

running (09m54.0s), 11/12 VUs, 21078 complete and 0 interrupted iterations
sudden_spike   [  79% ] 11/12 VUs  09m25.8s/12m00.0s

running (09m55.0s), 11/12 VUs, 21120 complete and 0 interrupted iterations
sudden_spike   [  79% ] 11/12 VUs  09m26.8s/12m00.0s

running (09m56.0s), 11/12 VUs, 21164 complete and 0 interrupted iterations
sudden_spike   [  79% ] 11/12 VUs  09m27.8s/12m00.0s

running (09m57.0s), 11/12 VUs, 21263 complete and 0 interrupted iterations
sudden_spike   [  79% ] 11/12 VUs  09m28.8s/12m00.0s

running (09m58.0s), 11/12 VUs, 21345 complete and 0 interrupted iterations
sudden_spike   [  79% ] 11/12 VUs  09m29.8s/12m00.0s

running (09m59.0s), 10/12 VUs, 21400 complete and 0 interrupted iterations
sudden_spike   [  79% ] 10/12 VUs  09m30.8s/12m00.0s

running (10m00.0s), 10/12 VUs, 21408 complete and 0 interrupted iterations
sudden_spike   [  79% ] 10/12 VUs  09m31.8s/12m00.0s

running (10m01.0s), 10/12 VUs, 21451 complete and 0 interrupted iterations
sudden_spike   [  80% ] 10/12 VUs  09m32.8s/12m00.0s

running (10m02.0s), 10/12 VUs, 21472 complete and 0 interrupted iterations
sudden_spike   [  80% ] 10/12 VUs  09m33.8s/12m00.0s

running (10m03.0s), 10/12 VUs, 21504 complete and 0 interrupted iterations
sudden_spike   [  80% ] 10/12 VUs  09m34.8s/12m00.0s

running (10m04.0s), 10/12 VUs, 21558 complete and 0 interrupted iterations
sudden_spike   [  80% ] 10/12 VUs  09m35.8s/12m00.0s

running (10m05.0s), 10/12 VUs, 21592 complete and 0 interrupted iterations
sudden_spike   [  80% ] 10/12 VUs  09m36.8s/12m00.0s

running (10m06.0s), 10/12 VUs, 21621 complete and 0 interrupted iterations
sudden_spike   [  80% ] 10/12 VUs  09m37.8s/12m00.0s

running (10m07.0s), 10/12 VUs, 21657 complete and 0 interrupted iterations
sudden_spike   [  80% ] 10/12 VUs  09m38.8s/12m00.0s

running (10m08.0s), 10/12 VUs, 21697 complete and 0 interrupted iterations
sudden_spike   [  81% ] 10/12 VUs  09m39.8s/12m00.0s

running (10m09.0s), 10/12 VUs, 21733 complete and 0 interrupted iterations
sudden_spike   [  81% ] 10/12 VUs  09m40.8s/12m00.0s

running (10m10.0s), 10/12 VUs, 21758 complete and 0 interrupted iterations
sudden_spike   [  81% ] 10/12 VUs  09m41.8s/12m00.0s

running (10m11.0s), 10/12 VUs, 21812 complete and 0 interrupted iterations
sudden_spike   [  81% ] 10/12 VUs  09m42.8s/12m00.0s

running (10m12.0s), 10/12 VUs, 21839 complete and 0 interrupted iterations
sudden_spike   [  81% ] 10/12 VUs  09m43.8s/12m00.0s

running (10m13.0s), 10/12 VUs, 21880 complete and 0 interrupted iterations
sudden_spike   [  81% ] 10/12 VUs  09m44.8s/12m00.0s

running (10m14.0s), 09/12 VUs, 21931 complete and 0 interrupted iterations
sudden_spike   [  81% ] 09/12 VUs  09m45.8s/12m00.0s

running (10m15.0s), 09/12 VUs, 21946 complete and 0 interrupted iterations
sudden_spike   [  81% ] 09/12 VUs  09m46.8s/12m00.0s

running (10m16.0s), 09/12 VUs, 21975 complete and 0 interrupted iterations
sudden_spike   [  82% ] 09/12 VUs  09m47.8s/12m00.0s

running (10m17.0s), 09/12 VUs, 21993 complete and 0 interrupted iterations
sudden_spike   [  82% ] 09/12 VUs  09m48.8s/12m00.0s

running (10m18.0s), 09/12 VUs, 22061 complete and 0 interrupted iterations
sudden_spike   [  82% ] 09/12 VUs  09m49.8s/12m00.0s

running (10m19.0s), 09/12 VUs, 22094 complete and 0 interrupted iterations
sudden_spike   [  82% ] 09/12 VUs  09m50.8s/12m00.0s

running (10m20.0s), 09/12 VUs, 22135 complete and 0 interrupted iterations
sudden_spike   [  82% ] 09/12 VUs  09m51.8s/12m00.0s

running (10m21.0s), 09/12 VUs, 22169 complete and 0 interrupted iterations
sudden_spike   [  82% ] 09/12 VUs  09m52.8s/12m00.0s

running (10m22.0s), 09/12 VUs, 22197 complete and 0 interrupted iterations
sudden_spike   [  82% ] 09/12 VUs  09m53.8s/12m00.0s

running (10m23.0s), 09/12 VUs, 22258 complete and 0 interrupted iterations
sudden_spike   [  83% ] 09/12 VUs  09m54.8s/12m00.0s

running (10m24.0s), 09/12 VUs, 22285 complete and 0 interrupted iterations
sudden_spike   [  83% ] 09/12 VUs  09m55.8s/12m00.0s

running (10m25.0s), 09/12 VUs, 22358 complete and 0 interrupted iterations
sudden_spike   [  83% ] 09/12 VUs  09m56.8s/12m00.0s

running (10m26.0s), 09/12 VUs, 22382 complete and 0 interrupted iterations
sudden_spike   [  83% ] 09/12 VUs  09m57.8s/12m00.0s

running (10m27.0s), 09/12 VUs, 22433 complete and 0 interrupted iterations
sudden_spike   [  83% ] 09/12 VUs  09m58.8s/12m00.0s

running (10m28.0s), 09/12 VUs, 22478 complete and 0 interrupted iterations
sudden_spike   [  83% ] 09/12 VUs  09m59.8s/12m00.0s

running (10m29.0s), 08/12 VUs, 22503 complete and 0 interrupted iterations
sudden_spike   [  83% ] 08/12 VUs  10m00.8s/12m00.0s

running (10m30.0s), 08/12 VUs, 22522 complete and 0 interrupted iterations
sudden_spike   [  84% ] 08/12 VUs  10m01.8s/12m00.0s

running (10m31.0s), 08/12 VUs, 22564 complete and 0 interrupted iterations
sudden_spike   [  84% ] 08/12 VUs  10m02.8s/12m00.0s

running (10m32.0s), 08/12 VUs, 22635 complete and 0 interrupted iterations
sudden_spike   [  84% ] 08/12 VUs  10m03.8s/12m00.0s

running (10m33.0s), 08/12 VUs, 22678 complete and 0 interrupted iterations
sudden_spike   [  84% ] 08/12 VUs  10m04.8s/12m00.0s

running (10m34.0s), 08/12 VUs, 22717 complete and 0 interrupted iterations
sudden_spike   [  84% ] 08/12 VUs  10m05.8s/12m00.0s

running (10m35.0s), 08/12 VUs, 22745 complete and 0 interrupted iterations
sudden_spike   [  84% ] 08/12 VUs  10m06.8s/12m00.0s

running (10m36.0s), 08/12 VUs, 22812 complete and 0 interrupted iterations
sudden_spike   [  84% ] 08/12 VUs  10m07.8s/12m00.0s

running (10m37.0s), 08/12 VUs, 22843 complete and 0 interrupted iterations
sudden_spike   [  85% ] 08/12 VUs  10m08.8s/12m00.0s

running (10m38.0s), 08/12 VUs, 22870 complete and 0 interrupted iterations
sudden_spike   [  85% ] 08/12 VUs  10m09.8s/12m00.0s

running (10m39.0s), 08/12 VUs, 22916 complete and 0 interrupted iterations
sudden_spike   [  85% ] 08/12 VUs  10m10.8s/12m00.0s

running (10m40.0s), 08/12 VUs, 22957 complete and 0 interrupted iterations
sudden_spike   [  85% ] 08/12 VUs  10m11.8s/12m00.0s

running (10m41.0s), 08/12 VUs, 22996 complete and 0 interrupted iterations
sudden_spike   [  85% ] 08/12 VUs  10m12.8s/12m00.0s

running (10m42.0s), 08/12 VUs, 23024 complete and 0 interrupted iterations
sudden_spike   [  85% ] 08/12 VUs  10m13.8s/12m00.0s

running (10m43.0s), 08/12 VUs, 23068 complete and 0 interrupted iterations
sudden_spike   [  85% ] 08/12 VUs  10m14.8s/12m00.0s

running (10m44.0s), 07/12 VUs, 23108 complete and 0 interrupted iterations
sudden_spike   [  86% ] 07/12 VUs  10m15.8s/12m00.0s

running (10m45.0s), 07/12 VUs, 23148 complete and 0 interrupted iterations
sudden_spike   [  86% ] 07/12 VUs  10m16.8s/12m00.0s

running (10m46.0s), 07/12 VUs, 23235 complete and 0 interrupted iterations
sudden_spike   [  86% ] 07/12 VUs  10m17.8s/12m00.0s

running (10m47.0s), 07/12 VUs, 23274 complete and 0 interrupted iterations
sudden_spike   [  86% ] 07/12 VUs  10m18.8s/12m00.0s

running (10m48.0s), 07/12 VUs, 23339 complete and 0 interrupted iterations
sudden_spike   [  86% ] 07/12 VUs  10m19.8s/12m00.0s

running (10m49.0s), 07/12 VUs, 23395 complete and 0 interrupted iterations
sudden_spike   [  86% ] 07/12 VUs  10m20.8s/12m00.0s

running (10m50.0s), 07/12 VUs, 23423 complete and 0 interrupted iterations
sudden_spike   [  86% ] 07/12 VUs  10m21.8s/12m00.0s

running (10m51.0s), 07/12 VUs, 23466 complete and 0 interrupted iterations
sudden_spike   [  86% ] 07/12 VUs  10m22.8s/12m00.0s

running (10m52.0s), 07/12 VUs, 23503 complete and 0 interrupted iterations
sudden_spike   [  87% ] 07/12 VUs  10m23.8s/12m00.0s

running (10m53.0s), 07/12 VUs, 23519 complete and 0 interrupted iterations
sudden_spike   [  87% ] 07/12 VUs  10m24.8s/12m00.0s

running (10m54.0s), 07/12 VUs, 23542 complete and 0 interrupted iterations
sudden_spike   [  87% ] 07/12 VUs  10m25.8s/12m00.0s

running (10m55.0s), 07/12 VUs, 23578 complete and 0 interrupted iterations
sudden_spike   [  87% ] 07/12 VUs  10m26.8s/12m00.0s

running (10m56.0s), 07/12 VUs, 23619 complete and 0 interrupted iterations
sudden_spike   [  87% ] 07/12 VUs  10m27.8s/12m00.0s

running (10m57.0s), 07/12 VUs, 23641 complete and 0 interrupted iterations
sudden_spike   [  87% ] 07/12 VUs  10m28.8s/12m00.0s

running (10m58.0s), 07/12 VUs, 23675 complete and 0 interrupted iterations
sudden_spike   [  87% ] 07/12 VUs  10m29.8s/12m00.0s

running (10m59.0s), 07/12 VUs, 23691 complete and 0 interrupted iterations
sudden_spike   [  88% ] 07/12 VUs  10m30.8s/12m00.0s

running (11m00.0s), 07/12 VUs, 23707 complete and 0 interrupted iterations
sudden_spike   [  88% ] 07/12 VUs  10m31.8s/12m00.0s

running (11m01.0s), 06/12 VUs, 23753 complete and 0 interrupted iterations
sudden_spike   [  88% ] 06/12 VUs  10m32.8s/12m00.0s

running (11m02.0s), 06/12 VUs, 23780 complete and 0 interrupted iterations
sudden_spike   [  88% ] 06/12 VUs  10m33.8s/12m00.0s

running (11m03.0s), 06/12 VUs, 23814 complete and 0 interrupted iterations
sudden_spike   [  88% ] 06/12 VUs  10m34.8s/12m00.0s

running (11m04.0s), 06/12 VUs, 23820 complete and 0 interrupted iterations
sudden_spike   [  88% ] 06/12 VUs  10m35.8s/12m00.0s

running (11m05.0s), 06/12 VUs, 23875 complete and 0 interrupted iterations
sudden_spike   [  88% ] 06/12 VUs  10m36.8s/12m00.0s

running (11m06.0s), 06/12 VUs, 23953 complete and 0 interrupted iterations
sudden_spike   [  89% ] 06/12 VUs  10m37.8s/12m00.0s

running (11m07.0s), 06/12 VUs, 24010 complete and 0 interrupted iterations
sudden_spike   [  89% ] 06/12 VUs  10m38.8s/12m00.0s

running (11m08.0s), 06/12 VUs, 24041 complete and 0 interrupted iterations
sudden_spike   [  89% ] 06/12 VUs  10m39.8s/12m00.0s

running (11m09.0s), 06/12 VUs, 24068 complete and 0 interrupted iterations
sudden_spike   [  89% ] 06/12 VUs  10m40.8s/12m00.0s

running (11m10.0s), 06/12 VUs, 24111 complete and 0 interrupted iterations
sudden_spike   [  89% ] 06/12 VUs  10m41.8s/12m00.0s

running (11m11.0s), 06/12 VUs, 24163 complete and 0 interrupted iterations
sudden_spike   [  89% ] 06/12 VUs  10m42.8s/12m00.0s

running (11m12.0s), 06/12 VUs, 24209 complete and 0 interrupted iterations
sudden_spike   [  89% ] 06/12 VUs  10m43.8s/12m00.0s

running (11m13.0s), 06/12 VUs, 24253 complete and 0 interrupted iterations
sudden_spike   [  90% ] 06/12 VUs  10m44.8s/12m00.0s

running (11m14.0s), 05/12 VUs, 24297 complete and 0 interrupted iterations
sudden_spike   [  90% ] 05/12 VUs  10m45.8s/12m00.0s

running (11m15.0s), 05/12 VUs, 24335 complete and 0 interrupted iterations
sudden_spike   [  90% ] 05/12 VUs  10m46.8s/12m00.0s

running (11m16.0s), 05/12 VUs, 24358 complete and 0 interrupted iterations
sudden_spike   [  90% ] 05/12 VUs  10m47.8s/12m00.0s

running (11m17.0s), 05/12 VUs, 24402 complete and 0 interrupted iterations
sudden_spike   [  90% ] 05/12 VUs  10m48.8s/12m00.0s

running (11m18.0s), 05/12 VUs, 24424 complete and 0 interrupted iterations
sudden_spike   [  90% ] 05/12 VUs  10m49.8s/12m00.0s

running (11m19.0s), 05/12 VUs, 24466 complete and 0 interrupted iterations
sudden_spike   [  90% ] 05/12 VUs  10m50.8s/12m00.0s

running (11m20.0s), 05/12 VUs, 24501 complete and 0 interrupted iterations
sudden_spike   [  91% ] 05/12 VUs  10m51.8s/12m00.0s

running (11m21.0s), 05/12 VUs, 24532 complete and 0 interrupted iterations
sudden_spike   [  91% ] 05/12 VUs  10m52.8s/12m00.0s

running (11m22.0s), 05/12 VUs, 24580 complete and 0 interrupted iterations
sudden_spike   [  91% ] 05/12 VUs  10m53.8s/12m00.0s

running (11m23.0s), 05/12 VUs, 24602 complete and 0 interrupted iterations
sudden_spike   [  91% ] 05/12 VUs  10m54.8s/12m00.0s

running (11m24.0s), 05/12 VUs, 24637 complete and 0 interrupted iterations
sudden_spike   [  91% ] 05/12 VUs  10m55.8s/12m00.0s

running (11m25.0s), 05/12 VUs, 24657 complete and 0 interrupted iterations
sudden_spike   [  91% ] 05/12 VUs  10m56.8s/12m00.0s

running (11m26.0s), 05/12 VUs, 24703 complete and 0 interrupted iterations
sudden_spike   [  91% ] 05/12 VUs  10m57.8s/12m00.0s

running (11m27.0s), 05/12 VUs, 24723 complete and 0 interrupted iterations
sudden_spike   [  91% ] 05/12 VUs  10m58.8s/12m00.0s

running (11m28.0s), 05/12 VUs, 24781 complete and 0 interrupted iterations
sudden_spike   [  92% ] 05/12 VUs  10m59.8s/12m00.0s

running (11m29.0s), 05/12 VUs, 24787 complete and 0 interrupted iterations
sudden_spike   [  92% ] 05/12 VUs  11m00.8s/12m00.0s

running (11m30.0s), 04/12 VUs, 24788 complete and 0 interrupted iterations
sudden_spike   [  92% ] 04/12 VUs  11m01.8s/12m00.0s

running (11m31.0s), 04/12 VUs, 24839 complete and 0 interrupted iterations
sudden_spike   [  92% ] 04/12 VUs  11m02.8s/12m00.0s

running (11m32.0s), 04/12 VUs, 24863 complete and 0 interrupted iterations
sudden_spike   [  92% ] 04/12 VUs  11m03.8s/12m00.0s

running (11m33.0s), 04/12 VUs, 24901 complete and 0 interrupted iterations
sudden_spike   [  92% ] 04/12 VUs  11m04.8s/12m00.0s

running (11m34.0s), 04/12 VUs, 24937 complete and 0 interrupted iterations
sudden_spike   [  92% ] 04/12 VUs  11m05.8s/12m00.0s

running (11m35.0s), 04/12 VUs, 24978 complete and 0 interrupted iterations
sudden_spike   [  93% ] 04/12 VUs  11m06.8s/12m00.0s

running (11m36.0s), 04/12 VUs, 25014 complete and 0 interrupted iterations
sudden_spike   [  93% ] 04/12 VUs  11m07.8s/12m00.0s

running (11m37.0s), 04/12 VUs, 25055 complete and 0 interrupted iterations
sudden_spike   [  93% ] 04/12 VUs  11m08.8s/12m00.0s

running (11m38.0s), 04/12 VUs, 25079 complete and 0 interrupted iterations
sudden_spike   [  93% ] 04/12 VUs  11m09.8s/12m00.0s

running (11m39.0s), 04/12 VUs, 25120 complete and 0 interrupted iterations
sudden_spike   [  93% ] 04/12 VUs  11m10.8s/12m00.0s

running (11m40.0s), 04/12 VUs, 25143 complete and 0 interrupted iterations
sudden_spike   [  93% ] 04/12 VUs  11m11.8s/12m00.0s

running (11m41.0s), 04/12 VUs, 25192 complete and 0 interrupted iterations
sudden_spike   [  93% ] 04/12 VUs  11m12.8s/12m00.0s

running (11m42.0s), 04/12 VUs, 25221 complete and 0 interrupted iterations
sudden_spike   [  94% ] 04/12 VUs  11m13.8s/12m00.0s

running (11m43.0s), 04/12 VUs, 25275 complete and 0 interrupted iterations
sudden_spike   [  94% ] 04/12 VUs  11m14.8s/12m00.0s

running (11m44.0s), 03/12 VUs, 25290 complete and 0 interrupted iterations
sudden_spike   [  94% ] 03/12 VUs  11m15.8s/12m00.0s

running (11m45.0s), 03/12 VUs, 25328 complete and 0 interrupted iterations
sudden_spike   [  94% ] 03/12 VUs  11m16.8s/12m00.0s

running (11m46.0s), 03/12 VUs, 25359 complete and 0 interrupted iterations
sudden_spike   [  94% ] 03/12 VUs  11m17.8s/12m00.0s

running (11m47.0s), 03/12 VUs, 25367 complete and 0 interrupted iterations
sudden_spike   [  94% ] 03/12 VUs  11m18.8s/12m00.0s

running (11m48.0s), 03/12 VUs, 25390 complete and 0 interrupted iterations
sudden_spike   [  94% ] 03/12 VUs  11m19.8s/12m00.0s

running (11m49.0s), 03/12 VUs, 25418 complete and 0 interrupted iterations
sudden_spike   [  95% ] 03/12 VUs  11m20.8s/12m00.0s

running (11m50.0s), 03/12 VUs, 25432 complete and 0 interrupted iterations
sudden_spike   [  95% ] 03/12 VUs  11m21.8s/12m00.0s

running (11m51.0s), 03/12 VUs, 25442 complete and 0 interrupted iterations
sudden_spike   [  95% ] 03/12 VUs  11m22.8s/12m00.0s

running (11m52.0s), 03/12 VUs, 25491 complete and 0 interrupted iterations
sudden_spike   [  95% ] 03/12 VUs  11m23.8s/12m00.0s

running (11m53.0s), 03/12 VUs, 25531 complete and 0 interrupted iterations
sudden_spike   [  95% ] 03/12 VUs  11m24.8s/12m00.0s

running (11m54.0s), 03/12 VUs, 25567 complete and 0 interrupted iterations
sudden_spike   [  95% ] 03/12 VUs  11m25.8s/12m00.0s

running (11m55.0s), 03/12 VUs, 25600 complete and 0 interrupted iterations
sudden_spike   [  95% ] 03/12 VUs  11m26.8s/12m00.0s

running (11m56.0s), 03/12 VUs, 25627 complete and 0 interrupted iterations
sudden_spike   [  96% ] 03/12 VUs  11m27.8s/12m00.0s

running (11m57.0s), 03/12 VUs, 25674 complete and 0 interrupted iterations
sudden_spike   [  96% ] 03/12 VUs  11m28.8s/12m00.0s

running (11m58.0s), 03/12 VUs, 25704 complete and 0 interrupted iterations
sudden_spike   [  96% ] 03/12 VUs  11m29.8s/12m00.0s

running (11m59.0s), 02/12 VUs, 25720 complete and 0 interrupted iterations
sudden_spike   [  96% ] 02/12 VUs  11m30.8s/12m00.0s

running (12m00.0s), 02/12 VUs, 25747 complete and 0 interrupted iterations
sudden_spike   [  96% ] 02/12 VUs  11m31.8s/12m00.0s

running (12m01.0s), 02/12 VUs, 25750 complete and 0 interrupted iterations
sudden_spike   [  96% ] 02/12 VUs  11m32.8s/12m00.0s

running (12m02.0s), 02/12 VUs, 25755 complete and 0 interrupted iterations
sudden_spike   [  96% ] 02/12 VUs  11m33.8s/12m00.0s

running (12m03.0s), 02/12 VUs, 25765 complete and 0 interrupted iterations
sudden_spike   [  96% ] 02/12 VUs  11m34.8s/12m00.0s

running (12m04.0s), 02/12 VUs, 25785 complete and 0 interrupted iterations
sudden_spike   [  97% ] 02/12 VUs  11m35.8s/12m00.0s

running (12m05.0s), 02/12 VUs, 25815 complete and 0 interrupted iterations
sudden_spike   [  97% ] 02/12 VUs  11m36.8s/12m00.0s

running (12m06.0s), 02/12 VUs, 25822 complete and 0 interrupted iterations
sudden_spike   [  97% ] 02/12 VUs  11m37.8s/12m00.0s

running (12m07.0s), 02/12 VUs, 25848 complete and 0 interrupted iterations
sudden_spike   [  97% ] 02/12 VUs  11m38.8s/12m00.0s

running (12m08.0s), 02/12 VUs, 25853 complete and 0 interrupted iterations
sudden_spike   [  97% ] 02/12 VUs  11m39.8s/12m00.0s

running (12m09.0s), 02/12 VUs, 25868 complete and 0 interrupted iterations
sudden_spike   [  97% ] 02/12 VUs  11m40.8s/12m00.0s

running (12m10.0s), 02/12 VUs, 25898 complete and 0 interrupted iterations
sudden_spike   [  97% ] 02/12 VUs  11m41.8s/12m00.0s

running (12m11.0s), 02/12 VUs, 25913 complete and 0 interrupted iterations
sudden_spike   [  98% ] 02/12 VUs  11m42.8s/12m00.0s

running (12m12.0s), 02/12 VUs, 25975 complete and 0 interrupted iterations
sudden_spike   [  98% ] 02/12 VUs  11m43.8s/12m00.0s

running (12m13.0s), 02/12 VUs, 25998 complete and 0 interrupted iterations
sudden_spike   [  98% ] 02/12 VUs  11m44.8s/12m00.0s

running (12m14.0s), 01/12 VUs, 26005 complete and 0 interrupted iterations
sudden_spike   [  98% ] 01/12 VUs  11m45.8s/12m00.0s

running (12m15.0s), 01/12 VUs, 26013 complete and 0 interrupted iterations
sudden_spike   [  98% ] 01/12 VUs  11m46.8s/12m00.0s

running (12m16.0s), 01/12 VUs, 26027 complete and 0 interrupted iterations
sudden_spike   [  98% ] 01/12 VUs  11m47.8s/12m00.0s

running (12m17.0s), 01/12 VUs, 26035 complete and 0 interrupted iterations
sudden_spike   [  98% ] 01/12 VUs  11m48.8s/12m00.0s

running (12m18.0s), 01/12 VUs, 26061 complete and 0 interrupted iterations
sudden_spike   [  99% ] 01/12 VUs  11m49.8s/12m00.0s

running (12m19.0s), 01/12 VUs, 26086 complete and 0 interrupted iterations
sudden_spike   [  99% ] 01/12 VUs  11m50.8s/12m00.0s

running (12m20.0s), 01/12 VUs, 26107 complete and 0 interrupted iterations
sudden_spike   [  99% ] 01/12 VUs  11m51.8s/12m00.0s

running (12m21.0s), 01/12 VUs, 26124 complete and 0 interrupted iterations
sudden_spike   [  99% ] 01/12 VUs  11m52.8s/12m00.0s

running (12m22.0s), 01/12 VUs, 26128 complete and 0 interrupted iterations
sudden_spike   [  99% ] 01/12 VUs  11m53.8s/12m00.0s

running (12m23.0s), 01/12 VUs, 26133 complete and 0 interrupted iterations
sudden_spike   [  99% ] 01/12 VUs  11m54.8s/12m00.0s

running (12m24.0s), 01/12 VUs, 26151 complete and 0 interrupted iterations
sudden_spike   [  99% ] 01/12 VUs  11m55.8s/12m00.0s

running (12m25.0s), 01/12 VUs, 26154 complete and 0 interrupted iterations
sudden_spike   [ 100% ] 01/12 VUs  11m56.8s/12m00.0s

running (12m26.0s), 01/12 VUs, 26156 complete and 0 interrupted iterations
sudden_spike   [ 100% ] 01/12 VUs  11m57.8s/12m00.0s

running (12m27.0s), 01/12 VUs, 26159 complete and 0 interrupted iterations
sudden_spike   [ 100% ] 01/12 VUs  11m58.8s/12m00.0s

running (12m28.0s), 01/12 VUs, 26181 complete and 0 interrupted iterations
sudden_spike   [ 100% ] 01/12 VUs  11m59.8s/12m00.0s


  █ THRESHOLDS 

    http_req_duration
    ✓ 'p(95)<2000' p(95)=1.56s

    http_req_failed
    ✓ 'rate<0.05' rate=0.00%


  █ TOTAL RESULTS 

    checks_total.......: 78555  104.948845/s
    checks_succeeded...: 97.46% 76564 out of 78555
    checks_failed......: 2.53%  1991 out of 78555

    ✓ me status is 200
    ✓ me returns user data
    ✗ me response time < 500ms
      ↳  99% — ✓ 18116 / ✗ 29
    ✓ login status is 200
    ✓ login returns access token
    ✗ login response time < 1000ms
      ↳  75% — ✓ 6078 / ✗ 1962

    HTTP
    http_req_duration..............: avg=238.89ms min=2.17ms med=20.85ms max=6.84s p(90)=588.04ms p(95)=1.56s
      { expected_response:true }...: avg=238.89ms min=2.17ms med=20.85ms max=6.84s p(90)=588.04ms p(95)=1.56s
    http_req_failed................: 0.00% 0 out of 26305
    http_reqs......................: 26305 35.143267/s

    EXECUTION
    iteration_duration.............: avg=239.72ms min=2.72ms med=21.64ms max=6.84s p(90)=593.37ms p(95)=1.57s
    iterations.....................: 26185 34.982948/s
    vus............................: 1     min=0          max=12
    vus_max........................: 12    min=12         max=12

    NETWORK
    data_received..................: 14 MB 19 kB/s
    data_sent......................: 13 MB 17 kB/s




running (12m28.5s), 00/12 VUs, 26185 complete and 0 interrupted iterations
sudden_spike ✓ [ 100% ] 00/12 VUs  12m0s
