
         /\      Grafana   /‾‾/  
    /\  /  \     |\  __   /  /   
   /  \/    \    | |/ /  /   ‾‾\ 
  /          \   |   (  |  (‾)  |
 / __________ \  |_|\_\  \_____/ 


     execution: local
        script: /scripts/load-test.js
        output: json (/results/results.json)

     scenarios: (100.00%) 1 scenario, 12 max VUs, 12m30s max duration (incl. graceful stop):
              * sudden_spike: Up to 12 looping VUs for 12m0s over 5 stages (gracefulRampDown: 30s, gracefulStop: 30s)

time="2026-08-17T15:04:08Z" level=info msg="Seeding and pre-authenticating 120 users..." source=console

Run            [ 100% ] setup()
sudden_spike   [   0% ]

Run            [ 100% ] setup()
sudden_spike   [   0% ]

Run            [ 100% ] setup()
sudden_spike   [   0% ]

Run            [ 100% ] setup()
sudden_spike   [   0% ]

Run            [ 100% ] setup()
sudden_spike   [   0% ]

Run            [ 100% ] setup()
sudden_spike   [   0% ]

Run            [ 100% ] setup()
sudden_spike   [   0% ]

Run            [ 100% ] setup()
sudden_spike   [   0% ]

Run            [ 100% ] setup()
sudden_spike   [   0% ]

Run            [ 100% ] setup()
sudden_spike   [   0% ]

Run            [ 100% ] setup()
sudden_spike   [   0% ]

Run            [ 100% ] setup()
sudden_spike   [   0% ]

Run            [ 100% ] setup()
sudden_spike   [   0% ]

Run            [ 100% ] setup()
sudden_spike   [   0% ]

Run            [ 100% ] setup()
sudden_spike   [   0% ]

Run            [ 100% ] setup()
sudden_spike   [   0% ]

Run            [ 100% ] setup()
sudden_spike   [   0% ]

Run            [ 100% ] setup()
sudden_spike   [   0% ]

Run            [ 100% ] setup()
sudden_spike   [   0% ]

Run            [ 100% ] setup()
sudden_spike   [   0% ]

Run            [ 100% ] setup()
sudden_spike   [   0% ]

Run            [ 100% ] setup()
sudden_spike   [   0% ]

Run            [ 100% ] setup()
sudden_spike   [   0% ]

Run            [ 100% ] setup()
sudden_spike   [   0% ]

Run            [ 100% ] setup()
sudden_spike   [   0% ]

Run            [ 100% ] setup()
sudden_spike   [   0% ]

Run            [ 100% ] setup()
sudden_spike   [   0% ]

Run            [ 100% ] setup()
sudden_spike   [   0% ]

Run            [ 100% ] setup()
sudden_spike   [   0% ]
time="2026-08-17T15:04:37Z" level=info msg="Pre-auth complete: 120/120 tokens obtained" source=console

running (00m30.0s), 01/12 VUs, 9 complete and 0 interrupted iterations
sudden_spike   [   0% ] 01/12 VUs  00m00.2s/12m00.0s

running (00m31.0s), 01/12 VUs, 21 complete and 0 interrupted iterations
sudden_spike   [   0% ] 01/12 VUs  00m01.2s/12m00.0s

running (00m32.0s), 01/12 VUs, 46 complete and 0 interrupted iterations
sudden_spike   [   0% ] 01/12 VUs  00m02.2s/12m00.0s

running (00m33.0s), 01/12 VUs, 49 complete and 0 interrupted iterations
sudden_spike   [   0% ] 01/12 VUs  00m03.2s/12m00.0s

running (00m34.0s), 01/12 VUs, 70 complete and 0 interrupted iterations
sudden_spike   [   1% ] 01/12 VUs  00m04.2s/12m00.0s

running (00m35.0s), 01/12 VUs, 88 complete and 0 interrupted iterations
sudden_spike   [   1% ] 01/12 VUs  00m05.2s/12m00.0s

running (00m36.0s), 01/12 VUs, 96 complete and 0 interrupted iterations
sudden_spike   [   1% ] 01/12 VUs  00m06.2s/12m00.0s

running (00m37.0s), 01/12 VUs, 109 complete and 0 interrupted iterations
sudden_spike   [   1% ] 01/12 VUs  00m07.2s/12m00.0s

running (00m38.0s), 01/12 VUs, 115 complete and 0 interrupted iterations
sudden_spike   [   1% ] 01/12 VUs  00m08.2s/12m00.0s

running (00m39.0s), 01/12 VUs, 149 complete and 0 interrupted iterations
sudden_spike   [   1% ] 01/12 VUs  00m09.2s/12m00.0s

running (00m40.0s), 01/12 VUs, 163 complete and 0 interrupted iterations
sudden_spike   [   1% ] 01/12 VUs  00m10.2s/12m00.0s

running (00m41.0s), 01/12 VUs, 171 complete and 0 interrupted iterations
sudden_spike   [   2% ] 01/12 VUs  00m11.2s/12m00.0s

running (00m42.0s), 01/12 VUs, 196 complete and 0 interrupted iterations
sudden_spike   [   2% ] 01/12 VUs  00m12.2s/12m00.0s

running (00m43.0s), 01/12 VUs, 201 complete and 0 interrupted iterations
sudden_spike   [   2% ] 01/12 VUs  00m13.2s/12m00.0s

running (00m44.0s), 01/12 VUs, 215 complete and 0 interrupted iterations
sudden_spike   [   2% ] 01/12 VUs  00m14.2s/12m00.0s

running (00m45.0s), 01/12 VUs, 218 complete and 0 interrupted iterations
sudden_spike   [   2% ] 01/12 VUs  00m15.2s/12m00.0s

running (00m46.0s), 01/12 VUs, 229 complete and 0 interrupted iterations
sudden_spike   [   2% ] 01/12 VUs  00m16.2s/12m00.0s

running (00m47.0s), 01/12 VUs, 232 complete and 0 interrupted iterations
sudden_spike   [   2% ] 01/12 VUs  00m17.2s/12m00.0s

running (00m48.0s), 01/12 VUs, 240 complete and 0 interrupted iterations
sudden_spike   [   3% ] 01/12 VUs  00m18.2s/12m00.0s

running (00m49.0s), 01/12 VUs, 253 complete and 0 interrupted iterations
sudden_spike   [   3% ] 01/12 VUs  00m19.2s/12m00.0s

running (00m50.0s), 01/12 VUs, 280 complete and 0 interrupted iterations
sudden_spike   [   3% ] 01/12 VUs  00m20.2s/12m00.0s

running (00m51.0s), 01/12 VUs, 287 complete and 0 interrupted iterations
sudden_spike   [   3% ] 01/12 VUs  00m21.2s/12m00.0s

running (00m52.0s), 01/12 VUs, 308 complete and 0 interrupted iterations
sudden_spike   [   3% ] 01/12 VUs  00m22.2s/12m00.0s

running (00m53.0s), 01/12 VUs, 316 complete and 0 interrupted iterations
sudden_spike   [   3% ] 01/12 VUs  00m23.2s/12m00.0s

running (00m54.0s), 01/12 VUs, 318 complete and 0 interrupted iterations
sudden_spike   [   3% ] 01/12 VUs  00m24.2s/12m00.0s

running (00m55.0s), 01/12 VUs, 335 complete and 0 interrupted iterations
sudden_spike   [   3% ] 01/12 VUs  00m25.2s/12m00.0s

running (00m56.0s), 01/12 VUs, 349 complete and 0 interrupted iterations
sudden_spike   [   4% ] 01/12 VUs  00m26.2s/12m00.0s

running (00m57.0s), 01/12 VUs, 384 complete and 0 interrupted iterations
sudden_spike   [   4% ] 01/12 VUs  00m27.2s/12m00.0s

running (00m58.0s), 01/12 VUs, 392 complete and 0 interrupted iterations
sudden_spike   [   4% ] 01/12 VUs  00m28.2s/12m00.0s

running (00m59.0s), 01/12 VUs, 396 complete and 0 interrupted iterations
sudden_spike   [   4% ] 01/12 VUs  00m29.2s/12m00.0s

running (01m00.0s), 01/12 VUs, 407 complete and 0 interrupted iterations
sudden_spike   [   4% ] 01/12 VUs  00m30.2s/12m00.0s

running (01m01.0s), 01/12 VUs, 416 complete and 0 interrupted iterations
sudden_spike   [   4% ] 01/12 VUs  00m31.2s/12m00.0s

running (01m02.0s), 01/12 VUs, 442 complete and 0 interrupted iterations
sudden_spike   [   4% ] 01/12 VUs  00m32.2s/12m00.0s

running (01m03.0s), 01/12 VUs, 450 complete and 0 interrupted iterations
sudden_spike   [   5% ] 01/12 VUs  00m33.2s/12m00.0s

running (01m04.0s), 01/12 VUs, 457 complete and 0 interrupted iterations
sudden_spike   [   5% ] 01/12 VUs  00m34.2s/12m00.0s

running (01m05.0s), 01/12 VUs, 464 complete and 0 interrupted iterations
sudden_spike   [   5% ] 01/12 VUs  00m35.2s/12m00.0s

running (01m06.0s), 01/12 VUs, 466 complete and 0 interrupted iterations
sudden_spike   [   5% ] 01/12 VUs  00m36.2s/12m00.0s

running (01m07.0s), 01/12 VUs, 472 complete and 0 interrupted iterations
sudden_spike   [   5% ] 01/12 VUs  00m37.2s/12m00.0s

running (01m08.0s), 01/12 VUs, 476 complete and 0 interrupted iterations
sudden_spike   [   5% ] 01/12 VUs  00m38.2s/12m00.0s

running (01m09.0s), 01/12 VUs, 485 complete and 0 interrupted iterations
sudden_spike   [   5% ] 01/12 VUs  00m39.2s/12m00.0s

running (01m10.0s), 01/12 VUs, 522 complete and 0 interrupted iterations
sudden_spike   [   6% ] 01/12 VUs  00m40.2s/12m00.0s

running (01m11.0s), 01/12 VUs, 527 complete and 0 interrupted iterations
sudden_spike   [   6% ] 01/12 VUs  00m41.2s/12m00.0s

running (01m12.0s), 01/12 VUs, 571 complete and 0 interrupted iterations
sudden_spike   [   6% ] 01/12 VUs  00m42.2s/12m00.0s

running (01m13.0s), 01/12 VUs, 582 complete and 0 interrupted iterations
sudden_spike   [   6% ] 01/12 VUs  00m43.2s/12m00.0s

running (01m14.0s), 01/12 VUs, 594 complete and 0 interrupted iterations
sudden_spike   [   6% ] 01/12 VUs  00m44.2s/12m00.0s

running (01m15.0s), 01/12 VUs, 612 complete and 0 interrupted iterations
sudden_spike   [   6% ] 01/12 VUs  00m45.2s/12m00.0s

running (01m16.0s), 01/12 VUs, 647 complete and 0 interrupted iterations
sudden_spike   [   6% ] 01/12 VUs  00m46.2s/12m00.0s

running (01m17.0s), 01/12 VUs, 652 complete and 0 interrupted iterations
sudden_spike   [   7% ] 01/12 VUs  00m47.2s/12m00.0s

running (01m18.0s), 01/12 VUs, 668 complete and 0 interrupted iterations
sudden_spike   [   7% ] 01/12 VUs  00m48.2s/12m00.0s

running (01m19.0s), 01/12 VUs, 679 complete and 0 interrupted iterations
sudden_spike   [   7% ] 01/12 VUs  00m49.2s/12m00.0s

running (01m20.0s), 01/12 VUs, 694 complete and 0 interrupted iterations
sudden_spike   [   7% ] 01/12 VUs  00m50.2s/12m00.0s

running (01m21.0s), 01/12 VUs, 698 complete and 0 interrupted iterations
sudden_spike   [   7% ] 01/12 VUs  00m51.2s/12m00.0s

running (01m22.0s), 01/12 VUs, 701 complete and 0 interrupted iterations
sudden_spike   [   7% ] 01/12 VUs  00m52.2s/12m00.0s

running (01m23.0s), 01/12 VUs, 708 complete and 0 interrupted iterations
sudden_spike   [   7% ] 01/12 VUs  00m53.2s/12m00.0s

running (01m24.0s), 01/12 VUs, 718 complete and 0 interrupted iterations
sudden_spike   [   8% ] 01/12 VUs  00m54.2s/12m00.0s

running (01m25.0s), 01/12 VUs, 733 complete and 0 interrupted iterations
sudden_spike   [   8% ] 01/12 VUs  00m55.2s/12m00.0s

running (01m26.0s), 01/12 VUs, 747 complete and 0 interrupted iterations
sudden_spike   [   8% ] 01/12 VUs  00m56.2s/12m00.0s

running (01m27.0s), 01/12 VUs, 765 complete and 0 interrupted iterations
sudden_spike   [   8% ] 01/12 VUs  00m57.2s/12m00.0s

running (01m28.0s), 01/12 VUs, 771 complete and 0 interrupted iterations
sudden_spike   [   8% ] 01/12 VUs  00m58.2s/12m00.0s

running (01m29.0s), 01/12 VUs, 780 complete and 0 interrupted iterations
sudden_spike   [   8% ] 01/12 VUs  00m59.2s/12m00.0s

running (01m30.0s), 01/12 VUs, 786 complete and 0 interrupted iterations
sudden_spike   [   8% ] 01/12 VUs  01m00.2s/12m00.0s

running (01m31.0s), 01/12 VUs, 809 complete and 0 interrupted iterations
sudden_spike   [   8% ] 01/12 VUs  01m01.2s/12m00.0s

running (01m32.0s), 01/12 VUs, 824 complete and 0 interrupted iterations
sudden_spike   [   9% ] 01/12 VUs  01m02.2s/12m00.0s

running (01m33.0s), 01/12 VUs, 827 complete and 0 interrupted iterations
sudden_spike   [   9% ] 01/12 VUs  01m03.2s/12m00.0s

running (01m34.0s), 01/12 VUs, 842 complete and 0 interrupted iterations
sudden_spike   [   9% ] 01/12 VUs  01m04.2s/12m00.0s

running (01m35.0s), 01/12 VUs, 869 complete and 0 interrupted iterations
sudden_spike   [   9% ] 01/12 VUs  01m05.2s/12m00.0s

running (01m36.0s), 01/12 VUs, 898 complete and 0 interrupted iterations
sudden_spike   [   9% ] 01/12 VUs  01m06.2s/12m00.0s

running (01m37.0s), 01/12 VUs, 906 complete and 0 interrupted iterations
sudden_spike   [   9% ] 01/12 VUs  01m07.2s/12m00.0s

running (01m38.0s), 01/12 VUs, 918 complete and 0 interrupted iterations
sudden_spike   [   9% ] 01/12 VUs  01m08.2s/12m00.0s

running (01m39.0s), 01/12 VUs, 951 complete and 0 interrupted iterations
sudden_spike   [  10% ] 01/12 VUs  01m09.2s/12m00.0s

running (01m40.0s), 01/12 VUs, 954 complete and 0 interrupted iterations
sudden_spike   [  10% ] 01/12 VUs  01m10.2s/12m00.0s

running (01m41.0s), 01/12 VUs, 974 complete and 0 interrupted iterations
sudden_spike   [  10% ] 01/12 VUs  01m11.2s/12m00.0s

running (01m42.0s), 01/12 VUs, 983 complete and 0 interrupted iterations
sudden_spike   [  10% ] 01/12 VUs  01m12.2s/12m00.0s

running (01m43.0s), 01/12 VUs, 1001 complete and 0 interrupted iterations
sudden_spike   [  10% ] 01/12 VUs  01m13.2s/12m00.0s

running (01m44.0s), 01/12 VUs, 1011 complete and 0 interrupted iterations
sudden_spike   [  10% ] 01/12 VUs  01m14.2s/12m00.0s

running (01m45.0s), 01/12 VUs, 1020 complete and 0 interrupted iterations
sudden_spike   [  10% ] 01/12 VUs  01m15.2s/12m00.0s

running (01m46.0s), 01/12 VUs, 1057 complete and 0 interrupted iterations
sudden_spike   [  11% ] 01/12 VUs  01m16.2s/12m00.0s

running (01m47.0s), 01/12 VUs, 1083 complete and 0 interrupted iterations
sudden_spike   [  11% ] 01/12 VUs  01m17.2s/12m00.0s

running (01m48.0s), 01/12 VUs, 1102 complete and 0 interrupted iterations
sudden_spike   [  11% ] 01/12 VUs  01m18.2s/12m00.0s

running (01m49.0s), 01/12 VUs, 1113 complete and 0 interrupted iterations
sudden_spike   [  11% ] 01/12 VUs  01m19.2s/12m00.0s

running (01m50.0s), 01/12 VUs, 1120 complete and 0 interrupted iterations
sudden_spike   [  11% ] 01/12 VUs  01m20.2s/12m00.0s

running (01m51.0s), 01/12 VUs, 1127 complete and 0 interrupted iterations
sudden_spike   [  11% ] 01/12 VUs  01m21.2s/12m00.0s

running (01m52.0s), 01/12 VUs, 1134 complete and 0 interrupted iterations
sudden_spike   [  11% ] 01/12 VUs  01m22.2s/12m00.0s

running (01m53.0s), 01/12 VUs, 1151 complete and 0 interrupted iterations
sudden_spike   [  12% ] 01/12 VUs  01m23.2s/12m00.0s

running (01m54.0s), 01/12 VUs, 1160 complete and 0 interrupted iterations
sudden_spike   [  12% ] 01/12 VUs  01m24.2s/12m00.0s

running (01m55.0s), 01/12 VUs, 1206 complete and 0 interrupted iterations
sudden_spike   [  12% ] 01/12 VUs  01m25.2s/12m00.0s

running (01m56.0s), 01/12 VUs, 1214 complete and 0 interrupted iterations
sudden_spike   [  12% ] 01/12 VUs  01m26.2s/12m00.0s

running (01m57.0s), 01/12 VUs, 1219 complete and 0 interrupted iterations
sudden_spike   [  12% ] 01/12 VUs  01m27.2s/12m00.0s

running (01m58.0s), 01/12 VUs, 1252 complete and 0 interrupted iterations
sudden_spike   [  12% ] 01/12 VUs  01m28.2s/12m00.0s

running (01m59.0s), 01/12 VUs, 1280 complete and 0 interrupted iterations
sudden_spike   [  12% ] 01/12 VUs  01m29.2s/12m00.0s

running (02m00.0s), 01/12 VUs, 1304 complete and 0 interrupted iterations
sudden_spike   [  13% ] 01/12 VUs  01m30.2s/12m00.0s

running (02m01.0s), 01/12 VUs, 1324 complete and 0 interrupted iterations
sudden_spike   [  13% ] 01/12 VUs  01m31.2s/12m00.0s

running (02m02.0s), 01/12 VUs, 1332 complete and 0 interrupted iterations
sudden_spike   [  13% ] 01/12 VUs  01m32.2s/12m00.0s

running (02m03.0s), 01/12 VUs, 1340 complete and 0 interrupted iterations
sudden_spike   [  13% ] 01/12 VUs  01m33.2s/12m00.0s

running (02m04.0s), 01/12 VUs, 1350 complete and 0 interrupted iterations
sudden_spike   [  13% ] 01/12 VUs  01m34.2s/12m00.0s

running (02m05.0s), 01/12 VUs, 1366 complete and 0 interrupted iterations
sudden_spike   [  13% ] 01/12 VUs  01m35.2s/12m00.0s

running (02m06.0s), 01/12 VUs, 1371 complete and 0 interrupted iterations
sudden_spike   [  13% ] 01/12 VUs  01m36.2s/12m00.0s

running (02m07.0s), 01/12 VUs, 1391 complete and 0 interrupted iterations
sudden_spike   [  13% ] 01/12 VUs  01m37.2s/12m00.0s

running (02m08.0s), 01/12 VUs, 1399 complete and 0 interrupted iterations
sudden_spike   [  14% ] 01/12 VUs  01m38.2s/12m00.0s

running (02m09.0s), 01/12 VUs, 1408 complete and 0 interrupted iterations
sudden_spike   [  14% ] 01/12 VUs  01m39.2s/12m00.0s

running (02m10.0s), 01/12 VUs, 1423 complete and 0 interrupted iterations
sudden_spike   [  14% ] 01/12 VUs  01m40.2s/12m00.0s

running (02m11.0s), 01/12 VUs, 1426 complete and 0 interrupted iterations
sudden_spike   [  14% ] 01/12 VUs  01m41.2s/12m00.0s

running (02m12.0s), 01/12 VUs, 1458 complete and 0 interrupted iterations
sudden_spike   [  14% ] 01/12 VUs  01m42.2s/12m00.0s

running (02m13.0s), 01/12 VUs, 1471 complete and 0 interrupted iterations
sudden_spike   [  14% ] 01/12 VUs  01m43.2s/12m00.0s

running (02m14.0s), 01/12 VUs, 1477 complete and 0 interrupted iterations
sudden_spike   [  14% ] 01/12 VUs  01m44.2s/12m00.0s

running (02m15.0s), 01/12 VUs, 1512 complete and 0 interrupted iterations
sudden_spike   [  15% ] 01/12 VUs  01m45.2s/12m00.0s

running (02m16.0s), 01/12 VUs, 1516 complete and 0 interrupted iterations
sudden_spike   [  15% ] 01/12 VUs  01m46.2s/12m00.0s

running (02m17.0s), 01/12 VUs, 1525 complete and 0 interrupted iterations
sudden_spike   [  15% ] 01/12 VUs  01m47.2s/12m00.0s

running (02m18.0s), 01/12 VUs, 1551 complete and 0 interrupted iterations
sudden_spike   [  15% ] 01/12 VUs  01m48.2s/12m00.0s

running (02m19.0s), 01/12 VUs, 1565 complete and 0 interrupted iterations
sudden_spike   [  15% ] 01/12 VUs  01m49.2s/12m00.0s

running (02m20.0s), 01/12 VUs, 1599 complete and 0 interrupted iterations
sudden_spike   [  15% ] 01/12 VUs  01m50.2s/12m00.0s

running (02m21.0s), 01/12 VUs, 1611 complete and 0 interrupted iterations
sudden_spike   [  15% ] 01/12 VUs  01m51.2s/12m00.0s

running (02m22.0s), 01/12 VUs, 1652 complete and 0 interrupted iterations
sudden_spike   [  16% ] 01/12 VUs  01m52.2s/12m00.0s

running (02m23.0s), 01/12 VUs, 1658 complete and 0 interrupted iterations
sudden_spike   [  16% ] 01/12 VUs  01m53.2s/12m00.0s

running (02m24.0s), 01/12 VUs, 1664 complete and 0 interrupted iterations
sudden_spike   [  16% ] 01/12 VUs  01m54.2s/12m00.0s

running (02m25.0s), 01/12 VUs, 1687 complete and 0 interrupted iterations
sudden_spike   [  16% ] 01/12 VUs  01m55.2s/12m00.0s

running (02m26.0s), 01/12 VUs, 1691 complete and 0 interrupted iterations
sudden_spike   [  16% ] 01/12 VUs  01m56.2s/12m00.0s

running (02m27.0s), 01/12 VUs, 1720 complete and 0 interrupted iterations
sudden_spike   [  16% ] 01/12 VUs  01m57.2s/12m00.0s

running (02m28.0s), 01/12 VUs, 1727 complete and 0 interrupted iterations
sudden_spike   [  16% ] 01/12 VUs  01m58.2s/12m00.0s

running (02m29.0s), 01/12 VUs, 1735 complete and 0 interrupted iterations
sudden_spike   [  17% ] 01/12 VUs  01m59.2s/12m00.0s

running (02m30.0s), 01/12 VUs, 1765 complete and 0 interrupted iterations
sudden_spike   [  17% ] 01/12 VUs  02m00.2s/12m00.0s

running (02m31.0s), 02/12 VUs, 1784 complete and 0 interrupted iterations
sudden_spike   [  17% ] 02/12 VUs  02m01.2s/12m00.0s

running (02m32.0s), 03/12 VUs, 1803 complete and 0 interrupted iterations
sudden_spike   [  17% ] 03/12 VUs  02m02.2s/12m00.0s

running (02m33.0s), 04/12 VUs, 1831 complete and 0 interrupted iterations
sudden_spike   [  17% ] 04/12 VUs  02m03.2s/12m00.0s

running (02m34.0s), 05/12 VUs, 1896 complete and 0 interrupted iterations
sudden_spike   [  17% ] 05/12 VUs  02m04.2s/12m00.0s

running (02m35.0s), 06/12 VUs, 1923 complete and 0 interrupted iterations
sudden_spike   [  17% ] 06/12 VUs  02m05.2s/12m00.0s

running (02m36.0s), 07/12 VUs, 1946 complete and 0 interrupted iterations
sudden_spike   [  18% ] 07/12 VUs  02m06.2s/12m00.0s

running (02m37.0s), 08/12 VUs, 1965 complete and 0 interrupted iterations
sudden_spike   [  18% ] 08/12 VUs  02m07.2s/12m00.0s

running (02m38.0s), 10/12 VUs, 2004 complete and 0 interrupted iterations
sudden_spike   [  18% ] 10/12 VUs  02m08.2s/12m00.0s

running (02m39.0s), 11/12 VUs, 2028 complete and 0 interrupted iterations
sudden_spike   [  18% ] 11/12 VUs  02m09.2s/12m00.0s

running (02m40.0s), 12/12 VUs, 2035 complete and 0 interrupted iterations
sudden_spike   [  18% ] 12/12 VUs  02m10.2s/12m00.0s

running (02m41.0s), 12/12 VUs, 2043 complete and 0 interrupted iterations
sudden_spike   [  18% ] 12/12 VUs  02m11.2s/12m00.0s

running (02m42.0s), 12/12 VUs, 2067 complete and 0 interrupted iterations
sudden_spike   [  18% ] 12/12 VUs  02m12.2s/12m00.0s

running (02m43.0s), 12/12 VUs, 2093 complete and 0 interrupted iterations
sudden_spike   [  18% ] 12/12 VUs  02m13.2s/12m00.0s

running (02m44.0s), 12/12 VUs, 2113 complete and 0 interrupted iterations
sudden_spike   [  19% ] 12/12 VUs  02m14.2s/12m00.0s

running (02m45.0s), 12/12 VUs, 2139 complete and 0 interrupted iterations
sudden_spike   [  19% ] 12/12 VUs  02m15.2s/12m00.0s

running (02m46.0s), 12/12 VUs, 2192 complete and 0 interrupted iterations
sudden_spike   [  19% ] 12/12 VUs  02m16.2s/12m00.0s

running (02m47.0s), 12/12 VUs, 2229 complete and 0 interrupted iterations
sudden_spike   [  19% ] 12/12 VUs  02m17.2s/12m00.0s

running (02m48.0s), 12/12 VUs, 2240 complete and 0 interrupted iterations
sudden_spike   [  19% ] 12/12 VUs  02m18.2s/12m00.0s

running (02m49.0s), 12/12 VUs, 2285 complete and 0 interrupted iterations
sudden_spike   [  19% ] 12/12 VUs  02m19.2s/12m00.0s

running (02m50.0s), 12/12 VUs, 2324 complete and 0 interrupted iterations
sudden_spike   [  19% ] 12/12 VUs  02m20.2s/12m00.0s

running (02m51.0s), 12/12 VUs, 2360 complete and 0 interrupted iterations
sudden_spike   [  20% ] 12/12 VUs  02m21.2s/12m00.0s

running (02m52.0s), 12/12 VUs, 2415 complete and 0 interrupted iterations
sudden_spike   [  20% ] 12/12 VUs  02m22.2s/12m00.0s

running (02m53.0s), 12/12 VUs, 2441 complete and 0 interrupted iterations
sudden_spike   [  20% ] 12/12 VUs  02m23.2s/12m00.0s

running (02m54.0s), 12/12 VUs, 2466 complete and 0 interrupted iterations
sudden_spike   [  20% ] 12/12 VUs  02m24.2s/12m00.0s

running (02m55.0s), 12/12 VUs, 2498 complete and 0 interrupted iterations
sudden_spike   [  20% ] 12/12 VUs  02m25.2s/12m00.0s

running (02m56.0s), 12/12 VUs, 2532 complete and 0 interrupted iterations
sudden_spike   [  20% ] 12/12 VUs  02m26.2s/12m00.0s

running (02m57.0s), 12/12 VUs, 2564 complete and 0 interrupted iterations
sudden_spike   [  20% ] 12/12 VUs  02m27.2s/12m00.0s

running (02m58.0s), 12/12 VUs, 2582 complete and 0 interrupted iterations
sudden_spike   [  21% ] 12/12 VUs  02m28.2s/12m00.0s

running (02m59.0s), 12/12 VUs, 2600 complete and 0 interrupted iterations
sudden_spike   [  21% ] 12/12 VUs  02m29.2s/12m00.0s

running (03m00.0s), 12/12 VUs, 2612 complete and 0 interrupted iterations
sudden_spike   [  21% ] 12/12 VUs  02m30.2s/12m00.0s

running (03m01.0s), 12/12 VUs, 2631 complete and 0 interrupted iterations
sudden_spike   [  21% ] 12/12 VUs  02m31.2s/12m00.0s

running (03m02.0s), 12/12 VUs, 2658 complete and 0 interrupted iterations
sudden_spike   [  21% ] 12/12 VUs  02m32.2s/12m00.0s

running (03m03.0s), 12/12 VUs, 2684 complete and 0 interrupted iterations
sudden_spike   [  21% ] 12/12 VUs  02m33.2s/12m00.0s

running (03m04.0s), 12/12 VUs, 2737 complete and 0 interrupted iterations
sudden_spike   [  21% ] 12/12 VUs  02m34.2s/12m00.0s

running (03m05.0s), 12/12 VUs, 2753 complete and 0 interrupted iterations
sudden_spike   [  22% ] 12/12 VUs  02m35.2s/12m00.0s

running (03m06.0s), 12/12 VUs, 2770 complete and 0 interrupted iterations
sudden_spike   [  22% ] 12/12 VUs  02m36.2s/12m00.0s

running (03m07.0s), 12/12 VUs, 2795 complete and 0 interrupted iterations
sudden_spike   [  22% ] 12/12 VUs  02m37.2s/12m00.0s

running (03m08.0s), 12/12 VUs, 2816 complete and 0 interrupted iterations
sudden_spike   [  22% ] 12/12 VUs  02m38.2s/12m00.0s

running (03m09.0s), 12/12 VUs, 2848 complete and 0 interrupted iterations
sudden_spike   [  22% ] 12/12 VUs  02m39.2s/12m00.0s

running (03m10.0s), 12/12 VUs, 2890 complete and 0 interrupted iterations
sudden_spike   [  22% ] 12/12 VUs  02m40.2s/12m00.0s

running (03m11.0s), 12/12 VUs, 2924 complete and 0 interrupted iterations
sudden_spike   [  22% ] 12/12 VUs  02m41.2s/12m00.0s

running (03m12.0s), 12/12 VUs, 2953 complete and 0 interrupted iterations
sudden_spike   [  23% ] 12/12 VUs  02m42.2s/12m00.0s

running (03m13.0s), 12/12 VUs, 2989 complete and 0 interrupted iterations
sudden_spike   [  23% ] 12/12 VUs  02m43.2s/12m00.0s

running (03m14.0s), 12/12 VUs, 3042 complete and 0 interrupted iterations
sudden_spike   [  23% ] 12/12 VUs  02m44.2s/12m00.0s

running (03m15.0s), 12/12 VUs, 3066 complete and 0 interrupted iterations
sudden_spike   [  23% ] 12/12 VUs  02m45.2s/12m00.0s

running (03m16.0s), 12/12 VUs, 3081 complete and 0 interrupted iterations
sudden_spike   [  23% ] 12/12 VUs  02m46.2s/12m00.0s

running (03m17.0s), 12/12 VUs, 3120 complete and 0 interrupted iterations
sudden_spike   [  23% ] 12/12 VUs  02m47.2s/12m00.0s

running (03m18.0s), 12/12 VUs, 3151 complete and 0 interrupted iterations
sudden_spike   [  23% ] 12/12 VUs  02m48.2s/12m00.0s

running (03m19.0s), 12/12 VUs, 3159 complete and 0 interrupted iterations
sudden_spike   [  23% ] 12/12 VUs  02m49.2s/12m00.0s

running (03m20.0s), 12/12 VUs, 3182 complete and 0 interrupted iterations
sudden_spike   [  24% ] 12/12 VUs  02m50.2s/12m00.0s

running (03m21.0s), 12/12 VUs, 3209 complete and 0 interrupted iterations
sudden_spike   [  24% ] 12/12 VUs  02m51.2s/12m00.0s

running (03m22.0s), 12/12 VUs, 3265 complete and 0 interrupted iterations
sudden_spike   [  24% ] 12/12 VUs  02m52.2s/12m00.0s

running (03m23.0s), 12/12 VUs, 3303 complete and 0 interrupted iterations
sudden_spike   [  24% ] 12/12 VUs  02m53.2s/12m00.0s

running (03m24.0s), 12/12 VUs, 3357 complete and 0 interrupted iterations
sudden_spike   [  24% ] 12/12 VUs  02m54.2s/12m00.0s

running (03m25.0s), 12/12 VUs, 3420 complete and 0 interrupted iterations
sudden_spike   [  24% ] 12/12 VUs  02m55.2s/12m00.0s

running (03m26.0s), 12/12 VUs, 3487 complete and 0 interrupted iterations
sudden_spike   [  24% ] 12/12 VUs  02m56.2s/12m00.0s

running (03m27.0s), 12/12 VUs, 3537 complete and 0 interrupted iterations
sudden_spike   [  25% ] 12/12 VUs  02m57.2s/12m00.0s

running (03m28.0s), 12/12 VUs, 3566 complete and 0 interrupted iterations
sudden_spike   [  25% ] 12/12 VUs  02m58.2s/12m00.0s

running (03m29.0s), 12/12 VUs, 3620 complete and 0 interrupted iterations
sudden_spike   [  25% ] 12/12 VUs  02m59.2s/12m00.0s

running (03m30.0s), 12/12 VUs, 3691 complete and 0 interrupted iterations
sudden_spike   [  25% ] 12/12 VUs  03m00.2s/12m00.0s

running (03m31.0s), 12/12 VUs, 3732 complete and 0 interrupted iterations
sudden_spike   [  25% ] 12/12 VUs  03m01.2s/12m00.0s

running (03m32.0s), 12/12 VUs, 3766 complete and 0 interrupted iterations
sudden_spike   [  25% ] 12/12 VUs  03m02.2s/12m00.0s

running (03m33.0s), 12/12 VUs, 3813 complete and 0 interrupted iterations
sudden_spike   [  25% ] 12/12 VUs  03m03.2s/12m00.0s

running (03m34.0s), 12/12 VUs, 3865 complete and 0 interrupted iterations
sudden_spike   [  26% ] 12/12 VUs  03m04.2s/12m00.0s

running (03m35.0s), 12/12 VUs, 3913 complete and 0 interrupted iterations
sudden_spike   [  26% ] 12/12 VUs  03m05.2s/12m00.0s

running (03m36.0s), 12/12 VUs, 3958 complete and 0 interrupted iterations
sudden_spike   [  26% ] 12/12 VUs  03m06.2s/12m00.0s

running (03m37.0s), 12/12 VUs, 4017 complete and 0 interrupted iterations
sudden_spike   [  26% ] 12/12 VUs  03m07.2s/12m00.0s

running (03m38.0s), 12/12 VUs, 4093 complete and 0 interrupted iterations
sudden_spike   [  26% ] 12/12 VUs  03m08.2s/12m00.0s

running (03m39.0s), 12/12 VUs, 4148 complete and 0 interrupted iterations
sudden_spike   [  26% ] 12/12 VUs  03m09.2s/12m00.0s

running (03m40.0s), 12/12 VUs, 4173 complete and 0 interrupted iterations
sudden_spike   [  26% ] 12/12 VUs  03m10.2s/12m00.0s

running (03m41.0s), 12/12 VUs, 4185 complete and 0 interrupted iterations
sudden_spike   [  27% ] 12/12 VUs  03m11.2s/12m00.0s

running (03m42.0s), 12/12 VUs, 4252 complete and 0 interrupted iterations
sudden_spike   [  27% ] 12/12 VUs  03m12.2s/12m00.0s

running (03m43.0s), 12/12 VUs, 4319 complete and 0 interrupted iterations
sudden_spike   [  27% ] 12/12 VUs  03m13.2s/12m00.0s

running (03m44.0s), 12/12 VUs, 4379 complete and 0 interrupted iterations
sudden_spike   [  27% ] 12/12 VUs  03m14.2s/12m00.0s

running (03m45.0s), 12/12 VUs, 4407 complete and 0 interrupted iterations
sudden_spike   [  27% ] 12/12 VUs  03m15.2s/12m00.0s

running (03m46.0s), 12/12 VUs, 4451 complete and 0 interrupted iterations
sudden_spike   [  27% ] 12/12 VUs  03m16.2s/12m00.0s

running (03m47.0s), 12/12 VUs, 4487 complete and 0 interrupted iterations
sudden_spike   [  27% ] 12/12 VUs  03m17.2s/12m00.0s

running (03m48.0s), 12/12 VUs, 4563 complete and 0 interrupted iterations
sudden_spike   [  28% ] 12/12 VUs  03m18.2s/12m00.0s

running (03m49.0s), 12/12 VUs, 4620 complete and 0 interrupted iterations
sudden_spike   [  28% ] 12/12 VUs  03m19.2s/12m00.0s

running (03m50.0s), 12/12 VUs, 4649 complete and 0 interrupted iterations
sudden_spike   [  28% ] 12/12 VUs  03m20.2s/12m00.0s

running (03m51.0s), 12/12 VUs, 4689 complete and 0 interrupted iterations
sudden_spike   [  28% ] 12/12 VUs  03m21.2s/12m00.0s

running (03m52.0s), 12/12 VUs, 4743 complete and 0 interrupted iterations
sudden_spike   [  28% ] 12/12 VUs  03m22.2s/12m00.0s

running (03m53.0s), 12/12 VUs, 4800 complete and 0 interrupted iterations
sudden_spike   [  28% ] 12/12 VUs  03m23.2s/12m00.0s

running (03m54.0s), 12/12 VUs, 4841 complete and 0 interrupted iterations
sudden_spike   [  28% ] 12/12 VUs  03m24.2s/12m00.0s

running (03m55.0s), 12/12 VUs, 4901 complete and 0 interrupted iterations
sudden_spike   [  28% ] 12/12 VUs  03m25.2s/12m00.0s

running (03m56.0s), 12/12 VUs, 4962 complete and 0 interrupted iterations
sudden_spike   [  29% ] 12/12 VUs  03m26.2s/12m00.0s

running (03m57.0s), 12/12 VUs, 4990 complete and 0 interrupted iterations
sudden_spike   [  29% ] 12/12 VUs  03m27.2s/12m00.0s

running (03m58.0s), 12/12 VUs, 5040 complete and 0 interrupted iterations
sudden_spike   [  29% ] 12/12 VUs  03m28.2s/12m00.0s

running (03m59.0s), 12/12 VUs, 5085 complete and 0 interrupted iterations
sudden_spike   [  29% ] 12/12 VUs  03m29.2s/12m00.0s

running (04m00.0s), 12/12 VUs, 5125 complete and 0 interrupted iterations
sudden_spike   [  29% ] 12/12 VUs  03m30.2s/12m00.0s

running (04m01.0s), 12/12 VUs, 5226 complete and 0 interrupted iterations
sudden_spike   [  29% ] 12/12 VUs  03m31.2s/12m00.0s

running (04m02.0s), 12/12 VUs, 5267 complete and 0 interrupted iterations
sudden_spike   [  29% ] 12/12 VUs  03m32.2s/12m00.0s

running (04m03.0s), 12/12 VUs, 5320 complete and 0 interrupted iterations
sudden_spike   [  30% ] 12/12 VUs  03m33.2s/12m00.0s

running (04m04.0s), 12/12 VUs, 5382 complete and 0 interrupted iterations
sudden_spike   [  30% ] 12/12 VUs  03m34.2s/12m00.0s

running (04m05.0s), 12/12 VUs, 5437 complete and 0 interrupted iterations
sudden_spike   [  30% ] 12/12 VUs  03m35.2s/12m00.0s

running (04m06.0s), 12/12 VUs, 5508 complete and 0 interrupted iterations
sudden_spike   [  30% ] 12/12 VUs  03m36.2s/12m00.0s

running (04m07.0s), 12/12 VUs, 5561 complete and 0 interrupted iterations
sudden_spike   [  30% ] 12/12 VUs  03m37.2s/12m00.0s

running (04m08.0s), 12/12 VUs, 5607 complete and 0 interrupted iterations
sudden_spike   [  30% ] 12/12 VUs  03m38.2s/12m00.0s

running (04m09.0s), 12/12 VUs, 5641 complete and 0 interrupted iterations
sudden_spike   [  30% ] 12/12 VUs  03m39.2s/12m00.0s

running (04m10.0s), 12/12 VUs, 5672 complete and 0 interrupted iterations
sudden_spike   [  31% ] 12/12 VUs  03m40.2s/12m00.0s

running (04m11.0s), 12/12 VUs, 5713 complete and 0 interrupted iterations
sudden_spike   [  31% ] 12/12 VUs  03m41.2s/12m00.0s

running (04m12.0s), 12/12 VUs, 5746 complete and 0 interrupted iterations
sudden_spike   [  31% ] 12/12 VUs  03m42.2s/12m00.0s

running (04m13.0s), 12/12 VUs, 5791 complete and 0 interrupted iterations
sudden_spike   [  31% ] 12/12 VUs  03m43.2s/12m00.0s

running (04m14.0s), 12/12 VUs, 5820 complete and 0 interrupted iterations
sudden_spike   [  31% ] 12/12 VUs  03m44.2s/12m00.0s

running (04m15.0s), 12/12 VUs, 5847 complete and 0 interrupted iterations
sudden_spike   [  31% ] 12/12 VUs  03m45.2s/12m00.0s

running (04m16.0s), 12/12 VUs, 5872 complete and 0 interrupted iterations
sudden_spike   [  31% ] 12/12 VUs  03m46.2s/12m00.0s

running (04m17.0s), 12/12 VUs, 5913 complete and 0 interrupted iterations
sudden_spike   [  32% ] 12/12 VUs  03m47.2s/12m00.0s

running (04m18.0s), 12/12 VUs, 5929 complete and 0 interrupted iterations
sudden_spike   [  32% ] 12/12 VUs  03m48.2s/12m00.0s

running (04m19.0s), 12/12 VUs, 5973 complete and 0 interrupted iterations
sudden_spike   [  32% ] 12/12 VUs  03m49.2s/12m00.0s

running (04m20.0s), 12/12 VUs, 6039 complete and 0 interrupted iterations
sudden_spike   [  32% ] 12/12 VUs  03m50.2s/12m00.0s

running (04m21.0s), 12/12 VUs, 6068 complete and 0 interrupted iterations
sudden_spike   [  32% ] 12/12 VUs  03m51.2s/12m00.0s

running (04m22.0s), 12/12 VUs, 6146 complete and 0 interrupted iterations
sudden_spike   [  32% ] 12/12 VUs  03m52.2s/12m00.0s

running (04m23.0s), 12/12 VUs, 6177 complete and 0 interrupted iterations
sudden_spike   [  32% ] 12/12 VUs  03m53.2s/12m00.0s

running (04m24.0s), 12/12 VUs, 6210 complete and 0 interrupted iterations
sudden_spike   [  33% ] 12/12 VUs  03m54.2s/12m00.0s

running (04m25.0s), 12/12 VUs, 6245 complete and 0 interrupted iterations
sudden_spike   [  33% ] 12/12 VUs  03m55.2s/12m00.0s

running (04m26.0s), 12/12 VUs, 6297 complete and 0 interrupted iterations
sudden_spike   [  33% ] 12/12 VUs  03m56.2s/12m00.0s

running (04m27.0s), 12/12 VUs, 6344 complete and 0 interrupted iterations
sudden_spike   [  33% ] 12/12 VUs  03m57.2s/12m00.0s

running (04m28.0s), 12/12 VUs, 6392 complete and 0 interrupted iterations
sudden_spike   [  33% ] 12/12 VUs  03m58.2s/12m00.0s

running (04m29.0s), 12/12 VUs, 6452 complete and 0 interrupted iterations
sudden_spike   [  33% ] 12/12 VUs  03m59.2s/12m00.0s

running (04m30.0s), 12/12 VUs, 6492 complete and 0 interrupted iterations
sudden_spike   [  33% ] 12/12 VUs  04m00.2s/12m00.0s

running (04m31.0s), 12/12 VUs, 6532 complete and 0 interrupted iterations
sudden_spike   [  33% ] 12/12 VUs  04m01.2s/12m00.0s

running (04m32.0s), 12/12 VUs, 6568 complete and 0 interrupted iterations
sudden_spike   [  34% ] 12/12 VUs  04m02.2s/12m00.0s

running (04m33.0s), 12/12 VUs, 6596 complete and 0 interrupted iterations
sudden_spike   [  34% ] 12/12 VUs  04m03.2s/12m00.0s

running (04m34.0s), 12/12 VUs, 6672 complete and 0 interrupted iterations
sudden_spike   [  34% ] 12/12 VUs  04m04.2s/12m00.0s

running (04m35.0s), 12/12 VUs, 6715 complete and 0 interrupted iterations
sudden_spike   [  34% ] 12/12 VUs  04m05.2s/12m00.0s

running (04m36.0s), 12/12 VUs, 6756 complete and 0 interrupted iterations
sudden_spike   [  34% ] 12/12 VUs  04m06.2s/12m00.0s

running (04m37.0s), 12/12 VUs, 6789 complete and 0 interrupted iterations
sudden_spike   [  34% ] 12/12 VUs  04m07.2s/12m00.0s

running (04m38.0s), 12/12 VUs, 6854 complete and 0 interrupted iterations
sudden_spike   [  34% ] 12/12 VUs  04m08.2s/12m00.0s

running (04m39.0s), 12/12 VUs, 6916 complete and 0 interrupted iterations
sudden_spike   [  35% ] 12/12 VUs  04m09.2s/12m00.0s

running (04m40.0s), 12/12 VUs, 6945 complete and 0 interrupted iterations
sudden_spike   [  35% ] 12/12 VUs  04m10.2s/12m00.0s

running (04m41.0s), 12/12 VUs, 6987 complete and 0 interrupted iterations
sudden_spike   [  35% ] 12/12 VUs  04m11.2s/12m00.0s

running (04m42.0s), 12/12 VUs, 7021 complete and 0 interrupted iterations
sudden_spike   [  35% ] 12/12 VUs  04m12.2s/12m00.0s

running (04m43.0s), 12/12 VUs, 7072 complete and 0 interrupted iterations
sudden_spike   [  35% ] 12/12 VUs  04m13.2s/12m00.0s

running (04m44.0s), 12/12 VUs, 7109 complete and 0 interrupted iterations
sudden_spike   [  35% ] 12/12 VUs  04m14.2s/12m00.0s

running (04m45.0s), 12/12 VUs, 7135 complete and 0 interrupted iterations
sudden_spike   [  35% ] 12/12 VUs  04m15.2s/12m00.0s

running (04m46.0s), 12/12 VUs, 7135 complete and 0 interrupted iterations
sudden_spike   [  36% ] 12/12 VUs  04m16.2s/12m00.0s

running (04m47.0s), 12/12 VUs, 7135 complete and 0 interrupted iterations
sudden_spike   [  36% ] 12/12 VUs  04m17.2s/12m00.0s

running (04m48.0s), 12/12 VUs, 7168 complete and 0 interrupted iterations
sudden_spike   [  36% ] 12/12 VUs  04m18.2s/12m00.0s

running (04m49.0s), 12/12 VUs, 7228 complete and 0 interrupted iterations
sudden_spike   [  36% ] 12/12 VUs  04m19.2s/12m00.0s

running (04m50.0s), 12/12 VUs, 7232 complete and 0 interrupted iterations
sudden_spike   [  36% ] 12/12 VUs  04m20.2s/12m00.0s

running (04m51.0s), 12/12 VUs, 7296 complete and 0 interrupted iterations
sudden_spike   [  36% ] 12/12 VUs  04m21.2s/12m00.0s

running (04m52.0s), 12/12 VUs, 7336 complete and 0 interrupted iterations
sudden_spike   [  36% ] 12/12 VUs  04m22.2s/12m00.0s

running (04m53.0s), 12/12 VUs, 7378 complete and 0 interrupted iterations
sudden_spike   [  37% ] 12/12 VUs  04m23.2s/12m00.0s

running (04m54.0s), 12/12 VUs, 7431 complete and 0 interrupted iterations
sudden_spike   [  37% ] 12/12 VUs  04m24.2s/12m00.0s

running (04m55.0s), 12/12 VUs, 7465 complete and 0 interrupted iterations
sudden_spike   [  37% ] 12/12 VUs  04m25.2s/12m00.0s

running (04m56.0s), 12/12 VUs, 7514 complete and 0 interrupted iterations
sudden_spike   [  37% ] 12/12 VUs  04m26.2s/12m00.0s

running (04m57.0s), 12/12 VUs, 7555 complete and 0 interrupted iterations
sudden_spike   [  37% ] 12/12 VUs  04m27.2s/12m00.0s

running (04m58.0s), 12/12 VUs, 7625 complete and 0 interrupted iterations
sudden_spike   [  37% ] 12/12 VUs  04m28.2s/12m00.0s

running (04m59.0s), 12/12 VUs, 7654 complete and 0 interrupted iterations
sudden_spike   [  37% ] 12/12 VUs  04m29.2s/12m00.0s

running (05m00.0s), 12/12 VUs, 7691 complete and 0 interrupted iterations
sudden_spike   [  38% ] 12/12 VUs  04m30.2s/12m00.0s

running (05m01.0s), 12/12 VUs, 7718 complete and 0 interrupted iterations
sudden_spike   [  38% ] 12/12 VUs  04m31.2s/12m00.0s

running (05m02.0s), 12/12 VUs, 7790 complete and 0 interrupted iterations
sudden_spike   [  38% ] 12/12 VUs  04m32.2s/12m00.0s

running (05m03.0s), 12/12 VUs, 7856 complete and 0 interrupted iterations
sudden_spike   [  38% ] 12/12 VUs  04m33.2s/12m00.0s

running (05m04.0s), 12/12 VUs, 7900 complete and 0 interrupted iterations
sudden_spike   [  38% ] 12/12 VUs  04m34.2s/12m00.0s

running (05m05.0s), 12/12 VUs, 7961 complete and 0 interrupted iterations
sudden_spike   [  38% ] 12/12 VUs  04m35.2s/12m00.0s

running (05m06.0s), 12/12 VUs, 7987 complete and 0 interrupted iterations
sudden_spike   [  38% ] 12/12 VUs  04m36.2s/12m00.0s

running (05m07.0s), 12/12 VUs, 8021 complete and 0 interrupted iterations
sudden_spike   [  38% ] 12/12 VUs  04m37.2s/12m00.0s

running (05m08.0s), 12/12 VUs, 8089 complete and 0 interrupted iterations
sudden_spike   [  39% ] 12/12 VUs  04m38.2s/12m00.0s

running (05m09.0s), 12/12 VUs, 8160 complete and 0 interrupted iterations
sudden_spike   [  39% ] 12/12 VUs  04m39.2s/12m00.0s

running (05m10.0s), 12/12 VUs, 8208 complete and 0 interrupted iterations
sudden_spike   [  39% ] 12/12 VUs  04m40.2s/12m00.0s

running (05m11.0s), 12/12 VUs, 8278 complete and 0 interrupted iterations
sudden_spike   [  39% ] 12/12 VUs  04m41.2s/12m00.0s

running (05m12.0s), 12/12 VUs, 8299 complete and 0 interrupted iterations
sudden_spike   [  39% ] 12/12 VUs  04m42.2s/12m00.0s

running (05m13.0s), 12/12 VUs, 8349 complete and 0 interrupted iterations
sudden_spike   [  39% ] 12/12 VUs  04m43.2s/12m00.0s

running (05m14.0s), 12/12 VUs, 8401 complete and 0 interrupted iterations
sudden_spike   [  39% ] 12/12 VUs  04m44.2s/12m00.0s

running (05m15.0s), 12/12 VUs, 8453 complete and 0 interrupted iterations
sudden_spike   [  40% ] 12/12 VUs  04m45.2s/12m00.0s

running (05m16.0s), 12/12 VUs, 8507 complete and 0 interrupted iterations
sudden_spike   [  40% ] 12/12 VUs  04m46.2s/12m00.0s

running (05m17.0s), 12/12 VUs, 8549 complete and 0 interrupted iterations
sudden_spike   [  40% ] 12/12 VUs  04m47.2s/12m00.0s

running (05m18.0s), 12/12 VUs, 8586 complete and 0 interrupted iterations
sudden_spike   [  40% ] 12/12 VUs  04m48.2s/12m00.0s

running (05m19.0s), 12/12 VUs, 8630 complete and 0 interrupted iterations
sudden_spike   [  40% ] 12/12 VUs  04m49.2s/12m00.0s

running (05m20.0s), 12/12 VUs, 8656 complete and 0 interrupted iterations
sudden_spike   [  40% ] 12/12 VUs  04m50.2s/12m00.0s

running (05m21.0s), 12/12 VUs, 8686 complete and 0 interrupted iterations
sudden_spike   [  40% ] 12/12 VUs  04m51.2s/12m00.0s

running (05m22.0s), 12/12 VUs, 8723 complete and 0 interrupted iterations
sudden_spike   [  41% ] 12/12 VUs  04m52.2s/12m00.0s

running (05m23.0s), 12/12 VUs, 8776 complete and 0 interrupted iterations
sudden_spike   [  41% ] 12/12 VUs  04m53.2s/12m00.0s

running (05m24.0s), 12/12 VUs, 8827 complete and 0 interrupted iterations
sudden_spike   [  41% ] 12/12 VUs  04m54.2s/12m00.0s

running (05m25.0s), 12/12 VUs, 8886 complete and 0 interrupted iterations
sudden_spike   [  41% ] 12/12 VUs  04m55.2s/12m00.0s

running (05m26.0s), 12/12 VUs, 8928 complete and 0 interrupted iterations
sudden_spike   [  41% ] 12/12 VUs  04m56.2s/12m00.0s

running (05m27.0s), 12/12 VUs, 8980 complete and 0 interrupted iterations
sudden_spike   [  41% ] 12/12 VUs  04m57.2s/12m00.0s

running (05m28.0s), 12/12 VUs, 9045 complete and 0 interrupted iterations
sudden_spike   [  41% ] 12/12 VUs  04m58.2s/12m00.0s

running (05m29.0s), 12/12 VUs, 9082 complete and 0 interrupted iterations
sudden_spike   [  42% ] 12/12 VUs  04m59.2s/12m00.0s

running (05m30.0s), 12/12 VUs, 9100 complete and 0 interrupted iterations
sudden_spike   [  42% ] 12/12 VUs  05m00.2s/12m00.0s

running (05m31.0s), 12/12 VUs, 9161 complete and 0 interrupted iterations
sudden_spike   [  42% ] 12/12 VUs  05m01.2s/12m00.0s

running (05m32.0s), 12/12 VUs, 9253 complete and 0 interrupted iterations
sudden_spike   [  42% ] 12/12 VUs  05m02.2s/12m00.0s

running (05m33.0s), 12/12 VUs, 9302 complete and 0 interrupted iterations
sudden_spike   [  42% ] 12/12 VUs  05m03.2s/12m00.0s

running (05m34.0s), 12/12 VUs, 9335 complete and 0 interrupted iterations
sudden_spike   [  42% ] 12/12 VUs  05m04.2s/12m00.0s

running (05m35.0s), 12/12 VUs, 9392 complete and 0 interrupted iterations
sudden_spike   [  42% ] 12/12 VUs  05m05.2s/12m00.0s

running (05m36.0s), 12/12 VUs, 9473 complete and 0 interrupted iterations
sudden_spike   [  43% ] 12/12 VUs  05m06.2s/12m00.0s

running (05m37.0s), 12/12 VUs, 9555 complete and 0 interrupted iterations
sudden_spike   [  43% ] 12/12 VUs  05m07.2s/12m00.0s

running (05m38.0s), 12/12 VUs, 9625 complete and 0 interrupted iterations
sudden_spike   [  43% ] 12/12 VUs  05m08.2s/12m00.0s

running (05m39.0s), 12/12 VUs, 9669 complete and 0 interrupted iterations
sudden_spike   [  43% ] 12/12 VUs  05m09.2s/12m00.0s

running (05m40.0s), 12/12 VUs, 9715 complete and 0 interrupted iterations
sudden_spike   [  43% ] 12/12 VUs  05m10.2s/12m00.0s

running (05m41.0s), 12/12 VUs, 9736 complete and 0 interrupted iterations
sudden_spike   [  43% ] 12/12 VUs  05m11.2s/12m00.0s

running (05m42.0s), 12/12 VUs, 9766 complete and 0 interrupted iterations
sudden_spike   [  43% ] 12/12 VUs  05m12.2s/12m00.0s

running (05m43.0s), 12/12 VUs, 9793 complete and 0 interrupted iterations
sudden_spike   [  43% ] 12/12 VUs  05m13.2s/12m00.0s

running (05m44.0s), 12/12 VUs, 9844 complete and 0 interrupted iterations
sudden_spike   [  44% ] 12/12 VUs  05m14.2s/12m00.0s

running (05m45.0s), 12/12 VUs, 9905 complete and 0 interrupted iterations
sudden_spike   [  44% ] 12/12 VUs  05m15.2s/12m00.0s

running (05m46.0s), 12/12 VUs, 9943 complete and 0 interrupted iterations
sudden_spike   [  44% ] 12/12 VUs  05m16.2s/12m00.0s

running (05m47.0s), 12/12 VUs, 9975 complete and 0 interrupted iterations
sudden_spike   [  44% ] 12/12 VUs  05m17.2s/12m00.0s

running (05m48.0s), 12/12 VUs, 10003 complete and 0 interrupted iterations
sudden_spike   [  44% ] 12/12 VUs  05m18.2s/12m00.0s

running (05m49.0s), 12/12 VUs, 10054 complete and 0 interrupted iterations
sudden_spike   [  44% ] 12/12 VUs  05m19.2s/12m00.0s

running (05m50.0s), 12/12 VUs, 10144 complete and 0 interrupted iterations
sudden_spike   [  44% ] 12/12 VUs  05m20.2s/12m00.0s

running (05m51.0s), 12/12 VUs, 10173 complete and 0 interrupted iterations
sudden_spike   [  45% ] 12/12 VUs  05m21.2s/12m00.0s

running (05m52.0s), 12/12 VUs, 10221 complete and 0 interrupted iterations
sudden_spike   [  45% ] 12/12 VUs  05m22.2s/12m00.0s

running (05m53.0s), 12/12 VUs, 10261 complete and 0 interrupted iterations
sudden_spike   [  45% ] 12/12 VUs  05m23.2s/12m00.0s

running (05m54.0s), 12/12 VUs, 10287 complete and 0 interrupted iterations
sudden_spike   [  45% ] 12/12 VUs  05m24.2s/12m00.0s

running (05m55.0s), 12/12 VUs, 10332 complete and 0 interrupted iterations
sudden_spike   [  45% ] 12/12 VUs  05m25.2s/12m00.0s

running (05m56.0s), 12/12 VUs, 10387 complete and 0 interrupted iterations
sudden_spike   [  45% ] 12/12 VUs  05m26.2s/12m00.0s

running (05m57.0s), 12/12 VUs, 10434 complete and 0 interrupted iterations
sudden_spike   [  45% ] 12/12 VUs  05m27.2s/12m00.0s

running (05m58.0s), 12/12 VUs, 10480 complete and 0 interrupted iterations
sudden_spike   [  46% ] 12/12 VUs  05m28.2s/12m00.0s

running (05m59.0s), 12/12 VUs, 10525 complete and 0 interrupted iterations
sudden_spike   [  46% ] 12/12 VUs  05m29.2s/12m00.0s

running (06m00.0s), 12/12 VUs, 10586 complete and 0 interrupted iterations
sudden_spike   [  46% ] 12/12 VUs  05m30.2s/12m00.0s

running (06m01.0s), 12/12 VUs, 10626 complete and 0 interrupted iterations
sudden_spike   [  46% ] 12/12 VUs  05m31.2s/12m00.0s

running (06m02.0s), 12/12 VUs, 10670 complete and 0 interrupted iterations
sudden_spike   [  46% ] 12/12 VUs  05m32.2s/12m00.0s

running (06m03.0s), 12/12 VUs, 10713 complete and 0 interrupted iterations
sudden_spike   [  46% ] 12/12 VUs  05m33.2s/12m00.0s

running (06m04.0s), 12/12 VUs, 10780 complete and 0 interrupted iterations
sudden_spike   [  46% ] 12/12 VUs  05m34.2s/12m00.0s

running (06m05.0s), 12/12 VUs, 10866 complete and 0 interrupted iterations
sudden_spike   [  47% ] 12/12 VUs  05m35.2s/12m00.0s

running (06m06.0s), 12/12 VUs, 10902 complete and 0 interrupted iterations
sudden_spike   [  47% ] 12/12 VUs  05m36.2s/12m00.0s

running (06m07.0s), 12/12 VUs, 10947 complete and 0 interrupted iterations
sudden_spike   [  47% ] 12/12 VUs  05m37.2s/12m00.0s

running (06m08.0s), 12/12 VUs, 10981 complete and 0 interrupted iterations
sudden_spike   [  47% ] 12/12 VUs  05m38.2s/12m00.0s

running (06m09.0s), 12/12 VUs, 11033 complete and 0 interrupted iterations
sudden_spike   [  47% ] 12/12 VUs  05m39.2s/12m00.0s

running (06m10.0s), 12/12 VUs, 11089 complete and 0 interrupted iterations
sudden_spike   [  47% ] 12/12 VUs  05m40.2s/12m00.0s

running (06m11.0s), 12/12 VUs, 11166 complete and 0 interrupted iterations
sudden_spike   [  47% ] 12/12 VUs  05m41.2s/12m00.0s

running (06m12.0s), 12/12 VUs, 11243 complete and 0 interrupted iterations
sudden_spike   [  48% ] 12/12 VUs  05m42.2s/12m00.0s

running (06m13.0s), 12/12 VUs, 11285 complete and 0 interrupted iterations
sudden_spike   [  48% ] 12/12 VUs  05m43.2s/12m00.0s

running (06m14.0s), 12/12 VUs, 11325 complete and 0 interrupted iterations
sudden_spike   [  48% ] 12/12 VUs  05m44.2s/12m00.0s

running (06m15.0s), 12/12 VUs, 11380 complete and 0 interrupted iterations
sudden_spike   [  48% ] 12/12 VUs  05m45.2s/12m00.0s

running (06m16.0s), 12/12 VUs, 11448 complete and 0 interrupted iterations
sudden_spike   [  48% ] 12/12 VUs  05m46.2s/12m00.0s

running (06m17.0s), 12/12 VUs, 11498 complete and 0 interrupted iterations
sudden_spike   [  48% ] 12/12 VUs  05m47.2s/12m00.0s

running (06m18.0s), 12/12 VUs, 11554 complete and 0 interrupted iterations
sudden_spike   [  48% ] 12/12 VUs  05m48.2s/12m00.0s

running (06m19.0s), 12/12 VUs, 11591 complete and 0 interrupted iterations
sudden_spike   [  48% ] 12/12 VUs  05m49.2s/12m00.0s

running (06m20.0s), 12/12 VUs, 11633 complete and 0 interrupted iterations
sudden_spike   [  49% ] 12/12 VUs  05m50.2s/12m00.0s

running (06m21.0s), 12/12 VUs, 11672 complete and 0 interrupted iterations
sudden_spike   [  49% ] 12/12 VUs  05m51.2s/12m00.0s

running (06m22.0s), 12/12 VUs, 11733 complete and 0 interrupted iterations
sudden_spike   [  49% ] 12/12 VUs  05m52.2s/12m00.0s

running (06m23.0s), 12/12 VUs, 11798 complete and 0 interrupted iterations
sudden_spike   [  49% ] 12/12 VUs  05m53.2s/12m00.0s

running (06m24.0s), 12/12 VUs, 11838 complete and 0 interrupted iterations
sudden_spike   [  49% ] 12/12 VUs  05m54.2s/12m00.0s

running (06m25.0s), 12/12 VUs, 11858 complete and 0 interrupted iterations
sudden_spike   [  49% ] 12/12 VUs  05m55.2s/12m00.0s

running (06m26.0s), 12/12 VUs, 11880 complete and 0 interrupted iterations
sudden_spike   [  49% ] 12/12 VUs  05m56.2s/12m00.0s

running (06m27.0s), 12/12 VUs, 11927 complete and 0 interrupted iterations
sudden_spike   [  50% ] 12/12 VUs  05m57.2s/12m00.0s

running (06m28.0s), 12/12 VUs, 11975 complete and 0 interrupted iterations
sudden_spike   [  50% ] 12/12 VUs  05m58.2s/12m00.0s

running (06m29.0s), 12/12 VUs, 12034 complete and 0 interrupted iterations
sudden_spike   [  50% ] 12/12 VUs  05m59.2s/12m00.0s

running (06m30.0s), 12/12 VUs, 12089 complete and 0 interrupted iterations
sudden_spike   [  50% ] 12/12 VUs  06m00.2s/12m00.0s

running (06m31.0s), 12/12 VUs, 12123 complete and 0 interrupted iterations
sudden_spike   [  50% ] 12/12 VUs  06m01.2s/12m00.0s

running (06m32.0s), 12/12 VUs, 12181 complete and 0 interrupted iterations
sudden_spike   [  50% ] 12/12 VUs  06m02.2s/12m00.0s

running (06m33.0s), 12/12 VUs, 12237 complete and 0 interrupted iterations
sudden_spike   [  50% ] 12/12 VUs  06m03.2s/12m00.0s

running (06m34.0s), 12/12 VUs, 12277 complete and 0 interrupted iterations
sudden_spike   [  51% ] 12/12 VUs  06m04.2s/12m00.0s

running (06m35.0s), 12/12 VUs, 12305 complete and 0 interrupted iterations
sudden_spike   [  51% ] 12/12 VUs  06m05.2s/12m00.0s

running (06m36.0s), 12/12 VUs, 12337 complete and 0 interrupted iterations
sudden_spike   [  51% ] 12/12 VUs  06m06.2s/12m00.0s

running (06m37.0s), 12/12 VUs, 12402 complete and 0 interrupted iterations
sudden_spike   [  51% ] 12/12 VUs  06m07.2s/12m00.0s

running (06m38.0s), 12/12 VUs, 12455 complete and 0 interrupted iterations
sudden_spike   [  51% ] 12/12 VUs  06m08.2s/12m00.0s

running (06m39.0s), 12/12 VUs, 12501 complete and 0 interrupted iterations
sudden_spike   [  51% ] 12/12 VUs  06m09.2s/12m00.0s

running (06m40.0s), 12/12 VUs, 12538 complete and 0 interrupted iterations
sudden_spike   [  51% ] 12/12 VUs  06m10.2s/12m00.0s

running (06m41.0s), 12/12 VUs, 12593 complete and 0 interrupted iterations
sudden_spike   [  52% ] 12/12 VUs  06m11.2s/12m00.0s

running (06m42.0s), 12/12 VUs, 12657 complete and 0 interrupted iterations
sudden_spike   [  52% ] 12/12 VUs  06m12.2s/12m00.0s

running (06m43.0s), 12/12 VUs, 12756 complete and 0 interrupted iterations
sudden_spike   [  52% ] 12/12 VUs  06m13.2s/12m00.0s

running (06m44.0s), 12/12 VUs, 12816 complete and 0 interrupted iterations
sudden_spike   [  52% ] 12/12 VUs  06m14.2s/12m00.0s

running (06m45.0s), 12/12 VUs, 12879 complete and 0 interrupted iterations
sudden_spike   [  52% ] 12/12 VUs  06m15.2s/12m00.0s

running (06m46.0s), 12/12 VUs, 12931 complete and 0 interrupted iterations
sudden_spike   [  52% ] 12/12 VUs  06m16.2s/12m00.0s

running (06m47.0s), 12/12 VUs, 12996 complete and 0 interrupted iterations
sudden_spike   [  52% ] 12/12 VUs  06m17.2s/12m00.0s

running (06m48.0s), 12/12 VUs, 13036 complete and 0 interrupted iterations
sudden_spike   [  53% ] 12/12 VUs  06m18.2s/12m00.0s

running (06m49.0s), 12/12 VUs, 13068 complete and 0 interrupted iterations
sudden_spike   [  53% ] 12/12 VUs  06m19.2s/12m00.0s

running (06m50.0s), 12/12 VUs, 13101 complete and 0 interrupted iterations
sudden_spike   [  53% ] 12/12 VUs  06m20.2s/12m00.0s

running (06m51.0s), 12/12 VUs, 13130 complete and 0 interrupted iterations
sudden_spike   [  53% ] 12/12 VUs  06m21.2s/12m00.0s

running (06m52.0s), 12/12 VUs, 13177 complete and 0 interrupted iterations
sudden_spike   [  53% ] 12/12 VUs  06m22.2s/12m00.0s

running (06m53.0s), 12/12 VUs, 13185 complete and 0 interrupted iterations
sudden_spike   [  53% ] 12/12 VUs  06m23.2s/12m00.0s

running (06m54.0s), 12/12 VUs, 13254 complete and 0 interrupted iterations
sudden_spike   [  53% ] 12/12 VUs  06m24.2s/12m00.0s

running (06m55.0s), 12/12 VUs, 13326 complete and 0 interrupted iterations
sudden_spike   [  53% ] 12/12 VUs  06m25.2s/12m00.0s

running (06m56.0s), 12/12 VUs, 13370 complete and 0 interrupted iterations
sudden_spike   [  54% ] 12/12 VUs  06m26.2s/12m00.0s

running (06m57.0s), 12/12 VUs, 13408 complete and 0 interrupted iterations
sudden_spike   [  54% ] 12/12 VUs  06m27.2s/12m00.0s

running (06m58.0s), 12/12 VUs, 13484 complete and 0 interrupted iterations
sudden_spike   [  54% ] 12/12 VUs  06m28.2s/12m00.0s

running (06m59.0s), 12/12 VUs, 13529 complete and 0 interrupted iterations
sudden_spike   [  54% ] 12/12 VUs  06m29.2s/12m00.0s

running (07m00.0s), 12/12 VUs, 13560 complete and 0 interrupted iterations
sudden_spike   [  54% ] 12/12 VUs  06m30.2s/12m00.0s

running (07m01.0s), 12/12 VUs, 13619 complete and 0 interrupted iterations
sudden_spike   [  54% ] 12/12 VUs  06m31.2s/12m00.0s

running (07m02.0s), 12/12 VUs, 13682 complete and 0 interrupted iterations
sudden_spike   [  54% ] 12/12 VUs  06m32.2s/12m00.0s

running (07m03.0s), 12/12 VUs, 13739 complete and 0 interrupted iterations
sudden_spike   [  55% ] 12/12 VUs  06m33.2s/12m00.0s

running (07m04.0s), 12/12 VUs, 13769 complete and 0 interrupted iterations
sudden_spike   [  55% ] 12/12 VUs  06m34.2s/12m00.0s

running (07m05.0s), 12/12 VUs, 13824 complete and 0 interrupted iterations
sudden_spike   [  55% ] 12/12 VUs  06m35.2s/12m00.0s

running (07m06.0s), 12/12 VUs, 13893 complete and 0 interrupted iterations
sudden_spike   [  55% ] 12/12 VUs  06m36.2s/12m00.0s

running (07m07.0s), 12/12 VUs, 13935 complete and 0 interrupted iterations
sudden_spike   [  55% ] 12/12 VUs  06m37.2s/12m00.0s

running (07m08.0s), 12/12 VUs, 13972 complete and 0 interrupted iterations
sudden_spike   [  55% ] 12/12 VUs  06m38.2s/12m00.0s

running (07m09.0s), 12/12 VUs, 14047 complete and 0 interrupted iterations
sudden_spike   [  55% ] 12/12 VUs  06m39.2s/12m00.0s

running (07m10.0s), 12/12 VUs, 14120 complete and 0 interrupted iterations
sudden_spike   [  56% ] 12/12 VUs  06m40.2s/12m00.0s

running (07m11.0s), 12/12 VUs, 14189 complete and 0 interrupted iterations
sudden_spike   [  56% ] 12/12 VUs  06m41.2s/12m00.0s

running (07m12.0s), 12/12 VUs, 14214 complete and 0 interrupted iterations
sudden_spike   [  56% ] 12/12 VUs  06m42.2s/12m00.0s

running (07m13.0s), 12/12 VUs, 14259 complete and 0 interrupted iterations
sudden_spike   [  56% ] 12/12 VUs  06m43.2s/12m00.0s

running (07m14.0s), 12/12 VUs, 14288 complete and 0 interrupted iterations
sudden_spike   [  56% ] 12/12 VUs  06m44.2s/12m00.0s

running (07m15.0s), 12/12 VUs, 14332 complete and 0 interrupted iterations
sudden_spike   [  56% ] 12/12 VUs  06m45.2s/12m00.0s

running (07m16.0s), 12/12 VUs, 14379 complete and 0 interrupted iterations
sudden_spike   [  56% ] 12/12 VUs  06m46.2s/12m00.0s

running (07m17.0s), 12/12 VUs, 14418 complete and 0 interrupted iterations
sudden_spike   [  57% ] 12/12 VUs  06m47.2s/12m00.0s

running (07m18.0s), 12/12 VUs, 14473 complete and 0 interrupted iterations
sudden_spike   [  57% ] 12/12 VUs  06m48.2s/12m00.0s

running (07m19.0s), 12/12 VUs, 14520 complete and 0 interrupted iterations
sudden_spike   [  57% ] 12/12 VUs  06m49.2s/12m00.0s

running (07m20.0s), 12/12 VUs, 14557 complete and 0 interrupted iterations
sudden_spike   [  57% ] 12/12 VUs  06m50.2s/12m00.0s

running (07m21.0s), 12/12 VUs, 14603 complete and 0 interrupted iterations
sudden_spike   [  57% ] 12/12 VUs  06m51.2s/12m00.0s

running (07m22.0s), 12/12 VUs, 14670 complete and 0 interrupted iterations
sudden_spike   [  57% ] 12/12 VUs  06m52.2s/12m00.0s

running (07m23.0s), 12/12 VUs, 14743 complete and 0 interrupted iterations
sudden_spike   [  57% ] 12/12 VUs  06m53.2s/12m00.0s

running (07m24.0s), 12/12 VUs, 14786 complete and 0 interrupted iterations
sudden_spike   [  58% ] 12/12 VUs  06m54.2s/12m00.0s

running (07m25.0s), 12/12 VUs, 14823 complete and 0 interrupted iterations
sudden_spike   [  58% ] 12/12 VUs  06m55.2s/12m00.0s

running (07m26.0s), 12/12 VUs, 14887 complete and 0 interrupted iterations
sudden_spike   [  58% ] 12/12 VUs  06m56.2s/12m00.0s

running (07m27.0s), 12/12 VUs, 14953 complete and 0 interrupted iterations
sudden_spike   [  58% ] 12/12 VUs  06m57.2s/12m00.0s

running (07m28.0s), 12/12 VUs, 15003 complete and 0 interrupted iterations
sudden_spike   [  58% ] 12/12 VUs  06m58.2s/12m00.0s

running (07m29.0s), 12/12 VUs, 15051 complete and 0 interrupted iterations
sudden_spike   [  58% ] 12/12 VUs  06m59.2s/12m00.0s

running (07m30.0s), 12/12 VUs, 15102 complete and 0 interrupted iterations
sudden_spike   [  58% ] 12/12 VUs  07m00.2s/12m00.0s

running (07m31.0s), 12/12 VUs, 15133 complete and 0 interrupted iterations
sudden_spike   [  58% ] 12/12 VUs  07m01.2s/12m00.0s

running (07m32.0s), 12/12 VUs, 15166 complete and 0 interrupted iterations
sudden_spike   [  59% ] 12/12 VUs  07m02.2s/12m00.0s

running (07m33.0s), 12/12 VUs, 15212 complete and 0 interrupted iterations
sudden_spike   [  59% ] 12/12 VUs  07m03.2s/12m00.0s

running (07m34.0s), 12/12 VUs, 15270 complete and 0 interrupted iterations
sudden_spike   [  59% ] 12/12 VUs  07m04.2s/12m00.0s

running (07m35.0s), 12/12 VUs, 15319 complete and 0 interrupted iterations
sudden_spike   [  59% ] 12/12 VUs  07m05.2s/12m00.0s

running (07m36.0s), 12/12 VUs, 15389 complete and 0 interrupted iterations
sudden_spike   [  59% ] 12/12 VUs  07m06.2s/12m00.0s

running (07m37.0s), 12/12 VUs, 15399 complete and 0 interrupted iterations
sudden_spike   [  59% ] 12/12 VUs  07m07.2s/12m00.0s

running (07m38.0s), 12/12 VUs, 15443 complete and 0 interrupted iterations
sudden_spike   [  59% ] 12/12 VUs  07m08.2s/12m00.0s

running (07m39.0s), 12/12 VUs, 15498 complete and 0 interrupted iterations
sudden_spike   [  60% ] 12/12 VUs  07m09.2s/12m00.0s

running (07m40.0s), 12/12 VUs, 15540 complete and 0 interrupted iterations
sudden_spike   [  60% ] 12/12 VUs  07m10.2s/12m00.0s

running (07m41.0s), 12/12 VUs, 15555 complete and 0 interrupted iterations
sudden_spike   [  60% ] 12/12 VUs  07m11.2s/12m00.0s

running (07m42.0s), 12/12 VUs, 15584 complete and 0 interrupted iterations
sudden_spike   [  60% ] 12/12 VUs  07m12.2s/12m00.0s

running (07m43.0s), 12/12 VUs, 15649 complete and 0 interrupted iterations
sudden_spike   [  60% ] 12/12 VUs  07m13.2s/12m00.0s

running (07m44.0s), 12/12 VUs, 15674 complete and 0 interrupted iterations
sudden_spike   [  60% ] 12/12 VUs  07m14.2s/12m00.0s

running (07m45.0s), 12/12 VUs, 15739 complete and 0 interrupted iterations
sudden_spike   [  60% ] 12/12 VUs  07m15.2s/12m00.0s

running (07m46.0s), 12/12 VUs, 15798 complete and 0 interrupted iterations
sudden_spike   [  61% ] 12/12 VUs  07m16.2s/12m00.0s

running (07m47.0s), 12/12 VUs, 15838 complete and 0 interrupted iterations
sudden_spike   [  61% ] 12/12 VUs  07m17.2s/12m00.0s

running (07m48.0s), 12/12 VUs, 15873 complete and 0 interrupted iterations
sudden_spike   [  61% ] 12/12 VUs  07m18.2s/12m00.0s

running (07m49.0s), 12/12 VUs, 15922 complete and 0 interrupted iterations
sudden_spike   [  61% ] 12/12 VUs  07m19.2s/12m00.0s

running (07m50.0s), 12/12 VUs, 15957 complete and 0 interrupted iterations
sudden_spike   [  61% ] 12/12 VUs  07m20.2s/12m00.0s

running (07m51.0s), 12/12 VUs, 15971 complete and 0 interrupted iterations
sudden_spike   [  61% ] 12/12 VUs  07m21.2s/12m00.0s

running (07m52.0s), 12/12 VUs, 16013 complete and 0 interrupted iterations
sudden_spike   [  61% ] 12/12 VUs  07m22.2s/12m00.0s

running (07m53.0s), 12/12 VUs, 16067 complete and 0 interrupted iterations
sudden_spike   [  62% ] 12/12 VUs  07m23.2s/12m00.0s

running (07m54.0s), 12/12 VUs, 16109 complete and 0 interrupted iterations
sudden_spike   [  62% ] 12/12 VUs  07m24.2s/12m00.0s

running (07m55.0s), 12/12 VUs, 16139 complete and 0 interrupted iterations
sudden_spike   [  62% ] 12/12 VUs  07m25.2s/12m00.0s

running (07m56.0s), 12/12 VUs, 16183 complete and 0 interrupted iterations
sudden_spike   [  62% ] 12/12 VUs  07m26.2s/12m00.0s

running (07m57.0s), 12/12 VUs, 16246 complete and 0 interrupted iterations
sudden_spike   [  62% ] 12/12 VUs  07m27.2s/12m00.0s

running (07m58.0s), 12/12 VUs, 16287 complete and 0 interrupted iterations
sudden_spike   [  62% ] 12/12 VUs  07m28.2s/12m00.0s

running (07m59.0s), 12/12 VUs, 16357 complete and 0 interrupted iterations
sudden_spike   [  62% ] 12/12 VUs  07m29.2s/12m00.0s

running (08m00.0s), 12/12 VUs, 16434 complete and 0 interrupted iterations
sudden_spike   [  63% ] 12/12 VUs  07m30.2s/12m00.0s

running (08m01.0s), 12/12 VUs, 16498 complete and 0 interrupted iterations
sudden_spike   [  63% ] 12/12 VUs  07m31.2s/12m00.0s

running (08m02.0s), 12/12 VUs, 16558 complete and 0 interrupted iterations
sudden_spike   [  63% ] 12/12 VUs  07m32.2s/12m00.0s

running (08m03.0s), 12/12 VUs, 16577 complete and 0 interrupted iterations
sudden_spike   [  63% ] 12/12 VUs  07m33.2s/12m00.0s

running (08m04.0s), 12/12 VUs, 16609 complete and 0 interrupted iterations
sudden_spike   [  63% ] 12/12 VUs  07m34.2s/12m00.0s

running (08m05.0s), 12/12 VUs, 16657 complete and 0 interrupted iterations
sudden_spike   [  63% ] 12/12 VUs  07m35.2s/12m00.0s

running (08m06.0s), 12/12 VUs, 16716 complete and 0 interrupted iterations
sudden_spike   [  63% ] 12/12 VUs  07m36.2s/12m00.0s

running (08m07.0s), 12/12 VUs, 16740 complete and 0 interrupted iterations
sudden_spike   [  63% ] 12/12 VUs  07m37.2s/12m00.0s

running (08m08.0s), 12/12 VUs, 16783 complete and 0 interrupted iterations
sudden_spike   [  64% ] 12/12 VUs  07m38.2s/12m00.0s

running (08m09.0s), 12/12 VUs, 16844 complete and 0 interrupted iterations
sudden_spike   [  64% ] 12/12 VUs  07m39.2s/12m00.0s

running (08m10.0s), 12/12 VUs, 16893 complete and 0 interrupted iterations
sudden_spike   [  64% ] 12/12 VUs  07m40.2s/12m00.0s

running (08m11.0s), 12/12 VUs, 16928 complete and 0 interrupted iterations
sudden_spike   [  64% ] 12/12 VUs  07m41.2s/12m00.0s

running (08m12.0s), 12/12 VUs, 17019 complete and 0 interrupted iterations
sudden_spike   [  64% ] 12/12 VUs  07m42.2s/12m00.0s

running (08m13.0s), 12/12 VUs, 17086 complete and 0 interrupted iterations
sudden_spike   [  64% ] 12/12 VUs  07m43.2s/12m00.0s

running (08m14.0s), 12/12 VUs, 17121 complete and 0 interrupted iterations
sudden_spike   [  64% ] 12/12 VUs  07m44.2s/12m00.0s

running (08m15.0s), 12/12 VUs, 17154 complete and 0 interrupted iterations
sudden_spike   [  65% ] 12/12 VUs  07m45.2s/12m00.0s

running (08m16.0s), 12/12 VUs, 17208 complete and 0 interrupted iterations
sudden_spike   [  65% ] 12/12 VUs  07m46.2s/12m00.0s

running (08m17.0s), 12/12 VUs, 17254 complete and 0 interrupted iterations
sudden_spike   [  65% ] 12/12 VUs  07m47.2s/12m00.0s

running (08m18.0s), 12/12 VUs, 17290 complete and 0 interrupted iterations
sudden_spike   [  65% ] 12/12 VUs  07m48.2s/12m00.0s

running (08m19.0s), 12/12 VUs, 17335 complete and 0 interrupted iterations
sudden_spike   [  65% ] 12/12 VUs  07m49.2s/12m00.0s

running (08m20.0s), 12/12 VUs, 17389 complete and 0 interrupted iterations
sudden_spike   [  65% ] 12/12 VUs  07m50.2s/12m00.0s

running (08m21.0s), 12/12 VUs, 17424 complete and 0 interrupted iterations
sudden_spike   [  65% ] 12/12 VUs  07m51.2s/12m00.0s

running (08m22.0s), 12/12 VUs, 17469 complete and 0 interrupted iterations
sudden_spike   [  66% ] 12/12 VUs  07m52.2s/12m00.0s

running (08m23.0s), 12/12 VUs, 17559 complete and 0 interrupted iterations
sudden_spike   [  66% ] 12/12 VUs  07m53.2s/12m00.0s

running (08m24.0s), 12/12 VUs, 17598 complete and 0 interrupted iterations
sudden_spike   [  66% ] 12/12 VUs  07m54.2s/12m00.0s

running (08m25.0s), 12/12 VUs, 17637 complete and 0 interrupted iterations
sudden_spike   [  66% ] 12/12 VUs  07m55.2s/12m00.0s

running (08m26.0s), 12/12 VUs, 17660 complete and 0 interrupted iterations
sudden_spike   [  66% ] 12/12 VUs  07m56.2s/12m00.0s

running (08m27.0s), 12/12 VUs, 17677 complete and 0 interrupted iterations
sudden_spike   [  66% ] 12/12 VUs  07m57.2s/12m00.0s

running (08m28.0s), 12/12 VUs, 17749 complete and 0 interrupted iterations
sudden_spike   [  66% ] 12/12 VUs  07m58.2s/12m00.0s

running (08m29.0s), 12/12 VUs, 17768 complete and 0 interrupted iterations
sudden_spike   [  67% ] 12/12 VUs  07m59.2s/12m00.0s

running (08m30.0s), 12/12 VUs, 17793 complete and 0 interrupted iterations
sudden_spike   [  67% ] 12/12 VUs  08m00.2s/12m00.0s

running (08m31.0s), 12/12 VUs, 17796 complete and 0 interrupted iterations
sudden_spike   [  67% ] 12/12 VUs  08m01.2s/12m00.0s

running (08m32.0s), 12/12 VUs, 17841 complete and 0 interrupted iterations
sudden_spike   [  67% ] 12/12 VUs  08m02.2s/12m00.0s

running (08m33.0s), 12/12 VUs, 17896 complete and 0 interrupted iterations
sudden_spike   [  67% ] 12/12 VUs  08m03.2s/12m00.0s

running (08m34.0s), 12/12 VUs, 17987 complete and 0 interrupted iterations
sudden_spike   [  67% ] 12/12 VUs  08m04.2s/12m00.0s

running (08m35.0s), 12/12 VUs, 18029 complete and 0 interrupted iterations
sudden_spike   [  67% ] 12/12 VUs  08m05.2s/12m00.0s

running (08m36.0s), 12/12 VUs, 18037 complete and 0 interrupted iterations
sudden_spike   [  68% ] 12/12 VUs  08m06.2s/12m00.0s

running (08m37.0s), 12/12 VUs, 18103 complete and 0 interrupted iterations
sudden_spike   [  68% ] 12/12 VUs  08m07.2s/12m00.0s

running (08m38.0s), 12/12 VUs, 18171 complete and 0 interrupted iterations
sudden_spike   [  68% ] 12/12 VUs  08m08.2s/12m00.0s

running (08m39.0s), 12/12 VUs, 18211 complete and 0 interrupted iterations
sudden_spike   [  68% ] 12/12 VUs  08m09.2s/12m00.0s

running (08m40.0s), 12/12 VUs, 18230 complete and 0 interrupted iterations
sudden_spike   [  68% ] 12/12 VUs  08m10.2s/12m00.0s

running (08m41.0s), 12/12 VUs, 18279 complete and 0 interrupted iterations
sudden_spike   [  68% ] 12/12 VUs  08m11.2s/12m00.0s

running (08m42.0s), 12/12 VUs, 18342 complete and 0 interrupted iterations
sudden_spike   [  68% ] 12/12 VUs  08m12.2s/12m00.0s

running (08m43.0s), 12/12 VUs, 18413 complete and 0 interrupted iterations
sudden_spike   [  68% ] 12/12 VUs  08m13.2s/12m00.0s

running (08m44.0s), 12/12 VUs, 18472 complete and 0 interrupted iterations
sudden_spike   [  69% ] 12/12 VUs  08m14.2s/12m00.0s

running (08m45.0s), 12/12 VUs, 18514 complete and 0 interrupted iterations
sudden_spike   [  69% ] 12/12 VUs  08m15.2s/12m00.0s

running (08m46.0s), 12/12 VUs, 18594 complete and 0 interrupted iterations
sudden_spike   [  69% ] 12/12 VUs  08m16.2s/12m00.0s

running (08m47.0s), 12/12 VUs, 18650 complete and 0 interrupted iterations
sudden_spike   [  69% ] 12/12 VUs  08m17.2s/12m00.0s

running (08m48.0s), 12/12 VUs, 18698 complete and 0 interrupted iterations
sudden_spike   [  69% ] 12/12 VUs  08m18.2s/12m00.0s

running (08m49.0s), 12/12 VUs, 18776 complete and 0 interrupted iterations
sudden_spike   [  69% ] 12/12 VUs  08m19.2s/12m00.0s

running (08m50.0s), 12/12 VUs, 18834 complete and 0 interrupted iterations
sudden_spike   [  69% ] 12/12 VUs  08m20.2s/12m00.0s

running (08m51.0s), 12/12 VUs, 18875 complete and 0 interrupted iterations
sudden_spike   [  70% ] 12/12 VUs  08m21.2s/12m00.0s

running (08m52.0s), 12/12 VUs, 18919 complete and 0 interrupted iterations
sudden_spike   [  70% ] 12/12 VUs  08m22.2s/12m00.0s

running (08m53.0s), 12/12 VUs, 18984 complete and 0 interrupted iterations
sudden_spike   [  70% ] 12/12 VUs  08m23.2s/12m00.0s

running (08m54.0s), 12/12 VUs, 19019 complete and 0 interrupted iterations
sudden_spike   [  70% ] 12/12 VUs  08m24.2s/12m00.0s

running (08m55.0s), 12/12 VUs, 19065 complete and 0 interrupted iterations
sudden_spike   [  70% ] 12/12 VUs  08m25.2s/12m00.0s

running (08m56.0s), 12/12 VUs, 19083 complete and 0 interrupted iterations
sudden_spike   [  70% ] 12/12 VUs  08m26.2s/12m00.0s

running (08m57.0s), 12/12 VUs, 19125 complete and 0 interrupted iterations
sudden_spike   [  70% ] 12/12 VUs  08m27.2s/12m00.0s

running (08m58.0s), 12/12 VUs, 19146 complete and 0 interrupted iterations
sudden_spike   [  71% ] 12/12 VUs  08m28.2s/12m00.0s

running (08m59.0s), 12/12 VUs, 19185 complete and 0 interrupted iterations
sudden_spike   [  71% ] 12/12 VUs  08m29.2s/12m00.0s

running (09m00.0s), 12/12 VUs, 19223 complete and 0 interrupted iterations
sudden_spike   [  71% ] 12/12 VUs  08m30.2s/12m00.0s

running (09m01.0s), 12/12 VUs, 19267 complete and 0 interrupted iterations
sudden_spike   [  71% ] 12/12 VUs  08m31.2s/12m00.0s

running (09m02.0s), 12/12 VUs, 19328 complete and 0 interrupted iterations
sudden_spike   [  71% ] 12/12 VUs  08m32.2s/12m00.0s

running (09m03.0s), 12/12 VUs, 19384 complete and 0 interrupted iterations
sudden_spike   [  71% ] 12/12 VUs  08m33.2s/12m00.0s

running (09m04.0s), 12/12 VUs, 19416 complete and 0 interrupted iterations
sudden_spike   [  71% ] 12/12 VUs  08m34.2s/12m00.0s

running (09m05.0s), 12/12 VUs, 19459 complete and 0 interrupted iterations
sudden_spike   [  72% ] 12/12 VUs  08m35.2s/12m00.0s

running (09m06.0s), 12/12 VUs, 19472 complete and 0 interrupted iterations
sudden_spike   [  72% ] 12/12 VUs  08m36.2s/12m00.0s

running (09m07.0s), 12/12 VUs, 19503 complete and 0 interrupted iterations
sudden_spike   [  72% ] 12/12 VUs  08m37.2s/12m00.0s

running (09m08.0s), 12/12 VUs, 19516 complete and 0 interrupted iterations
sudden_spike   [  72% ] 12/12 VUs  08m38.2s/12m00.0s

running (09m09.0s), 12/12 VUs, 19552 complete and 0 interrupted iterations
sudden_spike   [  72% ] 12/12 VUs  08m39.2s/12m00.0s

running (09m10.0s), 12/12 VUs, 19585 complete and 0 interrupted iterations
sudden_spike   [  72% ] 12/12 VUs  08m40.2s/12m00.0s

running (09m11.0s), 12/12 VUs, 19639 complete and 0 interrupted iterations
sudden_spike   [  72% ] 12/12 VUs  08m41.2s/12m00.0s

running (09m12.0s), 12/12 VUs, 19695 complete and 0 interrupted iterations
sudden_spike   [  73% ] 12/12 VUs  08m42.2s/12m00.0s

running (09m13.0s), 12/12 VUs, 19750 complete and 0 interrupted iterations
sudden_spike   [  73% ] 12/12 VUs  08m43.2s/12m00.0s

running (09m14.0s), 12/12 VUs, 19780 complete and 0 interrupted iterations
sudden_spike   [  73% ] 12/12 VUs  08m44.2s/12m00.0s

running (09m15.0s), 12/12 VUs, 19830 complete and 0 interrupted iterations
sudden_spike   [  73% ] 12/12 VUs  08m45.2s/12m00.0s

running (09m16.0s), 12/12 VUs, 19914 complete and 0 interrupted iterations
sudden_spike   [  73% ] 12/12 VUs  08m46.2s/12m00.0s

running (09m17.0s), 12/12 VUs, 19947 complete and 0 interrupted iterations
sudden_spike   [  73% ] 12/12 VUs  08m47.2s/12m00.0s

running (09m18.0s), 12/12 VUs, 19979 complete and 0 interrupted iterations
sudden_spike   [  73% ] 12/12 VUs  08m48.2s/12m00.0s

running (09m19.0s), 12/12 VUs, 20023 complete and 0 interrupted iterations
sudden_spike   [  73% ] 12/12 VUs  08m49.2s/12m00.0s

running (09m20.0s), 12/12 VUs, 20058 complete and 0 interrupted iterations
sudden_spike   [  74% ] 12/12 VUs  08m50.2s/12m00.0s

running (09m21.0s), 12/12 VUs, 20105 complete and 0 interrupted iterations
sudden_spike   [  74% ] 12/12 VUs  08m51.2s/12m00.0s

running (09m22.0s), 12/12 VUs, 20147 complete and 0 interrupted iterations
sudden_spike   [  74% ] 12/12 VUs  08m52.2s/12m00.0s

running (09m23.0s), 12/12 VUs, 20206 complete and 0 interrupted iterations
sudden_spike   [  74% ] 12/12 VUs  08m53.2s/12m00.0s

running (09m24.0s), 12/12 VUs, 20293 complete and 0 interrupted iterations
sudden_spike   [  74% ] 12/12 VUs  08m54.2s/12m00.0s

running (09m25.0s), 12/12 VUs, 20329 complete and 0 interrupted iterations
sudden_spike   [  74% ] 12/12 VUs  08m55.2s/12m00.0s

running (09m26.0s), 12/12 VUs, 20372 complete and 0 interrupted iterations
sudden_spike   [  74% ] 12/12 VUs  08m56.2s/12m00.0s

running (09m27.0s), 12/12 VUs, 20434 complete and 0 interrupted iterations
sudden_spike   [  75% ] 12/12 VUs  08m57.2s/12m00.0s

running (09m28.0s), 12/12 VUs, 20483 complete and 0 interrupted iterations
sudden_spike   [  75% ] 12/12 VUs  08m58.2s/12m00.0s

running (09m29.0s), 12/12 VUs, 20527 complete and 0 interrupted iterations
sudden_spike   [  75% ] 12/12 VUs  08m59.2s/12m00.0s

running (09m30.0s), 12/12 VUs, 20567 complete and 0 interrupted iterations
sudden_spike   [  75% ] 12/12 VUs  09m00.2s/12m00.0s

running (09m31.0s), 12/12 VUs, 20617 complete and 0 interrupted iterations
sudden_spike   [  75% ] 12/12 VUs  09m01.2s/12m00.0s

running (09m32.0s), 12/12 VUs, 20676 complete and 0 interrupted iterations
sudden_spike   [  75% ] 12/12 VUs  09m02.2s/12m00.0s

running (09m33.0s), 12/12 VUs, 20736 complete and 0 interrupted iterations
sudden_spike   [  75% ] 12/12 VUs  09m03.2s/12m00.0s

running (09m34.0s), 12/12 VUs, 20799 complete and 0 interrupted iterations
sudden_spike   [  76% ] 12/12 VUs  09m04.2s/12m00.0s

running (09m35.0s), 12/12 VUs, 20846 complete and 0 interrupted iterations
sudden_spike   [  76% ] 12/12 VUs  09m05.2s/12m00.0s

running (09m36.0s), 12/12 VUs, 20888 complete and 0 interrupted iterations
sudden_spike   [  76% ] 12/12 VUs  09m06.2s/12m00.0s

running (09m37.0s), 12/12 VUs, 20924 complete and 0 interrupted iterations
sudden_spike   [  76% ] 12/12 VUs  09m07.2s/12m00.0s

running (09m38.0s), 12/12 VUs, 20938 complete and 0 interrupted iterations
sudden_spike   [  76% ] 12/12 VUs  09m08.2s/12m00.0s

running (09m39.0s), 12/12 VUs, 20980 complete and 0 interrupted iterations
sudden_spike   [  76% ] 12/12 VUs  09m09.2s/12m00.0s

running (09m40.0s), 12/12 VUs, 21010 complete and 0 interrupted iterations
sudden_spike   [  76% ] 12/12 VUs  09m10.2s/12m00.0s

running (09m41.0s), 12/12 VUs, 21049 complete and 0 interrupted iterations
sudden_spike   [  77% ] 12/12 VUs  09m11.2s/12m00.0s

running (09m42.0s), 12/12 VUs, 21095 complete and 0 interrupted iterations
sudden_spike   [  77% ] 12/12 VUs  09m12.2s/12m00.0s

running (09m43.0s), 12/12 VUs, 21150 complete and 0 interrupted iterations
sudden_spike   [  77% ] 12/12 VUs  09m13.2s/12m00.0s

running (09m44.0s), 12/12 VUs, 21228 complete and 0 interrupted iterations
sudden_spike   [  77% ] 12/12 VUs  09m14.2s/12m00.0s

running (09m45.0s), 12/12 VUs, 21260 complete and 0 interrupted iterations
sudden_spike   [  77% ] 12/12 VUs  09m15.2s/12m00.0s

running (09m46.0s), 11/12 VUs, 21278 complete and 0 interrupted iterations
sudden_spike   [  77% ] 11/12 VUs  09m16.2s/12m00.0s

running (09m47.0s), 11/12 VUs, 21340 complete and 0 interrupted iterations
sudden_spike   [  77% ] 11/12 VUs  09m17.2s/12m00.0s

running (09m48.0s), 11/12 VUs, 21390 complete and 0 interrupted iterations
sudden_spike   [  78% ] 11/12 VUs  09m18.2s/12m00.0s

running (09m49.0s), 11/12 VUs, 21423 complete and 0 interrupted iterations
sudden_spike   [  78% ] 11/12 VUs  09m19.2s/12m00.0s

running (09m50.0s), 11/12 VUs, 21490 complete and 0 interrupted iterations
sudden_spike   [  78% ] 11/12 VUs  09m20.2s/12m00.0s

running (09m51.0s), 11/12 VUs, 21532 complete and 0 interrupted iterations
sudden_spike   [  78% ] 11/12 VUs  09m21.2s/12m00.0s

running (09m52.0s), 11/12 VUs, 21547 complete and 0 interrupted iterations
sudden_spike   [  78% ] 11/12 VUs  09m22.2s/12m00.0s

running (09m53.0s), 11/12 VUs, 21569 complete and 0 interrupted iterations
sudden_spike   [  78% ] 11/12 VUs  09m23.2s/12m00.0s

running (09m54.0s), 11/12 VUs, 21605 complete and 0 interrupted iterations
sudden_spike   [  78% ] 11/12 VUs  09m24.2s/12m00.0s

running (09m55.0s), 11/12 VUs, 21639 complete and 0 interrupted iterations
sudden_spike   [  78% ] 11/12 VUs  09m25.2s/12m00.0s

running (09m56.0s), 11/12 VUs, 21678 complete and 0 interrupted iterations
sudden_spike   [  79% ] 11/12 VUs  09m26.2s/12m00.0s

running (09m57.0s), 11/12 VUs, 21729 complete and 0 interrupted iterations
sudden_spike   [  79% ] 11/12 VUs  09m27.2s/12m00.0s

running (09m58.0s), 11/12 VUs, 21794 complete and 0 interrupted iterations
sudden_spike   [  79% ] 11/12 VUs  09m28.2s/12m00.0s

running (09m59.0s), 11/12 VUs, 21849 complete and 0 interrupted iterations
sudden_spike   [  79% ] 11/12 VUs  09m29.2s/12m00.0s

running (10m00.0s), 11/12 VUs, 21881 complete and 0 interrupted iterations
sudden_spike   [  79% ] 11/12 VUs  09m30.2s/12m00.0s

running (10m01.0s), 11/12 VUs, 21940 complete and 0 interrupted iterations
sudden_spike   [  79% ] 11/12 VUs  09m31.2s/12m00.0s

running (10m02.0s), 11/12 VUs, 21965 complete and 0 interrupted iterations
sudden_spike   [  79% ] 11/12 VUs  09m32.2s/12m00.0s

running (10m03.0s), 10/12 VUs, 22035 complete and 0 interrupted iterations
sudden_spike   [  80% ] 10/12 VUs  09m33.2s/12m00.0s

running (10m04.0s), 10/12 VUs, 22064 complete and 0 interrupted iterations
sudden_spike   [  80% ] 10/12 VUs  09m34.2s/12m00.0s

running (10m05.0s), 10/12 VUs, 22144 complete and 0 interrupted iterations
sudden_spike   [  80% ] 10/12 VUs  09m35.2s/12m00.0s

running (10m06.0s), 10/12 VUs, 22184 complete and 0 interrupted iterations
sudden_spike   [  80% ] 10/12 VUs  09m36.2s/12m00.0s

running (10m07.0s), 10/12 VUs, 22272 complete and 0 interrupted iterations
sudden_spike   [  80% ] 10/12 VUs  09m37.2s/12m00.0s

running (10m08.0s), 10/12 VUs, 22313 complete and 0 interrupted iterations
sudden_spike   [  80% ] 10/12 VUs  09m38.2s/12m00.0s

running (10m09.0s), 10/12 VUs, 22372 complete and 0 interrupted iterations
sudden_spike   [  80% ] 10/12 VUs  09m39.2s/12m00.0s

running (10m10.0s), 10/12 VUs, 22454 complete and 0 interrupted iterations
sudden_spike   [  81% ] 10/12 VUs  09m40.2s/12m00.0s

running (10m11.0s), 10/12 VUs, 22499 complete and 0 interrupted iterations
sudden_spike   [  81% ] 10/12 VUs  09m41.2s/12m00.0s

running (10m12.0s), 10/12 VUs, 22548 complete and 0 interrupted iterations
sudden_spike   [  81% ] 10/12 VUs  09m42.2s/12m00.0s

running (10m13.0s), 10/12 VUs, 22594 complete and 0 interrupted iterations
sudden_spike   [  81% ] 10/12 VUs  09m43.2s/12m00.0s

running (10m14.0s), 10/12 VUs, 22647 complete and 0 interrupted iterations
sudden_spike   [  81% ] 10/12 VUs  09m44.2s/12m00.0s

running (10m15.0s), 10/12 VUs, 22687 complete and 0 interrupted iterations
sudden_spike   [  81% ] 10/12 VUs  09m45.2s/12m00.0s

running (10m16.0s), 09/12 VUs, 22705 complete and 0 interrupted iterations
sudden_spike   [  81% ] 09/12 VUs  09m46.2s/12m00.0s

running (10m17.0s), 09/12 VUs, 22732 complete and 0 interrupted iterations
sudden_spike   [  82% ] 09/12 VUs  09m47.2s/12m00.0s

running (10m18.0s), 09/12 VUs, 22756 complete and 0 interrupted iterations
sudden_spike   [  82% ] 09/12 VUs  09m48.2s/12m00.0s

running (10m19.0s), 09/12 VUs, 22804 complete and 0 interrupted iterations
sudden_spike   [  82% ] 09/12 VUs  09m49.2s/12m00.0s

running (10m20.0s), 09/12 VUs, 22880 complete and 0 interrupted iterations
sudden_spike   [  82% ] 09/12 VUs  09m50.2s/12m00.0s

running (10m21.0s), 09/12 VUs, 22916 complete and 0 interrupted iterations
sudden_spike   [  82% ] 09/12 VUs  09m51.2s/12m00.0s

running (10m22.0s), 09/12 VUs, 22952 complete and 0 interrupted iterations
sudden_spike   [  82% ] 09/12 VUs  09m52.2s/12m00.0s

running (10m23.0s), 09/12 VUs, 23032 complete and 0 interrupted iterations
sudden_spike   [  82% ] 09/12 VUs  09m53.2s/12m00.0s

running (10m24.0s), 09/12 VUs, 23074 complete and 0 interrupted iterations
sudden_spike   [  83% ] 09/12 VUs  09m54.2s/12m00.0s

running (10m25.0s), 09/12 VUs, 23098 complete and 0 interrupted iterations
sudden_spike   [  83% ] 09/12 VUs  09m55.2s/12m00.0s

running (10m26.0s), 09/12 VUs, 23135 complete and 0 interrupted iterations
sudden_spike   [  83% ] 09/12 VUs  09m56.2s/12m00.0s

running (10m27.0s), 09/12 VUs, 23176 complete and 0 interrupted iterations
sudden_spike   [  83% ] 09/12 VUs  09m57.2s/12m00.0s

running (10m28.0s), 09/12 VUs, 23223 complete and 0 interrupted iterations
sudden_spike   [  83% ] 09/12 VUs  09m58.2s/12m00.0s

running (10m29.0s), 09/12 VUs, 23266 complete and 0 interrupted iterations
sudden_spike   [  83% ] 09/12 VUs  09m59.2s/12m00.0s

running (10m30.0s), 09/12 VUs, 23324 complete and 0 interrupted iterations
sudden_spike   [  83% ] 09/12 VUs  10m00.2s/12m00.0s

running (10m31.0s), 08/12 VUs, 23368 complete and 0 interrupted iterations
sudden_spike   [  83% ] 08/12 VUs  10m01.2s/12m00.0s

running (10m32.0s), 08/12 VUs, 23405 complete and 0 interrupted iterations
sudden_spike   [  84% ] 08/12 VUs  10m02.2s/12m00.0s

running (10m33.0s), 08/12 VUs, 23452 complete and 0 interrupted iterations
sudden_spike   [  84% ] 08/12 VUs  10m03.2s/12m00.0s

running (10m34.0s), 08/12 VUs, 23503 complete and 0 interrupted iterations
sudden_spike   [  84% ] 08/12 VUs  10m04.2s/12m00.0s

running (10m35.0s), 08/12 VUs, 23544 complete and 0 interrupted iterations
sudden_spike   [  84% ] 08/12 VUs  10m05.2s/12m00.0s

running (10m36.0s), 08/12 VUs, 23571 complete and 0 interrupted iterations
sudden_spike   [  84% ] 08/12 VUs  10m06.2s/12m00.0s

running (10m37.0s), 08/12 VUs, 23646 complete and 0 interrupted iterations
sudden_spike   [  84% ] 08/12 VUs  10m07.2s/12m00.0s

running (10m38.0s), 08/12 VUs, 23696 complete and 0 interrupted iterations
sudden_spike   [  84% ] 08/12 VUs  10m08.2s/12m00.0s

running (10m39.0s), 08/12 VUs, 23750 complete and 0 interrupted iterations
sudden_spike   [  85% ] 08/12 VUs  10m09.2s/12m00.0s

running (10m40.0s), 08/12 VUs, 23770 complete and 0 interrupted iterations
sudden_spike   [  85% ] 08/12 VUs  10m10.2s/12m00.0s

running (10m41.0s), 08/12 VUs, 23861 complete and 0 interrupted iterations
sudden_spike   [  85% ] 08/12 VUs  10m11.2s/12m00.0s

running (10m42.0s), 08/12 VUs, 23917 complete and 0 interrupted iterations
sudden_spike   [  85% ] 08/12 VUs  10m12.2s/12m00.0s

running (10m43.0s), 08/12 VUs, 23957 complete and 0 interrupted iterations
sudden_spike   [  85% ] 08/12 VUs  10m13.2s/12m00.0s

running (10m44.0s), 08/12 VUs, 23995 complete and 0 interrupted iterations
sudden_spike   [  85% ] 08/12 VUs  10m14.2s/12m00.0s

running (10m45.0s), 08/12 VUs, 24038 complete and 0 interrupted iterations
sudden_spike   [  85% ] 08/12 VUs  10m15.2s/12m00.0s

running (10m46.0s), 07/12 VUs, 24091 complete and 0 interrupted iterations
sudden_spike   [  86% ] 07/12 VUs  10m16.2s/12m00.0s

running (10m47.0s), 07/12 VUs, 24146 complete and 0 interrupted iterations
sudden_spike   [  86% ] 07/12 VUs  10m17.2s/12m00.0s

running (10m48.0s), 07/12 VUs, 24196 complete and 0 interrupted iterations
sudden_spike   [  86% ] 07/12 VUs  10m18.2s/12m00.0s

running (10m49.0s), 07/12 VUs, 24204 complete and 0 interrupted iterations
sudden_spike   [  86% ] 07/12 VUs  10m19.2s/12m00.0s

running (10m50.0s), 07/12 VUs, 24270 complete and 0 interrupted iterations
sudden_spike   [  86% ] 07/12 VUs  10m20.2s/12m00.0s

running (10m51.0s), 07/12 VUs, 24306 complete and 0 interrupted iterations
sudden_spike   [  86% ] 07/12 VUs  10m21.2s/12m00.0s

running (10m52.0s), 07/12 VUs, 24344 complete and 0 interrupted iterations
sudden_spike   [  86% ] 07/12 VUs  10m22.2s/12m00.0s

running (10m53.0s), 07/12 VUs, 24402 complete and 0 interrupted iterations
sudden_spike   [  87% ] 07/12 VUs  10m23.2s/12m00.0s

running (10m54.0s), 07/12 VUs, 24422 complete and 0 interrupted iterations
sudden_spike   [  87% ] 07/12 VUs  10m24.2s/12m00.0s

running (10m55.0s), 07/12 VUs, 24476 complete and 0 interrupted iterations
sudden_spike   [  87% ] 07/12 VUs  10m25.2s/12m00.0s

running (10m56.0s), 07/12 VUs, 24476 complete and 0 interrupted iterations
sudden_spike   [  87% ] 07/12 VUs  10m26.2s/12m00.0s

running (10m57.0s), 07/12 VUs, 24497 complete and 0 interrupted iterations
sudden_spike   [  87% ] 07/12 VUs  10m27.2s/12m00.0s

running (10m58.0s), 07/12 VUs, 24533 complete and 0 interrupted iterations
sudden_spike   [  87% ] 07/12 VUs  10m28.2s/12m00.0s

running (10m59.0s), 07/12 VUs, 24572 complete and 0 interrupted iterations
sudden_spike   [  87% ] 07/12 VUs  10m29.2s/12m00.0s

running (11m00.0s), 07/12 VUs, 24597 complete and 0 interrupted iterations
sudden_spike   [  88% ] 07/12 VUs  10m30.2s/12m00.0s

running (11m01.0s), 06/12 VUs, 24634 complete and 0 interrupted iterations
sudden_spike   [  88% ] 06/12 VUs  10m31.2s/12m00.0s

running (11m02.0s), 06/12 VUs, 24669 complete and 0 interrupted iterations
sudden_spike   [  88% ] 06/12 VUs  10m32.2s/12m00.0s

running (11m03.0s), 06/12 VUs, 24686 complete and 0 interrupted iterations
sudden_spike   [  88% ] 06/12 VUs  10m33.2s/12m00.0s

running (11m04.0s), 06/12 VUs, 24715 complete and 0 interrupted iterations
sudden_spike   [  88% ] 06/12 VUs  10m34.2s/12m00.0s

running (11m05.0s), 06/12 VUs, 24754 complete and 0 interrupted iterations
sudden_spike   [  88% ] 06/12 VUs  10m35.2s/12m00.0s

running (11m06.0s), 06/12 VUs, 24791 complete and 0 interrupted iterations
sudden_spike   [  88% ] 06/12 VUs  10m36.2s/12m00.0s

running (11m07.0s), 06/12 VUs, 24800 complete and 0 interrupted iterations
sudden_spike   [  88% ] 06/12 VUs  10m37.2s/12m00.0s

running (11m08.0s), 06/12 VUs, 24815 complete and 0 interrupted iterations
sudden_spike   [  89% ] 06/12 VUs  10m38.2s/12m00.0s

running (11m09.0s), 06/12 VUs, 24905 complete and 0 interrupted iterations
sudden_spike   [  89% ] 06/12 VUs  10m39.2s/12m00.0s

running (11m10.0s), 06/12 VUs, 24953 complete and 0 interrupted iterations
sudden_spike   [  89% ] 06/12 VUs  10m40.2s/12m00.0s

running (11m11.0s), 06/12 VUs, 24989 complete and 0 interrupted iterations
sudden_spike   [  89% ] 06/12 VUs  10m41.2s/12m00.0s

running (11m12.0s), 06/12 VUs, 25033 complete and 0 interrupted iterations
sudden_spike   [  89% ] 06/12 VUs  10m42.2s/12m00.0s

running (11m13.0s), 06/12 VUs, 25054 complete and 0 interrupted iterations
sudden_spike   [  89% ] 06/12 VUs  10m43.2s/12m00.0s

running (11m14.0s), 06/12 VUs, 25059 complete and 0 interrupted iterations
sudden_spike   [  89% ] 06/12 VUs  10m44.2s/12m00.0s

running (11m15.0s), 05/12 VUs, 25078 complete and 0 interrupted iterations
sudden_spike   [  90% ] 05/12 VUs  10m45.2s/12m00.0s

running (11m16.0s), 05/12 VUs, 25115 complete and 0 interrupted iterations
sudden_spike   [  90% ] 05/12 VUs  10m46.2s/12m00.0s

running (11m17.0s), 05/12 VUs, 25169 complete and 0 interrupted iterations
sudden_spike   [  90% ] 05/12 VUs  10m47.2s/12m00.0s

running (11m18.0s), 05/12 VUs, 25193 complete and 0 interrupted iterations
sudden_spike   [  90% ] 05/12 VUs  10m48.2s/12m00.0s

running (11m19.0s), 05/12 VUs, 25235 complete and 0 interrupted iterations
sudden_spike   [  90% ] 05/12 VUs  10m49.2s/12m00.0s

running (11m20.0s), 05/12 VUs, 25274 complete and 0 interrupted iterations
sudden_spike   [  90% ] 05/12 VUs  10m50.2s/12m00.0s

running (11m21.0s), 05/12 VUs, 25289 complete and 0 interrupted iterations
sudden_spike   [  90% ] 05/12 VUs  10m51.2s/12m00.0s

running (11m22.0s), 05/12 VUs, 25319 complete and 0 interrupted iterations
sudden_spike   [  91% ] 05/12 VUs  10m52.2s/12m00.0s

running (11m23.0s), 05/12 VUs, 25334 complete and 0 interrupted iterations
sudden_spike   [  91% ] 05/12 VUs  10m53.2s/12m00.0s

running (11m24.0s), 05/12 VUs, 25351 complete and 0 interrupted iterations
sudden_spike   [  91% ] 05/12 VUs  10m54.2s/12m00.0s

running (11m25.0s), 05/12 VUs, 25377 complete and 0 interrupted iterations
sudden_spike   [  91% ] 05/12 VUs  10m55.2s/12m00.0s

running (11m26.0s), 05/12 VUs, 25406 complete and 0 interrupted iterations
sudden_spike   [  91% ] 05/12 VUs  10m56.2s/12m00.0s

running (11m27.0s), 05/12 VUs, 25460 complete and 0 interrupted iterations
sudden_spike   [  91% ] 05/12 VUs  10m57.2s/12m00.0s

running (11m28.0s), 05/12 VUs, 25551 complete and 0 interrupted iterations
sudden_spike   [  91% ] 05/12 VUs  10m58.2s/12m00.0s

running (11m29.0s), 05/12 VUs, 25595 complete and 0 interrupted iterations
sudden_spike   [  92% ] 05/12 VUs  10m59.2s/12m00.0s

running (11m30.0s), 04/12 VUs, 25660 complete and 0 interrupted iterations
sudden_spike   [  92% ] 04/12 VUs  11m00.2s/12m00.0s

running (11m31.0s), 04/12 VUs, 25698 complete and 0 interrupted iterations
sudden_spike   [  92% ] 04/12 VUs  11m01.2s/12m00.0s

running (11m32.0s), 04/12 VUs, 25741 complete and 0 interrupted iterations
sudden_spike   [  92% ] 04/12 VUs  11m02.2s/12m00.0s

running (11m33.0s), 04/12 VUs, 25745 complete and 0 interrupted iterations
sudden_spike   [  92% ] 04/12 VUs  11m03.2s/12m00.0s

running (11m34.0s), 04/12 VUs, 25760 complete and 0 interrupted iterations
sudden_spike   [  92% ] 04/12 VUs  11m04.2s/12m00.0s

running (11m35.0s), 04/12 VUs, 25787 complete and 0 interrupted iterations
sudden_spike   [  92% ] 04/12 VUs  11m05.2s/12m00.0s

running (11m36.0s), 04/12 VUs, 25828 complete and 0 interrupted iterations
sudden_spike   [  93% ] 04/12 VUs  11m06.2s/12m00.0s

running (11m37.0s), 04/12 VUs, 25865 complete and 0 interrupted iterations
sudden_spike   [  93% ] 04/12 VUs  11m07.2s/12m00.0s

running (11m38.0s), 04/12 VUs, 25873 complete and 0 interrupted iterations
sudden_spike   [  93% ] 04/12 VUs  11m08.2s/12m00.0s

running (11m39.0s), 04/12 VUs, 25885 complete and 0 interrupted iterations
sudden_spike   [  93% ] 04/12 VUs  11m09.2s/12m00.0s

running (11m40.0s), 04/12 VUs, 25899 complete and 0 interrupted iterations
sudden_spike   [  93% ] 04/12 VUs  11m10.2s/12m00.0s

running (11m41.0s), 04/12 VUs, 25912 complete and 0 interrupted iterations
sudden_spike   [  93% ] 04/12 VUs  11m11.2s/12m00.0s

running (11m42.0s), 04/12 VUs, 25933 complete and 0 interrupted iterations
sudden_spike   [  93% ] 04/12 VUs  11m12.2s/12m00.0s

running (11m43.0s), 04/12 VUs, 25961 complete and 0 interrupted iterations
sudden_spike   [  93% ] 04/12 VUs  11m13.2s/12m00.0s

running (11m44.0s), 04/12 VUs, 26005 complete and 0 interrupted iterations
sudden_spike   [  94% ] 04/12 VUs  11m14.2s/12m00.0s

running (11m45.0s), 04/12 VUs, 26038 complete and 0 interrupted iterations
sudden_spike   [  94% ] 04/12 VUs  11m15.2s/12m00.0s

running (11m46.0s), 03/12 VUs, 26072 complete and 0 interrupted iterations
sudden_spike   [  94% ] 03/12 VUs  11m16.2s/12m00.0s

running (11m47.0s), 03/12 VUs, 26092 complete and 0 interrupted iterations
sudden_spike   [  94% ] 03/12 VUs  11m17.2s/12m00.0s

running (11m48.0s), 03/12 VUs, 26124 complete and 0 interrupted iterations
sudden_spike   [  94% ] 03/12 VUs  11m18.2s/12m00.0s

running (11m49.0s), 03/12 VUs, 26167 complete and 0 interrupted iterations
sudden_spike   [  94% ] 03/12 VUs  11m19.2s/12m00.0s

running (11m50.0s), 03/12 VUs, 26205 complete and 0 interrupted iterations
sudden_spike   [  94% ] 03/12 VUs  11m20.2s/12m00.0s

running (11m51.0s), 03/12 VUs, 26215 complete and 0 interrupted iterations
sudden_spike   [  95% ] 03/12 VUs  11m21.2s/12m00.0s

running (11m52.0s), 03/12 VUs, 26232 complete and 0 interrupted iterations
sudden_spike   [  95% ] 03/12 VUs  11m22.2s/12m00.0s

running (11m53.0s), 03/12 VUs, 26241 complete and 0 interrupted iterations
sudden_spike   [  95% ] 03/12 VUs  11m23.2s/12m00.0s

running (11m54.0s), 03/12 VUs, 26259 complete and 0 interrupted iterations
sudden_spike   [  95% ] 03/12 VUs  11m24.2s/12m00.0s

running (11m55.0s), 03/12 VUs, 26278 complete and 0 interrupted iterations
sudden_spike   [  95% ] 03/12 VUs  11m25.2s/12m00.0s

running (11m56.0s), 03/12 VUs, 26290 complete and 0 interrupted iterations
sudden_spike   [  95% ] 03/12 VUs  11m26.2s/12m00.0s

running (11m57.0s), 03/12 VUs, 26327 complete and 0 interrupted iterations
sudden_spike   [  95% ] 03/12 VUs  11m27.2s/12m00.0s

running (11m58.0s), 03/12 VUs, 26333 complete and 0 interrupted iterations
sudden_spike   [  96% ] 03/12 VUs  11m28.2s/12m00.0s

running (11m59.0s), 03/12 VUs, 26350 complete and 0 interrupted iterations
sudden_spike   [  96% ] 03/12 VUs  11m29.2s/12m00.0s

running (12m00.0s), 03/12 VUs, 26371 complete and 0 interrupted iterations
sudden_spike   [  96% ] 03/12 VUs  11m30.2s/12m00.0s

running (12m01.0s), 02/12 VUs, 26411 complete and 0 interrupted iterations
sudden_spike   [  96% ] 02/12 VUs  11m31.2s/12m00.0s

running (12m02.0s), 02/12 VUs, 26429 complete and 0 interrupted iterations
sudden_spike   [  96% ] 02/12 VUs  11m32.2s/12m00.0s

running (12m03.0s), 02/12 VUs, 26437 complete and 0 interrupted iterations
sudden_spike   [  96% ] 02/12 VUs  11m33.2s/12m00.0s

running (12m04.0s), 02/12 VUs, 26468 complete and 0 interrupted iterations
sudden_spike   [  96% ] 02/12 VUs  11m34.2s/12m00.0s

running (12m05.0s), 02/12 VUs, 26493 complete and 0 interrupted iterations
sudden_spike   [  97% ] 02/12 VUs  11m35.2s/12m00.0s

running (12m06.0s), 02/12 VUs, 26504 complete and 0 interrupted iterations
sudden_spike   [  97% ] 02/12 VUs  11m36.2s/12m00.0s

running (12m07.0s), 02/12 VUs, 26522 complete and 0 interrupted iterations
sudden_spike   [  97% ] 02/12 VUs  11m37.2s/12m00.0s

running (12m08.0s), 02/12 VUs, 26541 complete and 0 interrupted iterations
sudden_spike   [  97% ] 02/12 VUs  11m38.2s/12m00.0s

running (12m09.0s), 02/12 VUs, 26558 complete and 0 interrupted iterations
sudden_spike   [  97% ] 02/12 VUs  11m39.2s/12m00.0s

running (12m10.0s), 02/12 VUs, 26576 complete and 0 interrupted iterations
sudden_spike   [  97% ] 02/12 VUs  11m40.2s/12m00.0s

running (12m11.0s), 02/12 VUs, 26606 complete and 0 interrupted iterations
sudden_spike   [  97% ] 02/12 VUs  11m41.2s/12m00.0s

running (12m12.0s), 02/12 VUs, 26626 complete and 0 interrupted iterations
sudden_spike   [  98% ] 02/12 VUs  11m42.2s/12m00.0s

running (12m13.0s), 02/12 VUs, 26648 complete and 0 interrupted iterations
sudden_spike   [  98% ] 02/12 VUs  11m43.2s/12m00.0s

running (12m14.0s), 02/12 VUs, 26663 complete and 0 interrupted iterations
sudden_spike   [  98% ] 02/12 VUs  11m44.2s/12m00.0s

running (12m15.0s), 02/12 VUs, 26678 complete and 0 interrupted iterations
sudden_spike   [  98% ] 02/12 VUs  11m45.2s/12m00.0s

running (12m16.0s), 01/12 VUs, 26683 complete and 0 interrupted iterations
sudden_spike   [  98% ] 01/12 VUs  11m46.2s/12m00.0s

running (12m17.0s), 01/12 VUs, 26700 complete and 0 interrupted iterations
sudden_spike   [  98% ] 01/12 VUs  11m47.2s/12m00.0s

running (12m18.0s), 01/12 VUs, 26717 complete and 0 interrupted iterations
sudden_spike   [  98% ] 01/12 VUs  11m48.2s/12m00.0s

running (12m19.0s), 01/12 VUs, 26737 complete and 0 interrupted iterations
sudden_spike   [  98% ] 01/12 VUs  11m49.2s/12m00.0s

running (12m20.0s), 01/12 VUs, 26743 complete and 0 interrupted iterations
sudden_spike   [  99% ] 01/12 VUs  11m50.2s/12m00.0s

running (12m21.0s), 01/12 VUs, 26757 complete and 0 interrupted iterations
sudden_spike   [  99% ] 01/12 VUs  11m51.2s/12m00.0s

running (12m22.0s), 01/12 VUs, 26780 complete and 0 interrupted iterations
sudden_spike   [  99% ] 01/12 VUs  11m52.2s/12m00.0s

running (12m23.0s), 01/12 VUs, 26791 complete and 0 interrupted iterations
sudden_spike   [  99% ] 01/12 VUs  11m53.2s/12m00.0s

running (12m24.0s), 01/12 VUs, 26811 complete and 0 interrupted iterations
sudden_spike   [  99% ] 01/12 VUs  11m54.2s/12m00.0s

running (12m25.0s), 01/12 VUs, 26825 complete and 0 interrupted iterations
sudden_spike   [  99% ] 01/12 VUs  11m55.2s/12m00.0s

running (12m26.0s), 01/12 VUs, 26834 complete and 0 interrupted iterations
sudden_spike   [  99% ] 01/12 VUs  11m56.2s/12m00.0s

running (12m27.0s), 01/12 VUs, 26843 complete and 0 interrupted iterations
sudden_spike   [ 100% ] 01/12 VUs  11m57.2s/12m00.0s

running (12m28.0s), 01/12 VUs, 26862 complete and 0 interrupted iterations
sudden_spike   [ 100% ] 01/12 VUs  11m58.2s/12m00.0s

running (12m29.0s), 01/12 VUs, 26875 complete and 0 interrupted iterations
sudden_spike   [ 100% ] 01/12 VUs  11m59.2s/12m00.0s


  █ THRESHOLDS 

    http_req_duration
    ✓ 'p(95)<2000' p(95)=1.42s

    http_req_failed
    ✓ 'rate<0.05' rate=0.00%


  █ TOTAL RESULTS 

    checks_total.......: 80655  107.568095/s
    checks_succeeded...: 97.59% 78718 out of 80655
    checks_failed......: 2.40%  1937 out of 80655

    ✓ me status is 200
    ✓ me returns user data
    ✗ me response time < 500ms
      ↳  99% — ✓ 18778 / ✗ 48
    ✓ login status is 200
    ✓ login returns access token
    ✗ login response time < 1000ms
      ↳  76% — ✓ 6170 / ✗ 1889

    HTTP
    http_req_duration..............: avg=232.73ms min=2.13ms med=18.83ms max=7.06s p(90)=565.71ms p(95)=1.42s
      { expected_response:true }...: avg=232.73ms min=2.13ms med=18.83ms max=7.06s p(90)=565.71ms p(95)=1.42s
    http_req_failed................: 0.00% 0 out of 27005
    http_reqs......................: 27005 36.016073/s

    EXECUTION
    iteration_duration.............: avg=233.47ms min=2.67ms med=19.57ms max=7.06s p(90)=566.45ms p(95)=1.43s
    iterations.....................: 26885 35.856032/s
    vus............................: 1     min=0          max=12
    vus_max........................: 12    min=12         max=12

    NETWORK
    data_received..................: 14 MB 19 kB/s
    data_sent......................: 13 MB 18 kB/s




running (12m29.8s), 00/12 VUs, 26885 complete and 0 interrupted iterations
sudden_spike ✓ [ 100% ] 00/12 VUs  12m0s
