
         /\      Grafana   /‾‾/  
    /\  /  \     |\  __   /  /   
   /  \/    \    | |/ /  /   ‾‾\ 
  /          \   |   (  |  (‾)  |
 / __________ \  |_|\_\  \_____/ 


     execution: local
        script: /scripts/load-test.js
        output: json (/results/results.json)

     scenarios: (100.00%) 1 scenario, 12 max VUs, 12m30s max duration (incl. graceful stop):
              * oscillating: Up to 12 looping VUs for 12m0s over 12 stages (gracefulRampDown: 30s, gracefulStop: 30s)

time="2026-08-17T06:04:21Z" level=info msg="Seeding and pre-authenticating 120 users..." source=console

Run           [ 100% ] setup()
oscillating   [   0% ]

Run           [ 100% ] setup()
oscillating   [   0% ]

Run           [ 100% ] setup()
oscillating   [   0% ]

Run           [ 100% ] setup()
oscillating   [   0% ]

Run           [ 100% ] setup()
oscillating   [   0% ]

Run           [ 100% ] setup()
oscillating   [   0% ]

Run           [ 100% ] setup()
oscillating   [   0% ]

Run           [ 100% ] setup()
oscillating   [   0% ]

Run           [ 100% ] setup()
oscillating   [   0% ]

Run           [ 100% ] setup()
oscillating   [   0% ]

Run           [ 100% ] setup()
oscillating   [   0% ]

Run           [ 100% ] setup()
oscillating   [   0% ]

Run           [ 100% ] setup()
oscillating   [   0% ]

Run           [ 100% ] setup()
oscillating   [   0% ]

Run           [ 100% ] setup()
oscillating   [   0% ]

Run           [ 100% ] setup()
oscillating   [   0% ]

Run           [ 100% ] setup()
oscillating   [   0% ]

Run           [ 100% ] setup()
oscillating   [   0% ]

Run           [ 100% ] setup()
oscillating   [   0% ]

Run           [ 100% ] setup()
oscillating   [   0% ]

Run           [ 100% ] setup()
oscillating   [   0% ]

Run           [ 100% ] setup()
oscillating   [   0% ]

Run           [ 100% ] setup()
oscillating   [   0% ]

Run           [ 100% ] setup()
oscillating   [   0% ]

Run           [ 100% ] setup()
oscillating   [   0% ]

Run           [ 100% ] setup()
oscillating   [   0% ]

Run           [ 100% ] setup()
oscillating   [   0% ]

Run           [ 100% ] setup()
oscillating   [   0% ]
time="2026-08-17T06:04:49Z" level=info msg="Pre-auth complete: 120/120 tokens obtained" source=console

running (00m29.0s), 01/12 VUs, 22 complete and 0 interrupted iterations
oscillating   [   0% ] 01/12 VUs  00m00.8s/12m00.0s

running (00m30.0s), 01/12 VUs, 27 complete and 0 interrupted iterations
oscillating   [   0% ] 01/12 VUs  00m01.8s/12m00.0s

running (00m31.0s), 01/12 VUs, 49 complete and 0 interrupted iterations
oscillating   [   0% ] 01/12 VUs  00m02.8s/12m00.0s

running (00m32.0s), 01/12 VUs, 65 complete and 0 interrupted iterations
oscillating   [   1% ] 01/12 VUs  00m03.8s/12m00.0s

running (00m33.0s), 01/12 VUs, 87 complete and 0 interrupted iterations
oscillating   [   1% ] 01/12 VUs  00m04.8s/12m00.0s

running (00m34.0s), 01/12 VUs, 122 complete and 0 interrupted iterations
oscillating   [   1% ] 01/12 VUs  00m05.8s/12m00.0s

running (00m35.0s), 01/12 VUs, 123 complete and 0 interrupted iterations
oscillating   [   1% ] 01/12 VUs  00m06.8s/12m00.0s

running (00m36.0s), 01/12 VUs, 135 complete and 0 interrupted iterations
oscillating   [   1% ] 01/12 VUs  00m07.8s/12m00.0s

running (00m37.0s), 01/12 VUs, 149 complete and 0 interrupted iterations
oscillating   [   1% ] 01/12 VUs  00m08.8s/12m00.0s

running (00m38.0s), 01/12 VUs, 160 complete and 0 interrupted iterations
oscillating   [   1% ] 01/12 VUs  00m09.8s/12m00.0s

running (00m39.0s), 01/12 VUs, 173 complete and 0 interrupted iterations
oscillating   [   1% ] 01/12 VUs  00m10.8s/12m00.0s

running (00m40.0s), 01/12 VUs, 184 complete and 0 interrupted iterations
oscillating   [   2% ] 01/12 VUs  00m11.8s/12m00.0s

running (00m41.0s), 01/12 VUs, 194 complete and 0 interrupted iterations
oscillating   [   2% ] 01/12 VUs  00m12.8s/12m00.0s

running (00m42.0s), 01/12 VUs, 202 complete and 0 interrupted iterations
oscillating   [   2% ] 01/12 VUs  00m13.8s/12m00.0s

running (00m43.0s), 01/12 VUs, 217 complete and 0 interrupted iterations
oscillating   [   2% ] 01/12 VUs  00m14.8s/12m00.0s

running (00m44.0s), 01/12 VUs, 224 complete and 0 interrupted iterations
oscillating   [   2% ] 01/12 VUs  00m15.8s/12m00.0s

running (00m45.0s), 01/12 VUs, 238 complete and 0 interrupted iterations
oscillating   [   2% ] 01/12 VUs  00m16.8s/12m00.0s

running (00m46.0s), 01/12 VUs, 252 complete and 0 interrupted iterations
oscillating   [   2% ] 01/12 VUs  00m17.8s/12m00.0s

running (00m47.0s), 01/12 VUs, 262 complete and 0 interrupted iterations
oscillating   [   3% ] 01/12 VUs  00m18.8s/12m00.0s

running (00m48.0s), 01/12 VUs, 282 complete and 0 interrupted iterations
oscillating   [   3% ] 01/12 VUs  00m19.8s/12m00.0s

running (00m49.0s), 01/12 VUs, 296 complete and 0 interrupted iterations
oscillating   [   3% ] 01/12 VUs  00m20.8s/12m00.0s

running (00m50.0s), 01/12 VUs, 318 complete and 0 interrupted iterations
oscillating   [   3% ] 01/12 VUs  00m21.8s/12m00.0s

running (00m51.0s), 01/12 VUs, 350 complete and 0 interrupted iterations
oscillating   [   3% ] 01/12 VUs  00m22.8s/12m00.0s

running (00m52.0s), 01/12 VUs, 358 complete and 0 interrupted iterations
oscillating   [   3% ] 01/12 VUs  00m23.8s/12m00.0s

running (00m53.0s), 01/12 VUs, 376 complete and 0 interrupted iterations
oscillating   [   3% ] 01/12 VUs  00m24.8s/12m00.0s

running (00m54.0s), 01/12 VUs, 388 complete and 0 interrupted iterations
oscillating   [   4% ] 01/12 VUs  00m25.8s/12m00.0s

running (00m55.0s), 01/12 VUs, 410 complete and 0 interrupted iterations
oscillating   [   4% ] 01/12 VUs  00m26.8s/12m00.0s

running (00m56.0s), 01/12 VUs, 422 complete and 0 interrupted iterations
oscillating   [   4% ] 01/12 VUs  00m27.8s/12m00.0s

running (00m57.0s), 01/12 VUs, 434 complete and 0 interrupted iterations
oscillating   [   4% ] 01/12 VUs  00m28.8s/12m00.0s

running (00m58.0s), 01/12 VUs, 448 complete and 0 interrupted iterations
oscillating   [   4% ] 01/12 VUs  00m29.8s/12m00.0s

running (00m59.0s), 01/12 VUs, 467 complete and 0 interrupted iterations
oscillating   [   4% ] 01/12 VUs  00m30.8s/12m00.0s

running (01m00.0s), 01/12 VUs, 486 complete and 0 interrupted iterations
oscillating   [   4% ] 01/12 VUs  00m31.8s/12m00.0s

running (01m01.0s), 01/12 VUs, 490 complete and 0 interrupted iterations
oscillating   [   5% ] 01/12 VUs  00m32.8s/12m00.0s

running (01m02.0s), 01/12 VUs, 492 complete and 0 interrupted iterations
oscillating   [   5% ] 01/12 VUs  00m33.8s/12m00.0s

running (01m03.0s), 01/12 VUs, 493 complete and 0 interrupted iterations
oscillating   [   5% ] 01/12 VUs  00m34.8s/12m00.0s

running (01m04.0s), 01/12 VUs, 509 complete and 0 interrupted iterations
oscillating   [   5% ] 01/12 VUs  00m35.8s/12m00.0s

running (01m05.0s), 01/12 VUs, 517 complete and 0 interrupted iterations
oscillating   [   5% ] 01/12 VUs  00m36.8s/12m00.0s

running (01m06.0s), 01/12 VUs, 527 complete and 0 interrupted iterations
oscillating   [   5% ] 01/12 VUs  00m37.8s/12m00.0s

running (01m07.0s), 01/12 VUs, 540 complete and 0 interrupted iterations
oscillating   [   5% ] 01/12 VUs  00m38.8s/12m00.0s

running (01m08.0s), 01/12 VUs, 553 complete and 0 interrupted iterations
oscillating   [   6% ] 01/12 VUs  00m39.8s/12m00.0s

running (01m09.0s), 01/12 VUs, 559 complete and 0 interrupted iterations
oscillating   [   6% ] 01/12 VUs  00m40.8s/12m00.0s

running (01m10.0s), 01/12 VUs, 560 complete and 0 interrupted iterations
oscillating   [   6% ] 01/12 VUs  00m41.8s/12m00.0s

running (01m11.0s), 01/12 VUs, 575 complete and 0 interrupted iterations
oscillating   [   6% ] 01/12 VUs  00m42.8s/12m00.0s

running (01m12.0s), 01/12 VUs, 599 complete and 0 interrupted iterations
oscillating   [   6% ] 01/12 VUs  00m43.8s/12m00.0s

running (01m13.0s), 01/12 VUs, 607 complete and 0 interrupted iterations
oscillating   [   6% ] 01/12 VUs  00m44.8s/12m00.0s

running (01m14.0s), 01/12 VUs, 657 complete and 0 interrupted iterations
oscillating   [   6% ] 01/12 VUs  00m45.8s/12m00.0s

running (01m15.0s), 01/12 VUs, 676 complete and 0 interrupted iterations
oscillating   [   6% ] 01/12 VUs  00m46.8s/12m00.0s

running (01m16.0s), 01/12 VUs, 707 complete and 0 interrupted iterations
oscillating   [   7% ] 01/12 VUs  00m47.8s/12m00.0s

running (01m17.0s), 01/12 VUs, 711 complete and 0 interrupted iterations
oscillating   [   7% ] 01/12 VUs  00m48.8s/12m00.0s

running (01m18.0s), 01/12 VUs, 716 complete and 0 interrupted iterations
oscillating   [   7% ] 01/12 VUs  00m49.8s/12m00.0s

running (01m19.0s), 01/12 VUs, 718 complete and 0 interrupted iterations
oscillating   [   7% ] 01/12 VUs  00m50.8s/12m00.0s

running (01m20.0s), 01/12 VUs, 724 complete and 0 interrupted iterations
oscillating   [   7% ] 01/12 VUs  00m51.8s/12m00.0s

running (01m21.0s), 01/12 VUs, 732 complete and 0 interrupted iterations
oscillating   [   7% ] 01/12 VUs  00m52.8s/12m00.0s

running (01m22.0s), 01/12 VUs, 739 complete and 0 interrupted iterations
oscillating   [   7% ] 01/12 VUs  00m53.8s/12m00.0s

running (01m23.0s), 01/12 VUs, 744 complete and 0 interrupted iterations
oscillating   [   8% ] 01/12 VUs  00m54.8s/12m00.0s

running (01m24.0s), 01/12 VUs, 751 complete and 0 interrupted iterations
oscillating   [   8% ] 01/12 VUs  00m55.8s/12m00.0s

running (01m25.0s), 01/12 VUs, 767 complete and 0 interrupted iterations
oscillating   [   8% ] 01/12 VUs  00m56.8s/12m00.0s

running (01m26.0s), 01/12 VUs, 777 complete and 0 interrupted iterations
oscillating   [   8% ] 01/12 VUs  00m57.8s/12m00.0s

running (01m27.0s), 01/12 VUs, 783 complete and 0 interrupted iterations
oscillating   [   8% ] 01/12 VUs  00m58.8s/12m00.0s

running (01m28.0s), 01/12 VUs, 796 complete and 0 interrupted iterations
oscillating   [   8% ] 01/12 VUs  00m59.8s/12m00.0s

running (01m29.0s), 01/12 VUs, 810 complete and 0 interrupted iterations
oscillating   [   8% ] 01/12 VUs  01m00.8s/12m00.0s

running (01m30.0s), 01/12 VUs, 819 complete and 0 interrupted iterations
oscillating   [   9% ] 01/12 VUs  01m01.8s/12m00.0s

running (01m31.0s), 01/12 VUs, 828 complete and 0 interrupted iterations
oscillating   [   9% ] 01/12 VUs  01m02.8s/12m00.0s

running (01m32.0s), 01/12 VUs, 841 complete and 0 interrupted iterations
oscillating   [   9% ] 01/12 VUs  01m03.8s/12m00.0s

running (01m33.0s), 01/12 VUs, 859 complete and 0 interrupted iterations
oscillating   [   9% ] 01/12 VUs  01m04.8s/12m00.0s

running (01m34.0s), 01/12 VUs, 860 complete and 0 interrupted iterations
oscillating   [   9% ] 01/12 VUs  01m05.8s/12m00.0s

running (01m35.0s), 01/12 VUs, 864 complete and 0 interrupted iterations
oscillating   [   9% ] 01/12 VUs  01m06.8s/12m00.0s

running (01m36.0s), 01/12 VUs, 874 complete and 0 interrupted iterations
oscillating   [   9% ] 01/12 VUs  01m07.8s/12m00.0s

running (01m37.0s), 01/12 VUs, 886 complete and 0 interrupted iterations
oscillating   [  10% ] 01/12 VUs  01m08.8s/12m00.0s

running (01m38.0s), 01/12 VUs, 888 complete and 0 interrupted iterations
oscillating   [  10% ] 01/12 VUs  01m09.8s/12m00.0s

running (01m39.0s), 01/12 VUs, 902 complete and 0 interrupted iterations
oscillating   [  10% ] 01/12 VUs  01m10.8s/12m00.0s

running (01m40.0s), 01/12 VUs, 910 complete and 0 interrupted iterations
oscillating   [  10% ] 01/12 VUs  01m11.8s/12m00.0s

running (01m41.0s), 01/12 VUs, 924 complete and 0 interrupted iterations
oscillating   [  10% ] 01/12 VUs  01m12.8s/12m00.0s

running (01m42.0s), 01/12 VUs, 925 complete and 0 interrupted iterations
oscillating   [  10% ] 01/12 VUs  01m13.8s/12m00.0s

running (01m43.0s), 01/12 VUs, 945 complete and 0 interrupted iterations
oscillating   [  10% ] 01/12 VUs  01m14.8s/12m00.0s

running (01m44.0s), 01/12 VUs, 949 complete and 0 interrupted iterations
oscillating   [  11% ] 01/12 VUs  01m15.8s/12m00.0s

running (01m45.0s), 01/12 VUs, 965 complete and 0 interrupted iterations
oscillating   [  11% ] 01/12 VUs  01m16.8s/12m00.0s

running (01m46.0s), 01/12 VUs, 977 complete and 0 interrupted iterations
oscillating   [  11% ] 01/12 VUs  01m17.8s/12m00.0s

running (01m47.0s), 01/12 VUs, 984 complete and 0 interrupted iterations
oscillating   [  11% ] 01/12 VUs  01m18.8s/12m00.0s

running (01m48.0s), 01/12 VUs, 991 complete and 0 interrupted iterations
oscillating   [  11% ] 01/12 VUs  01m19.8s/12m00.0s

running (01m49.0s), 01/12 VUs, 1003 complete and 0 interrupted iterations
oscillating   [  11% ] 01/12 VUs  01m20.8s/12m00.0s

running (01m50.0s), 01/12 VUs, 1009 complete and 0 interrupted iterations
oscillating   [  11% ] 01/12 VUs  01m21.8s/12m00.0s

running (01m51.0s), 01/12 VUs, 1025 complete and 0 interrupted iterations
oscillating   [  11% ] 01/12 VUs  01m22.8s/12m00.0s

running (01m52.0s), 01/12 VUs, 1032 complete and 0 interrupted iterations
oscillating   [  12% ] 01/12 VUs  01m23.8s/12m00.0s

running (01m53.0s), 01/12 VUs, 1043 complete and 0 interrupted iterations
oscillating   [  12% ] 01/12 VUs  01m24.8s/12m00.0s

running (01m54.0s), 01/12 VUs, 1079 complete and 0 interrupted iterations
oscillating   [  12% ] 01/12 VUs  01m25.8s/12m00.0s

running (01m55.0s), 01/12 VUs, 1086 complete and 0 interrupted iterations
oscillating   [  12% ] 01/12 VUs  01m26.8s/12m00.0s

running (01m56.0s), 01/12 VUs, 1097 complete and 0 interrupted iterations
oscillating   [  12% ] 01/12 VUs  01m27.8s/12m00.0s

running (01m57.0s), 01/12 VUs, 1108 complete and 0 interrupted iterations
oscillating   [  12% ] 01/12 VUs  01m28.8s/12m00.0s

running (01m58.0s), 01/12 VUs, 1130 complete and 0 interrupted iterations
oscillating   [  12% ] 01/12 VUs  01m29.8s/12m00.0s

running (01m59.0s), 01/12 VUs, 1137 complete and 0 interrupted iterations
oscillating   [  13% ] 01/12 VUs  01m30.8s/12m00.0s

running (02m00.0s), 01/12 VUs, 1148 complete and 0 interrupted iterations
oscillating   [  13% ] 01/12 VUs  01m31.8s/12m00.0s

running (02m01.0s), 01/12 VUs, 1154 complete and 0 interrupted iterations
oscillating   [  13% ] 01/12 VUs  01m32.8s/12m00.0s

running (02m02.0s), 01/12 VUs, 1177 complete and 0 interrupted iterations
oscillating   [  13% ] 01/12 VUs  01m33.8s/12m00.0s

running (02m03.0s), 01/12 VUs, 1212 complete and 0 interrupted iterations
oscillating   [  13% ] 01/12 VUs  01m34.8s/12m00.0s

running (02m04.0s), 01/12 VUs, 1221 complete and 0 interrupted iterations
oscillating   [  13% ] 01/12 VUs  01m35.8s/12m00.0s

running (02m05.0s), 01/12 VUs, 1242 complete and 0 interrupted iterations
oscillating   [  13% ] 01/12 VUs  01m36.8s/12m00.0s

running (02m06.0s), 01/12 VUs, 1248 complete and 0 interrupted iterations
oscillating   [  14% ] 01/12 VUs  01m37.8s/12m00.0s

running (02m07.0s), 01/12 VUs, 1275 complete and 0 interrupted iterations
oscillating   [  14% ] 01/12 VUs  01m38.8s/12m00.0s

running (02m08.0s), 01/12 VUs, 1316 complete and 0 interrupted iterations
oscillating   [  14% ] 01/12 VUs  01m39.8s/12m00.0s

running (02m09.0s), 01/12 VUs, 1334 complete and 0 interrupted iterations
oscillating   [  14% ] 01/12 VUs  01m40.8s/12m00.0s

running (02m10.0s), 01/12 VUs, 1355 complete and 0 interrupted iterations
oscillating   [  14% ] 01/12 VUs  01m41.8s/12m00.0s

running (02m11.0s), 01/12 VUs, 1367 complete and 0 interrupted iterations
oscillating   [  14% ] 01/12 VUs  01m42.8s/12m00.0s

running (02m12.0s), 01/12 VUs, 1378 complete and 0 interrupted iterations
oscillating   [  14% ] 01/12 VUs  01m43.8s/12m00.0s

running (02m13.0s), 01/12 VUs, 1382 complete and 0 interrupted iterations
oscillating   [  15% ] 01/12 VUs  01m44.8s/12m00.0s

running (02m14.0s), 01/12 VUs, 1393 complete and 0 interrupted iterations
oscillating   [  15% ] 01/12 VUs  01m45.8s/12m00.0s

running (02m15.0s), 01/12 VUs, 1403 complete and 0 interrupted iterations
oscillating   [  15% ] 01/12 VUs  01m46.8s/12m00.0s

running (02m16.0s), 01/12 VUs, 1421 complete and 0 interrupted iterations
oscillating   [  15% ] 01/12 VUs  01m47.8s/12m00.0s

running (02m17.0s), 01/12 VUs, 1431 complete and 0 interrupted iterations
oscillating   [  15% ] 01/12 VUs  01m48.8s/12m00.0s

running (02m18.0s), 01/12 VUs, 1450 complete and 0 interrupted iterations
oscillating   [  15% ] 01/12 VUs  01m49.8s/12m00.0s

running (02m19.0s), 01/12 VUs, 1463 complete and 0 interrupted iterations
oscillating   [  15% ] 01/12 VUs  01m50.8s/12m00.0s

running (02m20.0s), 01/12 VUs, 1497 complete and 0 interrupted iterations
oscillating   [  16% ] 01/12 VUs  01m51.8s/12m00.0s

running (02m21.0s), 01/12 VUs, 1514 complete and 0 interrupted iterations
oscillating   [  16% ] 01/12 VUs  01m52.8s/12m00.0s

running (02m22.0s), 01/12 VUs, 1520 complete and 0 interrupted iterations
oscillating   [  16% ] 01/12 VUs  01m53.8s/12m00.0s

running (02m23.0s), 01/12 VUs, 1538 complete and 0 interrupted iterations
oscillating   [  16% ] 01/12 VUs  01m54.8s/12m00.0s

running (02m24.0s), 01/12 VUs, 1554 complete and 0 interrupted iterations
oscillating   [  16% ] 01/12 VUs  01m55.8s/12m00.0s

running (02m25.0s), 01/12 VUs, 1581 complete and 0 interrupted iterations
oscillating   [  16% ] 01/12 VUs  01m56.8s/12m00.0s

running (02m26.0s), 01/12 VUs, 1595 complete and 0 interrupted iterations
oscillating   [  16% ] 01/12 VUs  01m57.8s/12m00.0s

running (02m27.0s), 01/12 VUs, 1623 complete and 0 interrupted iterations
oscillating   [  16% ] 01/12 VUs  01m58.8s/12m00.0s

running (02m28.0s), 01/12 VUs, 1627 complete and 0 interrupted iterations
oscillating   [  17% ] 01/12 VUs  01m59.8s/12m00.0s

running (02m29.0s), 01/12 VUs, 1636 complete and 0 interrupted iterations
oscillating   [  17% ] 01/12 VUs  02m00.8s/12m00.0s

running (02m30.0s), 02/12 VUs, 1651 complete and 0 interrupted iterations
oscillating   [  17% ] 02/12 VUs  02m01.8s/12m00.0s

running (02m31.0s), 04/12 VUs, 1694 complete and 0 interrupted iterations
oscillating   [  17% ] 04/12 VUs  02m02.8s/12m00.0s

running (02m32.0s), 05/12 VUs, 1737 complete and 0 interrupted iterations
oscillating   [  17% ] 05/12 VUs  02m03.8s/12m00.0s

running (02m33.0s), 06/12 VUs, 1785 complete and 0 interrupted iterations
oscillating   [  17% ] 06/12 VUs  02m04.8s/12m00.0s

running (02m34.0s), 07/12 VUs, 1819 complete and 0 interrupted iterations
oscillating   [  17% ] 07/12 VUs  02m05.8s/12m00.0s

running (02m35.0s), 08/12 VUs, 1835 complete and 0 interrupted iterations
oscillating   [  18% ] 08/12 VUs  02m06.8s/12m00.0s

running (02m36.0s), 09/12 VUs, 1909 complete and 0 interrupted iterations
oscillating   [  18% ] 09/12 VUs  02m07.8s/12m00.0s

running (02m37.0s), 10/12 VUs, 1928 complete and 0 interrupted iterations
oscillating   [  18% ] 10/12 VUs  02m08.8s/12m00.0s

running (02m38.0s), 11/12 VUs, 1989 complete and 0 interrupted iterations
oscillating   [  18% ] 11/12 VUs  02m09.8s/12m00.0s

running (02m39.0s), 12/12 VUs, 2044 complete and 0 interrupted iterations
oscillating   [  18% ] 12/12 VUs  02m10.8s/12m00.0s

running (02m40.0s), 12/12 VUs, 2070 complete and 0 interrupted iterations
oscillating   [  18% ] 12/12 VUs  02m11.8s/12m00.0s

running (02m41.0s), 12/12 VUs, 2102 complete and 0 interrupted iterations
oscillating   [  18% ] 12/12 VUs  02m12.8s/12m00.0s

running (02m42.0s), 12/12 VUs, 2133 complete and 0 interrupted iterations
oscillating   [  19% ] 12/12 VUs  02m13.8s/12m00.0s

running (02m43.0s), 12/12 VUs, 2163 complete and 0 interrupted iterations
oscillating   [  19% ] 12/12 VUs  02m14.8s/12m00.0s

running (02m44.0s), 12/12 VUs, 2183 complete and 0 interrupted iterations
oscillating   [  19% ] 12/12 VUs  02m15.8s/12m00.0s

running (02m45.0s), 12/12 VUs, 2222 complete and 0 interrupted iterations
oscillating   [  19% ] 12/12 VUs  02m16.8s/12m00.0s

running (02m46.0s), 12/12 VUs, 2227 complete and 0 interrupted iterations
oscillating   [  19% ] 12/12 VUs  02m17.8s/12m00.0s

running (02m47.0s), 12/12 VUs, 2239 complete and 0 interrupted iterations
oscillating   [  19% ] 12/12 VUs  02m18.8s/12m00.0s

running (02m48.0s), 12/12 VUs, 2261 complete and 0 interrupted iterations
oscillating   [  19% ] 12/12 VUs  02m19.8s/12m00.0s

running (02m49.0s), 12/12 VUs, 2335 complete and 0 interrupted iterations
oscillating   [  20% ] 12/12 VUs  02m20.8s/12m00.0s

running (02m50.0s), 12/12 VUs, 2375 complete and 0 interrupted iterations
oscillating   [  20% ] 12/12 VUs  02m21.8s/12m00.0s

running (02m51.0s), 12/12 VUs, 2402 complete and 0 interrupted iterations
oscillating   [  20% ] 12/12 VUs  02m22.8s/12m00.0s

running (02m52.0s), 12/12 VUs, 2439 complete and 0 interrupted iterations
oscillating   [  20% ] 12/12 VUs  02m23.8s/12m00.0s

running (02m53.0s), 12/12 VUs, 2465 complete and 0 interrupted iterations
oscillating   [  20% ] 12/12 VUs  02m24.8s/12m00.0s

running (02m54.0s), 12/12 VUs, 2523 complete and 0 interrupted iterations
oscillating   [  20% ] 12/12 VUs  02m25.8s/12m00.0s

running (02m55.0s), 12/12 VUs, 2555 complete and 0 interrupted iterations
oscillating   [  20% ] 12/12 VUs  02m26.8s/12m00.0s

running (02m56.0s), 12/12 VUs, 2587 complete and 0 interrupted iterations
oscillating   [  21% ] 12/12 VUs  02m27.8s/12m00.0s

running (02m57.0s), 12/12 VUs, 2630 complete and 0 interrupted iterations
oscillating   [  21% ] 12/12 VUs  02m28.8s/12m00.0s

running (02m58.0s), 12/12 VUs, 2691 complete and 0 interrupted iterations
oscillating   [  21% ] 12/12 VUs  02m29.8s/12m00.0s

running (02m59.0s), 12/12 VUs, 2723 complete and 0 interrupted iterations
oscillating   [  21% ] 12/12 VUs  02m30.8s/12m00.0s

running (03m00.0s), 12/12 VUs, 2747 complete and 0 interrupted iterations
oscillating   [  21% ] 12/12 VUs  02m31.8s/12m00.0s

running (03m01.0s), 12/12 VUs, 2778 complete and 0 interrupted iterations
oscillating   [  21% ] 12/12 VUs  02m32.8s/12m00.0s

running (03m02.0s), 12/12 VUs, 2810 complete and 0 interrupted iterations
oscillating   [  21% ] 12/12 VUs  02m33.8s/12m00.0s

running (03m03.0s), 12/12 VUs, 2849 complete and 0 interrupted iterations
oscillating   [  21% ] 12/12 VUs  02m34.8s/12m00.0s

running (03m04.0s), 12/12 VUs, 2893 complete and 0 interrupted iterations
oscillating   [  22% ] 12/12 VUs  02m35.8s/12m00.0s

running (03m05.0s), 12/12 VUs, 2918 complete and 0 interrupted iterations
oscillating   [  22% ] 12/12 VUs  02m36.8s/12m00.0s

running (03m06.0s), 12/12 VUs, 2935 complete and 0 interrupted iterations
oscillating   [  22% ] 12/12 VUs  02m37.8s/12m00.0s

running (03m07.0s), 12/12 VUs, 2967 complete and 0 interrupted iterations
oscillating   [  22% ] 12/12 VUs  02m38.8s/12m00.0s

running (03m08.0s), 12/12 VUs, 2983 complete and 0 interrupted iterations
oscillating   [  22% ] 12/12 VUs  02m39.8s/12m00.0s

running (03m09.0s), 12/12 VUs, 3016 complete and 0 interrupted iterations
oscillating   [  22% ] 12/12 VUs  02m40.8s/12m00.0s

running (03m10.0s), 12/12 VUs, 3062 complete and 0 interrupted iterations
oscillating   [  22% ] 12/12 VUs  02m41.8s/12m00.0s

running (03m11.0s), 12/12 VUs, 3142 complete and 0 interrupted iterations
oscillating   [  23% ] 12/12 VUs  02m42.8s/12m00.0s

running (03m12.0s), 12/12 VUs, 3205 complete and 0 interrupted iterations
oscillating   [  23% ] 12/12 VUs  02m43.8s/12m00.0s

running (03m13.0s), 12/12 VUs, 3267 complete and 0 interrupted iterations
oscillating   [  23% ] 12/12 VUs  02m44.8s/12m00.0s

running (03m14.0s), 12/12 VUs, 3294 complete and 0 interrupted iterations
oscillating   [  23% ] 12/12 VUs  02m45.8s/12m00.0s

running (03m15.0s), 12/12 VUs, 3327 complete and 0 interrupted iterations
oscillating   [  23% ] 12/12 VUs  02m46.8s/12m00.0s

running (03m16.0s), 12/12 VUs, 3355 complete and 0 interrupted iterations
oscillating   [  23% ] 12/12 VUs  02m47.8s/12m00.0s

running (03m17.0s), 12/12 VUs, 3387 complete and 0 interrupted iterations
oscillating   [  23% ] 12/12 VUs  02m48.8s/12m00.0s

running (03m18.0s), 12/12 VUs, 3408 complete and 0 interrupted iterations
oscillating   [  24% ] 12/12 VUs  02m49.8s/12m00.0s

running (03m19.0s), 12/12 VUs, 3435 complete and 0 interrupted iterations
oscillating   [  24% ] 12/12 VUs  02m50.8s/12m00.0s

running (03m20.0s), 12/12 VUs, 3488 complete and 0 interrupted iterations
oscillating   [  24% ] 12/12 VUs  02m51.8s/12m00.0s

running (03m21.0s), 12/12 VUs, 3538 complete and 0 interrupted iterations
oscillating   [  24% ] 12/12 VUs  02m52.8s/12m00.0s

running (03m22.0s), 12/12 VUs, 3597 complete and 0 interrupted iterations
oscillating   [  24% ] 12/12 VUs  02m53.8s/12m00.0s

running (03m23.0s), 12/12 VUs, 3623 complete and 0 interrupted iterations
oscillating   [  24% ] 12/12 VUs  02m54.8s/12m00.0s

running (03m24.0s), 12/12 VUs, 3646 complete and 0 interrupted iterations
oscillating   [  24% ] 12/12 VUs  02m55.8s/12m00.0s

running (03m25.0s), 12/12 VUs, 3674 complete and 0 interrupted iterations
oscillating   [  25% ] 12/12 VUs  02m56.8s/12m00.0s

running (03m26.0s), 12/12 VUs, 3743 complete and 0 interrupted iterations
oscillating   [  25% ] 12/12 VUs  02m57.8s/12m00.0s

running (03m27.0s), 12/12 VUs, 3770 complete and 0 interrupted iterations
oscillating   [  25% ] 12/12 VUs  02m58.8s/12m00.0s

running (03m28.0s), 12/12 VUs, 3825 complete and 0 interrupted iterations
oscillating   [  25% ] 12/12 VUs  02m59.8s/12m00.0s

running (03m29.0s), 12/12 VUs, 3862 complete and 0 interrupted iterations
oscillating   [  25% ] 12/12 VUs  03m00.8s/12m00.0s

running (03m30.0s), 12/12 VUs, 3904 complete and 0 interrupted iterations
oscillating   [  25% ] 12/12 VUs  03m01.8s/12m00.0s

running (03m31.0s), 12/12 VUs, 3957 complete and 0 interrupted iterations
oscillating   [  25% ] 12/12 VUs  03m02.8s/12m00.0s

running (03m32.0s), 12/12 VUs, 3992 complete and 0 interrupted iterations
oscillating   [  26% ] 12/12 VUs  03m03.8s/12m00.0s

running (03m33.0s), 12/12 VUs, 4047 complete and 0 interrupted iterations
oscillating   [  26% ] 12/12 VUs  03m04.8s/12m00.0s

running (03m34.0s), 12/12 VUs, 4090 complete and 0 interrupted iterations
oscillating   [  26% ] 12/12 VUs  03m05.8s/12m00.0s

running (03m35.0s), 12/12 VUs, 4139 complete and 0 interrupted iterations
oscillating   [  26% ] 12/12 VUs  03m06.8s/12m00.0s

running (03m36.0s), 12/12 VUs, 4207 complete and 0 interrupted iterations
oscillating   [  26% ] 12/12 VUs  03m07.8s/12m00.0s

running (03m37.0s), 12/12 VUs, 4259 complete and 0 interrupted iterations
oscillating   [  26% ] 12/12 VUs  03m08.8s/12m00.0s

running (03m38.0s), 12/12 VUs, 4319 complete and 0 interrupted iterations
oscillating   [  26% ] 12/12 VUs  03m09.8s/12m00.0s

running (03m39.0s), 12/12 VUs, 4363 complete and 0 interrupted iterations
oscillating   [  26% ] 12/12 VUs  03m10.8s/12m00.0s

running (03m40.0s), 12/12 VUs, 4378 complete and 0 interrupted iterations
oscillating   [  27% ] 12/12 VUs  03m11.8s/12m00.0s

running (03m41.0s), 12/12 VUs, 4395 complete and 0 interrupted iterations
oscillating   [  27% ] 12/12 VUs  03m12.8s/12m00.0s

running (03m42.0s), 12/12 VUs, 4419 complete and 0 interrupted iterations
oscillating   [  27% ] 12/12 VUs  03m13.8s/12m00.0s

running (03m43.0s), 12/12 VUs, 4448 complete and 0 interrupted iterations
oscillating   [  27% ] 12/12 VUs  03m14.8s/12m00.0s

running (03m44.0s), 12/12 VUs, 4507 complete and 0 interrupted iterations
oscillating   [  27% ] 12/12 VUs  03m15.8s/12m00.0s

running (03m45.0s), 12/12 VUs, 4586 complete and 0 interrupted iterations
oscillating   [  27% ] 12/12 VUs  03m16.8s/12m00.0s

running (03m46.0s), 12/12 VUs, 4621 complete and 0 interrupted iterations
oscillating   [  27% ] 12/12 VUs  03m17.8s/12m00.0s

running (03m47.0s), 12/12 VUs, 4637 complete and 0 interrupted iterations
oscillating   [  28% ] 12/12 VUs  03m18.8s/12m00.0s

running (03m48.0s), 12/12 VUs, 4665 complete and 0 interrupted iterations
oscillating   [  28% ] 12/12 VUs  03m19.8s/12m00.0s

running (03m49.0s), 12/12 VUs, 4715 complete and 0 interrupted iterations
oscillating   [  28% ] 12/12 VUs  03m20.8s/12m00.0s

running (03m50.0s), 12/12 VUs, 4735 complete and 0 interrupted iterations
oscillating   [  28% ] 12/12 VUs  03m21.8s/12m00.0s

running (03m51.0s), 12/12 VUs, 4831 complete and 0 interrupted iterations
oscillating   [  28% ] 12/12 VUs  03m22.8s/12m00.0s

running (03m52.0s), 12/12 VUs, 4849 complete and 0 interrupted iterations
oscillating   [  28% ] 12/12 VUs  03m23.8s/12m00.0s

running (03m53.0s), 12/12 VUs, 4917 complete and 0 interrupted iterations
oscillating   [  28% ] 12/12 VUs  03m24.8s/12m00.0s

running (03m54.0s), 12/12 VUs, 4965 complete and 0 interrupted iterations
oscillating   [  29% ] 12/12 VUs  03m25.8s/12m00.0s

running (03m55.0s), 12/12 VUs, 5016 complete and 0 interrupted iterations
oscillating   [  29% ] 12/12 VUs  03m26.8s/12m00.0s

running (03m56.0s), 12/12 VUs, 5051 complete and 0 interrupted iterations
oscillating   [  29% ] 12/12 VUs  03m27.8s/12m00.0s

running (03m57.0s), 12/12 VUs, 5094 complete and 0 interrupted iterations
oscillating   [  29% ] 12/12 VUs  03m28.8s/12m00.0s

running (03m58.0s), 12/12 VUs, 5142 complete and 0 interrupted iterations
oscillating   [  29% ] 12/12 VUs  03m29.8s/12m00.0s

running (03m59.0s), 12/12 VUs, 5201 complete and 0 interrupted iterations
oscillating   [  29% ] 12/12 VUs  03m30.8s/12m00.0s

running (04m00.0s), 11/12 VUs, 5268 complete and 0 interrupted iterations
oscillating   [  29% ] 11/12 VUs  03m31.8s/12m00.0s

running (04m01.0s), 09/12 VUs, 5295 complete and 0 interrupted iterations
oscillating   [  30% ] 09/12 VUs  03m32.8s/12m00.0s

running (04m02.0s), 09/12 VUs, 5343 complete and 0 interrupted iterations
oscillating   [  30% ] 09/12 VUs  03m33.8s/12m00.0s

running (04m03.0s), 07/12 VUs, 5408 complete and 0 interrupted iterations
oscillating   [  30% ] 07/12 VUs  03m34.8s/12m00.0s

running (04m04.0s), 06/12 VUs, 5470 complete and 0 interrupted iterations
oscillating   [  30% ] 06/12 VUs  03m35.8s/12m00.0s

running (04m05.0s), 05/12 VUs, 5510 complete and 0 interrupted iterations
oscillating   [  30% ] 05/12 VUs  03m36.8s/12m00.0s

running (04m06.0s), 05/12 VUs, 5526 complete and 0 interrupted iterations
oscillating   [  30% ] 05/12 VUs  03m37.8s/12m00.0s

running (04m07.0s), 04/12 VUs, 5546 complete and 0 interrupted iterations
oscillating   [  30% ] 04/12 VUs  03m38.8s/12m00.0s

running (04m08.0s), 02/12 VUs, 5556 complete and 0 interrupted iterations
oscillating   [  31% ] 02/12 VUs  03m39.8s/12m00.0s

running (04m09.0s), 01/12 VUs, 5566 complete and 0 interrupted iterations
oscillating   [  31% ] 01/12 VUs  03m40.8s/12m00.0s

running (04m10.0s), 01/12 VUs, 5579 complete and 0 interrupted iterations
oscillating   [  31% ] 01/12 VUs  03m41.8s/12m00.0s

running (04m11.0s), 01/12 VUs, 5602 complete and 0 interrupted iterations
oscillating   [  31% ] 01/12 VUs  03m42.8s/12m00.0s

running (04m12.0s), 01/12 VUs, 5611 complete and 0 interrupted iterations
oscillating   [  31% ] 01/12 VUs  03m43.8s/12m00.0s

running (04m13.0s), 01/12 VUs, 5628 complete and 0 interrupted iterations
oscillating   [  31% ] 01/12 VUs  03m44.8s/12m00.0s

running (04m14.0s), 01/12 VUs, 5643 complete and 0 interrupted iterations
oscillating   [  31% ] 01/12 VUs  03m45.8s/12m00.0s

running (04m15.0s), 01/12 VUs, 5657 complete and 0 interrupted iterations
oscillating   [  31% ] 01/12 VUs  03m46.8s/12m00.0s

running (04m16.0s), 01/12 VUs, 5666 complete and 0 interrupted iterations
oscillating   [  32% ] 01/12 VUs  03m47.8s/12m00.0s

running (04m17.0s), 01/12 VUs, 5675 complete and 0 interrupted iterations
oscillating   [  32% ] 01/12 VUs  03m48.8s/12m00.0s

running (04m18.0s), 01/12 VUs, 5686 complete and 0 interrupted iterations
oscillating   [  32% ] 01/12 VUs  03m49.8s/12m00.0s

running (04m19.0s), 01/12 VUs, 5704 complete and 0 interrupted iterations
oscillating   [  32% ] 01/12 VUs  03m50.8s/12m00.0s

running (04m20.0s), 01/12 VUs, 5708 complete and 0 interrupted iterations
oscillating   [  32% ] 01/12 VUs  03m51.8s/12m00.0s

running (04m21.0s), 01/12 VUs, 5721 complete and 0 interrupted iterations
oscillating   [  32% ] 01/12 VUs  03m52.8s/12m00.0s

running (04m22.0s), 01/12 VUs, 5748 complete and 0 interrupted iterations
oscillating   [  32% ] 01/12 VUs  03m53.8s/12m00.0s

running (04m23.0s), 01/12 VUs, 5753 complete and 0 interrupted iterations
oscillating   [  33% ] 01/12 VUs  03m54.8s/12m00.0s

running (04m24.0s), 01/12 VUs, 5765 complete and 0 interrupted iterations
oscillating   [  33% ] 01/12 VUs  03m55.8s/12m00.0s

running (04m25.0s), 01/12 VUs, 5780 complete and 0 interrupted iterations
oscillating   [  33% ] 01/12 VUs  03m56.8s/12m00.0s

running (04m26.0s), 01/12 VUs, 5784 complete and 0 interrupted iterations
oscillating   [  33% ] 01/12 VUs  03m57.8s/12m00.0s

running (04m27.0s), 01/12 VUs, 5789 complete and 0 interrupted iterations
oscillating   [  33% ] 01/12 VUs  03m58.8s/12m00.0s

running (04m28.0s), 01/12 VUs, 5810 complete and 0 interrupted iterations
oscillating   [  33% ] 01/12 VUs  03m59.8s/12m00.0s

running (04m29.0s), 01/12 VUs, 5831 complete and 0 interrupted iterations
oscillating   [  33% ] 01/12 VUs  04m00.8s/12m00.0s

running (04m30.0s), 01/12 VUs, 5846 complete and 0 interrupted iterations
oscillating   [  34% ] 01/12 VUs  04m01.8s/12m00.0s

running (04m31.0s), 01/12 VUs, 5853 complete and 0 interrupted iterations
oscillating   [  34% ] 01/12 VUs  04m02.8s/12m00.0s

running (04m32.0s), 01/12 VUs, 5862 complete and 0 interrupted iterations
oscillating   [  34% ] 01/12 VUs  04m03.8s/12m00.0s

running (04m33.0s), 01/12 VUs, 5868 complete and 0 interrupted iterations
oscillating   [  34% ] 01/12 VUs  04m04.8s/12m00.0s

running (04m34.0s), 01/12 VUs, 5885 complete and 0 interrupted iterations
oscillating   [  34% ] 01/12 VUs  04m05.8s/12m00.0s

running (04m35.0s), 01/12 VUs, 5896 complete and 0 interrupted iterations
oscillating   [  34% ] 01/12 VUs  04m06.8s/12m00.0s

running (04m36.0s), 01/12 VUs, 5900 complete and 0 interrupted iterations
oscillating   [  34% ] 01/12 VUs  04m07.8s/12m00.0s

running (04m37.0s), 01/12 VUs, 5925 complete and 0 interrupted iterations
oscillating   [  35% ] 01/12 VUs  04m08.8s/12m00.0s

running (04m38.0s), 01/12 VUs, 5950 complete and 0 interrupted iterations
oscillating   [  35% ] 01/12 VUs  04m09.8s/12m00.0s

running (04m39.0s), 01/12 VUs, 5963 complete and 0 interrupted iterations
oscillating   [  35% ] 01/12 VUs  04m10.8s/12m00.0s

running (04m40.0s), 01/12 VUs, 5973 complete and 0 interrupted iterations
oscillating   [  35% ] 01/12 VUs  04m11.8s/12m00.0s

running (04m41.0s), 01/12 VUs, 5979 complete and 0 interrupted iterations
oscillating   [  35% ] 01/12 VUs  04m12.8s/12m00.0s

running (04m42.0s), 01/12 VUs, 5984 complete and 0 interrupted iterations
oscillating   [  35% ] 01/12 VUs  04m13.8s/12m00.0s

running (04m43.0s), 01/12 VUs, 5996 complete and 0 interrupted iterations
oscillating   [  35% ] 01/12 VUs  04m14.8s/12m00.0s

running (04m44.0s), 01/12 VUs, 6006 complete and 0 interrupted iterations
oscillating   [  36% ] 01/12 VUs  04m15.8s/12m00.0s

running (04m45.0s), 01/12 VUs, 6032 complete and 0 interrupted iterations
oscillating   [  36% ] 01/12 VUs  04m16.8s/12m00.0s

running (04m46.0s), 01/12 VUs, 6050 complete and 0 interrupted iterations
oscillating   [  36% ] 01/12 VUs  04m17.8s/12m00.0s

running (04m47.0s), 01/12 VUs, 6062 complete and 0 interrupted iterations
oscillating   [  36% ] 01/12 VUs  04m18.8s/12m00.0s

running (04m48.0s), 01/12 VUs, 6098 complete and 0 interrupted iterations
oscillating   [  36% ] 01/12 VUs  04m19.8s/12m00.0s

running (04m49.0s), 01/12 VUs, 6108 complete and 0 interrupted iterations
oscillating   [  36% ] 01/12 VUs  04m20.8s/12m00.0s

running (04m50.0s), 01/12 VUs, 6131 complete and 0 interrupted iterations
oscillating   [  36% ] 01/12 VUs  04m21.8s/12m00.0s

running (04m51.0s), 01/12 VUs, 6133 complete and 0 interrupted iterations
oscillating   [  36% ] 01/12 VUs  04m22.8s/12m00.0s

running (04m52.0s), 01/12 VUs, 6153 complete and 0 interrupted iterations
oscillating   [  37% ] 01/12 VUs  04m23.8s/12m00.0s

running (04m53.0s), 01/12 VUs, 6162 complete and 0 interrupted iterations
oscillating   [  37% ] 01/12 VUs  04m24.8s/12m00.0s

running (04m54.0s), 01/12 VUs, 6169 complete and 0 interrupted iterations
oscillating   [  37% ] 01/12 VUs  04m25.8s/12m00.0s

running (04m55.0s), 01/12 VUs, 6173 complete and 0 interrupted iterations
oscillating   [  37% ] 01/12 VUs  04m26.8s/12m00.0s

running (04m56.0s), 01/12 VUs, 6187 complete and 0 interrupted iterations
oscillating   [  37% ] 01/12 VUs  04m27.8s/12m00.0s

running (04m57.0s), 01/12 VUs, 6206 complete and 0 interrupted iterations
oscillating   [  37% ] 01/12 VUs  04m28.8s/12m00.0s

running (04m58.0s), 01/12 VUs, 6216 complete and 0 interrupted iterations
oscillating   [  37% ] 01/12 VUs  04m29.8s/12m00.0s

running (04m59.0s), 01/12 VUs, 6219 complete and 0 interrupted iterations
oscillating   [  38% ] 01/12 VUs  04m30.8s/12m00.0s

running (05m00.0s), 01/12 VUs, 6251 complete and 0 interrupted iterations
oscillating   [  38% ] 01/12 VUs  04m31.8s/12m00.0s

running (05m01.0s), 01/12 VUs, 6269 complete and 0 interrupted iterations
oscillating   [  38% ] 01/12 VUs  04m32.8s/12m00.0s

running (05m02.0s), 01/12 VUs, 6282 complete and 0 interrupted iterations
oscillating   [  38% ] 01/12 VUs  04m33.8s/12m00.0s

running (05m03.0s), 01/12 VUs, 6304 complete and 0 interrupted iterations
oscillating   [  38% ] 01/12 VUs  04m34.8s/12m00.0s

running (05m04.0s), 01/12 VUs, 6321 complete and 0 interrupted iterations
oscillating   [  38% ] 01/12 VUs  04m35.8s/12m00.0s

running (05m05.0s), 01/12 VUs, 6328 complete and 0 interrupted iterations
oscillating   [  38% ] 01/12 VUs  04m36.8s/12m00.0s

running (05m06.0s), 01/12 VUs, 6334 complete and 0 interrupted iterations
oscillating   [  39% ] 01/12 VUs  04m37.8s/12m00.0s

running (05m07.0s), 01/12 VUs, 6356 complete and 0 interrupted iterations
oscillating   [  39% ] 01/12 VUs  04m38.8s/12m00.0s

running (05m08.0s), 01/12 VUs, 6371 complete and 0 interrupted iterations
oscillating   [  39% ] 01/12 VUs  04m39.8s/12m00.0s

running (05m09.0s), 01/12 VUs, 6389 complete and 0 interrupted iterations
oscillating   [  39% ] 01/12 VUs  04m40.8s/12m00.0s

running (05m10.0s), 01/12 VUs, 6415 complete and 0 interrupted iterations
oscillating   [  39% ] 01/12 VUs  04m41.8s/12m00.0s

running (05m11.0s), 01/12 VUs, 6428 complete and 0 interrupted iterations
oscillating   [  39% ] 01/12 VUs  04m42.8s/12m00.0s

running (05m12.0s), 01/12 VUs, 6439 complete and 0 interrupted iterations
oscillating   [  39% ] 01/12 VUs  04m43.8s/12m00.0s

running (05m13.0s), 01/12 VUs, 6449 complete and 0 interrupted iterations
oscillating   [  40% ] 01/12 VUs  04m44.8s/12m00.0s

running (05m14.0s), 01/12 VUs, 6489 complete and 0 interrupted iterations
oscillating   [  40% ] 01/12 VUs  04m45.8s/12m00.0s

running (05m15.0s), 01/12 VUs, 6508 complete and 0 interrupted iterations
oscillating   [  40% ] 01/12 VUs  04m46.8s/12m00.0s

running (05m16.0s), 01/12 VUs, 6518 complete and 0 interrupted iterations
oscillating   [  40% ] 01/12 VUs  04m47.8s/12m00.0s

running (05m17.0s), 01/12 VUs, 6535 complete and 0 interrupted iterations
oscillating   [  40% ] 01/12 VUs  04m48.8s/12m00.0s

running (05m18.0s), 01/12 VUs, 6562 complete and 0 interrupted iterations
oscillating   [  40% ] 01/12 VUs  04m49.8s/12m00.0s

running (05m19.0s), 01/12 VUs, 6580 complete and 0 interrupted iterations
oscillating   [  40% ] 01/12 VUs  04m50.8s/12m00.0s

running (05m20.0s), 01/12 VUs, 6594 complete and 0 interrupted iterations
oscillating   [  41% ] 01/12 VUs  04m51.8s/12m00.0s

running (05m21.0s), 01/12 VUs, 6601 complete and 0 interrupted iterations
oscillating   [  41% ] 01/12 VUs  04m52.8s/12m00.0s

running (05m22.0s), 01/12 VUs, 6608 complete and 0 interrupted iterations
oscillating   [  41% ] 01/12 VUs  04m53.8s/12m00.0s

running (05m23.0s), 01/12 VUs, 6610 complete and 0 interrupted iterations
oscillating   [  41% ] 01/12 VUs  04m54.8s/12m00.0s

running (05m24.0s), 01/12 VUs, 6617 complete and 0 interrupted iterations
oscillating   [  41% ] 01/12 VUs  04m55.8s/12m00.0s

running (05m25.0s), 01/12 VUs, 6631 complete and 0 interrupted iterations
oscillating   [  41% ] 01/12 VUs  04m56.8s/12m00.0s

running (05m26.0s), 01/12 VUs, 6662 complete and 0 interrupted iterations
oscillating   [  41% ] 01/12 VUs  04m57.8s/12m00.0s

running (05m27.0s), 01/12 VUs, 6680 complete and 0 interrupted iterations
oscillating   [  41% ] 01/12 VUs  04m58.8s/12m00.0s

running (05m28.0s), 01/12 VUs, 6693 complete and 0 interrupted iterations
oscillating   [  42% ] 01/12 VUs  04m59.8s/12m00.0s

running (05m29.0s), 01/12 VUs, 6718 complete and 0 interrupted iterations
oscillating   [  42% ] 01/12 VUs  05m00.8s/12m00.0s

running (05m30.0s), 02/12 VUs, 6752 complete and 0 interrupted iterations
oscillating   [  42% ] 02/12 VUs  05m01.8s/12m00.0s

running (05m31.0s), 04/12 VUs, 6785 complete and 0 interrupted iterations
oscillating   [  42% ] 04/12 VUs  05m02.8s/12m00.0s

running (05m32.0s), 05/12 VUs, 6818 complete and 0 interrupted iterations
oscillating   [  42% ] 05/12 VUs  05m03.8s/12m00.0s

running (05m33.0s), 06/12 VUs, 6871 complete and 0 interrupted iterations
oscillating   [  42% ] 06/12 VUs  05m04.8s/12m00.0s

running (05m34.0s), 07/12 VUs, 6888 complete and 0 interrupted iterations
oscillating   [  42% ] 07/12 VUs  05m05.8s/12m00.0s

running (05m35.0s), 08/12 VUs, 6925 complete and 0 interrupted iterations
oscillating   [  43% ] 08/12 VUs  05m06.8s/12m00.0s

running (05m36.0s), 09/12 VUs, 6976 complete and 0 interrupted iterations
oscillating   [  43% ] 09/12 VUs  05m07.8s/12m00.0s

running (05m37.0s), 10/12 VUs, 7004 complete and 0 interrupted iterations
oscillating   [  43% ] 10/12 VUs  05m08.8s/12m00.0s

running (05m38.0s), 11/12 VUs, 7063 complete and 0 interrupted iterations
oscillating   [  43% ] 11/12 VUs  05m09.8s/12m00.0s

running (05m39.0s), 12/12 VUs, 7115 complete and 0 interrupted iterations
oscillating   [  43% ] 12/12 VUs  05m10.8s/12m00.0s

running (05m40.0s), 12/12 VUs, 7177 complete and 0 interrupted iterations
oscillating   [  43% ] 12/12 VUs  05m11.8s/12m00.0s

running (05m41.0s), 12/12 VUs, 7230 complete and 0 interrupted iterations
oscillating   [  43% ] 12/12 VUs  05m12.8s/12m00.0s

running (05m42.0s), 12/12 VUs, 7306 complete and 0 interrupted iterations
oscillating   [  44% ] 12/12 VUs  05m13.8s/12m00.0s

running (05m43.0s), 12/12 VUs, 7348 complete and 0 interrupted iterations
oscillating   [  44% ] 12/12 VUs  05m14.8s/12m00.0s

running (05m44.0s), 12/12 VUs, 7373 complete and 0 interrupted iterations
oscillating   [  44% ] 12/12 VUs  05m15.8s/12m00.0s

running (05m45.0s), 12/12 VUs, 7389 complete and 0 interrupted iterations
oscillating   [  44% ] 12/12 VUs  05m16.8s/12m00.0s

running (05m46.0s), 12/12 VUs, 7433 complete and 0 interrupted iterations
oscillating   [  44% ] 12/12 VUs  05m17.8s/12m00.0s

running (05m47.0s), 12/12 VUs, 7482 complete and 0 interrupted iterations
oscillating   [  44% ] 12/12 VUs  05m18.8s/12m00.0s

running (05m48.0s), 12/12 VUs, 7542 complete and 0 interrupted iterations
oscillating   [  44% ] 12/12 VUs  05m19.8s/12m00.0s

running (05m49.0s), 12/12 VUs, 7577 complete and 0 interrupted iterations
oscillating   [  45% ] 12/12 VUs  05m20.8s/12m00.0s

running (05m50.0s), 12/12 VUs, 7646 complete and 0 interrupted iterations
oscillating   [  45% ] 12/12 VUs  05m21.8s/12m00.0s

running (05m51.0s), 12/12 VUs, 7684 complete and 0 interrupted iterations
oscillating   [  45% ] 12/12 VUs  05m22.8s/12m00.0s

running (05m52.0s), 12/12 VUs, 7733 complete and 0 interrupted iterations
oscillating   [  45% ] 12/12 VUs  05m23.8s/12m00.0s

running (05m53.0s), 12/12 VUs, 7761 complete and 0 interrupted iterations
oscillating   [  45% ] 12/12 VUs  05m24.8s/12m00.0s

running (05m54.0s), 12/12 VUs, 7800 complete and 0 interrupted iterations
oscillating   [  45% ] 12/12 VUs  05m25.8s/12m00.0s

running (05m55.0s), 12/12 VUs, 7852 complete and 0 interrupted iterations
oscillating   [  45% ] 12/12 VUs  05m26.8s/12m00.0s

running (05m56.0s), 12/12 VUs, 7876 complete and 0 interrupted iterations
oscillating   [  46% ] 12/12 VUs  05m27.8s/12m00.0s

running (05m57.0s), 12/12 VUs, 7909 complete and 0 interrupted iterations
oscillating   [  46% ] 12/12 VUs  05m28.8s/12m00.0s

running (05m58.0s), 12/12 VUs, 7984 complete and 0 interrupted iterations
oscillating   [  46% ] 12/12 VUs  05m29.8s/12m00.0s

running (05m59.0s), 12/12 VUs, 8034 complete and 0 interrupted iterations
oscillating   [  46% ] 12/12 VUs  05m30.8s/12m00.0s

running (06m00.0s), 12/12 VUs, 8080 complete and 0 interrupted iterations
oscillating   [  46% ] 12/12 VUs  05m31.8s/12m00.0s

running (06m01.0s), 12/12 VUs, 8120 complete and 0 interrupted iterations
oscillating   [  46% ] 12/12 VUs  05m32.8s/12m00.0s

running (06m02.0s), 12/12 VUs, 8161 complete and 0 interrupted iterations
oscillating   [  46% ] 12/12 VUs  05m33.8s/12m00.0s

running (06m03.0s), 12/12 VUs, 8233 complete and 0 interrupted iterations
oscillating   [  46% ] 12/12 VUs  05m34.8s/12m00.0s

running (06m04.0s), 12/12 VUs, 8278 complete and 0 interrupted iterations
oscillating   [  47% ] 12/12 VUs  05m35.8s/12m00.0s

running (06m05.0s), 12/12 VUs, 8328 complete and 0 interrupted iterations
oscillating   [  47% ] 12/12 VUs  05m36.8s/12m00.0s

running (06m06.0s), 12/12 VUs, 8390 complete and 0 interrupted iterations
oscillating   [  47% ] 12/12 VUs  05m37.8s/12m00.0s

running (06m07.0s), 12/12 VUs, 8449 complete and 0 interrupted iterations
oscillating   [  47% ] 12/12 VUs  05m38.8s/12m00.0s

running (06m08.0s), 12/12 VUs, 8484 complete and 0 interrupted iterations
oscillating   [  47% ] 12/12 VUs  05m39.8s/12m00.0s

running (06m09.0s), 12/12 VUs, 8515 complete and 0 interrupted iterations
oscillating   [  47% ] 12/12 VUs  05m40.8s/12m00.0s

running (06m10.0s), 12/12 VUs, 8546 complete and 0 interrupted iterations
oscillating   [  47% ] 12/12 VUs  05m41.8s/12m00.0s

running (06m11.0s), 12/12 VUs, 8591 complete and 0 interrupted iterations
oscillating   [  48% ] 12/12 VUs  05m42.8s/12m00.0s

running (06m12.0s), 12/12 VUs, 8642 complete and 0 interrupted iterations
oscillating   [  48% ] 12/12 VUs  05m43.8s/12m00.0s

running (06m13.0s), 12/12 VUs, 8696 complete and 0 interrupted iterations
oscillating   [  48% ] 12/12 VUs  05m44.8s/12m00.0s

running (06m14.0s), 12/12 VUs, 8730 complete and 0 interrupted iterations
oscillating   [  48% ] 12/12 VUs  05m45.8s/12m00.0s

running (06m15.0s), 12/12 VUs, 8767 complete and 0 interrupted iterations
oscillating   [  48% ] 12/12 VUs  05m46.8s/12m00.0s

running (06m16.0s), 12/12 VUs, 8822 complete and 0 interrupted iterations
oscillating   [  48% ] 12/12 VUs  05m47.8s/12m00.0s

running (06m17.0s), 12/12 VUs, 8875 complete and 0 interrupted iterations
oscillating   [  48% ] 12/12 VUs  05m48.8s/12m00.0s

running (06m18.0s), 12/12 VUs, 8904 complete and 0 interrupted iterations
oscillating   [  49% ] 12/12 VUs  05m49.8s/12m00.0s

running (06m19.0s), 12/12 VUs, 8951 complete and 0 interrupted iterations
oscillating   [  49% ] 12/12 VUs  05m50.8s/12m00.0s

running (06m20.0s), 12/12 VUs, 9020 complete and 0 interrupted iterations
oscillating   [  49% ] 12/12 VUs  05m51.8s/12m00.0s

running (06m21.0s), 12/12 VUs, 9080 complete and 0 interrupted iterations
oscillating   [  49% ] 12/12 VUs  05m52.8s/12m00.0s

running (06m22.0s), 12/12 VUs, 9152 complete and 0 interrupted iterations
oscillating   [  49% ] 12/12 VUs  05m53.8s/12m00.0s

running (06m23.0s), 12/12 VUs, 9211 complete and 0 interrupted iterations
oscillating   [  49% ] 12/12 VUs  05m54.8s/12m00.0s

running (06m24.0s), 12/12 VUs, 9270 complete and 0 interrupted iterations
oscillating   [  49% ] 12/12 VUs  05m55.8s/12m00.0s

running (06m25.0s), 12/12 VUs, 9309 complete and 0 interrupted iterations
oscillating   [  50% ] 12/12 VUs  05m56.8s/12m00.0s

running (06m26.0s), 12/12 VUs, 9359 complete and 0 interrupted iterations
oscillating   [  50% ] 12/12 VUs  05m57.8s/12m00.0s

running (06m27.0s), 12/12 VUs, 9404 complete and 0 interrupted iterations
oscillating   [  50% ] 12/12 VUs  05m58.8s/12m00.0s

running (06m28.0s), 12/12 VUs, 9477 complete and 0 interrupted iterations
oscillating   [  50% ] 12/12 VUs  05m59.8s/12m00.0s

running (06m29.0s), 12/12 VUs, 9525 complete and 0 interrupted iterations
oscillating   [  50% ] 12/12 VUs  06m00.8s/12m00.0s

running (06m30.0s), 12/12 VUs, 9576 complete and 0 interrupted iterations
oscillating   [  50% ] 12/12 VUs  06m01.8s/12m00.0s

running (06m31.0s), 12/12 VUs, 9612 complete and 0 interrupted iterations
oscillating   [  50% ] 12/12 VUs  06m02.8s/12m00.0s

running (06m32.0s), 12/12 VUs, 9637 complete and 0 interrupted iterations
oscillating   [  51% ] 12/12 VUs  06m03.8s/12m00.0s

running (06m33.0s), 12/12 VUs, 9648 complete and 0 interrupted iterations
oscillating   [  51% ] 12/12 VUs  06m04.8s/12m00.0s

running (06m34.0s), 12/12 VUs, 9668 complete and 0 interrupted iterations
oscillating   [  51% ] 12/12 VUs  06m05.8s/12m00.0s

running (06m35.0s), 12/12 VUs, 9686 complete and 0 interrupted iterations
oscillating   [  51% ] 12/12 VUs  06m06.8s/12m00.0s

running (06m36.0s), 12/12 VUs, 9710 complete and 0 interrupted iterations
oscillating   [  51% ] 12/12 VUs  06m07.8s/12m00.0s

running (06m37.0s), 12/12 VUs, 9737 complete and 0 interrupted iterations
oscillating   [  51% ] 12/12 VUs  06m08.8s/12m00.0s

running (06m38.0s), 12/12 VUs, 9767 complete and 0 interrupted iterations
oscillating   [  51% ] 12/12 VUs  06m09.8s/12m00.0s

running (06m39.0s), 12/12 VUs, 9812 complete and 0 interrupted iterations
oscillating   [  51% ] 12/12 VUs  06m10.8s/12m00.0s

running (06m40.0s), 12/12 VUs, 9849 complete and 0 interrupted iterations
oscillating   [  52% ] 12/12 VUs  06m11.8s/12m00.0s

running (06m41.0s), 12/12 VUs, 9908 complete and 0 interrupted iterations
oscillating   [  52% ] 12/12 VUs  06m12.8s/12m00.0s

running (06m42.0s), 12/12 VUs, 9936 complete and 0 interrupted iterations
oscillating   [  52% ] 12/12 VUs  06m13.8s/12m00.0s

running (06m43.0s), 12/12 VUs, 9981 complete and 0 interrupted iterations
oscillating   [  52% ] 12/12 VUs  06m14.8s/12m00.0s

running (06m44.0s), 12/12 VUs, 10028 complete and 0 interrupted iterations
oscillating   [  52% ] 12/12 VUs  06m15.8s/12m00.0s

running (06m45.0s), 12/12 VUs, 10076 complete and 0 interrupted iterations
oscillating   [  52% ] 12/12 VUs  06m16.8s/12m00.0s

running (06m46.0s), 12/12 VUs, 10135 complete and 0 interrupted iterations
oscillating   [  52% ] 12/12 VUs  06m17.8s/12m00.0s

running (06m47.0s), 12/12 VUs, 10168 complete and 0 interrupted iterations
oscillating   [  53% ] 12/12 VUs  06m18.8s/12m00.0s

running (06m48.0s), 12/12 VUs, 10206 complete and 0 interrupted iterations
oscillating   [  53% ] 12/12 VUs  06m19.8s/12m00.0s

running (06m49.0s), 12/12 VUs, 10252 complete and 0 interrupted iterations
oscillating   [  53% ] 12/12 VUs  06m20.8s/12m00.0s

running (06m50.0s), 12/12 VUs, 10298 complete and 0 interrupted iterations
oscillating   [  53% ] 12/12 VUs  06m21.8s/12m00.0s

running (06m51.0s), 12/12 VUs, 10368 complete and 0 interrupted iterations
oscillating   [  53% ] 12/12 VUs  06m22.8s/12m00.0s

running (06m52.0s), 12/12 VUs, 10424 complete and 0 interrupted iterations
oscillating   [  53% ] 12/12 VUs  06m23.8s/12m00.0s

running (06m53.0s), 12/12 VUs, 10468 complete and 0 interrupted iterations
oscillating   [  53% ] 12/12 VUs  06m24.8s/12m00.0s

running (06m54.0s), 12/12 VUs, 10511 complete and 0 interrupted iterations
oscillating   [  54% ] 12/12 VUs  06m25.8s/12m00.0s

running (06m55.0s), 12/12 VUs, 10554 complete and 0 interrupted iterations
oscillating   [  54% ] 12/12 VUs  06m26.8s/12m00.0s

running (06m56.0s), 12/12 VUs, 10622 complete and 0 interrupted iterations
oscillating   [  54% ] 12/12 VUs  06m27.8s/12m00.0s

running (06m57.0s), 12/12 VUs, 10667 complete and 0 interrupted iterations
oscillating   [  54% ] 12/12 VUs  06m28.8s/12m00.0s

running (06m58.0s), 12/12 VUs, 10735 complete and 0 interrupted iterations
oscillating   [  54% ] 12/12 VUs  06m29.8s/12m00.0s

running (06m59.0s), 12/12 VUs, 10784 complete and 0 interrupted iterations
oscillating   [  54% ] 12/12 VUs  06m30.8s/12m00.0s

running (07m00.0s), 12/12 VUs, 10864 complete and 0 interrupted iterations
oscillating   [  54% ] 12/12 VUs  06m31.8s/12m00.0s

running (07m01.0s), 10/12 VUs, 10883 complete and 0 interrupted iterations
oscillating   [  55% ] 10/12 VUs  06m32.8s/12m00.0s

running (07m02.0s), 08/12 VUs, 10928 complete and 0 interrupted iterations
oscillating   [  55% ] 08/12 VUs  06m33.8s/12m00.0s

running (07m03.0s), 07/12 VUs, 10968 complete and 0 interrupted iterations
oscillating   [  55% ] 07/12 VUs  06m34.8s/12m00.0s

running (07m04.0s), 06/12 VUs, 10988 complete and 0 interrupted iterations
oscillating   [  55% ] 06/12 VUs  06m35.8s/12m00.0s

running (07m05.0s), 05/12 VUs, 11030 complete and 0 interrupted iterations
oscillating   [  55% ] 05/12 VUs  06m36.8s/12m00.0s

running (07m06.0s), 04/12 VUs, 11061 complete and 0 interrupted iterations
oscillating   [  55% ] 04/12 VUs  06m37.8s/12m00.0s

running (07m07.0s), 03/12 VUs, 11084 complete and 0 interrupted iterations
oscillating   [  55% ] 03/12 VUs  06m38.8s/12m00.0s

running (07m08.0s), 02/12 VUs, 11114 complete and 0 interrupted iterations
oscillating   [  56% ] 02/12 VUs  06m39.8s/12m00.0s

running (07m09.0s), 01/12 VUs, 11135 complete and 0 interrupted iterations
oscillating   [  56% ] 01/12 VUs  06m40.8s/12m00.0s

running (07m10.0s), 01/12 VUs, 11164 complete and 0 interrupted iterations
oscillating   [  56% ] 01/12 VUs  06m41.8s/12m00.0s

running (07m11.0s), 01/12 VUs, 11177 complete and 0 interrupted iterations
oscillating   [  56% ] 01/12 VUs  06m42.8s/12m00.0s

running (07m12.0s), 01/12 VUs, 11205 complete and 0 interrupted iterations
oscillating   [  56% ] 01/12 VUs  06m43.8s/12m00.0s

running (07m13.0s), 01/12 VUs, 11221 complete and 0 interrupted iterations
oscillating   [  56% ] 01/12 VUs  06m44.8s/12m00.0s

running (07m14.0s), 01/12 VUs, 11244 complete and 0 interrupted iterations
oscillating   [  56% ] 01/12 VUs  06m45.8s/12m00.0s

running (07m15.0s), 01/12 VUs, 11263 complete and 0 interrupted iterations
oscillating   [  56% ] 01/12 VUs  06m46.8s/12m00.0s

running (07m16.0s), 01/12 VUs, 11280 complete and 0 interrupted iterations
oscillating   [  57% ] 01/12 VUs  06m47.8s/12m00.0s

running (07m17.0s), 01/12 VUs, 11296 complete and 0 interrupted iterations
oscillating   [  57% ] 01/12 VUs  06m48.8s/12m00.0s

running (07m18.0s), 01/12 VUs, 11302 complete and 0 interrupted iterations
oscillating   [  57% ] 01/12 VUs  06m49.8s/12m00.0s

running (07m19.0s), 01/12 VUs, 11327 complete and 0 interrupted iterations
oscillating   [  57% ] 01/12 VUs  06m50.8s/12m00.0s

running (07m20.0s), 01/12 VUs, 11336 complete and 0 interrupted iterations
oscillating   [  57% ] 01/12 VUs  06m51.8s/12m00.0s

running (07m21.0s), 01/12 VUs, 11362 complete and 0 interrupted iterations
oscillating   [  57% ] 01/12 VUs  06m52.8s/12m00.0s

running (07m22.0s), 01/12 VUs, 11406 complete and 0 interrupted iterations
oscillating   [  57% ] 01/12 VUs  06m53.8s/12m00.0s

running (07m23.0s), 01/12 VUs, 11411 complete and 0 interrupted iterations
oscillating   [  58% ] 01/12 VUs  06m54.8s/12m00.0s

running (07m24.0s), 01/12 VUs, 11419 complete and 0 interrupted iterations
oscillating   [  58% ] 01/12 VUs  06m55.8s/12m00.0s

running (07m25.0s), 01/12 VUs, 11437 complete and 0 interrupted iterations
oscillating   [  58% ] 01/12 VUs  06m56.8s/12m00.0s

running (07m26.0s), 01/12 VUs, 11442 complete and 0 interrupted iterations
oscillating   [  58% ] 01/12 VUs  06m57.8s/12m00.0s

running (07m27.0s), 01/12 VUs, 11462 complete and 0 interrupted iterations
oscillating   [  58% ] 01/12 VUs  06m58.8s/12m00.0s

running (07m28.0s), 01/12 VUs, 11464 complete and 0 interrupted iterations
oscillating   [  58% ] 01/12 VUs  06m59.8s/12m00.0s

running (07m29.0s), 01/12 VUs, 11484 complete and 0 interrupted iterations
oscillating   [  58% ] 01/12 VUs  07m00.8s/12m00.0s

running (07m30.0s), 01/12 VUs, 11503 complete and 0 interrupted iterations
oscillating   [  59% ] 01/12 VUs  07m01.8s/12m00.0s

running (07m31.0s), 01/12 VUs, 11511 complete and 0 interrupted iterations
oscillating   [  59% ] 01/12 VUs  07m02.8s/12m00.0s

running (07m32.0s), 01/12 VUs, 11532 complete and 0 interrupted iterations
oscillating   [  59% ] 01/12 VUs  07m03.8s/12m00.0s

running (07m33.0s), 01/12 VUs, 11539 complete and 0 interrupted iterations
oscillating   [  59% ] 01/12 VUs  07m04.8s/12m00.0s

running (07m34.0s), 01/12 VUs, 11542 complete and 0 interrupted iterations
oscillating   [  59% ] 01/12 VUs  07m05.8s/12m00.0s

running (07m35.0s), 01/12 VUs, 11562 complete and 0 interrupted iterations
oscillating   [  59% ] 01/12 VUs  07m06.8s/12m00.0s

running (07m36.0s), 01/12 VUs, 11569 complete and 0 interrupted iterations
oscillating   [  59% ] 01/12 VUs  07m07.8s/12m00.0s

running (07m37.0s), 01/12 VUs, 11598 complete and 0 interrupted iterations
oscillating   [  60% ] 01/12 VUs  07m08.8s/12m00.0s

running (07m38.0s), 01/12 VUs, 11606 complete and 0 interrupted iterations
oscillating   [  60% ] 01/12 VUs  07m09.8s/12m00.0s

running (07m39.0s), 01/12 VUs, 11643 complete and 0 interrupted iterations
oscillating   [  60% ] 01/12 VUs  07m10.8s/12m00.0s

running (07m40.0s), 01/12 VUs, 11667 complete and 0 interrupted iterations
oscillating   [  60% ] 01/12 VUs  07m11.8s/12m00.0s

running (07m41.0s), 01/12 VUs, 11677 complete and 0 interrupted iterations
oscillating   [  60% ] 01/12 VUs  07m12.8s/12m00.0s

running (07m42.0s), 01/12 VUs, 11708 complete and 0 interrupted iterations
oscillating   [  60% ] 01/12 VUs  07m13.8s/12m00.0s

running (07m43.0s), 01/12 VUs, 11716 complete and 0 interrupted iterations
oscillating   [  60% ] 01/12 VUs  07m14.8s/12m00.0s

running (07m44.0s), 01/12 VUs, 11729 complete and 0 interrupted iterations
oscillating   [  61% ] 01/12 VUs  07m15.8s/12m00.0s

running (07m45.0s), 01/12 VUs, 11751 complete and 0 interrupted iterations
oscillating   [  61% ] 01/12 VUs  07m16.8s/12m00.0s

running (07m46.0s), 01/12 VUs, 11758 complete and 0 interrupted iterations
oscillating   [  61% ] 01/12 VUs  07m17.8s/12m00.0s

running (07m47.0s), 01/12 VUs, 11778 complete and 0 interrupted iterations
oscillating   [  61% ] 01/12 VUs  07m18.8s/12m00.0s

running (07m48.0s), 01/12 VUs, 11792 complete and 0 interrupted iterations
oscillating   [  61% ] 01/12 VUs  07m19.8s/12m00.0s

running (07m49.0s), 01/12 VUs, 11805 complete and 0 interrupted iterations
oscillating   [  61% ] 01/12 VUs  07m20.8s/12m00.0s

running (07m50.0s), 01/12 VUs, 11810 complete and 0 interrupted iterations
oscillating   [  61% ] 01/12 VUs  07m21.8s/12m00.0s

running (07m51.0s), 01/12 VUs, 11831 complete and 0 interrupted iterations
oscillating   [  61% ] 01/12 VUs  07m22.8s/12m00.0s

running (07m52.0s), 01/12 VUs, 11840 complete and 0 interrupted iterations
oscillating   [  62% ] 01/12 VUs  07m23.8s/12m00.0s

running (07m53.0s), 01/12 VUs, 11844 complete and 0 interrupted iterations
oscillating   [  62% ] 01/12 VUs  07m24.8s/12m00.0s

running (07m54.0s), 01/12 VUs, 11850 complete and 0 interrupted iterations
oscillating   [  62% ] 01/12 VUs  07m25.8s/12m00.0s

running (07m55.0s), 01/12 VUs, 11862 complete and 0 interrupted iterations
oscillating   [  62% ] 01/12 VUs  07m26.8s/12m00.0s

running (07m56.0s), 01/12 VUs, 11895 complete and 0 interrupted iterations
oscillating   [  62% ] 01/12 VUs  07m27.8s/12m00.0s

running (07m57.0s), 01/12 VUs, 11911 complete and 0 interrupted iterations
oscillating   [  62% ] 01/12 VUs  07m28.8s/12m00.0s

running (07m58.0s), 01/12 VUs, 11916 complete and 0 interrupted iterations
oscillating   [  62% ] 01/12 VUs  07m29.8s/12m00.0s

running (07m59.0s), 01/12 VUs, 11937 complete and 0 interrupted iterations
oscillating   [  63% ] 01/12 VUs  07m30.8s/12m00.0s

running (08m00.0s), 01/12 VUs, 11976 complete and 0 interrupted iterations
oscillating   [  63% ] 01/12 VUs  07m31.8s/12m00.0s

running (08m01.0s), 01/12 VUs, 11998 complete and 0 interrupted iterations
oscillating   [  63% ] 01/12 VUs  07m32.8s/12m00.0s

running (08m02.0s), 01/12 VUs, 12004 complete and 0 interrupted iterations
oscillating   [  63% ] 01/12 VUs  07m33.8s/12m00.0s

running (08m03.0s), 01/12 VUs, 12015 complete and 0 interrupted iterations
oscillating   [  63% ] 01/12 VUs  07m34.8s/12m00.0s

running (08m04.0s), 01/12 VUs, 12034 complete and 0 interrupted iterations
oscillating   [  63% ] 01/12 VUs  07m35.8s/12m00.0s

running (08m05.0s), 01/12 VUs, 12087 complete and 0 interrupted iterations
oscillating   [  63% ] 01/12 VUs  07m36.8s/12m00.0s

running (08m06.0s), 01/12 VUs, 12090 complete and 0 interrupted iterations
oscillating   [  64% ] 01/12 VUs  07m37.8s/12m00.0s

running (08m07.0s), 01/12 VUs, 12102 complete and 0 interrupted iterations
oscillating   [  64% ] 01/12 VUs  07m38.8s/12m00.0s

running (08m08.0s), 01/12 VUs, 12107 complete and 0 interrupted iterations
oscillating   [  64% ] 01/12 VUs  07m39.8s/12m00.0s

running (08m09.0s), 01/12 VUs, 12110 complete and 0 interrupted iterations
oscillating   [  64% ] 01/12 VUs  07m40.8s/12m00.0s

running (08m10.0s), 01/12 VUs, 12128 complete and 0 interrupted iterations
oscillating   [  64% ] 01/12 VUs  07m41.8s/12m00.0s

running (08m11.0s), 01/12 VUs, 12138 complete and 0 interrupted iterations
oscillating   [  64% ] 01/12 VUs  07m42.8s/12m00.0s

running (08m12.0s), 01/12 VUs, 12144 complete and 0 interrupted iterations
oscillating   [  64% ] 01/12 VUs  07m43.8s/12m00.0s

running (08m13.0s), 01/12 VUs, 12152 complete and 0 interrupted iterations
oscillating   [  65% ] 01/12 VUs  07m44.8s/12m00.0s

running (08m14.0s), 01/12 VUs, 12159 complete and 0 interrupted iterations
oscillating   [  65% ] 01/12 VUs  07m45.8s/12m00.0s

running (08m15.0s), 01/12 VUs, 12180 complete and 0 interrupted iterations
oscillating   [  65% ] 01/12 VUs  07m46.8s/12m00.0s

running (08m16.0s), 01/12 VUs, 12209 complete and 0 interrupted iterations
oscillating   [  65% ] 01/12 VUs  07m47.8s/12m00.0s

running (08m17.0s), 01/12 VUs, 12217 complete and 0 interrupted iterations
oscillating   [  65% ] 01/12 VUs  07m48.8s/12m00.0s

running (08m18.0s), 01/12 VUs, 12224 complete and 0 interrupted iterations
oscillating   [  65% ] 01/12 VUs  07m49.8s/12m00.0s

running (08m19.0s), 01/12 VUs, 12234 complete and 0 interrupted iterations
oscillating   [  65% ] 01/12 VUs  07m50.8s/12m00.0s

running (08m20.0s), 01/12 VUs, 12273 complete and 0 interrupted iterations
oscillating   [  66% ] 01/12 VUs  07m51.8s/12m00.0s

running (08m21.0s), 01/12 VUs, 12292 complete and 0 interrupted iterations
oscillating   [  66% ] 01/12 VUs  07m52.8s/12m00.0s

running (08m22.0s), 01/12 VUs, 12302 complete and 0 interrupted iterations
oscillating   [  66% ] 01/12 VUs  07m53.8s/12m00.0s

running (08m23.0s), 01/12 VUs, 12313 complete and 0 interrupted iterations
oscillating   [  66% ] 01/12 VUs  07m54.8s/12m00.0s

running (08m24.0s), 01/12 VUs, 12362 complete and 0 interrupted iterations
oscillating   [  66% ] 01/12 VUs  07m55.8s/12m00.0s

running (08m25.0s), 01/12 VUs, 12365 complete and 0 interrupted iterations
oscillating   [  66% ] 01/12 VUs  07m56.8s/12m00.0s

running (08m26.0s), 01/12 VUs, 12381 complete and 0 interrupted iterations
oscillating   [  66% ] 01/12 VUs  07m57.8s/12m00.0s

running (08m27.0s), 01/12 VUs, 12396 complete and 0 interrupted iterations
oscillating   [  66% ] 01/12 VUs  07m58.8s/12m00.0s

running (08m28.0s), 01/12 VUs, 12427 complete and 0 interrupted iterations
oscillating   [  67% ] 01/12 VUs  07m59.8s/12m00.0s

running (08m29.0s), 01/12 VUs, 12452 complete and 0 interrupted iterations
oscillating   [  67% ] 01/12 VUs  08m00.8s/12m00.0s

running (08m30.0s), 02/12 VUs, 12471 complete and 0 interrupted iterations
oscillating   [  67% ] 02/12 VUs  08m01.8s/12m00.0s

running (08m31.0s), 04/12 VUs, 12516 complete and 0 interrupted iterations
oscillating   [  67% ] 04/12 VUs  08m02.8s/12m00.0s

running (08m32.0s), 05/12 VUs, 12576 complete and 0 interrupted iterations
oscillating   [  67% ] 05/12 VUs  08m03.8s/12m00.0s

running (08m33.0s), 06/12 VUs, 12606 complete and 0 interrupted iterations
oscillating   [  67% ] 06/12 VUs  08m04.8s/12m00.0s

running (08m34.0s), 07/12 VUs, 12671 complete and 0 interrupted iterations
oscillating   [  67% ] 07/12 VUs  08m05.8s/12m00.0s

running (08m35.0s), 08/12 VUs, 12712 complete and 0 interrupted iterations
oscillating   [  68% ] 08/12 VUs  08m06.8s/12m00.0s

running (08m36.0s), 09/12 VUs, 12746 complete and 0 interrupted iterations
oscillating   [  68% ] 09/12 VUs  08m07.8s/12m00.0s

running (08m37.0s), 10/12 VUs, 12793 complete and 0 interrupted iterations
oscillating   [  68% ] 10/12 VUs  08m08.8s/12m00.0s

running (08m38.0s), 11/12 VUs, 12819 complete and 0 interrupted iterations
oscillating   [  68% ] 11/12 VUs  08m09.8s/12m00.0s

running (08m39.0s), 12/12 VUs, 12880 complete and 0 interrupted iterations
oscillating   [  68% ] 12/12 VUs  08m10.8s/12m00.0s

running (08m40.0s), 12/12 VUs, 12940 complete and 0 interrupted iterations
oscillating   [  68% ] 12/12 VUs  08m11.8s/12m00.0s

running (08m41.0s), 12/12 VUs, 12986 complete and 0 interrupted iterations
oscillating   [  68% ] 12/12 VUs  08m12.8s/12m00.0s

running (08m42.0s), 12/12 VUs, 13043 complete and 0 interrupted iterations
oscillating   [  69% ] 12/12 VUs  08m13.8s/12m00.0s

running (08m43.0s), 12/12 VUs, 13066 complete and 0 interrupted iterations
oscillating   [  69% ] 12/12 VUs  08m14.8s/12m00.0s

running (08m44.0s), 12/12 VUs, 13128 complete and 0 interrupted iterations
oscillating   [  69% ] 12/12 VUs  08m15.8s/12m00.0s

running (08m45.0s), 12/12 VUs, 13172 complete and 0 interrupted iterations
oscillating   [  69% ] 12/12 VUs  08m16.8s/12m00.0s

running (08m46.0s), 12/12 VUs, 13236 complete and 0 interrupted iterations
oscillating   [  69% ] 12/12 VUs  08m17.8s/12m00.0s

running (08m47.0s), 12/12 VUs, 13269 complete and 0 interrupted iterations
oscillating   [  69% ] 12/12 VUs  08m18.8s/12m00.0s

running (08m48.0s), 12/12 VUs, 13337 complete and 0 interrupted iterations
oscillating   [  69% ] 12/12 VUs  08m19.8s/12m00.0s

running (08m49.0s), 12/12 VUs, 13382 complete and 0 interrupted iterations
oscillating   [  70% ] 12/12 VUs  08m20.8s/12m00.0s

running (08m50.0s), 12/12 VUs, 13426 complete and 0 interrupted iterations
oscillating   [  70% ] 12/12 VUs  08m21.8s/12m00.0s

running (08m51.0s), 12/12 VUs, 13453 complete and 0 interrupted iterations
oscillating   [  70% ] 12/12 VUs  08m22.8s/12m00.0s

running (08m52.0s), 12/12 VUs, 13508 complete and 0 interrupted iterations
oscillating   [  70% ] 12/12 VUs  08m23.8s/12m00.0s

running (08m53.0s), 12/12 VUs, 13549 complete and 0 interrupted iterations
oscillating   [  70% ] 12/12 VUs  08m24.8s/12m00.0s

running (08m54.0s), 12/12 VUs, 13574 complete and 0 interrupted iterations
oscillating   [  70% ] 12/12 VUs  08m25.8s/12m00.0s

running (08m55.0s), 12/12 VUs, 13607 complete and 0 interrupted iterations
oscillating   [  70% ] 12/12 VUs  08m26.8s/12m00.0s

running (08m56.0s), 12/12 VUs, 13646 complete and 0 interrupted iterations
oscillating   [  71% ] 12/12 VUs  08m27.8s/12m00.0s

running (08m57.0s), 12/12 VUs, 13665 complete and 0 interrupted iterations
oscillating   [  71% ] 12/12 VUs  08m28.8s/12m00.0s

running (08m58.0s), 12/12 VUs, 13690 complete and 0 interrupted iterations
oscillating   [  71% ] 12/12 VUs  08m29.8s/12m00.0s

running (08m59.0s), 12/12 VUs, 13724 complete and 0 interrupted iterations
oscillating   [  71% ] 12/12 VUs  08m30.8s/12m00.0s

running (09m00.0s), 12/12 VUs, 13751 complete and 0 interrupted iterations
oscillating   [  71% ] 12/12 VUs  08m31.8s/12m00.0s

running (09m01.0s), 12/12 VUs, 13816 complete and 0 interrupted iterations
oscillating   [  71% ] 12/12 VUs  08m32.8s/12m00.0s

running (09m02.0s), 12/12 VUs, 13873 complete and 0 interrupted iterations
oscillating   [  71% ] 12/12 VUs  08m33.8s/12m00.0s

running (09m03.0s), 12/12 VUs, 13930 complete and 0 interrupted iterations
oscillating   [  71% ] 12/12 VUs  08m34.8s/12m00.0s

running (09m04.0s), 12/12 VUs, 13968 complete and 0 interrupted iterations
oscillating   [  72% ] 12/12 VUs  08m35.8s/12m00.0s

running (09m05.0s), 12/12 VUs, 14016 complete and 0 interrupted iterations
oscillating   [  72% ] 12/12 VUs  08m36.8s/12m00.0s

running (09m06.0s), 12/12 VUs, 14038 complete and 0 interrupted iterations
oscillating   [  72% ] 12/12 VUs  08m37.8s/12m00.0s

running (09m07.0s), 12/12 VUs, 14098 complete and 0 interrupted iterations
oscillating   [  72% ] 12/12 VUs  08m38.8s/12m00.0s

running (09m08.0s), 12/12 VUs, 14139 complete and 0 interrupted iterations
oscillating   [  72% ] 12/12 VUs  08m39.8s/12m00.0s

running (09m09.0s), 12/12 VUs, 14158 complete and 0 interrupted iterations
oscillating   [  72% ] 12/12 VUs  08m40.8s/12m00.0s

running (09m10.0s), 12/12 VUs, 14204 complete and 0 interrupted iterations
oscillating   [  72% ] 12/12 VUs  08m41.8s/12m00.0s

running (09m11.0s), 12/12 VUs, 14271 complete and 0 interrupted iterations
oscillating   [  73% ] 12/12 VUs  08m42.8s/12m00.0s

running (09m12.0s), 12/12 VUs, 14355 complete and 0 interrupted iterations
oscillating   [  73% ] 12/12 VUs  08m43.8s/12m00.0s

running (09m13.0s), 12/12 VUs, 14394 complete and 0 interrupted iterations
oscillating   [  73% ] 12/12 VUs  08m44.8s/12m00.0s

running (09m14.0s), 12/12 VUs, 14457 complete and 0 interrupted iterations
oscillating   [  73% ] 12/12 VUs  08m45.8s/12m00.0s

running (09m15.0s), 12/12 VUs, 14512 complete and 0 interrupted iterations
oscillating   [  73% ] 12/12 VUs  08m46.8s/12m00.0s

running (09m16.0s), 12/12 VUs, 14562 complete and 0 interrupted iterations
oscillating   [  73% ] 12/12 VUs  08m47.8s/12m00.0s

running (09m17.0s), 12/12 VUs, 14625 complete and 0 interrupted iterations
oscillating   [  73% ] 12/12 VUs  08m48.8s/12m00.0s

running (09m18.0s), 12/12 VUs, 14686 complete and 0 interrupted iterations
oscillating   [  74% ] 12/12 VUs  08m49.8s/12m00.0s

running (09m19.0s), 12/12 VUs, 14728 complete and 0 interrupted iterations
oscillating   [  74% ] 12/12 VUs  08m50.8s/12m00.0s

running (09m20.0s), 12/12 VUs, 14766 complete and 0 interrupted iterations
oscillating   [  74% ] 12/12 VUs  08m51.8s/12m00.0s

running (09m21.0s), 12/12 VUs, 14804 complete and 0 interrupted iterations
oscillating   [  74% ] 12/12 VUs  08m52.8s/12m00.0s

running (09m22.0s), 12/12 VUs, 14844 complete and 0 interrupted iterations
oscillating   [  74% ] 12/12 VUs  08m53.8s/12m00.0s

running (09m23.0s), 12/12 VUs, 14907 complete and 0 interrupted iterations
oscillating   [  74% ] 12/12 VUs  08m54.8s/12m00.0s

running (09m24.0s), 12/12 VUs, 14928 complete and 0 interrupted iterations
oscillating   [  74% ] 12/12 VUs  08m55.8s/12m00.0s

running (09m25.0s), 12/12 VUs, 14966 complete and 0 interrupted iterations
oscillating   [  75% ] 12/12 VUs  08m56.8s/12m00.0s

running (09m26.0s), 12/12 VUs, 14974 complete and 0 interrupted iterations
oscillating   [  75% ] 12/12 VUs  08m57.8s/12m00.0s

running (09m27.0s), 12/12 VUs, 15018 complete and 0 interrupted iterations
oscillating   [  75% ] 12/12 VUs  08m58.8s/12m00.0s

running (09m28.0s), 12/12 VUs, 15057 complete and 0 interrupted iterations
oscillating   [  75% ] 12/12 VUs  08m59.8s/12m00.0s

running (09m29.0s), 12/12 VUs, 15094 complete and 0 interrupted iterations
oscillating   [  75% ] 12/12 VUs  09m00.8s/12m00.0s

running (09m30.0s), 12/12 VUs, 15118 complete and 0 interrupted iterations
oscillating   [  75% ] 12/12 VUs  09m01.8s/12m00.0s

running (09m31.0s), 12/12 VUs, 15173 complete and 0 interrupted iterations
oscillating   [  75% ] 12/12 VUs  09m02.8s/12m00.0s

running (09m32.0s), 12/12 VUs, 15212 complete and 0 interrupted iterations
oscillating   [  76% ] 12/12 VUs  09m03.8s/12m00.0s

running (09m33.0s), 12/12 VUs, 15268 complete and 0 interrupted iterations
oscillating   [  76% ] 12/12 VUs  09m04.8s/12m00.0s

running (09m34.0s), 12/12 VUs, 15303 complete and 0 interrupted iterations
oscillating   [  76% ] 12/12 VUs  09m05.8s/12m00.0s

running (09m35.0s), 12/12 VUs, 15346 complete and 0 interrupted iterations
oscillating   [  76% ] 12/12 VUs  09m06.8s/12m00.0s

running (09m36.0s), 12/12 VUs, 15379 complete and 0 interrupted iterations
oscillating   [  76% ] 12/12 VUs  09m07.8s/12m00.0s

running (09m37.0s), 12/12 VUs, 15453 complete and 0 interrupted iterations
oscillating   [  76% ] 12/12 VUs  09m08.8s/12m00.0s

running (09m38.0s), 12/12 VUs, 15496 complete and 0 interrupted iterations
oscillating   [  76% ] 12/12 VUs  09m09.8s/12m00.0s

running (09m39.0s), 12/12 VUs, 15559 complete and 0 interrupted iterations
oscillating   [  76% ] 12/12 VUs  09m10.8s/12m00.0s

running (09m40.0s), 12/12 VUs, 15634 complete and 0 interrupted iterations
oscillating   [  77% ] 12/12 VUs  09m11.8s/12m00.0s

running (09m41.0s), 12/12 VUs, 15700 complete and 0 interrupted iterations
oscillating   [  77% ] 12/12 VUs  09m12.8s/12m00.0s

running (09m42.0s), 12/12 VUs, 15719 complete and 0 interrupted iterations
oscillating   [  77% ] 12/12 VUs  09m13.8s/12m00.0s

running (09m43.0s), 12/12 VUs, 15770 complete and 0 interrupted iterations
oscillating   [  77% ] 12/12 VUs  09m14.8s/12m00.0s

running (09m44.0s), 12/12 VUs, 15782 complete and 0 interrupted iterations
oscillating   [  77% ] 12/12 VUs  09m15.8s/12m00.0s

running (09m45.0s), 11/12 VUs, 15824 complete and 0 interrupted iterations
oscillating   [  77% ] 11/12 VUs  09m16.8s/12m00.0s

running (09m46.0s), 11/12 VUs, 15863 complete and 0 interrupted iterations
oscillating   [  77% ] 11/12 VUs  09m17.8s/12m00.0s

running (09m47.0s), 11/12 VUs, 15894 complete and 0 interrupted iterations
oscillating   [  78% ] 11/12 VUs  09m18.8s/12m00.0s

running (09m48.0s), 11/12 VUs, 15939 complete and 0 interrupted iterations
oscillating   [  78% ] 11/12 VUs  09m19.8s/12m00.0s

running (09m49.0s), 11/12 VUs, 16004 complete and 0 interrupted iterations
oscillating   [  78% ] 11/12 VUs  09m20.8s/12m00.0s

running (09m50.0s), 11/12 VUs, 16063 complete and 0 interrupted iterations
oscillating   [  78% ] 11/12 VUs  09m21.8s/12m00.0s

running (09m51.0s), 11/12 VUs, 16119 complete and 0 interrupted iterations
oscillating   [  78% ] 11/12 VUs  09m22.8s/12m00.0s

running (09m52.0s), 11/12 VUs, 16171 complete and 0 interrupted iterations
oscillating   [  78% ] 11/12 VUs  09m23.8s/12m00.0s

running (09m53.0s), 11/12 VUs, 16241 complete and 0 interrupted iterations
oscillating   [  78% ] 11/12 VUs  09m24.8s/12m00.0s

running (09m54.0s), 11/12 VUs, 16298 complete and 0 interrupted iterations
oscillating   [  79% ] 11/12 VUs  09m25.8s/12m00.0s

running (09m55.0s), 11/12 VUs, 16314 complete and 0 interrupted iterations
oscillating   [  79% ] 11/12 VUs  09m26.8s/12m00.0s

running (09m56.0s), 11/12 VUs, 16385 complete and 0 interrupted iterations
oscillating   [  79% ] 11/12 VUs  09m27.8s/12m00.0s

running (09m57.0s), 11/12 VUs, 16421 complete and 0 interrupted iterations
oscillating   [  79% ] 11/12 VUs  09m28.8s/12m00.0s

running (09m58.0s), 11/12 VUs, 16467 complete and 0 interrupted iterations
oscillating   [  79% ] 11/12 VUs  09m29.8s/12m00.0s

running (09m59.0s), 10/12 VUs, 16510 complete and 0 interrupted iterations
oscillating   [  79% ] 10/12 VUs  09m30.8s/12m00.0s

running (10m00.0s), 10/12 VUs, 16543 complete and 0 interrupted iterations
oscillating   [  79% ] 10/12 VUs  09m31.8s/12m00.0s

running (10m01.0s), 10/12 VUs, 16622 complete and 0 interrupted iterations
oscillating   [  80% ] 10/12 VUs  09m32.8s/12m00.0s

running (10m02.0s), 10/12 VUs, 16696 complete and 0 interrupted iterations
oscillating   [  80% ] 10/12 VUs  09m33.8s/12m00.0s

running (10m03.0s), 10/12 VUs, 16729 complete and 0 interrupted iterations
oscillating   [  80% ] 10/12 VUs  09m34.8s/12m00.0s

running (10m04.0s), 10/12 VUs, 16747 complete and 0 interrupted iterations
oscillating   [  80% ] 10/12 VUs  09m35.8s/12m00.0s

running (10m05.0s), 10/12 VUs, 16774 complete and 0 interrupted iterations
oscillating   [  80% ] 10/12 VUs  09m36.8s/12m00.0s

running (10m06.0s), 10/12 VUs, 16809 complete and 0 interrupted iterations
oscillating   [  80% ] 10/12 VUs  09m37.8s/12m00.0s

running (10m07.0s), 10/12 VUs, 16831 complete and 0 interrupted iterations
oscillating   [  80% ] 10/12 VUs  09m38.8s/12m00.0s

running (10m08.0s), 10/12 VUs, 16898 complete and 0 interrupted iterations
oscillating   [  81% ] 10/12 VUs  09m39.8s/12m00.0s

running (10m09.0s), 10/12 VUs, 16956 complete and 0 interrupted iterations
oscillating   [  81% ] 10/12 VUs  09m40.8s/12m00.0s

running (10m10.0s), 10/12 VUs, 17016 complete and 0 interrupted iterations
oscillating   [  81% ] 10/12 VUs  09m41.8s/12m00.0s

running (10m11.0s), 10/12 VUs, 17054 complete and 0 interrupted iterations
oscillating   [  81% ] 10/12 VUs  09m42.8s/12m00.0s

running (10m12.0s), 10/12 VUs, 17103 complete and 0 interrupted iterations
oscillating   [  81% ] 10/12 VUs  09m43.8s/12m00.0s

running (10m13.0s), 10/12 VUs, 17143 complete and 0 interrupted iterations
oscillating   [  81% ] 10/12 VUs  09m44.8s/12m00.0s

running (10m14.0s), 10/12 VUs, 17199 complete and 0 interrupted iterations
oscillating   [  81% ] 10/12 VUs  09m45.8s/12m00.0s

running (10m15.0s), 09/12 VUs, 17261 complete and 0 interrupted iterations
oscillating   [  81% ] 09/12 VUs  09m46.8s/12m00.0s

running (10m16.0s), 09/12 VUs, 17291 complete and 0 interrupted iterations
oscillating   [  82% ] 09/12 VUs  09m47.8s/12m00.0s

running (10m17.0s), 09/12 VUs, 17319 complete and 0 interrupted iterations
oscillating   [  82% ] 09/12 VUs  09m48.8s/12m00.0s

running (10m18.0s), 09/12 VUs, 17376 complete and 0 interrupted iterations
oscillating   [  82% ] 09/12 VUs  09m49.8s/12m00.0s

running (10m19.0s), 09/12 VUs, 17393 complete and 0 interrupted iterations
oscillating   [  82% ] 09/12 VUs  09m50.8s/12m00.0s

running (10m20.0s), 09/12 VUs, 17414 complete and 0 interrupted iterations
oscillating   [  82% ] 09/12 VUs  09m51.8s/12m00.0s

running (10m21.0s), 09/12 VUs, 17447 complete and 0 interrupted iterations
oscillating   [  82% ] 09/12 VUs  09m52.8s/12m00.0s

running (10m22.0s), 09/12 VUs, 17509 complete and 0 interrupted iterations
oscillating   [  82% ] 09/12 VUs  09m53.8s/12m00.0s

running (10m23.0s), 09/12 VUs, 17557 complete and 0 interrupted iterations
oscillating   [  83% ] 09/12 VUs  09m54.8s/12m00.0s

running (10m24.0s), 09/12 VUs, 17593 complete and 0 interrupted iterations
oscillating   [  83% ] 09/12 VUs  09m55.8s/12m00.0s

running (10m25.0s), 09/12 VUs, 17633 complete and 0 interrupted iterations
oscillating   [  83% ] 09/12 VUs  09m56.8s/12m00.0s

running (10m26.0s), 09/12 VUs, 17666 complete and 0 interrupted iterations
oscillating   [  83% ] 09/12 VUs  09m57.8s/12m00.0s

running (10m27.0s), 09/12 VUs, 17724 complete and 0 interrupted iterations
oscillating   [  83% ] 09/12 VUs  09m58.8s/12m00.0s

running (10m28.0s), 09/12 VUs, 17754 complete and 0 interrupted iterations
oscillating   [  83% ] 09/12 VUs  09m59.8s/12m00.0s

running (10m29.0s), 09/12 VUs, 17770 complete and 0 interrupted iterations
oscillating   [  83% ] 09/12 VUs  10m00.8s/12m00.0s

running (10m30.0s), 09/12 VUs, 17784 complete and 0 interrupted iterations
oscillating   [  84% ] 09/12 VUs  10m01.8s/12m00.0s

running (10m31.0s), 08/12 VUs, 17811 complete and 0 interrupted iterations
oscillating   [  84% ] 08/12 VUs  10m02.8s/12m00.0s

running (10m32.0s), 08/12 VUs, 17846 complete and 0 interrupted iterations
oscillating   [  84% ] 08/12 VUs  10m03.8s/12m00.0s

running (10m33.0s), 08/12 VUs, 17892 complete and 0 interrupted iterations
oscillating   [  84% ] 08/12 VUs  10m04.8s/12m00.0s

running (10m34.0s), 08/12 VUs, 17930 complete and 0 interrupted iterations
oscillating   [  84% ] 08/12 VUs  10m05.8s/12m00.0s

running (10m35.0s), 08/12 VUs, 17990 complete and 0 interrupted iterations
oscillating   [  84% ] 08/12 VUs  10m06.8s/12m00.0s

running (10m36.0s), 08/12 VUs, 18032 complete and 0 interrupted iterations
oscillating   [  84% ] 08/12 VUs  10m07.8s/12m00.0s

running (10m37.0s), 08/12 VUs, 18046 complete and 0 interrupted iterations
oscillating   [  85% ] 08/12 VUs  10m08.8s/12m00.0s

running (10m38.0s), 08/12 VUs, 18079 complete and 0 interrupted iterations
oscillating   [  85% ] 08/12 VUs  10m09.8s/12m00.0s

running (10m39.0s), 08/12 VUs, 18122 complete and 0 interrupted iterations
oscillating   [  85% ] 08/12 VUs  10m10.8s/12m00.0s

running (10m40.0s), 08/12 VUs, 18202 complete and 0 interrupted iterations
oscillating   [  85% ] 08/12 VUs  10m11.8s/12m00.0s

running (10m41.0s), 08/12 VUs, 18225 complete and 0 interrupted iterations
oscillating   [  85% ] 08/12 VUs  10m12.8s/12m00.0s

running (10m42.0s), 08/12 VUs, 18251 complete and 0 interrupted iterations
oscillating   [  85% ] 08/12 VUs  10m13.8s/12m00.0s

running (10m43.0s), 08/12 VUs, 18264 complete and 0 interrupted iterations
oscillating   [  85% ] 08/12 VUs  10m14.8s/12m00.0s

running (10m44.0s), 07/12 VUs, 18356 complete and 0 interrupted iterations
oscillating   [  86% ] 07/12 VUs  10m15.8s/12m00.0s

running (10m45.0s), 07/12 VUs, 18372 complete and 0 interrupted iterations
oscillating   [  86% ] 07/12 VUs  10m16.8s/12m00.0s

running (10m46.0s), 07/12 VUs, 18434 complete and 0 interrupted iterations
oscillating   [  86% ] 07/12 VUs  10m17.8s/12m00.0s

running (10m47.0s), 07/12 VUs, 18487 complete and 0 interrupted iterations
oscillating   [  86% ] 07/12 VUs  10m18.8s/12m00.0s

running (10m48.0s), 07/12 VUs, 18499 complete and 0 interrupted iterations
oscillating   [  86% ] 07/12 VUs  10m19.8s/12m00.0s

running (10m49.0s), 07/12 VUs, 18523 complete and 0 interrupted iterations
oscillating   [  86% ] 07/12 VUs  10m20.8s/12m00.0s

running (10m50.0s), 07/12 VUs, 18577 complete and 0 interrupted iterations
oscillating   [  86% ] 07/12 VUs  10m21.8s/12m00.0s

running (10m51.0s), 07/12 VUs, 18645 complete and 0 interrupted iterations
oscillating   [  86% ] 07/12 VUs  10m22.8s/12m00.0s

running (10m52.0s), 07/12 VUs, 18681 complete and 0 interrupted iterations
oscillating   [  87% ] 07/12 VUs  10m23.8s/12m00.0s

running (10m53.0s), 07/12 VUs, 18698 complete and 0 interrupted iterations
oscillating   [  87% ] 07/12 VUs  10m24.8s/12m00.0s

running (10m54.0s), 07/12 VUs, 18758 complete and 0 interrupted iterations
oscillating   [  87% ] 07/12 VUs  10m25.8s/12m00.0s

running (10m55.0s), 07/12 VUs, 18795 complete and 0 interrupted iterations
oscillating   [  87% ] 07/12 VUs  10m26.8s/12m00.0s

running (10m56.0s), 07/12 VUs, 18828 complete and 0 interrupted iterations
oscillating   [  87% ] 07/12 VUs  10m27.8s/12m00.0s

running (10m57.0s), 07/12 VUs, 18898 complete and 0 interrupted iterations
oscillating   [  87% ] 07/12 VUs  10m28.8s/12m00.0s

running (10m58.0s), 07/12 VUs, 18940 complete and 0 interrupted iterations
oscillating   [  87% ] 07/12 VUs  10m29.8s/12m00.0s

running (10m59.0s), 06/12 VUs, 18987 complete and 0 interrupted iterations
oscillating   [  88% ] 06/12 VUs  10m30.8s/12m00.0s

running (11m00.0s), 06/12 VUs, 19041 complete and 0 interrupted iterations
oscillating   [  88% ] 06/12 VUs  10m31.8s/12m00.0s

running (11m01.0s), 06/12 VUs, 19084 complete and 0 interrupted iterations
oscillating   [  88% ] 06/12 VUs  10m32.8s/12m00.0s

running (11m02.0s), 06/12 VUs, 19124 complete and 0 interrupted iterations
oscillating   [  88% ] 06/12 VUs  10m33.8s/12m00.0s

running (11m03.0s), 06/12 VUs, 19205 complete and 0 interrupted iterations
oscillating   [  88% ] 06/12 VUs  10m34.8s/12m00.0s

running (11m04.0s), 06/12 VUs, 19240 complete and 0 interrupted iterations
oscillating   [  88% ] 06/12 VUs  10m35.8s/12m00.0s

running (11m05.0s), 06/12 VUs, 19288 complete and 0 interrupted iterations
oscillating   [  88% ] 06/12 VUs  10m36.8s/12m00.0s

running (11m06.0s), 06/12 VUs, 19330 complete and 0 interrupted iterations
oscillating   [  89% ] 06/12 VUs  10m37.8s/12m00.0s

running (11m07.0s), 06/12 VUs, 19360 complete and 0 interrupted iterations
oscillating   [  89% ] 06/12 VUs  10m38.8s/12m00.0s

running (11m08.0s), 06/12 VUs, 19420 complete and 0 interrupted iterations
oscillating   [  89% ] 06/12 VUs  10m39.8s/12m00.0s

running (11m09.0s), 06/12 VUs, 19490 complete and 0 interrupted iterations
oscillating   [  89% ] 06/12 VUs  10m40.8s/12m00.0s

running (11m10.0s), 06/12 VUs, 19533 complete and 0 interrupted iterations
oscillating   [  89% ] 06/12 VUs  10m41.8s/12m00.0s

running (11m11.0s), 06/12 VUs, 19575 complete and 0 interrupted iterations
oscillating   [  89% ] 06/12 VUs  10m42.8s/12m00.0s

running (11m12.0s), 06/12 VUs, 19627 complete and 0 interrupted iterations
oscillating   [  89% ] 06/12 VUs  10m43.8s/12m00.0s

running (11m13.0s), 06/12 VUs, 19654 complete and 0 interrupted iterations
oscillating   [  90% ] 06/12 VUs  10m44.8s/12m00.0s

running (11m14.0s), 05/12 VUs, 19679 complete and 0 interrupted iterations
oscillating   [  90% ] 05/12 VUs  10m45.8s/12m00.0s

running (11m15.0s), 05/12 VUs, 19735 complete and 0 interrupted iterations
oscillating   [  90% ] 05/12 VUs  10m46.8s/12m00.0s

running (11m16.0s), 05/12 VUs, 19793 complete and 0 interrupted iterations
oscillating   [  90% ] 05/12 VUs  10m47.8s/12m00.0s

running (11m17.0s), 05/12 VUs, 19795 complete and 0 interrupted iterations
oscillating   [  90% ] 05/12 VUs  10m48.8s/12m00.0s

running (11m18.0s), 05/12 VUs, 19842 complete and 0 interrupted iterations
oscillating   [  90% ] 05/12 VUs  10m49.8s/12m00.0s

running (11m19.0s), 05/12 VUs, 19856 complete and 0 interrupted iterations
oscillating   [  90% ] 05/12 VUs  10m50.8s/12m00.0s

running (11m20.0s), 05/12 VUs, 19875 complete and 0 interrupted iterations
oscillating   [  91% ] 05/12 VUs  10m51.8s/12m00.0s

running (11m21.0s), 05/12 VUs, 19904 complete and 0 interrupted iterations
oscillating   [  91% ] 05/12 VUs  10m52.8s/12m00.0s

running (11m22.0s), 05/12 VUs, 19938 complete and 0 interrupted iterations
oscillating   [  91% ] 05/12 VUs  10m53.8s/12m00.0s

running (11m23.0s), 05/12 VUs, 19985 complete and 0 interrupted iterations
oscillating   [  91% ] 05/12 VUs  10m54.8s/12m00.0s

running (11m24.0s), 05/12 VUs, 20036 complete and 0 interrupted iterations
oscillating   [  91% ] 05/12 VUs  10m55.8s/12m00.0s

running (11m25.0s), 05/12 VUs, 20058 complete and 0 interrupted iterations
oscillating   [  91% ] 05/12 VUs  10m56.8s/12m00.0s

running (11m26.0s), 05/12 VUs, 20114 complete and 0 interrupted iterations
oscillating   [  91% ] 05/12 VUs  10m57.8s/12m00.0s

running (11m27.0s), 05/12 VUs, 20172 complete and 0 interrupted iterations
oscillating   [  91% ] 05/12 VUs  10m58.8s/12m00.0s

running (11m28.0s), 05/12 VUs, 20197 complete and 0 interrupted iterations
oscillating   [  92% ] 05/12 VUs  10m59.8s/12m00.0s

running (11m29.0s), 04/12 VUs, 20231 complete and 0 interrupted iterations
oscillating   [  92% ] 04/12 VUs  11m00.8s/12m00.0s

running (11m30.0s), 04/12 VUs, 20269 complete and 0 interrupted iterations
oscillating   [  92% ] 04/12 VUs  11m01.8s/12m00.0s

running (11m31.0s), 04/12 VUs, 20293 complete and 0 interrupted iterations
oscillating   [  92% ] 04/12 VUs  11m02.8s/12m00.0s

running (11m32.0s), 04/12 VUs, 20323 complete and 0 interrupted iterations
oscillating   [  92% ] 04/12 VUs  11m03.8s/12m00.0s

running (11m33.0s), 04/12 VUs, 20354 complete and 0 interrupted iterations
oscillating   [  92% ] 04/12 VUs  11m04.8s/12m00.0s

running (11m34.0s), 04/12 VUs, 20387 complete and 0 interrupted iterations
oscillating   [  92% ] 04/12 VUs  11m05.8s/12m00.0s

running (11m35.0s), 04/12 VUs, 20410 complete and 0 interrupted iterations
oscillating   [  93% ] 04/12 VUs  11m06.8s/12m00.0s

running (11m36.0s), 04/12 VUs, 20438 complete and 0 interrupted iterations
oscillating   [  93% ] 04/12 VUs  11m07.8s/12m00.0s

running (11m37.0s), 04/12 VUs, 20463 complete and 0 interrupted iterations
oscillating   [  93% ] 04/12 VUs  11m08.8s/12m00.0s

running (11m38.0s), 04/12 VUs, 20502 complete and 0 interrupted iterations
oscillating   [  93% ] 04/12 VUs  11m09.8s/12m00.0s

running (11m39.0s), 04/12 VUs, 20581 complete and 0 interrupted iterations
oscillating   [  93% ] 04/12 VUs  11m10.8s/12m00.0s

running (11m40.0s), 04/12 VUs, 20607 complete and 0 interrupted iterations
oscillating   [  93% ] 04/12 VUs  11m11.8s/12m00.0s

running (11m41.0s), 04/12 VUs, 20656 complete and 0 interrupted iterations
oscillating   [  93% ] 04/12 VUs  11m12.8s/12m00.0s

running (11m42.0s), 04/12 VUs, 20679 complete and 0 interrupted iterations
oscillating   [  94% ] 04/12 VUs  11m13.8s/12m00.0s

running (11m43.0s), 04/12 VUs, 20724 complete and 0 interrupted iterations
oscillating   [  94% ] 04/12 VUs  11m14.8s/12m00.0s

running (11m44.0s), 03/12 VUs, 20760 complete and 0 interrupted iterations
oscillating   [  94% ] 03/12 VUs  11m15.8s/12m00.0s

running (11m45.0s), 03/12 VUs, 20791 complete and 0 interrupted iterations
oscillating   [  94% ] 03/12 VUs  11m16.8s/12m00.0s

running (11m46.0s), 03/12 VUs, 20832 complete and 0 interrupted iterations
oscillating   [  94% ] 03/12 VUs  11m17.8s/12m00.0s

running (11m47.0s), 03/12 VUs, 20854 complete and 0 interrupted iterations
oscillating   [  94% ] 03/12 VUs  11m18.8s/12m00.0s

running (11m48.0s), 03/12 VUs, 20878 complete and 0 interrupted iterations
oscillating   [  94% ] 03/12 VUs  11m19.8s/12m00.0s

running (11m49.0s), 03/12 VUs, 20891 complete and 0 interrupted iterations
oscillating   [  95% ] 03/12 VUs  11m20.8s/12m00.0s

running (11m50.0s), 03/12 VUs, 20920 complete and 0 interrupted iterations
oscillating   [  95% ] 03/12 VUs  11m21.8s/12m00.0s

running (11m51.0s), 03/12 VUs, 20956 complete and 0 interrupted iterations
oscillating   [  95% ] 03/12 VUs  11m22.8s/12m00.0s

running (11m52.0s), 03/12 VUs, 20972 complete and 0 interrupted iterations
oscillating   [  95% ] 03/12 VUs  11m23.8s/12m00.0s

running (11m53.0s), 03/12 VUs, 21008 complete and 0 interrupted iterations
oscillating   [  95% ] 03/12 VUs  11m24.8s/12m00.0s

running (11m54.0s), 03/12 VUs, 21049 complete and 0 interrupted iterations
oscillating   [  95% ] 03/12 VUs  11m25.8s/12m00.0s

running (11m55.0s), 03/12 VUs, 21061 complete and 0 interrupted iterations
oscillating   [  95% ] 03/12 VUs  11m26.8s/12m00.0s

running (11m56.0s), 03/12 VUs, 21081 complete and 0 interrupted iterations
oscillating   [  96% ] 03/12 VUs  11m27.8s/12m00.0s

running (11m57.0s), 03/12 VUs, 21140 complete and 0 interrupted iterations
oscillating   [  96% ] 03/12 VUs  11m28.8s/12m00.0s

running (11m58.0s), 03/12 VUs, 21175 complete and 0 interrupted iterations
oscillating   [  96% ] 03/12 VUs  11m29.8s/12m00.0s

running (11m59.0s), 02/12 VUs, 21187 complete and 0 interrupted iterations
oscillating   [  96% ] 02/12 VUs  11m30.8s/12m00.0s

running (12m00.0s), 02/12 VUs, 21208 complete and 0 interrupted iterations
oscillating   [  96% ] 02/12 VUs  11m31.8s/12m00.0s

running (12m01.0s), 02/12 VUs, 21232 complete and 0 interrupted iterations
oscillating   [  96% ] 02/12 VUs  11m32.8s/12m00.0s

running (12m02.0s), 02/12 VUs, 21241 complete and 0 interrupted iterations
oscillating   [  96% ] 02/12 VUs  11m33.8s/12m00.0s

running (12m03.0s), 02/12 VUs, 21251 complete and 0 interrupted iterations
oscillating   [  96% ] 02/12 VUs  11m34.8s/12m00.0s

running (12m04.0s), 02/12 VUs, 21268 complete and 0 interrupted iterations
oscillating   [  97% ] 02/12 VUs  11m35.8s/12m00.0s

running (12m05.0s), 02/12 VUs, 21280 complete and 0 interrupted iterations
oscillating   [  97% ] 02/12 VUs  11m36.8s/12m00.0s

running (12m06.0s), 02/12 VUs, 21310 complete and 0 interrupted iterations
oscillating   [  97% ] 02/12 VUs  11m37.8s/12m00.0s

running (12m07.0s), 02/12 VUs, 21323 complete and 0 interrupted iterations
oscillating   [  97% ] 02/12 VUs  11m38.8s/12m00.0s

running (12m08.0s), 02/12 VUs, 21355 complete and 0 interrupted iterations
oscillating   [  97% ] 02/12 VUs  11m39.8s/12m00.0s

running (12m09.0s), 02/12 VUs, 21414 complete and 0 interrupted iterations
oscillating   [  97% ] 02/12 VUs  11m40.8s/12m00.0s

running (12m10.0s), 02/12 VUs, 21452 complete and 0 interrupted iterations
oscillating   [  97% ] 02/12 VUs  11m41.8s/12m00.0s

running (12m11.0s), 02/12 VUs, 21472 complete and 0 interrupted iterations
oscillating   [  98% ] 02/12 VUs  11m42.8s/12m00.0s

running (12m12.0s), 02/12 VUs, 21510 complete and 0 interrupted iterations
oscillating   [  98% ] 02/12 VUs  11m43.8s/12m00.0s

running (12m13.0s), 02/12 VUs, 21558 complete and 0 interrupted iterations
oscillating   [  98% ] 02/12 VUs  11m44.8s/12m00.0s

running (12m14.0s), 01/12 VUs, 21570 complete and 0 interrupted iterations
oscillating   [  98% ] 01/12 VUs  11m45.8s/12m00.0s

running (12m15.0s), 01/12 VUs, 21573 complete and 0 interrupted iterations
oscillating   [  98% ] 01/12 VUs  11m46.8s/12m00.0s

running (12m16.0s), 01/12 VUs, 21619 complete and 0 interrupted iterations
oscillating   [  98% ] 01/12 VUs  11m47.8s/12m00.0s

running (12m17.0s), 01/12 VUs, 21624 complete and 0 interrupted iterations
oscillating   [  98% ] 01/12 VUs  11m48.8s/12m00.0s

running (12m18.0s), 01/12 VUs, 21638 complete and 0 interrupted iterations
oscillating   [  99% ] 01/12 VUs  11m49.8s/12m00.0s

running (12m19.0s), 01/12 VUs, 21641 complete and 0 interrupted iterations
oscillating   [  99% ] 01/12 VUs  11m50.8s/12m00.0s

running (12m20.0s), 01/12 VUs, 21646 complete and 0 interrupted iterations
oscillating   [  99% ] 01/12 VUs  11m51.8s/12m00.0s

running (12m21.0s), 01/12 VUs, 21658 complete and 0 interrupted iterations
oscillating   [  99% ] 01/12 VUs  11m52.8s/12m00.0s

running (12m22.0s), 01/12 VUs, 21663 complete and 0 interrupted iterations
oscillating   [  99% ] 01/12 VUs  11m53.8s/12m00.0s

running (12m23.0s), 01/12 VUs, 21692 complete and 0 interrupted iterations
oscillating   [  99% ] 01/12 VUs  11m54.8s/12m00.0s

running (12m24.0s), 01/12 VUs, 21740 complete and 0 interrupted iterations
oscillating   [  99% ] 01/12 VUs  11m55.8s/12m00.0s

running (12m25.0s), 01/12 VUs, 21752 complete and 0 interrupted iterations
oscillating   [ 100% ] 01/12 VUs  11m56.8s/12m00.0s

running (12m26.0s), 01/12 VUs, 21782 complete and 0 interrupted iterations
oscillating   [ 100% ] 01/12 VUs  11m57.8s/12m00.0s

running (12m27.0s), 01/12 VUs, 21808 complete and 0 interrupted iterations
oscillating   [ 100% ] 01/12 VUs  11m58.8s/12m00.0s

running (12m28.0s), 01/12 VUs, 21822 complete and 0 interrupted iterations
oscillating   [ 100% ] 01/12 VUs  11m59.8s/12m00.0s


  █ THRESHOLDS 

    http_req_duration
    ✓ 'p(95)<2000' p(95)=1.16s

    http_req_failed
    ✓ 'rate<0.05' rate=0.00%


  █ TOTAL RESULTS 

    checks_total.......: 65469  87.471206/s
    checks_succeeded...: 98.03% 64180 out of 65469
    checks_failed......: 1.96%  1289 out of 65469

    ✓ me status is 200
    ✓ me returns user data
    ✗ me response time < 500ms
      ↳  99% — ✓ 15279 / ✗ 27
    ✓ login status is 200
    ✓ login returns access token
    ✗ login response time < 1000ms
      ↳  80% — ✓ 5255 / ✗ 1262

    HTTP
    http_req_duration..............: avg=196.64ms min=2.19ms med=12.33ms max=7.61s p(90)=524.27ms p(95)=1.16s
      { expected_response:true }...: avg=196.64ms min=2.19ms med=12.33ms max=7.61s p(90)=524.27ms p(95)=1.16s
    http_req_failed................: 0.00% 0 out of 21943
    http_reqs......................: 21943 29.317397/s

    EXECUTION
    iteration_duration.............: avg=197.19ms min=2.72ms med=13.02ms max=7.61s p(90)=524.19ms p(95)=1.18s
    iterations.....................: 21823 29.157069/s
    vus............................: 1     min=0          max=12
    vus_max........................: 12    min=12         max=12

    NETWORK
    data_received..................: 12 MB 15 kB/s
    data_sent......................: 11 MB 14 kB/s




running (12m28.5s), 00/12 VUs, 21823 complete and 0 interrupted iterations
oscillating ✓ [ 100% ] 00/12 VUs  12m0s
