
         /\      Grafana   /‾‾/  
    /\  /  \     |\  __   /  /   
   /  \/    \    | |/ /  /   ‾‾\ 
  /          \   |   (  |  (‾)  |
 / __________ \  |_|\_\  \_____/ 


     execution: local
        script: /scripts/load-test.js
        output: json (/results/results.json)

     scenarios: (100.00%) 1 scenario, 12 max VUs, 12m30s max duration (incl. graceful stop):
              * gradual_ramp: Up to 12 looping VUs for 12m0s over 4 stages (gracefulRampDown: 30s, gracefulStop: 30s)

time="2026-08-16T21:52:39Z" level=info msg="Seeding and pre-authenticating 120 users..." source=console

Run            [ 100% ] setup()
gradual_ramp   [   0% ]

Run            [ 100% ] setup()
gradual_ramp   [   0% ]

Run            [ 100% ] setup()
gradual_ramp   [   0% ]

Run            [ 100% ] setup()
gradual_ramp   [   0% ]

Run            [ 100% ] setup()
gradual_ramp   [   0% ]

Run            [ 100% ] setup()
gradual_ramp   [   0% ]

Run            [ 100% ] setup()
gradual_ramp   [   0% ]

Run            [ 100% ] setup()
gradual_ramp   [   0% ]

Run            [ 100% ] setup()
gradual_ramp   [   0% ]

Run            [ 100% ] setup()
gradual_ramp   [   0% ]

Run            [ 100% ] setup()
gradual_ramp   [   0% ]

Run            [ 100% ] setup()
gradual_ramp   [   0% ]

Run            [ 100% ] setup()
gradual_ramp   [   0% ]

Run            [ 100% ] setup()
gradual_ramp   [   0% ]

Run            [ 100% ] setup()
gradual_ramp   [   0% ]

Run            [ 100% ] setup()
gradual_ramp   [   0% ]

Run            [ 100% ] setup()
gradual_ramp   [   0% ]

Run            [ 100% ] setup()
gradual_ramp   [   0% ]

Run            [ 100% ] setup()
gradual_ramp   [   0% ]

Run            [ 100% ] setup()
gradual_ramp   [   0% ]

Run            [ 100% ] setup()
gradual_ramp   [   0% ]

Run            [ 100% ] setup()
gradual_ramp   [   0% ]

Run            [ 100% ] setup()
gradual_ramp   [   0% ]

Run            [ 100% ] setup()
gradual_ramp   [   0% ]

Run            [ 100% ] setup()
gradual_ramp   [   0% ]

Run            [ 100% ] setup()
gradual_ramp   [   0% ]

Run            [ 100% ] setup()
gradual_ramp   [   0% ]

Run            [ 100% ] setup()
gradual_ramp   [   0% ]
time="2026-08-16T21:53:08Z" level=info msg="Pre-auth complete: 120/120 tokens obtained" source=console

running (00m29.0s), 01/12 VUs, 21 complete and 0 interrupted iterations
gradual_ramp   [   0% ] 01/12 VUs  00m00.8s/12m00.0s

running (00m30.0s), 01/12 VUs, 23 complete and 0 interrupted iterations
gradual_ramp   [   0% ] 01/12 VUs  00m01.8s/12m00.0s

running (00m31.0s), 01/12 VUs, 25 complete and 0 interrupted iterations
gradual_ramp   [   0% ] 01/12 VUs  00m02.8s/12m00.0s

running (00m32.0s), 01/12 VUs, 41 complete and 0 interrupted iterations
gradual_ramp   [   1% ] 01/12 VUs  00m03.8s/12m00.0s

running (00m33.0s), 01/12 VUs, 60 complete and 0 interrupted iterations
gradual_ramp   [   1% ] 01/12 VUs  00m04.8s/12m00.0s

running (00m34.0s), 01/12 VUs, 63 complete and 0 interrupted iterations
gradual_ramp   [   1% ] 01/12 VUs  00m05.8s/12m00.0s

running (00m35.0s), 01/12 VUs, 87 complete and 0 interrupted iterations
gradual_ramp   [   1% ] 01/12 VUs  00m06.8s/12m00.0s

running (00m36.0s), 01/12 VUs, 101 complete and 0 interrupted iterations
gradual_ramp   [   1% ] 01/12 VUs  00m07.8s/12m00.0s

running (00m37.0s), 01/12 VUs, 126 complete and 0 interrupted iterations
gradual_ramp   [   1% ] 01/12 VUs  00m08.8s/12m00.0s

running (00m38.0s), 01/12 VUs, 135 complete and 0 interrupted iterations
gradual_ramp   [   1% ] 01/12 VUs  00m09.8s/12m00.0s

running (00m39.0s), 01/12 VUs, 142 complete and 0 interrupted iterations
gradual_ramp   [   1% ] 01/12 VUs  00m10.8s/12m00.0s

running (00m40.0s), 01/12 VUs, 147 complete and 0 interrupted iterations
gradual_ramp   [   2% ] 01/12 VUs  00m11.8s/12m00.0s

running (00m41.0s), 01/12 VUs, 174 complete and 0 interrupted iterations
gradual_ramp   [   2% ] 01/12 VUs  00m12.8s/12m00.0s

running (00m42.0s), 01/12 VUs, 176 complete and 0 interrupted iterations
gradual_ramp   [   2% ] 01/12 VUs  00m13.8s/12m00.0s

running (00m43.0s), 01/12 VUs, 211 complete and 0 interrupted iterations
gradual_ramp   [   2% ] 01/12 VUs  00m14.8s/12m00.0s

running (00m44.0s), 01/12 VUs, 225 complete and 0 interrupted iterations
gradual_ramp   [   2% ] 01/12 VUs  00m15.8s/12m00.0s

running (00m45.0s), 01/12 VUs, 230 complete and 0 interrupted iterations
gradual_ramp   [   2% ] 01/12 VUs  00m16.8s/12m00.0s

running (00m46.0s), 01/12 VUs, 250 complete and 0 interrupted iterations
gradual_ramp   [   2% ] 01/12 VUs  00m17.8s/12m00.0s

running (00m47.0s), 01/12 VUs, 263 complete and 0 interrupted iterations
gradual_ramp   [   3% ] 01/12 VUs  00m18.8s/12m00.0s

running (00m48.0s), 01/12 VUs, 275 complete and 0 interrupted iterations
gradual_ramp   [   3% ] 01/12 VUs  00m19.8s/12m00.0s

running (00m49.0s), 01/12 VUs, 282 complete and 0 interrupted iterations
gradual_ramp   [   3% ] 01/12 VUs  00m20.8s/12m00.0s

running (00m50.0s), 01/12 VUs, 305 complete and 0 interrupted iterations
gradual_ramp   [   3% ] 01/12 VUs  00m21.8s/12m00.0s

running (00m51.0s), 01/12 VUs, 306 complete and 0 interrupted iterations
gradual_ramp   [   3% ] 01/12 VUs  00m22.8s/12m00.0s

running (00m52.0s), 01/12 VUs, 313 complete and 0 interrupted iterations
gradual_ramp   [   3% ] 01/12 VUs  00m23.8s/12m00.0s

running (00m53.0s), 01/12 VUs, 345 complete and 0 interrupted iterations
gradual_ramp   [   3% ] 01/12 VUs  00m24.8s/12m00.0s

running (00m54.0s), 01/12 VUs, 361 complete and 0 interrupted iterations
gradual_ramp   [   4% ] 01/12 VUs  00m25.8s/12m00.0s

running (00m55.0s), 01/12 VUs, 382 complete and 0 interrupted iterations
gradual_ramp   [   4% ] 01/12 VUs  00m26.8s/12m00.0s

running (00m56.0s), 01/12 VUs, 394 complete and 0 interrupted iterations
gradual_ramp   [   4% ] 01/12 VUs  00m27.8s/12m00.0s

running (00m57.0s), 01/12 VUs, 402 complete and 0 interrupted iterations
gradual_ramp   [   4% ] 01/12 VUs  00m28.8s/12m00.0s

running (00m58.0s), 01/12 VUs, 406 complete and 0 interrupted iterations
gradual_ramp   [   4% ] 01/12 VUs  00m29.8s/12m00.0s

running (00m59.0s), 01/12 VUs, 434 complete and 0 interrupted iterations
gradual_ramp   [   4% ] 01/12 VUs  00m30.8s/12m00.0s

running (01m00.0s), 01/12 VUs, 438 complete and 0 interrupted iterations
gradual_ramp   [   4% ] 01/12 VUs  00m31.8s/12m00.0s

running (01m01.0s), 01/12 VUs, 441 complete and 0 interrupted iterations
gradual_ramp   [   5% ] 01/12 VUs  00m32.8s/12m00.0s

running (01m02.0s), 01/12 VUs, 456 complete and 0 interrupted iterations
gradual_ramp   [   5% ] 01/12 VUs  00m33.8s/12m00.0s

running (01m03.0s), 01/12 VUs, 471 complete and 0 interrupted iterations
gradual_ramp   [   5% ] 01/12 VUs  00m34.8s/12m00.0s

running (01m04.0s), 01/12 VUs, 476 complete and 0 interrupted iterations
gradual_ramp   [   5% ] 01/12 VUs  00m35.8s/12m00.0s

running (01m05.0s), 01/12 VUs, 502 complete and 0 interrupted iterations
gradual_ramp   [   5% ] 01/12 VUs  00m36.8s/12m00.0s

running (01m06.0s), 01/12 VUs, 512 complete and 0 interrupted iterations
gradual_ramp   [   5% ] 01/12 VUs  00m37.8s/12m00.0s

running (01m07.0s), 01/12 VUs, 513 complete and 0 interrupted iterations
gradual_ramp   [   5% ] 01/12 VUs  00m38.8s/12m00.0s

running (01m08.0s), 01/12 VUs, 531 complete and 0 interrupted iterations
gradual_ramp   [   6% ] 01/12 VUs  00m39.8s/12m00.0s

running (01m09.0s), 01/12 VUs, 551 complete and 0 interrupted iterations
gradual_ramp   [   6% ] 01/12 VUs  00m40.8s/12m00.0s

running (01m10.0s), 01/12 VUs, 564 complete and 0 interrupted iterations
gradual_ramp   [   6% ] 01/12 VUs  00m41.8s/12m00.0s

running (01m11.0s), 01/12 VUs, 598 complete and 0 interrupted iterations
gradual_ramp   [   6% ] 01/12 VUs  00m42.8s/12m00.0s

running (01m12.0s), 01/12 VUs, 610 complete and 0 interrupted iterations
gradual_ramp   [   6% ] 01/12 VUs  00m43.8s/12m00.0s

running (01m13.0s), 01/12 VUs, 611 complete and 0 interrupted iterations
gradual_ramp   [   6% ] 01/12 VUs  00m44.8s/12m00.0s

running (01m14.0s), 01/12 VUs, 613 complete and 0 interrupted iterations
gradual_ramp   [   6% ] 01/12 VUs  00m45.8s/12m00.0s

running (01m15.0s), 01/12 VUs, 627 complete and 0 interrupted iterations
gradual_ramp   [   6% ] 01/12 VUs  00m46.8s/12m00.0s

running (01m16.0s), 01/12 VUs, 632 complete and 0 interrupted iterations
gradual_ramp   [   7% ] 01/12 VUs  00m47.8s/12m00.0s

running (01m17.0s), 01/12 VUs, 641 complete and 0 interrupted iterations
gradual_ramp   [   7% ] 01/12 VUs  00m48.8s/12m00.0s

running (01m18.0s), 01/12 VUs, 689 complete and 0 interrupted iterations
gradual_ramp   [   7% ] 01/12 VUs  00m49.8s/12m00.0s

running (01m19.0s), 01/12 VUs, 696 complete and 0 interrupted iterations
gradual_ramp   [   7% ] 01/12 VUs  00m50.8s/12m00.0s

running (01m20.0s), 01/12 VUs, 698 complete and 0 interrupted iterations
gradual_ramp   [   7% ] 01/12 VUs  00m51.8s/12m00.0s

running (01m21.0s), 01/12 VUs, 715 complete and 0 interrupted iterations
gradual_ramp   [   7% ] 01/12 VUs  00m52.8s/12m00.0s

running (01m22.0s), 01/12 VUs, 729 complete and 0 interrupted iterations
gradual_ramp   [   7% ] 01/12 VUs  00m53.8s/12m00.0s

running (01m23.0s), 01/12 VUs, 739 complete and 0 interrupted iterations
gradual_ramp   [   8% ] 01/12 VUs  00m54.8s/12m00.0s

running (01m24.0s), 01/12 VUs, 759 complete and 0 interrupted iterations
gradual_ramp   [   8% ] 01/12 VUs  00m55.8s/12m00.0s

running (01m25.0s), 01/12 VUs, 763 complete and 0 interrupted iterations
gradual_ramp   [   8% ] 01/12 VUs  00m56.8s/12m00.0s

running (01m26.0s), 01/12 VUs, 774 complete and 0 interrupted iterations
gradual_ramp   [   8% ] 01/12 VUs  00m57.8s/12m00.0s

running (01m27.0s), 01/12 VUs, 788 complete and 0 interrupted iterations
gradual_ramp   [   8% ] 01/12 VUs  00m58.8s/12m00.0s

running (01m28.0s), 01/12 VUs, 830 complete and 0 interrupted iterations
gradual_ramp   [   8% ] 01/12 VUs  00m59.8s/12m00.0s

running (01m29.0s), 01/12 VUs, 836 complete and 0 interrupted iterations
gradual_ramp   [   8% ] 01/12 VUs  01m00.8s/12m00.0s

running (01m30.0s), 01/12 VUs, 844 complete and 0 interrupted iterations
gradual_ramp   [   9% ] 01/12 VUs  01m01.8s/12m00.0s

running (01m31.0s), 01/12 VUs, 847 complete and 0 interrupted iterations
gradual_ramp   [   9% ] 01/12 VUs  01m02.8s/12m00.0s

running (01m32.0s), 01/12 VUs, 851 complete and 0 interrupted iterations
gradual_ramp   [   9% ] 01/12 VUs  01m03.8s/12m00.0s

running (01m33.0s), 01/12 VUs, 859 complete and 0 interrupted iterations
gradual_ramp   [   9% ] 01/12 VUs  01m04.8s/12m00.0s

running (01m34.0s), 01/12 VUs, 872 complete and 0 interrupted iterations
gradual_ramp   [   9% ] 01/12 VUs  01m05.8s/12m00.0s

running (01m35.0s), 01/12 VUs, 875 complete and 0 interrupted iterations
gradual_ramp   [   9% ] 01/12 VUs  01m06.8s/12m00.0s

running (01m36.0s), 01/12 VUs, 889 complete and 0 interrupted iterations
gradual_ramp   [   9% ] 01/12 VUs  01m07.8s/12m00.0s

running (01m37.0s), 01/12 VUs, 891 complete and 0 interrupted iterations
gradual_ramp   [  10% ] 01/12 VUs  01m08.8s/12m00.0s

running (01m38.0s), 01/12 VUs, 906 complete and 0 interrupted iterations
gradual_ramp   [  10% ] 01/12 VUs  01m09.8s/12m00.0s

running (01m39.0s), 01/12 VUs, 917 complete and 0 interrupted iterations
gradual_ramp   [  10% ] 01/12 VUs  01m10.8s/12m00.0s

running (01m40.0s), 01/12 VUs, 936 complete and 0 interrupted iterations
gradual_ramp   [  10% ] 01/12 VUs  01m11.8s/12m00.0s

running (01m41.0s), 01/12 VUs, 957 complete and 0 interrupted iterations
gradual_ramp   [  10% ] 01/12 VUs  01m12.8s/12m00.0s

running (01m42.0s), 01/12 VUs, 971 complete and 0 interrupted iterations
gradual_ramp   [  10% ] 01/12 VUs  01m13.8s/12m00.0s

running (01m43.0s), 01/12 VUs, 986 complete and 0 interrupted iterations
gradual_ramp   [  10% ] 01/12 VUs  01m14.8s/12m00.0s

running (01m44.0s), 01/12 VUs, 995 complete and 0 interrupted iterations
gradual_ramp   [  11% ] 01/12 VUs  01m15.8s/12m00.0s

running (01m45.0s), 01/12 VUs, 1027 complete and 0 interrupted iterations
gradual_ramp   [  11% ] 01/12 VUs  01m16.8s/12m00.0s

running (01m46.0s), 01/12 VUs, 1048 complete and 0 interrupted iterations
gradual_ramp   [  11% ] 01/12 VUs  01m17.8s/12m00.0s

running (01m47.0s), 01/12 VUs, 1055 complete and 0 interrupted iterations
gradual_ramp   [  11% ] 01/12 VUs  01m18.8s/12m00.0s

running (01m48.0s), 01/12 VUs, 1066 complete and 0 interrupted iterations
gradual_ramp   [  11% ] 01/12 VUs  01m19.8s/12m00.0s

running (01m49.0s), 01/12 VUs, 1074 complete and 0 interrupted iterations
gradual_ramp   [  11% ] 01/12 VUs  01m20.8s/12m00.0s

running (01m50.0s), 01/12 VUs, 1082 complete and 0 interrupted iterations
gradual_ramp   [  11% ] 01/12 VUs  01m21.8s/12m00.0s

running (01m51.0s), 01/12 VUs, 1093 complete and 0 interrupted iterations
gradual_ramp   [  11% ] 01/12 VUs  01m22.8s/12m00.0s

running (01m52.0s), 01/12 VUs, 1099 complete and 0 interrupted iterations
gradual_ramp   [  12% ] 01/12 VUs  01m23.8s/12m00.0s

running (01m53.0s), 01/12 VUs, 1103 complete and 0 interrupted iterations
gradual_ramp   [  12% ] 01/12 VUs  01m24.8s/12m00.0s

running (01m54.0s), 01/12 VUs, 1131 complete and 0 interrupted iterations
gradual_ramp   [  12% ] 01/12 VUs  01m25.8s/12m00.0s

running (01m55.0s), 01/12 VUs, 1137 complete and 0 interrupted iterations
gradual_ramp   [  12% ] 01/12 VUs  01m26.8s/12m00.0s

running (01m56.0s), 01/12 VUs, 1144 complete and 0 interrupted iterations
gradual_ramp   [  12% ] 01/12 VUs  01m27.8s/12m00.0s

running (01m57.0s), 01/12 VUs, 1167 complete and 0 interrupted iterations
gradual_ramp   [  12% ] 01/12 VUs  01m28.8s/12m00.0s

running (01m58.0s), 01/12 VUs, 1177 complete and 0 interrupted iterations
gradual_ramp   [  12% ] 01/12 VUs  01m29.8s/12m00.0s

running (01m59.0s), 01/12 VUs, 1188 complete and 0 interrupted iterations
gradual_ramp   [  13% ] 01/12 VUs  01m30.8s/12m00.0s

running (02m00.0s), 01/12 VUs, 1199 complete and 0 interrupted iterations
gradual_ramp   [  13% ] 01/12 VUs  01m31.8s/12m00.0s

running (02m01.0s), 01/12 VUs, 1217 complete and 0 interrupted iterations
gradual_ramp   [  13% ] 01/12 VUs  01m32.8s/12m00.0s

running (02m02.0s), 01/12 VUs, 1243 complete and 0 interrupted iterations
gradual_ramp   [  13% ] 01/12 VUs  01m33.8s/12m00.0s

running (02m03.0s), 01/12 VUs, 1256 complete and 0 interrupted iterations
gradual_ramp   [  13% ] 01/12 VUs  01m34.8s/12m00.0s

running (02m04.0s), 01/12 VUs, 1264 complete and 0 interrupted iterations
gradual_ramp   [  13% ] 01/12 VUs  01m35.8s/12m00.0s

running (02m05.0s), 01/12 VUs, 1267 complete and 0 interrupted iterations
gradual_ramp   [  13% ] 01/12 VUs  01m36.8s/12m00.0s

running (02m06.0s), 01/12 VUs, 1280 complete and 0 interrupted iterations
gradual_ramp   [  14% ] 01/12 VUs  01m37.8s/12m00.0s

running (02m07.0s), 01/12 VUs, 1309 complete and 0 interrupted iterations
gradual_ramp   [  14% ] 01/12 VUs  01m38.8s/12m00.0s

running (02m08.0s), 01/12 VUs, 1332 complete and 0 interrupted iterations
gradual_ramp   [  14% ] 01/12 VUs  01m39.8s/12m00.0s

running (02m09.0s), 01/12 VUs, 1336 complete and 0 interrupted iterations
gradual_ramp   [  14% ] 01/12 VUs  01m40.8s/12m00.0s

running (02m10.0s), 01/12 VUs, 1357 complete and 0 interrupted iterations
gradual_ramp   [  14% ] 01/12 VUs  01m41.8s/12m00.0s

running (02m11.0s), 01/12 VUs, 1366 complete and 0 interrupted iterations
gradual_ramp   [  14% ] 01/12 VUs  01m42.8s/12m00.0s

running (02m12.0s), 01/12 VUs, 1374 complete and 0 interrupted iterations
gradual_ramp   [  14% ] 01/12 VUs  01m43.8s/12m00.0s

running (02m13.0s), 01/12 VUs, 1381 complete and 0 interrupted iterations
gradual_ramp   [  15% ] 01/12 VUs  01m44.8s/12m00.0s

running (02m14.0s), 01/12 VUs, 1416 complete and 0 interrupted iterations
gradual_ramp   [  15% ] 01/12 VUs  01m45.8s/12m00.0s

running (02m15.0s), 01/12 VUs, 1424 complete and 0 interrupted iterations
gradual_ramp   [  15% ] 01/12 VUs  01m46.8s/12m00.0s

running (02m16.0s), 01/12 VUs, 1441 complete and 0 interrupted iterations
gradual_ramp   [  15% ] 01/12 VUs  01m47.8s/12m00.0s

running (02m17.0s), 01/12 VUs, 1468 complete and 0 interrupted iterations
gradual_ramp   [  15% ] 01/12 VUs  01m48.8s/12m00.0s

running (02m18.0s), 01/12 VUs, 1475 complete and 0 interrupted iterations
gradual_ramp   [  15% ] 01/12 VUs  01m49.8s/12m00.0s

running (02m19.0s), 01/12 VUs, 1477 complete and 0 interrupted iterations
gradual_ramp   [  15% ] 01/12 VUs  01m50.8s/12m00.0s

running (02m20.0s), 01/12 VUs, 1504 complete and 0 interrupted iterations
gradual_ramp   [  16% ] 01/12 VUs  01m51.8s/12m00.0s

running (02m21.0s), 01/12 VUs, 1546 complete and 0 interrupted iterations
gradual_ramp   [  16% ] 01/12 VUs  01m52.8s/12m00.0s

running (02m22.0s), 01/12 VUs, 1548 complete and 0 interrupted iterations
gradual_ramp   [  16% ] 01/12 VUs  01m53.8s/12m00.0s

running (02m23.0s), 01/12 VUs, 1602 complete and 0 interrupted iterations
gradual_ramp   [  16% ] 01/12 VUs  01m54.8s/12m00.0s

running (02m24.0s), 01/12 VUs, 1618 complete and 0 interrupted iterations
gradual_ramp   [  16% ] 01/12 VUs  01m55.8s/12m00.0s

running (02m25.0s), 01/12 VUs, 1622 complete and 0 interrupted iterations
gradual_ramp   [  16% ] 01/12 VUs  01m56.8s/12m00.0s

running (02m26.0s), 01/12 VUs, 1640 complete and 0 interrupted iterations
gradual_ramp   [  16% ] 01/12 VUs  01m57.8s/12m00.0s

running (02m27.0s), 01/12 VUs, 1646 complete and 0 interrupted iterations
gradual_ramp   [  16% ] 01/12 VUs  01m58.8s/12m00.0s

running (02m28.0s), 01/12 VUs, 1669 complete and 0 interrupted iterations
gradual_ramp   [  17% ] 01/12 VUs  01m59.8s/12m00.0s

running (02m29.0s), 01/12 VUs, 1683 complete and 0 interrupted iterations
gradual_ramp   [  17% ] 01/12 VUs  02m00.8s/12m00.0s

running (02m30.0s), 01/12 VUs, 1705 complete and 0 interrupted iterations
gradual_ramp   [  17% ] 01/12 VUs  02m01.8s/12m00.0s

running (02m31.0s), 01/12 VUs, 1713 complete and 0 interrupted iterations
gradual_ramp   [  17% ] 01/12 VUs  02m02.8s/12m00.0s

running (02m32.0s), 01/12 VUs, 1726 complete and 0 interrupted iterations
gradual_ramp   [  17% ] 01/12 VUs  02m03.8s/12m00.0s

running (02m33.0s), 01/12 VUs, 1735 complete and 0 interrupted iterations
gradual_ramp   [  17% ] 01/12 VUs  02m04.8s/12m00.0s

running (02m34.0s), 01/12 VUs, 1752 complete and 0 interrupted iterations
gradual_ramp   [  17% ] 01/12 VUs  02m05.8s/12m00.0s

running (02m35.0s), 01/12 VUs, 1756 complete and 0 interrupted iterations
gradual_ramp   [  18% ] 01/12 VUs  02m06.8s/12m00.0s

running (02m36.0s), 01/12 VUs, 1771 complete and 0 interrupted iterations
gradual_ramp   [  18% ] 01/12 VUs  02m07.8s/12m00.0s

running (02m37.0s), 01/12 VUs, 1778 complete and 0 interrupted iterations
gradual_ramp   [  18% ] 01/12 VUs  02m08.8s/12m00.0s

running (02m38.0s), 01/12 VUs, 1783 complete and 0 interrupted iterations
gradual_ramp   [  18% ] 01/12 VUs  02m09.8s/12m00.0s

running (02m39.0s), 01/12 VUs, 1792 complete and 0 interrupted iterations
gradual_ramp   [  18% ] 01/12 VUs  02m10.8s/12m00.0s

running (02m40.0s), 01/12 VUs, 1797 complete and 0 interrupted iterations
gradual_ramp   [  18% ] 01/12 VUs  02m11.8s/12m00.0s

running (02m41.0s), 01/12 VUs, 1816 complete and 0 interrupted iterations
gradual_ramp   [  18% ] 01/12 VUs  02m12.8s/12m00.0s

running (02m42.0s), 01/12 VUs, 1853 complete and 0 interrupted iterations
gradual_ramp   [  19% ] 01/12 VUs  02m13.8s/12m00.0s

running (02m43.0s), 01/12 VUs, 1859 complete and 0 interrupted iterations
gradual_ramp   [  19% ] 01/12 VUs  02m14.8s/12m00.0s

running (02m44.0s), 01/12 VUs, 1866 complete and 0 interrupted iterations
gradual_ramp   [  19% ] 01/12 VUs  02m15.8s/12m00.0s

running (02m45.0s), 01/12 VUs, 1891 complete and 0 interrupted iterations
gradual_ramp   [  19% ] 01/12 VUs  02m16.8s/12m00.0s

running (02m46.0s), 01/12 VUs, 1903 complete and 0 interrupted iterations
gradual_ramp   [  19% ] 01/12 VUs  02m17.8s/12m00.0s

running (02m47.0s), 01/12 VUs, 1917 complete and 0 interrupted iterations
gradual_ramp   [  19% ] 01/12 VUs  02m18.8s/12m00.0s

running (02m48.0s), 01/12 VUs, 1926 complete and 0 interrupted iterations
gradual_ramp   [  19% ] 01/12 VUs  02m19.8s/12m00.0s

running (02m49.0s), 01/12 VUs, 1950 complete and 0 interrupted iterations
gradual_ramp   [  20% ] 01/12 VUs  02m20.8s/12m00.0s

running (02m50.0s), 01/12 VUs, 1961 complete and 0 interrupted iterations
gradual_ramp   [  20% ] 01/12 VUs  02m21.8s/12m00.0s

running (02m51.0s), 01/12 VUs, 1968 complete and 0 interrupted iterations
gradual_ramp   [  20% ] 01/12 VUs  02m22.8s/12m00.0s

running (02m52.0s), 01/12 VUs, 1993 complete and 0 interrupted iterations
gradual_ramp   [  20% ] 01/12 VUs  02m23.8s/12m00.0s

running (02m53.0s), 01/12 VUs, 2017 complete and 0 interrupted iterations
gradual_ramp   [  20% ] 01/12 VUs  02m24.8s/12m00.0s

running (02m54.0s), 01/12 VUs, 2019 complete and 0 interrupted iterations
gradual_ramp   [  20% ] 01/12 VUs  02m25.8s/12m00.0s

running (02m55.0s), 01/12 VUs, 2021 complete and 0 interrupted iterations
gradual_ramp   [  20% ] 01/12 VUs  02m26.8s/12m00.0s

running (02m56.0s), 02/12 VUs, 2024 complete and 0 interrupted iterations
gradual_ramp   [  21% ] 02/12 VUs  02m27.8s/12m00.0s

running (02m57.0s), 02/12 VUs, 2033 complete and 0 interrupted iterations
gradual_ramp   [  21% ] 02/12 VUs  02m28.8s/12m00.0s

running (02m58.0s), 02/12 VUs, 2044 complete and 0 interrupted iterations
gradual_ramp   [  21% ] 02/12 VUs  02m29.8s/12m00.0s

running (02m59.0s), 02/12 VUs, 2075 complete and 0 interrupted iterations
gradual_ramp   [  21% ] 02/12 VUs  02m30.8s/12m00.0s

running (03m00.0s), 02/12 VUs, 2082 complete and 0 interrupted iterations
gradual_ramp   [  21% ] 02/12 VUs  02m31.8s/12m00.0s

running (03m01.0s), 02/12 VUs, 2086 complete and 0 interrupted iterations
gradual_ramp   [  21% ] 02/12 VUs  02m32.8s/12m00.0s

running (03m02.0s), 02/12 VUs, 2101 complete and 0 interrupted iterations
gradual_ramp   [  21% ] 02/12 VUs  02m33.8s/12m00.0s

running (03m03.0s), 02/12 VUs, 2120 complete and 0 interrupted iterations
gradual_ramp   [  21% ] 02/12 VUs  02m34.8s/12m00.0s

running (03m04.0s), 02/12 VUs, 2139 complete and 0 interrupted iterations
gradual_ramp   [  22% ] 02/12 VUs  02m35.8s/12m00.0s

running (03m05.0s), 02/12 VUs, 2155 complete and 0 interrupted iterations
gradual_ramp   [  22% ] 02/12 VUs  02m36.8s/12m00.0s

running (03m06.0s), 02/12 VUs, 2169 complete and 0 interrupted iterations
gradual_ramp   [  22% ] 02/12 VUs  02m37.8s/12m00.0s

running (03m07.0s), 02/12 VUs, 2196 complete and 0 interrupted iterations
gradual_ramp   [  22% ] 02/12 VUs  02m38.8s/12m00.0s

running (03m08.0s), 02/12 VUs, 2218 complete and 0 interrupted iterations
gradual_ramp   [  22% ] 02/12 VUs  02m39.8s/12m00.0s

running (03m09.0s), 02/12 VUs, 2226 complete and 0 interrupted iterations
gradual_ramp   [  22% ] 02/12 VUs  02m40.8s/12m00.0s

running (03m10.0s), 02/12 VUs, 2235 complete and 0 interrupted iterations
gradual_ramp   [  22% ] 02/12 VUs  02m41.8s/12m00.0s

running (03m11.0s), 02/12 VUs, 2252 complete and 0 interrupted iterations
gradual_ramp   [  23% ] 02/12 VUs  02m42.8s/12m00.0s

running (03m12.0s), 02/12 VUs, 2278 complete and 0 interrupted iterations
gradual_ramp   [  23% ] 02/12 VUs  02m43.8s/12m00.0s

running (03m13.0s), 02/12 VUs, 2280 complete and 0 interrupted iterations
gradual_ramp   [  23% ] 02/12 VUs  02m44.8s/12m00.0s

running (03m14.0s), 02/12 VUs, 2303 complete and 0 interrupted iterations
gradual_ramp   [  23% ] 02/12 VUs  02m45.8s/12m00.0s

running (03m15.0s), 02/12 VUs, 2315 complete and 0 interrupted iterations
gradual_ramp   [  23% ] 02/12 VUs  02m46.8s/12m00.0s

running (03m16.0s), 02/12 VUs, 2321 complete and 0 interrupted iterations
gradual_ramp   [  23% ] 02/12 VUs  02m47.8s/12m00.0s

running (03m17.0s), 02/12 VUs, 2327 complete and 0 interrupted iterations
gradual_ramp   [  23% ] 02/12 VUs  02m48.8s/12m00.0s

running (03m18.0s), 02/12 VUs, 2349 complete and 0 interrupted iterations
gradual_ramp   [  24% ] 02/12 VUs  02m49.8s/12m00.0s

running (03m19.0s), 02/12 VUs, 2395 complete and 0 interrupted iterations
gradual_ramp   [  24% ] 02/12 VUs  02m50.8s/12m00.0s

running (03m20.0s), 02/12 VUs, 2440 complete and 0 interrupted iterations
gradual_ramp   [  24% ] 02/12 VUs  02m51.8s/12m00.0s

running (03m21.0s), 02/12 VUs, 2447 complete and 0 interrupted iterations
gradual_ramp   [  24% ] 02/12 VUs  02m52.8s/12m00.0s

running (03m22.0s), 02/12 VUs, 2473 complete and 0 interrupted iterations
gradual_ramp   [  24% ] 02/12 VUs  02m53.8s/12m00.0s

running (03m23.0s), 03/12 VUs, 2485 complete and 0 interrupted iterations
gradual_ramp   [  24% ] 03/12 VUs  02m54.8s/12m00.0s

running (03m24.0s), 03/12 VUs, 2494 complete and 0 interrupted iterations
gradual_ramp   [  24% ] 03/12 VUs  02m55.8s/12m00.0s

running (03m25.0s), 03/12 VUs, 2508 complete and 0 interrupted iterations
gradual_ramp   [  25% ] 03/12 VUs  02m56.8s/12m00.0s

running (03m26.0s), 03/12 VUs, 2538 complete and 0 interrupted iterations
gradual_ramp   [  25% ] 03/12 VUs  02m57.8s/12m00.0s

running (03m27.0s), 03/12 VUs, 2556 complete and 0 interrupted iterations
gradual_ramp   [  25% ] 03/12 VUs  02m58.8s/12m00.0s

running (03m28.0s), 03/12 VUs, 2578 complete and 0 interrupted iterations
gradual_ramp   [  25% ] 03/12 VUs  02m59.8s/12m00.0s

running (03m29.0s), 03/12 VUs, 2588 complete and 0 interrupted iterations
gradual_ramp   [  25% ] 03/12 VUs  03m00.8s/12m00.0s

running (03m30.0s), 03/12 VUs, 2590 complete and 0 interrupted iterations
gradual_ramp   [  25% ] 03/12 VUs  03m01.8s/12m00.0s

running (03m31.0s), 03/12 VUs, 2613 complete and 0 interrupted iterations
gradual_ramp   [  25% ] 03/12 VUs  03m02.8s/12m00.0s

running (03m32.0s), 03/12 VUs, 2616 complete and 0 interrupted iterations
gradual_ramp   [  26% ] 03/12 VUs  03m03.8s/12m00.0s

running (03m33.0s), 03/12 VUs, 2627 complete and 0 interrupted iterations
gradual_ramp   [  26% ] 03/12 VUs  03m04.8s/12m00.0s

running (03m34.0s), 03/12 VUs, 2628 complete and 0 interrupted iterations
gradual_ramp   [  26% ] 03/12 VUs  03m05.8s/12m00.0s

running (03m35.0s), 03/12 VUs, 2673 complete and 0 interrupted iterations
gradual_ramp   [  26% ] 03/12 VUs  03m06.8s/12m00.0s

running (03m36.0s), 03/12 VUs, 2685 complete and 0 interrupted iterations
gradual_ramp   [  26% ] 03/12 VUs  03m07.8s/12m00.0s

running (03m37.0s), 03/12 VUs, 2709 complete and 0 interrupted iterations
gradual_ramp   [  26% ] 03/12 VUs  03m08.8s/12m00.0s

running (03m38.0s), 03/12 VUs, 2736 complete and 0 interrupted iterations
gradual_ramp   [  26% ] 03/12 VUs  03m09.8s/12m00.0s

running (03m39.0s), 03/12 VUs, 2743 complete and 0 interrupted iterations
gradual_ramp   [  26% ] 03/12 VUs  03m10.8s/12m00.0s

running (03m40.0s), 03/12 VUs, 2765 complete and 0 interrupted iterations
gradual_ramp   [  27% ] 03/12 VUs  03m11.8s/12m00.0s

running (03m41.0s), 03/12 VUs, 2800 complete and 0 interrupted iterations
gradual_ramp   [  27% ] 03/12 VUs  03m12.8s/12m00.0s

running (03m42.0s), 03/12 VUs, 2830 complete and 0 interrupted iterations
gradual_ramp   [  27% ] 03/12 VUs  03m13.8s/12m00.0s

running (03m43.0s), 03/12 VUs, 2862 complete and 0 interrupted iterations
gradual_ramp   [  27% ] 03/12 VUs  03m14.8s/12m00.0s

running (03m44.0s), 03/12 VUs, 2872 complete and 0 interrupted iterations
gradual_ramp   [  27% ] 03/12 VUs  03m15.8s/12m00.0s

running (03m45.0s), 03/12 VUs, 2898 complete and 0 interrupted iterations
gradual_ramp   [  27% ] 03/12 VUs  03m16.8s/12m00.0s

running (03m46.0s), 03/12 VUs, 2915 complete and 0 interrupted iterations
gradual_ramp   [  27% ] 03/12 VUs  03m17.8s/12m00.0s

running (03m47.0s), 03/12 VUs, 2953 complete and 0 interrupted iterations
gradual_ramp   [  28% ] 03/12 VUs  03m18.8s/12m00.0s

running (03m48.0s), 03/12 VUs, 2957 complete and 0 interrupted iterations
gradual_ramp   [  28% ] 03/12 VUs  03m19.8s/12m00.0s

running (03m49.0s), 03/12 VUs, 2966 complete and 0 interrupted iterations
gradual_ramp   [  28% ] 03/12 VUs  03m20.8s/12m00.0s

running (03m50.0s), 03/12 VUs, 3001 complete and 0 interrupted iterations
gradual_ramp   [  28% ] 03/12 VUs  03m21.8s/12m00.0s

running (03m51.0s), 04/12 VUs, 3046 complete and 0 interrupted iterations
gradual_ramp   [  28% ] 04/12 VUs  03m22.8s/12m00.0s

running (03m52.0s), 04/12 VUs, 3063 complete and 0 interrupted iterations
gradual_ramp   [  28% ] 04/12 VUs  03m23.8s/12m00.0s

running (03m53.0s), 04/12 VUs, 3103 complete and 0 interrupted iterations
gradual_ramp   [  28% ] 04/12 VUs  03m24.8s/12m00.0s

running (03m54.0s), 04/12 VUs, 3136 complete and 0 interrupted iterations
gradual_ramp   [  29% ] 04/12 VUs  03m25.8s/12m00.0s

running (03m55.0s), 04/12 VUs, 3154 complete and 0 interrupted iterations
gradual_ramp   [  29% ] 04/12 VUs  03m26.8s/12m00.0s

running (03m56.0s), 04/12 VUs, 3167 complete and 0 interrupted iterations
gradual_ramp   [  29% ] 04/12 VUs  03m27.8s/12m00.0s

running (03m57.0s), 04/12 VUs, 3170 complete and 0 interrupted iterations
gradual_ramp   [  29% ] 04/12 VUs  03m28.8s/12m00.0s

running (03m58.0s), 04/12 VUs, 3185 complete and 0 interrupted iterations
gradual_ramp   [  29% ] 04/12 VUs  03m29.8s/12m00.0s

running (03m59.0s), 04/12 VUs, 3223 complete and 0 interrupted iterations
gradual_ramp   [  29% ] 04/12 VUs  03m30.8s/12m00.0s

running (04m00.0s), 04/12 VUs, 3247 complete and 0 interrupted iterations
gradual_ramp   [  29% ] 04/12 VUs  03m31.8s/12m00.0s

running (04m01.0s), 04/12 VUs, 3261 complete and 0 interrupted iterations
gradual_ramp   [  30% ] 04/12 VUs  03m32.8s/12m00.0s

running (04m02.0s), 04/12 VUs, 3291 complete and 0 interrupted iterations
gradual_ramp   [  30% ] 04/12 VUs  03m33.8s/12m00.0s

running (04m03.0s), 04/12 VUs, 3349 complete and 0 interrupted iterations
gradual_ramp   [  30% ] 04/12 VUs  03m34.8s/12m00.0s

running (04m04.0s), 04/12 VUs, 3385 complete and 0 interrupted iterations
gradual_ramp   [  30% ] 04/12 VUs  03m35.8s/12m00.0s

running (04m05.0s), 04/12 VUs, 3399 complete and 0 interrupted iterations
gradual_ramp   [  30% ] 04/12 VUs  03m36.8s/12m00.0s

running (04m06.0s), 04/12 VUs, 3428 complete and 0 interrupted iterations
gradual_ramp   [  30% ] 04/12 VUs  03m37.8s/12m00.0s

running (04m07.0s), 04/12 VUs, 3444 complete and 0 interrupted iterations
gradual_ramp   [  30% ] 04/12 VUs  03m38.8s/12m00.0s

running (04m08.0s), 04/12 VUs, 3473 complete and 0 interrupted iterations
gradual_ramp   [  31% ] 04/12 VUs  03m39.8s/12m00.0s

running (04m09.0s), 04/12 VUs, 3498 complete and 0 interrupted iterations
gradual_ramp   [  31% ] 04/12 VUs  03m40.8s/12m00.0s

running (04m10.0s), 04/12 VUs, 3520 complete and 0 interrupted iterations
gradual_ramp   [  31% ] 04/12 VUs  03m41.8s/12m00.0s

running (04m11.0s), 04/12 VUs, 3543 complete and 0 interrupted iterations
gradual_ramp   [  31% ] 04/12 VUs  03m42.8s/12m00.0s

running (04m12.0s), 04/12 VUs, 3560 complete and 0 interrupted iterations
gradual_ramp   [  31% ] 04/12 VUs  03m43.8s/12m00.0s

running (04m13.0s), 04/12 VUs, 3586 complete and 0 interrupted iterations
gradual_ramp   [  31% ] 04/12 VUs  03m44.8s/12m00.0s

running (04m14.0s), 04/12 VUs, 3594 complete and 0 interrupted iterations
gradual_ramp   [  31% ] 04/12 VUs  03m45.8s/12m00.0s

running (04m15.0s), 04/12 VUs, 3616 complete and 0 interrupted iterations
gradual_ramp   [  31% ] 04/12 VUs  03m46.8s/12m00.0s

running (04m16.0s), 04/12 VUs, 3648 complete and 0 interrupted iterations
gradual_ramp   [  32% ] 04/12 VUs  03m47.8s/12m00.0s

running (04m17.0s), 04/12 VUs, 3657 complete and 0 interrupted iterations
gradual_ramp   [  32% ] 04/12 VUs  03m48.8s/12m00.0s

running (04m18.0s), 05/12 VUs, 3694 complete and 0 interrupted iterations
gradual_ramp   [  32% ] 05/12 VUs  03m49.8s/12m00.0s

running (04m19.0s), 05/12 VUs, 3747 complete and 0 interrupted iterations
gradual_ramp   [  32% ] 05/12 VUs  03m50.8s/12m00.0s

running (04m20.0s), 05/12 VUs, 3800 complete and 0 interrupted iterations
gradual_ramp   [  32% ] 05/12 VUs  03m51.8s/12m00.0s

running (04m21.0s), 05/12 VUs, 3840 complete and 0 interrupted iterations
gradual_ramp   [  32% ] 05/12 VUs  03m52.8s/12m00.0s

running (04m22.0s), 05/12 VUs, 3865 complete and 0 interrupted iterations
gradual_ramp   [  32% ] 05/12 VUs  03m53.8s/12m00.0s

running (04m23.0s), 05/12 VUs, 3874 complete and 0 interrupted iterations
gradual_ramp   [  33% ] 05/12 VUs  03m54.8s/12m00.0s

running (04m24.0s), 05/12 VUs, 3917 complete and 0 interrupted iterations
gradual_ramp   [  33% ] 05/12 VUs  03m55.8s/12m00.0s

running (04m25.0s), 05/12 VUs, 3965 complete and 0 interrupted iterations
gradual_ramp   [  33% ] 05/12 VUs  03m56.8s/12m00.0s

running (04m26.0s), 05/12 VUs, 4010 complete and 0 interrupted iterations
gradual_ramp   [  33% ] 05/12 VUs  03m57.8s/12m00.0s

running (04m27.0s), 05/12 VUs, 4073 complete and 0 interrupted iterations
gradual_ramp   [  33% ] 05/12 VUs  03m58.8s/12m00.0s

running (04m28.0s), 05/12 VUs, 4123 complete and 0 interrupted iterations
gradual_ramp   [  33% ] 05/12 VUs  03m59.8s/12m00.0s

running (04m29.0s), 05/12 VUs, 4203 complete and 0 interrupted iterations
gradual_ramp   [  33% ] 05/12 VUs  04m00.8s/12m00.0s

running (04m30.0s), 05/12 VUs, 4228 complete and 0 interrupted iterations
gradual_ramp   [  34% ] 05/12 VUs  04m01.8s/12m00.0s

running (04m31.0s), 05/12 VUs, 4251 complete and 0 interrupted iterations
gradual_ramp   [  34% ] 05/12 VUs  04m02.8s/12m00.0s

running (04m32.0s), 05/12 VUs, 4271 complete and 0 interrupted iterations
gradual_ramp   [  34% ] 05/12 VUs  04m03.8s/12m00.0s

running (04m33.0s), 05/12 VUs, 4306 complete and 0 interrupted iterations
gradual_ramp   [  34% ] 05/12 VUs  04m04.8s/12m00.0s

running (04m34.0s), 05/12 VUs, 4321 complete and 0 interrupted iterations
gradual_ramp   [  34% ] 05/12 VUs  04m05.8s/12m00.0s

running (04m35.0s), 05/12 VUs, 4329 complete and 0 interrupted iterations
gradual_ramp   [  34% ] 05/12 VUs  04m06.8s/12m00.0s

running (04m36.0s), 05/12 VUs, 4364 complete and 0 interrupted iterations
gradual_ramp   [  34% ] 05/12 VUs  04m07.8s/12m00.0s

running (04m37.0s), 05/12 VUs, 4416 complete and 0 interrupted iterations
gradual_ramp   [  35% ] 05/12 VUs  04m08.8s/12m00.0s

running (04m38.0s), 05/12 VUs, 4456 complete and 0 interrupted iterations
gradual_ramp   [  35% ] 05/12 VUs  04m09.8s/12m00.0s

running (04m39.0s), 05/12 VUs, 4496 complete and 0 interrupted iterations
gradual_ramp   [  35% ] 05/12 VUs  04m10.8s/12m00.0s

running (04m40.0s), 05/12 VUs, 4539 complete and 0 interrupted iterations
gradual_ramp   [  35% ] 05/12 VUs  04m11.8s/12m00.0s

running (04m41.0s), 05/12 VUs, 4598 complete and 0 interrupted iterations
gradual_ramp   [  35% ] 05/12 VUs  04m12.8s/12m00.0s

running (04m42.0s), 05/12 VUs, 4617 complete and 0 interrupted iterations
gradual_ramp   [  35% ] 05/12 VUs  04m13.8s/12m00.0s

running (04m43.0s), 05/12 VUs, 4638 complete and 0 interrupted iterations
gradual_ramp   [  35% ] 05/12 VUs  04m14.8s/12m00.0s

running (04m44.0s), 05/12 VUs, 4657 complete and 0 interrupted iterations
gradual_ramp   [  36% ] 05/12 VUs  04m15.8s/12m00.0s

running (04m45.0s), 06/12 VUs, 4688 complete and 0 interrupted iterations
gradual_ramp   [  36% ] 06/12 VUs  04m16.8s/12m00.0s

running (04m46.0s), 06/12 VUs, 4724 complete and 0 interrupted iterations
gradual_ramp   [  36% ] 06/12 VUs  04m17.8s/12m00.0s

running (04m47.0s), 06/12 VUs, 4741 complete and 0 interrupted iterations
gradual_ramp   [  36% ] 06/12 VUs  04m18.8s/12m00.0s

running (04m48.0s), 06/12 VUs, 4759 complete and 0 interrupted iterations
gradual_ramp   [  36% ] 06/12 VUs  04m19.8s/12m00.0s

running (04m49.0s), 06/12 VUs, 4796 complete and 0 interrupted iterations
gradual_ramp   [  36% ] 06/12 VUs  04m20.8s/12m00.0s

running (04m50.0s), 06/12 VUs, 4821 complete and 0 interrupted iterations
gradual_ramp   [  36% ] 06/12 VUs  04m21.8s/12m00.0s

running (04m51.0s), 06/12 VUs, 4877 complete and 0 interrupted iterations
gradual_ramp   [  36% ] 06/12 VUs  04m22.8s/12m00.0s

running (04m52.0s), 06/12 VUs, 4918 complete and 0 interrupted iterations
gradual_ramp   [  37% ] 06/12 VUs  04m23.8s/12m00.0s

running (04m53.0s), 06/12 VUs, 4962 complete and 0 interrupted iterations
gradual_ramp   [  37% ] 06/12 VUs  04m24.8s/12m00.0s

running (04m54.0s), 06/12 VUs, 4981 complete and 0 interrupted iterations
gradual_ramp   [  37% ] 06/12 VUs  04m25.8s/12m00.0s

running (04m55.0s), 06/12 VUs, 5005 complete and 0 interrupted iterations
gradual_ramp   [  37% ] 06/12 VUs  04m26.8s/12m00.0s

running (04m56.0s), 06/12 VUs, 5054 complete and 0 interrupted iterations
gradual_ramp   [  37% ] 06/12 VUs  04m27.8s/12m00.0s

running (04m57.0s), 06/12 VUs, 5100 complete and 0 interrupted iterations
gradual_ramp   [  37% ] 06/12 VUs  04m28.8s/12m00.0s

running (04m58.0s), 06/12 VUs, 5142 complete and 0 interrupted iterations
gradual_ramp   [  37% ] 06/12 VUs  04m29.8s/12m00.0s

running (04m59.0s), 06/12 VUs, 5230 complete and 0 interrupted iterations
gradual_ramp   [  38% ] 06/12 VUs  04m30.8s/12m00.0s

running (05m00.0s), 06/12 VUs, 5271 complete and 0 interrupted iterations
gradual_ramp   [  38% ] 06/12 VUs  04m31.8s/12m00.0s

running (05m01.0s), 06/12 VUs, 5316 complete and 0 interrupted iterations
gradual_ramp   [  38% ] 06/12 VUs  04m32.8s/12m00.0s

running (05m02.0s), 06/12 VUs, 5366 complete and 0 interrupted iterations
gradual_ramp   [  38% ] 06/12 VUs  04m33.8s/12m00.0s

running (05m03.0s), 06/12 VUs, 5395 complete and 0 interrupted iterations
gradual_ramp   [  38% ] 06/12 VUs  04m34.8s/12m00.0s

running (05m04.0s), 06/12 VUs, 5410 complete and 0 interrupted iterations
gradual_ramp   [  38% ] 06/12 VUs  04m35.8s/12m00.0s

running (05m05.0s), 06/12 VUs, 5432 complete and 0 interrupted iterations
gradual_ramp   [  38% ] 06/12 VUs  04m36.8s/12m00.0s

running (05m06.0s), 06/12 VUs, 5453 complete and 0 interrupted iterations
gradual_ramp   [  39% ] 06/12 VUs  04m37.8s/12m00.0s

running (05m07.0s), 06/12 VUs, 5534 complete and 0 interrupted iterations
gradual_ramp   [  39% ] 06/12 VUs  04m38.8s/12m00.0s

running (05m08.0s), 06/12 VUs, 5542 complete and 0 interrupted iterations
gradual_ramp   [  39% ] 06/12 VUs  04m39.8s/12m00.0s

running (05m09.0s), 06/12 VUs, 5566 complete and 0 interrupted iterations
gradual_ramp   [  39% ] 06/12 VUs  04m40.8s/12m00.0s

running (05m10.0s), 06/12 VUs, 5601 complete and 0 interrupted iterations
gradual_ramp   [  39% ] 06/12 VUs  04m41.8s/12m00.0s

running (05m11.0s), 06/12 VUs, 5649 complete and 0 interrupted iterations
gradual_ramp   [  39% ] 06/12 VUs  04m42.8s/12m00.0s

running (05m12.0s), 07/12 VUs, 5708 complete and 0 interrupted iterations
gradual_ramp   [  39% ] 07/12 VUs  04m43.8s/12m00.0s

running (05m13.0s), 07/12 VUs, 5740 complete and 0 interrupted iterations
gradual_ramp   [  40% ] 07/12 VUs  04m44.8s/12m00.0s

running (05m14.0s), 07/12 VUs, 5782 complete and 0 interrupted iterations
gradual_ramp   [  40% ] 07/12 VUs  04m45.8s/12m00.0s

running (05m15.0s), 07/12 VUs, 5808 complete and 0 interrupted iterations
gradual_ramp   [  40% ] 07/12 VUs  04m46.8s/12m00.0s

running (05m16.0s), 07/12 VUs, 5821 complete and 0 interrupted iterations
gradual_ramp   [  40% ] 07/12 VUs  04m47.8s/12m00.0s

running (05m17.0s), 07/12 VUs, 5894 complete and 0 interrupted iterations
gradual_ramp   [  40% ] 07/12 VUs  04m48.8s/12m00.0s

running (05m18.0s), 07/12 VUs, 5916 complete and 0 interrupted iterations
gradual_ramp   [  40% ] 07/12 VUs  04m49.8s/12m00.0s

running (05m19.0s), 07/12 VUs, 5943 complete and 0 interrupted iterations
gradual_ramp   [  40% ] 07/12 VUs  04m50.8s/12m00.0s

running (05m20.0s), 07/12 VUs, 5987 complete and 0 interrupted iterations
gradual_ramp   [  41% ] 07/12 VUs  04m51.8s/12m00.0s

running (05m21.0s), 07/12 VUs, 6034 complete and 0 interrupted iterations
gradual_ramp   [  41% ] 07/12 VUs  04m52.8s/12m00.0s

running (05m22.0s), 07/12 VUs, 6090 complete and 0 interrupted iterations
gradual_ramp   [  41% ] 07/12 VUs  04m53.8s/12m00.0s

running (05m23.0s), 07/12 VUs, 6157 complete and 0 interrupted iterations
gradual_ramp   [  41% ] 07/12 VUs  04m54.8s/12m00.0s

running (05m24.0s), 07/12 VUs, 6192 complete and 0 interrupted iterations
gradual_ramp   [  41% ] 07/12 VUs  04m55.8s/12m00.0s

running (05m25.0s), 07/12 VUs, 6200 complete and 0 interrupted iterations
gradual_ramp   [  41% ] 07/12 VUs  04m56.8s/12m00.0s

running (05m26.0s), 07/12 VUs, 6228 complete and 0 interrupted iterations
gradual_ramp   [  41% ] 07/12 VUs  04m57.8s/12m00.0s

running (05m27.0s), 07/12 VUs, 6253 complete and 0 interrupted iterations
gradual_ramp   [  41% ] 07/12 VUs  04m58.8s/12m00.0s

running (05m28.0s), 07/12 VUs, 6286 complete and 0 interrupted iterations
gradual_ramp   [  42% ] 07/12 VUs  04m59.8s/12m00.0s

running (05m29.0s), 07/12 VUs, 6318 complete and 0 interrupted iterations
gradual_ramp   [  42% ] 07/12 VUs  05m00.8s/12m00.0s

running (05m30.0s), 07/12 VUs, 6326 complete and 0 interrupted iterations
gradual_ramp   [  42% ] 07/12 VUs  05m01.8s/12m00.0s

running (05m31.0s), 07/12 VUs, 6366 complete and 0 interrupted iterations
gradual_ramp   [  42% ] 07/12 VUs  05m02.8s/12m00.0s

running (05m32.0s), 07/12 VUs, 6404 complete and 0 interrupted iterations
gradual_ramp   [  42% ] 07/12 VUs  05m03.8s/12m00.0s

running (05m33.0s), 07/12 VUs, 6457 complete and 0 interrupted iterations
gradual_ramp   [  42% ] 07/12 VUs  05m04.8s/12m00.0s

running (05m34.0s), 07/12 VUs, 6493 complete and 0 interrupted iterations
gradual_ramp   [  42% ] 07/12 VUs  05m05.8s/12m00.0s

running (05m35.0s), 07/12 VUs, 6522 complete and 0 interrupted iterations
gradual_ramp   [  43% ] 07/12 VUs  05m06.8s/12m00.0s

running (05m36.0s), 07/12 VUs, 6556 complete and 0 interrupted iterations
gradual_ramp   [  43% ] 07/12 VUs  05m07.8s/12m00.0s

running (05m37.0s), 07/12 VUs, 6630 complete and 0 interrupted iterations
gradual_ramp   [  43% ] 07/12 VUs  05m08.8s/12m00.0s

running (05m38.0s), 07/12 VUs, 6691 complete and 0 interrupted iterations
gradual_ramp   [  43% ] 07/12 VUs  05m09.8s/12m00.0s

running (05m39.0s), 07/12 VUs, 6754 complete and 0 interrupted iterations
gradual_ramp   [  43% ] 07/12 VUs  05m10.8s/12m00.0s

running (05m40.0s), 08/12 VUs, 6778 complete and 0 interrupted iterations
gradual_ramp   [  43% ] 08/12 VUs  05m11.8s/12m00.0s

running (05m41.0s), 08/12 VUs, 6860 complete and 0 interrupted iterations
gradual_ramp   [  43% ] 08/12 VUs  05m12.8s/12m00.0s

running (05m42.0s), 08/12 VUs, 6902 complete and 0 interrupted iterations
gradual_ramp   [  44% ] 08/12 VUs  05m13.8s/12m00.0s

running (05m43.0s), 08/12 VUs, 6947 complete and 0 interrupted iterations
gradual_ramp   [  44% ] 08/12 VUs  05m14.8s/12m00.0s

running (05m44.0s), 08/12 VUs, 7011 complete and 0 interrupted iterations
gradual_ramp   [  44% ] 08/12 VUs  05m15.8s/12m00.0s

running (05m45.0s), 08/12 VUs, 7056 complete and 0 interrupted iterations
gradual_ramp   [  44% ] 08/12 VUs  05m16.8s/12m00.0s

running (05m46.0s), 08/12 VUs, 7121 complete and 0 interrupted iterations
gradual_ramp   [  44% ] 08/12 VUs  05m17.8s/12m00.0s

running (05m47.0s), 08/12 VUs, 7152 complete and 0 interrupted iterations
gradual_ramp   [  44% ] 08/12 VUs  05m18.8s/12m00.0s

running (05m48.0s), 08/12 VUs, 7177 complete and 0 interrupted iterations
gradual_ramp   [  44% ] 08/12 VUs  05m19.8s/12m00.0s

running (05m49.0s), 08/12 VUs, 7229 complete and 0 interrupted iterations
gradual_ramp   [  45% ] 08/12 VUs  05m20.8s/12m00.0s

running (05m50.0s), 08/12 VUs, 7284 complete and 0 interrupted iterations
gradual_ramp   [  45% ] 08/12 VUs  05m21.8s/12m00.0s

running (05m51.0s), 08/12 VUs, 7340 complete and 0 interrupted iterations
gradual_ramp   [  45% ] 08/12 VUs  05m22.8s/12m00.0s

running (05m52.0s), 08/12 VUs, 7394 complete and 0 interrupted iterations
gradual_ramp   [  45% ] 08/12 VUs  05m23.8s/12m00.0s

running (05m53.0s), 08/12 VUs, 7458 complete and 0 interrupted iterations
gradual_ramp   [  45% ] 08/12 VUs  05m24.8s/12m00.0s

running (05m54.0s), 08/12 VUs, 7528 complete and 0 interrupted iterations
gradual_ramp   [  45% ] 08/12 VUs  05m25.8s/12m00.0s

running (05m55.0s), 08/12 VUs, 7595 complete and 0 interrupted iterations
gradual_ramp   [  45% ] 08/12 VUs  05m26.8s/12m00.0s

running (05m56.0s), 08/12 VUs, 7619 complete and 0 interrupted iterations
gradual_ramp   [  46% ] 08/12 VUs  05m27.8s/12m00.0s

running (05m57.0s), 08/12 VUs, 7668 complete and 0 interrupted iterations
gradual_ramp   [  46% ] 08/12 VUs  05m28.8s/12m00.0s

running (05m58.0s), 08/12 VUs, 7699 complete and 0 interrupted iterations
gradual_ramp   [  46% ] 08/12 VUs  05m29.8s/12m00.0s

running (05m59.0s), 08/12 VUs, 7762 complete and 0 interrupted iterations
gradual_ramp   [  46% ] 08/12 VUs  05m30.8s/12m00.0s

running (06m00.0s), 08/12 VUs, 7787 complete and 0 interrupted iterations
gradual_ramp   [  46% ] 08/12 VUs  05m31.8s/12m00.0s

running (06m01.0s), 08/12 VUs, 7832 complete and 0 interrupted iterations
gradual_ramp   [  46% ] 08/12 VUs  05m32.8s/12m00.0s

running (06m02.0s), 08/12 VUs, 7904 complete and 0 interrupted iterations
gradual_ramp   [  46% ] 08/12 VUs  05m33.8s/12m00.0s

running (06m03.0s), 08/12 VUs, 7931 complete and 0 interrupted iterations
gradual_ramp   [  46% ] 08/12 VUs  05m34.8s/12m00.0s

running (06m04.0s), 08/12 VUs, 7974 complete and 0 interrupted iterations
gradual_ramp   [  47% ] 08/12 VUs  05m35.8s/12m00.0s

running (06m05.0s), 08/12 VUs, 8025 complete and 0 interrupted iterations
gradual_ramp   [  47% ] 08/12 VUs  05m36.8s/12m00.0s

running (06m06.0s), 08/12 VUs, 8075 complete and 0 interrupted iterations
gradual_ramp   [  47% ] 08/12 VUs  05m37.8s/12m00.0s

running (06m07.0s), 09/12 VUs, 8157 complete and 0 interrupted iterations
gradual_ramp   [  47% ] 09/12 VUs  05m38.8s/12m00.0s

running (06m08.0s), 09/12 VUs, 8221 complete and 0 interrupted iterations
gradual_ramp   [  47% ] 09/12 VUs  05m39.8s/12m00.0s

running (06m09.0s), 09/12 VUs, 8269 complete and 0 interrupted iterations
gradual_ramp   [  47% ] 09/12 VUs  05m40.8s/12m00.0s

running (06m10.0s), 09/12 VUs, 8337 complete and 0 interrupted iterations
gradual_ramp   [  47% ] 09/12 VUs  05m41.8s/12m00.0s

running (06m11.0s), 09/12 VUs, 8435 complete and 0 interrupted iterations
gradual_ramp   [  48% ] 09/12 VUs  05m42.8s/12m00.0s

running (06m12.0s), 09/12 VUs, 8461 complete and 0 interrupted iterations
gradual_ramp   [  48% ] 09/12 VUs  05m43.8s/12m00.0s

running (06m13.0s), 09/12 VUs, 8480 complete and 0 interrupted iterations
gradual_ramp   [  48% ] 09/12 VUs  05m44.8s/12m00.0s

running (06m14.0s), 09/12 VUs, 8508 complete and 0 interrupted iterations
gradual_ramp   [  48% ] 09/12 VUs  05m45.8s/12m00.0s

running (06m15.0s), 09/12 VUs, 8569 complete and 0 interrupted iterations
gradual_ramp   [  48% ] 09/12 VUs  05m46.8s/12m00.0s

running (06m16.0s), 09/12 VUs, 8632 complete and 0 interrupted iterations
gradual_ramp   [  48% ] 09/12 VUs  05m47.8s/12m00.0s

running (06m17.0s), 09/12 VUs, 8666 complete and 0 interrupted iterations
gradual_ramp   [  48% ] 09/12 VUs  05m48.8s/12m00.0s

running (06m18.0s), 09/12 VUs, 8702 complete and 0 interrupted iterations
gradual_ramp   [  49% ] 09/12 VUs  05m49.8s/12m00.0s

running (06m19.0s), 09/12 VUs, 8728 complete and 0 interrupted iterations
gradual_ramp   [  49% ] 09/12 VUs  05m50.8s/12m00.0s

running (06m20.0s), 09/12 VUs, 8761 complete and 0 interrupted iterations
gradual_ramp   [  49% ] 09/12 VUs  05m51.8s/12m00.0s

running (06m21.0s), 09/12 VUs, 8811 complete and 0 interrupted iterations
gradual_ramp   [  49% ] 09/12 VUs  05m52.8s/12m00.0s

running (06m22.0s), 09/12 VUs, 8824 complete and 0 interrupted iterations
gradual_ramp   [  49% ] 09/12 VUs  05m53.8s/12m00.0s

running (06m23.0s), 09/12 VUs, 8898 complete and 0 interrupted iterations
gradual_ramp   [  49% ] 09/12 VUs  05m54.8s/12m00.0s

running (06m24.0s), 09/12 VUs, 8934 complete and 0 interrupted iterations
gradual_ramp   [  49% ] 09/12 VUs  05m55.8s/12m00.0s

running (06m25.0s), 09/12 VUs, 8989 complete and 0 interrupted iterations
gradual_ramp   [  50% ] 09/12 VUs  05m56.8s/12m00.0s

running (06m26.0s), 09/12 VUs, 9013 complete and 0 interrupted iterations
gradual_ramp   [  50% ] 09/12 VUs  05m57.8s/12m00.0s

running (06m27.0s), 09/12 VUs, 9068 complete and 0 interrupted iterations
gradual_ramp   [  50% ] 09/12 VUs  05m58.8s/12m00.0s

running (06m28.0s), 09/12 VUs, 9154 complete and 0 interrupted iterations
gradual_ramp   [  50% ] 09/12 VUs  05m59.8s/12m00.0s

running (06m29.0s), 09/12 VUs, 9178 complete and 0 interrupted iterations
gradual_ramp   [  50% ] 09/12 VUs  06m00.8s/12m00.0s

running (06m30.0s), 09/12 VUs, 9203 complete and 0 interrupted iterations
gradual_ramp   [  50% ] 09/12 VUs  06m01.8s/12m00.0s

running (06m31.0s), 09/12 VUs, 9236 complete and 0 interrupted iterations
gradual_ramp   [  50% ] 09/12 VUs  06m02.8s/12m00.0s

running (06m32.0s), 09/12 VUs, 9276 complete and 0 interrupted iterations
gradual_ramp   [  51% ] 09/12 VUs  06m03.8s/12m00.0s

running (06m33.0s), 09/12 VUs, 9336 complete and 0 interrupted iterations
gradual_ramp   [  51% ] 09/12 VUs  06m04.8s/12m00.0s

running (06m34.0s), 10/12 VUs, 9407 complete and 0 interrupted iterations
gradual_ramp   [  51% ] 10/12 VUs  06m05.8s/12m00.0s

running (06m35.0s), 10/12 VUs, 9439 complete and 0 interrupted iterations
gradual_ramp   [  51% ] 10/12 VUs  06m06.8s/12m00.0s

running (06m36.0s), 10/12 VUs, 9467 complete and 0 interrupted iterations
gradual_ramp   [  51% ] 10/12 VUs  06m07.8s/12m00.0s

running (06m37.0s), 10/12 VUs, 9500 complete and 0 interrupted iterations
gradual_ramp   [  51% ] 10/12 VUs  06m08.8s/12m00.0s

running (06m38.0s), 10/12 VUs, 9553 complete and 0 interrupted iterations
gradual_ramp   [  51% ] 10/12 VUs  06m09.8s/12m00.0s

running (06m39.0s), 10/12 VUs, 9598 complete and 0 interrupted iterations
gradual_ramp   [  51% ] 10/12 VUs  06m10.8s/12m00.0s

running (06m40.0s), 10/12 VUs, 9623 complete and 0 interrupted iterations
gradual_ramp   [  52% ] 10/12 VUs  06m11.8s/12m00.0s

running (06m41.0s), 10/12 VUs, 9662 complete and 0 interrupted iterations
gradual_ramp   [  52% ] 10/12 VUs  06m12.8s/12m00.0s

running (06m42.0s), 10/12 VUs, 9709 complete and 0 interrupted iterations
gradual_ramp   [  52% ] 10/12 VUs  06m13.8s/12m00.0s

running (06m43.0s), 10/12 VUs, 9735 complete and 0 interrupted iterations
gradual_ramp   [  52% ] 10/12 VUs  06m14.8s/12m00.0s

running (06m44.0s), 10/12 VUs, 9781 complete and 0 interrupted iterations
gradual_ramp   [  52% ] 10/12 VUs  06m15.8s/12m00.0s

running (06m45.0s), 10/12 VUs, 9817 complete and 0 interrupted iterations
gradual_ramp   [  52% ] 10/12 VUs  06m16.8s/12m00.0s

running (06m46.0s), 10/12 VUs, 9869 complete and 0 interrupted iterations
gradual_ramp   [  52% ] 10/12 VUs  06m17.8s/12m00.0s

running (06m47.0s), 10/12 VUs, 9919 complete and 0 interrupted iterations
gradual_ramp   [  53% ] 10/12 VUs  06m18.8s/12m00.0s

running (06m48.0s), 10/12 VUs, 10012 complete and 0 interrupted iterations
gradual_ramp   [  53% ] 10/12 VUs  06m19.8s/12m00.0s

running (06m49.0s), 10/12 VUs, 10075 complete and 0 interrupted iterations
gradual_ramp   [  53% ] 10/12 VUs  06m20.8s/12m00.0s

running (06m50.0s), 10/12 VUs, 10107 complete and 0 interrupted iterations
gradual_ramp   [  53% ] 10/12 VUs  06m21.8s/12m00.0s

running (06m51.0s), 10/12 VUs, 10128 complete and 0 interrupted iterations
gradual_ramp   [  53% ] 10/12 VUs  06m22.8s/12m00.0s

running (06m52.0s), 10/12 VUs, 10181 complete and 0 interrupted iterations
gradual_ramp   [  53% ] 10/12 VUs  06m23.8s/12m00.0s

running (06m53.0s), 10/12 VUs, 10210 complete and 0 interrupted iterations
gradual_ramp   [  53% ] 10/12 VUs  06m24.8s/12m00.0s

running (06m54.0s), 10/12 VUs, 10244 complete and 0 interrupted iterations
gradual_ramp   [  54% ] 10/12 VUs  06m25.8s/12m00.0s

running (06m55.0s), 10/12 VUs, 10322 complete and 0 interrupted iterations
gradual_ramp   [  54% ] 10/12 VUs  06m26.8s/12m00.0s

running (06m56.0s), 10/12 VUs, 10377 complete and 0 interrupted iterations
gradual_ramp   [  54% ] 10/12 VUs  06m27.8s/12m00.0s

running (06m57.0s), 10/12 VUs, 10413 complete and 0 interrupted iterations
gradual_ramp   [  54% ] 10/12 VUs  06m28.8s/12m00.0s

running (06m58.0s), 10/12 VUs, 10456 complete and 0 interrupted iterations
gradual_ramp   [  54% ] 10/12 VUs  06m29.8s/12m00.0s

running (06m59.0s), 10/12 VUs, 10510 complete and 0 interrupted iterations
gradual_ramp   [  54% ] 10/12 VUs  06m30.8s/12m00.0s

running (07m00.0s), 10/12 VUs, 10536 complete and 0 interrupted iterations
gradual_ramp   [  54% ] 10/12 VUs  06m31.8s/12m00.0s

running (07m01.0s), 11/12 VUs, 10589 complete and 0 interrupted iterations
gradual_ramp   [  55% ] 11/12 VUs  06m32.8s/12m00.0s

running (07m02.0s), 11/12 VUs, 10641 complete and 0 interrupted iterations
gradual_ramp   [  55% ] 11/12 VUs  06m33.8s/12m00.0s

running (07m03.0s), 11/12 VUs, 10697 complete and 0 interrupted iterations
gradual_ramp   [  55% ] 11/12 VUs  06m34.8s/12m00.0s

running (07m04.0s), 11/12 VUs, 10734 complete and 0 interrupted iterations
gradual_ramp   [  55% ] 11/12 VUs  06m35.8s/12m00.0s

running (07m05.0s), 11/12 VUs, 10757 complete and 0 interrupted iterations
gradual_ramp   [  55% ] 11/12 VUs  06m36.8s/12m00.0s

running (07m06.0s), 11/12 VUs, 10819 complete and 0 interrupted iterations
gradual_ramp   [  55% ] 11/12 VUs  06m37.8s/12m00.0s

running (07m07.0s), 11/12 VUs, 10844 complete and 0 interrupted iterations
gradual_ramp   [  55% ] 11/12 VUs  06m38.8s/12m00.0s

running (07m08.0s), 11/12 VUs, 10898 complete and 0 interrupted iterations
gradual_ramp   [  56% ] 11/12 VUs  06m39.8s/12m00.0s

running (07m09.0s), 11/12 VUs, 10933 complete and 0 interrupted iterations
gradual_ramp   [  56% ] 11/12 VUs  06m40.8s/12m00.0s

running (07m10.0s), 11/12 VUs, 10948 complete and 0 interrupted iterations
gradual_ramp   [  56% ] 11/12 VUs  06m41.8s/12m00.0s

running (07m11.0s), 11/12 VUs, 11022 complete and 0 interrupted iterations
gradual_ramp   [  56% ] 11/12 VUs  06m42.8s/12m00.0s

running (07m12.0s), 11/12 VUs, 11063 complete and 0 interrupted iterations
gradual_ramp   [  56% ] 11/12 VUs  06m43.8s/12m00.0s

running (07m13.0s), 11/12 VUs, 11117 complete and 0 interrupted iterations
gradual_ramp   [  56% ] 11/12 VUs  06m44.8s/12m00.0s

running (07m14.0s), 11/12 VUs, 11166 complete and 0 interrupted iterations
gradual_ramp   [  56% ] 11/12 VUs  06m45.8s/12m00.0s

running (07m15.0s), 11/12 VUs, 11229 complete and 0 interrupted iterations
gradual_ramp   [  56% ] 11/12 VUs  06m46.8s/12m00.0s

running (07m16.0s), 11/12 VUs, 11270 complete and 0 interrupted iterations
gradual_ramp   [  57% ] 11/12 VUs  06m47.8s/12m00.0s

running (07m17.0s), 11/12 VUs, 11331 complete and 0 interrupted iterations
gradual_ramp   [  57% ] 11/12 VUs  06m48.8s/12m00.0s

running (07m18.0s), 11/12 VUs, 11392 complete and 0 interrupted iterations
gradual_ramp   [  57% ] 11/12 VUs  06m49.8s/12m00.0s

running (07m19.0s), 11/12 VUs, 11435 complete and 0 interrupted iterations
gradual_ramp   [  57% ] 11/12 VUs  06m50.8s/12m00.0s

running (07m20.0s), 11/12 VUs, 11471 complete and 0 interrupted iterations
gradual_ramp   [  57% ] 11/12 VUs  06m51.8s/12m00.0s

running (07m21.0s), 11/12 VUs, 11513 complete and 0 interrupted iterations
gradual_ramp   [  57% ] 11/12 VUs  06m52.8s/12m00.0s

running (07m22.0s), 11/12 VUs, 11559 complete and 0 interrupted iterations
gradual_ramp   [  57% ] 11/12 VUs  06m53.8s/12m00.0s

running (07m23.0s), 11/12 VUs, 11622 complete and 0 interrupted iterations
gradual_ramp   [  58% ] 11/12 VUs  06m54.8s/12m00.0s

running (07m24.0s), 11/12 VUs, 11642 complete and 0 interrupted iterations
gradual_ramp   [  58% ] 11/12 VUs  06m55.8s/12m00.0s

running (07m25.0s), 11/12 VUs, 11698 complete and 0 interrupted iterations
gradual_ramp   [  58% ] 11/12 VUs  06m56.8s/12m00.0s

running (07m26.0s), 11/12 VUs, 11743 complete and 0 interrupted iterations
gradual_ramp   [  58% ] 11/12 VUs  06m57.8s/12m00.0s

running (07m27.0s), 11/12 VUs, 11782 complete and 0 interrupted iterations
gradual_ramp   [  58% ] 11/12 VUs  06m58.8s/12m00.0s

running (07m28.0s), 11/12 VUs, 11805 complete and 0 interrupted iterations
gradual_ramp   [  58% ] 11/12 VUs  06m59.8s/12m00.0s

running (07m29.0s), 12/12 VUs, 11857 complete and 0 interrupted iterations
gradual_ramp   [  58% ] 12/12 VUs  07m00.8s/12m00.0s

running (07m30.0s), 12/12 VUs, 11941 complete and 0 interrupted iterations
gradual_ramp   [  59% ] 12/12 VUs  07m01.8s/12m00.0s

running (07m31.0s), 12/12 VUs, 12000 complete and 0 interrupted iterations
gradual_ramp   [  59% ] 12/12 VUs  07m02.8s/12m00.0s

running (07m32.0s), 12/12 VUs, 12050 complete and 0 interrupted iterations
gradual_ramp   [  59% ] 12/12 VUs  07m03.8s/12m00.0s

running (07m33.0s), 12/12 VUs, 12088 complete and 0 interrupted iterations
gradual_ramp   [  59% ] 12/12 VUs  07m04.8s/12m00.0s

running (07m34.0s), 12/12 VUs, 12137 complete and 0 interrupted iterations
gradual_ramp   [  59% ] 12/12 VUs  07m05.8s/12m00.0s

running (07m35.0s), 12/12 VUs, 12186 complete and 0 interrupted iterations
gradual_ramp   [  59% ] 12/12 VUs  07m06.8s/12m00.0s

running (07m36.0s), 12/12 VUs, 12195 complete and 0 interrupted iterations
gradual_ramp   [  59% ] 12/12 VUs  07m07.8s/12m00.0s

running (07m37.0s), 12/12 VUs, 12204 complete and 0 interrupted iterations
gradual_ramp   [  60% ] 12/12 VUs  07m08.8s/12m00.0s

running (07m38.0s), 12/12 VUs, 12283 complete and 0 interrupted iterations
gradual_ramp   [  60% ] 12/12 VUs  07m09.8s/12m00.0s

running (07m39.0s), 12/12 VUs, 12311 complete and 0 interrupted iterations
gradual_ramp   [  60% ] 12/12 VUs  07m10.8s/12m00.0s

running (07m40.0s), 12/12 VUs, 12331 complete and 0 interrupted iterations
gradual_ramp   [  60% ] 12/12 VUs  07m11.8s/12m00.0s

running (07m41.0s), 12/12 VUs, 12360 complete and 0 interrupted iterations
gradual_ramp   [  60% ] 12/12 VUs  07m12.8s/12m00.0s

running (07m42.0s), 12/12 VUs, 12414 complete and 0 interrupted iterations
gradual_ramp   [  60% ] 12/12 VUs  07m13.8s/12m00.0s

running (07m43.0s), 12/12 VUs, 12447 complete and 0 interrupted iterations
gradual_ramp   [  60% ] 12/12 VUs  07m14.8s/12m00.0s

running (07m44.0s), 12/12 VUs, 12497 complete and 0 interrupted iterations
gradual_ramp   [  61% ] 12/12 VUs  07m15.8s/12m00.0s

running (07m45.0s), 12/12 VUs, 12554 complete and 0 interrupted iterations
gradual_ramp   [  61% ] 12/12 VUs  07m16.8s/12m00.0s

running (07m46.0s), 12/12 VUs, 12617 complete and 0 interrupted iterations
gradual_ramp   [  61% ] 12/12 VUs  07m17.8s/12m00.0s

running (07m47.0s), 12/12 VUs, 12670 complete and 0 interrupted iterations
gradual_ramp   [  61% ] 12/12 VUs  07m18.8s/12m00.0s

running (07m48.0s), 12/12 VUs, 12696 complete and 0 interrupted iterations
gradual_ramp   [  61% ] 12/12 VUs  07m19.8s/12m00.0s

running (07m49.0s), 12/12 VUs, 12725 complete and 0 interrupted iterations
gradual_ramp   [  61% ] 12/12 VUs  07m20.8s/12m00.0s

running (07m50.0s), 12/12 VUs, 12808 complete and 0 interrupted iterations
gradual_ramp   [  61% ] 12/12 VUs  07m21.8s/12m00.0s

running (07m51.0s), 12/12 VUs, 12867 complete and 0 interrupted iterations
gradual_ramp   [  61% ] 12/12 VUs  07m22.8s/12m00.0s

running (07m52.0s), 12/12 VUs, 12923 complete and 0 interrupted iterations
gradual_ramp   [  62% ] 12/12 VUs  07m23.8s/12m00.0s

running (07m53.0s), 12/12 VUs, 12971 complete and 0 interrupted iterations
gradual_ramp   [  62% ] 12/12 VUs  07m24.8s/12m00.0s

running (07m54.0s), 12/12 VUs, 13050 complete and 0 interrupted iterations
gradual_ramp   [  62% ] 12/12 VUs  07m25.8s/12m00.0s

running (07m55.0s), 12/12 VUs, 13110 complete and 0 interrupted iterations
gradual_ramp   [  62% ] 12/12 VUs  07m26.8s/12m00.0s

running (07m56.0s), 12/12 VUs, 13155 complete and 0 interrupted iterations
gradual_ramp   [  62% ] 12/12 VUs  07m27.8s/12m00.0s

running (07m57.0s), 12/12 VUs, 13209 complete and 0 interrupted iterations
gradual_ramp   [  62% ] 12/12 VUs  07m28.8s/12m00.0s

running (07m58.0s), 12/12 VUs, 13287 complete and 0 interrupted iterations
gradual_ramp   [  62% ] 12/12 VUs  07m29.8s/12m00.0s

running (07m59.0s), 12/12 VUs, 13361 complete and 0 interrupted iterations
gradual_ramp   [  63% ] 12/12 VUs  07m30.8s/12m00.0s

running (08m00.0s), 12/12 VUs, 13412 complete and 0 interrupted iterations
gradual_ramp   [  63% ] 12/12 VUs  07m31.8s/12m00.0s

running (08m01.0s), 12/12 VUs, 13457 complete and 0 interrupted iterations
gradual_ramp   [  63% ] 12/12 VUs  07m32.8s/12m00.0s

running (08m02.0s), 12/12 VUs, 13528 complete and 0 interrupted iterations
gradual_ramp   [  63% ] 12/12 VUs  07m33.8s/12m00.0s

running (08m03.0s), 12/12 VUs, 13561 complete and 0 interrupted iterations
gradual_ramp   [  63% ] 12/12 VUs  07m34.8s/12m00.0s

running (08m04.0s), 12/12 VUs, 13616 complete and 0 interrupted iterations
gradual_ramp   [  63% ] 12/12 VUs  07m35.8s/12m00.0s

running (08m05.0s), 12/12 VUs, 13653 complete and 0 interrupted iterations
gradual_ramp   [  63% ] 12/12 VUs  07m36.8s/12m00.0s

running (08m06.0s), 12/12 VUs, 13695 complete and 0 interrupted iterations
gradual_ramp   [  64% ] 12/12 VUs  07m37.8s/12m00.0s

running (08m07.0s), 12/12 VUs, 13731 complete and 0 interrupted iterations
gradual_ramp   [  64% ] 12/12 VUs  07m38.8s/12m00.0s

running (08m08.0s), 12/12 VUs, 13768 complete and 0 interrupted iterations
gradual_ramp   [  64% ] 12/12 VUs  07m39.8s/12m00.0s

running (08m09.0s), 12/12 VUs, 13800 complete and 0 interrupted iterations
gradual_ramp   [  64% ] 12/12 VUs  07m40.8s/12m00.0s

running (08m10.0s), 12/12 VUs, 13851 complete and 0 interrupted iterations
gradual_ramp   [  64% ] 12/12 VUs  07m41.8s/12m00.0s

running (08m11.0s), 12/12 VUs, 13918 complete and 0 interrupted iterations
gradual_ramp   [  64% ] 12/12 VUs  07m42.8s/12m00.0s

running (08m12.0s), 12/12 VUs, 13970 complete and 0 interrupted iterations
gradual_ramp   [  64% ] 12/12 VUs  07m43.8s/12m00.0s

running (08m13.0s), 12/12 VUs, 14031 complete and 0 interrupted iterations
gradual_ramp   [  65% ] 12/12 VUs  07m44.8s/12m00.0s

running (08m14.0s), 12/12 VUs, 14065 complete and 0 interrupted iterations
gradual_ramp   [  65% ] 12/12 VUs  07m45.8s/12m00.0s

running (08m15.0s), 12/12 VUs, 14136 complete and 0 interrupted iterations
gradual_ramp   [  65% ] 12/12 VUs  07m46.8s/12m00.0s

running (08m16.0s), 12/12 VUs, 14195 complete and 0 interrupted iterations
gradual_ramp   [  65% ] 12/12 VUs  07m47.8s/12m00.0s

running (08m17.0s), 12/12 VUs, 14243 complete and 0 interrupted iterations
gradual_ramp   [  65% ] 12/12 VUs  07m48.8s/12m00.0s

running (08m18.0s), 12/12 VUs, 14271 complete and 0 interrupted iterations
gradual_ramp   [  65% ] 12/12 VUs  07m49.8s/12m00.0s

running (08m19.0s), 12/12 VUs, 14305 complete and 0 interrupted iterations
gradual_ramp   [  65% ] 12/12 VUs  07m50.8s/12m00.0s

running (08m20.0s), 12/12 VUs, 14363 complete and 0 interrupted iterations
gradual_ramp   [  66% ] 12/12 VUs  07m51.8s/12m00.0s

running (08m21.0s), 12/12 VUs, 14427 complete and 0 interrupted iterations
gradual_ramp   [  66% ] 12/12 VUs  07m52.8s/12m00.0s

running (08m22.0s), 12/12 VUs, 14483 complete and 0 interrupted iterations
gradual_ramp   [  66% ] 12/12 VUs  07m53.8s/12m00.0s

running (08m23.0s), 12/12 VUs, 14551 complete and 0 interrupted iterations
gradual_ramp   [  66% ] 12/12 VUs  07m54.8s/12m00.0s

running (08m24.0s), 12/12 VUs, 14590 complete and 0 interrupted iterations
gradual_ramp   [  66% ] 12/12 VUs  07m55.8s/12m00.0s

running (08m25.0s), 12/12 VUs, 14604 complete and 0 interrupted iterations
gradual_ramp   [  66% ] 12/12 VUs  07m56.8s/12m00.0s

running (08m26.0s), 12/12 VUs, 14670 complete and 0 interrupted iterations
gradual_ramp   [  66% ] 12/12 VUs  07m57.8s/12m00.0s

running (08m27.0s), 12/12 VUs, 14719 complete and 0 interrupted iterations
gradual_ramp   [  66% ] 12/12 VUs  07m58.8s/12m00.0s

running (08m28.0s), 12/12 VUs, 14764 complete and 0 interrupted iterations
gradual_ramp   [  67% ] 12/12 VUs  07m59.8s/12m00.0s

running (08m29.0s), 12/12 VUs, 14797 complete and 0 interrupted iterations
gradual_ramp   [  67% ] 12/12 VUs  08m00.8s/12m00.0s

running (08m30.0s), 12/12 VUs, 14848 complete and 0 interrupted iterations
gradual_ramp   [  67% ] 12/12 VUs  08m01.8s/12m00.0s

running (08m31.0s), 12/12 VUs, 14887 complete and 0 interrupted iterations
gradual_ramp   [  67% ] 12/12 VUs  08m02.8s/12m00.0s

running (08m32.0s), 12/12 VUs, 14924 complete and 0 interrupted iterations
gradual_ramp   [  67% ] 12/12 VUs  08m03.8s/12m00.0s

running (08m33.0s), 12/12 VUs, 14942 complete and 0 interrupted iterations
gradual_ramp   [  67% ] 12/12 VUs  08m04.8s/12m00.0s

running (08m34.0s), 12/12 VUs, 14997 complete and 0 interrupted iterations
gradual_ramp   [  67% ] 12/12 VUs  08m05.8s/12m00.0s

running (08m35.0s), 12/12 VUs, 15037 complete and 0 interrupted iterations
gradual_ramp   [  68% ] 12/12 VUs  08m06.8s/12m00.0s

running (08m36.0s), 12/12 VUs, 15092 complete and 0 interrupted iterations
gradual_ramp   [  68% ] 12/12 VUs  08m07.8s/12m00.0s

running (08m37.0s), 12/12 VUs, 15159 complete and 0 interrupted iterations
gradual_ramp   [  68% ] 12/12 VUs  08m08.8s/12m00.0s

running (08m38.0s), 12/12 VUs, 15225 complete and 0 interrupted iterations
gradual_ramp   [  68% ] 12/12 VUs  08m09.8s/12m00.0s

running (08m39.0s), 12/12 VUs, 15299 complete and 0 interrupted iterations
gradual_ramp   [  68% ] 12/12 VUs  08m10.8s/12m00.0s

running (08m40.0s), 12/12 VUs, 15343 complete and 0 interrupted iterations
gradual_ramp   [  68% ] 12/12 VUs  08m11.8s/12m00.0s

running (08m41.0s), 12/12 VUs, 15383 complete and 0 interrupted iterations
gradual_ramp   [  68% ] 12/12 VUs  08m12.8s/12m00.0s

running (08m42.0s), 12/12 VUs, 15423 complete and 0 interrupted iterations
gradual_ramp   [  69% ] 12/12 VUs  08m13.8s/12m00.0s

running (08m43.0s), 12/12 VUs, 15451 complete and 0 interrupted iterations
gradual_ramp   [  69% ] 12/12 VUs  08m14.8s/12m00.0s

running (08m44.0s), 12/12 VUs, 15469 complete and 0 interrupted iterations
gradual_ramp   [  69% ] 12/12 VUs  08m15.8s/12m00.0s

running (08m45.0s), 12/12 VUs, 15524 complete and 0 interrupted iterations
gradual_ramp   [  69% ] 12/12 VUs  08m16.8s/12m00.0s

running (08m46.0s), 12/12 VUs, 15565 complete and 0 interrupted iterations
gradual_ramp   [  69% ] 12/12 VUs  08m17.8s/12m00.0s

running (08m47.0s), 12/12 VUs, 15618 complete and 0 interrupted iterations
gradual_ramp   [  69% ] 12/12 VUs  08m18.8s/12m00.0s

running (08m48.0s), 12/12 VUs, 15665 complete and 0 interrupted iterations
gradual_ramp   [  69% ] 12/12 VUs  08m19.8s/12m00.0s

running (08m49.0s), 12/12 VUs, 15705 complete and 0 interrupted iterations
gradual_ramp   [  70% ] 12/12 VUs  08m20.8s/12m00.0s

running (08m50.0s), 12/12 VUs, 15743 complete and 0 interrupted iterations
gradual_ramp   [  70% ] 12/12 VUs  08m21.8s/12m00.0s

running (08m51.0s), 12/12 VUs, 15788 complete and 0 interrupted iterations
gradual_ramp   [  70% ] 12/12 VUs  08m22.8s/12m00.0s

running (08m52.0s), 12/12 VUs, 15850 complete and 0 interrupted iterations
gradual_ramp   [  70% ] 12/12 VUs  08m23.8s/12m00.0s

running (08m53.0s), 12/12 VUs, 15903 complete and 0 interrupted iterations
gradual_ramp   [  70% ] 12/12 VUs  08m24.8s/12m00.0s

running (08m54.0s), 12/12 VUs, 15942 complete and 0 interrupted iterations
gradual_ramp   [  70% ] 12/12 VUs  08m25.8s/12m00.0s

running (08m55.0s), 12/12 VUs, 15980 complete and 0 interrupted iterations
gradual_ramp   [  70% ] 12/12 VUs  08m26.8s/12m00.0s

running (08m56.0s), 12/12 VUs, 16022 complete and 0 interrupted iterations
gradual_ramp   [  71% ] 12/12 VUs  08m27.8s/12m00.0s

running (08m57.0s), 12/12 VUs, 16087 complete and 0 interrupted iterations
gradual_ramp   [  71% ] 12/12 VUs  08m28.8s/12m00.0s

running (08m58.0s), 12/12 VUs, 16120 complete and 0 interrupted iterations
gradual_ramp   [  71% ] 12/12 VUs  08m29.8s/12m00.0s

running (08m59.0s), 12/12 VUs, 16167 complete and 0 interrupted iterations
gradual_ramp   [  71% ] 12/12 VUs  08m30.8s/12m00.0s

running (09m00.0s), 12/12 VUs, 16230 complete and 0 interrupted iterations
gradual_ramp   [  71% ] 12/12 VUs  08m31.8s/12m00.0s

running (09m01.0s), 12/12 VUs, 16274 complete and 0 interrupted iterations
gradual_ramp   [  71% ] 12/12 VUs  08m32.8s/12m00.0s

running (09m02.0s), 12/12 VUs, 16319 complete and 0 interrupted iterations
gradual_ramp   [  71% ] 12/12 VUs  08m33.8s/12m00.0s

running (09m03.0s), 12/12 VUs, 16354 complete and 0 interrupted iterations
gradual_ramp   [  71% ] 12/12 VUs  08m34.8s/12m00.0s

running (09m04.0s), 12/12 VUs, 16412 complete and 0 interrupted iterations
gradual_ramp   [  72% ] 12/12 VUs  08m35.8s/12m00.0s

running (09m05.0s), 12/12 VUs, 16504 complete and 0 interrupted iterations
gradual_ramp   [  72% ] 12/12 VUs  08m36.8s/12m00.0s

running (09m06.0s), 12/12 VUs, 16585 complete and 0 interrupted iterations
gradual_ramp   [  72% ] 12/12 VUs  08m37.8s/12m00.0s

running (09m07.0s), 12/12 VUs, 16627 complete and 0 interrupted iterations
gradual_ramp   [  72% ] 12/12 VUs  08m38.8s/12m00.0s

running (09m08.0s), 12/12 VUs, 16666 complete and 0 interrupted iterations
gradual_ramp   [  72% ] 12/12 VUs  08m39.8s/12m00.0s

running (09m09.0s), 12/12 VUs, 16713 complete and 0 interrupted iterations
gradual_ramp   [  72% ] 12/12 VUs  08m40.8s/12m00.0s

running (09m10.0s), 12/12 VUs, 16753 complete and 0 interrupted iterations
gradual_ramp   [  72% ] 12/12 VUs  08m41.8s/12m00.0s

running (09m11.0s), 12/12 VUs, 16788 complete and 0 interrupted iterations
gradual_ramp   [  73% ] 12/12 VUs  08m42.8s/12m00.0s

running (09m12.0s), 12/12 VUs, 16827 complete and 0 interrupted iterations
gradual_ramp   [  73% ] 12/12 VUs  08m43.8s/12m00.0s

running (09m13.0s), 12/12 VUs, 16864 complete and 0 interrupted iterations
gradual_ramp   [  73% ] 12/12 VUs  08m44.8s/12m00.0s

running (09m14.0s), 12/12 VUs, 16911 complete and 0 interrupted iterations
gradual_ramp   [  73% ] 12/12 VUs  08m45.8s/12m00.0s

running (09m15.0s), 12/12 VUs, 16962 complete and 0 interrupted iterations
gradual_ramp   [  73% ] 12/12 VUs  08m46.8s/12m00.0s

running (09m16.0s), 12/12 VUs, 17030 complete and 0 interrupted iterations
gradual_ramp   [  73% ] 12/12 VUs  08m47.8s/12m00.0s

running (09m17.0s), 12/12 VUs, 17078 complete and 0 interrupted iterations
gradual_ramp   [  73% ] 12/12 VUs  08m48.8s/12m00.0s

running (09m18.0s), 12/12 VUs, 17112 complete and 0 interrupted iterations
gradual_ramp   [  74% ] 12/12 VUs  08m49.8s/12m00.0s

running (09m19.0s), 12/12 VUs, 17124 complete and 0 interrupted iterations
gradual_ramp   [  74% ] 12/12 VUs  08m50.8s/12m00.0s

running (09m20.0s), 12/12 VUs, 17172 complete and 0 interrupted iterations
gradual_ramp   [  74% ] 12/12 VUs  08m51.8s/12m00.0s

running (09m21.0s), 12/12 VUs, 17215 complete and 0 interrupted iterations
gradual_ramp   [  74% ] 12/12 VUs  08m52.8s/12m00.0s

running (09m22.0s), 12/12 VUs, 17263 complete and 0 interrupted iterations
gradual_ramp   [  74% ] 12/12 VUs  08m53.8s/12m00.0s

running (09m23.0s), 12/12 VUs, 17322 complete and 0 interrupted iterations
gradual_ramp   [  74% ] 12/12 VUs  08m54.8s/12m00.0s

running (09m24.0s), 12/12 VUs, 17349 complete and 0 interrupted iterations
gradual_ramp   [  74% ] 12/12 VUs  08m55.8s/12m00.0s

running (09m25.0s), 12/12 VUs, 17376 complete and 0 interrupted iterations
gradual_ramp   [  75% ] 12/12 VUs  08m56.8s/12m00.0s

running (09m26.0s), 12/12 VUs, 17432 complete and 0 interrupted iterations
gradual_ramp   [  75% ] 12/12 VUs  08m57.8s/12m00.0s

running (09m27.0s), 12/12 VUs, 17480 complete and 0 interrupted iterations
gradual_ramp   [  75% ] 12/12 VUs  08m58.8s/12m00.0s

running (09m28.0s), 12/12 VUs, 17522 complete and 0 interrupted iterations
gradual_ramp   [  75% ] 12/12 VUs  08m59.8s/12m00.0s

running (09m29.0s), 12/12 VUs, 17587 complete and 0 interrupted iterations
gradual_ramp   [  75% ] 12/12 VUs  09m00.8s/12m00.0s

running (09m30.0s), 12/12 VUs, 17649 complete and 0 interrupted iterations
gradual_ramp   [  75% ] 12/12 VUs  09m01.8s/12m00.0s

running (09m31.0s), 12/12 VUs, 17711 complete and 0 interrupted iterations
gradual_ramp   [  75% ] 12/12 VUs  09m02.8s/12m00.0s

running (09m32.0s), 12/12 VUs, 17746 complete and 0 interrupted iterations
gradual_ramp   [  76% ] 12/12 VUs  09m03.8s/12m00.0s

running (09m33.0s), 12/12 VUs, 17775 complete and 0 interrupted iterations
gradual_ramp   [  76% ] 12/12 VUs  09m04.8s/12m00.0s

running (09m34.0s), 12/12 VUs, 17825 complete and 0 interrupted iterations
gradual_ramp   [  76% ] 12/12 VUs  09m05.8s/12m00.0s

running (09m35.0s), 12/12 VUs, 17835 complete and 0 interrupted iterations
gradual_ramp   [  76% ] 12/12 VUs  09m06.8s/12m00.0s

running (09m36.0s), 12/12 VUs, 17871 complete and 0 interrupted iterations
gradual_ramp   [  76% ] 12/12 VUs  09m07.8s/12m00.0s

running (09m37.0s), 12/12 VUs, 17922 complete and 0 interrupted iterations
gradual_ramp   [  76% ] 12/12 VUs  09m08.8s/12m00.0s

running (09m38.0s), 12/12 VUs, 17953 complete and 0 interrupted iterations
gradual_ramp   [  76% ] 12/12 VUs  09m09.8s/12m00.0s

running (09m39.0s), 12/12 VUs, 17971 complete and 0 interrupted iterations
gradual_ramp   [  76% ] 12/12 VUs  09m10.8s/12m00.0s

running (09m40.0s), 12/12 VUs, 18006 complete and 0 interrupted iterations
gradual_ramp   [  77% ] 12/12 VUs  09m11.8s/12m00.0s

running (09m41.0s), 12/12 VUs, 18044 complete and 0 interrupted iterations
gradual_ramp   [  77% ] 12/12 VUs  09m12.8s/12m00.0s

running (09m42.0s), 12/12 VUs, 18096 complete and 0 interrupted iterations
gradual_ramp   [  77% ] 12/12 VUs  09m13.8s/12m00.0s

running (09m43.0s), 12/12 VUs, 18139 complete and 0 interrupted iterations
gradual_ramp   [  77% ] 12/12 VUs  09m14.8s/12m00.0s

running (09m44.0s), 11/12 VUs, 18192 complete and 0 interrupted iterations
gradual_ramp   [  77% ] 11/12 VUs  09m15.8s/12m00.0s

running (09m45.0s), 11/12 VUs, 18240 complete and 0 interrupted iterations
gradual_ramp   [  77% ] 11/12 VUs  09m16.8s/12m00.0s

running (09m46.0s), 11/12 VUs, 18251 complete and 0 interrupted iterations
gradual_ramp   [  77% ] 11/12 VUs  09m17.8s/12m00.0s

running (09m47.0s), 11/12 VUs, 18290 complete and 0 interrupted iterations
gradual_ramp   [  78% ] 11/12 VUs  09m18.8s/12m00.0s

running (09m48.0s), 11/12 VUs, 18367 complete and 0 interrupted iterations
gradual_ramp   [  78% ] 11/12 VUs  09m19.8s/12m00.0s

running (09m49.0s), 11/12 VUs, 18417 complete and 0 interrupted iterations
gradual_ramp   [  78% ] 11/12 VUs  09m20.8s/12m00.0s

running (09m50.0s), 11/12 VUs, 18460 complete and 0 interrupted iterations
gradual_ramp   [  78% ] 11/12 VUs  09m21.8s/12m00.0s

running (09m51.0s), 11/12 VUs, 18522 complete and 0 interrupted iterations
gradual_ramp   [  78% ] 11/12 VUs  09m22.8s/12m00.0s

running (09m52.0s), 11/12 VUs, 18569 complete and 0 interrupted iterations
gradual_ramp   [  78% ] 11/12 VUs  09m23.8s/12m00.0s

running (09m53.0s), 11/12 VUs, 18596 complete and 0 interrupted iterations
gradual_ramp   [  78% ] 11/12 VUs  09m24.8s/12m00.0s

running (09m54.0s), 11/12 VUs, 18646 complete and 0 interrupted iterations
gradual_ramp   [  79% ] 11/12 VUs  09m25.8s/12m00.0s

running (09m55.0s), 11/12 VUs, 18726 complete and 0 interrupted iterations
gradual_ramp   [  79% ] 11/12 VUs  09m26.8s/12m00.0s

running (09m56.0s), 11/12 VUs, 18768 complete and 0 interrupted iterations
gradual_ramp   [  79% ] 11/12 VUs  09m27.8s/12m00.0s

running (09m57.0s), 11/12 VUs, 18811 complete and 0 interrupted iterations
gradual_ramp   [  79% ] 11/12 VUs  09m28.8s/12m00.0s

running (09m58.0s), 11/12 VUs, 18848 complete and 0 interrupted iterations
gradual_ramp   [  79% ] 11/12 VUs  09m29.8s/12m00.0s

running (09m59.0s), 11/12 VUs, 18883 complete and 0 interrupted iterations
gradual_ramp   [  79% ] 11/12 VUs  09m30.8s/12m00.0s

running (10m00.0s), 10/12 VUs, 18929 complete and 0 interrupted iterations
gradual_ramp   [  79% ] 10/12 VUs  09m31.8s/12m00.0s

running (10m01.0s), 10/12 VUs, 18946 complete and 0 interrupted iterations
gradual_ramp   [  80% ] 10/12 VUs  09m32.8s/12m00.0s

running (10m02.0s), 10/12 VUs, 19003 complete and 0 interrupted iterations
gradual_ramp   [  80% ] 10/12 VUs  09m33.8s/12m00.0s

running (10m03.0s), 10/12 VUs, 19045 complete and 0 interrupted iterations
gradual_ramp   [  80% ] 10/12 VUs  09m34.8s/12m00.0s

running (10m04.0s), 10/12 VUs, 19088 complete and 0 interrupted iterations
gradual_ramp   [  80% ] 10/12 VUs  09m35.8s/12m00.0s

running (10m05.0s), 10/12 VUs, 19131 complete and 0 interrupted iterations
gradual_ramp   [  80% ] 10/12 VUs  09m36.8s/12m00.0s

running (10m06.0s), 10/12 VUs, 19168 complete and 0 interrupted iterations
gradual_ramp   [  80% ] 10/12 VUs  09m37.8s/12m00.0s

running (10m07.0s), 10/12 VUs, 19199 complete and 0 interrupted iterations
gradual_ramp   [  80% ] 10/12 VUs  09m38.8s/12m00.0s

running (10m08.0s), 10/12 VUs, 19235 complete and 0 interrupted iterations
gradual_ramp   [  81% ] 10/12 VUs  09m39.8s/12m00.0s

running (10m09.0s), 10/12 VUs, 19304 complete and 0 interrupted iterations
gradual_ramp   [  81% ] 10/12 VUs  09m40.8s/12m00.0s

running (10m10.0s), 10/12 VUs, 19381 complete and 0 interrupted iterations
gradual_ramp   [  81% ] 10/12 VUs  09m41.8s/12m00.0s

running (10m11.0s), 10/12 VUs, 19428 complete and 0 interrupted iterations
gradual_ramp   [  81% ] 10/12 VUs  09m42.8s/12m00.0s

running (10m12.0s), 10/12 VUs, 19447 complete and 0 interrupted iterations
gradual_ramp   [  81% ] 10/12 VUs  09m43.8s/12m00.0s

running (10m13.0s), 10/12 VUs, 19496 complete and 0 interrupted iterations
gradual_ramp   [  81% ] 10/12 VUs  09m44.8s/12m00.0s

running (10m14.0s), 09/12 VUs, 19532 complete and 0 interrupted iterations
gradual_ramp   [  81% ] 09/12 VUs  09m45.8s/12m00.0s

running (10m15.0s), 09/12 VUs, 19560 complete and 0 interrupted iterations
gradual_ramp   [  81% ] 09/12 VUs  09m46.8s/12m00.0s

running (10m16.0s), 09/12 VUs, 19598 complete and 0 interrupted iterations
gradual_ramp   [  82% ] 09/12 VUs  09m47.8s/12m00.0s

running (10m17.0s), 09/12 VUs, 19641 complete and 0 interrupted iterations
gradual_ramp   [  82% ] 09/12 VUs  09m48.8s/12m00.0s

running (10m18.0s), 09/12 VUs, 19676 complete and 0 interrupted iterations
gradual_ramp   [  82% ] 09/12 VUs  09m49.8s/12m00.0s

running (10m19.0s), 09/12 VUs, 19728 complete and 0 interrupted iterations
gradual_ramp   [  82% ] 09/12 VUs  09m50.8s/12m00.0s

running (10m20.0s), 09/12 VUs, 19774 complete and 0 interrupted iterations
gradual_ramp   [  82% ] 09/12 VUs  09m51.8s/12m00.0s

running (10m21.0s), 09/12 VUs, 19805 complete and 0 interrupted iterations
gradual_ramp   [  82% ] 09/12 VUs  09m52.8s/12m00.0s

running (10m22.0s), 09/12 VUs, 19833 complete and 0 interrupted iterations
gradual_ramp   [  82% ] 09/12 VUs  09m53.8s/12m00.0s

running (10m23.0s), 09/12 VUs, 19898 complete and 0 interrupted iterations
gradual_ramp   [  83% ] 09/12 VUs  09m54.8s/12m00.0s

running (10m24.0s), 09/12 VUs, 19958 complete and 0 interrupted iterations
gradual_ramp   [  83% ] 09/12 VUs  09m55.8s/12m00.0s

running (10m25.0s), 09/12 VUs, 20010 complete and 0 interrupted iterations
gradual_ramp   [  83% ] 09/12 VUs  09m56.8s/12m00.0s

running (10m26.0s), 09/12 VUs, 20050 complete and 0 interrupted iterations
gradual_ramp   [  83% ] 09/12 VUs  09m57.8s/12m00.0s

running (10m27.0s), 09/12 VUs, 20095 complete and 0 interrupted iterations
gradual_ramp   [  83% ] 09/12 VUs  09m58.8s/12m00.0s

running (10m28.0s), 09/12 VUs, 20127 complete and 0 interrupted iterations
gradual_ramp   [  83% ] 09/12 VUs  09m59.8s/12m00.0s

running (10m29.0s), 08/12 VUs, 20169 complete and 0 interrupted iterations
gradual_ramp   [  83% ] 08/12 VUs  10m00.8s/12m00.0s

running (10m30.0s), 08/12 VUs, 20200 complete and 0 interrupted iterations
gradual_ramp   [  84% ] 08/12 VUs  10m01.8s/12m00.0s

running (10m31.0s), 08/12 VUs, 20236 complete and 0 interrupted iterations
gradual_ramp   [  84% ] 08/12 VUs  10m02.8s/12m00.0s

running (10m32.0s), 08/12 VUs, 20329 complete and 0 interrupted iterations
gradual_ramp   [  84% ] 08/12 VUs  10m03.8s/12m00.0s

running (10m33.0s), 08/12 VUs, 20371 complete and 0 interrupted iterations
gradual_ramp   [  84% ] 08/12 VUs  10m04.8s/12m00.0s

running (10m34.0s), 08/12 VUs, 20432 complete and 0 interrupted iterations
gradual_ramp   [  84% ] 08/12 VUs  10m05.8s/12m00.0s

running (10m35.0s), 08/12 VUs, 20464 complete and 0 interrupted iterations
gradual_ramp   [  84% ] 08/12 VUs  10m06.8s/12m00.0s

running (10m36.0s), 08/12 VUs, 20478 complete and 0 interrupted iterations
gradual_ramp   [  84% ] 08/12 VUs  10m07.8s/12m00.0s

running (10m37.0s), 08/12 VUs, 20534 complete and 0 interrupted iterations
gradual_ramp   [  85% ] 08/12 VUs  10m08.8s/12m00.0s

running (10m38.0s), 08/12 VUs, 20656 complete and 0 interrupted iterations
gradual_ramp   [  85% ] 08/12 VUs  10m09.8s/12m00.0s

running (10m39.0s), 08/12 VUs, 20701 complete and 0 interrupted iterations
gradual_ramp   [  85% ] 08/12 VUs  10m10.8s/12m00.0s

running (10m40.0s), 08/12 VUs, 20748 complete and 0 interrupted iterations
gradual_ramp   [  85% ] 08/12 VUs  10m11.8s/12m00.0s

running (10m41.0s), 08/12 VUs, 20819 complete and 0 interrupted iterations
gradual_ramp   [  85% ] 08/12 VUs  10m12.8s/12m00.0s

running (10m42.0s), 08/12 VUs, 20841 complete and 0 interrupted iterations
gradual_ramp   [  85% ] 08/12 VUs  10m13.8s/12m00.0s

running (10m43.0s), 08/12 VUs, 20897 complete and 0 interrupted iterations
gradual_ramp   [  85% ] 08/12 VUs  10m14.8s/12m00.0s

running (10m44.0s), 07/12 VUs, 20958 complete and 0 interrupted iterations
gradual_ramp   [  86% ] 07/12 VUs  10m15.8s/12m00.0s

running (10m45.0s), 07/12 VUs, 20980 complete and 0 interrupted iterations
gradual_ramp   [  86% ] 07/12 VUs  10m16.8s/12m00.0s

running (10m46.0s), 07/12 VUs, 21022 complete and 0 interrupted iterations
gradual_ramp   [  86% ] 07/12 VUs  10m17.8s/12m00.0s

running (10m47.0s), 07/12 VUs, 21044 complete and 0 interrupted iterations
gradual_ramp   [  86% ] 07/12 VUs  10m18.8s/12m00.0s

running (10m48.0s), 07/12 VUs, 21089 complete and 0 interrupted iterations
gradual_ramp   [  86% ] 07/12 VUs  10m19.8s/12m00.0s

running (10m49.0s), 07/12 VUs, 21139 complete and 0 interrupted iterations
gradual_ramp   [  86% ] 07/12 VUs  10m20.8s/12m00.0s

running (10m50.0s), 07/12 VUs, 21161 complete and 0 interrupted iterations
gradual_ramp   [  86% ] 07/12 VUs  10m21.8s/12m00.0s

running (10m51.0s), 07/12 VUs, 21184 complete and 0 interrupted iterations
gradual_ramp   [  86% ] 07/12 VUs  10m22.8s/12m00.0s

running (10m52.0s), 07/12 VUs, 21232 complete and 0 interrupted iterations
gradual_ramp   [  87% ] 07/12 VUs  10m23.8s/12m00.0s

running (10m53.0s), 07/12 VUs, 21259 complete and 0 interrupted iterations
gradual_ramp   [  87% ] 07/12 VUs  10m24.8s/12m00.0s

running (10m54.0s), 07/12 VUs, 21299 complete and 0 interrupted iterations
gradual_ramp   [  87% ] 07/12 VUs  10m25.8s/12m00.0s

running (10m55.0s), 07/12 VUs, 21333 complete and 0 interrupted iterations
gradual_ramp   [  87% ] 07/12 VUs  10m26.8s/12m00.0s

running (10m56.0s), 07/12 VUs, 21382 complete and 0 interrupted iterations
gradual_ramp   [  87% ] 07/12 VUs  10m27.8s/12m00.0s

running (10m57.0s), 07/12 VUs, 21409 complete and 0 interrupted iterations
gradual_ramp   [  87% ] 07/12 VUs  10m28.8s/12m00.0s

running (10m58.0s), 07/12 VUs, 21457 complete and 0 interrupted iterations
gradual_ramp   [  87% ] 07/12 VUs  10m29.8s/12m00.0s

running (10m59.0s), 07/12 VUs, 21498 complete and 0 interrupted iterations
gradual_ramp   [  88% ] 07/12 VUs  10m30.8s/12m00.0s

running (11m00.0s), 06/12 VUs, 21530 complete and 0 interrupted iterations
gradual_ramp   [  88% ] 06/12 VUs  10m31.8s/12m00.0s

running (11m01.0s), 06/12 VUs, 21555 complete and 0 interrupted iterations
gradual_ramp   [  88% ] 06/12 VUs  10m32.8s/12m00.0s

running (11m02.0s), 06/12 VUs, 21586 complete and 0 interrupted iterations
gradual_ramp   [  88% ] 06/12 VUs  10m33.8s/12m00.0s

running (11m03.0s), 06/12 VUs, 21608 complete and 0 interrupted iterations
gradual_ramp   [  88% ] 06/12 VUs  10m34.8s/12m00.0s

running (11m04.0s), 06/12 VUs, 21658 complete and 0 interrupted iterations
gradual_ramp   [  88% ] 06/12 VUs  10m35.8s/12m00.0s

running (11m05.0s), 06/12 VUs, 21710 complete and 0 interrupted iterations
gradual_ramp   [  88% ] 06/12 VUs  10m36.8s/12m00.0s

running (11m06.0s), 06/12 VUs, 21761 complete and 0 interrupted iterations
gradual_ramp   [  89% ] 06/12 VUs  10m37.8s/12m00.0s

running (11m07.0s), 06/12 VUs, 21800 complete and 0 interrupted iterations
gradual_ramp   [  89% ] 06/12 VUs  10m38.8s/12m00.0s

running (11m08.0s), 06/12 VUs, 21844 complete and 0 interrupted iterations
gradual_ramp   [  89% ] 06/12 VUs  10m39.8s/12m00.0s

running (11m09.0s), 06/12 VUs, 21866 complete and 0 interrupted iterations
gradual_ramp   [  89% ] 06/12 VUs  10m40.8s/12m00.0s

running (11m10.0s), 06/12 VUs, 21888 complete and 0 interrupted iterations
gradual_ramp   [  89% ] 06/12 VUs  10m41.8s/12m00.0s

running (11m11.0s), 06/12 VUs, 21970 complete and 0 interrupted iterations
gradual_ramp   [  89% ] 06/12 VUs  10m42.8s/12m00.0s

running (11m12.0s), 06/12 VUs, 22025 complete and 0 interrupted iterations
gradual_ramp   [  89% ] 06/12 VUs  10m43.8s/12m00.0s

running (11m13.0s), 06/12 VUs, 22093 complete and 0 interrupted iterations
gradual_ramp   [  90% ] 06/12 VUs  10m44.8s/12m00.0s

running (11m14.0s), 05/12 VUs, 22113 complete and 0 interrupted iterations
gradual_ramp   [  90% ] 05/12 VUs  10m45.8s/12m00.0s

running (11m15.0s), 05/12 VUs, 22186 complete and 0 interrupted iterations
gradual_ramp   [  90% ] 05/12 VUs  10m46.8s/12m00.0s

running (11m16.0s), 05/12 VUs, 22219 complete and 0 interrupted iterations
gradual_ramp   [  90% ] 05/12 VUs  10m47.8s/12m00.0s

running (11m17.0s), 05/12 VUs, 22248 complete and 0 interrupted iterations
gradual_ramp   [  90% ] 05/12 VUs  10m48.8s/12m00.0s

running (11m18.0s), 05/12 VUs, 22303 complete and 0 interrupted iterations
gradual_ramp   [  90% ] 05/12 VUs  10m49.8s/12m00.0s

running (11m19.0s), 05/12 VUs, 22362 complete and 0 interrupted iterations
gradual_ramp   [  90% ] 05/12 VUs  10m50.8s/12m00.0s

running (11m20.0s), 05/12 VUs, 22404 complete and 0 interrupted iterations
gradual_ramp   [  91% ] 05/12 VUs  10m51.8s/12m00.0s

running (11m21.0s), 05/12 VUs, 22419 complete and 0 interrupted iterations
gradual_ramp   [  91% ] 05/12 VUs  10m52.8s/12m00.0s

running (11m22.0s), 05/12 VUs, 22439 complete and 0 interrupted iterations
gradual_ramp   [  91% ] 05/12 VUs  10m53.8s/12m00.0s

running (11m23.0s), 05/12 VUs, 22479 complete and 0 interrupted iterations
gradual_ramp   [  91% ] 05/12 VUs  10m54.8s/12m00.0s

running (11m24.0s), 05/12 VUs, 22536 complete and 0 interrupted iterations
gradual_ramp   [  91% ] 05/12 VUs  10m55.8s/12m00.0s

running (11m25.0s), 05/12 VUs, 22567 complete and 0 interrupted iterations
gradual_ramp   [  91% ] 05/12 VUs  10m56.8s/12m00.0s

running (11m26.0s), 05/12 VUs, 22605 complete and 0 interrupted iterations
gradual_ramp   [  91% ] 05/12 VUs  10m57.8s/12m00.0s

running (11m27.0s), 05/12 VUs, 22638 complete and 0 interrupted iterations
gradual_ramp   [  91% ] 05/12 VUs  10m58.8s/12m00.0s

running (11m28.0s), 05/12 VUs, 22703 complete and 0 interrupted iterations
gradual_ramp   [  92% ] 05/12 VUs  10m59.8s/12m00.0s

running (11m29.0s), 04/12 VUs, 22733 complete and 0 interrupted iterations
gradual_ramp   [  92% ] 04/12 VUs  11m00.8s/12m00.0s

running (11m30.0s), 04/12 VUs, 22759 complete and 0 interrupted iterations
gradual_ramp   [  92% ] 04/12 VUs  11m01.8s/12m00.0s

running (11m31.0s), 04/12 VUs, 22773 complete and 0 interrupted iterations
gradual_ramp   [  92% ] 04/12 VUs  11m02.8s/12m00.0s

running (11m32.0s), 04/12 VUs, 22813 complete and 0 interrupted iterations
gradual_ramp   [  92% ] 04/12 VUs  11m03.8s/12m00.0s

running (11m33.0s), 04/12 VUs, 22859 complete and 0 interrupted iterations
gradual_ramp   [  92% ] 04/12 VUs  11m04.8s/12m00.0s

running (11m34.0s), 04/12 VUs, 22900 complete and 0 interrupted iterations
gradual_ramp   [  92% ] 04/12 VUs  11m05.8s/12m00.0s

running (11m35.0s), 04/12 VUs, 22925 complete and 0 interrupted iterations
gradual_ramp   [  93% ] 04/12 VUs  11m06.8s/12m00.0s

running (11m36.0s), 04/12 VUs, 22953 complete and 0 interrupted iterations
gradual_ramp   [  93% ] 04/12 VUs  11m07.8s/12m00.0s

running (11m37.0s), 04/12 VUs, 22983 complete and 0 interrupted iterations
gradual_ramp   [  93% ] 04/12 VUs  11m08.8s/12m00.0s

running (11m38.0s), 04/12 VUs, 23018 complete and 0 interrupted iterations
gradual_ramp   [  93% ] 04/12 VUs  11m09.8s/12m00.0s

running (11m39.0s), 04/12 VUs, 23035 complete and 0 interrupted iterations
gradual_ramp   [  93% ] 04/12 VUs  11m10.8s/12m00.0s

running (11m40.0s), 04/12 VUs, 23062 complete and 0 interrupted iterations
gradual_ramp   [  93% ] 04/12 VUs  11m11.8s/12m00.0s

running (11m41.0s), 04/12 VUs, 23084 complete and 0 interrupted iterations
gradual_ramp   [  93% ] 04/12 VUs  11m12.8s/12m00.0s

running (11m42.0s), 04/12 VUs, 23087 complete and 0 interrupted iterations
gradual_ramp   [  94% ] 04/12 VUs  11m13.8s/12m00.0s

running (11m43.0s), 04/12 VUs, 23096 complete and 0 interrupted iterations
gradual_ramp   [  94% ] 04/12 VUs  11m14.8s/12m00.0s

running (11m44.0s), 04/12 VUs, 23124 complete and 0 interrupted iterations
gradual_ramp   [  94% ] 04/12 VUs  11m15.8s/12m00.0s

running (11m45.0s), 03/12 VUs, 23136 complete and 0 interrupted iterations
gradual_ramp   [  94% ] 03/12 VUs  11m16.8s/12m00.0s

running (11m46.0s), 03/12 VUs, 23171 complete and 0 interrupted iterations
gradual_ramp   [  94% ] 03/12 VUs  11m17.8s/12m00.0s

running (11m47.0s), 03/12 VUs, 23201 complete and 0 interrupted iterations
gradual_ramp   [  94% ] 03/12 VUs  11m18.8s/12m00.0s

running (11m48.0s), 03/12 VUs, 23221 complete and 0 interrupted iterations
gradual_ramp   [  94% ] 03/12 VUs  11m19.8s/12m00.0s

running (11m49.0s), 03/12 VUs, 23248 complete and 0 interrupted iterations
gradual_ramp   [  95% ] 03/12 VUs  11m20.8s/12m00.0s

running (11m50.0s), 03/12 VUs, 23263 complete and 0 interrupted iterations
gradual_ramp   [  95% ] 03/12 VUs  11m21.8s/12m00.0s

running (11m51.0s), 03/12 VUs, 23321 complete and 0 interrupted iterations
gradual_ramp   [  95% ] 03/12 VUs  11m22.8s/12m00.0s

running (11m52.0s), 03/12 VUs, 23339 complete and 0 interrupted iterations
gradual_ramp   [  95% ] 03/12 VUs  11m23.8s/12m00.0s

running (11m53.0s), 03/12 VUs, 23362 complete and 0 interrupted iterations
gradual_ramp   [  95% ] 03/12 VUs  11m24.8s/12m00.0s

running (11m54.0s), 03/12 VUs, 23404 complete and 0 interrupted iterations
gradual_ramp   [  95% ] 03/12 VUs  11m25.8s/12m00.0s

running (11m55.0s), 03/12 VUs, 23430 complete and 0 interrupted iterations
gradual_ramp   [  95% ] 03/12 VUs  11m26.8s/12m00.0s

running (11m56.0s), 03/12 VUs, 23444 complete and 0 interrupted iterations
gradual_ramp   [  96% ] 03/12 VUs  11m27.8s/12m00.0s

running (11m57.0s), 03/12 VUs, 23512 complete and 0 interrupted iterations
gradual_ramp   [  96% ] 03/12 VUs  11m28.8s/12m00.0s

running (11m58.0s), 03/12 VUs, 23530 complete and 0 interrupted iterations
gradual_ramp   [  96% ] 03/12 VUs  11m29.8s/12m00.0s

running (11m59.0s), 02/12 VUs, 23554 complete and 0 interrupted iterations
gradual_ramp   [  96% ] 02/12 VUs  11m30.8s/12m00.0s

running (12m00.0s), 02/12 VUs, 23612 complete and 0 interrupted iterations
gradual_ramp   [  96% ] 02/12 VUs  11m31.8s/12m00.0s

running (12m01.0s), 02/12 VUs, 23645 complete and 0 interrupted iterations
gradual_ramp   [  96% ] 02/12 VUs  11m32.8s/12m00.0s

running (12m02.0s), 02/12 VUs, 23665 complete and 0 interrupted iterations
gradual_ramp   [  96% ] 02/12 VUs  11m33.8s/12m00.0s

running (12m03.0s), 02/12 VUs, 23680 complete and 0 interrupted iterations
gradual_ramp   [  96% ] 02/12 VUs  11m34.8s/12m00.0s

running (12m04.0s), 02/12 VUs, 23717 complete and 0 interrupted iterations
gradual_ramp   [  97% ] 02/12 VUs  11m35.8s/12m00.0s

running (12m05.0s), 02/12 VUs, 23740 complete and 0 interrupted iterations
gradual_ramp   [  97% ] 02/12 VUs  11m36.8s/12m00.0s

running (12m06.0s), 02/12 VUs, 23757 complete and 0 interrupted iterations
gradual_ramp   [  97% ] 02/12 VUs  11m37.8s/12m00.0s

running (12m07.0s), 02/12 VUs, 23765 complete and 0 interrupted iterations
gradual_ramp   [  97% ] 02/12 VUs  11m38.8s/12m00.0s

running (12m08.0s), 02/12 VUs, 23790 complete and 0 interrupted iterations
gradual_ramp   [  97% ] 02/12 VUs  11m39.8s/12m00.0s

running (12m09.0s), 02/12 VUs, 23802 complete and 0 interrupted iterations
gradual_ramp   [  97% ] 02/12 VUs  11m40.8s/12m00.0s

running (12m10.0s), 02/12 VUs, 23838 complete and 0 interrupted iterations
gradual_ramp   [  97% ] 02/12 VUs  11m41.8s/12m00.0s

running (12m11.0s), 02/12 VUs, 23858 complete and 0 interrupted iterations
gradual_ramp   [  98% ] 02/12 VUs  11m42.8s/12m00.0s

running (12m12.0s), 02/12 VUs, 23864 complete and 0 interrupted iterations
gradual_ramp   [  98% ] 02/12 VUs  11m43.8s/12m00.0s

running (12m13.0s), 02/12 VUs, 23878 complete and 0 interrupted iterations
gradual_ramp   [  98% ] 02/12 VUs  11m44.8s/12m00.0s

running (12m14.0s), 01/12 VUs, 23902 complete and 0 interrupted iterations
gradual_ramp   [  98% ] 01/12 VUs  11m45.8s/12m00.0s

running (12m15.0s), 01/12 VUs, 23909 complete and 0 interrupted iterations
gradual_ramp   [  98% ] 01/12 VUs  11m46.8s/12m00.0s

running (12m16.0s), 01/12 VUs, 23915 complete and 0 interrupted iterations
gradual_ramp   [  98% ] 01/12 VUs  11m47.8s/12m00.0s

running (12m17.0s), 01/12 VUs, 23935 complete and 0 interrupted iterations
gradual_ramp   [  98% ] 01/12 VUs  11m48.8s/12m00.0s

running (12m18.0s), 01/12 VUs, 23941 complete and 0 interrupted iterations
gradual_ramp   [  99% ] 01/12 VUs  11m49.8s/12m00.0s

running (12m19.0s), 01/12 VUs, 23959 complete and 0 interrupted iterations
gradual_ramp   [  99% ] 01/12 VUs  11m50.8s/12m00.0s

running (12m20.0s), 01/12 VUs, 23964 complete and 0 interrupted iterations
gradual_ramp   [  99% ] 01/12 VUs  11m51.8s/12m00.0s

running (12m21.0s), 01/12 VUs, 23978 complete and 0 interrupted iterations
gradual_ramp   [  99% ] 01/12 VUs  11m52.8s/12m00.0s

running (12m22.0s), 01/12 VUs, 24010 complete and 0 interrupted iterations
gradual_ramp   [  99% ] 01/12 VUs  11m53.8s/12m00.0s

running (12m23.0s), 01/12 VUs, 24024 complete and 0 interrupted iterations
gradual_ramp   [  99% ] 01/12 VUs  11m54.8s/12m00.0s

running (12m24.0s), 01/12 VUs, 24050 complete and 0 interrupted iterations
gradual_ramp   [  99% ] 01/12 VUs  11m55.8s/12m00.0s

running (12m25.0s), 01/12 VUs, 24060 complete and 0 interrupted iterations
gradual_ramp   [ 100% ] 01/12 VUs  11m56.8s/12m00.0s

running (12m26.0s), 01/12 VUs, 24066 complete and 0 interrupted iterations
gradual_ramp   [ 100% ] 01/12 VUs  11m57.8s/12m00.0s

running (12m27.0s), 01/12 VUs, 24070 complete and 0 interrupted iterations
gradual_ramp   [ 100% ] 01/12 VUs  11m58.8s/12m00.0s

running (12m28.0s), 01/12 VUs, 24076 complete and 0 interrupted iterations
gradual_ramp   [ 100% ] 01/12 VUs  11m59.8s/12m00.0s


  █ THRESHOLDS 

    http_req_duration
    ✓ 'p(95)<2000' p(95)=1.18s

    http_req_failed
    ✓ 'rate<0.05' rate=0.00%


  █ TOTAL RESULTS 

    checks_total.......: 72234  96.494388/s
    checks_succeeded...: 97.94% 70750 out of 72234
    checks_failed......: 2.05%  1484 out of 72234

    ✓ me status is 200
    ✓ me returns user data
    ✗ me response time < 500ms
      ↳  99% — ✓ 16715 / ✗ 13
    ✓ login status is 200
    ✓ login returns access token
    ✗ login response time < 1000ms
      ↳  79% — ✓ 5879 / ✗ 1471

    HTTP
    http_req_duration..............: avg=187.76ms min=2.18ms med=12.74ms max=6.15s p(90)=539.92ms p(95)=1.18s
      { expected_response:true }...: avg=187.76ms min=2.18ms med=12.74ms max=6.15s p(90)=539.92ms p(95)=1.18s
    http_req_failed................: 0.00% 0 out of 24198
    http_reqs......................: 24198 32.325099/s

    EXECUTION
    iteration_duration.............: avg=188.41ms min=2.72ms med=13.57ms max=6.15s p(90)=540.11ms p(95)=1.19s
    iterations.....................: 24078 32.164796/s
    vus............................: 1     min=0          max=12
    vus_max........................: 12    min=12         max=12

    NETWORK
    data_received..................: 13 MB 17 kB/s
    data_sent......................: 12 MB 16 kB/s




running (12m28.6s), 00/12 VUs, 24078 complete and 0 interrupted iterations
gradual_ramp ✓ [ 100% ] 00/12 VUs  12m0s
